2019-02-13T15:33:43.234543 Received request from 102.23.55.32 for /example
2006-02-13T15:33:44.726534 Started database query for table users
2019-02-13T15:33:44.038472 Completed database query for table users
2019-02-13T15:33:43.234543 Received request from 102.23.55.32 for /example
2009-02-13T15:33:44.726534 Started database query for table users
2019-02-13T15:33:44.038472 Completed database query for table users
2019-02-13T15:33:43.234543 Received request from 102.23.55.32 for /example
2018-02-13T15:33:44.726534 Started database query for table users
2019-02-13T15:33:44.038472 Completed database query for table users
2019-02-13T15:33:43.234543 Received request from 102.23.55.32 for /example
2012-02-13T15:33:44.726534 Started database query for table users
2019-02-13T15:33:44.038472 Completed database query for table users
2019-02-13T15:33:43.234543 Received request from 102.23.55.32 for /example
2019-02-13T15:33:44.726534 Started database query for table users
2019-02-13T15:33:44.038472 Completed database query for table users
2015-02-13T15:33:43.234543 Received request from 102.23.55.32 for /example
2019-02-13T15:33:44.726534 Started database query for table users
2019-02-13T15:33:44.038472 Completed database query for table users
2019-02-13T15:33:43.234543 Received request from 102.23.55.32 for /example
2019-02-13T15:33:44.726534 Started database query for table users
2019-02-13T15:33:44.038472 Completed database query for table users
2019-02-13T15:33:43.234543 Received request from 102.23.55.32 for /example
2019-02-13T15:33:44.726534 Started database query for table users
2019-02-13T15:33:44.038472 Completed database query for table users
2019-02-13T15:33:43.234543 Received request from 102.23.55.32 for /example
2019-02-13T15:33:44.726534 Started database query for table users
2019-02-13T15:33:44.038472 Completed database query for table users
2019-02-13T15:33:43.234543 Received request from 102.23.55.32 for /example
2019-02-13T15:33:44.726534 Started database query for table users
2019-02-13T15:33:44.038472 Completed database query for table users
2019-02-13T15:33:43.234543 Received request from 102.23.55.32 for /example
2019-02-13T15:33:44.726534 Started database query for table users
2019-02-13T15:33:44.038472 Completed database query for table users
2019-02-13T15:33:43.234543 Received request from 102.23.55.32 for /example
2019-02-13T15:33:44.726534 Started database query for table users
2019-02-13T15:33:44.038472 Completed database query for table users
2019-02-13T15:33:43.234543 Received request from 102.23.55.32 for /example
2019-02-13T15:33:44.726534 Started database query for table users
2019-02-13T15:33:44.038472 Completed database query for table users
2019-02-13T15:33:43.234543 Received request from 102.23.55.32 for /example
2006-02-13T15:33:44.726534 Started database query for table users
2019-02-13T15:33:44.038472 Completed database query for table users
2019-02-13T15:33:43.234543 Received request from 102.23.55.32 for /example
2009-02-13T15:33:44.726534 Started database query for table users
2019-02-13T15:33:44.038472 Completed database query for table users
2019-02-13T15:33:43.234543 Received request from 102.23.55.32 for /example
2018-02-13T15:33:44.726534 Started database query for table users
2019-02-13T15:33:44.038472 Completed database query for table users
2019-02-13T15:33:43.234543 Received request from 102.23.55.32 for /example
2012-02-13T15:33:44.726534 Started database query for table users
2019-02-13T15:33:44.038472 Completed database query for table users
2019-02-13T15:33:43.234543 Received request from 102.23.55.32 for /example
2019-02-13T15:33:44.726534 Started database query for table users
2019-02-13T15:33:44.038472 Completed database query for table users
2015-02-13T15:33:43.234543 Received request from 102.23.55.32 for /example
2019-02-13T15:33:44.726534 Started database query for table users
2019-02-13T15:33:44.038472 Completed database query for table users
2019-02-13T15:33:43.234543 Received request from 102.23.55.32 for /example
2019-02-13T15:33:44.726534 Started database query for table users
2019-02-13T15:33:44.038472 Completed database query for table users
2019-02-13T15:33:43.234543 Received request from 102.23.55.32 for /example
2019-02-13T15:33:44.726534 Started database query for table users
2019-02-13T15:33:44.038472 Completed database query for table users
2019-02-13T15:33:43.234543 Received request from 102.23.55.32 for /example
2019-02-13T15:33:44.726534 Started database query for table users
2019-02-13T15:33:44.038472 Completed database query for table users
2019-02-13T15:33:43.234543 Received request from 102.23.55.32 for /example
2019-02-13T15:33:44.726534 Started database query for table users
2019-02-13T15:33:44.038472 Completed database query for table users
2019-02-13T15:33:43.234543 Received request from 102.23.55.32 for /example
2019-02-13T15:33:44.726534 Started database query for table users
2019-02-13T15:33:44.038472 Completed database query for table users
2019-02-13T15:33:43.234543 Received request from 102.23.55.32 for /example
2019-02-13T15:33:44.726534 Started database query for table users
2019-02-13T15:33:44.038472 Completed database query for table users
2019-02-13T15:33:43.234543 Received request from 102.23.55.32 for /example
2019-02-13T15:33:44.726534 Started database query for table users
2019-02-13T15:33:44.038472 Completed database query for table users
2019-02-13T15:33:43.234543 Received request from 102.23.55.32 for /example
2006-02-13T15:33:44.726534 Started database query for table users
2019-02-13T15:33:44.038472 Completed database query for table users
2019-02-13T15:33:43.234543 Received request from 102.23.55.32 for /example
2009-02-13T15:33:44.726534 Started database query for table users
2019-02-13T15:33:44.038472 Completed database query for table users
2019-02-13T15:33:43.234543 Received request from 102.23.55.32 for /example
2018-02-13T15:33:44.726534 Started database query for table users
2019-02-13T15:33:44.038472 Completed database query for table users
2019-02-13T15:33:43.234543 Received request from 102.23.55.32 for /example
2012-02-13T15:33:44.726534 Started database query for table users
2019-02-13T15:33:44.038472 Completed database query for table users
2019-02-13T15:33:43.234543 Received request from 102.23.55.32 for /example
2019-02-13T15:33:44.726534 Started database query for table users
2019-02-13T15:33:44.038472 Completed database query for table users
2015-02-13T15:33:43.234543 Received request from 102.23.55.32 for /example
2019-02-13T15:33:44.726534 Started database query for table users
2019-02-13T15:33:44.038472 Completed database query for table users
2019-02-13T15:33:43.234543 Received request from 102.23.55.32 for /example
2019-02-13T15:33:44.726534 Started database query for table users
2019-02-13T15:33:44.038472 Completed database query for table users
2019-02-13T15:33:43.234543 Received request from 102.23.55.32 for /example
2019-02-13T15:33:44.726534 Started database query for table users
2019-02-13T15:33:44.038472 Completed database query for table users
2019-02-13T15:33:43.234543 Received request from 102.23.55.32 for /example
2019-02-13T15:33:44.726534 Started database query for table users
2019-02-13T15:33:44.038472 Completed database query for table users
2019-02-13T15:33:43.234543 Received request from 102.23.55.32 for /example
2019-02-13T15:33:44.726534 Started database query for table users
2019-02-13T15:33:44.038472 Completed database query for table users
2019-02-13T15:33:43.234543 Received request from 102.23.55.32 for /example
2019-02-13T15:33:44.726534 Started database query for table users
2019-02-13T15:33:44.038472 Completed database query for table users
2019-02-13T15:33:43.234543 Received request from 102.23.55.32 for /example
2019-02-13T15:33:44.726534 Started database query for table users
2019-02-13T15:33:44.038472 Completed database query for table users
2019-02-13T15:33:43.234543 Received request from 102.23.55.32 for /example
2019-02-13T15:33:44.726534 Started database query for table users
2019-02-13T15:33:44.038472 Completed database query for table users
2019-02-13T15:33:43.234543 Received request from 102.23.55.32 for /example
2006-02-13T15:33:44.726534 Started database query for table users
2019-02-13T15:33:44.038472 Completed database query for table users
2019-02-13T15:33:43.234543 Received request from 102.23.55.32 for /example
2009-02-13T15:33:44.726534 Started database query for table users
2019-02-13T15:33:44.038472 Completed database query for table users
2019-02-13T15:33:43.234543 Received request from 102.23.55.32 for /example
2018-02-13T15:33:44.726534 Started database query for table users
2019-02-13T15:33:44.038472 Completed database query for table users
2019-02-13T15:33:43.234543 Received request from 102.23.55.32 for /example
2012-02-13T15:33:44.726534 Started database query for table users
2019-02-13T15:33:44.038472 Completed database query for table users
2019-02-13T15:33:43.234543 Received request from 102.23.55.32 for /example
2019-02-13T15:33:44.726534 Started database query for table users
2019-02-13T15:33:44.038472 Completed database query for table users
2015-02-13T15:33:43.234543 Received request from 102.23.55.32 for /example
2019-02-13T15:33:44.726534 Started database query for table users
2019-02-13T15:33:44.038472 Completed database query for table users
2019-02-13T15:33:43.234543 Received request from 102.23.55.32 for /example
2019-02-13T15:33:44.726534 Started database query for table users
2019-02-13T15:33:44.038472 Completed database query for table users
2019-02-13T15:33:43.234543 Received request from 102.23.55.32 for /example
2019-02-13T15:33:44.726534 Started database query for table users
2019-02-13T15:33:44.038472 Completed database query for table users
2019-02-13T15:33:43.234543 Received request from 102.23.55.32 for /example
2019-02-13T15:33:44.726534 Started database query for table users
2019-02-13T15:33:44.038472 Completed database query for table users
2019-02-13T15:33:43.234543 Received request from 102.23.55.32 for /example
2019-02-13T15:33:44.726534 Started database query for table users
2019-02-13T15:33:44.038472 Completed database query for table users
2019-02-13T15:33:43.234543 Received request from 102.23.55.32 for /example
2019-02-13T15:33:44.726534 Started database query for table users
2019-02-13T15:33:44.038472 Completed database query for table users
2019-02-13T15:33:43.234543 Received request from 102.23.55.32 for /example
2019-02-13T15:33:44.726534 Started database query for table users
2019-02-13T15:33:44.038472 Completed database query for table users
2019-02-13T15:33:43.234543 Received request from 102.23.55.32 for /example
2019-02-13T15:33:44.726534 Started database query for table users
2019-02-13T15:33:44.038472 Completed database query for table users
2019-02-13T15:33:43.234543 Received request from 102.23.55.32 for /example
2006-02-13T15:33:44.726534 Started database query for table users
2019-02-13T15:33:44.038472 Completed database query for table users
2019-02-13T15:33:43.234543 Received request from 102.23.55.32 for /example
2009-02-13T15:33:44.726534 Started database query for table users
2019-02-13T15:33:44.038472 Completed database query for table users
2019-02-13T15:33:43.234543 Received request from 102.23.55.32 for /example
2018-02-13T15:33:44.726534 Started database query for table users
2019-02-13T15:33:44.038472 Completed database query for table users
2019-02-13T15:33:43.234543 Received request from 102.23.55.32 for /example
2012-02-13T15:33:44.726534 Started database query for table users
2019-02-13T15:33:44.038472 Completed database query for table users
2019-02-13T15:33:43.234543 Received request from 102.23.55.32 for /example
2019-02-13T15:33:44.726534 Started database query for table users
2019-02-13T15:33:44.038472 Completed database query for table users
2015-02-13T15:33:43.234543 Received request from 102.23.55.32 for /example
2019-02-13T15:33:44.726534 Started database query for table users
2019-02-13T15:33:44.038472 Completed database query for table users
2019-02-13T15:33:43.234543 Received request from 102.23.55.32 for /example
2019-02-13T15:33:44.726534 Started database query for table users
2019-02-13T15:33:44.038472 Completed database query for table users
2019-02-13T15:33:43.234543 Received request from 102.23.55.32 for /example
2019-02-13T15:33:44.726534 Started database query for table users
2019-02-13T15:33:44.038472 Completed database query for table users
2019-02-13T15:33:43.234543 Received request from 102.23.55.32 for /example
2019-02-13T15:33:44.726534 Started database query for table users
2019-02-13T15:33:44.038472 Completed database query for table users
2019-02-13T15:33:43.234543 Received request from 102.23.55.32 for /example
2019-02-13T15:33:44.726534 Started database query for table users
2019-02-13T15:33:44.038472 Completed database query for table users
2019-02-13T15:33:43.234543 Received request from 102.23.55.32 for /example
2019-02-13T15:33:44.726534 Started database query for table users
2019-02-13T15:33:44.038472 Completed database query for table users
2019-02-13T15:33:43.234543 Received request from 102.23.55.32 for /example
2019-02-13T15:33:44.726534 Started database query for table users
2019-02-13T15:33:44.038472 Completed database query for table users
2019-02-13T15:33:43.234543 Received request from 102.23.55.32 for /example
2019-02-13T15:33:44.726534 Started database query for table users
2019-02-13T15:33:44.038472 Completed database query for table users
2019-02-13T15:33:43.234543 Received request from 102.23.55.32 for /example
2006-02-13T15:33:44.726534 Started database query for table users
2019-02-13T15:33:44.038472 Completed database query for table users
2019-02-13T15:33:43.234543 Received request from 102.23.55.32 for /example
2009-02-13T15:33:44.726534 Started database query for table users
2019-02-13T15:33:44.038472 Completed database query for table users
2019-02-13T15:33:43.234543 Received request from 102.23.55.32 for /example
2018-02-13T15:33:44.726534 Started database query for table users
2019-02-13T15:33:44.038472 Completed database query for table users
2019-02-13T15:33:43.234543 Received request from 102.23.55.32 for /example
2012-02-13T15:33:44.726534 Started database query for table users
2019-02-13T15:33:44.038472 Completed database query for table users
2019-02-13T15:33:43.234543 Received request from 102.23.55.32 for /example
2019-02-13T15:33:44.726534 Started database query for table users
2019-02-13T15:33:44.038472 Completed database query for table users
2015-02-13T15:33:43.234543 Received request from 102.23.55.32 for /example
2019-02-13T15:33:44.726534 Started database query for table users
2019-02-13T15:33:44.038472 Completed database query for table users
2019-02-13T15:33:43.234543 Received request from 102.23.55.32 for /example
2019-02-13T15:33:44.726534 Started database query for table users
2019-02-13T15:33:44.038472 Completed database query for table users
2019-02-13T15:33:43.234543 Received request from 102.23.55.32 for /example
2019-02-13T15:33:44.726534 Started database query for table users
2019-02-13T15:33:44.038472 Completed database query for table users
2019-02-13T15:33:43.234543 Received request from 102.23.55.32 for /example
2019-02-13T15:33:44.726534 Started database query for table users
2019-02-13T15:33:44.038472 Completed database query for table users
2019-02-13T15:33:43.234543 Received request from 102.23.55.32 for /example
2019-02-13T15:33:44.726534 Started database query for table users
2019-02-13T15:33:44.038472 Completed database query for table users
2019-02-13T15:33:43.234543 Received request from 102.23.55.32 for /example
2019-02-13T15:33:44.726534 Started database query for table users
2019-02-13T15:33:44.038472 Completed database query for table users
2019-02-13T15:33:43.234543 Received request from 102.23.55.32 for /example
2019-02-13T15:33:44.726534 Started database query for table users
2019-02-13T15:33:44.038472 Completed database query for table users
2019-02-13T15:33:43.234543 Received request from 102.23.55.32 for /example
2019-02-13T15:33:44.726534 Started database query for table users
2019-02-13T15:33:44.038472 Completed database query for table users
2019-02-13T15:33:43.234543 Received request from 102.23.55.32 for /example
2006-02-13T15:33:44.726534 Started database query for table users
2019-02-13T15:33:44.038472 Completed database query for table users
2019-02-13T15:33:43.234543 Received request from 102.23.55.32 for /example
2009-02-13T15:33:44.726534 Started database query for table users
2019-02-13T15:33:44.038472 Completed database query for table users
2019-02-13T15:33:43.234543 Received request from 102.23.55.32 for /example
2018-02-13T15:33:44.726534 Started database query for table users
2019-02-13T15:33:44.038472 Completed database query for table users
2019-02-13T15:33:43.234543 Received request from 102.23.55.32 for /example
2012-02-13T15:33:44.726534 Started database query for table users
2019-02-13T15:33:44.038472 Completed database query for table users
2019-02-13T15:33:43.234543 Received request from 102.23.55.32 for /example
2019-02-13T15:33:44.726534 Started database query for table users
2019-02-13T15:33:44.038472 Completed database query for table users
2015-02-13T15:33:43.234543 Received request from 102.23.55.32 for /example
2019-02-13T15:33:44.726534 Started database query for table users
2019-02-13T15:33:44.038472 Completed database query for table users
2019-02-13T15:33:43.234543 Received request from 102.23.55.32 for /example
2019-02-13T15:33:44.726534 Started database query for table users
2019-02-13T15:33:44.038472 Completed database query for table users
2019-02-13T15:33:43.234543 Received request from 102.23.55.32 for /example
2019-02-13T15:33:44.726534 Started database query for table users
2019-02-13T15:33:44.038472 Completed database query for table users
2019-02-13T15:33:43.234543 Received request from 102.23.55.32 for /example
2019-02-13T15:33:44.726534 Started database query for table users
2019-02-13T15:33:44.038472 Completed database query for table users
2019-02-13T15:33:43.234543 Received request from 102.23.55.32 for /example
2019-02-13T15:33:44.726534 Started database query for table users
2019-02-13T15:33:44.038472 Completed database query for table users
2019-02-13T15:33:43.234543 Received request from 102.23.55.32 for /example
2019-02-13T15:33:44.726534 Started database query for table users
2019-02-13T15:33:44.038472 Completed database query for table users
2019-02-13T15:33:43.234543 Received request from 102.23.55.32 for /example
2019-02-13T15:33:44.726534 Started database query for table users
2019-02-13T15:33:44.038472 Completed database query for table users
2019-02-13T15:33:43.234543 Received request from 102.23.55.32 for /example
2019-02-13T15:33:44.726534 Started database query for table users
2019-02-13T15:33:44.038472 Completed database query for table users
2019-02-13T15:33:43.234543 Received request from 102.23.55.32 for /example
2006-02-13T15:33:44.726534 Started database query for table users
2019-02-13T15:33:44.038472 Completed database query for table users
2019-02-13T15:33:43.234543 Received request from 102.23.55.32 for /example
2009-02-13T15:33:44.726534 Started database query for table users
2019-02-13T15:33:44.038472 Completed database query for table users
2019-02-13T15:33:43.234543 Received request from 102.23.55.32 for /example
2018-02-13T15:33:44.726534 Started database query for table users
2019-02-13T15:33:44.038472 Completed database query for table users
2019-02-13T15:33:43.234543 Received request from 102.23.55.32 for /example
2012-02-13T15:33:44.726534 Started database query for table users
2019-02-13T15:33:44.038472 Completed database query for table users
2019-02-13T15:33:43.234543 Received request from 102.23.55.32 for /example
2019-02-13T15:33:44.726534 Started database query for table users
2019-02-13T15:33:44.038472 Completed database query for table users
2015-02-13T15:33:43.234543 Received request from 102.23.55.32 for /example
2019-02-13T15:33:44.726534 Started database query for table users
2019-02-13T15:33:44.038472 Completed database query for table users
2019-02-13T15:33:43.234543 Received request from 102.23.55.32 for /example
2019-02-13T15:33:44.726534 Started database query for table users
2019-02-13T15:33:44.038472 Completed database query for table users
2019-02-13T15:33:43.234543 Received request from 102.23.55.32 for /example
2019-02-13T15:33:44.726534 Started database query for table users
2019-02-13T15:33:44.038472 Completed database query for table users
2019-02-13T15:33:43.234543 Received request from 102.23.55.32 for /example
2019-02-13T15:33:44.726534 Started database query for table users
2019-02-13T15:33:44.038472 Completed database query for table users
2019-02-13T15:33:43.234543 Received request from 102.23.55.32 for /example
2019-02-13T15:33:44.726534 Started database query for table users
2019-02-13T15:33:44.038472 Completed database query for table users
2019-02-13T15:33:43.234543 Received request from 102.23.55.32 for /example
2019-02-13T15:33:44.726534 Started database query for table users
2019-02-13T15:33:44.038472 Completed database query for table users
2019-02-13T15:33:43.234543 Received request from 102.23.55.32 for /example
2019-02-13T15:33:44.726534 Started database query for table users
2019-02-13T15:33:44.038472 Completed database query for table users
2019-02-13T15:33:43.234543 Received request from 102.23.55.32 for /example
2019-02-13T15:33:44.726534 Started database query for table users
2019-02-13T15:33:44.038472 Completed database query for table users
2019-02-13T15:33:43.234543 Received request from 102.23.55.32 for /example
2006-02-13T15:33:44.726534 Started database query for table users
2019-02-13T15:33:44.038472 Completed database query for table users
2019-02-13T15:33:43.234543 Received request from 102.23.55.32 for /example
2009-02-13T15:33:44.726534 Started database query for table users
2019-02-13T15:33:44.038472 Completed database query for table users
2019-02-13T15:33:43.234543 Received request from 102.23.55.32 for /example
2018-02-13T15:33:44.726534 Started database query for table users
2019-02-13T15:33:44.038472 Completed database query for table users
2019-02-13T15:33:43.234543 Received request from 102.23.55.32 for /example
2012-02-13T15:33:44.726534 Started database query for table users
2019-02-13T15:33:44.038472 Completed database query for table users
2019-02-13T15:33:43.234543 Received request from 102.23.55.32 for /example
2019-02-13T15:33:44.726534 Started database query for table users
2019-02-13T15:33:44.038472 Completed database query for table users
2015-02-13T15:33:43.234543 Received request from 102.23.55.32 for /example
2019-02-13T15:33:44.726534 Started database query for table users
2019-02-13T15:33:44.038472 Completed database query for table users
2019-02-13T15:33:43.234543 Received request from 102.23.55.32 for /example
2019-02-13T15:33:44.726534 Started database query for table users
2019-02-13T15:33:44.038472 Completed database query for table users
2019-02-13T15:33:43.234543 Received request from 102.23.55.32 for /example
2019-02-13T15:33:44.726534 Started database query for table users
2019-02-13T15:33:44.038472 Completed database query for table users
2019-02-13T15:33:43.234543 Received request from 102.23.55.32 for /example
2019-02-13T15:33:44.726534 Started database query for table users
2019-02-13T15:33:44.038472 Completed database query for table users
2019-02-13T15:33:43.234543 Received request from 102.23.55.32 for /example
2019-02-13T15:33:44.726534 Started database query for table users
2019-02-13T15:33:44.038472 Completed database query for table users
2019-02-13T15:33:43.234543 Received request from 102.23.55.32 for /example
2019-02-13T15:33:44.726534 Started database query for table users
2019-02-13T15:33:44.038472 Completed database query for table users
2019-02-13T15:33:43.234543 Received request from 102.23.55.32 for /example
2019-02-13T15:33:44.726534 Started database query for table users
2019-02-13T15:33:44.038472 Completed database query for table users
2019-02-13T15:33:43.234543 Received request from 102.23.55.32 for /example
2019-02-13T15:33:44.726534 Started database query for table users
2019-02-13T15:33:44.038472 Completed database query for table users
2019-02-13T15:33:43.234543 Received request from 102.23.55.32 for /example
2006-02-13T15:33:44.726534 Started database query for table users
2019-02-13T15:33:44.038472 Completed database query for table users
2019-02-13T15:33:43.234543 Received request from 102.23.55.32 for /example
2009-02-13T15:33:44.726534 Started database query for table users
2019-02-13T15:33:44.038472 Completed database query for table users
2019-02-13T15:33:43.234543 Received request from 102.23.55.32 for /example
2018-02-13T15:33:44.726534 Started database query for table users
2019-02-13T15:33:44.038472 Completed database query for table users
2019-02-13T15:33:43.234543 Received request from 102.23.55.32 for /example
2012-02-13T15:33:44.726534 Started database query for table users
2019-02-13T15:33:44.038472 Completed database query for table users
2019-02-13T15:33:43.234543 Received request from 102.23.55.32 for /example
2019-02-13T15:33:44.726534 Started database query for table users
2019-02-13T15:33:44.038472 Completed database query for table users
2015-02-13T15:33:43.234543 Received request from 102.23.55.32 for /example
2019-02-13T15:33:44.726534 Started database query for table users
2019-02-13T15:33:44.038472 Completed database query for table users
2019-02-13T15:33:43.234543 Received request from 102.23.55.32 for /example
2019-02-13T15:33:44.726534 Started database query for table users
2019-02-13T15:33:44.038472 Completed database query for table users
2019-02-13T15:33:43.234543 Received request from 102.23.55.32 for /example
2019-02-13T15:33:44.726534 Started database query for table users
2019-02-13T15:33:44.038472 Completed database query for table users
2019-02-13T15:33:43.234543 Received request from 102.23.55.32 for /example
2019-02-13T15:33:44.726534 Started database query for table users
2019-02-13T15:33:44.038472 Completed database query for table users
2019-02-13T15:33:43.234543 Received request from 102.23.55.32 for /example
2019-02-13T15:33:44.726534 Started database query for table users
2019-02-13T15:33:44.038472 Completed database query for table users
2019-02-13T15:33:43.234543 Received request from 102.23.55.32 for /example
2019-02-13T15:33:44.726534 Started database query for table users
2019-02-13T15:33:44.038472 Completed database query for table users
2019-02-13T15:33:43.234543 Received request from 102.23.55.32 for /example
2019-02-13T15:33:44.726534 Started database query for table users
2019-02-13T15:33:44.038472 Completed database query for table users
2019-02-13T15:33:43.234543 Received request from 102.23.55.32 for /example
2019-02-13T15:33:44.726534 Started database query for table users
2019-02-13T15:33:44.038472 Completed database query for table users
2019-02-13T15:33:43.234543 Received request from 102.23.55.32 for /example
2006-02-13T15:33:44.726534 Started database query for table users
2019-02-13T15:33:44.038472 Completed database query for table users
2019-02-13T15:33:43.234543 Received request from 102.23.55.32 for /example
2009-02-13T15:33:44.726534 Started database query for table users
2019-02-13T15:33:44.038472 Completed database query for table users
2019-02-13T15:33:43.234543 Received request from 102.23.55.32 for /example
2018-02-13T15:33:44.726534 Started database query for table users
2019-02-13T15:33:44.038472 Completed database query for table users
2019-02-13T15:33:43.234543 Received request from 102.23.55.32 for /example
2012-02-13T15:33:44.726534 Started database query for table users
2019-02-13T15:33:44.038472 Completed database query for table users
2019-02-13T15:33:43.234543 Received request from 102.23.55.32 for /example
2019-02-13T15:33:44.726534 Started database query for table users
2019-02-13T15:33:44.038472 Completed database query for table users
2015-02-13T15:33:43.234543 Received request from 102.23.55.32 for /example
2019-02-13T15:33:44.726534 Started database query for table users
2019-02-13T15:33:44.038472 Completed database query for table users
2019-02-13T15:33:43.234543 Received request from 102.23.55.32 for /example
2019-02-13T15:33:44.726534 Started database query for table users
2019-02-13T15:33:44.038472 Completed database query for table users
2019-02-13T15:33:43.234543 Received request from 102.23.55.32 for /example
2019-02-13T15:33:44.726534 Started database query for table users
2019-02-13T15:33:44.038472 Completed database query for table users
2019-02-13T15:33:43.234543 Received request from 102.23.55.32 for /example
2019-02-13T15:33:44.726534 Started database query for table users
2019-02-13T15:33:44.038472 Completed database query for table users
2019-02-13T15:33:43.234543 Received request from 102.23.55.32 for /example
2019-02-13T15:33:44.726534 Started database query for table users
2019-02-13T15:33:44.038472 Completed database query for table users
2019-02-13T15:33:43.234543 Received request from 102.23.55.32 for /example
2019-02-13T15:33:44.726534 Started database query for table users
2019-02-13T15:33:44.038472 Completed database query for table users
2019-02-13T15:33:43.234543 Received request from 102.23.55.32 for /example
2019-02-13T15:33:44.726534 Started database query for table users
2019-02-13T15:33:44.038472 Completed database query for table users
2019-02-13T15:33:43.234543 Received request from 102.23.55.32 for /example
2019-02-13T15:33:44.726534 Started database query for table users
2019-02-13T15:33:44.038472 Completed database query for table users
2019-02-13T15:33:43.234543 Received request from 102.23.55.32 for /example
2006-02-13T15:33:44.726534 Started database query for table users
2019-02-13T15:33:44.038472 Completed database query for table users
2019-02-13T15:33:43.234543 Received request from 102.23.55.32 for /example
2009-02-13T15:33:44.726534 Started database query for table users
2019-02-13T15:33:44.038472 Completed database query for table users
2019-02-13T15:33:43.234543 Received request from 102.23.55.32 for /example
2018-02-13T15:33:44.726534 Started database query for table users
2019-02-13T15:33:44.038472 Completed database query for table users
2019-02-13T15:33:43.234543 Received request from 102.23.55.32 for /example
2012-02-13T15:33:44.726534 Started database query for table users
2019-02-13T15:33:44.038472 Completed database query for table users
2019-02-13T15:33:43.234543 Received request from 102.23.55.32 for /example
2019-02-13T15:33:44.726534 Started database query for table users
2019-02-13T15:33:44.038472 Completed database query for table users
2015-02-13T15:33:43.234543 Received request from 102.23.55.32 for /example
2019-02-13T15:33:44.726534 Started database query for table users
2019-02-13T15:33:44.038472 Completed database query for table users
2019-02-13T15:33:43.234543 Received request from 102.23.55.32 for /example
2019-02-13T15:33:44.726534 Started database query for table users
2019-02-13T15:33:44.038472 Completed database query for table users
2019-02-13T15:33:43.234543 Received request from 102.23.55.32 for /example
2019-02-13T15:33:44.726534 Started database query for table users
2019-02-13T15:33:44.038472 Completed database query for table users
2019-02-13T15:33:43.234543 Received request from 102.23.55.32 for /example
2019-02-13T15:33:44.726534 Started database query for table users
2019-02-13T15:33:44.038472 Completed database query for table users
2019-02-13T15:33:43.234543 Received request from 102.23.55.32 for /example
2019-02-13T15:33:44.726534 Started database query for table users
2019-02-13T15:33:44.038472 Completed database query for table users
2019-02-13T15:33:43.234543 Received request from 102.23.55.32 for /example
2019-02-13T15:33:44.726534 Started database query for table users
2019-02-13T15:33:44.038472 Completed database query for table users
2019-02-13T15:33:43.234543 Received request from 102.23.55.32 for /example
2019-02-13T15:33:44.726534 Started database query for table users
2019-02-13T15:33:44.038472 Completed database query for table users
2019-02-13T15:33:43.234543 Received request from 102.23.55.32 for /example
2019-02-13T15:33:44.726534 Started database query for table users
2019-02-13T15:33:44.038472 Completed database query for table users
2019-02-13T15:33:43.234543 Received request from 102.23.55.32 for /example
2006-02-13T15:33:44.726534 Started database query for table users
2019-02-13T15:33:44.038472 Completed database query for table users
2019-02-13T15:33:43.234543 Received request from 102.23.55.32 for /example
2009-02-13T15:33:44.726534 Started database query for table users
2019-02-13T15:33:44.038472 Completed database query for table users
2019-02-13T15:33:43.234543 Received request from 102.23.55.32 for /example
2018-02-13T15:33:44.726534 Started database query for table users
2019-02-13T15:33:44.038472 Completed database query for table users
2019-02-13T15:33:43.234543 Received request from 102.23.55.32 for /example
2012-02-13T15:33:44.726534 Started database query for table users
2019-02-13T15:33:44.038472 Completed database query for table users
2019-02-13T15:33:43.234543 Received request from 102.23.55.32 for /example
2019-02-13T15:33:44.726534 Started database query for table users
2019-02-13T15:33:44.038472 Completed database query for table users
2015-02-13T15:33:43.234543 Received request from 102.23.55.32 for /example
2019-02-13T15:33:44.726534 Started database query for table users
2019-02-13T15:33:44.038472 Completed database query for table users
2019-02-13T15:33:43.234543 Received request from 102.23.55.32 for /example
2019-02-13T15:33:44.726534 Started database query for table users
2019-02-13T15:33:44.038472 Completed database query for table users
2019-02-13T15:33:43.234543 Received request from 102.23.55.32 for /example
2019-02-13T15:33:44.726534 Started database query for table users
2019-02-13T15:33:44.038472 Completed database query for table users
2019-02-13T15:33:43.234543 Received request from 102.23.55.32 for /example
2019-02-13T15:33:44.726534 Started database query for table users
2019-02-13T15:33:44.038472 Completed database query for table users
2019-02-13T15:33:43.234543 Received request from 102.23.55.32 for /example
2019-02-13T15:33:44.726534 Started database query for table users
2019-02-13T15:33:44.038472 Completed database query for table users
2019-02-13T15:33:43.234543 Received request from 102.23.55.32 for /example
2019-02-13T15:33:44.726534 Started database query for table users
2019-02-13T15:33:44.038472 Completed database query for table users
2019-02-13T15:33:43.234543 Received request from 102.23.55.32 for /example
2019-02-13T15:33:44.726534 Started database query for table users
2019-02-13T15:33:44.038472 Completed database query for table users
2019-02-13T15:33:43.234543 Received request from 102.23.55.32 for /example
2019-02-13T15:33:44.726534 Started database query for table users
2019-02-13T15:33:44.038472 Completed database query for table users
2019-02-13T15:33:43.234543 Received request from 102.23.55.32 for /example
2006-02-13T15:33:44.726534 Started database query for table users
2019-02-13T15:33:44.038472 Completed database query for table users
2019-02-13T15:33:43.234543 Received request from 102.23.55.32 for /example
2009-02-13T15:33:44.726534 Started database query for table users
2019-02-13T15:33:44.038472 Completed database query for table users
2019-02-13T15:33:43.234543 Received request from 102.23.55.32 for /example
2018-02-13T15:33:44.726534 Started database query for table users
2019-02-13T15:33:44.038472 Completed database query for table users
2019-02-13T15:33:43.234543 Received request from 102.23.55.32 for /example
2012-02-13T15:33:44.726534 Started database query for table users
2019-02-13T15:33:44.038472 Completed database query for table users
2019-02-13T15:33:43.234543 Received request from 102.23.55.32 for /example
2019-02-13T15:33:44.726534 Started database query for table users
2019-02-13T15:33:44.038472 Completed database query for table users
2015-02-13T15:33:43.234543 Received request from 102.23.55.32 for /example
2019-02-13T15:33:44.726534 Started database query for table users
2019-02-13T15:33:44.038472 Completed database query for table users
2019-02-13T15:33:43.234543 Received request from 102.23.55.32 for /example
2019-02-13T15:33:44.726534 Started database query for table users
2019-02-13T15:33:44.038472 Completed database query for table users
2019-02-13T15:33:43.234543 Received request from 102.23.55.32 for /example
2019-02-13T15:33:44.726534 Started database query for table users
2019-02-13T15:33:44.038472 Completed database query for table users
2019-02-13T15:33:43.234543 Received request from 102.23.55.32 for /example
2019-02-13T15:33:44.726534 Started database query for table users
2019-02-13T15:33:44.038472 Completed database query for table users
2019-02-13T15:33:43.234543 Received request from 102.23.55.32 for /example
2019-02-13T15:33:44.726534 Started database query for table users
2019-02-13T15:33:44.038472 Completed database query for table users
2019-02-13T15:33:43.234543 Received request from 102.23.55.32 for /example
2019-02-13T15:33:44.726534 Started database query for table users
2019-02-13T15:33:44.038472 Completed database query for table users
2019-02-13T15:33:43.234543 Received request from 102.23.55.32 for /example
2019-02-13T15:33:44.726534 Started database query for table users
2019-02-13T15:33:44.038472 Completed database query for table users
2019-02-13T15:33:43.234543 Received request from 102.23.55.32 for /example
2019-02-13T15:33:44.726534 Started database query for table users
2019-02-13T15:33:44.038472 Completed database query for table users
2019-02-13T15:33:43.234543 Received request from 102.23.55.32 for /example
2006-02-13T15:33:44.726534 Started database query for table users
2019-02-13T15:33:44.038472 Completed database query for table users
2019-02-13T15:33:43.234543 Received request from 102.23.55.32 for /example
2009-02-13T15:33:44.726534 Started database query for table users
2019-02-13T15:33:44.038472 Completed database query for table users
2019-02-13T15:33:43.234543 Received request from 102.23.55.32 for /example
2018-02-13T15:33:44.726534 Started database query for table users
2019-02-13T15:33:44.038472 Completed database query for table users
2019-02-13T15:33:43.234543 Received request from 102.23.55.32 for /example
2012-02-13T15:33:44.726534 Started database query for table users
2019-02-13T15:33:44.038472 Completed database query for table users
2019-02-13T15:33:43.234543 Received request from 102.23.55.32 for /example
2019-02-13T15:33:44.726534 Started database query for table users
2019-02-13T15:33:44.038472 Completed database query for table users
2015-02-13T15:33:43.234543 Received request from 102.23.55.32 for /example
2019-02-13T15:33:44.726534 Started database query for table users
2019-02-13T15:33:44.038472 Completed database query for table users
2019-02-13T15:33:43.234543 Received request from 102.23.55.32 for /example
2019-02-13T15:33:44.726534 Started database query for table users
2019-02-13T15:33:44.038472 Completed database query for table users
2019-02-13T15:33:43.234543 Received request from 102.23.55.32 for /example
2019-02-13T15:33:44.726534 Started database query for table users
2019-02-13T15:33:44.038472 Completed database query for table users
2019-02-13T15:33:43.234543 Received request from 102.23.55.32 for /example
2019-02-13T15:33:44.726534 Started database query for table users
2019-02-13T15:33:44.038472 Completed database query for table users
2019-02-13T15:33:43.234543 Received request from 102.23.55.32 for /example
2019-02-13T15:33:44.726534 Started database query for table users
2019-02-13T15:33:44.038472 Completed database query for table users
2019-02-13T15:33:43.234543 Received request from 102.23.55.32 for /example
2019-02-13T15:33:44.726534 Started database query for table users
2019-02-13T15:33:44.038472 Completed database query for table users
2019-02-13T15:33:43.234543 Received request from 102.23.55.32 for /example
2019-02-13T15:33:44.726534 Started database query for table users
2019-02-13T15:33:44.038472 Completed database query for table users
2019-02-13T15:33:43.234543 Received request from 102.23.55.32 for /example
2019-02-13T15:33:44.726534 Started database query for table users
2019-02-13T15:33:44.038472 Completed database query for table users
2019-02-13T15:33:43.234543 Received request from 102.23.55.32 for /example
2006-02-13T15:33:44.726534 Started database query for table users
2019-02-13T15:33:44.038472 Completed database query for table users
2019-02-13T15:33:43.234543 Received request from 102.23.55.32 for /example
2009-02-13T15:33:44.726534 Started database query for table users
2019-02-13T15:33:44.038472 Completed database query for table users
2019-02-13T15:33:43.234543 Received request from 102.23.55.32 for /example
2018-02-13T15:33:44.726534 Started database query for table users
2019-02-13T15:33:44.038472 Completed database query for table users
2019-02-13T15:33:43.234543 Received request from 102.23.55.32 for /example
2012-02-13T15:33:44.726534 Started database query for table users
2019-02-13T15:33:44.038472 Completed database query for table users
2019-02-13T15:33:43.234543 Received request from 102.23.55.32 for /example
2019-02-13T15:33:44.726534 Started database query for table users
2019-02-13T15:33:44.038472 Completed database query for table users
2015-02-13T15:33:43.234543 Received request from 102.23.55.32 for /example
2019-02-13T15:33:44.726534 Started database query for table users
2019-02-13T15:33:44.038472 Completed database query for table users
2019-02-13T15:33:43.234543 Received request from 102.23.55.32 for /example
2019-02-13T15:33:44.726534 Started database query for table users
2019-02-13T15:33:44.038472 Completed database query for table users
2019-02-13T15:33:43.234543 Received request from 102.23.55.32 for /example
2019-02-13T15:33:44.726534 Started database query for table users
2019-02-13T15:33:44.038472 Completed database query for table users
2019-02-13T15:33:43.234543 Received request from 102.23.55.32 for /example
2019-02-13T15:33:44.726534 Started database query for table users
2019-02-13T15:33:44.038472 Completed database query for table users
2019-02-13T15:33:43.234543 Received request from 102.23.55.32 for /example
2019-02-13T15:33:44.726534 Started database query for table users
2019-02-13T15:33:44.038472 Completed database query for table users
2019-02-13T15:33:43.234543 Received request from 102.23.55.32 for /example
2019-02-13T15:33:44.726534 Started database query for table users
2019-02-13T15:33:44.038472 Completed database query for table users
2019-02-13T15:33:43.234543 Received request from 102.23.55.32 for /example
2019-02-13T15:33:44.726534 Started database query for table users
2019-02-13T15:33:44.038472 Completed database query for table users
2019-02-13T15:33:43.234543 Received request from 102.23.55.32 for /example
2019-02-13T15:33:44.726534 Started database query for table users
2019-02-13T15:33:44.038472 Completed database query for table users
2019-02-13T15:33:43.234543 Received request from 102.23.55.32 for /example
2006-02-13T15:33:44.726534 Started database query for table users
2019-02-13T15:33:44.038472 Completed database query for table users
2019-02-13T15:33:43.234543 Received request from 102.23.55.32 for /example
2009-02-13T15:33:44.726534 Started database query for table users
2019-02-13T15:33:44.038472 Completed database query for table users
2019-02-13T15:33:43.234543 Received request from 102.23.55.32 for /example
2018-02-13T15:33:44.726534 Started database query for table users
2019-02-13T15:33:44.038472 Completed database query for table users
2019-02-13T15:33:43.234543 Received request from 102.23.55.32 for /example
2012-02-13T15:33:44.726534 Started database query for table users
2019-02-13T15:33:44.038472 Completed database query for table users
2019-02-13T15:33:43.234543 Received request from 102.23.55.32 for /example
2019-02-13T15:33:44.726534 Started database query for table users
2019-02-13T15:33:44.038472 Completed database query for table users
2015-02-13T15:33:43.234543 Received request from 102.23.55.32 for /example
2019-02-13T15:33:44.726534 Started database query for table users
2019-02-13T15:33:44.038472 Completed database query for table users
2019-02-13T15:33:43.234543 Received request from 102.23.55.32 for /example
2019-02-13T15:33:44.726534 Started database query for table users
2019-02-13T15:33:44.038472 Completed database query for table users
2019-02-13T15:33:43.234543 Received request from 102.23.55.32 for /example
2019-02-13T15:33:44.726534 Started database query for table users
2019-02-13T15:33:44.038472 Completed database query for table users
2019-02-13T15:33:43.234543 Received request from 102.23.55.32 for /example
2019-02-13T15:33:44.726534 Started database query for table users
2019-02-13T15:33:44.038472 Completed database query for table users
2019-02-13T15:33:43.234543 Received request from 102.23.55.32 for /example
2019-02-13T15:33:44.726534 Started database query for table users
2019-02-13T15:33:44.038472 Completed database query for table users
2019-02-13T15:33:43.234543 Received request from 102.23.55.32 for /example
2019-02-13T15:33:44.726534 Started database query for table users
2019-02-13T15:33:44.038472 Completed database query for table users
2019-02-13T15:33:43.234543 Received request from 102.23.55.32 for /example
2019-02-13T15:33:44.726534 Started database query for table users
2019-02-13T15:33:44.038472 Completed database query for table users
2019-02-13T15:33:43.234543 Received request from 102.23.55.32 for /example
2019-02-13T15:33:44.726534 Started database query for table users
2019-02-13T15:33:44.038472 Completed database query for table users
2019-02-13T15:33:43.234543 Received request from 102.23.55.32 for /example
2006-02-13T15:33:44.726534 Started database query for table users
2019-02-13T15:33:44.038472 Completed database query for table users
2019-02-13T15:33:43.234543 Received request from 102.23.55.32 for /example
2009-02-13T15:33:44.726534 Started database query for table users
2019-02-13T15:33:44.038472 Completed database query for table users
2019-02-13T15:33:43.234543 Received request from 102.23.55.32 for /example
2018-02-13T15:33:44.726534 Started database query for table users
2019-02-13T15:33:44.038472 Completed database query for table users
2019-02-13T15:33:43.234543 Received request from 102.23.55.32 for /example
2012-02-13T15:33:44.726534 Started database query for table users
2019-02-13T15:33:44.038472 Completed database query for table users
2019-02-13T15:33:43.234543 Received request from 102.23.55.32 for /example
2019-02-13T15:33:44.726534 Started database query for table users
2019-02-13T15:33:44.038472 Completed database query for table users
2015-02-13T15:33:43.234543 Received request from 102.23.55.32 for /example
2019-02-13T15:33:44.726534 Started database query for table users
2019-02-13T15:33:44.038472 Completed database query for table users
2019-02-13T15:33:43.234543 Received request from 102.23.55.32 for /example
2019-02-13T15:33:44.726534 Started database query for table users
2019-02-13T15:33:44.038472 Completed database query for table users
2019-02-13T15:33:43.234543 Received request from 102.23.55.32 for /example
2019-02-13T15:33:44.726534 Started database query for table users
2019-02-13T15:33:44.038472 Completed database query for table users
2019-02-13T15:33:43.234543 Received request from 102.23.55.32 for /example
2019-02-13T15:33:44.726534 Started database query for table users
2019-02-13T15:33:44.038472 Completed database query for table users
2019-02-13T15:33:43.234543 Received request from 102.23.55.32 for /example
2019-02-13T15:33:44.726534 Started database query for table users
2019-02-13T15:33:44.038472 Completed database query for table users
2019-02-13T15:33:43.234543 Received request from 102.23.55.32 for /example
2019-02-13T15:33:44.726534 Started database query for table users
2019-02-13T15:33:44.038472 Completed database query for table users
2019-02-13T15:33:43.234543 Received request from 102.23.55.32 for /example
2019-02-13T15:33:44.726534 Started database query for table users
2019-02-13T15:33:44.038472 Completed database query for table users
2019-02-13T15:33:43.234543 Received request from 102.23.55.32 for /example
2019-02-13T15:33:44.726534 Started database query for table users
2019-02-13T15:33:44.038472 Completed database query for table users
2019-02-13T15:33:43.234543 Received request from 102.23.55.32 for /example
2006-02-13T15:33:44.726534 Started database query for table users
2019-02-13T15:33:44.038472 Completed database query for table users
2019-02-13T15:33:43.234543 Received request from 102.23.55.32 for /example
2009-02-13T15:33:44.726534 Started database query for table users
2019-02-13T15:33:44.038472 Completed database query for table users
2019-02-13T15:33:43.234543 Received request from 102.23.55.32 for /example
2018-02-13T15:33:44.726534 Started database query for table users
2019-02-13T15:33:44.038472 Completed database query for table users
2019-02-13T15:33:43.234543 Received request from 102.23.55.32 for /example
2012-02-13T15:33:44.726534 Started database query for table users
2019-02-13T15:33:44.038472 Completed database query for table users
2019-02-13T15:33:43.234543 Received request from 102.23.55.32 for /example
2019-02-13T15:33:44.726534 Started database query for table users
2019-02-13T15:33:44.038472 Completed database query for table users
2015-02-13T15:33:43.234543 Received request from 102.23.55.32 for /example
2019-02-13T15:33:44.726534 Started database query for table users
2019-02-13T15:33:44.038472 Completed database query for table users
2019-02-13T15:33:43.234543 Received request from 102.23.55.32 for /example
2019-02-13T15:33:44.726534 Started database query for table users
2019-02-13T15:33:44.038472 Completed database query for table users
2019-02-13T15:33:43.234543 Received request from 102.23.55.32 for /example
2019-02-13T15:33:44.726534 Started database query for table users
2019-02-13T15:33:44.038472 Completed database query for table users
2019-02-13T15:33:43.234543 Received request from 102.23.55.32 for /example
2019-02-13T15:33:44.726534 Started database query for table users
2019-02-13T15:33:44.038472 Completed database query for table users
2019-02-13T15:33:43.234543 Received request from 102.23.55.32 for /example
2019-02-13T15:33:44.726534 Started database query for table users
2019-02-13T15:33:44.038472 Completed database query for table users
2019-02-13T15:33:43.234543 Received request from 102.23.55.32 for /example
2019-02-13T15:33:44.726534 Started database query for table users
2019-02-13T15:33:44.038472 Completed database query for table users
2019-02-13T15:33:43.234543 Received request from 102.23.55.32 for /example
2019-02-13T15:33:44.726534 Started database query for table users
2019-02-13T15:33:44.038472 Completed database query for table users
2019-02-13T15:33:43.234543 Received request from 102.23.55.32 for /example
2019-02-13T15:33:44.726534 Started database query for table users
2019-02-13T15:33:44.038472 Completed database query for table users
2019-02-13T15:33:43.234543 Received request from 102.23.55.32 for /example
2006-02-13T15:33:44.726534 Started database query for table users
2019-02-13T15:33:44.038472 Completed database query for table users
2019-02-13T15:33:43.234543 Received request from 102.23.55.32 for /example
2009-02-13T15:33:44.726534 Started database query for table users
2019-02-13T15:33:44.038472 Completed database query for table users
2019-02-13T15:33:43.234543 Received request from 102.23.55.32 for /example
2018-02-13T15:33:44.726534 Started database query for table users
2019-02-13T15:33:44.038472 Completed database query for table users
2019-02-13T15:33:43.234543 Received request from 102.23.55.32 for /example
2012-02-13T15:33:44.726534 Started database query for table users
2019-02-13T15:33:44.038472 Completed database query for table users
2019-02-13T15:33:43.234543 Received request from 102.23.55.32 for /example
2019-02-13T15:33:44.726534 Started database query for table users
2019-02-13T15:33:44.038472 Completed database query for table users
2015-02-13T15:33:43.234543 Received request from 102.23.55.32 for /example
2019-02-13T15:33:44.726534 Started database query for table users
2019-02-13T15:33:44.038472 Completed database query for table users
2019-02-13T15:33:43.234543 Received request from 102.23.55.32 for /example
2019-02-13T15:33:44.726534 Started database query for table users
2019-02-13T15:33:44.038472 Completed database query for table users
2019-02-13T15:33:43.234543 Received request from 102.23.55.32 for /example
2019-02-13T15:33:44.726534 Started database query for table users
2019-02-13T15:33:44.038472 Completed database query for table users
2019-02-13T15:33:43.234543 Received request from 102.23.55.32 for /example
2019-02-13T15:33:44.726534 Started database query for table users
2019-02-13T15:33:44.038472 Completed database query for table users
2019-02-13T15:33:43.234543 Received request from 102.23.55.32 for /example
2019-02-13T15:33:44.726534 Started database query for table users
2019-02-13T15:33:44.038472 Completed database query for table users
2019-02-13T15:33:43.234543 Received request from 102.23.55.32 for /example
2019-02-13T15:33:44.726534 Started database query for table users
2019-02-13T15:33:44.038472 Completed database query for table users
2019-02-13T15:33:43.234543 Received request from 102.23.55.32 for /example
2019-02-13T15:33:44.726534 Started database query for table users
2019-02-13T15:33:44.038472 Completed database query for table users
2019-02-13T15:33:43.234543 Received request from 102.23.55.32 for /example
2019-02-13T15:33:44.726534 Started database query for table users
2019-02-13T15:33:44.038472 Completed database query for table users
2019-02-13T15:33:43.234543 Received request from 102.23.55.32 for /example
2006-02-13T15:33:44.726534 Started database query for table users
2019-02-13T15:33:44.038472 Completed database query for table users
2019-02-13T15:33:43.234543 Received request from 102.23.55.32 for /example
2009-02-13T15:33:44.726534 Started database query for table users
2019-02-13T15:33:44.038472 Completed database query for table users
2019-02-13T15:33:43.234543 Received request from 102.23.55.32 for /example
2018-02-13T15:33:44.726534 Started database query for table users
2019-02-13T15:33:44.038472 Completed database query for table users
2019-02-13T15:33:43.234543 Received request from 102.23.55.32 for /example
2012-02-13T15:33:44.726534 Started database query for table users
2019-02-13T15:33:44.038472 Completed database query for table users
2019-02-13T15:33:43.234543 Received request from 102.23.55.32 for /example
2019-02-13T15:33:44.726534 Started database query for table users
2019-02-13T15:33:44.038472 Completed database query for table users
2015-02-13T15:33:43.234543 Received request from 102.23.55.32 for /example
2019-02-13T15:33:44.726534 Started database query for table users
2019-02-13T15:33:44.038472 Completed database query for table users
2019-02-13T15:33:43.234543 Received request from 102.23.55.32 for /example
2019-02-13T15:33:44.726534 Started database query for table users
2019-02-13T15:33:44.038472 Completed database query for table users
2019-02-13T15:33:43.234543 Received request from 102.23.55.32 for /example
2019-02-13T15:33:44.726534 Started database query for table users
2019-02-13T15:33:44.038472 Completed database query for table users
2019-02-13T15:33:43.234543 Received request from 102.23.55.32 for /example
2019-02-13T15:33:44.726534 Started database query for table users
2019-02-13T15:33:44.038472 Completed database query for table users
2019-02-13T15:33:43.234543 Received request from 102.23.55.32 for /example
2019-02-13T15:33:44.726534 Started database query for table users
2019-02-13T15:33:44.038472 Completed database query for table users
2019-02-13T15:33:43.234543 Received request from 102.23.55.32 for /example
2019-02-13T15:33:44.726534 Started database query for table users
2019-02-13T15:33:44.038472 Completed database query for table users
2019-02-13T15:33:43.234543 Received request from 102.23.55.32 for /example
2019-02-13T15:33:44.726534 Started database query for table users
2019-02-13T15:33:44.038472 Completed database query for table users
2019-02-13T15:33:43.234543 Received request from 102.23.55.32 for /example
2019-02-13T15:33:44.726534 Started database query for table users
2019-02-13T15:33:44.038472 Completed database query for table users
2019-02-13T15:33:43.234543 Received request from 102.23.55.32 for /example
2006-02-13T15:33:44.726534 Started database query for table users
2019-02-13T15:33:44.038472 Completed database query for table users
2019-02-13T15:33:43.234543 Received request from 102.23.55.32 for /example
2009-02-13T15:33:44.726534 Started database query for table users
2019-02-13T15:33:44.038472 Completed database query for table users
2019-02-13T15:33:43.234543 Received request from 102.23.55.32 for /example
2018-02-13T15:33:44.726534 Started database query for table users
2019-02-13T15:33:44.038472 Completed database query for table users
2019-02-13T15:33:43.234543 Received request from 102.23.55.32 for /example
2012-02-13T15:33:44.726534 Started database query for table users
2019-02-13T15:33:44.038472 Completed database query for table users
2019-02-13T15:33:43.234543 Received request from 102.23.55.32 for /example
2019-02-13T15:33:44.726534 Started database query for table users
2019-02-13T15:33:44.038472 Completed database query for table users
2015-02-13T15:33:43.234543 Received request from 102.23.55.32 for /example
2019-02-13T15:33:44.726534 Started database query for table users
2019-02-13T15:33:44.038472 Completed database query for table users
2019-02-13T15:33:43.234543 Received request from 102.23.55.32 for /example
2019-02-13T15:33:44.726534 Started database query for table users
2019-02-13T15:33:44.038472 Completed database query for table users
2019-02-13T15:33:43.234543 Received request from 102.23.55.32 for /example
2019-02-13T15:33:44.726534 Started database query for table users
2019-02-13T15:33:44.038472 Completed database query for table users
2019-02-13T15:33:43.234543 Received request from 102.23.55.32 for /example
2019-02-13T15:33:44.726534 Started database query for table users
2019-02-13T15:33:44.038472 Completed database query for table users
2019-02-13T15:33:43.234543 Received request from 102.23.55.32 for /example
2019-02-13T15:33:44.726534 Started database query for table users
2019-02-13T15:33:44.038472 Completed database query for table users
2019-02-13T15:33:43.234543 Received request from 102.23.55.32 for /example
2019-02-13T15:33:44.726534 Started database query for table users
2019-02-13T15:33:44.038472 Completed database query for table users
2019-02-13T15:33:43.234543 Received request from 102.23.55.32 for /example
2019-02-13T15:33:44.726534 Started database query for table users
2019-02-13T15:33:44.038472 Completed database query for table users
2019-02-13T15:33:43.234543 Received request from 102.23.55.32 for /example
2019-02-13T15:33:44.726534 Started database query for table users
2019-02-13T15:33:44.038472 Completed database query for table users
2019-02-13T15:33:43.234543 Received request from 102.23.55.32 for /example
2006-02-13T15:33:44.726534 Started database query for table users
2019-02-13T15:33:44.038472 Completed database query for table users
2019-02-13T15:33:43.234543 Received request from 102.23.55.32 for /example
2009-02-13T15:33:44.726534 Started database query for table users
2019-02-13T15:33:44.038472 Completed database query for table users
2019-02-13T15:33:43.234543 Received request from 102.23.55.32 for /example
2018-02-13T15:33:44.726534 Started database query for table users
2019-02-13T15:33:44.038472 Completed database query for table users
2019-02-13T15:33:43.234543 Received request from 102.23.55.32 for /example
2012-02-13T15:33:44.726534 Started database query for table users
2019-02-13T15:33:44.038472 Completed database query for table users
2019-02-13T15:33:43.234543 Received request from 102.23.55.32 for /example
2019-02-13T15:33:44.726534 Started database query for table users
2019-02-13T15:33:44.038472 Completed database query for table users
2015-02-13T15:33:43.234543 Received request from 102.23.55.32 for /example
2019-02-13T15:33:44.726534 Started database query for table users
2019-02-13T15:33:44.038472 Completed database query for table users
2019-02-13T15:33:43.234543 Received request from 102.23.55.32 for /example
2019-02-13T15:33:44.726534 Started database query for table users
2019-02-13T15:33:44.038472 Completed database query for table users
2019-02-13T15:33:43.234543 Received request from 102.23.55.32 for /example
2019-02-13T15:33:44.726534 Started database query for table users
2019-02-13T15:33:44.038472 Completed database query for table users
2019-02-13T15:33:43.234543 Received request from 102.23.55.32 for /example
2019-02-13T15:33:44.726534 Started database query for table users
2019-02-13T15:33:44.038472 Completed database query for table users
2019-02-13T15:33:43.234543 Received request from 102.23.55.32 for /example
2019-02-13T15:33:44.726534 Started database query for table users
2019-02-13T15:33:44.038472 Completed database query for table users
2019-02-13T15:33:43.234543 Received request from 102.23.55.32 for /example
2019-02-13T15:33:44.726534 Started database query for table users
2019-02-13T15:33:44.038472 Completed database query for table users
2019-02-13T15:33:43.234543 Received request from 102.23.55.32 for /example
2019-02-13T15:33:44.726534 Started database query for table users
2019-02-13T15:33:44.038472 Completed database query for table users
2019-02-13T15:33:43.234543 Received request from 102.23.55.32 for /example
2019-02-13T15:33:44.726534 Started database query for table users
2019-02-13T15:33:44.038472 Completed database query for table users
2019-02-13T15:33:43.234543 Received request from 102.23.55.32 for /example
2006-02-13T15:33:44.726534 Started database query for table users
2019-02-13T15:33:44.038472 Completed database query for table users
2019-02-13T15:33:43.234543 Received request from 102.23.55.32 for /example
2009-02-13T15:33:44.726534 Started database query for table users
2019-02-13T15:33:44.038472 Completed database query for table users
2019-02-13T15:33:43.234543 Received request from 102.23.55.32 for /example
2018-02-13T15:33:44.726534 Started database query for table users
2019-02-13T15:33:44.038472 Completed database query for table users
2019-02-13T15:33:43.234543 Received request from 102.23.55.32 for /example
2012-02-13T15:33:44.726534 Started database query for table users
2019-02-13T15:33:44.038472 Completed database query for table users
2019-02-13T15:33:43.234543 Received request from 102.23.55.32 for /example
2019-02-13T15:33:44.726534 Started database query for table users
2019-02-13T15:33:44.038472 Completed database query for table users
2015-02-13T15:33:43.234543 Received request from 102.23.55.32 for /example
2019-02-13T15:33:44.726534 Started database query for table users
2019-02-13T15:33:44.038472 Completed database query for table users
2019-02-13T15:33:43.234543 Received request from 102.23.55.32 for /example
2019-02-13T15:33:44.726534 Started database query for table users
2019-02-13T15:33:44.038472 Completed database query for table users
2019-02-13T15:33:43.234543 Received request from 102.23.55.32 for /example
2019-02-13T15:33:44.726534 Started database query for table users
2019-02-13T15:33:44.038472 Completed database query for table users
2019-02-13T15:33:43.234543 Received request from 102.23.55.32 for /example
2019-02-13T15:33:44.726534 Started database query for table users
2019-02-13T15:33:44.038472 Completed database query for table users
2019-02-13T15:33:43.234543 Received request from 102.23.55.32 for /example
2019-02-13T15:33:44.726534 Started database query for table users
2019-02-13T15:33:44.038472 Completed database query for table users
2019-02-13T15:33:43.234543 Received request from 102.23.55.32 for /example
2019-02-13T15:33:44.726534 Started database query for table users
2019-02-13T15:33:44.038472 Completed database query for table users
2019-02-13T15:33:43.234543 Received request from 102.23.55.32 for /example
2019-02-13T15:33:44.726534 Started database query for table users
2019-02-13T15:33:44.038472 Completed database query for table users
2019-02-13T15:33:43.234543 Received request from 102.23.55.32 for /example
2019-02-13T15:33:44.726534 Started database query for table users
2019-02-13T15:33:44.038472 Completed database query for table users
2019-02-13T15:33:43.234543 Received request from 102.23.55.32 for /example
2006-02-13T15:33:44.726534 Started database query for table users
2019-02-13T15:33:44.038472 Completed database query for table users
2019-02-13T15:33:43.234543 Received request from 102.23.55.32 for /example
2009-02-13T15:33:44.726534 Started database query for table users
2019-02-13T15:33:44.038472 Completed database query for table users
2019-02-13T15:33:43.234543 Received request from 102.23.55.32 for /example
2018-02-13T15:33:44.726534 Started database query for table users
2019-02-13T15:33:44.038472 Completed database query for table users
2019-02-13T15:33:43.234543 Received request from 102.23.55.32 for /example
2012-02-13T15:33:44.726534 Started database query for table users
2019-02-13T15:33:44.038472 Completed database query for table users
2019-02-13T15:33:43.234543 Received request from 102.23.55.32 for /example
2019-02-13T15:33:44.726534 Started database query for table users
2019-02-13T15:33:44.038472 Completed database query for table users
2015-02-13T15:33:43.234543 Received request from 102.23.55.32 for /example
2019-02-13T15:33:44.726534 Started database query for table users
2019-02-13T15:33:44.038472 Completed database query for table users
2019-02-13T15:33:43.234543 Received request from 102.23.55.32 for /example
2019-02-13T15:33:44.726534 Started database query for table users
2019-02-13T15:33:44.038472 Completed database query for table users
2019-02-13T15:33:43.234543 Received request from 102.23.55.32 for /example
2019-02-13T15:33:44.726534 Started database query for table users
2019-02-13T15:33:44.038472 Completed database query for table users
2019-02-13T15:33:43.234543 Received request from 102.23.55.32 for /example
2019-02-13T15:33:44.726534 Started database query for table users
2019-02-13T15:33:44.038472 Completed database query for table users
2019-02-13T15:33:43.234543 Received request from 102.23.55.32 for /example
2019-02-13T15:33:44.726534 Started database query for table users
2019-02-13T15:33:44.038472 Completed database query for table users
2019-02-13T15:33:43.234543 Received request from 102.23.55.32 for /example
2019-02-13T15:33:44.726534 Started database query for table users
2019-02-13T15:33:44.038472 Completed database query for table users
2019-02-13T15:33:43.234543 Received request from 102.23.55.32 for /example
2019-02-13T15:33:44.726534 Started database query for table users
2019-02-13T15:33:44.038472 Completed database query for table users
2019-02-13T15:33:43.234543 Received request from 102.23.55.32 for /example
2019-02-13T15:33:44.726534 Started database query for table users
2019-02-13T15:33:44.038472 Completed database query for table users
2019-02-13T15:33:43.234543 Received request from 102.23.55.32 for /example
2006-02-13T15:33:44.726534 Started database query for table users
2019-02-13T15:33:44.038472 Completed database query for table users
2019-02-13T15:33:43.234543 Received request from 102.23.55.32 for /example
2009-02-13T15:33:44.726534 Started database query for table users
2019-02-13T15:33:44.038472 Completed database query for table users
2019-02-13T15:33:43.234543 Received request from 102.23.55.32 for /example
2018-02-13T15:33:44.726534 Started database query for table users
2019-02-13T15:33:44.038472 Completed database query for table users
2019-02-13T15:33:43.234543 Received request from 102.23.55.32 for /example
2012-02-13T15:33:44.726534 Started database query for table users
2019-02-13T15:33:44.038472 Completed database query for table users
2019-02-13T15:33:43.234543 Received request from 102.23.55.32 for /example
2019-02-13T15:33:44.726534 Started database query for table users
2019-02-13T15:33:44.038472 Completed database query for table users
2015-02-13T15:33:43.234543 Received request from 102.23.55.32 for /example
2019-02-13T15:33:44.726534 Started database query for table users
2019-02-13T15:33:44.038472 Completed database query for table users
2019-02-13T15:33:43.234543 Received request from 102.23.55.32 for /example
2019-02-13T15:33:44.726534 Started database query for table users
2019-02-13T15:33:44.038472 Completed database query for table users
2019-02-13T15:33:43.234543 Received request from 102.23.55.32 for /example
2019-02-13T15:33:44.726534 Started database query for table users
2019-02-13T15:33:44.038472 Completed database query for table users
2019-02-13T15:33:43.234543 Received request from 102.23.55.32 for /example
2019-02-13T15:33:44.726534 Started database query for table users
2019-02-13T15:33:44.038472 Completed database query for table users
2019-02-13T15:33:43.234543 Received request from 102.23.55.32 for /example
2019-02-13T15:33:44.726534 Started database query for table users
2019-02-13T15:33:44.038472 Completed database query for table users
2019-02-13T15:33:43.234543 Received request from 102.23.55.32 for /example
2019-02-13T15:33:44.726534 Started database query for table users
2019-02-13T15:33:44.038472 Completed database query for table users
2019-02-13T15:33:43.234543 Received request from 102.23.55.32 for /example
2019-02-13T15:33:44.726534 Started database query for table users
2019-02-13T15:33:44.038472 Completed database query for table users
2019-02-13T15:33:43.234543 Received request from 102.23.55.32 for /example
2019-02-13T15:33:44.726534 Started database query for table users
2019-02-13T15:33:44.038472 Completed database query for table users
2019-02-13T15:33:43.234543 Received request from 102.23.55.32 for /example
2006-02-13T15:33:44.726534 Started database query for table users
2019-02-13T15:33:44.038472 Completed database query for table users
2019-02-13T15:33:43.234543 Received request from 102.23.55.32 for /example
2009-02-13T15:33:44.726534 Started database query for table users
2019-02-13T15:33:44.038472 Completed database query for table users
2019-02-13T15:33:43.234543 Received request from 102.23.55.32 for /example
2018-02-13T15:33:44.726534 Started database query for table users
2019-02-13T15:33:44.038472 Completed database query for table users
2019-02-13T15:33:43.234543 Received request from 102.23.55.32 for /example
2012-02-13T15:33:44.726534 Started database query for table users
2019-02-13T15:33:44.038472 Completed database query for table users
2019-02-13T15:33:43.234543 Received request from 102.23.55.32 for /example
2019-02-13T15:33:44.726534 Started database query for table users
2019-02-13T15:33:44.038472 Completed database query for table users
2015-02-13T15:33:43.234543 Received request from 102.23.55.32 for /example
2019-02-13T15:33:44.726534 Started database query for table users
2019-02-13T15:33:44.038472 Completed database query for table users
2019-02-13T15:33:43.234543 Received request from 102.23.55.32 for /example
2019-02-13T15:33:44.726534 Started database query for table users
2019-02-13T15:33:44.038472 Completed database query for table users
2019-02-13T15:33:43.234543 Received request from 102.23.55.32 for /example
2019-02-13T15:33:44.726534 Started database query for table users
2019-02-13T15:33:44.038472 Completed database query for table users
2019-02-13T15:33:43.234543 Received request from 102.23.55.32 for /example
2019-02-13T15:33:44.726534 Started database query for table users
2019-02-13T15:33:44.038472 Completed database query for table users
2019-02-13T15:33:43.234543 Received request from 102.23.55.32 for /example
2019-02-13T15:33:44.726534 Started database query for table users
2019-02-13T15:33:44.038472 Completed database query for table users
2019-02-13T15:33:43.234543 Received request from 102.23.55.32 for /example
2019-02-13T15:33:44.726534 Started database query for table users
2019-02-13T15:33:44.038472 Completed database query for table users
2019-02-13T15:33:43.234543 Received request from 102.23.55.32 for /example
2019-02-13T15:33:44.726534 Started database query for table users
2019-02-13T15:33:44.038472 Completed database query for table users
2019-02-13T15:33:43.234543 Received request from 102.23.55.32 for /example
2019-02-13T15:33:44.726534 Started database query for table users
2019-02-13T15:33:44.038472 Completed database query for table users
2019-02-13T15:33:43.234543 Received request from 102.23.55.32 for /example
2006-02-13T15:33:44.726534 Started database query for table users
2019-02-13T15:33:44.038472 Completed database query for table users
2019-02-13T15:33:43.234543 Received request from 102.23.55.32 for /example
2009-02-13T15:33:44.726534 Started database query for table users
2019-02-13T15:33:44.038472 Completed database query for table users
2019-02-13T15:33:43.234543 Received request from 102.23.55.32 for /example
2018-02-13T15:33:44.726534 Started database query for table users
2019-02-13T15:33:44.038472 Completed database query for table users
2019-02-13T15:33:43.234543 Received request from 102.23.55.32 for /example
2012-02-13T15:33:44.726534 Started database query for table users
2019-02-13T15:33:44.038472 Completed database query for table users
2019-02-13T15:33:43.234543 Received request from 102.23.55.32 for /example
2019-02-13T15:33:44.726534 Started database query for table users
2019-02-13T15:33:44.038472 Completed database query for table users
2015-02-13T15:33:43.234543 Received request from 102.23.55.32 for /example
2019-02-13T15:33:44.726534 Started database query for table users
2019-02-13T15:33:44.038472 Completed database query for table users
2019-02-13T15:33:43.234543 Received request from 102.23.55.32 for /example
2019-02-13T15:33:44.726534 Started database query for table users
2019-02-13T15:33:44.038472 Completed database query for table users
2019-02-13T15:33:43.234543 Received request from 102.23.55.32 for /example
2019-02-13T15:33:44.726534 Started database query for table users
2019-02-13T15:33:44.038472 Completed database query for table users
2019-02-13T15:33:43.234543 Received request from 102.23.55.32 for /example
2019-02-13T15:33:44.726534 Started database query for table users
2019-02-13T15:33:44.038472 Completed database query for table users
2019-02-13T15:33:43.234543 Received request from 102.23.55.32 for /example
2019-02-13T15:33:44.726534 Started database query for table users
2019-02-13T15:33:44.038472 Completed database query for table users
2019-02-13T15:33:43.234543 Received request from 102.23.55.32 for /example
2019-02-13T15:33:44.726534 Started database query for table users
2019-02-13T15:33:44.038472 Completed database query for table users
2019-02-13T15:33:43.234543 Received request from 102.23.55.32 for /example
2019-02-13T15:33:44.726534 Started database query for table users
2019-02-13T15:33:44.038472 Completed database query for table users
2019-02-13T15:33:43.234543 Received request from 102.23.55.32 for /example
2019-02-13T15:33:44.726534 Started database query for table users
2019-02-13T15:33:44.038472 Completed database query for table users
2019-02-13T15:33:43.234543 Received request from 102.23.55.32 for /example
2006-02-13T15:33:44.726534 Started database query for table users
2019-02-13T15:33:44.038472 Completed database query for table users
2019-02-13T15:33:43.234543 Received request from 102.23.55.32 for /example
2009-02-13T15:33:44.726534 Started database query for table users
2019-02-13T15:33:44.038472 Completed database query for table users
2019-02-13T15:33:43.234543 Received request from 102.23.55.32 for /example
2018-02-13T15:33:44.726534 Started database query for table users
2019-02-13T15:33:44.038472 Completed database query for table users
2019-02-13T15:33:43.234543 Received request from 102.23.55.32 for /example
2012-02-13T15:33:44.726534 Started database query for table users
2019-02-13T15:33:44.038472 Completed database query for table users
2019-02-13T15:33:43.234543 Received request from 102.23.55.32 for /example
2019-02-13T15:33:44.726534 Started database query for table users
2019-02-13T15:33:44.038472 Completed database query for table users
2015-02-13T15:33:43.234543 Received request from 102.23.55.32 for /example
2019-02-13T15:33:44.726534 Started database query for table users
2019-02-13T15:33:44.038472 Completed database query for table users
2019-02-13T15:33:43.234543 Received request from 102.23.55.32 for /example
2019-02-13T15:33:44.726534 Started database query for table users
2019-02-13T15:33:44.038472 Completed database query for table users
2019-02-13T15:33:43.234543 Received request from 102.23.55.32 for /example
2019-02-13T15:33:44.726534 Started database query for table users
2019-02-13T15:33:44.038472 Completed database query for table users
2019-02-13T15:33:43.234543 Received request from 102.23.55.32 for /example
2019-02-13T15:33:44.726534 Started database query for table users
2019-02-13T15:33:44.038472 Completed database query for table users
2019-02-13T15:33:43.234543 Received request from 102.23.55.32 for /example
2019-02-13T15:33:44.726534 Started database query for table users
2019-02-13T15:33:44.038472 Completed database query for table users
2019-02-13T15:33:43.234543 Received request from 102.23.55.32 for /example
2019-02-13T15:33:44.726534 Started database query for table users
2019-02-13T15:33:44.038472 Completed database query for table users
2019-02-13T15:33:43.234543 Received request from 102.23.55.32 for /example
2019-02-13T15:33:44.726534 Started database query for table users
2019-02-13T15:33:44.038472 Completed database query for table users
2019-02-13T15:33:43.234543 Received request from 102.23.55.32 for /example
2019-02-13T15:33:44.726534 Started database query for table users
2019-02-13T15:33:44.038472 Completed database query for table users
2019-02-13T15:33:43.234543 Received request from 102.23.55.32 for /example
2006-02-13T15:33:44.726534 Started database query for table users
2019-02-13T15:33:44.038472 Completed database query for table users
2019-02-13T15:33:43.234543 Received request from 102.23.55.32 for /example
2009-02-13T15:33:44.726534 Started database query for table users
2019-02-13T15:33:44.038472 Completed database query for table users
2019-02-13T15:33:43.234543 Received request from 102.23.55.32 for /example
2018-02-13T15:33:44.726534 Started database query for table users
2019-02-13T15:33:44.038472 Completed database query for table users
2019-02-13T15:33:43.234543 Received request from 102.23.55.32 for /example
2012-02-13T15:33:44.726534 Started database query for table users
2019-02-13T15:33:44.038472 Completed database query for table users
2019-02-13T15:33:43.234543 Received request from 102.23.55.32 for /example
2019-02-13T15:33:44.726534 Started database query for table users
2019-02-13T15:33:44.038472 Completed database query for table users
2015-02-13T15:33:43.234543 Received request from 102.23.55.32 for /example
2019-02-13T15:33:44.726534 Started database query for table users
2019-02-13T15:33:44.038472 Completed database query for table users
2019-02-13T15:33:43.234543 Received request from 102.23.55.32 for /example
2019-02-13T15:33:44.726534 Started database query for table users
2019-02-13T15:33:44.038472 Completed database query for table users
2019-02-13T15:33:43.234543 Received request from 102.23.55.32 for /example
2019-02-13T15:33:44.726534 Started database query for table users
2019-02-13T15:33:44.038472 Completed database query for table users
2019-02-13T15:33:43.234543 Received request from 102.23.55.32 for /example
2019-02-13T15:33:44.726534 Started database query for table users
2019-02-13T15:33:44.038472 Completed database query for table users
2019-02-13T15:33:43.234543 Received request from 102.23.55.32 for /example
2019-02-13T15:33:44.726534 Started database query for table users
2019-02-13T15:33:44.038472 Completed database query for table users
2019-02-13T15:33:43.234543 Received request from 102.23.55.32 for /example
2019-02-13T15:33:44.726534 Started database query for table users
2019-02-13T15:33:44.038472 Completed database query for table users
2019-02-13T15:33:43.234543 Received request from 102.23.55.32 for /example
2019-02-13T15:33:44.726534 Started database query for table users
2019-02-13T15:33:44.038472 Completed database query for table users
2019-02-13T15:33:43.234543 Received request from 102.23.55.32 for /example
2019-02-13T15:33:44.726534 Started database query for table users
2019-02-13T15:33:44.038472 Completed database query for table users
2019-02-13T15:33:43.234543 Received request from 102.23.55.32 for /example
2006-02-13T15:33:44.726534 Started database query for table users
2019-02-13T15:33:44.038472 Completed database query for table users
2019-02-13T15:33:43.234543 Received request from 102.23.55.32 for /example
2009-02-13T15:33:44.726534 Started database query for table users
2019-02-13T15:33:44.038472 Completed database query for table users
2019-02-13T15:33:43.234543 Received request from 102.23.55.32 for /example
2018-02-13T15:33:44.726534 Started database query for table users
2019-02-13T15:33:44.038472 Completed database query for table users
2019-02-13T15:33:43.234543 Received request from 102.23.55.32 for /example
2012-02-13T15:33:44.726534 Started database query for table users
2019-02-13T15:33:44.038472 Completed database query for table users
2019-02-13T15:33:43.234543 Received request from 102.23.55.32 for /example
2019-02-13T15:33:44.726534 Started database query for table users
2019-02-13T15:33:44.038472 Completed database query for table users
2015-02-13T15:33:43.234543 Received request from 102.23.55.32 for /example
2019-02-13T15:33:44.726534 Started database query for table users
2019-02-13T15:33:44.038472 Completed database query for table users
2019-02-13T15:33:43.234543 Received request from 102.23.55.32 for /example
2019-02-13T15:33:44.726534 Started database query for table users
2019-02-13T15:33:44.038472 Completed database query for table users
2019-02-13T15:33:43.234543 Received request from 102.23.55.32 for /example
2019-02-13T15:33:44.726534 Started database query for table users
2019-02-13T15:33:44.038472 Completed database query for table users
2019-02-13T15:33:43.234543 Received request from 102.23.55.32 for /example
2019-02-13T15:33:44.726534 Started database query for table users
2019-02-13T15:33:44.038472 Completed database query for table users
2019-02-13T15:33:43.234543 Received request from 102.23.55.32 for /example
2019-02-13T15:33:44.726534 Started database query for table users
2019-02-13T15:33:44.038472 Completed database query for table users
2019-02-13T15:33:43.234543 Received request from 102.23.55.32 for /example
2019-02-13T15:33:44.726534 Started database query for table users
2019-02-13T15:33:44.038472 Completed database query for table users
2019-02-13T15:33:43.234543 Received request from 102.23.55.32 for /example
2019-02-13T15:33:44.726534 Started database query for table users
2019-02-13T15:33:44.038472 Completed database query for table users
2019-02-13T15:33:43.234543 Received request from 102.23.55.32 for /example
2019-02-13T15:33:44.726534 Started database query for table users
2019-02-13T15:33:44.038472 Completed database query for table users
2019-02-13T15:33:43.234543 Received request from 102.23.55.32 for /example
2006-02-13T15:33:44.726534 Started database query for table users
2019-02-13T15:33:44.038472 Completed database query for table users
2019-02-13T15:33:43.234543 Received request from 102.23.55.32 for /example
2009-02-13T15:33:44.726534 Started database query for table users
2019-02-13T15:33:44.038472 Completed database query for table users
2019-02-13T15:33:43.234543 Received request from 102.23.55.32 for /example
2018-02-13T15:33:44.726534 Started database query for table users
2019-02-13T15:33:44.038472 Completed database query for table users
2019-02-13T15:33:43.234543 Received request from 102.23.55.32 for /example
2012-02-13T15:33:44.726534 Started database query for table users
2019-02-13T15:33:44.038472 Completed database query for table users
2019-02-13T15:33:43.234543 Received request from 102.23.55.32 for /example
2019-02-13T15:33:44.726534 Started database query for table users
2019-02-13T15:33:44.038472 Completed database query for table users
2015-02-13T15:33:43.234543 Received request from 102.23.55.32 for /example
2019-02-13T15:33:44.726534 Started database query for table users
2019-02-13T15:33:44.038472 Completed database query for table users
2019-02-13T15:33:43.234543 Received request from 102.23.55.32 for /example
2019-02-13T15:33:44.726534 Started database query for table users
2019-02-13T15:33:44.038472 Completed database query for table users
2019-02-13T15:33:43.234543 Received request from 102.23.55.32 for /example
2019-02-13T15:33:44.726534 Started database query for table users
2019-02-13T15:33:44.038472 Completed database query for table users
2019-02-13T15:33:43.234543 Received request from 102.23.55.32 for /example
2019-02-13T15:33:44.726534 Started database query for table users
2019-02-13T15:33:44.038472 Completed database query for table users
2019-02-13T15:33:43.234543 Received request from 102.23.55.32 for /example
2019-02-13T15:33:44.726534 Started database query for table users
2019-02-13T15:33:44.038472 Completed database query for table users
2019-02-13T15:33:43.234543 Received request from 102.23.55.32 for /example
2019-02-13T15:33:44.726534 Started database query for table users
2019-02-13T15:33:44.038472 Completed database query for table users
2019-02-13T15:33:43.234543 Received request from 102.23.55.32 for /example
2019-02-13T15:33:44.726534 Started database query for table users
2019-02-13T15:33:44.038472 Completed database query for table users
2019-02-13T15:33:43.234543 Received request from 102.23.55.32 for /example
2019-02-13T15:33:44.726534 Started database query for table users
2019-02-13T15:33:44.038472 Completed database query for table users
2019-02-13T15:33:43.234543 Received request from 102.23.55.32 for /example
2006-02-13T15:33:44.726534 Started database query for table users
2019-02-13T15:33:44.038472 Completed database query for table users
2019-02-13T15:33:43.234543 Received request from 102.23.55.32 for /example
2009-02-13T15:33:44.726534 Started database query for table users
2019-02-13T15:33:44.038472 Completed database query for table users
2019-02-13T15:33:43.234543 Received request from 102.23.55.32 for /example
2018-02-13T15:33:44.726534 Started database query for table users
2019-02-13T15:33:44.038472 Completed database query for table users
2019-02-13T15:33:43.234543 Received request from 102.23.55.32 for /example
2012-02-13T15:33:44.726534 Started database query for table users
2019-02-13T15:33:44.038472 Completed database query for table users
2019-02-13T15:33:43.234543 Received request from 102.23.55.32 for /example
2019-02-13T15:33:44.726534 Started database query for table users
2019-02-13T15:33:44.038472 Completed database query for table users
2015-02-13T15:33:43.234543 Received request from 102.23.55.32 for /example
2019-02-13T15:33:44.726534 Started database query for table users
2019-02-13T15:33:44.038472 Completed database query for table users
2019-02-13T15:33:43.234543 Received request from 102.23.55.32 for /example
2019-02-13T15:33:44.726534 Started database query for table users
2019-02-13T15:33:44.038472 Completed database query for table users
2019-02-13T15:33:43.234543 Received request from 102.23.55.32 for /example
2019-02-13T15:33:44.726534 Started database query for table users
2019-02-13T15:33:44.038472 Completed database query for table users
2019-02-13T15:33:43.234543 Received request from 102.23.55.32 for /example
2019-02-13T15:33:44.726534 Started database query for table users
2019-02-13T15:33:44.038472 Completed database query for table users
2019-02-13T15:33:43.234543 Received request from 102.23.55.32 for /example
2019-02-13T15:33:44.726534 Started database query for table users
2019-02-13T15:33:44.038472 Completed database query for table users
2019-02-13T15:33:43.234543 Received request from 102.23.55.32 for /example
2019-02-13T15:33:44.726534 Started database query for table users
2019-02-13T15:33:44.038472 Completed database query for table users
2019-02-13T15:33:43.234543 Received request from 102.23.55.32 for /example
2019-02-13T15:33:44.726534 Started database query for table users
2019-02-13T15:33:44.038472 Completed database query for table users
2019-02-13T15:33:43.234543 Received request from 102.23.55.32 for /example
2019-02-13T15:33:44.726534 Started database query for table users
2019-02-13T15:33:44.038472 Completed database query for table users
2019-02-13T15:33:43.234543 Received request from 102.23.55.32 for /example
2006-02-13T15:33:44.726534 Started database query for table users
2019-02-13T15:33:44.038472 Completed database query for table users
2019-02-13T15:33:43.234543 Received request from 102.23.55.32 for /example
2009-02-13T15:33:44.726534 Started database query for table users
2019-02-13T15:33:44.038472 Completed database query for table users
2019-02-13T15:33:43.234543 Received request from 102.23.55.32 for /example
2018-02-13T15:33:44.726534 Started database query for table users
2019-02-13T15:33:44.038472 Completed database query for table users
2019-02-13T15:33:43.234543 Received request from 102.23.55.32 for /example
2012-02-13T15:33:44.726534 Started database query for table users
2019-02-13T15:33:44.038472 Completed database query for table users
2019-02-13T15:33:43.234543 Received request from 102.23.55.32 for /example
2019-02-13T15:33:44.726534 Started database query for table users
2019-02-13T15:33:44.038472 Completed database query for table users
2015-02-13T15:33:43.234543 Received request from 102.23.55.32 for /example
2019-02-13T15:33:44.726534 Started database query for table users
2019-02-13T15:33:44.038472 Completed database query for table users
2019-02-13T15:33:43.234543 Received request from 102.23.55.32 for /example
2019-02-13T15:33:44.726534 Started database query for table users
2019-02-13T15:33:44.038472 Completed database query for table users
2019-02-13T15:33:43.234543 Received request from 102.23.55.32 for /example
2019-02-13T15:33:44.726534 Started database query for table users
2019-02-13T15:33:44.038472 Completed database query for table users
2019-02-13T15:33:43.234543 Received request from 102.23.55.32 for /example
2019-02-13T15:33:44.726534 Started database query for table users
2019-02-13T15:33:44.038472 Completed database query for table users
2019-02-13T15:33:43.234543 Received request from 102.23.55.32 for /example
2019-02-13T15:33:44.726534 Started database query for table users
2019-02-13T15:33:44.038472 Completed database query for table users
2019-02-13T15:33:43.234543 Received request from 102.23.55.32 for /example
2019-02-13T15:33:44.726534 Started database query for table users
2019-02-13T15:33:44.038472 Completed database query for table users
2019-02-13T15:33:43.234543 Received request from 102.23.55.32 for /example
2019-02-13T15:33:44.726534 Started database query for table users
2019-02-13T15:33:44.038472 Completed database query for table users
2019-02-13T15:33:43.234543 Received request from 102.23.55.32 for /example
2019-02-13T15:33:44.726534 Started database query for table users
2019-02-13T15:33:44.038472 Completed database query for table users
2019-02-13T15:33:43.234543 Received request from 102.23.55.32 for /example
2006-02-13T15:33:44.726534 Started database query for table users
2019-02-13T15:33:44.038472 Completed database query for table users
2019-02-13T15:33:43.234543 Received request from 102.23.55.32 for /example
2009-02-13T15:33:44.726534 Started database query for table users
2019-02-13T15:33:44.038472 Completed database query for table users
2019-02-13T15:33:43.234543 Received request from 102.23.55.32 for /example
2018-02-13T15:33:44.726534 Started database query for table users
2019-02-13T15:33:44.038472 Completed database query for table users
2019-02-13T15:33:43.234543 Received request from 102.23.55.32 for /example
2012-02-13T15:33:44.726534 Started database query for table users
2019-02-13T15:33:44.038472 Completed database query for table users
2019-02-13T15:33:43.234543 Received request from 102.23.55.32 for /example
2019-02-13T15:33:44.726534 Started database query for table users
2019-02-13T15:33:44.038472 Completed database query for table users
2015-02-13T15:33:43.234543 Received request from 102.23.55.32 for /example
2019-02-13T15:33:44.726534 Started database query for table users
2019-02-13T15:33:44.038472 Completed database query for table users
2019-02-13T15:33:43.234543 Received request from 102.23.55.32 for /example
2019-02-13T15:33:44.726534 Started database query for table users
2019-02-13T15:33:44.038472 Completed database query for table users
2019-02-13T15:33:43.234543 Received request from 102.23.55.32 for /example
2019-02-13T15:33:44.726534 Started database query for table users
2019-02-13T15:33:44.038472 Completed database query for table users
2019-02-13T15:33:43.234543 Received request from 102.23.55.32 for /example
2019-02-13T15:33:44.726534 Started database query for table users
2019-02-13T15:33:44.038472 Completed database query for table users
2019-02-13T15:33:43.234543 Received request from 102.23.55.32 for /example
2019-02-13T15:33:44.726534 Started database query for table users
2019-02-13T15:33:44.038472 Completed database query for table users
2019-02-13T15:33:43.234543 Received request from 102.23.55.32 for /example
2019-02-13T15:33:44.726534 Started database query for table users
2019-02-13T15:33:44.038472 Completed database query for table users
2019-02-13T15:33:43.234543 Received request from 102.23.55.32 for /example
2019-02-13T15:33:44.726534 Started database query for table users
2019-02-13T15:33:44.038472 Completed database query for table users
2019-02-13T15:33:43.234543 Received request from 102.23.55.32 for /example
2019-02-13T15:33:44.726534 Started database query for table users
2019-02-13T15:33:44.038472 Completed database query for table users
2019-02-13T15:33:43.234543 Received request from 102.23.55.32 for /example
2006-02-13T15:33:44.726534 Started database query for table users
2019-02-13T15:33:44.038472 Completed database query for table users
2019-02-13T15:33:43.234543 Received request from 102.23.55.32 for /example
2009-02-13T15:33:44.726534 Started database query for table users
2019-02-13T15:33:44.038472 Completed database query for table users
2019-02-13T15:33:43.234543 Received request from 102.23.55.32 for /example
2018-02-13T15:33:44.726534 Started database query for table users
2019-02-13T15:33:44.038472 Completed database query for table users
2019-02-13T15:33:43.234543 Received request from 102.23.55.32 for /example
2012-02-13T15:33:44.726534 Started database query for table users
2019-02-13T15:33:44.038472 Completed database query for table users
2019-02-13T15:33:43.234543 Received request from 102.23.55.32 for /example
2019-02-13T15:33:44.726534 Started database query for table users
2019-02-13T15:33:44.038472 Completed database query for table users
2015-02-13T15:33:43.234543 Received request from 102.23.55.32 for /example
2019-02-13T15:33:44.726534 Started database query for table users
2019-02-13T15:33:44.038472 Completed database query for table users
2019-02-13T15:33:43.234543 Received request from 102.23.55.32 for /example
2019-02-13T15:33:44.726534 Started database query for table users
2019-02-13T15:33:44.038472 Completed database query for table users
2019-02-13T15:33:43.234543 Received request from 102.23.55.32 for /example
2019-02-13T15:33:44.726534 Started database query for table users
2019-02-13T15:33:44.038472 Completed database query for table users
2019-02-13T15:33:43.234543 Received request from 102.23.55.32 for /example
2019-02-13T15:33:44.726534 Started database query for table users
2019-02-13T15:33:44.038472 Completed database query for table users
2019-02-13T15:33:43.234543 Received request from 102.23.55.32 for /example
2019-02-13T15:33:44.726534 Started database query for table users
2019-02-13T15:33:44.038472 Completed database query for table users
2019-02-13T15:33:43.234543 Received request from 102.23.55.32 for /example
2019-02-13T15:33:44.726534 Started database query for table users
2019-02-13T15:33:44.038472 Completed database query for table users
2019-02-13T15:33:43.234543 Received request from 102.23.55.32 for /example
2019-02-13T15:33:44.726534 Started database query for table users
2019-02-13T15:33:44.038472 Completed database query for table users
2019-02-13T15:33:43.234543 Received request from 102.23.55.32 for /example
2019-02-13T15:33:44.726534 Started database query for table users
2019-02-13T15:33:44.038472 Completed database query for table users
2019-02-13T15:33:43.234543 Received request from 102.23.55.32 for /example
2006-02-13T15:33:44.726534 Started database query for table users
2019-02-13T15:33:44.038472 Completed database query for table users
2019-02-13T15:33:43.234543 Received request from 102.23.55.32 for /example
2009-02-13T15:33:44.726534 Started database query for table users
2019-02-13T15:33:44.038472 Completed database query for table users
2019-02-13T15:33:43.234543 Received request from 102.23.55.32 for /example
2018-02-13T15:33:44.726534 Started database query for table users
2019-02-13T15:33:44.038472 Completed database query for table users
2019-02-13T15:33:43.234543 Received request from 102.23.55.32 for /example
2012-02-13T15:33:44.726534 Started database query for table users
2019-02-13T15:33:44.038472 Completed database query for table users
2019-02-13T15:33:43.234543 Received request from 102.23.55.32 for /example
2019-02-13T15:33:44.726534 Started database query for table users
2019-02-13T15:33:44.038472 Completed database query for table users
2015-02-13T15:33:43.234543 Received request from 102.23.55.32 for /example
2019-02-13T15:33:44.726534 Started database query for table users
2019-02-13T15:33:44.038472 Completed database query for table users
2019-02-13T15:33:43.234543 Received request from 102.23.55.32 for /example
2019-02-13T15:33:44.726534 Started database query for table users
2019-02-13T15:33:44.038472 Completed database query for table users
2019-02-13T15:33:43.234543 Received request from 102.23.55.32 for /example
2019-02-13T15:33:44.726534 Started database query for table users
2019-02-13T15:33:44.038472 Completed database query for table users
2019-02-13T15:33:43.234543 Received request from 102.23.55.32 for /example
2019-02-13T15:33:44.726534 Started database query for table users
2019-02-13T15:33:44.038472 Completed database query for table users
2019-02-13T15:33:43.234543 Received request from 102.23.55.32 for /example
2019-02-13T15:33:44.726534 Started database query for table users
2019-02-13T15:33:44.038472 Completed database query for table users
2019-02-13T15:33:43.234543 Received request from 102.23.55.32 for /example
2019-02-13T15:33:44.726534 Started database query for table users
2019-02-13T15:33:44.038472 Completed database query for table users
2019-02-13T15:33:43.234543 Received request from 102.23.55.32 for /example
2019-02-13T15:33:44.726534 Started database query for table users
2019-02-13T15:33:44.038472 Completed database query for table users
2019-02-13T15:33:43.234543 Received request from 102.23.55.32 for /example
2019-02-13T15:33:44.726534 Started database query for table users
2019-02-13T15:33:44.038472 Completed database query for table users
2019-02-13T15:33:43.234543 Received request from 102.23.55.32 for /example
2006-02-13T15:33:44.726534 Started database query for table users
2019-02-13T15:33:44.038472 Completed database query for table users
2019-02-13T15:33:43.234543 Received request from 102.23.55.32 for /example
2009-02-13T15:33:44.726534 Started database query for table users
2019-02-13T15:33:44.038472 Completed database query for table users
2019-02-13T15:33:43.234543 Received request from 102.23.55.32 for /example
2018-02-13T15:33:44.726534 Started database query for table users
2019-02-13T15:33:44.038472 Completed database query for table users
2019-02-13T15:33:43.234543 Received request from 102.23.55.32 for /example
2012-02-13T15:33:44.726534 Started database query for table users
2019-02-13T15:33:44.038472 Completed database query for table users
2019-02-13T15:33:43.234543 Received request from 102.23.55.32 for /example
2019-02-13T15:33:44.726534 Started database query for table users
2019-02-13T15:33:44.038472 Completed database query for table users
2015-02-13T15:33:43.234543 Received request from 102.23.55.32 for /example
2019-02-13T15:33:44.726534 Started database query for table users
2019-02-13T15:33:44.038472 Completed database query for table users
2019-02-13T15:33:43.234543 Received request from 102.23.55.32 for /example
2019-02-13T15:33:44.726534 Started database query for table users
2019-02-13T15:33:44.038472 Completed database query for table users
2019-02-13T15:33:43.234543 Received request from 102.23.55.32 for /example
2019-02-13T15:33:44.726534 Started database query for table users
2019-02-13T15:33:44.038472 Completed database query for table users
2019-02-13T15:33:43.234543 Received request from 102.23.55.32 for /example
2019-02-13T15:33:44.726534 Started database query for table users
2019-02-13T15:33:44.038472 Completed database query for table users
2019-02-13T15:33:43.234543 Received request from 102.23.55.32 for /example
2019-02-13T15:33:44.726534 Started database query for table users
2019-02-13T15:33:44.038472 Completed database query for table users
2019-02-13T15:33:43.234543 Received request from 102.23.55.32 for /example
2019-02-13T15:33:44.726534 Started database query for table users
2019-02-13T15:33:44.038472 Completed database query for table users
2019-02-13T15:33:43.234543 Received request from 102.23.55.32 for /example
2019-02-13T15:33:44.726534 Started database query for table users
2019-02-13T15:33:44.038472 Completed database query for table users
2019-02-13T15:33:43.234543 Received request from 102.23.55.32 for /example
2019-02-13T15:33:44.726534 Started database query for table users
2019-02-13T15:33:44.038472 Completed database query for table users
2019-02-13T15:33:43.234543 Received request from 102.23.55.32 for /example
2006-02-13T15:33:44.726534 Started database query for table users
2019-02-13T15:33:44.038472 Completed database query for table users
2019-02-13T15:33:43.234543 Received request from 102.23.55.32 for /example
2009-02-13T15:33:44.726534 Started database query for table users
2019-02-13T15:33:44.038472 Completed database query for table users
2019-02-13T15:33:43.234543 Received request from 102.23.55.32 for /example
2018-02-13T15:33:44.726534 Started database query for table users
2019-02-13T15:33:44.038472 Completed database query for table users
2019-02-13T15:33:43.234543 Received request from 102.23.55.32 for /example
2012-02-13T15:33:44.726534 Started database query for table users
2019-02-13T15:33:44.038472 Completed database query for table users
2019-02-13T15:33:43.234543 Received request from 102.23.55.32 for /example
2019-02-13T15:33:44.726534 Started database query for table users
2019-02-13T15:33:44.038472 Completed database query for table users
2015-02-13T15:33:43.234543 Received request from 102.23.55.32 for /example
2019-02-13T15:33:44.726534 Started database query for table users
2019-02-13T15:33:44.038472 Completed database query for table users
2019-02-13T15:33:43.234543 Received request from 102.23.55.32 for /example
2019-02-13T15:33:44.726534 Started database query for table users
2019-02-13T15:33:44.038472 Completed database query for table users
2019-02-13T15:33:43.234543 Received request from 102.23.55.32 for /example
2019-02-13T15:33:44.726534 Started database query for table users
2019-02-13T15:33:44.038472 Completed database query for table users
2019-02-13T15:33:43.234543 Received request from 102.23.55.32 for /example
2019-02-13T15:33:44.726534 Started database query for table users
2019-02-13T15:33:44.038472 Completed database query for table users
2019-02-13T15:33:43.234543 Received request from 102.23.55.32 for /example
2019-02-13T15:33:44.726534 Started database query for table users
2019-02-13T15:33:44.038472 Completed database query for table users
2019-02-13T15:33:43.234543 Received request from 102.23.55.32 for /example
2019-02-13T15:33:44.726534 Started database query for table users
2019-02-13T15:33:44.038472 Completed database query for table users
2019-02-13T15:33:43.234543 Received request from 102.23.55.32 for /example
2019-02-13T15:33:44.726534 Started database query for table users
2019-02-13T15:33:44.038472 Completed database query for table users
2019-02-13T15:33:43.234543 Received request from 102.23.55.32 for /example
2019-02-13T15:33:44.726534 Started database query for table users
2019-02-13T15:33:44.038472 Completed database query for table users
2019-02-13T15:33:43.234543 Received request from 102.23.55.32 for /example
2006-02-13T15:33:44.726534 Started database query for table users
2019-02-13T15:33:44.038472 Completed database query for table users
2019-02-13T15:33:43.234543 Received request from 102.23.55.32 for /example
2009-02-13T15:33:44.726534 Started database query for table users
2019-02-13T15:33:44.038472 Completed database query for table users
2019-02-13T15:33:43.234543 Received request from 102.23.55.32 for /example
2018-02-13T15:33:44.726534 Started database query for table users
2019-02-13T15:33:44.038472 Completed database query for table users
2019-02-13T15:33:43.234543 Received request from 102.23.55.32 for /example
2012-02-13T15:33:44.726534 Started database query for table users
2019-02-13T15:33:44.038472 Completed database query for table users
2019-02-13T15:33:43.234543 Received request from 102.23.55.32 for /example
2019-02-13T15:33:44.726534 Started database query for table users
2019-02-13T15:33:44.038472 Completed database query for table users
2015-02-13T15:33:43.234543 Received request from 102.23.55.32 for /example
2019-02-13T15:33:44.726534 Started database query for table users
2019-02-13T15:33:44.038472 Completed database query for table users
2019-02-13T15:33:43.234543 Received request from 102.23.55.32 for /example
2019-02-13T15:33:44.726534 Started database query for table users
2019-02-13T15:33:44.038472 Completed database query for table users
2019-02-13T15:33:43.234543 Received request from 102.23.55.32 for /example
2019-02-13T15:33:44.726534 Started database query for table users
2019-02-13T15:33:44.038472 Completed database query for table users
2019-02-13T15:33:43.234543 Received request from 102.23.55.32 for /example
2019-02-13T15:33:44.726534 Started database query for table users
2019-02-13T15:33:44.038472 Completed database query for table users
2019-02-13T15:33:43.234543 Received request from 102.23.55.32 for /example
2019-02-13T15:33:44.726534 Started database query for table users
2019-02-13T15:33:44.038472 Completed database query for table users
2019-02-13T15:33:43.234543 Received request from 102.23.55.32 for /example
2019-02-13T15:33:44.726534 Started database query for table users
2019-02-13T15:33:44.038472 Completed database query for table users
2019-02-13T15:33:43.234543 Received request from 102.23.55.32 for /example
2019-02-13T15:33:44.726534 Started database query for table users
2019-02-13T15:33:44.038472 Completed database query for table users
2019-02-13T15:33:43.234543 Received request from 102.23.55.32 for /example
2019-02-13T15:33:44.726534 Started database query for table users
2019-02-13T15:33:44.038472 Completed database query for table users
2019-02-13T15:33:43.234543 Received request from 102.23.55.32 for /example
2006-02-13T15:33:44.726534 Started database query for table users
2019-02-13T15:33:44.038472 Completed database query for table users
2019-02-13T15:33:43.234543 Received request from 102.23.55.32 for /example
2009-02-13T15:33:44.726534 Started database query for table users
2019-02-13T15:33:44.038472 Completed database query for table users
2019-02-13T15:33:43.234543 Received request from 102.23.55.32 for /example
2018-02-13T15:33:44.726534 Started database query for table users
2019-02-13T15:33:44.038472 Completed database query for table users
2019-02-13T15:33:43.234543 Received request from 102.23.55.32 for /example
2012-02-13T15:33:44.726534 Started database query for table users
2019-02-13T15:33:44.038472 Completed database query for table users
2019-02-13T15:33:43.234543 Received request from 102.23.55.32 for /example
2019-02-13T15:33:44.726534 Started database query for table users
2019-02-13T15:33:44.038472 Completed database query for table users
2015-02-13T15:33:43.234543 Received request from 102.23.55.32 for /example
2019-02-13T15:33:44.726534 Started database query for table users
2019-02-13T15:33:44.038472 Completed database query for table users
2019-02-13T15:33:43.234543 Received request from 102.23.55.32 for /example
2019-02-13T15:33:44.726534 Started database query for table users
2019-02-13T15:33:44.038472 Completed database query for table users
2019-02-13T15:33:43.234543 Received request from 102.23.55.32 for /example
2019-02-13T15:33:44.726534 Started database query for table users
2019-02-13T15:33:44.038472 Completed database query for table users
2019-02-13T15:33:43.234543 Received request from 102.23.55.32 for /example
2019-02-13T15:33:44.726534 Started database query for table users
2019-02-13T15:33:44.038472 Completed database query for table users
2019-02-13T15:33:43.234543 Received request from 102.23.55.32 for /example
2019-02-13T15:33:44.726534 Started database query for table users
2019-02-13T15:33:44.038472 Completed database query for table users
2019-02-13T15:33:43.234543 Received request from 102.23.55.32 for /example
2019-02-13T15:33:44.726534 Started database query for table users
2019-02-13T15:33:44.038472 Completed database query for table users
2019-02-13T15:33:43.234543 Received request from 102.23.55.32 for /example
2019-02-13T15:33:44.726534 Started database query for table users
2019-02-13T15:33:44.038472 Completed database query for table users
2019-02-13T15:33:43.234543 Received request from 102.23.55.32 for /example
2019-02-13T15:33:44.726534 Started database query for table users
2019-02-13T15:33:44.038472 Completed database query for table users
2019-02-13T15:33:43.234543 Received request from 102.23.55.32 for /example
2006-02-13T15:33:44.726534 Started database query for table users
2019-02-13T15:33:44.038472 Completed database query for table users
2019-02-13T15:33:43.234543 Received request from 102.23.55.32 for /example
2009-02-13T15:33:44.726534 Started database query for table users
2019-02-13T15:33:44.038472 Completed database query for table users
2019-02-13T15:33:43.234543 Received request from 102.23.55.32 for /example
2018-02-13T15:33:44.726534 Started database query for table users
2019-02-13T15:33:44.038472 Completed database query for table users
2019-02-13T15:33:43.234543 Received request from 102.23.55.32 for /example
2012-02-13T15:33:44.726534 Started database query for table users
2019-02-13T15:33:44.038472 Completed database query for table users
2019-02-13T15:33:43.234543 Received request from 102.23.55.32 for /example
2019-02-13T15:33:44.726534 Started database query for table users
2019-02-13T15:33:44.038472 Completed database query for table users
2015-02-13T15:33:43.234543 Received request from 102.23.55.32 for /example
2019-02-13T15:33:44.726534 Started database query for table users
2019-02-13T15:33:44.038472 Completed database query for table users
2019-02-13T15:33:43.234543 Received request from 102.23.55.32 for /example
2019-02-13T15:33:44.726534 Started database query for table users
2019-02-13T15:33:44.038472 Completed database query for table users
2019-02-13T15:33:43.234543 Received request from 102.23.55.32 for /example
2019-02-13T15:33:44.726534 Started database query for table users
2019-02-13T15:33:44.038472 Completed database query for table users
2019-02-13T15:33:43.234543 Received request from 102.23.55.32 for /example
2019-02-13T15:33:44.726534 Started database query for table users
2019-02-13T15:33:44.038472 Completed database query for table users
2019-02-13T15:33:43.234543 Received request from 102.23.55.32 for /example
2019-02-13T15:33:44.726534 Started database query for table users
2019-02-13T15:33:44.038472 Completed database query for table users
2019-02-13T15:33:43.234543 Received request from 102.23.55.32 for /example
2019-02-13T15:33:44.726534 Started database query for table users
2019-02-13T15:33:44.038472 Completed database query for table users
2019-02-13T15:33:43.234543 Received request from 102.23.55.32 for /example
2019-02-13T15:33:44.726534 Started database query for table users
2019-02-13T15:33:44.038472 Completed database query for table users
2019-02-13T15:33:43.234543 Received request from 102.23.55.32 for /example
2019-02-13T15:33:44.726534 Started database query for table users
2019-02-13T15:33:44.038472 Completed database query for table users
2019-02-13T15:33:43.234543 Received request from 102.23.55.32 for /example
2006-02-13T15:33:44.726534 Started database query for table users
2019-02-13T15:33:44.038472 Completed database query for table users
2019-02-13T15:33:43.234543 Received request from 102.23.55.32 for /example
2009-02-13T15:33:44.726534 Started database query for table users
2019-02-13T15:33:44.038472 Completed database query for table users
2019-02-13T15:33:43.234543 Received request from 102.23.55.32 for /example
2018-02-13T15:33:44.726534 Started database query for table users
2019-02-13T15:33:44.038472 Completed database query for table users
2019-02-13T15:33:43.234543 Received request from 102.23.55.32 for /example
2012-02-13T15:33:44.726534 Started database query for table users
2019-02-13T15:33:44.038472 Completed database query for table users
2019-02-13T15:33:43.234543 Received request from 102.23.55.32 for /example
2019-02-13T15:33:44.726534 Started database query for table users
2019-02-13T15:33:44.038472 Completed database query for table users
2015-02-13T15:33:43.234543 Received request from 102.23.55.32 for /example
2019-02-13T15:33:44.726534 Started database query for table users
2019-02-13T15:33:44.038472 Completed database query for table users
2019-02-13T15:33:43.234543 Received request from 102.23.55.32 for /example
2019-02-13T15:33:44.726534 Started database query for table users
2019-02-13T15:33:44.038472 Completed database query for table users
2019-02-13T15:33:43.234543 Received request from 102.23.55.32 for /example
2019-02-13T15:33:44.726534 Started database query for table users
2019-02-13T15:33:44.038472 Completed database query for table users
2019-02-13T15:33:43.234543 Received request from 102.23.55.32 for /example
2019-02-13T15:33:44.726534 Started database query for table users
2019-02-13T15:33:44.038472 Completed database query for table users
2019-02-13T15:33:43.234543 Received request from 102.23.55.32 for /example
2019-02-13T15:33:44.726534 Started database query for table users
2019-02-13T15:33:44.038472 Completed database query for table users
2019-02-13T15:33:43.234543 Received request from 102.23.55.32 for /example
2019-02-13T15:33:44.726534 Started database query for table users
2019-02-13T15:33:44.038472 Completed database query for table users
2019-02-13T15:33:43.234543 Received request from 102.23.55.32 for /example
2019-02-13T15:33:44.726534 Started database query for table users
2019-02-13T15:33:44.038472 Completed database query for table users
2019-02-13T15:33:43.234543 Received request from 102.23.55.32 for /example
2019-02-13T15:33:44.726534 Started database query for table users
2019-02-13T15:33:44.038472 Completed database query for table users
2019-02-13T15:33:43.234543 Received request from 102.23.55.32 for /example
2006-02-13T15:33:44.726534 Started database query for table users
2019-02-13T15:33:44.038472 Completed database query for table users
2019-02-13T15:33:43.234543 Received request from 102.23.55.32 for /example
2009-02-13T15:33:44.726534 Started database query for table users
2019-02-13T15:33:44.038472 Completed database query for table users
2019-02-13T15:33:43.234543 Received request from 102.23.55.32 for /example
2018-02-13T15:33:44.726534 Started database query for table users
2019-02-13T15:33:44.038472 Completed database query for table users
2019-02-13T15:33:43.234543 Received request from 102.23.55.32 for /example
2012-02-13T15:33:44.726534 Started database query for table users
2019-02-13T15:33:44.038472 Completed database query for table users
2019-02-13T15:33:43.234543 Received request from 102.23.55.32 for /example
2019-02-13T15:33:44.726534 Started database query for table users
2019-02-13T15:33:44.038472 Completed database query for table users
2015-02-13T15:33:43.234543 Received request from 102.23.55.32 for /example
2019-02-13T15:33:44.726534 Started database query for table users
2019-02-13T15:33:44.038472 Completed database query for table users
2019-02-13T15:33:43.234543 Received request from 102.23.55.32 for /example
2019-02-13T15:33:44.726534 Started database query for table users
2019-02-13T15:33:44.038472 Completed database query for table users
2019-02-13T15:33:43.234543 Received request from 102.23.55.32 for /example
2019-02-13T15:33:44.726534 Started database query for table users
2019-02-13T15:33:44.038472 Completed database query for table users
2019-02-13T15:33:43.234543 Received request from 102.23.55.32 for /example
2019-02-13T15:33:44.726534 Started database query for table users
2019-02-13T15:33:44.038472 Completed database query for table users
2019-02-13T15:33:43.234543 Received request from 102.23.55.32 for /example
2019-02-13T15:33:44.726534 Started database query for table users
2019-02-13T15:33:44.038472 Completed database query for table users
2019-02-13T15:33:43.234543 Received request from 102.23.55.32 for /example
2019-02-13T15:33:44.726534 Started database query for table users
2019-02-13T15:33:44.038472 Completed database query for table users
2019-02-13T15:33:43.234543 Received request from 102.23.55.32 for /example
2019-02-13T15:33:44.726534 Started database query for table users
2019-02-13T15:33:44.038472 Completed database query for table users
2019-02-13T15:33:43.234543 Received request from 102.23.55.32 for /example
2019-02-13T15:33:44.726534 Started database query for table users
2019-02-13T15:33:44.038472 Completed database query for table users
2019-02-13T15:33:43.234543 Received request from 102.23.55.32 for /example
2006-02-13T15:33:44.726534 Started database query for table users
2019-02-13T15:33:44.038472 Completed database query for table users
2019-02-13T15:33:43.234543 Received request from 102.23.55.32 for /example
2009-02-13T15:33:44.726534 Started database query for table users
2019-02-13T15:33:44.038472 Completed database query for table users
2019-02-13T15:33:43.234543 Received request from 102.23.55.32 for /example
2018-02-13T15:33:44.726534 Started database query for table users
2019-02-13T15:33:44.038472 Completed database query for table users
2019-02-13T15:33:43.234543 Received request from 102.23.55.32 for /example
2012-02-13T15:33:44.726534 Started database query for table users
2019-02-13T15:33:44.038472 Completed database query for table users
2019-02-13T15:33:43.234543 Received request from 102.23.55.32 for /example
2019-02-13T15:33:44.726534 Started database query for table users
2019-02-13T15:33:44.038472 Completed database query for table users
2015-02-13T15:33:43.234543 Received request from 102.23.55.32 for /example
2019-02-13T15:33:44.726534 Started database query for table users
2019-02-13T15:33:44.038472 Completed database query for table users
2019-02-13T15:33:43.234543 Received request from 102.23.55.32 for /example
2019-02-13T15:33:44.726534 Started database query for table users
2019-02-13T15:33:44.038472 Completed database query for table users
2019-02-13T15:33:43.234543 Received request from 102.23.55.32 for /example
2019-02-13T15:33:44.726534 Started database query for table users
2019-02-13T15:33:44.038472 Completed database query for table users
2019-02-13T15:33:43.234543 Received request from 102.23.55.32 for /example
2019-02-13T15:33:44.726534 Started database query for table users
2019-02-13T15:33:44.038472 Completed database query for table users
2019-02-13T15:33:43.234543 Received request from 102.23.55.32 for /example
2019-02-13T15:33:44.726534 Started database query for table users
2019-02-13T15:33:44.038472 Completed database query for table users
2019-02-13T15:33:43.234543 Received request from 102.23.55.32 for /example
2019-02-13T15:33:44.726534 Started database query for table users
2019-02-13T15:33:44.038472 Completed database query for table users
2019-02-13T15:33:43.234543 Received request from 102.23.55.32 for /example
2019-02-13T15:33:44.726534 Started database query for table users
2019-02-13T15:33:44.038472 Completed database query for table users
2019-02-13T15:33:43.234543 Received request from 102.23.55.32 for /example
2019-02-13T15:33:44.726534 Started database query for table users
2019-02-13T15:33:44.038472 Completed database query for table users
2019-02-13T15:33:43.234543 Received request from 102.23.55.32 for /example
2006-02-13T15:33:44.726534 Started database query for table users
2019-02-13T15:33:44.038472 Completed database query for table users
2019-02-13T15:33:43.234543 Received request from 102.23.55.32 for /example
2009-02-13T15:33:44.726534 Started database query for table users
2019-02-13T15:33:44.038472 Completed database query for table users
2019-02-13T15:33:43.234543 Received request from 102.23.55.32 for /example
2018-02-13T15:33:44.726534 Started database query for table users
2019-02-13T15:33:44.038472 Completed database query for table users
2019-02-13T15:33:43.234543 Received request from 102.23.55.32 for /example
2012-02-13T15:33:44.726534 Started database query for table users
2019-02-13T15:33:44.038472 Completed database query for table users
2019-02-13T15:33:43.234543 Received request from 102.23.55.32 for /example
2019-02-13T15:33:44.726534 Started database query for table users
2019-02-13T15:33:44.038472 Completed database query for table users
2015-02-13T15:33:43.234543 Received request from 102.23.55.32 for /example
2019-02-13T15:33:44.726534 Started database query for table users
2019-02-13T15:33:44.038472 Completed database query for table users
2019-02-13T15:33:43.234543 Received request from 102.23.55.32 for /example
2019-02-13T15:33:44.726534 Started database query for table users
2019-02-13T15:33:44.038472 Completed database query for table users
2019-02-13T15:33:43.234543 Received request from 102.23.55.32 for /example
2019-02-13T15:33:44.726534 Started database query for table users
2019-02-13T15:33:44.038472 Completed database query for table users
2019-02-13T15:33:43.234543 Received request from 102.23.55.32 for /example
2019-02-13T15:33:44.726534 Started database query for table users
2019-02-13T15:33:44.038472 Completed database query for table users
2019-02-13T15:33:43.234543 Received request from 102.23.55.32 for /example
2019-02-13T15:33:44.726534 Started database query for table users
2019-02-13T15:33:44.038472 Completed database query for table users
2019-02-13T15:33:43.234543 Received request from 102.23.55.32 for /example
2019-02-13T15:33:44.726534 Started database query for table users
2019-02-13T15:33:44.038472 Completed database query for table users
2019-02-13T15:33:43.234543 Received request from 102.23.55.32 for /example
2019-02-13T15:33:44.726534 Started database query for table users
2019-02-13T15:33:44.038472 Completed database query for table users
2019-02-13T15:33:43.234543 Received request from 102.23.55.32 for /example
2019-02-13T15:33:44.726534 Started database query for table users
2019-02-13T15:33:44.038472 Completed database query for table users
2019-02-13T15:33:43.234543 Received request from 102.23.55.32 for /example
2006-02-13T15:33:44.726534 Started database query for table users
2019-02-13T15:33:44.038472 Completed database query for table users
2019-02-13T15:33:43.234543 Received request from 102.23.55.32 for /example
2009-02-13T15:33:44.726534 Started database query for table users
2019-02-13T15:33:44.038472 Completed database query for table users
2019-02-13T15:33:43.234543 Received request from 102.23.55.32 for /example
2018-02-13T15:33:44.726534 Started database query for table users
2019-02-13T15:33:44.038472 Completed database query for table users
2019-02-13T15:33:43.234543 Received request from 102.23.55.32 for /example
2012-02-13T15:33:44.726534 Started database query for table users
2019-02-13T15:33:44.038472 Completed database query for table users
2019-02-13T15:33:43.234543 Received request from 102.23.55.32 for /example
2019-02-13T15:33:44.726534 Started database query for table users
2019-02-13T15:33:44.038472 Completed database query for table users
2015-02-13T15:33:43.234543 Received request from 102.23.55.32 for /example
2019-02-13T15:33:44.726534 Started database query for table users
2019-02-13T15:33:44.038472 Completed database query for table users
2019-02-13T15:33:43.234543 Received request from 102.23.55.32 for /example
2019-02-13T15:33:44.726534 Started database query for table users
2019-02-13T15:33:44.038472 Completed database query for table users
2019-02-13T15:33:43.234543 Received request from 102.23.55.32 for /example
2019-02-13T15:33:44.726534 Started database query for table users
2019-02-13T15:33:44.038472 Completed database query for table users
2019-02-13T15:33:43.234543 Received request from 102.23.55.32 for /example
2019-02-13T15:33:44.726534 Started database query for table users
2019-02-13T15:33:44.038472 Completed database query for table users
2019-02-13T15:33:43.234543 Received request from 102.23.55.32 for /example
2019-02-13T15:33:44.726534 Started database query for table users
2019-02-13T15:33:44.038472 Completed database query for table users
2019-02-13T15:33:43.234543 Received request from 102.23.55.32 for /example
2019-02-13T15:33:44.726534 Started database query for table users
2019-02-13T15:33:44.038472 Completed database query for table users
2019-02-13T15:33:43.234543 Received request from 102.23.55.32 for /example
2019-02-13T15:33:44.726534 Started database query for table users
2019-02-13T15:33:44.038472 Completed database query for table users
2019-02-13T15:33:43.234543 Received request from 102.23.55.32 for /example
2019-02-13T15:33:44.726534 Started database query for table users
2019-02-13T15:33:44.038472 Completed database query for table users
2019-02-13T15:33:43.234543 Received request from 102.23.55.32 for /example
2006-02-13T15:33:44.726534 Started database query for table users
2019-02-13T15:33:44.038472 Completed database query for table users
2019-02-13T15:33:43.234543 Received request from 102.23.55.32 for /example
2009-02-13T15:33:44.726534 Started database query for table users
2019-02-13T15:33:44.038472 Completed database query for table users
2019-02-13T15:33:43.234543 Received request from 102.23.55.32 for /example
2018-02-13T15:33:44.726534 Started database query for table users
2019-02-13T15:33:44.038472 Completed database query for table users
2019-02-13T15:33:43.234543 Received request from 102.23.55.32 for /example
2012-02-13T15:33:44.726534 Started database query for table users
2019-02-13T15:33:44.038472 Completed database query for table users
2019-02-13T15:33:43.234543 Received request from 102.23.55.32 for /example
2019-02-13T15:33:44.726534 Started database query for table users
2019-02-13T15:33:44.038472 Completed database query for table users
2015-02-13T15:33:43.234543 Received request from 102.23.55.32 for /example
2019-02-13T15:33:44.726534 Started database query for table users
2019-02-13T15:33:44.038472 Completed database query for table users
2019-02-13T15:33:43.234543 Received request from 102.23.55.32 for /example
2019-02-13T15:33:44.726534 Started database query for table users
2019-02-13T15:33:44.038472 Completed database query for table users
2019-02-13T15:33:43.234543 Received request from 102.23.55.32 for /example
2019-02-13T15:33:44.726534 Started database query for table users
2019-02-13T15:33:44.038472 Completed database query for table users
2019-02-13T15:33:43.234543 Received request from 102.23.55.32 for /example
2019-02-13T15:33:44.726534 Started database query for table users
2019-02-13T15:33:44.038472 Completed database query for table users
2019-02-13T15:33:43.234543 Received request from 102.23.55.32 for /example
2019-02-13T15:33:44.726534 Started database query for table users
2019-02-13T15:33:44.038472 Completed database query for table users
2019-02-13T15:33:43.234543 Received request from 102.23.55.32 for /example
2019-02-13T15:33:44.726534 Started database query for table users
2019-02-13T15:33:44.038472 Completed database query for table users
2019-02-13T15:33:43.234543 Received request from 102.23.55.32 for /example
2019-02-13T15:33:44.726534 Started database query for table users
2019-02-13T15:33:44.038472 Completed database query for table users
2019-02-13T15:33:43.234543 Received request from 102.23.55.32 for /example
2019-02-13T15:33:44.726534 Started database query for table users
2019-02-13T15:33:44.038472 Completed database query for table users
2019-02-13T15:33:43.234543 Received request from 102.23.55.32 for /example
2006-02-13T15:33:44.726534 Started database query for table users
2019-02-13T15:33:44.038472 Completed database query for table users
2019-02-13T15:33:43.234543 Received request from 102.23.55.32 for /example
2009-02-13T15:33:44.726534 Started database query for table users
2019-02-13T15:33:44.038472 Completed database query for table users
2019-02-13T15:33:43.234543 Received request from 102.23.55.32 for /example
2018-02-13T15:33:44.726534 Started database query for table users
2019-02-13T15:33:44.038472 Completed database query for table users
2019-02-13T15:33:43.234543 Received request from 102.23.55.32 for /example
2012-02-13T15:33:44.726534 Started database query for table users
2019-02-13T15:33:44.038472 Completed database query for table users
2019-02-13T15:33:43.234543 Received request from 102.23.55.32 for /example
2019-02-13T15:33:44.726534 Started database query for table users
2019-02-13T15:33:44.038472 Completed database query for table users
2015-02-13T15:33:43.234543 Received request from 102.23.55.32 for /example
2019-02-13T15:33:44.726534 Started database query for table users
2019-02-13T15:33:44.038472 Completed database query for table users
2019-02-13T15:33:43.234543 Received request from 102.23.55.32 for /example
2019-02-13T15:33:44.726534 Started database query for table users
2019-02-13T15:33:44.038472 Completed database query for table users
2019-02-13T15:33:43.234543 Received request from 102.23.55.32 for /example
2019-02-13T15:33:44.726534 Started database query for table users
2019-02-13T15:33:44.038472 Completed database query for table users
2019-02-13T15:33:43.234543 Received request from 102.23.55.32 for /example
2019-02-13T15:33:44.726534 Started database query for table users
2019-02-13T15:33:44.038472 Completed database query for table users
2019-02-13T15:33:43.234543 Received request from 102.23.55.32 for /example
2019-02-13T15:33:44.726534 Started database query for table users
2019-02-13T15:33:44.038472 Completed database query for table users
2019-02-13T15:33:43.234543 Received request from 102.23.55.32 for /example
2019-02-13T15:33:44.726534 Started database query for table users
2019-02-13T15:33:44.038472 Completed database query for table users
2019-02-13T15:33:43.234543 Received request from 102.23.55.32 for /example
2019-02-13T15:33:44.726534 Started database query for table users
2019-02-13T15:33:44.038472 Completed database query for table users
2019-02-13T15:33:43.234543 Received request from 102.23.55.32 for /example
2019-02-13T15:33:44.726534 Started database query for table users
2019-02-13T15:33:44.038472 Completed database query for table users
2019-02-13T15:33:43.234543 Received request from 102.23.55.32 for /example
2006-02-13T15:33:44.726534 Started database query for table users
2019-02-13T15:33:44.038472 Completed database query for table users
2019-02-13T15:33:43.234543 Received request from 102.23.55.32 for /example
2009-02-13T15:33:44.726534 Started database query for table users
2019-02-13T15:33:44.038472 Completed database query for table users
2019-02-13T15:33:43.234543 Received request from 102.23.55.32 for /example
2018-02-13T15:33:44.726534 Started database query for table users
2019-02-13T15:33:44.038472 Completed database query for table users
2019-02-13T15:33:43.234543 Received request from 102.23.55.32 for /example
2012-02-13T15:33:44.726534 Started database query for table users
2019-02-13T15:33:44.038472 Completed database query for table users
2019-02-13T15:33:43.234543 Received request from 102.23.55.32 for /example
2019-02-13T15:33:44.726534 Started database query for table users
2019-02-13T15:33:44.038472 Completed database query for table users
2015-02-13T15:33:43.234543 Received request from 102.23.55.32 for /example
2019-02-13T15:33:44.726534 Started database query for table users
2019-02-13T15:33:44.038472 Completed database query for table users
2019-02-13T15:33:43.234543 Received request from 102.23.55.32 for /example
2019-02-13T15:33:44.726534 Started database query for table users
2019-02-13T15:33:44.038472 Completed database query for table users
2019-02-13T15:33:43.234543 Received request from 102.23.55.32 for /example
2019-02-13T15:33:44.726534 Started database query for table users
2019-02-13T15:33:44.038472 Completed database query for table users
2019-02-13T15:33:43.234543 Received request from 102.23.55.32 for /example
2019-02-13T15:33:44.726534 Started database query for table users
2019-02-13T15:33:44.038472 Completed database query for table users
2019-02-13T15:33:43.234543 Received request from 102.23.55.32 for /example
2019-02-13T15:33:44.726534 Started database query for table users
2019-02-13T15:33:44.038472 Completed database query for table users
2019-02-13T15:33:43.234543 Received request from 102.23.55.32 for /example
2019-02-13T15:33:44.726534 Started database query for table users
2019-02-13T15:33:44.038472 Completed database query for table users
2019-02-13T15:33:43.234543 Received request from 102.23.55.32 for /example
2019-02-13T15:33:44.726534 Started database query for table users
2019-02-13T15:33:44.038472 Completed database query for table users
2019-02-13T15:33:43.234543 Received request from 102.23.55.32 for /example
2019-02-13T15:33:44.726534 Started database query for table users
2019-02-13T15:33:44.038472 Completed database query for table users
2019-02-13T15:33:43.234543 Received request from 102.23.55.32 for /example
2006-02-13T15:33:44.726534 Started database query for table users
2019-02-13T15:33:44.038472 Completed database query for table users
2019-02-13T15:33:43.234543 Received request from 102.23.55.32 for /example
2009-02-13T15:33:44.726534 Started database query for table users
2019-02-13T15:33:44.038472 Completed database query for table users
2019-02-13T15:33:43.234543 Received request from 102.23.55.32 for /example
2018-02-13T15:33:44.726534 Started database query for table users
2019-02-13T15:33:44.038472 Completed database query for table users
2019-02-13T15:33:43.234543 Received request from 102.23.55.32 for /example
2012-02-13T15:33:44.726534 Started database query for table users
2019-02-13T15:33:44.038472 Completed database query for table users
2019-02-13T15:33:43.234543 Received request from 102.23.55.32 for /example
2019-02-13T15:33:44.726534 Started database query for table users
2019-02-13T15:33:44.038472 Completed database query for table users
2015-02-13T15:33:43.234543 Received request from 102.23.55.32 for /example
2019-02-13T15:33:44.726534 Started database query for table users
2019-02-13T15:33:44.038472 Completed database query for table users
2019-02-13T15:33:43.234543 Received request from 102.23.55.32 for /example
2019-02-13T15:33:44.726534 Started database query for table users
2019-02-13T15:33:44.038472 Completed database query for table users
2019-02-13T15:33:43.234543 Received request from 102.23.55.32 for /example
2019-02-13T15:33:44.726534 Started database query for table users
2019-02-13T15:33:44.038472 Completed database query for table users
2019-02-13T15:33:43.234543 Received request from 102.23.55.32 for /example
2019-02-13T15:33:44.726534 Started database query for table users
2019-02-13T15:33:44.038472 Completed database query for table users
2019-02-13T15:33:43.234543 Received request from 102.23.55.32 for /example
2019-02-13T15:33:44.726534 Started database query for table users
2019-02-13T15:33:44.038472 Completed database query for table users
2019-02-13T15:33:43.234543 Received request from 102.23.55.32 for /example
2019-02-13T15:33:44.726534 Started database query for table users
2019-02-13T15:33:44.038472 Completed database query for table users
2019-02-13T15:33:43.234543 Received request from 102.23.55.32 for /example
2019-02-13T15:33:44.726534 Started database query for table users
2019-02-13T15:33:44.038472 Completed database query for table users
2019-02-13T15:33:43.234543 Received request from 102.23.55.32 for /example
2019-02-13T15:33:44.726534 Started database query for table users
2019-02-13T15:33:44.038472 Completed database query for table users
2019-02-13T15:33:43.234543 Received request from 102.23.55.32 for /example
2006-02-13T15:33:44.726534 Started database query for table users
2019-02-13T15:33:44.038472 Completed database query for table users
2019-02-13T15:33:43.234543 Received request from 102.23.55.32 for /example
2009-02-13T15:33:44.726534 Started database query for table users
2019-02-13T15:33:44.038472 Completed database query for table users
2019-02-13T15:33:43.234543 Received request from 102.23.55.32 for /example
2018-02-13T15:33:44.726534 Started database query for table users
2019-02-13T15:33:44.038472 Completed database query for table users
2019-02-13T15:33:43.234543 Received request from 102.23.55.32 for /example
2012-02-13T15:33:44.726534 Started database query for table users
2019-02-13T15:33:44.038472 Completed database query for table users
2019-02-13T15:33:43.234543 Received request from 102.23.55.32 for /example
2019-02-13T15:33:44.726534 Started database query for table users
2019-02-13T15:33:44.038472 Completed database query for table users
2015-02-13T15:33:43.234543 Received request from 102.23.55.32 for /example
2019-02-13T15:33:44.726534 Started database query for table users
2019-02-13T15:33:44.038472 Completed database query for table users
2019-02-13T15:33:43.234543 Received request from 102.23.55.32 for /example
2019-02-13T15:33:44.726534 Started database query for table users
2019-02-13T15:33:44.038472 Completed database query for table users
2019-02-13T15:33:43.234543 Received request from 102.23.55.32 for /example
2019-02-13T15:33:44.726534 Started database query for table users
2019-02-13T15:33:44.038472 Completed database query for table users
2019-02-13T15:33:43.234543 Received request from 102.23.55.32 for /example
2019-02-13T15:33:44.726534 Started database query for table users
2019-02-13T15:33:44.038472 Completed database query for table users
2019-02-13T15:33:43.234543 Received request from 102.23.55.32 for /example
2019-02-13T15:33:44.726534 Started database query for table users
2019-02-13T15:33:44.038472 Completed database query for table users
2019-02-13T15:33:43.234543 Received request from 102.23.55.32 for /example
2019-02-13T15:33:44.726534 Started database query for table users
2019-02-13T15:33:44.038472 Completed database query for table users
2019-02-13T15:33:43.234543 Received request from 102.23.55.32 for /example
2019-02-13T15:33:44.726534 Started database query for table users
2019-02-13T15:33:44.038472 Completed database query for table users
2019-02-13T15:33:43.234543 Received request from 102.23.55.32 for /example
2019-02-13T15:33:44.726534 Started database query for table users
2019-02-13T15:33:44.038472 Completed database query for table users
2019-02-13T15:33:43.234543 Received request from 102.23.55.32 for /example
2006-02-13T15:33:44.726534 Started database query for table users
2019-02-13T15:33:44.038472 Completed database query for table users
2019-02-13T15:33:43.234543 Received request from 102.23.55.32 for /example
2009-02-13T15:33:44.726534 Started database query for table users
2019-02-13T15:33:44.038472 Completed database query for table users
2019-02-13T15:33:43.234543 Received request from 102.23.55.32 for /example
2018-02-13T15:33:44.726534 Started database query for table users
2019-02-13T15:33:44.038472 Completed database query for table users
2019-02-13T15:33:43.234543 Received request from 102.23.55.32 for /example
2012-02-13T15:33:44.726534 Started database query for table users
2019-02-13T15:33:44.038472 Completed database query for table users
2019-02-13T15:33:43.234543 Received request from 102.23.55.32 for /example
2019-02-13T15:33:44.726534 Started database query for table users
2019-02-13T15:33:44.038472 Completed database query for table users
2015-02-13T15:33:43.234543 Received request from 102.23.55.32 for /example
2019-02-13T15:33:44.726534 Started database query for table users
2019-02-13T15:33:44.038472 Completed database query for table users
2019-02-13T15:33:43.234543 Received request from 102.23.55.32 for /example
2019-02-13T15:33:44.726534 Started database query for table users
2019-02-13T15:33:44.038472 Completed database query for table users
2019-02-13T15:33:43.234543 Received request from 102.23.55.32 for /example
2019-02-13T15:33:44.726534 Started database query for table users
2019-02-13T15:33:44.038472 Completed database query for table users
2019-02-13T15:33:43.234543 Received request from 102.23.55.32 for /example
2019-02-13T15:33:44.726534 Started database query for table users
2019-02-13T15:33:44.038472 Completed database query for table users
2019-02-13T15:33:43.234543 Received request from 102.23.55.32 for /example
2019-02-13T15:33:44.726534 Started database query for table users
2019-02-13T15:33:44.038472 Completed database query for table users
2019-02-13T15:33:43.234543 Received request from 102.23.55.32 for /example
2019-02-13T15:33:44.726534 Started database query for table users
2019-02-13T15:33:44.038472 Completed database query for table users
2019-02-13T15:33:43.234543 Received request from 102.23.55.32 for /example
2019-02-13T15:33:44.726534 Started database query for table users
2019-02-13T15:33:44.038472 Completed database query for table users
2019-02-13T15:33:43.234543 Received request from 102.23.55.32 for /example
2019-02-13T15:33:44.726534 Started database query for table users
2019-02-13T15:33:44.038472 Completed database query for table users
2019-02-13T15:33:43.234543 Received request from 102.23.55.32 for /example
2006-02-13T15:33:44.726534 Started database query for table users
2019-02-13T15:33:44.038472 Completed database query for table users
2019-02-13T15:33:43.234543 Received request from 102.23.55.32 for /example
2009-02-13T15:33:44.726534 Started database query for table users
2019-02-13T15:33:44.038472 Completed database query for table users
2019-02-13T15:33:43.234543 Received request from 102.23.55.32 for /example
2018-02-13T15:33:44.726534 Started database query for table users
2019-02-13T15:33:44.038472 Completed database query for table users
2019-02-13T15:33:43.234543 Received request from 102.23.55.32 for /example
2012-02-13T15:33:44.726534 Started database query for table users
2019-02-13T15:33:44.038472 Completed database query for table users
2019-02-13T15:33:43.234543 Received request from 102.23.55.32 for /example
2019-02-13T15:33:44.726534 Started database query for table users
2019-02-13T15:33:44.038472 Completed database query for table users
2015-02-13T15:33:43.234543 Received request from 102.23.55.32 for /example
2019-02-13T15:33:44.726534 Started database query for table users
2019-02-13T15:33:44.038472 Completed database query for table users
2019-02-13T15:33:43.234543 Received request from 102.23.55.32 for /example
2019-02-13T15:33:44.726534 Started database query for table users
2019-02-13T15:33:44.038472 Completed database query for table users
2019-02-13T15:33:43.234543 Received request from 102.23.55.32 for /example
2019-02-13T15:33:44.726534 Started database query for table users
2019-02-13T15:33:44.038472 Completed database query for table users
2019-02-13T15:33:43.234543 Received request from 102.23.55.32 for /example
2019-02-13T15:33:44.726534 Started database query for table users
2019-02-13T15:33:44.038472 Completed database query for table users
2019-02-13T15:33:43.234543 Received request from 102.23.55.32 for /example
2019-02-13T15:33:44.726534 Started database query for table users
2019-02-13T15:33:44.038472 Completed database query for table users
2019-02-13T15:33:43.234543 Received request from 102.23.55.32 for /example
2019-02-13T15:33:44.726534 Started database query for table users
2019-02-13T15:33:44.038472 Completed database query for table users
2019-02-13T15:33:43.234543 Received request from 102.23.55.32 for /example
2019-02-13T15:33:44.726534 Started database query for table users
2019-02-13T15:33:44.038472 Completed database query for table users
2019-02-13T15:33:43.234543 Received request from 102.23.55.32 for /example
2019-02-13T15:33:44.726534 Started database query for table users
2019-02-13T15:33:44.038472 Completed database query for table users
2019-02-13T15:33:43.234543 Received request from 102.23.55.32 for /example
2006-02-13T15:33:44.726534 Started database query for table users
2019-02-13T15:33:44.038472 Completed database query for table users
2019-02-13T15:33:43.234543 Received request from 102.23.55.32 for /example
2009-02-13T15:33:44.726534 Started database query for table users
2019-02-13T15:33:44.038472 Completed database query for table users
2019-02-13T15:33:43.234543 Received request from 102.23.55.32 for /example
2018-02-13T15:33:44.726534 Started database query for table users
2019-02-13T15:33:44.038472 Completed database query for table users
2019-02-13T15:33:43.234543 Received request from 102.23.55.32 for /example
2012-02-13T15:33:44.726534 Started database query for table users
2019-02-13T15:33:44.038472 Completed database query for table users
2019-02-13T15:33:43.234543 Received request from 102.23.55.32 for /example
2019-02-13T15:33:44.726534 Started database query for table users
2019-02-13T15:33:44.038472 Completed database query for table users
2015-02-13T15:33:43.234543 Received request from 102.23.55.32 for /example
2019-02-13T15:33:44.726534 Started database query for table users
2019-02-13T15:33:44.038472 Completed database query for table users
2019-02-13T15:33:43.234543 Received request from 102.23.55.32 for /example
2019-02-13T15:33:44.726534 Started database query for table users
2019-02-13T15:33:44.038472 Completed database query for table users
2019-02-13T15:33:43.234543 Received request from 102.23.55.32 for /example
2019-02-13T15:33:44.726534 Started database query for table users
2019-02-13T15:33:44.038472 Completed database query for table users
2019-02-13T15:33:43.234543 Received request from 102.23.55.32 for /example
2019-02-13T15:33:44.726534 Started database query for table users
2019-02-13T15:33:44.038472 Completed database query for table users
2019-02-13T15:33:43.234543 Received request from 102.23.55.32 for /example
2019-02-13T15:33:44.726534 Started database query for table users
2019-02-13T15:33:44.038472 Completed database query for table users
2019-02-13T15:33:43.234543 Received request from 102.23.55.32 for /example
2019-02-13T15:33:44.726534 Started database query for table users
2019-02-13T15:33:44.038472 Completed database query for table users
2019-02-13T15:33:43.234543 Received request from 102.23.55.32 for /example
2019-02-13T15:33:44.726534 Started database query for table users
2019-02-13T15:33:44.038472 Completed database query for table users
2019-02-13T15:33:43.234543 Received request from 102.23.55.32 for /example
2019-02-13T15:33:44.726534 Started database query for table users
2019-02-13T15:33:44.038472 Completed database query for table users
2019-02-13T15:33:43.234543 Received request from 102.23.55.32 for /example
2006-02-13T15:33:44.726534 Started database query for table users
2019-02-13T15:33:44.038472 Completed database query for table users
2019-02-13T15:33:43.234543 Received request from 102.23.55.32 for /example
2009-02-13T15:33:44.726534 Started database query for table users
2019-02-13T15:33:44.038472 Completed database query for table users
2019-02-13T15:33:43.234543 Received request from 102.23.55.32 for /example
2018-02-13T15:33:44.726534 Started database query for table users
2019-02-13T15:33:44.038472 Completed database query for table users
2019-02-13T15:33:43.234543 Received request from 102.23.55.32 for /example
2012-02-13T15:33:44.726534 Started database query for table users
2019-02-13T15:33:44.038472 Completed database query for table users
2019-02-13T15:33:43.234543 Received request from 102.23.55.32 for /example
2019-02-13T15:33:44.726534 Started database query for table users
2019-02-13T15:33:44.038472 Completed database query for table users
2015-02-13T15:33:43.234543 Received request from 102.23.55.32 for /example
2019-02-13T15:33:44.726534 Started database query for table users
2019-02-13T15:33:44.038472 Completed database query for table users
2019-02-13T15:33:43.234543 Received request from 102.23.55.32 for /example
2019-02-13T15:33:44.726534 Started database query for table users
2019-02-13T15:33:44.038472 Completed database query for table users
2019-02-13T15:33:43.234543 Received request from 102.23.55.32 for /example
2019-02-13T15:33:44.726534 Started database query for table users
2019-02-13T15:33:44.038472 Completed database query for table users
2019-02-13T15:33:43.234543 Received request from 102.23.55.32 for /example
2019-02-13T15:33:44.726534 Started database query for table users
2019-02-13T15:33:44.038472 Completed database query for table users
2019-02-13T15:33:43.234543 Received request from 102.23.55.32 for /example
2019-02-13T15:33:44.726534 Started database query for table users
2019-02-13T15:33:44.038472 Completed database query for table users
2019-02-13T15:33:43.234543 Received request from 102.23.55.32 for /example
2019-02-13T15:33:44.726534 Started database query for table users
2019-02-13T15:33:44.038472 Completed database query for table users
2019-02-13T15:33:43.234543 Received request from 102.23.55.32 for /example
2019-02-13T15:33:44.726534 Started database query for table users
2019-02-13T15:33:44.038472 Completed database query for table users
2019-02-13T15:33:43.234543 Received request from 102.23.55.32 for /example
2019-02-13T15:33:44.726534 Started database query for table users
2019-02-13T15:33:44.038472 Completed database query for table users
2019-02-13T15:33:43.234543 Received request from 102.23.55.32 for /example
2006-02-13T15:33:44.726534 Started database query for table users
2019-02-13T15:33:44.038472 Completed database query for table users
2019-02-13T15:33:43.234543 Received request from 102.23.55.32 for /example
2009-02-13T15:33:44.726534 Started database query for table users
2019-02-13T15:33:44.038472 Completed database query for table users
2019-02-13T15:33:43.234543 Received request from 102.23.55.32 for /example
2018-02-13T15:33:44.726534 Started database query for table users
2019-02-13T15:33:44.038472 Completed database query for table users
2019-02-13T15:33:43.234543 Received request from 102.23.55.32 for /example
2012-02-13T15:33:44.726534 Started database query for table users
2019-02-13T15:33:44.038472 Completed database query for table users
2019-02-13T15:33:43.234543 Received request from 102.23.55.32 for /example
2019-02-13T15:33:44.726534 Started database query for table users
2019-02-13T15:33:44.038472 Completed database query for table users
2015-02-13T15:33:43.234543 Received request from 102.23.55.32 for /example
2019-02-13T15:33:44.726534 Started database query for table users
2019-02-13T15:33:44.038472 Completed database query for table users
2019-02-13T15:33:43.234543 Received request from 102.23.55.32 for /example
2019-02-13T15:33:44.726534 Started database query for table users
2019-02-13T15:33:44.038472 Completed database query for table users
2019-02-13T15:33:43.234543 Received request from 102.23.55.32 for /example
2019-02-13T15:33:44.726534 Started database query for table users
2019-02-13T15:33:44.038472 Completed database query for table users
2019-02-13T15:33:43.234543 Received request from 102.23.55.32 for /example
2019-02-13T15:33:44.726534 Started database query for table users
2019-02-13T15:33:44.038472 Completed database query for table users
2019-02-13T15:33:43.234543 Received request from 102.23.55.32 for /example
2019-02-13T15:33:44.726534 Started database query for table users
2019-02-13T15:33:44.038472 Completed database query for table users
2019-02-13T15:33:43.234543 Received request from 102.23.55.32 for /example
2019-02-13T15:33:44.726534 Started database query for table users
2019-02-13T15:33:44.038472 Completed database query for table users
2019-02-13T15:33:43.234543 Received request from 102.23.55.32 for /example
2019-02-13T15:33:44.726534 Started database query for table users
2019-02-13T15:33:44.038472 Completed database query for table users
2019-02-13T15:33:43.234543 Received request from 102.23.55.32 for /example
2019-02-13T15:33:44.726534 Started database query for table users
2019-02-13T15:33:44.038472 Completed database query for table users
2019-02-13T15:33:43.234543 Received request from 102.23.55.32 for /example
2006-02-13T15:33:44.726534 Started database query for table users
2019-02-13T15:33:44.038472 Completed database query for table users
2019-02-13T15:33:43.234543 Received request from 102.23.55.32 for /example
2009-02-13T15:33:44.726534 Started database query for table users
2019-02-13T15:33:44.038472 Completed database query for table users
2019-02-13T15:33:43.234543 Received request from 102.23.55.32 for /example
2018-02-13T15:33:44.726534 Started database query for table users
2019-02-13T15:33:44.038472 Completed database query for table users
2019-02-13T15:33:43.234543 Received request from 102.23.55.32 for /example
2012-02-13T15:33:44.726534 Started database query for table users
2019-02-13T15:33:44.038472 Completed database query for table users
2019-02-13T15:33:43.234543 Received request from 102.23.55.32 for /example
2019-02-13T15:33:44.726534 Started database query for table users
2019-02-13T15:33:44.038472 Completed database query for table users
2015-02-13T15:33:43.234543 Received request from 102.23.55.32 for /example
2019-02-13T15:33:44.726534 Started database query for table users
2019-02-13T15:33:44.038472 Completed database query for table users
2019-02-13T15:33:43.234543 Received request from 102.23.55.32 for /example
2019-02-13T15:33:44.726534 Started database query for table users
2019-02-13T15:33:44.038472 Completed database query for table users
2019-02-13T15:33:43.234543 Received request from 102.23.55.32 for /example
2019-02-13T15:33:44.726534 Started database query for table users
2019-02-13T15:33:44.038472 Completed database query for table users
2019-02-13T15:33:43.234543 Received request from 102.23.55.32 for /example
2019-02-13T15:33:44.726534 Started database query for table users
2019-02-13T15:33:44.038472 Completed database query for table users
2019-02-13T15:33:43.234543 Received request from 102.23.55.32 for /example
2019-02-13T15:33:44.726534 Started database query for table users
2019-02-13T15:33:44.038472 Completed database query for table users
2019-02-13T15:33:43.234543 Received request from 102.23.55.32 for /example
2019-02-13T15:33:44.726534 Started database query for table users
2019-02-13T15:33:44.038472 Completed database query for table users
2019-02-13T15:33:43.234543 Received request from 102.23.55.32 for /example
2019-02-13T15:33:44.726534 Started database query for table users
2019-02-13T15:33:44.038472 Completed database query for table users
2019-02-13T15:33:43.234543 Received request from 102.23.55.32 for /example
2019-02-13T15:33:44.726534 Started database query for table users
2019-02-13T15:33:44.038472 Completed database query for table users
2019-02-13T15:33:43.234543 Received request from 102.23.55.32 for /example
2006-02-13T15:33:44.726534 Started database query for table users
2019-02-13T15:33:44.038472 Completed database query for table users
2019-02-13T15:33:43.234543 Received request from 102.23.55.32 for /example
2009-02-13T15:33:44.726534 Started database query for table users
2019-02-13T15:33:44.038472 Completed database query for table users
2019-02-13T15:33:43.234543 Received request from 102.23.55.32 for /example
2018-02-13T15:33:44.726534 Started database query for table users
2019-02-13T15:33:44.038472 Completed database query for table users
2019-02-13T15:33:43.234543 Received request from 102.23.55.32 for /example
2012-02-13T15:33:44.726534 Started database query for table users
2019-02-13T15:33:44.038472 Completed database query for table users
2019-02-13T15:33:43.234543 Received request from 102.23.55.32 for /example
2019-02-13T15:33:44.726534 Started database query for table users
2019-02-13T15:33:44.038472 Completed database query for table users
2015-02-13T15:33:43.234543 Received request from 102.23.55.32 for /example
2019-02-13T15:33:44.726534 Started database query for table users
2019-02-13T15:33:44.038472 Completed database query for table users
2019-02-13T15:33:43.234543 Received request from 102.23.55.32 for /example
2019-02-13T15:33:44.726534 Started database query for table users
2019-02-13T15:33:44.038472 Completed database query for table users
2019-02-13T15:33:43.234543 Received request from 102.23.55.32 for /example
2019-02-13T15:33:44.726534 Started database query for table users
2019-02-13T15:33:44.038472 Completed database query for table users
2019-02-13T15:33:43.234543 Received request from 102.23.55.32 for /example
2019-02-13T15:33:44.726534 Started database query for table users
2019-02-13T15:33:44.038472 Completed database query for table users
2019-02-13T15:33:43.234543 Received request from 102.23.55.32 for /example
2019-02-13T15:33:44.726534 Started database query for table users
2019-02-13T15:33:44.038472 Completed database query for table users
2019-02-13T15:33:43.234543 Received request from 102.23.55.32 for /example
2019-02-13T15:33:44.726534 Started database query for table users
2019-02-13T15:33:44.038472 Completed database query for table users
2019-02-13T15:33:43.234543 Received request from 102.23.55.32 for /example
2019-02-13T15:33:44.726534 Started database query for table users
2019-02-13T15:33:44.038472 Completed database query for table users
2019-02-13T15:33:43.234543 Received request from 102.23.55.32 for /example
2019-02-13T15:33:44.726534 Started database query for table users
2019-02-13T15:33:44.038472 Completed database query for table users
2019-02-13T15:33:43.234543 Received request from 102.23.55.32 for /example
2006-02-13T15:33:44.726534 Started database query for table users
2019-02-13T15:33:44.038472 Completed database query for table users
2019-02-13T15:33:43.234543 Received request from 102.23.55.32 for /example
2009-02-13T15:33:44.726534 Started database query for table users
2019-02-13T15:33:44.038472 Completed database query for table users
2019-02-13T15:33:43.234543 Received request from 102.23.55.32 for /example
2018-02-13T15:33:44.726534 Started database query for table users
2019-02-13T15:33:44.038472 Completed database query for table users
2019-02-13T15:33:43.234543 Received request from 102.23.55.32 for /example
2012-02-13T15:33:44.726534 Started database query for table users
2019-02-13T15:33:44.038472 Completed database query for table users
2019-02-13T15:33:43.234543 Received request from 102.23.55.32 for /example
2019-02-13T15:33:44.726534 Started database query for table users
2019-02-13T15:33:44.038472 Completed database query for table users
2015-02-13T15:33:43.234543 Received request from 102.23.55.32 for /example
2019-02-13T15:33:44.726534 Started database query for table users
2019-02-13T15:33:44.038472 Completed database query for table users
2019-02-13T15:33:43.234543 Received request from 102.23.55.32 for /example
2019-02-13T15:33:44.726534 Started database query for table users
2019-02-13T15:33:44.038472 Completed database query for table users
2019-02-13T15:33:43.234543 Received request from 102.23.55.32 for /example
2019-02-13T15:33:44.726534 Started database query for table users
2019-02-13T15:33:44.038472 Completed database query for table users
2019-02-13T15:33:43.234543 Received request from 102.23.55.32 for /example
2019-02-13T15:33:44.726534 Started database query for table users
2019-02-13T15:33:44.038472 Completed database query for table users
2019-02-13T15:33:43.234543 Received request from 102.23.55.32 for /example
2019-02-13T15:33:44.726534 Started database query for table users
2019-02-13T15:33:44.038472 Completed database query for table users
2019-02-13T15:33:43.234543 Received request from 102.23.55.32 for /example
2019-02-13T15:33:44.726534 Started database query for table users
2019-02-13T15:33:44.038472 Completed database query for table users
2019-02-13T15:33:43.234543 Received request from 102.23.55.32 for /example
2019-02-13T15:33:44.726534 Started database query for table users
2019-02-13T15:33:44.038472 Completed database query for table users
2019-02-13T15:33:43.234543 Received request from 102.23.55.32 for /example
2019-02-13T15:33:44.726534 Started database query for table users
2019-02-13T15:33:44.038472 Completed database query for table users
2019-02-13T15:33:43.234543 Received request from 102.23.55.32 for /example
2006-02-13T15:33:44.726534 Started database query for table users
2019-02-13T15:33:44.038472 Completed database query for table users
2019-02-13T15:33:43.234543 Received request from 102.23.55.32 for /example
2009-02-13T15:33:44.726534 Started database query for table users
2019-02-13T15:33:44.038472 Completed database query for table users
2019-02-13T15:33:43.234543 Received request from 102.23.55.32 for /example
2018-02-13T15:33:44.726534 Started database query for table users
2019-02-13T15:33:44.038472 Completed database query for table users
2019-02-13T15:33:43.234543 Received request from 102.23.55.32 for /example
2012-02-13T15:33:44.726534 Started database query for table users
2019-02-13T15:33:44.038472 Completed database query for table users
2019-02-13T15:33:43.234543 Received request from 102.23.55.32 for /example
2019-02-13T15:33:44.726534 Started database query for table users
2019-02-13T15:33:44.038472 Completed database query for table users
2015-02-13T15:33:43.234543 Received request from 102.23.55.32 for /example
2019-02-13T15:33:44.726534 Started database query for table users
2019-02-13T15:33:44.038472 Completed database query for table users
2019-02-13T15:33:43.234543 Received request from 102.23.55.32 for /example
2019-02-13T15:33:44.726534 Started database query for table users
2019-02-13T15:33:44.038472 Completed database query for table users
2019-02-13T15:33:43.234543 Received request from 102.23.55.32 for /example
2019-02-13T15:33:44.726534 Started database query for table users
2019-02-13T15:33:44.038472 Completed database query for table users
2019-02-13T15:33:43.234543 Received request from 102.23.55.32 for /example
2019-02-13T15:33:44.726534 Started database query for table users
2019-02-13T15:33:44.038472 Completed database query for table users
2019-02-13T15:33:43.234543 Received request from 102.23.55.32 for /example
2019-02-13T15:33:44.726534 Started database query for table users
2019-02-13T15:33:44.038472 Completed database query for table users
2019-02-13T15:33:43.234543 Received request from 102.23.55.32 for /example
2019-02-13T15:33:44.726534 Started database query for table users
2019-02-13T15:33:44.038472 Completed database query for table users
2019-02-13T15:33:43.234543 Received request from 102.23.55.32 for /example
2019-02-13T15:33:44.726534 Started database query for table users
2019-02-13T15:33:44.038472 Completed database query for table users
2019-02-13T15:33:43.234543 Received request from 102.23.55.32 for /example
2019-02-13T15:33:44.726534 Started database query for table users
2019-02-13T15:33:44.038472 Completed database query for table users
2019-02-13T15:33:43.234543 Received request from 102.23.55.32 for /example
2006-02-13T15:33:44.726534 Started database query for table users
2019-02-13T15:33:44.038472 Completed database query for table users
2019-02-13T15:33:43.234543 Received request from 102.23.55.32 for /example
2009-02-13T15:33:44.726534 Started database query for table users
2019-02-13T15:33:44.038472 Completed database query for table users
2019-02-13T15:33:43.234543 Received request from 102.23.55.32 for /example
2018-02-13T15:33:44.726534 Started database query for table users
2019-02-13T15:33:44.038472 Completed database query for table users
2019-02-13T15:33:43.234543 Received request from 102.23.55.32 for /example
2012-02-13T15:33:44.726534 Started database query for table users
2019-02-13T15:33:44.038472 Completed database query for table users
2019-02-13T15:33:43.234543 Received request from 102.23.55.32 for /example
2019-02-13T15:33:44.726534 Started database query for table users
2019-02-13T15:33:44.038472 Completed database query for table users
2015-02-13T15:33:43.234543 Received request from 102.23.55.32 for /example
2019-02-13T15:33:44.726534 Started database query for table users
2019-02-13T15:33:44.038472 Completed database query for table users
2019-02-13T15:33:43.234543 Received request from 102.23.55.32 for /example
2019-02-13T15:33:44.726534 Started database query for table users
2019-02-13T15:33:44.038472 Completed database query for table users
2019-02-13T15:33:43.234543 Received request from 102.23.55.32 for /example
2019-02-13T15:33:44.726534 Started database query for table users
2019-02-13T15:33:44.038472 Completed database query for table users
2019-02-13T15:33:43.234543 Received request from 102.23.55.32 for /example
2019-02-13T15:33:44.726534 Started database query for table users
2019-02-13T15:33:44.038472 Completed database query for table users
2019-02-13T15:33:43.234543 Received request from 102.23.55.32 for /example
2019-02-13T15:33:44.726534 Started database query for table users
2019-02-13T15:33:44.038472 Completed database query for table users
2019-02-13T15:33:43.234543 Received request from 102.23.55.32 for /example
2019-02-13T15:33:44.726534 Started database query for table users
2019-02-13T15:33:44.038472 Completed database query for table users
2019-02-13T15:33:43.234543 Received request from 102.23.55.32 for /example
2019-02-13T15:33:44.726534 Started database query for table users
2019-02-13T15:33:44.038472 Completed database query for table users
2019-02-13T15:33:43.234543 Received request from 102.23.55.32 for /example
2019-02-13T15:33:44.726534 Started database query for table users
2019-02-13T15:33:44.038472 Completed database query for table users
2019-02-13T15:33:43.234543 Received request from 102.23.55.32 for /example
2006-02-13T15:33:44.726534 Started database query for table users
2019-02-13T15:33:44.038472 Completed database query for table users
2019-02-13T15:33:43.234543 Received request from 102.23.55.32 for /example
2009-02-13T15:33:44.726534 Started database query for table users
2019-02-13T15:33:44.038472 Completed database query for table users
2019-02-13T15:33:43.234543 Received request from 102.23.55.32 for /example
2018-02-13T15:33:44.726534 Started database query for table users
2019-02-13T15:33:44.038472 Completed database query for table users
2019-02-13T15:33:43.234543 Received request from 102.23.55.32 for /example
2012-02-13T15:33:44.726534 Started database query for table users
2019-02-13T15:33:44.038472 Completed database query for table users
2019-02-13T15:33:43.234543 Received request from 102.23.55.32 for /example
2019-02-13T15:33:44.726534 Started database query for table users
2019-02-13T15:33:44.038472 Completed database query for table users
2015-02-13T15:33:43.234543 Received request from 102.23.55.32 for /example
2019-02-13T15:33:44.726534 Started database query for table users
2019-02-13T15:33:44.038472 Completed database query for table users
2019-02-13T15:33:43.234543 Received request from 102.23.55.32 for /example
2019-02-13T15:33:44.726534 Started database query for table users
2019-02-13T15:33:44.038472 Completed database query for table users
2019-02-13T15:33:43.234543 Received request from 102.23.55.32 for /example
2019-02-13T15:33:44.726534 Started database query for table users
2019-02-13T15:33:44.038472 Completed database query for table users
2019-02-13T15:33:43.234543 Received request from 102.23.55.32 for /example
2019-02-13T15:33:44.726534 Started database query for table users
2019-02-13T15:33:44.038472 Completed database query for table users
2019-02-13T15:33:43.234543 Received request from 102.23.55.32 for /example
2019-02-13T15:33:44.726534 Started database query for table users
2019-02-13T15:33:44.038472 Completed database query for table users
2019-02-13T15:33:43.234543 Received request from 102.23.55.32 for /example
2019-02-13T15:33:44.726534 Started database query for table users
2019-02-13T15:33:44.038472 Completed database query for table users
2019-02-13T15:33:43.234543 Received request from 102.23.55.32 for /example
2019-02-13T15:33:44.726534 Started database query for table users
2019-02-13T15:33:44.038472 Completed database query for table users
2019-02-13T15:33:43.234543 Received request from 102.23.55.32 for /example
2019-02-13T15:33:44.726534 Started database query for table users
2019-02-13T15:33:44.038472 Completed database query for table users
2019-02-13T15:33:43.234543 Received request from 102.23.55.32 for /example
2006-02-13T15:33:44.726534 Started database query for table users
2019-02-13T15:33:44.038472 Completed database query for table users
2019-02-13T15:33:43.234543 Received request from 102.23.55.32 for /example
2009-02-13T15:33:44.726534 Started database query for table users
2019-02-13T15:33:44.038472 Completed database query for table users
2019-02-13T15:33:43.234543 Received request from 102.23.55.32 for /example
2018-02-13T15:33:44.726534 Started database query for table users
2019-02-13T15:33:44.038472 Completed database query for table users
2019-02-13T15:33:43.234543 Received request from 102.23.55.32 for /example
2012-02-13T15:33:44.726534 Started database query for table users
2019-02-13T15:33:44.038472 Completed database query for table users
2019-02-13T15:33:43.234543 Received request from 102.23.55.32 for /example
2019-02-13T15:33:44.726534 Started database query for table users
2019-02-13T15:33:44.038472 Completed database query for table users
2015-02-13T15:33:43.234543 Received request from 102.23.55.32 for /example
2019-02-13T15:33:44.726534 Started database query for table users
2019-02-13T15:33:44.038472 Completed database query for table users
2019-02-13T15:33:43.234543 Received request from 102.23.55.32 for /example
2019-02-13T15:33:44.726534 Started database query for table users
2019-02-13T15:33:44.038472 Completed database query for table users
2019-02-13T15:33:43.234543 Received request from 102.23.55.32 for /example
2019-02-13T15:33:44.726534 Started database query for table users
2019-02-13T15:33:44.038472 Completed database query for table users
2019-02-13T15:33:43.234543 Received request from 102.23.55.32 for /example
2019-02-13T15:33:44.726534 Started database query for table users
2019-02-13T15:33:44.038472 Completed database query for table users
2019-02-13T15:33:43.234543 Received request from 102.23.55.32 for /example
2019-02-13T15:33:44.726534 Started database query for table users
2019-02-13T15:33:44.038472 Completed database query for table users
2019-02-13T15:33:43.234543 Received request from 102.23.55.32 for /example
2019-02-13T15:33:44.726534 Started database query for table users
2019-02-13T15:33:44.038472 Completed database query for table users
2019-02-13T15:33:43.234543 Received request from 102.23.55.32 for /example
2019-02-13T15:33:44.726534 Started database query for table users
2019-02-13T15:33:44.038472 Completed database query for table users
2019-02-13T15:33:43.234543 Received request from 102.23.55.32 for /example
2019-02-13T15:33:44.726534 Started database query for table users
2019-02-13T15:33:44.038472 Completed database query for table users
2019-02-13T15:33:43.234543 Received request from 102.23.55.32 for /example
2006-02-13T15:33:44.726534 Started database query for table users
2019-02-13T15:33:44.038472 Completed database query for table users
2019-02-13T15:33:43.234543 Received request from 102.23.55.32 for /example
2009-02-13T15:33:44.726534 Started database query for table users
2019-02-13T15:33:44.038472 Completed database query for table users
2019-02-13T15:33:43.234543 Received request from 102.23.55.32 for /example
2018-02-13T15:33:44.726534 Started database query for table users
2019-02-13T15:33:44.038472 Completed database query for table users
2019-02-13T15:33:43.234543 Received request from 102.23.55.32 for /example
2012-02-13T15:33:44.726534 Started database query for table users
2019-02-13T15:33:44.038472 Completed database query for table users
2019-02-13T15:33:43.234543 Received request from 102.23.55.32 for /example
2019-02-13T15:33:44.726534 Started database query for table users
2019-02-13T15:33:44.038472 Completed database query for table users
2015-02-13T15:33:43.234543 Received request from 102.23.55.32 for /example
2019-02-13T15:33:44.726534 Started database query for table users
2019-02-13T15:33:44.038472 Completed database query for table users
2019-02-13T15:33:43.234543 Received request from 102.23.55.32 for /example
2019-02-13T15:33:44.726534 Started database query for table users
2019-02-13T15:33:44.038472 Completed database query for table users
2019-02-13T15:33:43.234543 Received request from 102.23.55.32 for /example
2019-02-13T15:33:44.726534 Started database query for table users
2019-02-13T15:33:44.038472 Completed database query for table users
2019-02-13T15:33:43.234543 Received request from 102.23.55.32 for /example
2019-02-13T15:33:44.726534 Started database query for table users
2019-02-13T15:33:44.038472 Completed database query for table users
2019-02-13T15:33:43.234543 Received request from 102.23.55.32 for /example
2019-02-13T15:33:44.726534 Started database query for table users
2019-02-13T15:33:44.038472 Completed database query for table users
2019-02-13T15:33:43.234543 Received request from 102.23.55.32 for /example
2019-02-13T15:33:44.726534 Started database query for table users
2019-02-13T15:33:44.038472 Completed database query for table users
2019-02-13T15:33:43.234543 Received request from 102.23.55.32 for /example
2019-02-13T15:33:44.726534 Started database query for table users
2019-02-13T15:33:44.038472 Completed database query for table users
2019-02-13T15:33:43.234543 Received request from 102.23.55.32 for /example
2019-02-13T15:33:44.726534 Started database query for table users
2019-02-13T15:33:44.038472 Completed database query for table users
2019-02-13T15:33:43.234543 Received request from 102.23.55.32 for /example
2006-02-13T15:33:44.726534 Started database query for table users
2019-02-13T15:33:44.038472 Completed database query for table users
2019-02-13T15:33:43.234543 Received request from 102.23.55.32 for /example
2009-02-13T15:33:44.726534 Started database query for table users
2019-02-13T15:33:44.038472 Completed database query for table users
2019-02-13T15:33:43.234543 Received request from 102.23.55.32 for /example
2018-02-13T15:33:44.726534 Started database query for table users
2019-02-13T15:33:44.038472 Completed database query for table users
2019-02-13T15:33:43.234543 Received request from 102.23.55.32 for /example
2012-02-13T15:33:44.726534 Started database query for table users
2019-02-13T15:33:44.038472 Completed database query for table users
2019-02-13T15:33:43.234543 Received request from 102.23.55.32 for /example
2019-02-13T15:33:44.726534 Started database query for table users
2019-02-13T15:33:44.038472 Completed database query for table users
2015-02-13T15:33:43.234543 Received request from 102.23.55.32 for /example
2019-02-13T15:33:44.726534 Started database query for table users
2019-02-13T15:33:44.038472 Completed database query for table users
2019-02-13T15:33:43.234543 Received request from 102.23.55.32 for /example
2019-02-13T15:33:44.726534 Started database query for table users
2019-02-13T15:33:44.038472 Completed database query for table users
2019-02-13T15:33:43.234543 Received request from 102.23.55.32 for /example
2019-02-13T15:33:44.726534 Started database query for table users
2019-02-13T15:33:44.038472 Completed database query for table users
2019-02-13T15:33:43.234543 Received request from 102.23.55.32 for /example
2019-02-13T15:33:44.726534 Started database query for table users
2019-02-13T15:33:44.038472 Completed database query for table users
2019-02-13T15:33:43.234543 Received request from 102.23.55.32 for /example
2019-02-13T15:33:44.726534 Started database query for table users
2019-02-13T15:33:44.038472 Completed database query for table users
2019-02-13T15:33:43.234543 Received request from 102.23.55.32 for /example
2019-02-13T15:33:44.726534 Started database query for table users
2019-02-13T15:33:44.038472 Completed database query for table users
2019-02-13T15:33:43.234543 Received request from 102.23.55.32 for /example
2019-02-13T15:33:44.726534 Started database query for table users
2019-02-13T15:33:44.038472 Completed database query for table users
2019-02-13T15:33:43.234543 Received request from 102.23.55.32 for /example
2019-02-13T15:33:44.726534 Started database query for table users
2019-02-13T15:33:44.038472 Completed database query for table users
2019-02-13T15:33:43.234543 Received request from 102.23.55.32 for /example
2006-02-13T15:33:44.726534 Started database query for table users
2019-02-13T15:33:44.038472 Completed database query for table users
2019-02-13T15:33:43.234543 Received request from 102.23.55.32 for /example
2009-02-13T15:33:44.726534 Started database query for table users
2019-02-13T15:33:44.038472 Completed database query for table users
2019-02-13T15:33:43.234543 Received request from 102.23.55.32 for /example
2018-02-13T15:33:44.726534 Started database query for table users
2019-02-13T15:33:44.038472 Completed database query for table users
2019-02-13T15:33:43.234543 Received request from 102.23.55.32 for /example
2012-02-13T15:33:44.726534 Started database query for table users
2019-02-13T15:33:44.038472 Completed database query for table users
2019-02-13T15:33:43.234543 Received request from 102.23.55.32 for /example
2019-02-13T15:33:44.726534 Started database query for table users
2019-02-13T15:33:44.038472 Completed database query for table users
2015-02-13T15:33:43.234543 Received request from 102.23.55.32 for /example
2019-02-13T15:33:44.726534 Started database query for table users
2019-02-13T15:33:44.038472 Completed database query for table users
2019-02-13T15:33:43.234543 Received request from 102.23.55.32 for /example
2019-02-13T15:33:44.726534 Started database query for table users
2019-02-13T15:33:44.038472 Completed database query for table users
2019-02-13T15:33:43.234543 Received request from 102.23.55.32 for /example
2019-02-13T15:33:44.726534 Started database query for table users
2019-02-13T15:33:44.038472 Completed database query for table users
2019-02-13T15:33:43.234543 Received request from 102.23.55.32 for /example
2019-02-13T15:33:44.726534 Started database query for table users
2019-02-13T15:33:44.038472 Completed database query for table users
2019-02-13T15:33:43.234543 Received request from 102.23.55.32 for /example
2019-02-13T15:33:44.726534 Started database query for table users
2019-02-13T15:33:44.038472 Completed database query for table users
2019-02-13T15:33:43.234543 Received request from 102.23.55.32 for /example
2019-02-13T15:33:44.726534 Started database query for table users
2019-02-13T15:33:44.038472 Completed database query for table users
2019-02-13T15:33:43.234543 Received request from 102.23.55.32 for /example
2019-02-13T15:33:44.726534 Started database query for table users
2019-02-13T15:33:44.038472 Completed database query for table users
2019-02-13T15:33:43.234543 Received request from 102.23.55.32 for /example
2019-02-13T15:33:44.726534 Started database query for table users
2019-02-13T15:33:44.038472 Completed database query for table users
2019-02-13T15:33:43.234543 Received request from 102.23.55.32 for /example
2006-02-13T15:33:44.726534 Started database query for table users
2019-02-13T15:33:44.038472 Completed database query for table users
2019-02-13T15:33:43.234543 Received request from 102.23.55.32 for /example
2009-02-13T15:33:44.726534 Started database query for table users
2019-02-13T15:33:44.038472 Completed database query for table users
2019-02-13T15:33:43.234543 Received request from 102.23.55.32 for /example
2018-02-13T15:33:44.726534 Started database query for table users
2019-02-13T15:33:44.038472 Completed database query for table users
2019-02-13T15:33:43.234543 Received request from 102.23.55.32 for /example
2012-02-13T15:33:44.726534 Started database query for table users
2019-02-13T15:33:44.038472 Completed database query for table users
2019-02-13T15:33:43.234543 Received request from 102.23.55.32 for /example
2019-02-13T15:33:44.726534 Started database query for table users
2019-02-13T15:33:44.038472 Completed database query for table users
2015-02-13T15:33:43.234543 Received request from 102.23.55.32 for /example
2019-02-13T15:33:44.726534 Started database query for table users
2019-02-13T15:33:44.038472 Completed database query for table users
2019-02-13T15:33:43.234543 Received request from 102.23.55.32 for /example
2019-02-13T15:33:44.726534 Started database query for table users
2019-02-13T15:33:44.038472 Completed database query for table users
2019-02-13T15:33:43.234543 Received request from 102.23.55.32 for /example
2019-02-13T15:33:44.726534 Started database query for table users
2019-02-13T15:33:44.038472 Completed database query for table users
2019-02-13T15:33:43.234543 Received request from 102.23.55.32 for /example
2019-02-13T15:33:44.726534 Started database query for table users
2019-02-13T15:33:44.038472 Completed database query for table users
2019-02-13T15:33:43.234543 Received request from 102.23.55.32 for /example
2019-02-13T15:33:44.726534 Started database query for table users
2019-02-13T15:33:44.038472 Completed database query for table users
2019-02-13T15:33:43.234543 Received request from 102.23.55.32 for /example
2019-02-13T15:33:44.726534 Started database query for table users
2019-02-13T15:33:44.038472 Completed database query for table users
2019-02-13T15:33:43.234543 Received request from 102.23.55.32 for /example
2019-02-13T15:33:44.726534 Started database query for table users
2019-02-13T15:33:44.038472 Completed database query for table users
2019-02-13T15:33:43.234543 Received request from 102.23.55.32 for /example
2019-02-13T15:33:44.726534 Started database query for table users
2019-02-13T15:33:44.038472 Completed database query for table users
2019-02-13T15:33:43.234543 Received request from 102.23.55.32 for /example
2006-02-13T15:33:44.726534 Started database query for table users
2019-02-13T15:33:44.038472 Completed database query for table users
2019-02-13T15:33:43.234543 Received request from 102.23.55.32 for /example
2009-02-13T15:33:44.726534 Started database query for table users
2019-02-13T15:33:44.038472 Completed database query for table users
2019-02-13T15:33:43.234543 Received request from 102.23.55.32 for /example
2018-02-13T15:33:44.726534 Started database query for table users
2019-02-13T15:33:44.038472 Completed database query for table users
2019-02-13T15:33:43.234543 Received request from 102.23.55.32 for /example
2012-02-13T15:33:44.726534 Started database query for table users
2019-02-13T15:33:44.038472 Completed database query for table users
2019-02-13T15:33:43.234543 Received request from 102.23.55.32 for /example
2019-02-13T15:33:44.726534 Started database query for table users
2019-02-13T15:33:44.038472 Completed database query for table users
2015-02-13T15:33:43.234543 Received request from 102.23.55.32 for /example
2019-02-13T15:33:44.726534 Started database query for table users
2019-02-13T15:33:44.038472 Completed database query for table users
2019-02-13T15:33:43.234543 Received request from 102.23.55.32 for /example
2019-02-13T15:33:44.726534 Started database query for table users
2019-02-13T15:33:44.038472 Completed database query for table users
2019-02-13T15:33:43.234543 Received request from 102.23.55.32 for /example
2019-02-13T15:33:44.726534 Started database query for table users
2019-02-13T15:33:44.038472 Completed database query for table users
2019-02-13T15:33:43.234543 Received request from 102.23.55.32 for /example
2019-02-13T15:33:44.726534 Started database query for table users
2019-02-13T15:33:44.038472 Completed database query for table users
2019-02-13T15:33:43.234543 Received request from 102.23.55.32 for /example
2019-02-13T15:33:44.726534 Started database query for table users
2019-02-13T15:33:44.038472 Completed database query for table users
2019-02-13T15:33:43.234543 Received request from 102.23.55.32 for /example
2019-02-13T15:33:44.726534 Started database query for table users
2019-02-13T15:33:44.038472 Completed database query for table users
2019-02-13T15:33:43.234543 Received request from 102.23.55.32 for /example
2019-02-13T15:33:44.726534 Started database query for table users
2019-02-13T15:33:44.038472 Completed database query for table users
2019-02-13T15:33:43.234543 Received request from 102.23.55.32 for /example
2019-02-13T15:33:44.726534 Started database query for table users
2019-02-13T15:33:44.038472 Completed database query for table users
2019-02-13T15:33:43.234543 Received request from 102.23.55.32 for /example
2006-02-13T15:33:44.726534 Started database query for table users
2019-02-13T15:33:44.038472 Completed database query for table users
2019-02-13T15:33:43.234543 Received request from 102.23.55.32 for /example
2009-02-13T15:33:44.726534 Started database query for table users
2019-02-13T15:33:44.038472 Completed database query for table users
2019-02-13T15:33:43.234543 Received request from 102.23.55.32 for /example
2018-02-13T15:33:44.726534 Started database query for table users
2019-02-13T15:33:44.038472 Completed database query for table users
2019-02-13T15:33:43.234543 Received request from 102.23.55.32 for /example
2012-02-13T15:33:44.726534 Started database query for table users
2019-02-13T15:33:44.038472 Completed database query for table users
2019-02-13T15:33:43.234543 Received request from 102.23.55.32 for /example
2019-02-13T15:33:44.726534 Started database query for table users
2019-02-13T15:33:44.038472 Completed database query for table users
2015-02-13T15:33:43.234543 Received request from 102.23.55.32 for /example
2019-02-13T15:33:44.726534 Started database query for table users
2019-02-13T15:33:44.038472 Completed database query for table users
2019-02-13T15:33:43.234543 Received request from 102.23.55.32 for /example
2019-02-13T15:33:44.726534 Started database query for table users
2019-02-13T15:33:44.038472 Completed database query for table users
2019-02-13T15:33:43.234543 Received request from 102.23.55.32 for /example
2019-02-13T15:33:44.726534 Started database query for table users
2019-02-13T15:33:44.038472 Completed database query for table users
2019-02-13T15:33:43.234543 Received request from 102.23.55.32 for /example
2019-02-13T15:33:44.726534 Started database query for table users
2019-02-13T15:33:44.038472 Completed database query for table users
2019-02-13T15:33:43.234543 Received request from 102.23.55.32 for /example
2019-02-13T15:33:44.726534 Started database query for table users
2019-02-13T15:33:44.038472 Completed database query for table users
2019-02-13T15:33:43.234543 Received request from 102.23.55.32 for /example
2019-02-13T15:33:44.726534 Started database query for table users
2019-02-13T15:33:44.038472 Completed database query for table users
2019-02-13T15:33:43.234543 Received request from 102.23.55.32 for /example
2019-02-13T15:33:44.726534 Started database query for table users
2019-02-13T15:33:44.038472 Completed database query for table users
2019-02-13T15:33:43.234543 Received request from 102.23.55.32 for /example
2019-02-13T15:33:44.726534 Started database query for table users
2019-02-13T15:33:44.038472 Completed database query for table users
2019-02-13T15:33:43.234543 Received request from 102.23.55.32 for /example
2006-02-13T15:33:44.726534 Started database query for table users
2019-02-13T15:33:44.038472 Completed database query for table users
2019-02-13T15:33:43.234543 Received request from 102.23.55.32 for /example
2009-02-13T15:33:44.726534 Started database query for table users
2019-02-13T15:33:44.038472 Completed database query for table users
2019-02-13T15:33:43.234543 Received request from 102.23.55.32 for /example
2018-02-13T15:33:44.726534 Started database query for table users
2019-02-13T15:33:44.038472 Completed database query for table users
2019-02-13T15:33:43.234543 Received request from 102.23.55.32 for /example
2012-02-13T15:33:44.726534 Started database query for table users
2019-02-13T15:33:44.038472 Completed database query for table users
2019-02-13T15:33:43.234543 Received request from 102.23.55.32 for /example
2019-02-13T15:33:44.726534 Started database query for table users
2019-02-13T15:33:44.038472 Completed database query for table users
2015-02-13T15:33:43.234543 Received request from 102.23.55.32 for /example
2019-02-13T15:33:44.726534 Started database query for table users
2019-02-13T15:33:44.038472 Completed database query for table users
2019-02-13T15:33:43.234543 Received request from 102.23.55.32 for /example
2019-02-13T15:33:44.726534 Started database query for table users
2019-02-13T15:33:44.038472 Completed database query for table users
2019-02-13T15:33:43.234543 Received request from 102.23.55.32 for /example
2019-02-13T15:33:44.726534 Started database query for table users
2019-02-13T15:33:44.038472 Completed database query for table users
2019-02-13T15:33:43.234543 Received request from 102.23.55.32 for /example
2019-02-13T15:33:44.726534 Started database query for table users
2019-02-13T15:33:44.038472 Completed database query for table users
2019-02-13T15:33:43.234543 Received request from 102.23.55.32 for /example
2019-02-13T15:33:44.726534 Started database query for table users
2019-02-13T15:33:44.038472 Completed database query for table users
2019-02-13T15:33:43.234543 Received request from 102.23.55.32 for /example
2019-02-13T15:33:44.726534 Started database query for table users
2019-02-13T15:33:44.038472 Completed database query for table users
2019-02-13T15:33:43.234543 Received request from 102.23.55.32 for /example
2019-02-13T15:33:44.726534 Started database query for table users
2019-02-13T15:33:44.038472 Completed database query for table users
2019-02-13T15:33:43.234543 Received request from 102.23.55.32 for /example
2019-02-13T15:33:44.726534 Started database query for table users
2019-02-13T15:33:44.038472 Completed database query for table users
2019-02-13T15:33:43.234543 Received request from 102.23.55.32 for /example
2006-02-13T15:33:44.726534 Started database query for table users
2019-02-13T15:33:44.038472 Completed database query for table users
2019-02-13T15:33:43.234543 Received request from 102.23.55.32 for /example
2009-02-13T15:33:44.726534 Started database query for table users
2019-02-13T15:33:44.038472 Completed database query for table users
2019-02-13T15:33:43.234543 Received request from 102.23.55.32 for /example
2018-02-13T15:33:44.726534 Started database query for table users
2019-02-13T15:33:44.038472 Completed database query for table users
2019-02-13T15:33:43.234543 Received request from 102.23.55.32 for /example
2012-02-13T15:33:44.726534 Started database query for table users
2019-02-13T15:33:44.038472 Completed database query for table users
2019-02-13T15:33:43.234543 Received request from 102.23.55.32 for /example
2019-02-13T15:33:44.726534 Started database query for table users
2019-02-13T15:33:44.038472 Completed database query for table users
2015-02-13T15:33:43.234543 Received request from 102.23.55.32 for /example
2019-02-13T15:33:44.726534 Started database query for table users
2019-02-13T15:33:44.038472 Completed database query for table users
2019-02-13T15:33:43.234543 Received request from 102.23.55.32 for /example
2019-02-13T15:33:44.726534 Started database query for table users
2019-02-13T15:33:44.038472 Completed database query for table users
2019-02-13T15:33:43.234543 Received request from 102.23.55.32 for /example
2019-02-13T15:33:44.726534 Started database query for table users
2019-02-13T15:33:44.038472 Completed database query for table users
2019-02-13T15:33:43.234543 Received request from 102.23.55.32 for /example
2019-02-13T15:33:44.726534 Started database query for table users
2019-02-13T15:33:44.038472 Completed database query for table users
2019-02-13T15:33:43.234543 Received request from 102.23.55.32 for /example
2019-02-13T15:33:44.726534 Started database query for table users
2019-02-13T15:33:44.038472 Completed database query for table users
2019-02-13T15:33:43.234543 Received request from 102.23.55.32 for /example
2019-02-13T15:33:44.726534 Started database query for table users
2019-02-13T15:33:44.038472 Completed database query for table users
2019-02-13T15:33:43.234543 Received request from 102.23.55.32 for /example
2019-02-13T15:33:44.726534 Started database query for table users
2019-02-13T15:33:44.038472 Completed database query for table users
2019-02-13T15:33:43.234543 Received request from 102.23.55.32 for /example
2019-02-13T15:33:44.726534 Started database query for table users
2019-02-13T15:33:44.038472 Completed database query for table users
2019-02-13T15:33:43.234543 Received request from 102.23.55.32 for /example
2006-02-13T15:33:44.726534 Started database query for table users
2019-02-13T15:33:44.038472 Completed database query for table users
2019-02-13T15:33:43.234543 Received request from 102.23.55.32 for /example
2009-02-13T15:33:44.726534 Started database query for table users
2019-02-13T15:33:44.038472 Completed database query for table users
2019-02-13T15:33:43.234543 Received request from 102.23.55.32 for /example
2018-02-13T15:33:44.726534 Started database query for table users
2019-02-13T15:33:44.038472 Completed database query for table users
2019-02-13T15:33:43.234543 Received request from 102.23.55.32 for /example
2012-02-13T15:33:44.726534 Started database query for table users
2019-02-13T15:33:44.038472 Completed database query for table users
2019-02-13T15:33:43.234543 Received request from 102.23.55.32 for /example
2019-02-13T15:33:44.726534 Started database query for table users
2019-02-13T15:33:44.038472 Completed database query for table users
2015-02-13T15:33:43.234543 Received request from 102.23.55.32 for /example
2019-02-13T15:33:44.726534 Started database query for table users
2019-02-13T15:33:44.038472 Completed database query for table users
2019-02-13T15:33:43.234543 Received request from 102.23.55.32 for /example
2019-02-13T15:33:44.726534 Started database query for table users
2019-02-13T15:33:44.038472 Completed database query for table users
2019-02-13T15:33:43.234543 Received request from 102.23.55.32 for /example
2019-02-13T15:33:44.726534 Started database query for table users
2019-02-13T15:33:44.038472 Completed database query for table users
2019-02-13T15:33:43.234543 Received request from 102.23.55.32 for /example
2019-02-13T15:33:44.726534 Started database query for table users
2019-02-13T15:33:44.038472 Completed database query for table users
2019-02-13T15:33:43.234543 Received request from 102.23.55.32 for /example
2019-02-13T15:33:44.726534 Started database query for table users
2019-02-13T15:33:44.038472 Completed database query for table users
2019-02-13T15:33:43.234543 Received request from 102.23.55.32 for /example
2019-02-13T15:33:44.726534 Started database query for table users
2019-02-13T15:33:44.038472 Completed database query for table users
2019-02-13T15:33:43.234543 Received request from 102.23.55.32 for /example
2019-02-13T15:33:44.726534 Started database query for table users
2019-02-13T15:33:44.038472 Completed database query for table users
2019-02-13T15:33:43.234543 Received request from 102.23.55.32 for /example
2019-02-13T15:33:44.726534 Started database query for table users
2019-02-13T15:33:44.038472 Completed database query for table users
2019-02-13T15:33:43.234543 Received request from 102.23.55.32 for /example
2006-02-13T15:33:44.726534 Started database query for table users
2019-02-13T15:33:44.038472 Completed database query for table users
2019-02-13T15:33:43.234543 Received request from 102.23.55.32 for /example
2009-02-13T15:33:44.726534 Started database query for table users
2019-02-13T15:33:44.038472 Completed database query for table users
2019-02-13T15:33:43.234543 Received request from 102.23.55.32 for /example
2018-02-13T15:33:44.726534 Started database query for table users
2019-02-13T15:33:44.038472 Completed database query for table users
2019-02-13T15:33:43.234543 Received request from 102.23.55.32 for /example
2012-02-13T15:33:44.726534 Started database query for table users
2019-02-13T15:33:44.038472 Completed database query for table users
2019-02-13T15:33:43.234543 Received request from 102.23.55.32 for /example
2019-02-13T15:33:44.726534 Started database query for table users
2019-02-13T15:33:44.038472 Completed database query for table users
2015-02-13T15:33:43.234543 Received request from 102.23.55.32 for /example
2019-02-13T15:33:44.726534 Started database query for table users
2019-02-13T15:33:44.038472 Completed database query for table users
2019-02-13T15:33:43.234543 Received request from 102.23.55.32 for /example
2019-02-13T15:33:44.726534 Started database query for table users
2019-02-13T15:33:44.038472 Completed database query for table users
2019-02-13T15:33:43.234543 Received request from 102.23.55.32 for /example
2019-02-13T15:33:44.726534 Started database query for table users
2019-02-13T15:33:44.038472 Completed database query for table users
2019-02-13T15:33:43.234543 Received request from 102.23.55.32 for /example
2019-02-13T15:33:44.726534 Started database query for table users
2019-02-13T15:33:44.038472 Completed database query for table users
2019-02-13T15:33:43.234543 Received request from 102.23.55.32 for /example
2019-02-13T15:33:44.726534 Started database query for table users
2019-02-13T15:33:44.038472 Completed database query for table users
2019-02-13T15:33:43.234543 Received request from 102.23.55.32 for /example
2019-02-13T15:33:44.726534 Started database query for table users
2019-02-13T15:33:44.038472 Completed database query for table users
2019-02-13T15:33:43.234543 Received request from 102.23.55.32 for /example
2019-02-13T15:33:44.726534 Started database query for table users
2019-02-13T15:33:44.038472 Completed database query for table users
2019-02-13T15:33:43.234543 Received request from 102.23.55.32 for /example
2019-02-13T15:33:44.726534 Started database query for table users
2019-02-13T15:33:44.038472 Completed database query for table users
2019-02-13T15:33:43.234543 Received request from 102.23.55.32 for /example
2006-02-13T15:33:44.726534 Started database query for table users
2019-02-13T15:33:44.038472 Completed database query for table users
2019-02-13T15:33:43.234543 Received request from 102.23.55.32 for /example
2009-02-13T15:33:44.726534 Started database query for table users
2019-02-13T15:33:44.038472 Completed database query for table users
2019-02-13T15:33:43.234543 Received request from 102.23.55.32 for /example
2018-02-13T15:33:44.726534 Started database query for table users
2019-02-13T15:33:44.038472 Completed database query for table users
2019-02-13T15:33:43.234543 Received request from 102.23.55.32 for /example
2012-02-13T15:33:44.726534 Started database query for table users
2019-02-13T15:33:44.038472 Completed database query for table users
2019-02-13T15:33:43.234543 Received request from 102.23.55.32 for /example
2019-02-13T15:33:44.726534 Started database query for table users
2019-02-13T15:33:44.038472 Completed database query for table users
2015-02-13T15:33:43.234543 Received request from 102.23.55.32 for /example
2019-02-13T15:33:44.726534 Started database query for table users
2019-02-13T15:33:44.038472 Completed database query for table users
2019-02-13T15:33:43.234543 Received request from 102.23.55.32 for /example
2019-02-13T15:33:44.726534 Started database query for table users
2019-02-13T15:33:44.038472 Completed database query for table users
2019-02-13T15:33:43.234543 Received request from 102.23.55.32 for /example
2019-02-13T15:33:44.726534 Started database query for table users
2019-02-13T15:33:44.038472 Completed database query for table users
2019-02-13T15:33:43.234543 Received request from 102.23.55.32 for /example
2019-02-13T15:33:44.726534 Started database query for table users
2019-02-13T15:33:44.038472 Completed database query for table users
2019-02-13T15:33:43.234543 Received request from 102.23.55.32 for /example
2019-02-13T15:33:44.726534 Started database query for table users
2019-02-13T15:33:44.038472 Completed database query for table users
2019-02-13T15:33:43.234543 Received request from 102.23.55.32 for /example
2019-02-13T15:33:44.726534 Started database query for table users
2019-02-13T15:33:44.038472 Completed database query for table users
2019-02-13T15:33:43.234543 Received request from 102.23.55.32 for /example
2019-02-13T15:33:44.726534 Started database query for table users
2019-02-13T15:33:44.038472 Completed database query for table users
2019-02-13T15:33:43.234543 Received request from 102.23.55.32 for /example
2019-02-13T15:33:44.726534 Started database query for table users
2019-02-13T15:33:44.038472 Completed database query for table users
2019-02-13T15:33:43.234543 Received request from 102.23.55.32 for /example
2006-02-13T15:33:44.726534 Started database query for table users
2019-02-13T15:33:44.038472 Completed database query for table users
2019-02-13T15:33:43.234543 Received request from 102.23.55.32 for /example
2009-02-13T15:33:44.726534 Started database query for table users
2019-02-13T15:33:44.038472 Completed database query for table users
2019-02-13T15:33:43.234543 Received request from 102.23.55.32 for /example
2018-02-13T15:33:44.726534 Started database query for table users
2019-02-13T15:33:44.038472 Completed database query for table users
2019-02-13T15:33:43.234543 Received request from 102.23.55.32 for /example
2012-02-13T15:33:44.726534 Started database query for table users
2019-02-13T15:33:44.038472 Completed database query for table users
2019-02-13T15:33:43.234543 Received request from 102.23.55.32 for /example
2019-02-13T15:33:44.726534 Started database query for table users
2019-02-13T15:33:44.038472 Completed database query for table users
2015-02-13T15:33:43.234543 Received request from 102.23.55.32 for /example
2019-02-13T15:33:44.726534 Started database query for table users
2019-02-13T15:33:44.038472 Completed database query for table users
2019-02-13T15:33:43.234543 Received request from 102.23.55.32 for /example
2019-02-13T15:33:44.726534 Started database query for table users
2019-02-13T15:33:44.038472 Completed database query for table users
2019-02-13T15:33:43.234543 Received request from 102.23.55.32 for /example
2019-02-13T15:33:44.726534 Started database query for table users
2019-02-13T15:33:44.038472 Completed database query for table users
2019-02-13T15:33:43.234543 Received request from 102.23.55.32 for /example
2019-02-13T15:33:44.726534 Started database query for table users
2019-02-13T15:33:44.038472 Completed database query for table users
2019-02-13T15:33:43.234543 Received request from 102.23.55.32 for /example
2019-02-13T15:33:44.726534 Started database query for table users
2019-02-13T15:33:44.038472 Completed database query for table users
2019-02-13T15:33:43.234543 Received request from 102.23.55.32 for /example
2019-02-13T15:33:44.726534 Started database query for table users
2019-02-13T15:33:44.038472 Completed database query for table users
2019-02-13T15:33:43.234543 Received request from 102.23.55.32 for /example
2019-02-13T15:33:44.726534 Started database query for table users
2019-02-13T15:33:44.038472 Completed database query for table users
2019-02-13T15:33:43.234543 Received request from 102.23.55.32 for /example
2019-02-13T15:33:44.726534 Started database query for table users
2019-02-13T15:33:44.038472 Completed database query for table users
2019-02-13T15:33:43.234543 Received request from 102.23.55.32 for /example
2006-02-13T15:33:44.726534 Started database query for table users
2019-02-13T15:33:44.038472 Completed database query for table users
2019-02-13T15:33:43.234543 Received request from 102.23.55.32 for /example
2009-02-13T15:33:44.726534 Started database query for table users
2019-02-13T15:33:44.038472 Completed database query for table users
2019-02-13T15:33:43.234543 Received request from 102.23.55.32 for /example
2018-02-13T15:33:44.726534 Started database query for table users
2019-02-13T15:33:44.038472 Completed database query for table users
2019-02-13T15:33:43.234543 Received request from 102.23.55.32 for /example
2012-02-13T15:33:44.726534 Started database query for table users
2019-02-13T15:33:44.038472 Completed database query for table users
2019-02-13T15:33:43.234543 Received request from 102.23.55.32 for /example
2019-02-13T15:33:44.726534 Started database query for table users
2019-02-13T15:33:44.038472 Completed database query for table users
2015-02-13T15:33:43.234543 Received request from 102.23.55.32 for /example
2019-02-13T15:33:44.726534 Started database query for table users
2019-02-13T15:33:44.038472 Completed database query for table users
2019-02-13T15:33:43.234543 Received request from 102.23.55.32 for /example
2019-02-13T15:33:44.726534 Started database query for table users
2019-02-13T15:33:44.038472 Completed database query for table users
2019-02-13T15:33:43.234543 Received request from 102.23.55.32 for /example
2019-02-13T15:33:44.726534 Started database query for table users
2019-02-13T15:33:44.038472 Completed database query for table users
2019-02-13T15:33:43.234543 Received request from 102.23.55.32 for /example
2019-02-13T15:33:44.726534 Started database query for table users
2019-02-13T15:33:44.038472 Completed database query for table users
2019-02-13T15:33:43.234543 Received request from 102.23.55.32 for /example
2019-02-13T15:33:44.726534 Started database query for table users
2019-02-13T15:33:44.038472 Completed database query for table users
2019-02-13T15:33:43.234543 Received request from 102.23.55.32 for /example
2019-02-13T15:33:44.726534 Started database query for table users
2019-02-13T15:33:44.038472 Completed database query for table users
2019-02-13T15:33:43.234543 Received request from 102.23.55.32 for /example
2019-02-13T15:33:44.726534 Started database query for table users
2019-02-13T15:33:44.038472 Completed database query for table users
2019-02-13T15:33:43.234543 Received request from 102.23.55.32 for /example
2019-02-13T15:33:44.726534 Started database query for table users
2019-02-13T15:33:44.038472 Completed database query for table users
2019-02-13T15:33:43.234543 Received request from 102.23.55.32 for /example
2006-02-13T15:33:44.726534 Started database query for table users
2019-02-13T15:33:44.038472 Completed database query for table users
2019-02-13T15:33:43.234543 Received request from 102.23.55.32 for /example
2009-02-13T15:33:44.726534 Started database query for table users
2019-02-13T15:33:44.038472 Completed database query for table users
2019-02-13T15:33:43.234543 Received request from 102.23.55.32 for /example
2018-02-13T15:33:44.726534 Started database query for table users
2019-02-13T15:33:44.038472 Completed database query for table users
2019-02-13T15:33:43.234543 Received request from 102.23.55.32 for /example
2012-02-13T15:33:44.726534 Started database query for table users
2019-02-13T15:33:44.038472 Completed database query for table users
2019-02-13T15:33:43.234543 Received request from 102.23.55.32 for /example
2019-02-13T15:33:44.726534 Started database query for table users
2019-02-13T15:33:44.038472 Completed database query for table users
2015-02-13T15:33:43.234543 Received request from 102.23.55.32 for /example
2019-02-13T15:33:44.726534 Started database query for table users
2019-02-13T15:33:44.038472 Completed database query for table users
2019-02-13T15:33:43.234543 Received request from 102.23.55.32 for /example
2019-02-13T15:33:44.726534 Started database query for table users
2019-02-13T15:33:44.038472 Completed database query for table users
2019-02-13T15:33:43.234543 Received request from 102.23.55.32 for /example
2019-02-13T15:33:44.726534 Started database query for table users
2019-02-13T15:33:44.038472 Completed database query for table users
2019-02-13T15:33:43.234543 Received request from 102.23.55.32 for /example
2019-02-13T15:33:44.726534 Started database query for table users
2019-02-13T15:33:44.038472 Completed database query for table users
2019-02-13T15:33:43.234543 Received request from 102.23.55.32 for /example
2019-02-13T15:33:44.726534 Started database query for table users
2019-02-13T15:33:44.038472 Completed database query for table users
2019-02-13T15:33:43.234543 Received request from 102.23.55.32 for /example
2019-02-13T15:33:44.726534 Started database query for table users
2019-02-13T15:33:44.038472 Completed database query for table users
2019-02-13T15:33:43.234543 Received request from 102.23.55.32 for /example
2019-02-13T15:33:44.726534 Started database query for table users
2019-02-13T15:33:44.038472 Completed database query for table users
2019-02-13T15:33:43.234543 Received request from 102.23.55.32 for /example
2019-02-13T15:33:44.726534 Started database query for table users
2019-02-13T15:33:44.038472 Completed database query for table users
2019-02-13T15:33:43.234543 Received request from 102.23.55.32 for /example
2006-02-13T15:33:44.726534 Started database query for table users
2019-02-13T15:33:44.038472 Completed database query for table users
2019-02-13T15:33:43.234543 Received request from 102.23.55.32 for /example
2009-02-13T15:33:44.726534 Started database query for table users
2019-02-13T15:33:44.038472 Completed database query for table users
2019-02-13T15:33:43.234543 Received request from 102.23.55.32 for /example
2018-02-13T15:33:44.726534 Started database query for table users
2019-02-13T15:33:44.038472 Completed database query for table users
2019-02-13T15:33:43.234543 Received request from 102.23.55.32 for /example
2012-02-13T15:33:44.726534 Started database query for table users
2019-02-13T15:33:44.038472 Completed database query for table users
2019-02-13T15:33:43.234543 Received request from 102.23.55.32 for /example
2019-02-13T15:33:44.726534 Started database query for table users
2019-02-13T15:33:44.038472 Completed database query for table users
2015-02-13T15:33:43.234543 Received request from 102.23.55.32 for /example
2019-02-13T15:33:44.726534 Started database query for table users
2019-02-13T15:33:44.038472 Completed database query for table users
2019-02-13T15:33:43.234543 Received request from 102.23.55.32 for /example
2019-02-13T15:33:44.726534 Started database query for table users
2019-02-13T15:33:44.038472 Completed database query for table users
2019-02-13T15:33:43.234543 Received request from 102.23.55.32 for /example
2019-02-13T15:33:44.726534 Started database query for table users
2019-02-13T15:33:44.038472 Completed database query for table users
2019-02-13T15:33:43.234543 Received request from 102.23.55.32 for /example
2019-02-13T15:33:44.726534 Started database query for table users
2019-02-13T15:33:44.038472 Completed database query for table users
2019-02-13T15:33:43.234543 Received request from 102.23.55.32 for /example
2019-02-13T15:33:44.726534 Started database query for table users
2019-02-13T15:33:44.038472 Completed database query for table users
2019-02-13T15:33:43.234543 Received request from 102.23.55.32 for /example
2019-02-13T15:33:44.726534 Started database query for table users
2019-02-13T15:33:44.038472 Completed database query for table users
2019-02-13T15:33:43.234543 Received request from 102.23.55.32 for /example
2019-02-13T15:33:44.726534 Started database query for table users
2019-02-13T15:33:44.038472 Completed database query for table users
2019-02-13T15:33:43.234543 Received request from 102.23.55.32 for /example
2019-02-13T15:33:44.726534 Started database query for table users
2019-02-13T15:33:44.038472 Completed database query for table users
2019-02-13T15:33:43.234543 Received request from 102.23.55.32 for /example
2006-02-13T15:33:44.726534 Started database query for table users
2019-02-13T15:33:44.038472 Completed database query for table users
2019-02-13T15:33:43.234543 Received request from 102.23.55.32 for /example
2009-02-13T15:33:44.726534 Started database query for table users
2019-02-13T15:33:44.038472 Completed database query for table users
2019-02-13T15:33:43.234543 Received request from 102.23.55.32 for /example
2018-02-13T15:33:44.726534 Started database query for table users
2019-02-13T15:33:44.038472 Completed database query for table users
2019-02-13T15:33:43.234543 Received request from 102.23.55.32 for /example
2012-02-13T15:33:44.726534 Started database query for table users
2019-02-13T15:33:44.038472 Completed database query for table users
2019-02-13T15:33:43.234543 Received request from 102.23.55.32 for /example
2019-02-13T15:33:44.726534 Started database query for table users
2019-02-13T15:33:44.038472 Completed database query for table users
2015-02-13T15:33:43.234543 Received request from 102.23.55.32 for /example
2019-02-13T15:33:44.726534 Started database query for table users
2019-02-13T15:33:44.038472 Completed database query for table users
2019-02-13T15:33:43.234543 Received request from 102.23.55.32 for /example
2019-02-13T15:33:44.726534 Started database query for table users
2019-02-13T15:33:44.038472 Completed database query for table users
2019-02-13T15:33:43.234543 Received request from 102.23.55.32 for /example
2019-02-13T15:33:44.726534 Started database query for table users
2019-02-13T15:33:44.038472 Completed database query for table users
2019-02-13T15:33:43.234543 Received request from 102.23.55.32 for /example
2019-02-13T15:33:44.726534 Started database query for table users
2019-02-13T15:33:44.038472 Completed database query for table users
2019-02-13T15:33:43.234543 Received request from 102.23.55.32 for /example
2019-02-13T15:33:44.726534 Started database query for table users
2019-02-13T15:33:44.038472 Completed database query for table users
2019-02-13T15:33:43.234543 Received request from 102.23.55.32 for /example
2019-02-13T15:33:44.726534 Started database query for table users
2019-02-13T15:33:44.038472 Completed database query for table users
2019-02-13T15:33:43.234543 Received request from 102.23.55.32 for /example
2019-02-13T15:33:44.726534 Started database query for table users
2019-02-13T15:33:44.038472 Completed database query for table users
2019-02-13T15:33:43.234543 Received request from 102.23.55.32 for /example
2019-02-13T15:33:44.726534 Started database query for table users
2019-02-13T15:33:44.038472 Completed database query for table users
2019-02-13T15:33:43.234543 Received request from 102.23.55.32 for /example
2006-02-13T15:33:44.726534 Started database query for table users
2019-02-13T15:33:44.038472 Completed database query for table users
2019-02-13T15:33:43.234543 Received request from 102.23.55.32 for /example
2009-02-13T15:33:44.726534 Started database query for table users
2019-02-13T15:33:44.038472 Completed database query for table users
2019-02-13T15:33:43.234543 Received request from 102.23.55.32 for /example
2018-02-13T15:33:44.726534 Started database query for table users
2019-02-13T15:33:44.038472 Completed database query for table users
2019-02-13T15:33:43.234543 Received request from 102.23.55.32 for /example
2012-02-13T15:33:44.726534 Started database query for table users
2019-02-13T15:33:44.038472 Completed database query for table users
2019-02-13T15:33:43.234543 Received request from 102.23.55.32 for /example
2019-02-13T15:33:44.726534 Started database query for table users
2019-02-13T15:33:44.038472 Completed database query for table users
2015-02-13T15:33:43.234543 Received request from 102.23.55.32 for /example
2019-02-13T15:33:44.726534 Started database query for table users
2019-02-13T15:33:44.038472 Completed database query for table users
2019-02-13T15:33:43.234543 Received request from 102.23.55.32 for /example
2019-02-13T15:33:44.726534 Started database query for table users
2019-02-13T15:33:44.038472 Completed database query for table users
2019-02-13T15:33:43.234543 Received request from 102.23.55.32 for /example
2019-02-13T15:33:44.726534 Started database query for table users
2019-02-13T15:33:44.038472 Completed database query for table users
2019-02-13T15:33:43.234543 Received request from 102.23.55.32 for /example
2019-02-13T15:33:44.726534 Started database query for table users
2019-02-13T15:33:44.038472 Completed database query for table users
2019-02-13T15:33:43.234543 Received request from 102.23.55.32 for /example
2019-02-13T15:33:44.726534 Started database query for table users
2019-02-13T15:33:44.038472 Completed database query for table users
2019-02-13T15:33:43.234543 Received request from 102.23.55.32 for /example
2019-02-13T15:33:44.726534 Started database query for table users
2019-02-13T15:33:44.038472 Completed database query for table users
2019-02-13T15:33:43.234543 Received request from 102.23.55.32 for /example
2019-02-13T15:33:44.726534 Started database query for table users
2019-02-13T15:33:44.038472 Completed database query for table users
2019-02-13T15:33:43.234543 Received request from 102.23.55.32 for /example
2019-02-13T15:33:44.726534 Started database query for table users
2019-02-13T15:33:44.038472 Completed database query for table users
2019-02-13T15:33:43.234543 Received request from 102.23.55.32 for /example
2006-02-13T15:33:44.726534 Started database query for table users
2019-02-13T15:33:44.038472 Completed database query for table users
2019-02-13T15:33:43.234543 Received request from 102.23.55.32 for /example
2009-02-13T15:33:44.726534 Started database query for table users
2019-02-13T15:33:44.038472 Completed database query for table users
2019-02-13T15:33:43.234543 Received request from 102.23.55.32 for /example
2018-02-13T15:33:44.726534 Started database query for table users
2019-02-13T15:33:44.038472 Completed database query for table users
2019-02-13T15:33:43.234543 Received request from 102.23.55.32 for /example
2012-02-13T15:33:44.726534 Started database query for table users
2019-02-13T15:33:44.038472 Completed database query for table users
2019-02-13T15:33:43.234543 Received request from 102.23.55.32 for /example
2019-02-13T15:33:44.726534 Started database query for table users
2019-02-13T15:33:44.038472 Completed database query for table users
2015-02-13T15:33:43.234543 Received request from 102.23.55.32 for /example
2019-02-13T15:33:44.726534 Started database query for table users
2019-02-13T15:33:44.038472 Completed database query for table users
2019-02-13T15:33:43.234543 Received request from 102.23.55.32 for /example
2019-02-13T15:33:44.726534 Started database query for table users
2019-02-13T15:33:44.038472 Completed database query for table users
2019-02-13T15:33:43.234543 Received request from 102.23.55.32 for /example
2019-02-13T15:33:44.726534 Started database query for table users
2019-02-13T15:33:44.038472 Completed database query for table users
2019-02-13T15:33:43.234543 Received request from 102.23.55.32 for /example
2019-02-13T15:33:44.726534 Started database query for table users
2019-02-13T15:33:44.038472 Completed database query for table users
2019-02-13T15:33:43.234543 Received request from 102.23.55.32 for /example
2019-02-13T15:33:44.726534 Started database query for table users
2019-02-13T15:33:44.038472 Completed database query for table users
2019-02-13T15:33:43.234543 Received request from 102.23.55.32 for /example
2019-02-13T15:33:44.726534 Started database query for table users
2019-02-13T15:33:44.038472 Completed database query for table users
2019-02-13T15:33:43.234543 Received request from 102.23.55.32 for /example
2019-02-13T15:33:44.726534 Started database query for table users
2019-02-13T15:33:44.038472 Completed database query for table users
2019-02-13T15:33:43.234543 Received request from 102.23.55.32 for /example
2019-02-13T15:33:44.726534 Started database query for table users
2019-02-13T15:33:44.038472 Completed database query for table users
2019-02-13T15:33:43.234543 Received request from 102.23.55.32 for /example
2006-02-13T15:33:44.726534 Started database query for table users
2019-02-13T15:33:44.038472 Completed database query for table users
2019-02-13T15:33:43.234543 Received request from 102.23.55.32 for /example
2009-02-13T15:33:44.726534 Started database query for table users
2019-02-13T15:33:44.038472 Completed database query for table users
2019-02-13T15:33:43.234543 Received request from 102.23.55.32 for /example
2018-02-13T15:33:44.726534 Started database query for table users
2019-02-13T15:33:44.038472 Completed database query for table users
2019-02-13T15:33:43.234543 Received request from 102.23.55.32 for /example
2012-02-13T15:33:44.726534 Started database query for table users
2019-02-13T15:33:44.038472 Completed database query for table users
2019-02-13T15:33:43.234543 Received request from 102.23.55.32 for /example
2019-02-13T15:33:44.726534 Started database query for table users
2019-02-13T15:33:44.038472 Completed database query for table users
2015-02-13T15:33:43.234543 Received request from 102.23.55.32 for /example
2019-02-13T15:33:44.726534 Started database query for table users
2019-02-13T15:33:44.038472 Completed database query for table users
2019-02-13T15:33:43.234543 Received request from 102.23.55.32 for /example
2019-02-13T15:33:44.726534 Started database query for table users
2019-02-13T15:33:44.038472 Completed database query for table users
2019-02-13T15:33:43.234543 Received request from 102.23.55.32 for /example
2019-02-13T15:33:44.726534 Started database query for table users
2019-02-13T15:33:44.038472 Completed database query for table users
2019-02-13T15:33:43.234543 Received request from 102.23.55.32 for /example
2019-02-13T15:33:44.726534 Started database query for table users
2019-02-13T15:33:44.038472 Completed database query for table users
2019-02-13T15:33:43.234543 Received request from 102.23.55.32 for /example
2019-02-13T15:33:44.726534 Started database query for table users
2019-02-13T15:33:44.038472 Completed database query for table users
2019-02-13T15:33:43.234543 Received request from 102.23.55.32 for /example
2019-02-13T15:33:44.726534 Started database query for table users
2019-02-13T15:33:44.038472 Completed database query for table users
2019-02-13T15:33:43.234543 Received request from 102.23.55.32 for /example
2019-02-13T15:33:44.726534 Started database query for table users
2019-02-13T15:33:44.038472 Completed database query for table users
2019-02-13T15:33:43.234543 Received request from 102.23.55.32 for /example
2019-02-13T15:33:44.726534 Started database query for table users
2019-02-13T15:33:44.038472 Completed database query for table users
2019-02-13T15:33:43.234543 Received request from 102.23.55.32 for /example
2006-02-13T15:33:44.726534 Started database query for table users
2019-02-13T15:33:44.038472 Completed database query for table users
2019-02-13T15:33:43.234543 Received request from 102.23.55.32 for /example
2009-02-13T15:33:44.726534 Started database query for table users
2019-02-13T15:33:44.038472 Completed database query for table users
2019-02-13T15:33:43.234543 Received request from 102.23.55.32 for /example
2018-02-13T15:33:44.726534 Started database query for table users
2019-02-13T15:33:44.038472 Completed database query for table users
2019-02-13T15:33:43.234543 Received request from 102.23.55.32 for /example
2012-02-13T15:33:44.726534 Started database query for table users
2019-02-13T15:33:44.038472 Completed database query for table users
2019-02-13T15:33:43.234543 Received request from 102.23.55.32 for /example
2019-02-13T15:33:44.726534 Started database query for table users
2019-02-13T15:33:44.038472 Completed database query for table users
2015-02-13T15:33:43.234543 Received request from 102.23.55.32 for /example
2019-02-13T15:33:44.726534 Started database query for table users
2019-02-13T15:33:44.038472 Completed database query for table users
2019-02-13T15:33:43.234543 Received request from 102.23.55.32 for /example
2019-02-13T15:33:44.726534 Started database query for table users
2019-02-13T15:33:44.038472 Completed database query for table users
2019-02-13T15:33:43.234543 Received request from 102.23.55.32 for /example
2019-02-13T15:33:44.726534 Started database query for table users
2019-02-13T15:33:44.038472 Completed database query for table users
2019-02-13T15:33:43.234543 Received request from 102.23.55.32 for /example
2019-02-13T15:33:44.726534 Started database query for table users
2019-02-13T15:33:44.038472 Completed database query for table users
2019-02-13T15:33:43.234543 Received request from 102.23.55.32 for /example
2019-02-13T15:33:44.726534 Started database query for table users
2019-02-13T15:33:44.038472 Completed database query for table users
2019-02-13T15:33:43.234543 Received request from 102.23.55.32 for /example
2019-02-13T15:33:44.726534 Started database query for table users
2019-02-13T15:33:44.038472 Completed database query for table users
2019-02-13T15:33:43.234543 Received request from 102.23.55.32 for /example
2019-02-13T15:33:44.726534 Started database query for table users
2019-02-13T15:33:44.038472 Completed database query for table users
2019-02-13T15:33:43.234543 Received request from 102.23.55.32 for /example
2019-02-13T15:33:44.726534 Started database query for table users
2019-02-13T15:33:44.038472 Completed database query for table users
2019-02-13T15:33:43.234543 Received request from 102.23.55.32 for /example
2006-02-13T15:33:44.726534 Started database query for table users
2019-02-13T15:33:44.038472 Completed database query for table users
2019-02-13T15:33:43.234543 Received request from 102.23.55.32 for /example
2009-02-13T15:33:44.726534 Started database query for table users
2019-02-13T15:33:44.038472 Completed database query for table users
2019-02-13T15:33:43.234543 Received request from 102.23.55.32 for /example
2018-02-13T15:33:44.726534 Started database query for table users
2019-02-13T15:33:44.038472 Completed database query for table users
2019-02-13T15:33:43.234543 Received request from 102.23.55.32 for /example
2012-02-13T15:33:44.726534 Started database query for table users
2019-02-13T15:33:44.038472 Completed database query for table users
2019-02-13T15:33:43.234543 Received request from 102.23.55.32 for /example
2019-02-13T15:33:44.726534 Started database query for table users
2019-02-13T15:33:44.038472 Completed database query for table users
2015-02-13T15:33:43.234543 Received request from 102.23.55.32 for /example
2019-02-13T15:33:44.726534 Started database query for table users
2019-02-13T15:33:44.038472 Completed database query for table users
2019-02-13T15:33:43.234543 Received request from 102.23.55.32 for /example
2019-02-13T15:33:44.726534 Started database query for table users
2019-02-13T15:33:44.038472 Completed database query for table users
2019-02-13T15:33:43.234543 Received request from 102.23.55.32 for /example
2019-02-13T15:33:44.726534 Started database query for table users
2019-02-13T15:33:44.038472 Completed database query for table users
2019-02-13T15:33:43.234543 Received request from 102.23.55.32 for /example
2019-02-13T15:33:44.726534 Started database query for table users
2019-02-13T15:33:44.038472 Completed database query for table users
2019-02-13T15:33:43.234543 Received request from 102.23.55.32 for /example
2019-02-13T15:33:44.726534 Started database query for table users
2019-02-13T15:33:44.038472 Completed database query for table users
2019-02-13T15:33:43.234543 Received request from 102.23.55.32 for /example
2019-02-13T15:33:44.726534 Started database query for table users
2019-02-13T15:33:44.038472 Completed database query for table users
2019-02-13T15:33:43.234543 Received request from 102.23.55.32 for /example
2019-02-13T15:33:44.726534 Started database query for table users
2019-02-13T15:33:44.038472 Completed database query for table users
2019-02-13T15:33:43.234543 Received request from 102.23.55.32 for /example
2019-02-13T15:33:44.726534 Started database query for table users
2019-02-13T15:33:44.038472 Completed database query for table users
2019-02-13T15:33:43.234543 Received request from 102.23.55.32 for /example
2006-02-13T15:33:44.726534 Started database query for table users
2019-02-13T15:33:44.038472 Completed database query for table users
2019-02-13T15:33:43.234543 Received request from 102.23.55.32 for /example
2009-02-13T15:33:44.726534 Started database query for table users
2019-02-13T15:33:44.038472 Completed database query for table users
2019-02-13T15:33:43.234543 Received request from 102.23.55.32 for /example
2018-02-13T15:33:44.726534 Started database query for table users
2019-02-13T15:33:44.038472 Completed database query for table users
2019-02-13T15:33:43.234543 Received request from 102.23.55.32 for /example
2012-02-13T15:33:44.726534 Started database query for table users
2019-02-13T15:33:44.038472 Completed database query for table users
2019-02-13T15:33:43.234543 Received request from 102.23.55.32 for /example
2019-02-13T15:33:44.726534 Started database query for table users
2019-02-13T15:33:44.038472 Completed database query for table users
2015-02-13T15:33:43.234543 Received request from 102.23.55.32 for /example
2019-02-13T15:33:44.726534 Started database query for table users
2019-02-13T15:33:44.038472 Completed database query for table users
2019-02-13T15:33:43.234543 Received request from 102.23.55.32 for /example
2019-02-13T15:33:44.726534 Started database query for table users
2019-02-13T15:33:44.038472 Completed database query for table users
2019-02-13T15:33:43.234543 Received request from 102.23.55.32 for /example
2019-02-13T15:33:44.726534 Started database query for table users
2019-02-13T15:33:44.038472 Completed database query for table users
2019-02-13T15:33:43.234543 Received request from 102.23.55.32 for /example
2019-02-13T15:33:44.726534 Started database query for table users
2019-02-13T15:33:44.038472 Completed database query for table users
2019-02-13T15:33:43.234543 Received request from 102.23.55.32 for /example
2019-02-13T15:33:44.726534 Started database query for table users
2019-02-13T15:33:44.038472 Completed database query for table users
2019-02-13T15:33:43.234543 Received request from 102.23.55.32 for /example
2019-02-13T15:33:44.726534 Started database query for table users
2019-02-13T15:33:44.038472 Completed database query for table users
2019-02-13T15:33:43.234543 Received request from 102.23.55.32 for /example
2019-02-13T15:33:44.726534 Started database query for table users
2019-02-13T15:33:44.038472 Completed database query for table users
2019-02-13T15:33:43.234543 Received request from 102.23.55.32 for /example
2019-02-13T15:33:44.726534 Started database query for table users
2019-02-13T15:33:44.038472 Completed database query for table users
2019-02-13T15:33:43.234543 Received request from 102.23.55.32 for /example
2006-02-13T15:33:44.726534 Started database query for table users
2019-02-13T15:33:44.038472 Completed database query for table users
2019-02-13T15:33:43.234543 Received request from 102.23.55.32 for /example
2009-02-13T15:33:44.726534 Started database query for table users
2019-02-13T15:33:44.038472 Completed database query for table users
2019-02-13T15:33:43.234543 Received request from 102.23.55.32 for /example
2018-02-13T15:33:44.726534 Started database query for table users
2019-02-13T15:33:44.038472 Completed database query for table users
2019-02-13T15:33:43.234543 Received request from 102.23.55.32 for /example
2012-02-13T15:33:44.726534 Started database query for table users
2019-02-13T15:33:44.038472 Completed database query for table users
2019-02-13T15:33:43.234543 Received request from 102.23.55.32 for /example
2019-02-13T15:33:44.726534 Started database query for table users
2019-02-13T15:33:44.038472 Completed database query for table users
2015-02-13T15:33:43.234543 Received request from 102.23.55.32 for /example
2019-02-13T15:33:44.726534 Started database query for table users
2019-02-13T15:33:44.038472 Completed database query for table users
2019-02-13T15:33:43.234543 Received request from 102.23.55.32 for /example
2019-02-13T15:33:44.726534 Started database query for table users
2019-02-13T15:33:44.038472 Completed database query for table users
2019-02-13T15:33:43.234543 Received request from 102.23.55.32 for /example
2019-02-13T15:33:44.726534 Started database query for table users
2019-02-13T15:33:44.038472 Completed database query for table users
2019-02-13T15:33:43.234543 Received request from 102.23.55.32 for /example
2019-02-13T15:33:44.726534 Started database query for table users
2019-02-13T15:33:44.038472 Completed database query for table users
2019-02-13T15:33:43.234543 Received request from 102.23.55.32 for /example
2019-02-13T15:33:44.726534 Started database query for table users
2019-02-13T15:33:44.038472 Completed database query for table users
2019-02-13T15:33:43.234543 Received request from 102.23.55.32 for /example
2019-02-13T15:33:44.726534 Started database query for table users
2019-02-13T15:33:44.038472 Completed database query for table users
2019-02-13T15:33:43.234543 Received request from 102.23.55.32 for /example
2019-02-13T15:33:44.726534 Started database query for table users
2019-02-13T15:33:44.038472 Completed database query for table users
2019-02-13T15:33:43.234543 Received request from 102.23.55.32 for /example
2019-02-13T15:33:44.726534 Started database query for table users
2019-02-13T15:33:44.038472 Completed database query for table users
2019-02-13T15:33:43.234543 Received request from 102.23.55.32 for /example
2006-02-13T15:33:44.726534 Started database query for table users
2019-02-13T15:33:44.038472 Completed database query for table users
2019-02-13T15:33:43.234543 Received request from 102.23.55.32 for /example
2009-02-13T15:33:44.726534 Started database query for table users
2019-02-13T15:33:44.038472 Completed database query for table users
2019-02-13T15:33:43.234543 Received request from 102.23.55.32 for /example
2018-02-13T15:33:44.726534 Started database query for table users
2019-02-13T15:33:44.038472 Completed database query for table users
2019-02-13T15:33:43.234543 Received request from 102.23.55.32 for /example
2012-02-13T15:33:44.726534 Started database query for table users
2019-02-13T15:33:44.038472 Completed database query for table users
2019-02-13T15:33:43.234543 Received request from 102.23.55.32 for /example
2019-02-13T15:33:44.726534 Started database query for table users
2019-02-13T15:33:44.038472 Completed database query for table users
2015-02-13T15:33:43.234543 Received request from 102.23.55.32 for /example
2019-02-13T15:33:44.726534 Started database query for table users
2019-02-13T15:33:44.038472 Completed database query for table users
2019-02-13T15:33:43.234543 Received request from 102.23.55.32 for /example
2019-02-13T15:33:44.726534 Started database query for table users
2019-02-13T15:33:44.038472 Completed database query for table users
2019-02-13T15:33:43.234543 Received request from 102.23.55.32 for /example
2019-02-13T15:33:44.726534 Started database query for table users
2019-02-13T15:33:44.038472 Completed database query for table users
2019-02-13T15:33:43.234543 Received request from 102.23.55.32 for /example
2019-02-13T15:33:44.726534 Started database query for table users
2019-02-13T15:33:44.038472 Completed database query for table users
2019-02-13T15:33:43.234543 Received request from 102.23.55.32 for /example
2019-02-13T15:33:44.726534 Started database query for table users
2019-02-13T15:33:44.038472 Completed database query for table users
2019-02-13T15:33:43.234543 Received request from 102.23.55.32 for /example
2019-02-13T15:33:44.726534 Started database query for table users
2019-02-13T15:33:44.038472 Completed database query for table users
2019-02-13T15:33:43.234543 Received request from 102.23.55.32 for /example
2019-02-13T15:33:44.726534 Started database query for table users
2019-02-13T15:33:44.038472 Completed database query for table users
2019-02-13T15:33:43.234543 Received request from 102.23.55.32 for /example
2019-02-13T15:33:44.726534 Started database query for table users
2019-02-13T15:33:44.038472 Completed database query for table users
2019-02-13T15:33:43.234543 Received request from 102.23.55.32 for /example
2006-02-13T15:33:44.726534 Started database query for table users
2019-02-13T15:33:44.038472 Completed database query for table users
2019-02-13T15:33:43.234543 Received request from 102.23.55.32 for /example
2009-02-13T15:33:44.726534 Started database query for table users
2019-02-13T15:33:44.038472 Completed database query for table users
2019-02-13T15:33:43.234543 Received request from 102.23.55.32 for /example
2018-02-13T15:33:44.726534 Started database query for table users
2019-02-13T15:33:44.038472 Completed database query for table users
2019-02-13T15:33:43.234543 Received request from 102.23.55.32 for /example
2012-02-13T15:33:44.726534 Started database query for table users
2019-02-13T15:33:44.038472 Completed database query for table users
2019-02-13T15:33:43.234543 Received request from 102.23.55.32 for /example
2019-02-13T15:33:44.726534 Started database query for table users
2019-02-13T15:33:44.038472 Completed database query for table users
2015-02-13T15:33:43.234543 Received request from 102.23.55.32 for /example
2019-02-13T15:33:44.726534 Started database query for table users
2019-02-13T15:33:44.038472 Completed database query for table users
2019-02-13T15:33:43.234543 Received request from 102.23.55.32 for /example
2019-02-13T15:33:44.726534 Started database query for table users
2019-02-13T15:33:44.038472 Completed database query for table users
2019-02-13T15:33:43.234543 Received request from 102.23.55.32 for /example
2019-02-13T15:33:44.726534 Started database query for table users
2019-02-13T15:33:44.038472 Completed database query for table users
2019-02-13T15:33:43.234543 Received request from 102.23.55.32 for /example
2019-02-13T15:33:44.726534 Started database query for table users
2019-02-13T15:33:44.038472 Completed database query for table users
2019-02-13T15:33:43.234543 Received request from 102.23.55.32 for /example
2019-02-13T15:33:44.726534 Started database query for table users
2019-02-13T15:33:44.038472 Completed database query for table users
2019-02-13T15:33:43.234543 Received request from 102.23.55.32 for /example
2019-02-13T15:33:44.726534 Started database query for table users
2019-02-13T15:33:44.038472 Completed database query for table users
2019-02-13T15:33:43.234543 Received request from 102.23.55.32 for /example
2019-02-13T15:33:44.726534 Started database query for table users
2019-02-13T15:33:44.038472 Completed database query for table users
2019-02-13T15:33:43.234543 Received request from 102.23.55.32 for /example
2019-02-13T15:33:44.726534 Started database query for table users
2019-02-13T15:33:44.038472 Completed database query for table users
2019-02-13T15:33:43.234543 Received request from 102.23.55.32 for /example
2006-02-13T15:33:44.726534 Started database query for table users
2019-02-13T15:33:44.038472 Completed database query for table users
2019-02-13T15:33:43.234543 Received request from 102.23.55.32 for /example
2009-02-13T15:33:44.726534 Started database query for table users
2019-02-13T15:33:44.038472 Completed database query for table users
2019-02-13T15:33:43.234543 Received request from 102.23.55.32 for /example
2018-02-13T15:33:44.726534 Started database query for table users
2019-02-13T15:33:44.038472 Completed database query for table users
2019-02-13T15:33:43.234543 Received request from 102.23.55.32 for /example
2012-02-13T15:33:44.726534 Started database query for table users
2019-02-13T15:33:44.038472 Completed database query for table users
2019-02-13T15:33:43.234543 Received request from 102.23.55.32 for /example
2019-02-13T15:33:44.726534 Started database query for table users
2019-02-13T15:33:44.038472 Completed database query for table users
2015-02-13T15:33:43.234543 Received request from 102.23.55.32 for /example
2019-02-13T15:33:44.726534 Started database query for table users
2019-02-13T15:33:44.038472 Completed database query for table users
2019-02-13T15:33:43.234543 Received request from 102.23.55.32 for /example
2019-02-13T15:33:44.726534 Started database query for table users
2019-02-13T15:33:44.038472 Completed database query for table users
2019-02-13T15:33:43.234543 Received request from 102.23.55.32 for /example
2019-02-13T15:33:44.726534 Started database query for table users
2019-02-13T15:33:44.038472 Completed database query for table users
2019-02-13T15:33:43.234543 Received request from 102.23.55.32 for /example
2019-02-13T15:33:44.726534 Started database query for table users
2019-02-13T15:33:44.038472 Completed database query for table users
2019-02-13T15:33:43.234543 Received request from 102.23.55.32 for /example
2019-02-13T15:33:44.726534 Started database query for table users
2019-02-13T15:33:44.038472 Completed database query for table users
2019-02-13T15:33:43.234543 Received request from 102.23.55.32 for /example
2019-02-13T15:33:44.726534 Started database query for table users
2019-02-13T15:33:44.038472 Completed database query for table users
2019-02-13T15:33:43.234543 Received request from 102.23.55.32 for /example
2019-02-13T15:33:44.726534 Started database query for table users
2019-02-13T15:33:44.038472 Completed database query for table users
2019-02-13T15:33:43.234543 Received request from 102.23.55.32 for /example
2019-02-13T15:33:44.726534 Started database query for table users
2019-02-13T15:33:44.038472 Completed database query for table users
2019-02-13T15:33:43.234543 Received request from 102.23.55.32 for /example
2006-02-13T15:33:44.726534 Started database query for table users
2019-02-13T15:33:44.038472 Completed database query for table users
2019-02-13T15:33:43.234543 Received request from 102.23.55.32 for /example
2009-02-13T15:33:44.726534 Started database query for table users
2019-02-13T15:33:44.038472 Completed database query for table users
2019-02-13T15:33:43.234543 Received request from 102.23.55.32 for /example
2018-02-13T15:33:44.726534 Started database query for table users
2019-02-13T15:33:44.038472 Completed database query for table users
2019-02-13T15:33:43.234543 Received request from 102.23.55.32 for /example
2012-02-13T15:33:44.726534 Started database query for table users
2019-02-13T15:33:44.038472 Completed database query for table users
2019-02-13T15:33:43.234543 Received request from 102.23.55.32 for /example
2019-02-13T15:33:44.726534 Started database query for table users
2019-02-13T15:33:44.038472 Completed database query for table users
2015-02-13T15:33:43.234543 Received request from 102.23.55.32 for /example
2019-02-13T15:33:44.726534 Started database query for table users
2019-02-13T15:33:44.038472 Completed database query for table users
2019-02-13T15:33:43.234543 Received request from 102.23.55.32 for /example
2019-02-13T15:33:44.726534 Started database query for table users
2019-02-13T15:33:44.038472 Completed database query for table users
2019-02-13T15:33:43.234543 Received request from 102.23.55.32 for /example
2019-02-13T15:33:44.726534 Started database query for table users
2019-02-13T15:33:44.038472 Completed database query for table users
2019-02-13T15:33:43.234543 Received request from 102.23.55.32 for /example
2019-02-13T15:33:44.726534 Started database query for table users
2019-02-13T15:33:44.038472 Completed database query for table users
2019-02-13T15:33:43.234543 Received request from 102.23.55.32 for /example
2019-02-13T15:33:44.726534 Started database query for table users
2019-02-13T15:33:44.038472 Completed database query for table users
2019-02-13T15:33:43.234543 Received request from 102.23.55.32 for /example
2019-02-13T15:33:44.726534 Started database query for table users
2019-02-13T15:33:44.038472 Completed database query for table users
2019-02-13T15:33:43.234543 Received request from 102.23.55.32 for /example
2019-02-13T15:33:44.726534 Started database query for table users
2019-02-13T15:33:44.038472 Completed database query for table users
2019-02-13T15:33:43.234543 Received request from 102.23.55.32 for /example
2019-02-13T15:33:44.726534 Started database query for table users
2019-02-13T15:33:44.038472 Completed database query for table users
2019-02-13T15:33:43.234543 Received request from 102.23.55.32 for /example
2006-02-13T15:33:44.726534 Started database query for table users
2019-02-13T15:33:44.038472 Completed database query for table users
2019-02-13T15:33:43.234543 Received request from 102.23.55.32 for /example
2009-02-13T15:33:44.726534 Started database query for table users
2019-02-13T15:33:44.038472 Completed database query for table users
2019-02-13T15:33:43.234543 Received request from 102.23.55.32 for /example
2018-02-13T15:33:44.726534 Started database query for table users
2019-02-13T15:33:44.038472 Completed database query for table users
2019-02-13T15:33:43.234543 Received request from 102.23.55.32 for /example
2012-02-13T15:33:44.726534 Started database query for table users
2019-02-13T15:33:44.038472 Completed database query for table users
2019-02-13T15:33:43.234543 Received request from 102.23.55.32 for /example
2019-02-13T15:33:44.726534 Started database query for table users
2019-02-13T15:33:44.038472 Completed database query for table users
2015-02-13T15:33:43.234543 Received request from 102.23.55.32 for /example
2019-02-13T15:33:44.726534 Started database query for table users
2019-02-13T15:33:44.038472 Completed database query for table users
2019-02-13T15:33:43.234543 Received request from 102.23.55.32 for /example
2019-02-13T15:33:44.726534 Started database query for table users
2019-02-13T15:33:44.038472 Completed database query for table users
2019-02-13T15:33:43.234543 Received request from 102.23.55.32 for /example
2019-02-13T15:33:44.726534 Started database query for table users
2019-02-13T15:33:44.038472 Completed database query for table users
2019-02-13T15:33:43.234543 Received request from 102.23.55.32 for /example
2019-02-13T15:33:44.726534 Started database query for table users
2019-02-13T15:33:44.038472 Completed database query for table users
2019-02-13T15:33:43.234543 Received request from 102.23.55.32 for /example
2019-02-13T15:33:44.726534 Started database query for table users
2019-02-13T15:33:44.038472 Completed database query for table users
2019-02-13T15:33:43.234543 Received request from 102.23.55.32 for /example
2019-02-13T15:33:44.726534 Started database query for table users
2019-02-13T15:33:44.038472 Completed database query for table users
2019-02-13T15:33:43.234543 Received request from 102.23.55.32 for /example
2019-02-13T15:33:44.726534 Started database query for table users
2019-02-13T15:33:44.038472 Completed database query for table users
2019-02-13T15:33:43.234543 Received request from 102.23.55.32 for /example
2019-02-13T15:33:44.726534 Started database query for table users
2019-02-13T15:33:44.038472 Completed database query for table users
2019-02-13T15:33:43.234543 Received request from 102.23.55.32 for /example
2006-02-13T15:33:44.726534 Started database query for table users
2019-02-13T15:33:44.038472 Completed database query for table users
2019-02-13T15:33:43.234543 Received request from 102.23.55.32 for /example
2009-02-13T15:33:44.726534 Started database query for table users
2019-02-13T15:33:44.038472 Completed database query for table users
2019-02-13T15:33:43.234543 Received request from 102.23.55.32 for /example
2018-02-13T15:33:44.726534 Started database query for table users
2019-02-13T15:33:44.038472 Completed database query for table users
2019-02-13T15:33:43.234543 Received request from 102.23.55.32 for /example
2012-02-13T15:33:44.726534 Started database query for table users
2019-02-13T15:33:44.038472 Completed database query for table users
2019-02-13T15:33:43.234543 Received request from 102.23.55.32 for /example
2019-02-13T15:33:44.726534 Started database query for table users
2019-02-13T15:33:44.038472 Completed database query for table users
2015-02-13T15:33:43.234543 Received request from 102.23.55.32 for /example
2019-02-13T15:33:44.726534 Started database query for table users
2019-02-13T15:33:44.038472 Completed database query for table users
2019-02-13T15:33:43.234543 Received request from 102.23.55.32 for /example
2019-02-13T15:33:44.726534 Started database query for table users
2019-02-13T15:33:44.038472 Completed database query for table users
2019-02-13T15:33:43.234543 Received request from 102.23.55.32 for /example
2019-02-13T15:33:44.726534 Started database query for table users
2019-02-13T15:33:44.038472 Completed database query for table users
2019-02-13T15:33:43.234543 Received request from 102.23.55.32 for /example
2019-02-13T15:33:44.726534 Started database query for table users
2019-02-13T15:33:44.038472 Completed database query for table users
2019-02-13T15:33:43.234543 Received request from 102.23.55.32 for /example
2019-02-13T15:33:44.726534 Started database query for table users
2019-02-13T15:33:44.038472 Completed database query for table users
2019-02-13T15:33:43.234543 Received request from 102.23.55.32 for /example
2019-02-13T15:33:44.726534 Started database query for table users
2019-02-13T15:33:44.038472 Completed database query for table users
2019-02-13T15:33:43.234543 Received request from 102.23.55.32 for /example
2019-02-13T15:33:44.726534 Started database query for table users
2019-02-13T15:33:44.038472 Completed database query for table users
2019-02-13T15:33:43.234543 Received request from 102.23.55.32 for /example
2019-02-13T15:33:44.726534 Started database query for table users
2019-02-13T15:33:44.038472 Completed database query for table users
2019-02-13T15:33:43.234543 Received request from 102.23.55.32 for /example
2006-02-13T15:33:44.726534 Started database query for table users
2019-02-13T15:33:44.038472 Completed database query for table users
2019-02-13T15:33:43.234543 Received request from 102.23.55.32 for /example
2009-02-13T15:33:44.726534 Started database query for table users
2019-02-13T15:33:44.038472 Completed database query for table users
2019-02-13T15:33:43.234543 Received request from 102.23.55.32 for /example
2018-02-13T15:33:44.726534 Started database query for table users
2019-02-13T15:33:44.038472 Completed database query for table users
2019-02-13T15:33:43.234543 Received request from 102.23.55.32 for /example
2012-02-13T15:33:44.726534 Started database query for table users
2019-02-13T15:33:44.038472 Completed database query for table users
2019-02-13T15:33:43.234543 Received request from 102.23.55.32 for /example
2019-02-13T15:33:44.726534 Started database query for table users
2019-02-13T15:33:44.038472 Completed database query for table users
2015-02-13T15:33:43.234543 Received request from 102.23.55.32 for /example
2019-02-13T15:33:44.726534 Started database query for table users
2019-02-13T15:33:44.038472 Completed database query for table users
2019-02-13T15:33:43.234543 Received request from 102.23.55.32 for /example
2019-02-13T15:33:44.726534 Started database query for table users
2019-02-13T15:33:44.038472 Completed database query for table users
2019-02-13T15:33:43.234543 Received request from 102.23.55.32 for /example
2019-02-13T15:33:44.726534 Started database query for table users
2019-02-13T15:33:44.038472 Completed database query for table users
2019-02-13T15:33:43.234543 Received request from 102.23.55.32 for /example
2019-02-13T15:33:44.726534 Started database query for table users
2019-02-13T15:33:44.038472 Completed database query for table users
2019-02-13T15:33:43.234543 Received request from 102.23.55.32 for /example
2019-02-13T15:33:44.726534 Started database query for table users
2019-02-13T15:33:44.038472 Completed database query for table users
2019-02-13T15:33:43.234543 Received request from 102.23.55.32 for /example
2019-02-13T15:33:44.726534 Started database query for table users
2019-02-13T15:33:44.038472 Completed database query for table users
2019-02-13T15:33:43.234543 Received request from 102.23.55.32 for /example
2019-02-13T15:33:44.726534 Started database query for table users
2019-02-13T15:33:44.038472 Completed database query for table users
2019-02-13T15:33:43.234543 Received request from 102.23.55.32 for /example
2019-02-13T15:33:44.726534 Started database query for table users
2019-02-13T15:33:44.038472 Completed database query for table users
2019-02-13T15:33:43.234543 Received request from 102.23.55.32 for /example
2006-02-13T15:33:44.726534 Started database query for table users
2019-02-13T15:33:44.038472 Completed database query for table users
2019-02-13T15:33:43.234543 Received request from 102.23.55.32 for /example
2009-02-13T15:33:44.726534 Started database query for table users
2019-02-13T15:33:44.038472 Completed database query for table users
2019-02-13T15:33:43.234543 Received request from 102.23.55.32 for /example
2018-02-13T15:33:44.726534 Started database query for table users
2019-02-13T15:33:44.038472 Completed database query for table users
2019-02-13T15:33:43.234543 Received request from 102.23.55.32 for /example
2012-02-13T15:33:44.726534 Started database query for table users
2019-02-13T15:33:44.038472 Completed database query for table users
2019-02-13T15:33:43.234543 Received request from 102.23.55.32 for /example
2019-02-13T15:33:44.726534 Started database query for table users
2019-02-13T15:33:44.038472 Completed database query for table users
2015-02-13T15:33:43.234543 Received request from 102.23.55.32 for /example
2019-02-13T15:33:44.726534 Started database query for table users
2019-02-13T15:33:44.038472 Completed database query for table users
2019-02-13T15:33:43.234543 Received request from 102.23.55.32 for /example
2019-02-13T15:33:44.726534 Started database query for table users
2019-02-13T15:33:44.038472 Completed database query for table users
2019-02-13T15:33:43.234543 Received request from 102.23.55.32 for /example
2019-02-13T15:33:44.726534 Started database query for table users
2019-02-13T15:33:44.038472 Completed database query for table users
2019-02-13T15:33:43.234543 Received request from 102.23.55.32 for /example
2019-02-13T15:33:44.726534 Started database query for table users
2019-02-13T15:33:44.038472 Completed database query for table users
2019-02-13T15:33:43.234543 Received request from 102.23.55.32 for /example
2019-02-13T15:33:44.726534 Started database query for table users
2019-02-13T15:33:44.038472 Completed database query for table users
2019-02-13T15:33:43.234543 Received request from 102.23.55.32 for /example
2019-02-13T15:33:44.726534 Started database query for table users
2019-02-13T15:33:44.038472 Completed database query for table users
2019-02-13T15:33:43.234543 Received request from 102.23.55.32 for /example
2019-02-13T15:33:44.726534 Started database query for table users
2019-02-13T15:33:44.038472 Completed database query for table users
2019-02-13T15:33:43.234543 Received request from 102.23.55.32 for /example
2019-02-13T15:33:44.726534 Started database query for table users
2019-02-13T15:33:44.038472 Completed database query for table users
2019-02-13T15:33:43.234543 Received request from 102.23.55.32 for /example
2006-02-13T15:33:44.726534 Started database query for table users
2019-02-13T15:33:44.038472 Completed database query for table users
2019-02-13T15:33:43.234543 Received request from 102.23.55.32 for /example
2009-02-13T15:33:44.726534 Started database query for table users
2019-02-13T15:33:44.038472 Completed database query for table users
2019-02-13T15:33:43.234543 Received request from 102.23.55.32 for /example
2018-02-13T15:33:44.726534 Started database query for table users
2019-02-13T15:33:44.038472 Completed database query for table users
2019-02-13T15:33:43.234543 Received request from 102.23.55.32 for /example
2012-02-13T15:33:44.726534 Started database query for table users
2019-02-13T15:33:44.038472 Completed database query for table users
2019-02-13T15:33:43.234543 Received request from 102.23.55.32 for /example
2019-02-13T15:33:44.726534 Started database query for table users
2019-02-13T15:33:44.038472 Completed database query for table users
2015-02-13T15:33:43.234543 Received request from 102.23.55.32 for /example
2019-02-13T15:33:44.726534 Started database query for table users
2019-02-13T15:33:44.038472 Completed database query for table users
2019-02-13T15:33:43.234543 Received request from 102.23.55.32 for /example
2019-02-13T15:33:44.726534 Started database query for table users
2019-02-13T15:33:44.038472 Completed database query for table users
2019-02-13T15:33:43.234543 Received request from 102.23.55.32 for /example
2019-02-13T15:33:44.726534 Started database query for table users
2019-02-13T15:33:44.038472 Completed database query for table users
2019-02-13T15:33:43.234543 Received request from 102.23.55.32 for /example
2019-02-13T15:33:44.726534 Started database query for table users
2019-02-13T15:33:44.038472 Completed database query for table users
2019-02-13T15:33:43.234543 Received request from 102.23.55.32 for /example
2019-02-13T15:33:44.726534 Started database query for table users
2019-02-13T15:33:44.038472 Completed database query for table users
2019-02-13T15:33:43.234543 Received request from 102.23.55.32 for /example
2019-02-13T15:33:44.726534 Started database query for table users
2019-02-13T15:33:44.038472 Completed database query for table users
2019-02-13T15:33:43.234543 Received request from 102.23.55.32 for /example
2019-02-13T15:33:44.726534 Started database query for table users
2019-02-13T15:33:44.038472 Completed database query for table users
2019-02-13T15:33:43.234543 Received request from 102.23.55.32 for /example
2019-02-13T15:33:44.726534 Started database query for table users
2019-02-13T15:33:44.038472 Completed database query for table users
2019-02-13T15:33:43.234543 Received request from 102.23.55.32 for /example
2006-02-13T15:33:44.726534 Started database query for table users
2019-02-13T15:33:44.038472 Completed database query for table users
2019-02-13T15:33:43.234543 Received request from 102.23.55.32 for /example
2009-02-13T15:33:44.726534 Started database query for table users
2019-02-13T15:33:44.038472 Completed database query for table users
2019-02-13T15:33:43.234543 Received request from 102.23.55.32 for /example
2018-02-13T15:33:44.726534 Started database query for table users
2019-02-13T15:33:44.038472 Completed database query for table users
2019-02-13T15:33:43.234543 Received request from 102.23.55.32 for /example
2012-02-13T15:33:44.726534 Started database query for table users
2019-02-13T15:33:44.038472 Completed database query for table users
2019-02-13T15:33:43.234543 Received request from 102.23.55.32 for /example
2019-02-13T15:33:44.726534 Started database query for table users
2019-02-13T15:33:44.038472 Completed database query for table users
2015-02-13T15:33:43.234543 Received request from 102.23.55.32 for /example
2019-02-13T15:33:44.726534 Started database query for table users
2019-02-13T15:33:44.038472 Completed database query for table users
2019-02-13T15:33:43.234543 Received request from 102.23.55.32 for /example
2019-02-13T15:33:44.726534 Started database query for table users
2019-02-13T15:33:44.038472 Completed database query for table users
2019-02-13T15:33:43.234543 Received request from 102.23.55.32 for /example
2019-02-13T15:33:44.726534 Started database query for table users
2019-02-13T15:33:44.038472 Completed database query for table users
2019-02-13T15:33:43.234543 Received request from 102.23.55.32 for /example
2019-02-13T15:33:44.726534 Started database query for table users
2019-02-13T15:33:44.038472 Completed database query for table users
2019-02-13T15:33:43.234543 Received request from 102.23.55.32 for /example
2019-02-13T15:33:44.726534 Started database query for table users
2019-02-13T15:33:44.038472 Completed database query for table users
2019-02-13T15:33:43.234543 Received request from 102.23.55.32 for /example
2019-02-13T15:33:44.726534 Started database query for table users
2019-02-13T15:33:44.038472 Completed database query for table users
2019-02-13T15:33:43.234543 Received request from 102.23.55.32 for /example
2019-02-13T15:33:44.726534 Started database query for table users
2019-02-13T15:33:44.038472 Completed database query for table users
2019-02-13T15:33:43.234543 Received request from 102.23.55.32 for /example
2019-02-13T15:33:44.726534 Started database query for table users
2019-02-13T15:33:44.038472 Completed database query for table users
2019-02-13T15:33:43.234543 Received request from 102.23.55.32 for /example
2006-02-13T15:33:44.726534 Started database query for table users
2019-02-13T15:33:44.038472 Completed database query for table users
2019-02-13T15:33:43.234543 Received request from 102.23.55.32 for /example
2009-02-13T15:33:44.726534 Started database query for table users
2019-02-13T15:33:44.038472 Completed database query for table users
2019-02-13T15:33:43.234543 Received request from 102.23.55.32 for /example
2018-02-13T15:33:44.726534 Started database query for table users
2019-02-13T15:33:44.038472 Completed database query for table users
2019-02-13T15:33:43.234543 Received request from 102.23.55.32 for /example
2012-02-13T15:33:44.726534 Started database query for table users
2019-02-13T15:33:44.038472 Completed database query for table users
2019-02-13T15:33:43.234543 Received request from 102.23.55.32 for /example
2019-02-13T15:33:44.726534 Started database query for table users
2019-02-13T15:33:44.038472 Completed database query for table users
2015-02-13T15:33:43.234543 Received request from 102.23.55.32 for /example
2019-02-13T15:33:44.726534 Started database query for table users
2019-02-13T15:33:44.038472 Completed database query for table users
2019-02-13T15:33:43.234543 Received request from 102.23.55.32 for /example
2019-02-13T15:33:44.726534 Started database query for table users
2019-02-13T15:33:44.038472 Completed database query for table users
2019-02-13T15:33:43.234543 Received request from 102.23.55.32 for /example
2019-02-13T15:33:44.726534 Started database query for table users
2019-02-13T15:33:44.038472 Completed database query for table users
2019-02-13T15:33:43.234543 Received request from 102.23.55.32 for /example
2019-02-13T15:33:44.726534 Started database query for table users
2019-02-13T15:33:44.038472 Completed database query for table users
2019-02-13T15:33:43.234543 Received request from 102.23.55.32 for /example
2019-02-13T15:33:44.726534 Started database query for table users
2019-02-13T15:33:44.038472 Completed database query for table users
2019-02-13T15:33:43.234543 Received request from 102.23.55.32 for /example
2019-02-13T15:33:44.726534 Started database query for table users
2019-02-13T15:33:44.038472 Completed database query for table users
2019-02-13T15:33:43.234543 Received request from 102.23.55.32 for /example
2019-02-13T15:33:44.726534 Started database query for table users
2019-02-13T15:33:44.038472 Completed database query for table users
2019-02-13T15:33:43.234543 Received request from 102.23.55.32 for /example
2019-02-13T15:33:44.726534 Started database query for table users
2019-02-13T15:33:44.038472 Completed database query for table users
2019-02-13T15:33:43.234543 Received request from 102.23.55.32 for /example
2006-02-13T15:33:44.726534 Started database query for table users
2019-02-13T15:33:44.038472 Completed database query for table users
2019-02-13T15:33:43.234543 Received request from 102.23.55.32 for /example
2009-02-13T15:33:44.726534 Started database query for table users
2019-02-13T15:33:44.038472 Completed database query for table users
2019-02-13T15:33:43.234543 Received request from 102.23.55.32 for /example
2018-02-13T15:33:44.726534 Started database query for table users
2019-02-13T15:33:44.038472 Completed database query for table users
2019-02-13T15:33:43.234543 Received request from 102.23.55.32 for /example
2012-02-13T15:33:44.726534 Started database query for table users
2019-02-13T15:33:44.038472 Completed database query for table users
2019-02-13T15:33:43.234543 Received request from 102.23.55.32 for /example
2019-02-13T15:33:44.726534 Started database query for table users
2019-02-13T15:33:44.038472 Completed database query for table users
2015-02-13T15:33:43.234543 Received request from 102.23.55.32 for /example
2019-02-13T15:33:44.726534 Started database query for table users
2019-02-13T15:33:44.038472 Completed database query for table users
2019-02-13T15:33:43.234543 Received request from 102.23.55.32 for /example
2019-02-13T15:33:44.726534 Started database query for table users
2019-02-13T15:33:44.038472 Completed database query for table users
2019-02-13T15:33:43.234543 Received request from 102.23.55.32 for /example
2019-02-13T15:33:44.726534 Started database query for table users
2019-02-13T15:33:44.038472 Completed database query for table users
2019-02-13T15:33:43.234543 Received request from 102.23.55.32 for /example
2019-02-13T15:33:44.726534 Started database query for table users
2019-02-13T15:33:44.038472 Completed database query for table users
2019-02-13T15:33:43.234543 Received request from 102.23.55.32 for /example
2019-02-13T15:33:44.726534 Started database query for table users
2019-02-13T15:33:44.038472 Completed database query for table users
2019-02-13T15:33:43.234543 Received request from 102.23.55.32 for /example
2019-02-13T15:33:44.726534 Started database query for table users
2019-02-13T15:33:44.038472 Completed database query for table users
2019-02-13T15:33:43.234543 Received request from 102.23.55.32 for /example
2019-02-13T15:33:44.726534 Started database query for table users
2019-02-13T15:33:44.038472 Completed database query for table users
2019-02-13T15:33:43.234543 Received request from 102.23.55.32 for /example
2019-02-13T15:33:44.726534 Started database query for table users
2019-02-13T15:33:44.038472 Completed database query for table users
2019-02-13T15:33:43.234543 Received request from 102.23.55.32 for /example
2006-02-13T15:33:44.726534 Started database query for table users
2019-02-13T15:33:44.038472 Completed database query for table users
2019-02-13T15:33:43.234543 Received request from 102.23.55.32 for /example
2009-02-13T15:33:44.726534 Started database query for table users
2019-02-13T15:33:44.038472 Completed database query for table users
2019-02-13T15:33:43.234543 Received request from 102.23.55.32 for /example
2018-02-13T15:33:44.726534 Started database query for table users
2019-02-13T15:33:44.038472 Completed database query for table users
2019-02-13T15:33:43.234543 Received request from 102.23.55.32 for /example
2012-02-13T15:33:44.726534 Started database query for table users
2019-02-13T15:33:44.038472 Completed database query for table users
2019-02-13T15:33:43.234543 Received request from 102.23.55.32 for /example
2019-02-13T15:33:44.726534 Started database query for table users
2019-02-13T15:33:44.038472 Completed database query for table users
2015-02-13T15:33:43.234543 Received request from 102.23.55.32 for /example
2019-02-13T15:33:44.726534 Started database query for table users
2019-02-13T15:33:44.038472 Completed database query for table users
2019-02-13T15:33:43.234543 Received request from 102.23.55.32 for /example
2019-02-13T15:33:44.726534 Started database query for table users
2019-02-13T15:33:44.038472 Completed database query for table users
2019-02-13T15:33:43.234543 Received request from 102.23.55.32 for /example
2019-02-13T15:33:44.726534 Started database query for table users
2019-02-13T15:33:44.038472 Completed database query for table users
2019-02-13T15:33:43.234543 Received request from 102.23.55.32 for /example
2019-02-13T15:33:44.726534 Started database query for table users
2019-02-13T15:33:44.038472 Completed database query for table users
2019-02-13T15:33:43.234543 Received request from 102.23.55.32 for /example
2019-02-13T15:33:44.726534 Started database query for table users
2019-02-13T15:33:44.038472 Completed database query for table users
2019-02-13T15:33:43.234543 Received request from 102.23.55.32 for /example
2019-02-13T15:33:44.726534 Started database query for table users
2019-02-13T15:33:44.038472 Completed database query for table users
2019-02-13T15:33:43.234543 Received request from 102.23.55.32 for /example
2019-02-13T15:33:44.726534 Started database query for table users
2019-02-13T15:33:44.038472 Completed database query for table users
2019-02-13T15:33:43.234543 Received request from 102.23.55.32 for /example
2019-02-13T15:33:44.726534 Started database query for table users
2019-02-13T15:33:44.038472 Completed database query for table users
2019-02-13T15:33:43.234543 Received request from 102.23.55.32 for /example
2006-02-13T15:33:44.726534 Started database query for table users
2019-02-13T15:33:44.038472 Completed database query for table users
2019-02-13T15:33:43.234543 Received request from 102.23.55.32 for /example
2009-02-13T15:33:44.726534 Started database query for table users
2019-02-13T15:33:44.038472 Completed database query for table users
2019-02-13T15:33:43.234543 Received request from 102.23.55.32 for /example
2018-02-13T15:33:44.726534 Started database query for table users
2019-02-13T15:33:44.038472 Completed database query for table users
2019-02-13T15:33:43.234543 Received request from 102.23.55.32 for /example
2012-02-13T15:33:44.726534 Started database query for table users
2019-02-13T15:33:44.038472 Completed database query for table users
2019-02-13T15:33:43.234543 Received request from 102.23.55.32 for /example
2019-02-13T15:33:44.726534 Started database query for table users
2019-02-13T15:33:44.038472 Completed database query for table users
2015-02-13T15:33:43.234543 Received request from 102.23.55.32 for /example
2019-02-13T15:33:44.726534 Started database query for table users
2019-02-13T15:33:44.038472 Completed database query for table users
2019-02-13T15:33:43.234543 Received request from 102.23.55.32 for /example
2019-02-13T15:33:44.726534 Started database query for table users
2019-02-13T15:33:44.038472 Completed database query for table users
2019-02-13T15:33:43.234543 Received request from 102.23.55.32 for /example
2019-02-13T15:33:44.726534 Started database query for table users
2019-02-13T15:33:44.038472 Completed database query for table users
2019-02-13T15:33:43.234543 Received request from 102.23.55.32 for /example
2019-02-13T15:33:44.726534 Started database query for table users
2019-02-13T15:33:44.038472 Completed database query for table users
2019-02-13T15:33:43.234543 Received request from 102.23.55.32 for /example
2019-02-13T15:33:44.726534 Started database query for table users
2019-02-13T15:33:44.038472 Completed database query for table users
2019-02-13T15:33:43.234543 Received request from 102.23.55.32 for /example
2019-02-13T15:33:44.726534 Started database query for table users
2019-02-13T15:33:44.038472 Completed database query for table users
2019-02-13T15:33:43.234543 Received request from 102.23.55.32 for /example
2019-02-13T15:33:44.726534 Started database query for table users
2019-02-13T15:33:44.038472 Completed database query for table users
2019-02-13T15:33:43.234543 Received request from 102.23.55.32 for /example
2019-02-13T15:33:44.726534 Started database query for table users
2019-02-13T15:33:44.038472 Completed database query for table users
2019-02-13T15:33:43.234543 Received request from 102.23.55.32 for /example
2006-02-13T15:33:44.726534 Started database query for table users
2019-02-13T15:33:44.038472 Completed database query for table users
2019-02-13T15:33:43.234543 Received request from 102.23.55.32 for /example
2009-02-13T15:33:44.726534 Started database query for table users
2019-02-13T15:33:44.038472 Completed database query for table users
2019-02-13T15:33:43.234543 Received request from 102.23.55.32 for /example
2018-02-13T15:33:44.726534 Started database query for table users
2019-02-13T15:33:44.038472 Completed database query for table users
2019-02-13T15:33:43.234543 Received request from 102.23.55.32 for /example
2012-02-13T15:33:44.726534 Started database query for table users
2019-02-13T15:33:44.038472 Completed database query for table users
2019-02-13T15:33:43.234543 Received request from 102.23.55.32 for /example
2019-02-13T15:33:44.726534 Started database query for table users
2019-02-13T15:33:44.038472 Completed database query for table users
2015-02-13T15:33:43.234543 Received request from 102.23.55.32 for /example
2019-02-13T15:33:44.726534 Started database query for table users
2019-02-13T15:33:44.038472 Completed database query for table users
2019-02-13T15:33:43.234543 Received request from 102.23.55.32 for /example
2019-02-13T15:33:44.726534 Started database query for table users
2019-02-13T15:33:44.038472 Completed database query for table users
2019-02-13T15:33:43.234543 Received request from 102.23.55.32 for /example
2019-02-13T15:33:44.726534 Started database query for table users
2019-02-13T15:33:44.038472 Completed database query for table users
2019-02-13T15:33:43.234543 Received request from 102.23.55.32 for /example
2019-02-13T15:33:44.726534 Started database query for table users
2019-02-13T15:33:44.038472 Completed database query for table users
2019-02-13T15:33:43.234543 Received request from 102.23.55.32 for /example
2019-02-13T15:33:44.726534 Started database query for table users
2019-02-13T15:33:44.038472 Completed database query for table users
2019-02-13T15:33:43.234543 Received request from 102.23.55.32 for /example
2019-02-13T15:33:44.726534 Started database query for table users
2019-02-13T15:33:44.038472 Completed database query for table users
2019-02-13T15:33:43.234543 Received request from 102.23.55.32 for /example
2019-02-13T15:33:44.726534 Started database query for table users
2019-02-13T15:33:44.038472 Completed database query for table users
2019-02-13T15:33:43.234543 Received request from 102.23.55.32 for /example
2019-02-13T15:33:44.726534 Started database query for table users
2019-02-13T15:33:44.038472 Completed database query for table users
2019-02-13T15:33:43.234543 Received request from 102.23.55.32 for /example
2006-02-13T15:33:44.726534 Started database query for table users
2019-02-13T15:33:44.038472 Completed database query for table users
2019-02-13T15:33:43.234543 Received request from 102.23.55.32 for /example
2009-02-13T15:33:44.726534 Started database query for table users
2019-02-13T15:33:44.038472 Completed database query for table users
2019-02-13T15:33:43.234543 Received request from 102.23.55.32 for /example
2018-02-13T15:33:44.726534 Started database query for table users
2019-02-13T15:33:44.038472 Completed database query for table users
2019-02-13T15:33:43.234543 Received request from 102.23.55.32 for /example
2012-02-13T15:33:44.726534 Started database query for table users
2019-02-13T15:33:44.038472 Completed database query for table users
2019-02-13T15:33:43.234543 Received request from 102.23.55.32 for /example
2019-02-13T15:33:44.726534 Started database query for table users
2019-02-13T15:33:44.038472 Completed database query for table users
2015-02-13T15:33:43.234543 Received request from 102.23.55.32 for /example
2019-02-13T15:33:44.726534 Started database query for table users
2019-02-13T15:33:44.038472 Completed database query for table users
2019-02-13T15:33:43.234543 Received request from 102.23.55.32 for /example
2019-02-13T15:33:44.726534 Started database query for table users
2019-02-13T15:33:44.038472 Completed database query for table users
2019-02-13T15:33:43.234543 Received request from 102.23.55.32 for /example
2019-02-13T15:33:44.726534 Started database query for table users
2019-02-13T15:33:44.038472 Completed database query for table users
2019-02-13T15:33:43.234543 Received request from 102.23.55.32 for /example
2019-02-13T15:33:44.726534 Started database query for table users
2019-02-13T15:33:44.038472 Completed database query for table users
2019-02-13T15:33:43.234543 Received request from 102.23.55.32 for /example
2019-02-13T15:33:44.726534 Started database query for table users
2019-02-13T15:33:44.038472 Completed database query for table users
2019-02-13T15:33:43.234543 Received request from 102.23.55.32 for /example
2019-02-13T15:33:44.726534 Started database query for table users
2019-02-13T15:33:44.038472 Completed database query for table users
2019-02-13T15:33:43.234543 Received request from 102.23.55.32 for /example
2019-02-13T15:33:44.726534 Started database query for table users
2019-02-13T15:33:44.038472 Completed database query for table users
2019-02-13T15:33:43.234543 Received request from 102.23.55.32 for /example
2019-02-13T15:33:44.726534 Started database query for table users
2019-02-13T15:33:44.038472 Completed database query for table users
2019-02-13T15:33:43.234543 Received request from 102.23.55.32 for /example
2006-02-13T15:33:44.726534 Started database query for table users
2019-02-13T15:33:44.038472 Completed database query for table users
2019-02-13T15:33:43.234543 Received request from 102.23.55.32 for /example
2009-02-13T15:33:44.726534 Started database query for table users
2019-02-13T15:33:44.038472 Completed database query for table users
2019-02-13T15:33:43.234543 Received request from 102.23.55.32 for /example
2018-02-13T15:33:44.726534 Started database query for table users
2019-02-13T15:33:44.038472 Completed database query for table users
2019-02-13T15:33:43.234543 Received request from 102.23.55.32 for /example
2012-02-13T15:33:44.726534 Started database query for table users
2019-02-13T15:33:44.038472 Completed database query for table users
2019-02-13T15:33:43.234543 Received request from 102.23.55.32 for /example
2019-02-13T15:33:44.726534 Started database query for table users
2019-02-13T15:33:44.038472 Completed database query for table users
2015-02-13T15:33:43.234543 Received request from 102.23.55.32 for /example
2019-02-13T15:33:44.726534 Started database query for table users
2019-02-13T15:33:44.038472 Completed database query for table users
2019-02-13T15:33:43.234543 Received request from 102.23.55.32 for /example
2019-02-13T15:33:44.726534 Started database query for table users
2019-02-13T15:33:44.038472 Completed database query for table users
2019-02-13T15:33:43.234543 Received request from 102.23.55.32 for /example
2019-02-13T15:33:44.726534 Started database query for table users
2019-02-13T15:33:44.038472 Completed database query for table users
2019-02-13T15:33:43.234543 Received request from 102.23.55.32 for /example
2019-02-13T15:33:44.726534 Started database query for table users
2019-02-13T15:33:44.038472 Completed database query for table users
2019-02-13T15:33:43.234543 Received request from 102.23.55.32 for /example
2019-02-13T15:33:44.726534 Started database query for table users
2019-02-13T15:33:44.038472 Completed database query for table users
2019-02-13T15:33:43.234543 Received request from 102.23.55.32 for /example
2019-02-13T15:33:44.726534 Started database query for table users
2019-02-13T15:33:44.038472 Completed database query for table users
2019-02-13T15:33:43.234543 Received request from 102.23.55.32 for /example
2019-02-13T15:33:44.726534 Started database query for table users
2019-02-13T15:33:44.038472 Completed database query for table users
2019-02-13T15:33:43.234543 Received request from 102.23.55.32 for /example
2019-02-13T15:33:44.726534 Started database query for table users
2019-02-13T15:33:44.038472 Completed database query for table users
2019-02-13T15:33:43.234543 Received request from 102.23.55.32 for /example
2006-02-13T15:33:44.726534 Started database query for table users
2019-02-13T15:33:44.038472 Completed database query for table users
2019-02-13T15:33:43.234543 Received request from 102.23.55.32 for /example
2009-02-13T15:33:44.726534 Started database query for table users
2019-02-13T15:33:44.038472 Completed database query for table users
2019-02-13T15:33:43.234543 Received request from 102.23.55.32 for /example
2018-02-13T15:33:44.726534 Started database query for table users
2019-02-13T15:33:44.038472 Completed database query for table users
2019-02-13T15:33:43.234543 Received request from 102.23.55.32 for /example
2012-02-13T15:33:44.726534 Started database query for table users
2019-02-13T15:33:44.038472 Completed database query for table users
2019-02-13T15:33:43.234543 Received request from 102.23.55.32 for /example
2019-02-13T15:33:44.726534 Started database query for table users
2019-02-13T15:33:44.038472 Completed database query for table users
2015-02-13T15:33:43.234543 Received request from 102.23.55.32 for /example
2019-02-13T15:33:44.726534 Started database query for table users
2019-02-13T15:33:44.038472 Completed database query for table users
2019-02-13T15:33:43.234543 Received request from 102.23.55.32 for /example
2019-02-13T15:33:44.726534 Started database query for table users
2019-02-13T15:33:44.038472 Completed database query for table users
2019-02-13T15:33:43.234543 Received request from 102.23.55.32 for /example
2019-02-13T15:33:44.726534 Started database query for table users
2019-02-13T15:33:44.038472 Completed database query for table users
2019-02-13T15:33:43.234543 Received request from 102.23.55.32 for /example
2019-02-13T15:33:44.726534 Started database query for table users
2019-02-13T15:33:44.038472 Completed database query for table users
2019-02-13T15:33:43.234543 Received request from 102.23.55.32 for /example
2019-02-13T15:33:44.726534 Started database query for table users
2019-02-13T15:33:44.038472 Completed database query for table users
2019-02-13T15:33:43.234543 Received request from 102.23.55.32 for /example
2019-02-13T15:33:44.726534 Started database query for table users
2019-02-13T15:33:44.038472 Completed database query for table users
2019-02-13T15:33:43.234543 Received request from 102.23.55.32 for /example
2019-02-13T15:33:44.726534 Started database query for table users
2019-02-13T15:33:44.038472 Completed database query for table users
2019-02-13T15:33:43.234543 Received request from 102.23.55.32 for /example
2019-02-13T15:33:44.726534 Started database query for table users
2019-02-13T15:33:44.038472 Completed database query for table users
2019-02-13T15:33:43.234543 Received request from 102.23.55.32 for /example
2006-02-13T15:33:44.726534 Started database query for table users
2019-02-13T15:33:44.038472 Completed database query for table users
2019-02-13T15:33:43.234543 Received request from 102.23.55.32 for /example
2009-02-13T15:33:44.726534 Started database query for table users
2019-02-13T15:33:44.038472 Completed database query for table users
2019-02-13T15:33:43.234543 Received request from 102.23.55.32 for /example
2018-02-13T15:33:44.726534 Started database query for table users
2019-02-13T15:33:44.038472 Completed database query for table users
2019-02-13T15:33:43.234543 Received request from 102.23.55.32 for /example
2012-02-13T15:33:44.726534 Started database query for table users
2019-02-13T15:33:44.038472 Completed database query for table users
2019-02-13T15:33:43.234543 Received request from 102.23.55.32 for /example
2019-02-13T15:33:44.726534 Started database query for table users
2019-02-13T15:33:44.038472 Completed database query for table users
2015-02-13T15:33:43.234543 Received request from 102.23.55.32 for /example
2019-02-13T15:33:44.726534 Started database query for table users
2019-02-13T15:33:44.038472 Completed database query for table users
2019-02-13T15:33:43.234543 Received request from 102.23.55.32 for /example
2019-02-13T15:33:44.726534 Started database query for table users
2019-02-13T15:33:44.038472 Completed database query for table users
2019-02-13T15:33:43.234543 Received request from 102.23.55.32 for /example
2019-02-13T15:33:44.726534 Started database query for table users
2019-02-13T15:33:44.038472 Completed database query for table users
2019-02-13T15:33:43.234543 Received request from 102.23.55.32 for /example
2019-02-13T15:33:44.726534 Started database query for table users
2019-02-13T15:33:44.038472 Completed database query for table users
2019-02-13T15:33:43.234543 Received request from 102.23.55.32 for /example
2019-02-13T15:33:44.726534 Started database query for table users
2019-02-13T15:33:44.038472 Completed database query for table users
2019-02-13T15:33:43.234543 Received request from 102.23.55.32 for /example
2019-02-13T15:33:44.726534 Started database query for table users
2019-02-13T15:33:44.038472 Completed database query for table users
2019-02-13T15:33:43.234543 Received request from 102.23.55.32 for /example
2019-02-13T15:33:44.726534 Started database query for table users
2019-02-13T15:33:44.038472 Completed database query for table users
2019-02-13T15:33:43.234543 Received request from 102.23.55.32 for /example
2019-02-13T15:33:44.726534 Started database query for table users
2019-02-13T15:33:44.038472 Completed database query for table users
2019-02-13T15:33:43.234543 Received request from 102.23.55.32 for /example
2006-02-13T15:33:44.726534 Started database query for table users
2019-02-13T15:33:44.038472 Completed database query for table users
2019-02-13T15:33:43.234543 Received request from 102.23.55.32 for /example
2009-02-13T15:33:44.726534 Started database query for table users
2019-02-13T15:33:44.038472 Completed database query for table users
2019-02-13T15:33:43.234543 Received request from 102.23.55.32 for /example
2018-02-13T15:33:44.726534 Started database query for table users
2019-02-13T15:33:44.038472 Completed database query for table users
2019-02-13T15:33:43.234543 Received request from 102.23.55.32 for /example
2012-02-13T15:33:44.726534 Started database query for table users
2019-02-13T15:33:44.038472 Completed database query for table users
2019-02-13T15:33:43.234543 Received request from 102.23.55.32 for /example
2019-02-13T15:33:44.726534 Started database query for table users
2019-02-13T15:33:44.038472 Completed database query for table users
2015-02-13T15:33:43.234543 Received request from 102.23.55.32 for /example
2019-02-13T15:33:44.726534 Started database query for table users
2019-02-13T15:33:44.038472 Completed database query for table users
2019-02-13T15:33:43.234543 Received request from 102.23.55.32 for /example
2019-02-13T15:33:44.726534 Started database query for table users
2019-02-13T15:33:44.038472 Completed database query for table users
2019-02-13T15:33:43.234543 Received request from 102.23.55.32 for /example
2019-02-13T15:33:44.726534 Started database query for table users
2019-02-13T15:33:44.038472 Completed database query for table users
2019-02-13T15:33:43.234543 Received request from 102.23.55.32 for /example
2019-02-13T15:33:44.726534 Started database query for table users
2019-02-13T15:33:44.038472 Completed database query for table users
2019-02-13T15:33:43.234543 Received request from 102.23.55.32 for /example
2019-02-13T15:33:44.726534 Started database query for table users
2019-02-13T15:33:44.038472 Completed database query for table users
2019-02-13T15:33:43.234543 Received request from 102.23.55.32 for /example
2019-02-13T15:33:44.726534 Started database query for table users
2019-02-13T15:33:44.038472 Completed database query for table users
2019-02-13T15:33:43.234543 Received request from 102.23.55.32 for /example
2019-02-13T15:33:44.726534 Started database query for table users
2019-02-13T15:33:44.038472 Completed database query for table users
2019-02-13T15:33:43.234543 Received request from 102.23.55.32 for /example
2019-02-13T15:33:44.726534 Started database query for table users
2019-02-13T15:33:44.038472 Completed database query for table users
2019-02-13T15:33:43.234543 Received request from 102.23.55.32 for /example
2006-02-13T15:33:44.726534 Started database query for table users
2019-02-13T15:33:44.038472 Completed database query for table users
2019-02-13T15:33:43.234543 Received request from 102.23.55.32 for /example
2009-02-13T15:33:44.726534 Started database query for table users
2019-02-13T15:33:44.038472 Completed database query for table users
2019-02-13T15:33:43.234543 Received request from 102.23.55.32 for /example
2018-02-13T15:33:44.726534 Started database query for table users
2019-02-13T15:33:44.038472 Completed database query for table users
2019-02-13T15:33:43.234543 Received request from 102.23.55.32 for /example
2012-02-13T15:33:44.726534 Started database query for table users
2019-02-13T15:33:44.038472 Completed database query for table users
2019-02-13T15:33:43.234543 Received request from 102.23.55.32 for /example
2019-02-13T15:33:44.726534 Started database query for table users
2019-02-13T15:33:44.038472 Completed database query for table users
2015-02-13T15:33:43.234543 Received request from 102.23.55.32 for /example
2019-02-13T15:33:44.726534 Started database query for table users
2019-02-13T15:33:44.038472 Completed database query for table users
2019-02-13T15:33:43.234543 Received request from 102.23.55.32 for /example
2019-02-13T15:33:44.726534 Started database query for table users
2019-02-13T15:33:44.038472 Completed database query for table users
2019-02-13T15:33:43.234543 Received request from 102.23.55.32 for /example
2019-02-13T15:33:44.726534 Started database query for table users
2019-02-13T15:33:44.038472 Completed database query for table users
2019-02-13T15:33:43.234543 Received request from 102.23.55.32 for /example
2019-02-13T15:33:44.726534 Started database query for table users
2019-02-13T15:33:44.038472 Completed database query for table users
2019-02-13T15:33:43.234543 Received request from 102.23.55.32 for /example
2019-02-13T15:33:44.726534 Started database query for table users
2019-02-13T15:33:44.038472 Completed database query for table users
2019-02-13T15:33:43.234543 Received request from 102.23.55.32 for /example
2019-02-13T15:33:44.726534 Started database query for table users
2019-02-13T15:33:44.038472 Completed database query for table users
2019-02-13T15:33:43.234543 Received request from 102.23.55.32 for /example
2019-02-13T15:33:44.726534 Started database query for table users
2019-02-13T15:33:44.038472 Completed database query for table users
2019-02-13T15:33:43.234543 Received request from 102.23.55.32 for /example
2019-02-13T15:33:44.726534 Started database query for table users
2019-02-13T15:33:44.038472 Completed database query for table users
2019-02-13T15:33:43.234543 Received request from 102.23.55.32 for /example
2006-02-13T15:33:44.726534 Started database query for table users
2019-02-13T15:33:44.038472 Completed database query for table users
2019-02-13T15:33:43.234543 Received request from 102.23.55.32 for /example
2009-02-13T15:33:44.726534 Started database query for table users
2019-02-13T15:33:44.038472 Completed database query for table users
2019-02-13T15:33:43.234543 Received request from 102.23.55.32 for /example
2018-02-13T15:33:44.726534 Started database query for table users
2019-02-13T15:33:44.038472 Completed database query for table users
2019-02-13T15:33:43.234543 Received request from 102.23.55.32 for /example
2012-02-13T15:33:44.726534 Started database query for table users
2019-02-13T15:33:44.038472 Completed database query for table users
2019-02-13T15:33:43.234543 Received request from 102.23.55.32 for /example
2019-02-13T15:33:44.726534 Started database query for table users
2019-02-13T15:33:44.038472 Completed database query for table users
2015-02-13T15:33:43.234543 Received request from 102.23.55.32 for /example
2019-02-13T15:33:44.726534 Started database query for table users
2019-02-13T15:33:44.038472 Completed database query for table users
2019-02-13T15:33:43.234543 Received request from 102.23.55.32 for /example
2019-02-13T15:33:44.726534 Started database query for table users
2019-02-13T15:33:44.038472 Completed database query for table users
2019-02-13T15:33:43.234543 Received request from 102.23.55.32 for /example
2019-02-13T15:33:44.726534 Started database query for table users
2019-02-13T15:33:44.038472 Completed database query for table users
2019-02-13T15:33:43.234543 Received request from 102.23.55.32 for /example
2019-02-13T15:33:44.726534 Started database query for table users
2019-02-13T15:33:44.038472 Completed database query for table users
2019-02-13T15:33:43.234543 Received request from 102.23.55.32 for /example
2019-02-13T15:33:44.726534 Started database query for table users
2019-02-13T15:33:44.038472 Completed database query for table users
2019-02-13T15:33:43.234543 Received request from 102.23.55.32 for /example
2019-02-13T15:33:44.726534 Started database query for table users
2019-02-13T15:33:44.038472 Completed database query for table users
2019-02-13T15:33:43.234543 Received request from 102.23.55.32 for /example
2019-02-13T15:33:44.726534 Started database query for table users
2019-02-13T15:33:44.038472 Completed database query for table users
2019-02-13T15:33:43.234543 Received request from 102.23.55.32 for /example
2019-02-13T15:33:44.726534 Started database query for table users
2019-02-13T15:33:44.038472 Completed database query for table users
2019-02-13T15:33:43.234543 Received request from 102.23.55.32 for /example
2006-02-13T15:33:44.726534 Started database query for table users
2019-02-13T15:33:44.038472 Completed database query for table users
2019-02-13T15:33:43.234543 Received request from 102.23.55.32 for /example
2009-02-13T15:33:44.726534 Started database query for table users
2019-02-13T15:33:44.038472 Completed database query for table users
2019-02-13T15:33:43.234543 Received request from 102.23.55.32 for /example
2018-02-13T15:33:44.726534 Started database query for table users
2019-02-13T15:33:44.038472 Completed database query for table users
2019-02-13T15:33:43.234543 Received request from 102.23.55.32 for /example
2012-02-13T15:33:44.726534 Started database query for table users
2019-02-13T15:33:44.038472 Completed database query for table users
2019-02-13T15:33:43.234543 Received request from 102.23.55.32 for /example
2019-02-13T15:33:44.726534 Started database query for table users
2019-02-13T15:33:44.038472 Completed database query for table users
2015-02-13T15:33:43.234543 Received request from 102.23.55.32 for /example
2019-02-13T15:33:44.726534 Started database query for table users
2019-02-13T15:33:44.038472 Completed database query for table users
2019-02-13T15:33:43.234543 Received request from 102.23.55.32 for /example
2019-02-13T15:33:44.726534 Started database query for table users
2019-02-13T15:33:44.038472 Completed database query for table users
2019-02-13T15:33:43.234543 Received request from 102.23.55.32 for /example
2019-02-13T15:33:44.726534 Started database query for table users
2019-02-13T15:33:44.038472 Completed database query for table users
2019-02-13T15:33:43.234543 Received request from 102.23.55.32 for /example
2019-02-13T15:33:44.726534 Started database query for table users
2019-02-13T15:33:44.038472 Completed database query for table users
2019-02-13T15:33:43.234543 Received request from 102.23.55.32 for /example
2019-02-13T15:33:44.726534 Started database query for table users
2019-02-13T15:33:44.038472 Completed database query for table users
2019-02-13T15:33:43.234543 Received request from 102.23.55.32 for /example
2019-02-13T15:33:44.726534 Started database query for table users
2019-02-13T15:33:44.038472 Completed database query for table users
2019-02-13T15:33:43.234543 Received request from 102.23.55.32 for /example
2019-02-13T15:33:44.726534 Started database query for table users
2019-02-13T15:33:44.038472 Completed database query for table users
2019-02-13T15:33:43.234543 Received request from 102.23.55.32 for /example
2019-02-13T15:33:44.726534 Started database query for table users
2019-02-13T15:33:44.038472 Completed database query for table users
2019-02-13T15:33:43.234543 Received request from 102.23.55.32 for /example
2006-02-13T15:33:44.726534 Started database query for table users
2019-02-13T15:33:44.038472 Completed database query for table users
2019-02-13T15:33:43.234543 Received request from 102.23.55.32 for /example
2009-02-13T15:33:44.726534 Started database query for table users
2019-02-13T15:33:44.038472 Completed database query for table users
2019-02-13T15:33:43.234543 Received request from 102.23.55.32 for /example
2018-02-13T15:33:44.726534 Started database query for table users
2019-02-13T15:33:44.038472 Completed database query for table users
2019-02-13T15:33:43.234543 Received request from 102.23.55.32 for /example
2012-02-13T15:33:44.726534 Started database query for table users
2019-02-13T15:33:44.038472 Completed database query for table users
2019-02-13T15:33:43.234543 Received request from 102.23.55.32 for /example
2019-02-13T15:33:44.726534 Started database query for table users
2019-02-13T15:33:44.038472 Completed database query for table users
2015-02-13T15:33:43.234543 Received request from 102.23.55.32 for /example
2019-02-13T15:33:44.726534 Started database query for table users
2019-02-13T15:33:44.038472 Completed database query for table users
2019-02-13T15:33:43.234543 Received request from 102.23.55.32 for /example
2019-02-13T15:33:44.726534 Started database query for table users
2019-02-13T15:33:44.038472 Completed database query for table users
2019-02-13T15:33:43.234543 Received request from 102.23.55.32 for /example
2019-02-13T15:33:44.726534 Started database query for table users
2019-02-13T15:33:44.038472 Completed database query for table users
2019-02-13T15:33:43.234543 Received request from 102.23.55.32 for /example
2019-02-13T15:33:44.726534 Started database query for table users
2019-02-13T15:33:44.038472 Completed database query for table users
2019-02-13T15:33:43.234543 Received request from 102.23.55.32 for /example
2019-02-13T15:33:44.726534 Started database query for table users
2019-02-13T15:33:44.038472 Completed database query for table users
2019-02-13T15:33:43.234543 Received request from 102.23.55.32 for /example
2019-02-13T15:33:44.726534 Started database query for table users
2019-02-13T15:33:44.038472 Completed database query for table users
2019-02-13T15:33:43.234543 Received request from 102.23.55.32 for /example
2019-02-13T15:33:44.726534 Started database query for table users
2019-02-13T15:33:44.038472 Completed database query for table users
2019-02-13T15:33:43.234543 Received request from 102.23.55.32 for /example
2019-02-13T15:33:44.726534 Started database query for table users
2019-02-13T15:33:44.038472 Completed database query for table users
2019-02-13T15:33:43.234543 Received request from 102.23.55.32 for /example
2006-02-13T15:33:44.726534 Started database query for table users
2019-02-13T15:33:44.038472 Completed database query for table users
2019-02-13T15:33:43.234543 Received request from 102.23.55.32 for /example
2009-02-13T15:33:44.726534 Started database query for table users
2019-02-13T15:33:44.038472 Completed database query for table users
2019-02-13T15:33:43.234543 Received request from 102.23.55.32 for /example
2018-02-13T15:33:44.726534 Started database query for table users
2019-02-13T15:33:44.038472 Completed database query for table users
2019-02-13T15:33:43.234543 Received request from 102.23.55.32 for /example
2012-02-13T15:33:44.726534 Started database query for table users
2019-02-13T15:33:44.038472 Completed database query for table users
2019-02-13T15:33:43.234543 Received request from 102.23.55.32 for /example
2019-02-13T15:33:44.726534 Started database query for table users
2019-02-13T15:33:44.038472 Completed database query for table users
2015-02-13T15:33:43.234543 Received request from 102.23.55.32 for /example
2019-02-13T15:33:44.726534 Started database query for table users
2019-02-13T15:33:44.038472 Completed database query for table users
2019-02-13T15:33:43.234543 Received request from 102.23.55.32 for /example
2019-02-13T15:33:44.726534 Started database query for table users
2019-02-13T15:33:44.038472 Completed database query for table users
2019-02-13T15:33:43.234543 Received request from 102.23.55.32 for /example
2019-02-13T15:33:44.726534 Started database query for table users
2019-02-13T15:33:44.038472 Completed database query for table users
2019-02-13T15:33:43.234543 Received request from 102.23.55.32 for /example
2019-02-13T15:33:44.726534 Started database query for table users
2019-02-13T15:33:44.038472 Completed database query for table users
2019-02-13T15:33:43.234543 Received request from 102.23.55.32 for /example
2019-02-13T15:33:44.726534 Started database query for table users
2019-02-13T15:33:44.038472 Completed database query for table users
2019-02-13T15:33:43.234543 Received request from 102.23.55.32 for /example
2019-02-13T15:33:44.726534 Started database query for table users
2019-02-13T15:33:44.038472 Completed database query for table users
2019-02-13T15:33:43.234543 Received request from 102.23.55.32 for /example
2019-02-13T15:33:44.726534 Started database query for table users
2019-02-13T15:33:44.038472 Completed database query for table users
2019-02-13T15:33:43.234543 Received request from 102.23.55.32 for /example
2019-02-13T15:33:44.726534 Started database query for table users
2019-02-13T15:33:44.038472 Completed database query for table users
2019-02-13T15:33:43.234543 Received request from 102.23.55.32 for /example
2006-02-13T15:33:44.726534 Started database query for table users
2019-02-13T15:33:44.038472 Completed database query for table users
2019-02-13T15:33:43.234543 Received request from 102.23.55.32 for /example
2009-02-13T15:33:44.726534 Started database query for table users
2019-02-13T15:33:44.038472 Completed database query for table users
2019-02-13T15:33:43.234543 Received request from 102.23.55.32 for /example
2018-02-13T15:33:44.726534 Started database query for table users
2019-02-13T15:33:44.038472 Completed database query for table users
2019-02-13T15:33:43.234543 Received request from 102.23.55.32 for /example
2012-02-13T15:33:44.726534 Started database query for table users
2019-02-13T15:33:44.038472 Completed database query for table users
2019-02-13T15:33:43.234543 Received request from 102.23.55.32 for /example
2019-02-13T15:33:44.726534 Started database query for table users
2019-02-13T15:33:44.038472 Completed database query for table users
2015-02-13T15:33:43.234543 Received request from 102.23.55.32 for /example
2019-02-13T15:33:44.726534 Started database query for table users
2019-02-13T15:33:44.038472 Completed database query for table users
2019-02-13T15:33:43.234543 Received request from 102.23.55.32 for /example
2019-02-13T15:33:44.726534 Started database query for table users
2019-02-13T15:33:44.038472 Completed database query for table users
2019-02-13T15:33:43.234543 Received request from 102.23.55.32 for /example
2019-02-13T15:33:44.726534 Started database query for table users
2019-02-13T15:33:44.038472 Completed database query for table users
2019-02-13T15:33:43.234543 Received request from 102.23.55.32 for /example
2019-02-13T15:33:44.726534 Started database query for table users
2019-02-13T15:33:44.038472 Completed database query for table users
2019-02-13T15:33:43.234543 Received request from 102.23.55.32 for /example
2019-02-13T15:33:44.726534 Started database query for table users
2019-02-13T15:33:44.038472 Completed database query for table users
2019-02-13T15:33:43.234543 Received request from 102.23.55.32 for /example
2019-02-13T15:33:44.726534 Started database query for table users
2019-02-13T15:33:44.038472 Completed database query for table users
2019-02-13T15:33:43.234543 Received request from 102.23.55.32 for /example
2019-02-13T15:33:44.726534 Started database query for table users
2019-02-13T15:33:44.038472 Completed database query for table users
2019-02-13T15:33:43.234543 Received request from 102.23.55.32 for /example
2019-02-13T15:33:44.726534 Started database query for table users
2019-02-13T15:33:44.038472 Completed database query for table users
2019-02-13T15:33:43.234543 Received request from 102.23.55.32 for /example
2006-02-13T15:33:44.726534 Started database query for table users
2019-02-13T15:33:44.038472 Completed database query for table users
2019-02-13T15:33:43.234543 Received request from 102.23.55.32 for /example
2009-02-13T15:33:44.726534 Started database query for table users
2019-02-13T15:33:44.038472 Completed database query for table users
2019-02-13T15:33:43.234543 Received request from 102.23.55.32 for /example
2018-02-13T15:33:44.726534 Started database query for table users
2019-02-13T15:33:44.038472 Completed database query for table users
2019-02-13T15:33:43.234543 Received request from 102.23.55.32 for /example
2012-02-13T15:33:44.726534 Started database query for table users
2019-02-13T15:33:44.038472 Completed database query for table users
2019-02-13T15:33:43.234543 Received request from 102.23.55.32 for /example
2019-02-13T15:33:44.726534 Started database query for table users
2019-02-13T15:33:44.038472 Completed database query for table users
2015-02-13T15:33:43.234543 Received request from 102.23.55.32 for /example
2019-02-13T15:33:44.726534 Started database query for table users
2019-02-13T15:33:44.038472 Completed database query for table users
2019-02-13T15:33:43.234543 Received request from 102.23.55.32 for /example
2019-02-13T15:33:44.726534 Started database query for table users
2019-02-13T15:33:44.038472 Completed database query for table users
2019-02-13T15:33:43.234543 Received request from 102.23.55.32 for /example
2019-02-13T15:33:44.726534 Started database query for table users
2019-02-13T15:33:44.038472 Completed database query for table users
2019-02-13T15:33:43.234543 Received request from 102.23.55.32 for /example
2019-02-13T15:33:44.726534 Started database query for table users
2019-02-13T15:33:44.038472 Completed database query for table users
2019-02-13T15:33:43.234543 Received request from 102.23.55.32 for /example
2019-02-13T15:33:44.726534 Started database query for table users
2019-02-13T15:33:44.038472 Completed database query for table users
2019-02-13T15:33:43.234543 Received request from 102.23.55.32 for /example
2019-02-13T15:33:44.726534 Started database query for table users
2019-02-13T15:33:44.038472 Completed database query for table users
2019-02-13T15:33:43.234543 Received request from 102.23.55.32 for /example
2019-02-13T15:33:44.726534 Started database query for table users
2019-02-13T15:33:44.038472 Completed database query for table users
2019-02-13T15:33:43.234543 Received request from 102.23.55.32 for /example
2019-02-13T15:33:44.726534 Started database query for table users
2019-02-13T15:33:44.038472 Completed database query for table users
2019-02-13T15:33:43.234543 Received request from 102.23.55.32 for /example
2006-02-13T15:33:44.726534 Started database query for table users
2019-02-13T15:33:44.038472 Completed database query for table users
2019-02-13T15:33:43.234543 Received request from 102.23.55.32 for /example
2009-02-13T15:33:44.726534 Started database query for table users
2019-02-13T15:33:44.038472 Completed database query for table users
2019-02-13T15:33:43.234543 Received request from 102.23.55.32 for /example
2018-02-13T15:33:44.726534 Started database query for table users
2019-02-13T15:33:44.038472 Completed database query for table users
2019-02-13T15:33:43.234543 Received request from 102.23.55.32 for /example
2012-02-13T15:33:44.726534 Started database query for table users
2019-02-13T15:33:44.038472 Completed database query for table users
2019-02-13T15:33:43.234543 Received request from 102.23.55.32 for /example
2019-02-13T15:33:44.726534 Started database query for table users
2019-02-13T15:33:44.038472 Completed database query for table users
2015-02-13T15:33:43.234543 Received request from 102.23.55.32 for /example
2019-02-13T15:33:44.726534 Started database query for table users
2019-02-13T15:33:44.038472 Completed database query for table users
2019-02-13T15:33:43.234543 Received request from 102.23.55.32 for /example
2019-02-13T15:33:44.726534 Started database query for table users
2019-02-13T15:33:44.038472 Completed database query for table users
2019-02-13T15:33:43.234543 Received request from 102.23.55.32 for /example
2019-02-13T15:33:44.726534 Started database query for table users
2019-02-13T15:33:44.038472 Completed database query for table users
2019-02-13T15:33:43.234543 Received request from 102.23.55.32 for /example
2019-02-13T15:33:44.726534 Started database query for table users
2019-02-13T15:33:44.038472 Completed database query for table users
2019-02-13T15:33:43.234543 Received request from 102.23.55.32 for /example
2019-02-13T15:33:44.726534 Started database query for table users
2019-02-13T15:33:44.038472 Completed database query for table users
2019-02-13T15:33:43.234543 Received request from 102.23.55.32 for /example
2019-02-13T15:33:44.726534 Started database query for table users
2019-02-13T15:33:44.038472 Completed database query for table users
2019-02-13T15:33:43.234543 Received request from 102.23.55.32 for /example
2019-02-13T15:33:44.726534 Started database query for table users
2019-02-13T15:33:44.038472 Completed database query for table users
2019-02-13T15:33:43.234543 Received request from 102.23.55.32 for /example
2019-02-13T15:33:44.726534 Started database query for table users
2019-02-13T15:33:44.038472 Completed database query for table users
2019-02-13T15:33:43.234543 Received request from 102.23.55.32 for /example
2006-02-13T15:33:44.726534 Started database query for table users
2019-02-13T15:33:44.038472 Completed database query for table users
2019-02-13T15:33:43.234543 Received request from 102.23.55.32 for /example
2009-02-13T15:33:44.726534 Started database query for table users
2019-02-13T15:33:44.038472 Completed database query for table users
2019-02-13T15:33:43.234543 Received request from 102.23.55.32 for /example
2018-02-13T15:33:44.726534 Started database query for table users
2019-02-13T15:33:44.038472 Completed database query for table users
2019-02-13T15:33:43.234543 Received request from 102.23.55.32 for /example
2012-02-13T15:33:44.726534 Started database query for table users
2019-02-13T15:33:44.038472 Completed database query for table users
2019-02-13T15:33:43.234543 Received request from 102.23.55.32 for /example
2019-02-13T15:33:44.726534 Started database query for table users
2019-02-13T15:33:44.038472 Completed database query for table users
2015-02-13T15:33:43.234543 Received request from 102.23.55.32 for /example
2019-02-13T15:33:44.726534 Started database query for table users
2019-02-13T15:33:44.038472 Completed database query for table users
2019-02-13T15:33:43.234543 Received request from 102.23.55.32 for /example
2019-02-13T15:33:44.726534 Started database query for table users
2019-02-13T15:33:44.038472 Completed database query for table users
2019-02-13T15:33:43.234543 Received request from 102.23.55.32 for /example
2019-02-13T15:33:44.726534 Started database query for table users
2019-02-13T15:33:44.038472 Completed database query for table users
2019-02-13T15:33:43.234543 Received request from 102.23.55.32 for /example
2019-02-13T15:33:44.726534 Started database query for table users
2019-02-13T15:33:44.038472 Completed database query for table users
2019-02-13T15:33:43.234543 Received request from 102.23.55.32 for /example
2019-02-13T15:33:44.726534 Started database query for table users
2019-02-13T15:33:44.038472 Completed database query for table users
2019-02-13T15:33:43.234543 Received request from 102.23.55.32 for /example
2019-02-13T15:33:44.726534 Started database query for table users
2019-02-13T15:33:44.038472 Completed database query for table users
2019-02-13T15:33:43.234543 Received request from 102.23.55.32 for /example
2019-02-13T15:33:44.726534 Started database query for table users
2019-02-13T15:33:44.038472 Completed database query for table users
2019-02-13T15:33:43.234543 Received request from 102.23.55.32 for /example
2019-02-13T15:33:44.726534 Started database query for table users
2019-02-13T15:33:44.038472 Completed database query for table users
2019-02-13T15:33:43.234543 Received request from 102.23.55.32 for /example
2006-02-13T15:33:44.726534 Started database query for table users
2019-02-13T15:33:44.038472 Completed database query for table users
2019-02-13T15:33:43.234543 Received request from 102.23.55.32 for /example
2009-02-13T15:33:44.726534 Started database query for table users
2019-02-13T15:33:44.038472 Completed database query for table users
2019-02-13T15:33:43.234543 Received request from 102.23.55.32 for /example
2018-02-13T15:33:44.726534 Started database query for table users
2019-02-13T15:33:44.038472 Completed database query for table users
2019-02-13T15:33:43.234543 Received request from 102.23.55.32 for /example
2012-02-13T15:33:44.726534 Started database query for table users
2019-02-13T15:33:44.038472 Completed database query for table users
2019-02-13T15:33:43.234543 Received request from 102.23.55.32 for /example
2019-02-13T15:33:44.726534 Started database query for table users
2019-02-13T15:33:44.038472 Completed database query for table users
2015-02-13T15:33:43.234543 Received request from 102.23.55.32 for /example
2019-02-13T15:33:44.726534 Started database query for table users
2019-02-13T15:33:44.038472 Completed database query for table users
2019-02-13T15:33:43.234543 Received request from 102.23.55.32 for /example
2019-02-13T15:33:44.726534 Started database query for table users
2019-02-13T15:33:44.038472 Completed database query for table users
2019-02-13T15:33:43.234543 Received request from 102.23.55.32 for /example
2019-02-13T15:33:44.726534 Started database query for table users
2019-02-13T15:33:44.038472 Completed database query for table users
2019-02-13T15:33:43.234543 Received request from 102.23.55.32 for /example
2019-02-13T15:33:44.726534 Started database query for table users
2019-02-13T15:33:44.038472 Completed database query for table users
2019-02-13T15:33:43.234543 Received request from 102.23.55.32 for /example
2019-02-13T15:33:44.726534 Started database query for table users
2019-02-13T15:33:44.038472 Completed database query for table users
2019-02-13T15:33:43.234543 Received request from 102.23.55.32 for /example
2019-02-13T15:33:44.726534 Started database query for table users
2019-02-13T15:33:44.038472 Completed database query for table users
2019-02-13T15:33:43.234543 Received request from 102.23.55.32 for /example
2019-02-13T15:33:44.726534 Started database query for table users
2019-02-13T15:33:44.038472 Completed database query for table users
2019-02-13T15:33:43.234543 Received request from 102.23.55.32 for /example
2019-02-13T15:33:44.726534 Started database query for table users
2019-02-13T15:33:44.038472 Completed database query for table users
2019-02-13T15:33:43.234543 Received request from 102.23.55.32 for /example
2006-02-13T15:33:44.726534 Started database query for table users
2019-02-13T15:33:44.038472 Completed database query for table users
2019-02-13T15:33:43.234543 Received request from 102.23.55.32 for /example
2009-02-13T15:33:44.726534 Started database query for table users
2019-02-13T15:33:44.038472 Completed database query for table users
2019-02-13T15:33:43.234543 Received request from 102.23.55.32 for /example
2018-02-13T15:33:44.726534 Started database query for table users
2019-02-13T15:33:44.038472 Completed database query for table users
2019-02-13T15:33:43.234543 Received request from 102.23.55.32 for /example
2012-02-13T15:33:44.726534 Started database query for table users
2019-02-13T15:33:44.038472 Completed database query for table users
2019-02-13T15:33:43.234543 Received request from 102.23.55.32 for /example
2019-02-13T15:33:44.726534 Started database query for table users
2019-02-13T15:33:44.038472 Completed database query for table users
2015-02-13T15:33:43.234543 Received request from 102.23.55.32 for /example
2019-02-13T15:33:44.726534 Started database query for table users
2019-02-13T15:33:44.038472 Completed database query for table users
2019-02-13T15:33:43.234543 Received request from 102.23.55.32 for /example
2019-02-13T15:33:44.726534 Started database query for table users
2019-02-13T15:33:44.038472 Completed database query for table users
2019-02-13T15:33:43.234543 Received request from 102.23.55.32 for /example
2019-02-13T15:33:44.726534 Started database query for table users
2019-02-13T15:33:44.038472 Completed database query for table users
2019-02-13T15:33:43.234543 Received request from 102.23.55.32 for /example
2019-02-13T15:33:44.726534 Started database query for table users
2019-02-13T15:33:44.038472 Completed database query for table users
2019-02-13T15:33:43.234543 Received request from 102.23.55.32 for /example
2019-02-13T15:33:44.726534 Started database query for table users
2019-02-13T15:33:44.038472 Completed database query for table users
2019-02-13T15:33:43.234543 Received request from 102.23.55.32 for /example
2019-02-13T15:33:44.726534 Started database query for table users
2019-02-13T15:33:44.038472 Completed database query for table users
2019-02-13T15:33:43.234543 Received request from 102.23.55.32 for /example
2019-02-13T15:33:44.726534 Started database query for table users
2019-02-13T15:33:44.038472 Completed database query for table users
2019-02-13T15:33:43.234543 Received request from 102.23.55.32 for /example
2019-02-13T15:33:44.726534 Started database query for table users
2019-02-13T15:33:44.038472 Completed database query for table users
2019-02-13T15:33:43.234543 Received request from 102.23.55.32 for /example
2006-02-13T15:33:44.726534 Started database query for table users
2019-02-13T15:33:44.038472 Completed database query for table users
2019-02-13T15:33:43.234543 Received request from 102.23.55.32 for /example
2009-02-13T15:33:44.726534 Started database query for table users
2019-02-13T15:33:44.038472 Completed database query for table users
2019-02-13T15:33:43.234543 Received request from 102.23.55.32 for /example
2018-02-13T15:33:44.726534 Started database query for table users
2019-02-13T15:33:44.038472 Completed database query for table users
2019-02-13T15:33:43.234543 Received request from 102.23.55.32 for /example
2012-02-13T15:33:44.726534 Started database query for table users
2019-02-13T15:33:44.038472 Completed database query for table users
2019-02-13T15:33:43.234543 Received request from 102.23.55.32 for /example
2019-02-13T15:33:44.726534 Started database query for table users
2019-02-13T15:33:44.038472 Completed database query for table users
2015-02-13T15:33:43.234543 Received request from 102.23.55.32 for /example
2019-02-13T15:33:44.726534 Started database query for table users
2019-02-13T15:33:44.038472 Completed database query for table users
2019-02-13T15:33:43.234543 Received request from 102.23.55.32 for /example
2019-02-13T15:33:44.726534 Started database query for table users
2019-02-13T15:33:44.038472 Completed database query for table users
2019-02-13T15:33:43.234543 Received request from 102.23.55.32 for /example
2019-02-13T15:33:44.726534 Started database query for table users
2019-02-13T15:33:44.038472 Completed database query for table users
2019-02-13T15:33:43.234543 Received request from 102.23.55.32 for /example
2019-02-13T15:33:44.726534 Started database query for table users
2019-02-13T15:33:44.038472 Completed database query for table users
2019-02-13T15:33:43.234543 Received request from 102.23.55.32 for /example
2019-02-13T15:33:44.726534 Started database query for table users
2019-02-13T15:33:44.038472 Completed database query for table users
2019-02-13T15:33:43.234543 Received request from 102.23.55.32 for /example
2019-02-13T15:33:44.726534 Started database query for table users
2019-02-13T15:33:44.038472 Completed database query for table users
2019-02-13T15:33:43.234543 Received request from 102.23.55.32 for /example
2019-02-13T15:33:44.726534 Started database query for table users
2019-02-13T15:33:44.038472 Completed database query for table users
2019-02-13T15:33:43.234543 Received request from 102.23.55.32 for /example
2019-02-13T15:33:44.726534 Started database query for table users
2019-02-13T15:33:44.038472 Completed database query for table users
2019-02-13T15:33:43.234543 Received request from 102.23.55.32 for /example
2006-02-13T15:33:44.726534 Started database query for table users
2019-02-13T15:33:44.038472 Completed database query for table users
2019-02-13T15:33:43.234543 Received request from 102.23.55.32 for /example
2009-02-13T15:33:44.726534 Started database query for table users
2019-02-13T15:33:44.038472 Completed database query for table users
2019-02-13T15:33:43.234543 Received request from 102.23.55.32 for /example
2018-02-13T15:33:44.726534 Started database query for table users
2019-02-13T15:33:44.038472 Completed database query for table users
2019-02-13T15:33:43.234543 Received request from 102.23.55.32 for /example
2012-02-13T15:33:44.726534 Started database query for table users
2019-02-13T15:33:44.038472 Completed database query for table users
2019-02-13T15:33:43.234543 Received request from 102.23.55.32 for /example
2019-02-13T15:33:44.726534 Started database query for table users
2019-02-13T15:33:44.038472 Completed database query for table users
2015-02-13T15:33:43.234543 Received request from 102.23.55.32 for /example
2019-02-13T15:33:44.726534 Started database query for table users
2019-02-13T15:33:44.038472 Completed database query for table users
2019-02-13T15:33:43.234543 Received request from 102.23.55.32 for /example
2019-02-13T15:33:44.726534 Started database query for table users
2019-02-13T15:33:44.038472 Completed database query for table users
2019-02-13T15:33:43.234543 Received request from 102.23.55.32 for /example
2019-02-13T15:33:44.726534 Started database query for table users
2019-02-13T15:33:44.038472 Completed database query for table users
2019-02-13T15:33:43.234543 Received request from 102.23.55.32 for /example
2019-02-13T15:33:44.726534 Started database query for table users
2019-02-13T15:33:44.038472 Completed database query for table users
2019-02-13T15:33:43.234543 Received request from 102.23.55.32 for /example
2019-02-13T15:33:44.726534 Started database query for table users
2019-02-13T15:33:44.038472 Completed database query for table users
2019-02-13T15:33:43.234543 Received request from 102.23.55.32 for /example
2019-02-13T15:33:44.726534 Started database query for table users
2019-02-13T15:33:44.038472 Completed database query for table users
2019-02-13T15:33:43.234543 Received request from 102.23.55.32 for /example
2019-02-13T15:33:44.726534 Started database query for table users
2019-02-13T15:33:44.038472 Completed database query for table users
2019-02-13T15:33:43.234543 Received request from 102.23.55.32 for /example
2019-02-13T15:33:44.726534 Started database query for table users
2019-02-13T15:33:44.038472 Completed database query for table users
2019-02-13T15:33:43.234543 Received request from 102.23.55.32 for /example
2006-02-13T15:33:44.726534 Started database query for table users
2019-02-13T15:33:44.038472 Completed database query for table users
2019-02-13T15:33:43.234543 Received request from 102.23.55.32 for /example
2009-02-13T15:33:44.726534 Started database query for table users
2019-02-13T15:33:44.038472 Completed database query for table users
2019-02-13T15:33:43.234543 Received request from 102.23.55.32 for /example
2018-02-13T15:33:44.726534 Started database query for table users
2019-02-13T15:33:44.038472 Completed database query for table users
2019-02-13T15:33:43.234543 Received request from 102.23.55.32 for /example
2012-02-13T15:33:44.726534 Started database query for table users
2019-02-13T15:33:44.038472 Completed database query for table users
2019-02-13T15:33:43.234543 Received request from 102.23.55.32 for /example
2019-02-13T15:33:44.726534 Started database query for table users
2019-02-13T15:33:44.038472 Completed database query for table users
2015-02-13T15:33:43.234543 Received request from 102.23.55.32 for /example
2019-02-13T15:33:44.726534 Started database query for table users
2019-02-13T15:33:44.038472 Completed database query for table users
2019-02-13T15:33:43.234543 Received request from 102.23.55.32 for /example
2019-02-13T15:33:44.726534 Started database query for table users
2019-02-13T15:33:44.038472 Completed database query for table users
2019-02-13T15:33:43.234543 Received request from 102.23.55.32 for /example
2019-02-13T15:33:44.726534 Started database query for table users
2019-02-13T15:33:44.038472 Completed database query for table users
2019-02-13T15:33:43.234543 Received request from 102.23.55.32 for /example
2019-02-13T15:33:44.726534 Started database query for table users
2019-02-13T15:33:44.038472 Completed database query for table users
2019-02-13T15:33:43.234543 Received request from 102.23.55.32 for /example
2019-02-13T15:33:44.726534 Started database query for table users
2019-02-13T15:33:44.038472 Completed database query for table users
2019-02-13T15:33:43.234543 Received request from 102.23.55.32 for /example
2019-02-13T15:33:44.726534 Started database query for table users
2019-02-13T15:33:44.038472 Completed database query for table users
2019-02-13T15:33:43.234543 Received request from 102.23.55.32 for /example
2019-02-13T15:33:44.726534 Started database query for table users
2019-02-13T15:33:44.038472 Completed database query for table users
2019-02-13T15:33:43.234543 Received request from 102.23.55.32 for /example
2019-02-13T15:33:44.726534 Started database query for table users
2019-02-13T15:33:44.038472 Completed database query for table users
2019-02-13T15:33:43.234543 Received request from 102.23.55.32 for /example
2006-02-13T15:33:44.726534 Started database query for table users
2019-02-13T15:33:44.038472 Completed database query for table users
2019-02-13T15:33:43.234543 Received request from 102.23.55.32 for /example
2009-02-13T15:33:44.726534 Started database query for table users
2019-02-13T15:33:44.038472 Completed database query for table users
2019-02-13T15:33:43.234543 Received request from 102.23.55.32 for /example
2018-02-13T15:33:44.726534 Started database query for table users
2019-02-13T15:33:44.038472 Completed database query for table users
2019-02-13T15:33:43.234543 Received request from 102.23.55.32 for /example
2012-02-13T15:33:44.726534 Started database query for table users
2019-02-13T15:33:44.038472 Completed database query for table users
2019-02-13T15:33:43.234543 Received request from 102.23.55.32 for /example
2019-02-13T15:33:44.726534 Started database query for table users
2019-02-13T15:33:44.038472 Completed database query for table users
2015-02-13T15:33:43.234543 Received request from 102.23.55.32 for /example
2019-02-13T15:33:44.726534 Started database query for table users
2019-02-13T15:33:44.038472 Completed database query for table users
2019-02-13T15:33:43.234543 Received request from 102.23.55.32 for /example
2019-02-13T15:33:44.726534 Started database query for table users
2019-02-13T15:33:44.038472 Completed database query for table users
2019-02-13T15:33:43.234543 Received request from 102.23.55.32 for /example
2019-02-13T15:33:44.726534 Started database query for table users
2019-02-13T15:33:44.038472 Completed database query for table users
2019-02-13T15:33:43.234543 Received request from 102.23.55.32 for /example
2019-02-13T15:33:44.726534 Started database query for table users
2019-02-13T15:33:44.038472 Completed database query for table users
2019-02-13T15:33:43.234543 Received request from 102.23.55.32 for /example
2019-02-13T15:33:44.726534 Started database query for table users
2019-02-13T15:33:44.038472 Completed database query for table users
2019-02-13T15:33:43.234543 Received request from 102.23.55.32 for /example
2019-02-13T15:33:44.726534 Started database query for table users
2019-02-13T15:33:44.038472 Completed database query for table users
2019-02-13T15:33:43.234543 Received request from 102.23.55.32 for /example
2019-02-13T15:33:44.726534 Started database query for table users
2019-02-13T15:33:44.038472 Completed database query for table users
2019-02-13T15:33:43.234543 Received request from 102.23.55.32 for /example
2019-02-13T15:33:44.726534 Started database query for table users
2019-02-13T15:33:44.038472 Completed database query for table users
2019-02-13T15:33:43.234543 Received request from 102.23.55.32 for /example
2006-02-13T15:33:44.726534 Started database query for table users
2019-02-13T15:33:44.038472 Completed database query for table users
2019-02-13T15:33:43.234543 Received request from 102.23.55.32 for /example
2009-02-13T15:33:44.726534 Started database query for table users
2019-02-13T15:33:44.038472 Completed database query for table users
2019-02-13T15:33:43.234543 Received request from 102.23.55.32 for /example
2018-02-13T15:33:44.726534 Started database query for table users
2019-02-13T15:33:44.038472 Completed database query for table users
2019-02-13T15:33:43.234543 Received request from 102.23.55.32 for /example
2012-02-13T15:33:44.726534 Started database query for table users
2019-02-13T15:33:44.038472 Completed database query for table users
2019-02-13T15:33:43.234543 Received request from 102.23.55.32 for /example
2019-02-13T15:33:44.726534 Started database query for table users
2019-02-13T15:33:44.038472 Completed database query for table users
2015-02-13T15:33:43.234543 Received request from 102.23.55.32 for /example
2019-02-13T15:33:44.726534 Started database query for table users
2019-02-13T15:33:44.038472 Completed database query for table users
2019-02-13T15:33:43.234543 Received request from 102.23.55.32 for /example
2019-02-13T15:33:44.726534 Started database query for table users
2019-02-13T15:33:44.038472 Completed database query for table users
2019-02-13T15:33:43.234543 Received request from 102.23.55.32 for /example
2019-02-13T15:33:44.726534 Started database query for table users
2019-02-13T15:33:44.038472 Completed database query for table users
2019-02-13T15:33:43.234543 Received request from 102.23.55.32 for /example
2019-02-13T15:33:44.726534 Started database query for table users
2019-02-13T15:33:44.038472 Completed database query for table users
2019-02-13T15:33:43.234543 Received request from 102.23.55.32 for /example
2019-02-13T15:33:44.726534 Started database query for table users
2019-02-13T15:33:44.038472 Completed database query for table users
2019-02-13T15:33:43.234543 Received request from 102.23.55.32 for /example
2019-02-13T15:33:44.726534 Started database query for table users
2019-02-13T15:33:44.038472 Completed database query for table users
2019-02-13T15:33:43.234543 Received request from 102.23.55.32 for /example
2019-02-13T15:33:44.726534 Started database query for table users
2019-02-13T15:33:44.038472 Completed database query for table users
2019-02-13T15:33:43.234543 Received request from 102.23.55.32 for /example
2019-02-13T15:33:44.726534 Started database query for table users
2019-02-13T15:33:44.038472 Completed database query for table users
2019-02-13T15:33:43.234543 Received request from 102.23.55.32 for /example
2006-02-13T15:33:44.726534 Started database query for table users
2019-02-13T15:33:44.038472 Completed database query for table users
2019-02-13T15:33:43.234543 Received request from 102.23.55.32 for /example
2009-02-13T15:33:44.726534 Started database query for table users
2019-02-13T15:33:44.038472 Completed database query for table users
2019-02-13T15:33:43.234543 Received request from 102.23.55.32 for /example
2018-02-13T15:33:44.726534 Started database query for table users
2019-02-13T15:33:44.038472 Completed database query for table users
2019-02-13T15:33:43.234543 Received request from 102.23.55.32 for /example
2012-02-13T15:33:44.726534 Started database query for table users
2019-02-13T15:33:44.038472 Completed database query for table users
2019-02-13T15:33:43.234543 Received request from 102.23.55.32 for /example
2019-02-13T15:33:44.726534 Started database query for table users
2019-02-13T15:33:44.038472 Completed database query for table users
2015-02-13T15:33:43.234543 Received request from 102.23.55.32 for /example
2019-02-13T15:33:44.726534 Started database query for table users
2019-02-13T15:33:44.038472 Completed database query for table users
2019-02-13T15:33:43.234543 Received request from 102.23.55.32 for /example
2019-02-13T15:33:44.726534 Started database query for table users
2019-02-13T15:33:44.038472 Completed database query for table users
2019-02-13T15:33:43.234543 Received request from 102.23.55.32 for /example
2019-02-13T15:33:44.726534 Started database query for table users
2019-02-13T15:33:44.038472 Completed database query for table users
2019-02-13T15:33:43.234543 Received request from 102.23.55.32 for /example
2019-02-13T15:33:44.726534 Started database query for table users
2019-02-13T15:33:44.038472 Completed database query for table users
2019-02-13T15:33:43.234543 Received request from 102.23.55.32 for /example
2019-02-13T15:33:44.726534 Started database query for table users
2019-02-13T15:33:44.038472 Completed database query for table users
2019-02-13T15:33:43.234543 Received request from 102.23.55.32 for /example
2019-02-13T15:33:44.726534 Started database query for table users
2019-02-13T15:33:44.038472 Completed database query for table users
2019-02-13T15:33:43.234543 Received request from 102.23.55.32 for /example
2019-02-13T15:33:44.726534 Started database query for table users
2019-02-13T15:33:44.038472 Completed database query for table users
2019-02-13T15:33:43.234543 Received request from 102.23.55.32 for /example
2019-02-13T15:33:44.726534 Started database query for table users
2019-02-13T15:33:44.038472 Completed database query for table users
2019-02-13T15:33:43.234543 Received request from 102.23.55.32 for /example
2006-02-13T15:33:44.726534 Started database query for table users
2019-02-13T15:33:44.038472 Completed database query for table users
2019-02-13T15:33:43.234543 Received request from 102.23.55.32 for /example
2009-02-13T15:33:44.726534 Started database query for table users
2019-02-13T15:33:44.038472 Completed database query for table users
2019-02-13T15:33:43.234543 Received request from 102.23.55.32 for /example
2018-02-13T15:33:44.726534 Started database query for table users
2019-02-13T15:33:44.038472 Completed database query for table users
2019-02-13T15:33:43.234543 Received request from 102.23.55.32 for /example
2012-02-13T15:33:44.726534 Started database query for table users
2019-02-13T15:33:44.038472 Completed database query for table users
2019-02-13T15:33:43.234543 Received request from 102.23.55.32 for /example
2019-02-13T15:33:44.726534 Started database query for table users
2019-02-13T15:33:44.038472 Completed database query for table users
2015-02-13T15:33:43.234543 Received request from 102.23.55.32 for /example
2019-02-13T15:33:44.726534 Started database query for table users
2019-02-13T15:33:44.038472 Completed database query for table users
2019-02-13T15:33:43.234543 Received request from 102.23.55.32 for /example
2019-02-13T15:33:44.726534 Started database query for table users
2019-02-13T15:33:44.038472 Completed database query for table users
2019-02-13T15:33:43.234543 Received request from 102.23.55.32 for /example
2019-02-13T15:33:44.726534 Started database query for table users
2019-02-13T15:33:44.038472 Completed database query for table users
2019-02-13T15:33:43.234543 Received request from 102.23.55.32 for /example
2019-02-13T15:33:44.726534 Started database query for table users
2019-02-13T15:33:44.038472 Completed database query for table users
2019-02-13T15:33:43.234543 Received request from 102.23.55.32 for /example
2019-02-13T15:33:44.726534 Started database query for table users
2019-02-13T15:33:44.038472 Completed database query for table users
2019-02-13T15:33:43.234543 Received request from 102.23.55.32 for /example
2019-02-13T15:33:44.726534 Started database query for table users
2019-02-13T15:33:44.038472 Completed database query for table users
2019-02-13T15:33:43.234543 Received request from 102.23.55.32 for /example
2019-02-13T15:33:44.726534 Started database query for table users
2019-02-13T15:33:44.038472 Completed database query for table users
2019-02-13T15:33:43.234543 Received request from 102.23.55.32 for /example
2019-02-13T15:33:44.726534 Started database query for table users
2019-02-13T15:33:44.038472 Completed database query for table users
2019-02-13T15:33:43.234543 Received request from 102.23.55.32 for /example
2006-02-13T15:33:44.726534 Started database query for table users
2019-02-13T15:33:44.038472 Completed database query for table users
2019-02-13T15:33:43.234543 Received request from 102.23.55.32 for /example
2009-02-13T15:33:44.726534 Started database query for table users
2019-02-13T15:33:44.038472 Completed database query for table users
2019-02-13T15:33:43.234543 Received request from 102.23.55.32 for /example
2018-02-13T15:33:44.726534 Started database query for table users
2019-02-13T15:33:44.038472 Completed database query for table users
2019-02-13T15:33:43.234543 Received request from 102.23.55.32 for /example
2012-02-13T15:33:44.726534 Started database query for table users
2019-02-13T15:33:44.038472 Completed database query for table users
2019-02-13T15:33:43.234543 Received request from 102.23.55.32 for /example
2019-02-13T15:33:44.726534 Started database query for table users
2019-02-13T15:33:44.038472 Completed database query for table users
2015-02-13T15:33:43.234543 Received request from 102.23.55.32 for /example
2019-02-13T15:33:44.726534 Started database query for table users
2019-02-13T15:33:44.038472 Completed database query for table users
2019-02-13T15:33:43.234543 Received request from 102.23.55.32 for /example
2019-02-13T15:33:44.726534 Started database query for table users
2019-02-13T15:33:44.038472 Completed database query for table users
2019-02-13T15:33:43.234543 Received request from 102.23.55.32 for /example
2019-02-13T15:33:44.726534 Started database query for table users
2019-02-13T15:33:44.038472 Completed database query for table users
2019-02-13T15:33:43.234543 Received request from 102.23.55.32 for /example
2019-02-13T15:33:44.726534 Started database query for table users
2019-02-13T15:33:44.038472 Completed database query for table users
2019-02-13T15:33:43.234543 Received request from 102.23.55.32 for /example
2019-02-13T15:33:44.726534 Started database query for table users
2019-02-13T15:33:44.038472 Completed database query for table users
2019-02-13T15:33:43.234543 Received request from 102.23.55.32 for /example
2019-02-13T15:33:44.726534 Started database query for table users
2019-02-13T15:33:44.038472 Completed database query for table users
2019-02-13T15:33:43.234543 Received request from 102.23.55.32 for /example
2019-02-13T15:33:44.726534 Started database query for table users
2019-02-13T15:33:44.038472 Completed database query for table users
2019-02-13T15:33:43.234543 Received request from 102.23.55.32 for /example
2019-02-13T15:33:44.726534 Started database query for table users
2019-02-13T15:33:44.038472 Completed database query for table users
2019-02-13T15:33:43.234543 Received request from 102.23.55.32 for /example
2006-02-13T15:33:44.726534 Started database query for table users
2019-02-13T15:33:44.038472 Completed database query for table users
2019-02-13T15:33:43.234543 Received request from 102.23.55.32 for /example
2009-02-13T15:33:44.726534 Started database query for table users
2019-02-13T15:33:44.038472 Completed database query for table users
2019-02-13T15:33:43.234543 Received request from 102.23.55.32 for /example
2018-02-13T15:33:44.726534 Started database query for table users
2019-02-13T15:33:44.038472 Completed database query for table users
2019-02-13T15:33:43.234543 Received request from 102.23.55.32 for /example
2012-02-13T15:33:44.726534 Started database query for table users
2019-02-13T15:33:44.038472 Completed database query for table users
2019-02-13T15:33:43.234543 Received request from 102.23.55.32 for /example
2019-02-13T15:33:44.726534 Started database query for table users
2019-02-13T15:33:44.038472 Completed database query for table users
2015-02-13T15:33:43.234543 Received request from 102.23.55.32 for /example
2019-02-13T15:33:44.726534 Started database query for table users
2019-02-13T15:33:44.038472 Completed database query for table users
2019-02-13T15:33:43.234543 Received request from 102.23.55.32 for /example
2019-02-13T15:33:44.726534 Started database query for table users
2019-02-13T15:33:44.038472 Completed database query for table users
2019-02-13T15:33:43.234543 Received request from 102.23.55.32 for /example
2019-02-13T15:33:44.726534 Started database query for table users
2019-02-13T15:33:44.038472 Completed database query for table users
2019-02-13T15:33:43.234543 Received request from 102.23.55.32 for /example
2019-02-13T15:33:44.726534 Started database query for table users
2019-02-13T15:33:44.038472 Completed database query for table users
2019-02-13T15:33:43.234543 Received request from 102.23.55.32 for /example
2019-02-13T15:33:44.726534 Started database query for table users
2019-02-13T15:33:44.038472 Completed database query for table users
2019-02-13T15:33:43.234543 Received request from 102.23.55.32 for /example
2019-02-13T15:33:44.726534 Started database query for table users
2019-02-13T15:33:44.038472 Completed database query for table users
2019-02-13T15:33:43.234543 Received request from 102.23.55.32 for /example
2019-02-13T15:33:44.726534 Started database query for table users
2019-02-13T15:33:44.038472 Completed database query for table users
2019-02-13T15:33:43.234543 Received request from 102.23.55.32 for /example
2019-02-13T15:33:44.726534 Started database query for table users
2019-02-13T15:33:44.038472 Completed database query for table users
2019-02-13T15:33:43.234543 Received request from 102.23.55.32 for /example
2006-02-13T15:33:44.726534 Started database query for table users
2019-02-13T15:33:44.038472 Completed database query for table users
2019-02-13T15:33:43.234543 Received request from 102.23.55.32 for /example
2009-02-13T15:33:44.726534 Started database query for table users
2019-02-13T15:33:44.038472 Completed database query for table users
2019-02-13T15:33:43.234543 Received request from 102.23.55.32 for /example
2018-02-13T15:33:44.726534 Started database query for table users
2019-02-13T15:33:44.038472 Completed database query for table users
2019-02-13T15:33:43.234543 Received request from 102.23.55.32 for /example
2012-02-13T15:33:44.726534 Started database query for table users
2019-02-13T15:33:44.038472 Completed database query for table users
2019-02-13T15:33:43.234543 Received request from 102.23.55.32 for /example
2019-02-13T15:33:44.726534 Started database query for table users
2019-02-13T15:33:44.038472 Completed database query for table users
2015-02-13T15:33:43.234543 Received request from 102.23.55.32 for /example
2019-02-13T15:33:44.726534 Started database query for table users
2019-02-13T15:33:44.038472 Completed database query for table users
2019-02-13T15:33:43.234543 Received request from 102.23.55.32 for /example
2019-02-13T15:33:44.726534 Started database query for table users
2019-02-13T15:33:44.038472 Completed database query for table users
2019-02-13T15:33:43.234543 Received request from 102.23.55.32 for /example
2019-02-13T15:33:44.726534 Started database query for table users
2019-02-13T15:33:44.038472 Completed database query for table users
2019-02-13T15:33:43.234543 Received request from 102.23.55.32 for /example
2019-02-13T15:33:44.726534 Started database query for table users
2019-02-13T15:33:44.038472 Completed database query for table users
2019-02-13T15:33:43.234543 Received request from 102.23.55.32 for /example
2019-02-13T15:33:44.726534 Started database query for table users
2019-02-13T15:33:44.038472 Completed database query for table users
2019-02-13T15:33:43.234543 Received request from 102.23.55.32 for /example
2019-02-13T15:33:44.726534 Started database query for table users
2019-02-13T15:33:44.038472 Completed database query for table users
2019-02-13T15:33:43.234543 Received request from 102.23.55.32 for /example
2019-02-13T15:33:44.726534 Started database query for table users
2019-02-13T15:33:44.038472 Completed database query for table users
2019-02-13T15:33:43.234543 Received request from 102.23.55.32 for /example
2019-02-13T15:33:44.726534 Started database query for table users
2019-02-13T15:33:44.038472 Completed database query for table users
2019-02-13T15:33:43.234543 Received request from 102.23.55.32 for /example
2006-02-13T15:33:44.726534 Started database query for table users
2019-02-13T15:33:44.038472 Completed database query for table users
2019-02-13T15:33:43.234543 Received request from 102.23.55.32 for /example
2009-02-13T15:33:44.726534 Started database query for table users
2019-02-13T15:33:44.038472 Completed database query for table users
2019-02-13T15:33:43.234543 Received request from 102.23.55.32 for /example
2018-02-13T15:33:44.726534 Started database query for table users
2019-02-13T15:33:44.038472 Completed database query for table users
2019-02-13T15:33:43.234543 Received request from 102.23.55.32 for /example
2012-02-13T15:33:44.726534 Started database query for table users
2019-02-13T15:33:44.038472 Completed database query for table users
2019-02-13T15:33:43.234543 Received request from 102.23.55.32 for /example
2019-02-13T15:33:44.726534 Started database query for table users
2019-02-13T15:33:44.038472 Completed database query for table users
2015-02-13T15:33:43.234543 Received request from 102.23.55.32 for /example
2019-02-13T15:33:44.726534 Started database query for table users
2019-02-13T15:33:44.038472 Completed database query for table users
2019-02-13T15:33:43.234543 Received request from 102.23.55.32 for /example
2019-02-13T15:33:44.726534 Started database query for table users
2019-02-13T15:33:44.038472 Completed database query for table users
2019-02-13T15:33:43.234543 Received request from 102.23.55.32 for /example
2019-02-13T15:33:44.726534 Started database query for table users
2019-02-13T15:33:44.038472 Completed database query for table users
2019-02-13T15:33:43.234543 Received request from 102.23.55.32 for /example
2019-02-13T15:33:44.726534 Started database query for table users
2019-02-13T15:33:44.038472 Completed database query for table users
2019-02-13T15:33:43.234543 Received request from 102.23.55.32 for /example
2019-02-13T15:33:44.726534 Started database query for table users
2019-02-13T15:33:44.038472 Completed database query for table users
2019-02-13T15:33:43.234543 Received request from 102.23.55.32 for /example
2019-02-13T15:33:44.726534 Started database query for table users
2019-02-13T15:33:44.038472 Completed database query for table users
2019-02-13T15:33:43.234543 Received request from 102.23.55.32 for /example
2019-02-13T15:33:44.726534 Started database query for table users
2019-02-13T15:33:44.038472 Completed database query for table users
2019-02-13T15:33:43.234543 Received request from 102.23.55.32 for /example
2019-02-13T15:33:44.726534 Started database query for table users
2019-02-13T15:33:44.038472 Completed database query for table users
2019-02-13T15:33:43.234543 Received request from 102.23.55.32 for /example
2006-02-13T15:33:44.726534 Started database query for table users
2019-02-13T15:33:44.038472 Completed database query for table users
2019-02-13T15:33:43.234543 Received request from 102.23.55.32 for /example
2009-02-13T15:33:44.726534 Started database query for table users
2019-02-13T15:33:44.038472 Completed database query for table users
2019-02-13T15:33:43.234543 Received request from 102.23.55.32 for /example
2018-02-13T15:33:44.726534 Started database query for table users
2019-02-13T15:33:44.038472 Completed database query for table users
2019-02-13T15:33:43.234543 Received request from 102.23.55.32 for /example
2012-02-13T15:33:44.726534 Started database query for table users
2019-02-13T15:33:44.038472 Completed database query for table users
2019-02-13T15:33:43.234543 Received request from 102.23.55.32 for /example
2019-02-13T15:33:44.726534 Started database query for table users
2019-02-13T15:33:44.038472 Completed database query for table users
2015-02-13T15:33:43.234543 Received request from 102.23.55.32 for /example
2019-02-13T15:33:44.726534 Started database query for table users
2019-02-13T15:33:44.038472 Completed database query for table users
2019-02-13T15:33:43.234543 Received request from 102.23.55.32 for /example
2019-02-13T15:33:44.726534 Started database query for table users
2019-02-13T15:33:44.038472 Completed database query for table users
2019-02-13T15:33:43.234543 Received request from 102.23.55.32 for /example
2019-02-13T15:33:44.726534 Started database query for table users
2019-02-13T15:33:44.038472 Completed database query for table users
2019-02-13T15:33:43.234543 Received request from 102.23.55.32 for /example
2019-02-13T15:33:44.726534 Started database query for table users
2019-02-13T15:33:44.038472 Completed database query for table users
2019-02-13T15:33:43.234543 Received request from 102.23.55.32 for /example
2019-02-13T15:33:44.726534 Started database query for table users
2019-02-13T15:33:44.038472 Completed database query for table users
2019-02-13T15:33:43.234543 Received request from 102.23.55.32 for /example
2019-02-13T15:33:44.726534 Started database query for table users
2019-02-13T15:33:44.038472 Completed database query for table users
2019-02-13T15:33:43.234543 Received request from 102.23.55.32 for /example
2019-02-13T15:33:44.726534 Started database query for table users
2019-02-13T15:33:44.038472 Completed database query for table users
2019-02-13T15:33:43.234543 Received request from 102.23.55.32 for /example
2019-02-13T15:33:44.726534 Started database query for table users
2019-02-13T15:33:44.038472 Completed database query for table users
2019-02-13T15:33:43.234543 Received request from 102.23.55.32 for /example
2006-02-13T15:33:44.726534 Started database query for table users
2019-02-13T15:33:44.038472 Completed database query for table users
2019-02-13T15:33:43.234543 Received request from 102.23.55.32 for /example
2009-02-13T15:33:44.726534 Started database query for table users
2019-02-13T15:33:44.038472 Completed database query for table users
2019-02-13T15:33:43.234543 Received request from 102.23.55.32 for /example
2018-02-13T15:33:44.726534 Started database query for table users
2019-02-13T15:33:44.038472 Completed database query for table users
2019-02-13T15:33:43.234543 Received request from 102.23.55.32 for /example
2012-02-13T15:33:44.726534 Started database query for table users
2019-02-13T15:33:44.038472 Completed database query for table users
2019-02-13T15:33:43.234543 Received request from 102.23.55.32 for /example
2019-02-13T15:33:44.726534 Started database query for table users
2019-02-13T15:33:44.038472 Completed database query for table users
2015-02-13T15:33:43.234543 Received request from 102.23.55.32 for /example
2019-02-13T15:33:44.726534 Started database query for table users
2019-02-13T15:33:44.038472 Completed database query for table users
2019-02-13T15:33:43.234543 Received request from 102.23.55.32 for /example
2019-02-13T15:33:44.726534 Started database query for table users
2019-02-13T15:33:44.038472 Completed database query for table users
2019-02-13T15:33:43.234543 Received request from 102.23.55.32 for /example
2019-02-13T15:33:44.726534 Started database query for table users
2019-02-13T15:33:44.038472 Completed database query for table users
2019-02-13T15:33:43.234543 Received request from 102.23.55.32 for /example
2019-02-13T15:33:44.726534 Started database query for table users
2019-02-13T15:33:44.038472 Completed database query for table users
2019-02-13T15:33:43.234543 Received request from 102.23.55.32 for /example
2019-02-13T15:33:44.726534 Started database query for table users
2019-02-13T15:33:44.038472 Completed database query for table users
2019-02-13T15:33:43.234543 Received request from 102.23.55.32 for /example
2019-02-13T15:33:44.726534 Started database query for table users
2019-02-13T15:33:44.038472 Completed database query for table users
2019-02-13T15:33:43.234543 Received request from 102.23.55.32 for /example
2019-02-13T15:33:44.726534 Started database query for table users
2019-02-13T15:33:44.038472 Completed database query for table users
2019-02-13T15:33:43.234543 Received request from 102.23.55.32 for /example
2019-02-13T15:33:44.726534 Started database query for table users
2019-02-13T15:33:44.038472 Completed database query for table users
2019-02-13T15:33:43.234543 Received request from 102.23.55.32 for /example
2006-02-13T15:33:44.726534 Started database query for table users
2019-02-13T15:33:44.038472 Completed database query for table users
2019-02-13T15:33:43.234543 Received request from 102.23.55.32 for /example
2009-02-13T15:33:44.726534 Started database query for table users
2019-02-13T15:33:44.038472 Completed database query for table users
2019-02-13T15:33:43.234543 Received request from 102.23.55.32 for /example
2018-02-13T15:33:44.726534 Started database query for table users
2019-02-13T15:33:44.038472 Completed database query for table users
2019-02-13T15:33:43.234543 Received request from 102.23.55.32 for /example
2012-02-13T15:33:44.726534 Started database query for table users
2019-02-13T15:33:44.038472 Completed database query for table users
2019-02-13T15:33:43.234543 Received request from 102.23.55.32 for /example
2019-02-13T15:33:44.726534 Started database query for table users
2019-02-13T15:33:44.038472 Completed database query for table users
2015-02-13T15:33:43.234543 Received request from 102.23.55.32 for /example
2019-02-13T15:33:44.726534 Started database query for table users
2019-02-13T15:33:44.038472 Completed database query for table users
2019-02-13T15:33:43.234543 Received request from 102.23.55.32 for /example
2019-02-13T15:33:44.726534 Started database query for table users
2019-02-13T15:33:44.038472 Completed database query for table users
2019-02-13T15:33:43.234543 Received request from 102.23.55.32 for /example
2019-02-13T15:33:44.726534 Started database query for table users
2019-02-13T15:33:44.038472 Completed database query for table users
2019-02-13T15:33:43.234543 Received request from 102.23.55.32 for /example
2019-02-13T15:33:44.726534 Started database query for table users
2019-02-13T15:33:44.038472 Completed database query for table users
2019-02-13T15:33:43.234543 Received request from 102.23.55.32 for /example
2019-02-13T15:33:44.726534 Started database query for table users
2019-02-13T15:33:44.038472 Completed database query for table users
2019-02-13T15:33:43.234543 Received request from 102.23.55.32 for /example
2019-02-13T15:33:44.726534 Started database query for table users
2019-02-13T15:33:44.038472 Completed database query for table users
2019-02-13T15:33:43.234543 Received request from 102.23.55.32 for /example
2019-02-13T15:33:44.726534 Started database query for table users
2019-02-13T15:33:44.038472 Completed database query for table users
2019-02-13T15:33:43.234543 Received request from 102.23.55.32 for /example
2019-02-13T15:33:44.726534 Started database query for table users
2019-02-13T15:33:44.038472 Completed database query for table users
2019-02-13T15:33:43.234543 Received request from 102.23.55.32 for /example
2006-02-13T15:33:44.726534 Started database query for table users
2019-02-13T15:33:44.038472 Completed database query for table users
2019-02-13T15:33:43.234543 Received request from 102.23.55.32 for /example
2009-02-13T15:33:44.726534 Started database query for table users
2019-02-13T15:33:44.038472 Completed database query for table users
2019-02-13T15:33:43.234543 Received request from 102.23.55.32 for /example
2018-02-13T15:33:44.726534 Started database query for table users
2019-02-13T15:33:44.038472 Completed database query for table users
2019-02-13T15:33:43.234543 Received request from 102.23.55.32 for /example
2012-02-13T15:33:44.726534 Started database query for table users
2019-02-13T15:33:44.038472 Completed database query for table users
2019-02-13T15:33:43.234543 Received request from 102.23.55.32 for /example
2019-02-13T15:33:44.726534 Started database query for table users
2019-02-13T15:33:44.038472 Completed database query for table users
2015-02-13T15:33:43.234543 Received request from 102.23.55.32 for /example
2019-02-13T15:33:44.726534 Started database query for table users
2019-02-13T15:33:44.038472 Completed database query for table users
2019-02-13T15:33:43.234543 Received request from 102.23.55.32 for /example
2019-02-13T15:33:44.726534 Started database query for table users
2019-02-13T15:33:44.038472 Completed database query for table users
2019-02-13T15:33:43.234543 Received request from 102.23.55.32 for /example
2019-02-13T15:33:44.726534 Started database query for table users
2019-02-13T15:33:44.038472 Completed database query for table users
2019-02-13T15:33:43.234543 Received request from 102.23.55.32 for /example
2019-02-13T15:33:44.726534 Started database query for table users
2019-02-13T15:33:44.038472 Completed database query for table users
2019-02-13T15:33:43.234543 Received request from 102.23.55.32 for /example
2019-02-13T15:33:44.726534 Started database query for table users
2019-02-13T15:33:44.038472 Completed database query for table users
2019-02-13T15:33:43.234543 Received request from 102.23.55.32 for /example
2019-02-13T15:33:44.726534 Started database query for table users
2019-02-13T15:33:44.038472 Completed database query for table users
2019-02-13T15:33:43.234543 Received request from 102.23.55.32 for /example
2019-02-13T15:33:44.726534 Started database query for table users
2019-02-13T15:33:44.038472 Completed database query for table users
2019-02-13T15:33:43.234543 Received request from 102.23.55.32 for /example
2019-02-13T15:33:44.726534 Started database query for table users
2019-02-13T15:33:44.038472 Completed database query for table users
2019-02-13T15:33:43.234543 Received request from 102.23.55.32 for /example
2006-02-13T15:33:44.726534 Started database query for table users
2019-02-13T15:33:44.038472 Completed database query for table users
2019-02-13T15:33:43.234543 Received request from 102.23.55.32 for /example
2009-02-13T15:33:44.726534 Started database query for table users
2019-02-13T15:33:44.038472 Completed database query for table users
2019-02-13T15:33:43.234543 Received request from 102.23.55.32 for /example
2018-02-13T15:33:44.726534 Started database query for table users
2019-02-13T15:33:44.038472 Completed database query for table users
2019-02-13T15:33:43.234543 Received request from 102.23.55.32 for /example
2012-02-13T15:33:44.726534 Started database query for table users
2019-02-13T15:33:44.038472 Completed database query for table users
2019-02-13T15:33:43.234543 Received request from 102.23.55.32 for /example
2019-02-13T15:33:44.726534 Started database query for table users
2019-02-13T15:33:44.038472 Completed database query for table users
2015-02-13T15:33:43.234543 Received request from 102.23.55.32 for /example
2019-02-13T15:33:44.726534 Started database query for table users
2019-02-13T15:33:44.038472 Completed database query for table users
2019-02-13T15:33:43.234543 Received request from 102.23.55.32 for /example
2019-02-13T15:33:44.726534 Started database query for table users
2019-02-13T15:33:44.038472 Completed database query for table users
2019-02-13T15:33:43.234543 Received request from 102.23.55.32 for /example
2019-02-13T15:33:44.726534 Started database query for table users
2019-02-13T15:33:44.038472 Completed database query for table users
2019-02-13T15:33:43.234543 Received request from 102.23.55.32 for /example
2019-02-13T15:33:44.726534 Started database query for table users
2019-02-13T15:33:44.038472 Completed database query for table users
2019-02-13T15:33:43.234543 Received request from 102.23.55.32 for /example
2019-02-13T15:33:44.726534 Started database query for table users
2019-02-13T15:33:44.038472 Completed database query for table users
2019-02-13T15:33:43.234543 Received request from 102.23.55.32 for /example
2019-02-13T15:33:44.726534 Started database query for table users
2019-02-13T15:33:44.038472 Completed database query for table users
2019-02-13T15:33:43.234543 Received request from 102.23.55.32 for /example
2019-02-13T15:33:44.726534 Started database query for table users
2019-02-13T15:33:44.038472 Completed database query for table users
2019-02-13T15:33:43.234543 Received request from 102.23.55.32 for /example
2019-02-13T15:33:44.726534 Started database query for table users
2019-02-13T15:33:44.038472 Completed database query for table users
2019-02-13T15:33:43.234543 Received request from 102.23.55.32 for /example
2006-02-13T15:33:44.726534 Started database query for table users
2019-02-13T15:33:44.038472 Completed database query for table users
2019-02-13T15:33:43.234543 Received request from 102.23.55.32 for /example
2009-02-13T15:33:44.726534 Started database query for table users
2019-02-13T15:33:44.038472 Completed database query for table users
2019-02-13T15:33:43.234543 Received request from 102.23.55.32 for /example
2018-02-13T15:33:44.726534 Started database query for table users
2019-02-13T15:33:44.038472 Completed database query for table users
2019-02-13T15:33:43.234543 Received request from 102.23.55.32 for /example
2012-02-13T15:33:44.726534 Started database query for table users
2019-02-13T15:33:44.038472 Completed database query for table users
2019-02-13T15:33:43.234543 Received request from 102.23.55.32 for /example
2019-02-13T15:33:44.726534 Started database query for table users
2019-02-13T15:33:44.038472 Completed database query for table users
2015-02-13T15:33:43.234543 Received request from 102.23.55.32 for /example
2019-02-13T15:33:44.726534 Started database query for table users
2019-02-13T15:33:44.038472 Completed database query for table users
2019-02-13T15:33:43.234543 Received request from 102.23.55.32 for /example
2019-02-13T15:33:44.726534 Started database query for table users
2019-02-13T15:33:44.038472 Completed database query for table users
2019-02-13T15:33:43.234543 Received request from 102.23.55.32 for /example
2019-02-13T15:33:44.726534 Started database query for table users
2019-02-13T15:33:44.038472 Completed database query for table users
2019-02-13T15:33:43.234543 Received request from 102.23.55.32 for /example
2019-02-13T15:33:44.726534 Started database query for table users
2019-02-13T15:33:44.038472 Completed database query for table users
2019-02-13T15:33:43.234543 Received request from 102.23.55.32 for /example
2019-02-13T15:33:44.726534 Started database query for table users
2019-02-13T15:33:44.038472 Completed database query for table users
2019-02-13T15:33:43.234543 Received request from 102.23.55.32 for /example
2019-02-13T15:33:44.726534 Started database query for table users
2019-02-13T15:33:44.038472 Completed database query for table users
2019-02-13T15:33:43.234543 Received request from 102.23.55.32 for /example
2019-02-13T15:33:44.726534 Started database query for table users
2019-02-13T15:33:44.038472 Completed database query for table users
2019-02-13T15:33:43.234543 Received request from 102.23.55.32 for /example
2019-02-13T15:33:44.726534 Started database query for table users
2019-02-13T15:33:44.038472 Completed database query for table users
2019-02-13T15:33:43.234543 Received request from 102.23.55.32 for /example
2006-02-13T15:33:44.726534 Started database query for table users
2019-02-13T15:33:44.038472 Completed database query for table users
2019-02-13T15:33:43.234543 Received request from 102.23.55.32 for /example
2009-02-13T15:33:44.726534 Started database query for table users
2019-02-13T15:33:44.038472 Completed database query for table users
2019-02-13T15:33:43.234543 Received request from 102.23.55.32 for /example
2018-02-13T15:33:44.726534 Started database query for table users
2019-02-13T15:33:44.038472 Completed database query for table users
2019-02-13T15:33:43.234543 Received request from 102.23.55.32 for /example
2012-02-13T15:33:44.726534 Started database query for table users
2019-02-13T15:33:44.038472 Completed database query for table users
2019-02-13T15:33:43.234543 Received request from 102.23.55.32 for /example
2019-02-13T15:33:44.726534 Started database query for table users
2019-02-13T15:33:44.038472 Completed database query for table users
2015-02-13T15:33:43.234543 Received request from 102.23.55.32 for /example
2019-02-13T15:33:44.726534 Started database query for table users
2019-02-13T15:33:44.038472 Completed database query for table users
2019-02-13T15:33:43.234543 Received request from 102.23.55.32 for /example
2019-02-13T15:33:44.726534 Started database query for table users
2019-02-13T15:33:44.038472 Completed database query for table users
2019-02-13T15:33:43.234543 Received request from 102.23.55.32 for /example
2019-02-13T15:33:44.726534 Started database query for table users
2019-02-13T15:33:44.038472 Completed database query for table users
2019-02-13T15:33:43.234543 Received request from 102.23.55.32 for /example
2019-02-13T15:33:44.726534 Started database query for table users
2019-02-13T15:33:44.038472 Completed database query for table users
2019-02-13T15:33:43.234543 Received request from 102.23.55.32 for /example
2019-02-13T15:33:44.726534 Started database query for table users
2019-02-13T15:33:44.038472 Completed database query for table users
2019-02-13T15:33:43.234543 Received request from 102.23.55.32 for /example
2019-02-13T15:33:44.726534 Started database query for table users
2019-02-13T15:33:44.038472 Completed database query for table users
2019-02-13T15:33:43.234543 Received request from 102.23.55.32 for /example
2019-02-13T15:33:44.726534 Started database query for table users
2019-02-13T15:33:44.038472 Completed database query for table users
2019-02-13T15:33:43.234543 Received request from 102.23.55.32 for /example
2019-02-13T15:33:44.726534 Started database query for table users
2019-02-13T15:33:44.038472 Completed database query for table users
2019-02-13T15:33:43.234543 Received request from 102.23.55.32 for /example
2006-02-13T15:33:44.726534 Started database query for table users
2019-02-13T15:33:44.038472 Completed database query for table users
2019-02-13T15:33:43.234543 Received request from 102.23.55.32 for /example
2009-02-13T15:33:44.726534 Started database query for table users
2019-02-13T15:33:44.038472 Completed database query for table users
2019-02-13T15:33:43.234543 Received request from 102.23.55.32 for /example
2018-02-13T15:33:44.726534 Started database query for table users
2019-02-13T15:33:44.038472 Completed database query for table users
2019-02-13T15:33:43.234543 Received request from 102.23.55.32 for /example
2012-02-13T15:33:44.726534 Started database query for table users
2019-02-13T15:33:44.038472 Completed database query for table users
2019-02-13T15:33:43.234543 Received request from 102.23.55.32 for /example
2019-02-13T15:33:44.726534 Started database query for table users
2019-02-13T15:33:44.038472 Completed database query for table users
2015-02-13T15:33:43.234543 Received request from 102.23.55.32 for /example
2019-02-13T15:33:44.726534 Started database query for table users
2019-02-13T15:33:44.038472 Completed database query for table users
2019-02-13T15:33:43.234543 Received request from 102.23.55.32 for /example
2019-02-13T15:33:44.726534 Started database query for table users
2019-02-13T15:33:44.038472 Completed database query for table users
2019-02-13T15:33:43.234543 Received request from 102.23.55.32 for /example
2019-02-13T15:33:44.726534 Started database query for table users
2019-02-13T15:33:44.038472 Completed database query for table users
2019-02-13T15:33:43.234543 Received request from 102.23.55.32 for /example
2019-02-13T15:33:44.726534 Started database query for table users
2019-02-13T15:33:44.038472 Completed database query for table users
2019-02-13T15:33:43.234543 Received request from 102.23.55.32 for /example
2019-02-13T15:33:44.726534 Started database query for table users
2019-02-13T15:33:44.038472 Completed database query for table users
2019-02-13T15:33:43.234543 Received request from 102.23.55.32 for /example
2019-02-13T15:33:44.726534 Started database query for table users
2019-02-13T15:33:44.038472 Completed database query for table users
2019-02-13T15:33:43.234543 Received request from 102.23.55.32 for /example
2019-02-13T15:33:44.726534 Started database query for table users
2019-02-13T15:33:44.038472 Completed database query for table users
2019-02-13T15:33:43.234543 Received request from 102.23.55.32 for /example
2019-02-13T15:33:44.726534 Started database query for table users
2019-02-13T15:33:44.038472 Completed database query for table users
2019-02-13T15:33:43.234543 Received request from 102.23.55.32 for /example
2006-02-13T15:33:44.726534 Started database query for table users
2019-02-13T15:33:44.038472 Completed database query for table users
2019-02-13T15:33:43.234543 Received request from 102.23.55.32 for /example
2009-02-13T15:33:44.726534 Started database query for table users
2019-02-13T15:33:44.038472 Completed database query for table users
2019-02-13T15:33:43.234543 Received request from 102.23.55.32 for /example
2018-02-13T15:33:44.726534 Started database query for table users
2019-02-13T15:33:44.038472 Completed database query for table users
2019-02-13T15:33:43.234543 Received request from 102.23.55.32 for /example
2012-02-13T15:33:44.726534 Started database query for table users
2019-02-13T15:33:44.038472 Completed database query for table users
2019-02-13T15:33:43.234543 Received request from 102.23.55.32 for /example
2019-02-13T15:33:44.726534 Started database query for table users
2019-02-13T15:33:44.038472 Completed database query for table users
2015-02-13T15:33:43.234543 Received request from 102.23.55.32 for /example
2019-02-13T15:33:44.726534 Started database query for table users
2019-02-13T15:33:44.038472 Completed database query for table users
2019-02-13T15:33:43.234543 Received request from 102.23.55.32 for /example
2019-02-13T15:33:44.726534 Started database query for table users
2019-02-13T15:33:44.038472 Completed database query for table users
2019-02-13T15:33:43.234543 Received request from 102.23.55.32 for /example
2019-02-13T15:33:44.726534 Started database query for table users
2019-02-13T15:33:44.038472 Completed database query for table users
2019-02-13T15:33:43.234543 Received request from 102.23.55.32 for /example
2019-02-13T15:33:44.726534 Started database query for table users
2019-02-13T15:33:44.038472 Completed database query for table users
2019-02-13T15:33:43.234543 Received request from 102.23.55.32 for /example
2019-02-13T15:33:44.726534 Started database query for table users
2019-02-13T15:33:44.038472 Completed database query for table users
2019-02-13T15:33:43.234543 Received request from 102.23.55.32 for /example
2019-02-13T15:33:44.726534 Started database query for table users
2019-02-13T15:33:44.038472 Completed database query for table users
2019-02-13T15:33:43.234543 Received request from 102.23.55.32 for /example
2019-02-13T15:33:44.726534 Started database query for table users
2019-02-13T15:33:44.038472 Completed database query for table users
2019-02-13T15:33:43.234543 Received request from 102.23.55.32 for /example
2019-02-13T15:33:44.726534 Started database query for table users
2019-02-13T15:33:44.038472 Completed database query for table users
2019-02-13T15:33:43.234543 Received request from 102.23.55.32 for /example
2006-02-13T15:33:44.726534 Started database query for table users
2019-02-13T15:33:44.038472 Completed database query for table users
2019-02-13T15:33:43.234543 Received request from 102.23.55.32 for /example
2009-02-13T15:33:44.726534 Started database query for table users
2019-02-13T15:33:44.038472 Completed database query for table users
2019-02-13T15:33:43.234543 Received request from 102.23.55.32 for /example
2018-02-13T15:33:44.726534 Started database query for table users
2019-02-13T15:33:44.038472 Completed database query for table users
2019-02-13T15:33:43.234543 Received request from 102.23.55.32 for /example
2012-02-13T15:33:44.726534 Started database query for table users
2019-02-13T15:33:44.038472 Completed database query for table users
2019-02-13T15:33:43.234543 Received request from 102.23.55.32 for /example
2019-02-13T15:33:44.726534 Started database query for table users
2019-02-13T15:33:44.038472 Completed database query for table users
2015-02-13T15:33:43.234543 Received request from 102.23.55.32 for /example
2019-02-13T15:33:44.726534 Started database query for table users
2019-02-13T15:33:44.038472 Completed database query for table users
2019-02-13T15:33:43.234543 Received request from 102.23.55.32 for /example
2019-02-13T15:33:44.726534 Started database query for table users
2019-02-13T15:33:44.038472 Completed database query for table users
2019-02-13T15:33:43.234543 Received request from 102.23.55.32 for /example
2019-02-13T15:33:44.726534 Started database query for table users
2019-02-13T15:33:44.038472 Completed database query for table users
2019-02-13T15:33:43.234543 Received request from 102.23.55.32 for /example
2019-02-13T15:33:44.726534 Started database query for table users
2019-02-13T15:33:44.038472 Completed database query for table users
2019-02-13T15:33:43.234543 Received request from 102.23.55.32 for /example
2019-02-13T15:33:44.726534 Started database query for table users
2019-02-13T15:33:44.038472 Completed database query for table users
2019-02-13T15:33:43.234543 Received request from 102.23.55.32 for /example
2019-02-13T15:33:44.726534 Started database query for table users
2019-02-13T15:33:44.038472 Completed database query for table users
2019-02-13T15:33:43.234543 Received request from 102.23.55.32 for /example
2019-02-13T15:33:44.726534 Started database query for table users
2019-02-13T15:33:44.038472 Completed database query for table users
2019-02-13T15:33:43.234543 Received request from 102.23.55.32 for /example
2019-02-13T15:33:44.726534 Started database query for table users
2019-02-13T15:33:44.038472 Completed database query for table users
2019-02-13T15:33:43.234543 Received request from 102.23.55.32 for /example
2006-02-13T15:33:44.726534 Started database query for table users
2019-02-13T15:33:44.038472 Completed database query for table users
2019-02-13T15:33:43.234543 Received request from 102.23.55.32 for /example
2009-02-13T15:33:44.726534 Started database query for table users
2019-02-13T15:33:44.038472 Completed database query for table users
2019-02-13T15:33:43.234543 Received request from 102.23.55.32 for /example
2018-02-13T15:33:44.726534 Started database query for table users
2019-02-13T15:33:44.038472 Completed database query for table users
2019-02-13T15:33:43.234543 Received request from 102.23.55.32 for /example
2012-02-13T15:33:44.726534 Started database query for table users
2019-02-13T15:33:44.038472 Completed database query for table users
2019-02-13T15:33:43.234543 Received request from 102.23.55.32 for /example
2019-02-13T15:33:44.726534 Started database query for table users
2019-02-13T15:33:44.038472 Completed database query for table users
2015-02-13T15:33:43.234543 Received request from 102.23.55.32 for /example
2019-02-13T15:33:44.726534 Started database query for table users
2019-02-13T15:33:44.038472 Completed database query for table users
2019-02-13T15:33:43.234543 Received request from 102.23.55.32 for /example
2019-02-13T15:33:44.726534 Started database query for table users
2019-02-13T15:33:44.038472 Completed database query for table users
2019-02-13T15:33:43.234543 Received request from 102.23.55.32 for /example
2019-02-13T15:33:44.726534 Started database query for table users
2019-02-13T15:33:44.038472 Completed database query for table users
2019-02-13T15:33:43.234543 Received request from 102.23.55.32 for /example
2019-02-13T15:33:44.726534 Started database query for table users
2019-02-13T15:33:44.038472 Completed database query for table users
2019-02-13T15:33:43.234543 Received request from 102.23.55.32 for /example
2019-02-13T15:33:44.726534 Started database query for table users
2019-02-13T15:33:44.038472 Completed database query for table users
2019-02-13T15:33:43.234543 Received request from 102.23.55.32 for /example
2019-02-13T15:33:44.726534 Started database query for table users
2019-02-13T15:33:44.038472 Completed database query for table users
2019-02-13T15:33:43.234543 Received request from 102.23.55.32 for /example
2019-02-13T15:33:44.726534 Started database query for table users
2019-02-13T15:33:44.038472 Completed database query for table users
2019-02-13T15:33:43.234543 Received request from 102.23.55.32 for /example
2019-02-13T15:33:44.726534 Started database query for table users
2019-02-13T15:33:44.038472 Completed database query for table users
2019-02-13T15:33:43.234543 Received request from 102.23.55.32 for /example
2006-02-13T15:33:44.726534 Started database query for table users
2019-02-13T15:33:44.038472 Completed database query for table users
2019-02-13T15:33:43.234543 Received request from 102.23.55.32 for /example
2009-02-13T15:33:44.726534 Started database query for table users
2019-02-13T15:33:44.038472 Completed database query for table users
2019-02-13T15:33:43.234543 Received request from 102.23.55.32 for /example
2018-02-13T15:33:44.726534 Started database query for table users
2019-02-13T15:33:44.038472 Completed database query for table users
2019-02-13T15:33:43.234543 Received request from 102.23.55.32 for /example
2012-02-13T15:33:44.726534 Started database query for table users
2019-02-13T15:33:44.038472 Completed database query for table users
2019-02-13T15:33:43.234543 Received request from 102.23.55.32 for /example
2019-02-13T15:33:44.726534 Started database query for table users
2019-02-13T15:33:44.038472 Completed database query for table users
2015-02-13T15:33:43.234543 Received request from 102.23.55.32 for /example
2019-02-13T15:33:44.726534 Started database query for table users
2019-02-13T15:33:44.038472 Completed database query for table users
2019-02-13T15:33:43.234543 Received request from 102.23.55.32 for /example
2019-02-13T15:33:44.726534 Started database query for table users
2019-02-13T15:33:44.038472 Completed database query for table users
2019-02-13T15:33:43.234543 Received request from 102.23.55.32 for /example
2019-02-13T15:33:44.726534 Started database query for table users
2019-02-13T15:33:44.038472 Completed database query for table users
2019-02-13T15:33:43.234543 Received request from 102.23.55.32 for /example
2019-02-13T15:33:44.726534 Started database query for table users
2019-02-13T15:33:44.038472 Completed database query for table users
2019-02-13T15:33:43.234543 Received request from 102.23.55.32 for /example
2019-02-13T15:33:44.726534 Started database query for table users
2019-02-13T15:33:44.038472 Completed database query for table users
2019-02-13T15:33:43.234543 Received request from 102.23.55.32 for /example
2019-02-13T15:33:44.726534 Started database query for table users
2019-02-13T15:33:44.038472 Completed database query for table users
2019-02-13T15:33:43.234543 Received request from 102.23.55.32 for /example
2019-02-13T15:33:44.726534 Started database query for table users
2019-02-13T15:33:44.038472 Completed database query for table users
2019-02-13T15:33:43.234543 Received request from 102.23.55.32 for /example
2019-02-13T15:33:44.726534 Started database query for table users
2019-02-13T15:33:44.038472 Completed database query for table users
2019-02-13T15:33:43.234543 Received request from 102.23.55.32 for /example
2006-02-13T15:33:44.726534 Started database query for table users
2019-02-13T15:33:44.038472 Completed database query for table users
2019-02-13T15:33:43.234543 Received request from 102.23.55.32 for /example
2009-02-13T15:33:44.726534 Started database query for table users
2019-02-13T15:33:44.038472 Completed database query for table users
2019-02-13T15:33:43.234543 Received request from 102.23.55.32 for /example
2018-02-13T15:33:44.726534 Started database query for table users
2019-02-13T15:33:44.038472 Completed database query for table users
2019-02-13T15:33:43.234543 Received request from 102.23.55.32 for /example
2012-02-13T15:33:44.726534 Started database query for table users
2019-02-13T15:33:44.038472 Completed database query for table users
2019-02-13T15:33:43.234543 Received request from 102.23.55.32 for /example
2019-02-13T15:33:44.726534 Started database query for table users
2019-02-13T15:33:44.038472 Completed database query for table users
2015-02-13T15:33:43.234543 Received request from 102.23.55.32 for /example
2019-02-13T15:33:44.726534 Started database query for table users
2019-02-13T15:33:44.038472 Completed database query for table users
2019-02-13T15:33:43.234543 Received request from 102.23.55.32 for /example
2019-02-13T15:33:44.726534 Started database query for table users
2019-02-13T15:33:44.038472 Completed database query for table users
2019-02-13T15:33:43.234543 Received request from 102.23.55.32 for /example
2019-02-13T15:33:44.726534 Started database query for table users
2019-02-13T15:33:44.038472 Completed database query for table users
2019-02-13T15:33:43.234543 Received request from 102.23.55.32 for /example
2019-02-13T15:33:44.726534 Started database query for table users
2019-02-13T15:33:44.038472 Completed database query for table users
2019-02-13T15:33:43.234543 Received request from 102.23.55.32 for /example
2019-02-13T15:33:44.726534 Started database query for table users
2019-02-13T15:33:44.038472 Completed database query for table users
2019-02-13T15:33:43.234543 Received request from 102.23.55.32 for /example
2019-02-13T15:33:44.726534 Started database query for table users
2019-02-13T15:33:44.038472 Completed database query for table users
2019-02-13T15:33:43.234543 Received request from 102.23.55.32 for /example
2019-02-13T15:33:44.726534 Started database query for table users
2019-02-13T15:33:44.038472 Completed database query for table users
2019-02-13T15:33:43.234543 Received request from 102.23.55.32 for /example
2019-02-13T15:33:44.726534 Started database query for table users
2019-02-13T15:33:44.038472 Completed database query for table users
2019-02-13T15:33:43.234543 Received request from 102.23.55.32 for /example
2006-02-13T15:33:44.726534 Started database query for table users
2019-02-13T15:33:44.038472 Completed database query for table users
2019-02-13T15:33:43.234543 Received request from 102.23.55.32 for /example
2009-02-13T15:33:44.726534 Started database query for table users
2019-02-13T15:33:44.038472 Completed database query for table users
2019-02-13T15:33:43.234543 Received request from 102.23.55.32 for /example
2018-02-13T15:33:44.726534 Started database query for table users
2019-02-13T15:33:44.038472 Completed database query for table users
2019-02-13T15:33:43.234543 Received request from 102.23.55.32 for /example
2012-02-13T15:33:44.726534 Started database query for table users
2019-02-13T15:33:44.038472 Completed database query for table users
2019-02-13T15:33:43.234543 Received request from 102.23.55.32 for /example
2019-02-13T15:33:44.726534 Started database query for table users
2019-02-13T15:33:44.038472 Completed database query for table users
2015-02-13T15:33:43.234543 Received request from 102.23.55.32 for /example
2019-02-13T15:33:44.726534 Started database query for table users
2019-02-13T15:33:44.038472 Completed database query for table users
2019-02-13T15:33:43.234543 Received request from 102.23.55.32 for /example
2019-02-13T15:33:44.726534 Started database query for table users
2019-02-13T15:33:44.038472 Completed database query for table users
2019-02-13T15:33:43.234543 Received request from 102.23.55.32 for /example
2019-02-13T15:33:44.726534 Started database query for table users
2019-02-13T15:33:44.038472 Completed database query for table users
2019-02-13T15:33:43.234543 Received request from 102.23.55.32 for /example
2019-02-13T15:33:44.726534 Started database query for table users
2019-02-13T15:33:44.038472 Completed database query for table users
2019-02-13T15:33:43.234543 Received request from 102.23.55.32 for /example
2019-02-13T15:33:44.726534 Started database query for table users
2019-02-13T15:33:44.038472 Completed database query for table users
2019-02-13T15:33:43.234543 Received request from 102.23.55.32 for /example
2019-02-13T15:33:44.726534 Started database query for table users
2019-02-13T15:33:44.038472 Completed database query for table users
2019-02-13T15:33:43.234543 Received request from 102.23.55.32 for /example
2019-02-13T15:33:44.726534 Started database query for table users
2019-02-13T15:33:44.038472 Completed database query for table users
2019-02-13T15:33:43.234543 Received request from 102.23.55.32 for /example
2019-02-13T15:33:44.726534 Started database query for table users
2019-02-13T15:33:44.038472 Completed database query for table users
2019-02-13T15:33:43.234543 Received request from 102.23.55.32 for /example
2006-02-13T15:33:44.726534 Started database query for table users
2019-02-13T15:33:44.038472 Completed database query for table users
2019-02-13T15:33:43.234543 Received request from 102.23.55.32 for /example
2009-02-13T15:33:44.726534 Started database query for table users
2019-02-13T15:33:44.038472 Completed database query for table users
2019-02-13T15:33:43.234543 Received request from 102.23.55.32 for /example
2018-02-13T15:33:44.726534 Started database query for table users
2019-02-13T15:33:44.038472 Completed database query for table users
2019-02-13T15:33:43.234543 Received request from 102.23.55.32 for /example
2012-02-13T15:33:44.726534 Started database query for table users
2019-02-13T15:33:44.038472 Completed database query for table users
2019-02-13T15:33:43.234543 Received request from 102.23.55.32 for /example
2019-02-13T15:33:44.726534 Started database query for table users
2019-02-13T15:33:44.038472 Completed database query for table users
2015-02-13T15:33:43.234543 Received request from 102.23.55.32 for /example
2019-02-13T15:33:44.726534 Started database query for table users
2019-02-13T15:33:44.038472 Completed database query for table users
2019-02-13T15:33:43.234543 Received request from 102.23.55.32 for /example
2019-02-13T15:33:44.726534 Started database query for table users
2019-02-13T15:33:44.038472 Completed database query for table users
2019-02-13T15:33:43.234543 Received request from 102.23.55.32 for /example
2019-02-13T15:33:44.726534 Started database query for table users
2019-02-13T15:33:44.038472 Completed database query for table users
2019-02-13T15:33:43.234543 Received request from 102.23.55.32 for /example
2019-02-13T15:33:44.726534 Started database query for table users
2019-02-13T15:33:44.038472 Completed database query for table users
2019-02-13T15:33:43.234543 Received request from 102.23.55.32 for /example
2019-02-13T15:33:44.726534 Started database query for table users
2019-02-13T15:33:44.038472 Completed database query for table users
2019-02-13T15:33:43.234543 Received request from 102.23.55.32 for /example
2019-02-13T15:33:44.726534 Started database query for table users
2019-02-13T15:33:44.038472 Completed database query for table users
2019-02-13T15:33:43.234543 Received request from 102.23.55.32 for /example
2019-02-13T15:33:44.726534 Started database query for table users
2019-02-13T15:33:44.038472 Completed database query for table users
2019-02-13T15:33:43.234543 Received request from 102.23.55.32 for /example
2019-02-13T15:33:44.726534 Started database query for table users
2019-02-13T15:33:44.038472 Completed database query for table users
2019-02-13T15:33:43.234543 Received request from 102.23.55.32 for /example
2006-02-13T15:33:44.726534 Started database query for table users
2019-02-13T15:33:44.038472 Completed database query for table users
2019-02-13T15:33:43.234543 Received request from 102.23.55.32 for /example
2009-02-13T15:33:44.726534 Started database query for table users
2019-02-13T15:33:44.038472 Completed database query for table users
2019-02-13T15:33:43.234543 Received request from 102.23.55.32 for /example
2018-02-13T15:33:44.726534 Started database query for table users
2019-02-13T15:33:44.038472 Completed database query for table users
2019-02-13T15:33:43.234543 Received request from 102.23.55.32 for /example
2012-02-13T15:33:44.726534 Started database query for table users
2019-02-13T15:33:44.038472 Completed database query for table users
2019-02-13T15:33:43.234543 Received request from 102.23.55.32 for /example
2019-02-13T15:33:44.726534 Started database query for table users
2019-02-13T15:33:44.038472 Completed database query for table users
2015-02-13T15:33:43.234543 Received request from 102.23.55.32 for /example
2019-02-13T15:33:44.726534 Started database query for table users
2019-02-13T15:33:44.038472 Completed database query for table users
2019-02-13T15:33:43.234543 Received request from 102.23.55.32 for /example
2019-02-13T15:33:44.726534 Started database query for table users
2019-02-13T15:33:44.038472 Completed database query for table users
2019-02-13T15:33:43.234543 Received request from 102.23.55.32 for /example
2019-02-13T15:33:44.726534 Started database query for table users
2019-02-13T15:33:44.038472 Completed database query for table users
2019-02-13T15:33:43.234543 Received request from 102.23.55.32 for /example
2019-02-13T15:33:44.726534 Started database query for table users
2019-02-13T15:33:44.038472 Completed database query for table users
2019-02-13T15:33:43.234543 Received request from 102.23.55.32 for /example
2019-02-13T15:33:44.726534 Started database query for table users
2019-02-13T15:33:44.038472 Completed database query for table users
2019-02-13T15:33:43.234543 Received request from 102.23.55.32 for /example
2019-02-13T15:33:44.726534 Started database query for table users
2019-02-13T15:33:44.038472 Completed database query for table users
2019-02-13T15:33:43.234543 Received request from 102.23.55.32 for /example
2019-02-13T15:33:44.726534 Started database query for table users
2019-02-13T15:33:44.038472 Completed database query for table users
2019-02-13T15:33:43.234543 Received request from 102.23.55.32 for /example
2019-02-13T15:33:44.726534 Started database query for table users
2019-02-13T15:33:44.038472 Completed database query for table users
2019-02-13T15:33:43.234543 Received request from 102.23.55.32 for /example
2006-02-13T15:33:44.726534 Started database query for table users
2019-02-13T15:33:44.038472 Completed database query for table users
2019-02-13T15:33:43.234543 Received request from 102.23.55.32 for /example
2009-02-13T15:33:44.726534 Started database query for table users
2019-02-13T15:33:44.038472 Completed database query for table users
2019-02-13T15:33:43.234543 Received request from 102.23.55.32 for /example
2018-02-13T15:33:44.726534 Started database query for table users
2019-02-13T15:33:44.038472 Completed database query for table users
2019-02-13T15:33:43.234543 Received request from 102.23.55.32 for /example
2012-02-13T15:33:44.726534 Started database query for table users
2019-02-13T15:33:44.038472 Completed database query for table users
2019-02-13T15:33:43.234543 Received request from 102.23.55.32 for /example
2019-02-13T15:33:44.726534 Started database query for table users
2019-02-13T15:33:44.038472 Completed database query for table users
2015-02-13T15:33:43.234543 Received request from 102.23.55.32 for /example
2019-02-13T15:33:44.726534 Started database query for table users
2019-02-13T15:33:44.038472 Completed database query for table users
2019-02-13T15:33:43.234543 Received request from 102.23.55.32 for /example
2019-02-13T15:33:44.726534 Started database query for table users
2019-02-13T15:33:44.038472 Completed database query for table users
2019-02-13T15:33:43.234543 Received request from 102.23.55.32 for /example
2019-02-13T15:33:44.726534 Started database query for table users
2019-02-13T15:33:44.038472 Completed database query for table users
2019-02-13T15:33:43.234543 Received request from 102.23.55.32 for /example
2019-02-13T15:33:44.726534 Started database query for table users
2019-02-13T15:33:44.038472 Completed database query for table users
2019-02-13T15:33:43.234543 Received request from 102.23.55.32 for /example
2019-02-13T15:33:44.726534 Started database query for table users
2019-02-13T15:33:44.038472 Completed database query for table users
2019-02-13T15:33:43.234543 Received request from 102.23.55.32 for /example
2019-02-13T15:33:44.726534 Started database query for table users
2019-02-13T15:33:44.038472 Completed database query for table users
2019-02-13T15:33:43.234543 Received request from 102.23.55.32 for /example
2019-02-13T15:33:44.726534 Started database query for table users
2019-02-13T15:33:44.038472 Completed database query for table users
2019-02-13T15:33:43.234543 Received request from 102.23.55.32 for /example
2019-02-13T15:33:44.726534 Started database query for table users
2019-02-13T15:33:44.038472 Completed database query for table users
2019-02-13T15:33:43.234543 Received request from 102.23.55.32 for /example
2006-02-13T15:33:44.726534 Started database query for table users
2019-02-13T15:33:44.038472 Completed database query for table users
2019-02-13T15:33:43.234543 Received request from 102.23.55.32 for /example
2009-02-13T15:33:44.726534 Started database query for table users
2019-02-13T15:33:44.038472 Completed database query for table users
2019-02-13T15:33:43.234543 Received request from 102.23.55.32 for /example
2018-02-13T15:33:44.726534 Started database query for table users
2019-02-13T15:33:44.038472 Completed database query for table users
2019-02-13T15:33:43.234543 Received request from 102.23.55.32 for /example
2012-02-13T15:33:44.726534 Started database query for table users
2019-02-13T15:33:44.038472 Completed database query for table users
2019-02-13T15:33:43.234543 Received request from 102.23.55.32 for /example
2019-02-13T15:33:44.726534 Started database query for table users
2019-02-13T15:33:44.038472 Completed database query for table users
2015-02-13T15:33:43.234543 Received request from 102.23.55.32 for /example
2019-02-13T15:33:44.726534 Started database query for table users
2019-02-13T15:33:44.038472 Completed database query for table users
2019-02-13T15:33:43.234543 Received request from 102.23.55.32 for /example
2019-02-13T15:33:44.726534 Started database query for table users
2019-02-13T15:33:44.038472 Completed database query for table users
2019-02-13T15:33:43.234543 Received request from 102.23.55.32 for /example
2019-02-13T15:33:44.726534 Started database query for table users
2019-02-13T15:33:44.038472 Completed database query for table users
2019-02-13T15:33:43.234543 Received request from 102.23.55.32 for /example
2019-02-13T15:33:44.726534 Started database query for table users
2019-02-13T15:33:44.038472 Completed database query for table users
2019-02-13T15:33:43.234543 Received request from 102.23.55.32 for /example
2019-02-13T15:33:44.726534 Started database query for table users
2019-02-13T15:33:44.038472 Completed database query for table users
2019-02-13T15:33:43.234543 Received request from 102.23.55.32 for /example
2019-02-13T15:33:44.726534 Started database query for table users
2019-02-13T15:33:44.038472 Completed database query for table users
2019-02-13T15:33:43.234543 Received request from 102.23.55.32 for /example
2019-02-13T15:33:44.726534 Started database query for table users
2019-02-13T15:33:44.038472 Completed database query for table users
2019-02-13T15:33:43.234543 Received request from 102.23.55.32 for /example
2019-02-13T15:33:44.726534 Started database query for table users
2019-02-13T15:33:44.038472 Completed database query for table users
2019-02-13T15:33:43.234543 Received request from 102.23.55.32 for /example
2006-02-13T15:33:44.726534 Started database query for table users
2019-02-13T15:33:44.038472 Completed database query for table users
2019-02-13T15:33:43.234543 Received request from 102.23.55.32 for /example
2009-02-13T15:33:44.726534 Started database query for table users
2019-02-13T15:33:44.038472 Completed database query for table users
2019-02-13T15:33:43.234543 Received request from 102.23.55.32 for /example
2018-02-13T15:33:44.726534 Started database query for table users
2019-02-13T15:33:44.038472 Completed database query for table users
2019-02-13T15:33:43.234543 Received request from 102.23.55.32 for /example
2012-02-13T15:33:44.726534 Started database query for table users
2019-02-13T15:33:44.038472 Completed database query for table users
2019-02-13T15:33:43.234543 Received request from 102.23.55.32 for /example
2019-02-13T15:33:44.726534 Started database query for table users
2019-02-13T15:33:44.038472 Completed database query for table users
2015-02-13T15:33:43.234543 Received request from 102.23.55.32 for /example
2019-02-13T15:33:44.726534 Started database query for table users
2019-02-13T15:33:44.038472 Completed database query for table users
2019-02-13T15:33:43.234543 Received request from 102.23.55.32 for /example
2019-02-13T15:33:44.726534 Started database query for table users
2019-02-13T15:33:44.038472 Completed database query for table users
2019-02-13T15:33:43.234543 Received request from 102.23.55.32 for /example
2019-02-13T15:33:44.726534 Started database query for table users
2019-02-13T15:33:44.038472 Completed database query for table users
2019-02-13T15:33:43.234543 Received request from 102.23.55.32 for /example
2019-02-13T15:33:44.726534 Started database query for table users
2019-02-13T15:33:44.038472 Completed database query for table users
2019-02-13T15:33:43.234543 Received request from 102.23.55.32 for /example
2019-02-13T15:33:44.726534 Started database query for table users
2019-02-13T15:33:44.038472 Completed database query for table users
2019-02-13T15:33:43.234543 Received request from 102.23.55.32 for /example
2019-02-13T15:33:44.726534 Started database query for table users
2019-02-13T15:33:44.038472 Completed database query for table users
2019-02-13T15:33:43.234543 Received request from 102.23.55.32 for /example
2019-02-13T15:33:44.726534 Started database query for table users
2019-02-13T15:33:44.038472 Completed database query for table users
2019-02-13T15:33:43.234543 Received request from 102.23.55.32 for /example
2019-02-13T15:33:44.726534 Started database query for table users
2019-02-13T15:33:44.038472 Completed database query for table users
2019-02-13T15:33:43.234543 Received request from 102.23.55.32 for /example
2006-02-13T15:33:44.726534 Started database query for table users
2019-02-13T15:33:44.038472 Completed database query for table users
2019-02-13T15:33:43.234543 Received request from 102.23.55.32 for /example
2009-02-13T15:33:44.726534 Started database query for table users
2019-02-13T15:33:44.038472 Completed database query for table users
2019-02-13T15:33:43.234543 Received request from 102.23.55.32 for /example
2018-02-13T15:33:44.726534 Started database query for table users
2019-02-13T15:33:44.038472 Completed database query for table users
2019-02-13T15:33:43.234543 Received request from 102.23.55.32 for /example
2012-02-13T15:33:44.726534 Started database query for table users
2019-02-13T15:33:44.038472 Completed database query for table users
2019-02-13T15:33:43.234543 Received request from 102.23.55.32 for /example
2019-02-13T15:33:44.726534 Started database query for table users
2019-02-13T15:33:44.038472 Completed database query for table users
2015-02-13T15:33:43.234543 Received request from 102.23.55.32 for /example
2019-02-13T15:33:44.726534 Started database query for table users
2019-02-13T15:33:44.038472 Completed database query for table users
2019-02-13T15:33:43.234543 Received request from 102.23.55.32 for /example
2019-02-13T15:33:44.726534 Started database query for table users
2019-02-13T15:33:44.038472 Completed database query for table users
2019-02-13T15:33:43.234543 Received request from 102.23.55.32 for /example
2019-02-13T15:33:44.726534 Started database query for table users
2019-02-13T15:33:44.038472 Completed database query for table users
2019-02-13T15:33:43.234543 Received request from 102.23.55.32 for /example
2019-02-13T15:33:44.726534 Started database query for table users
2019-02-13T15:33:44.038472 Completed database query for table users
2019-02-13T15:33:43.234543 Received request from 102.23.55.32 for /example
2019-02-13T15:33:44.726534 Started database query for table users
2019-02-13T15:33:44.038472 Completed database query for table users
2019-02-13T15:33:43.234543 Received request from 102.23.55.32 for /example
2019-02-13T15:33:44.726534 Started database query for table users
2019-02-13T15:33:44.038472 Completed database query for table users
2019-02-13T15:33:43.234543 Received request from 102.23.55.32 for /example
2019-02-13T15:33:44.726534 Started database query for table users
2019-02-13T15:33:44.038472 Completed database query for table users
2019-02-13T15:33:43.234543 Received request from 102.23.55.32 for /example
2019-02-13T15:33:44.726534 Started database query for table users
2019-02-13T15:33:44.038472 Completed database query for table users
2019-02-13T15:33:43.234543 Received request from 102.23.55.32 for /example
2006-02-13T15:33:44.726534 Started database query for table users
2019-02-13T15:33:44.038472 Completed database query for table users
2019-02-13T15:33:43.234543 Received request from 102.23.55.32 for /example
2009-02-13T15:33:44.726534 Started database query for table users
2019-02-13T15:33:44.038472 Completed database query for table users
2019-02-13T15:33:43.234543 Received request from 102.23.55.32 for /example
2018-02-13T15:33:44.726534 Started database query for table users
2019-02-13T15:33:44.038472 Completed database query for table users
2019-02-13T15:33:43.234543 Received request from 102.23.55.32 for /example
2012-02-13T15:33:44.726534 Started database query for table users
2019-02-13T15:33:44.038472 Completed database query for table users
2019-02-13T15:33:43.234543 Received request from 102.23.55.32 for /example
2019-02-13T15:33:44.726534 Started database query for table users
2019-02-13T15:33:44.038472 Completed database query for table users
2015-02-13T15:33:43.234543 Received request from 102.23.55.32 for /example
2019-02-13T15:33:44.726534 Started database query for table users
2019-02-13T15:33:44.038472 Completed database query for table users
2019-02-13T15:33:43.234543 Received request from 102.23.55.32 for /example
2019-02-13T15:33:44.726534 Started database query for table users
2019-02-13T15:33:44.038472 Completed database query for table users
2019-02-13T15:33:43.234543 Received request from 102.23.55.32 for /example
2019-02-13T15:33:44.726534 Started database query for table users
2019-02-13T15:33:44.038472 Completed database query for table users
2019-02-13T15:33:43.234543 Received request from 102.23.55.32 for /example
2019-02-13T15:33:44.726534 Started database query for table users
2019-02-13T15:33:44.038472 Completed database query for table users
2019-02-13T15:33:43.234543 Received request from 102.23.55.32 for /example
2019-02-13T15:33:44.726534 Started database query for table users
2019-02-13T15:33:44.038472 Completed database query for table users
2019-02-13T15:33:43.234543 Received request from 102.23.55.32 for /example
2019-02-13T15:33:44.726534 Started database query for table users
2019-02-13T15:33:44.038472 Completed database query for table users
2019-02-13T15:33:43.234543 Received request from 102.23.55.32 for /example
2019-02-13T15:33:44.726534 Started database query for table users
2019-02-13T15:33:44.038472 Completed database query for table users
2019-02-13T15:33:43.234543 Received request from 102.23.55.32 for /example
2019-02-13T15:33:44.726534 Started database query for table users
2019-02-13T15:33:44.038472 Completed database query for table users
2019-02-13T15:33:43.234543 Received request from 102.23.55.32 for /example
2006-02-13T15:33:44.726534 Started database query for table users
2019-02-13T15:33:44.038472 Completed database query for table users
2019-02-13T15:33:43.234543 Received request from 102.23.55.32 for /example
2009-02-13T15:33:44.726534 Started database query for table users
2019-02-13T15:33:44.038472 Completed database query for table users
2019-02-13T15:33:43.234543 Received request from 102.23.55.32 for /example
2018-02-13T15:33:44.726534 Started database query for table users
2019-02-13T15:33:44.038472 Completed database query for table users
2019-02-13T15:33:43.234543 Received request from 102.23.55.32 for /example
2012-02-13T15:33:44.726534 Started database query for table users
2019-02-13T15:33:44.038472 Completed database query for table users
2019-02-13T15:33:43.234543 Received request from 102.23.55.32 for /example
2019-02-13T15:33:44.726534 Started database query for table users
2019-02-13T15:33:44.038472 Completed database query for table users
2015-02-13T15:33:43.234543 Received request from 102.23.55.32 for /example
2019-02-13T15:33:44.726534 Started database query for table users
2019-02-13T15:33:44.038472 Completed database query for table users
2019-02-13T15:33:43.234543 Received request from 102.23.55.32 for /example
2019-02-13T15:33:44.726534 Started database query for table users
2019-02-13T15:33:44.038472 Completed database query for table users
2019-02-13T15:33:43.234543 Received request from 102.23.55.32 for /example
2019-02-13T15:33:44.726534 Started database query for table users
2019-02-13T15:33:44.038472 Completed database query for table users
2019-02-13T15:33:43.234543 Received request from 102.23.55.32 for /example
2019-02-13T15:33:44.726534 Started database query for table users
2019-02-13T15:33:44.038472 Completed database query for table users
2019-02-13T15:33:43.234543 Received request from 102.23.55.32 for /example
2019-02-13T15:33:44.726534 Started database query for table users
2019-02-13T15:33:44.038472 Completed database query for table users
2019-02-13T15:33:43.234543 Received request from 102.23.55.32 for /example
2019-02-13T15:33:44.726534 Started database query for table users
2019-02-13T15:33:44.038472 Completed database query for table users
2019-02-13T15:33:43.234543 Received request from 102.23.55.32 for /example
2019-02-13T15:33:44.726534 Started database query for table users
2019-02-13T15:33:44.038472 Completed database query for table users
2019-02-13T15:33:43.234543 Received request from 102.23.55.32 for /example
2019-02-13T15:33:44.726534 Started database query for table users
2019-02-13T15:33:44.038472 Completed database query for table users
2019-02-13T15:33:43.234543 Received request from 102.23.55.32 for /example
2006-02-13T15:33:44.726534 Started database query for table users
2019-02-13T15:33:44.038472 Completed database query for table users
2019-02-13T15:33:43.234543 Received request from 102.23.55.32 for /example
2009-02-13T15:33:44.726534 Started database query for table users
2019-02-13T15:33:44.038472 Completed database query for table users
2019-02-13T15:33:43.234543 Received request from 102.23.55.32 for /example
2018-02-13T15:33:44.726534 Started database query for table users
2019-02-13T15:33:44.038472 Completed database query for table users
2019-02-13T15:33:43.234543 Received request from 102.23.55.32 for /example
2012-02-13T15:33:44.726534 Started database query for table users
2019-02-13T15:33:44.038472 Completed database query for table users
2019-02-13T15:33:43.234543 Received request from 102.23.55.32 for /example
2019-02-13T15:33:44.726534 Started database query for table users
2019-02-13T15:33:44.038472 Completed database query for table users
2015-02-13T15:33:43.234543 Received request from 102.23.55.32 for /example
2019-02-13T15:33:44.726534 Started database query for table users
2019-02-13T15:33:44.038472 Completed database query for table users
2019-02-13T15:33:43.234543 Received request from 102.23.55.32 for /example
2019-02-13T15:33:44.726534 Started database query for table users
2019-02-13T15:33:44.038472 Completed database query for table users
2019-02-13T15:33:43.234543 Received request from 102.23.55.32 for /example
2019-02-13T15:33:44.726534 Started database query for table users
2019-02-13T15:33:44.038472 Completed database query for table users
2019-02-13T15:33:43.234543 Received request from 102.23.55.32 for /example
2019-02-13T15:33:44.726534 Started database query for table users
2019-02-13T15:33:44.038472 Completed database query for table users
2019-02-13T15:33:43.234543 Received request from 102.23.55.32 for /example
2019-02-13T15:33:44.726534 Started database query for table users
2019-02-13T15:33:44.038472 Completed database query for table users
2019-02-13T15:33:43.234543 Received request from 102.23.55.32 for /example
2019-02-13T15:33:44.726534 Started database query for table users
2019-02-13T15:33:44.038472 Completed database query for table users
2019-02-13T15:33:43.234543 Received request from 102.23.55.32 for /example
2019-02-13T15:33:44.726534 Started database query for table users
2019-02-13T15:33:44.038472 Completed database query for table users
2019-02-13T15:33:43.234543 Received request from 102.23.55.32 for /example
2019-02-13T15:33:44.726534 Started database query for table users
2019-02-13T15:33:44.038472 Completed database query for table users
2019-02-13T15:33:43.234543 Received request from 102.23.55.32 for /example
2006-02-13T15:33:44.726534 Started database query for table users
2019-02-13T15:33:44.038472 Completed database query for table users
2019-02-13T15:33:43.234543 Received request from 102.23.55.32 for /example
2009-02-13T15:33:44.726534 Started database query for table users
2019-02-13T15:33:44.038472 Completed database query for table users
2019-02-13T15:33:43.234543 Received request from 102.23.55.32 for /example
2018-02-13T15:33:44.726534 Started database query for table users
2019-02-13T15:33:44.038472 Completed database query for table users
2019-02-13T15:33:43.234543 Received request from 102.23.55.32 for /example
2012-02-13T15:33:44.726534 Started database query for table users
2019-02-13T15:33:44.038472 Completed database query for table users
2019-02-13T15:33:43.234543 Received request from 102.23.55.32 for /example
2019-02-13T15:33:44.726534 Started database query for table users
2019-02-13T15:33:44.038472 Completed database query for table users
2015-02-13T15:33:43.234543 Received request from 102.23.55.32 for /example
2019-02-13T15:33:44.726534 Started database query for table users
2019-02-13T15:33:44.038472 Completed database query for table users
2019-02-13T15:33:43.234543 Received request from 102.23.55.32 for /example
2019-02-13T15:33:44.726534 Started database query for table users
2019-02-13T15:33:44.038472 Completed database query for table users
2019-02-13T15:33:43.234543 Received request from 102.23.55.32 for /example
2019-02-13T15:33:44.726534 Started database query for table users
2019-02-13T15:33:44.038472 Completed database query for table users
2019-02-13T15:33:43.234543 Received request from 102.23.55.32 for /example
2019-02-13T15:33:44.726534 Started database query for table users
2019-02-13T15:33:44.038472 Completed database query for table users
2019-02-13T15:33:43.234543 Received request from 102.23.55.32 for /example
2019-02-13T15:33:44.726534 Started database query for table users
2019-02-13T15:33:44.038472 Completed database query for table users
2019-02-13T15:33:43.234543 Received request from 102.23.55.32 for /example
2019-02-13T15:33:44.726534 Started database query for table users
2019-02-13T15:33:44.038472 Completed database query for table users
2019-02-13T15:33:43.234543 Received request from 102.23.55.32 for /example
2019-02-13T15:33:44.726534 Started database query for table users
2019-02-13T15:33:44.038472 Completed database query for table users
2019-02-13T15:33:43.234543 Received request from 102.23.55.32 for /example
2019-02-13T15:33:44.726534 Started database query for table users
2019-02-13T15:33:44.038472 Completed database query for table users
2019-02-13T15:33:43.234543 Received request from 102.23.55.32 for /example
2006-02-13T15:33:44.726534 Started database query for table users
2019-02-13T15:33:44.038472 Completed database query for table users
2019-02-13T15:33:43.234543 Received request from 102.23.55.32 for /example
2009-02-13T15:33:44.726534 Started database query for table users
2019-02-13T15:33:44.038472 Completed database query for table users
2019-02-13T15:33:43.234543 Received request from 102.23.55.32 for /example
2018-02-13T15:33:44.726534 Started database query for table users
2019-02-13T15:33:44.038472 Completed database query for table users
2019-02-13T15:33:43.234543 Received request from 102.23.55.32 for /example
2012-02-13T15:33:44.726534 Started database query for table users
2019-02-13T15:33:44.038472 Completed database query for table users
2019-02-13T15:33:43.234543 Received request from 102.23.55.32 for /example
2019-02-13T15:33:44.726534 Started database query for table users
2019-02-13T15:33:44.038472 Completed database query for table users
2015-02-13T15:33:43.234543 Received request from 102.23.55.32 for /example
2019-02-13T15:33:44.726534 Started database query for table users
2019-02-13T15:33:44.038472 Completed database query for table users
2019-02-13T15:33:43.234543 Received request from 102.23.55.32 for /example
2019-02-13T15:33:44.726534 Started database query for table users
2019-02-13T15:33:44.038472 Completed database query for table users
2019-02-13T15:33:43.234543 Received request from 102.23.55.32 for /example
2019-02-13T15:33:44.726534 Started database query for table users
2019-02-13T15:33:44.038472 Completed database query for table users
2019-02-13T15:33:43.234543 Received request from 102.23.55.32 for /example
2019-02-13T15:33:44.726534 Started database query for table users
2019-02-13T15:33:44.038472 Completed database query for table users
2019-02-13T15:33:43.234543 Received request from 102.23.55.32 for /example
2019-02-13T15:33:44.726534 Started database query for table users
2019-02-13T15:33:44.038472 Completed database query for table users
2019-02-13T15:33:43.234543 Received request from 102.23.55.32 for /example
2019-02-13T15:33:44.726534 Started database query for table users
2019-02-13T15:33:44.038472 Completed database query for table users
2019-02-13T15:33:43.234543 Received request from 102.23.55.32 for /example
2019-02-13T15:33:44.726534 Started database query for table users
2019-02-13T15:33:44.038472 Completed database query for table users
2019-02-13T15:33:43.234543 Received request from 102.23.55.32 for /example
2019-02-13T15:33:44.726534 Started database query for table users
2019-02-13T15:33:44.038472 Completed database query for table users
2019-02-13T15:33:43.234543 Received request from 102.23.55.32 for /example
2006-02-13T15:33:44.726534 Started database query for table users
2019-02-13T15:33:44.038472 Completed database query for table users
2019-02-13T15:33:43.234543 Received request from 102.23.55.32 for /example
2009-02-13T15:33:44.726534 Started database query for table users
2019-02-13T15:33:44.038472 Completed database query for table users
2019-02-13T15:33:43.234543 Received request from 102.23.55.32 for /example
2018-02-13T15:33:44.726534 Started database query for table users
2019-02-13T15:33:44.038472 Completed database query for table users
2019-02-13T15:33:43.234543 Received request from 102.23.55.32 for /example
2012-02-13T15:33:44.726534 Started database query for table users
2019-02-13T15:33:44.038472 Completed database query for table users
2019-02-13T15:33:43.234543 Received request from 102.23.55.32 for /example
2019-02-13T15:33:44.726534 Started database query for table users
2019-02-13T15:33:44.038472 Completed database query for table users
2015-02-13T15:33:43.234543 Received request from 102.23.55.32 for /example
2019-02-13T15:33:44.726534 Started database query for table users
2019-02-13T15:33:44.038472 Completed database query for table users
2019-02-13T15:33:43.234543 Received request from 102.23.55.32 for /example
2019-02-13T15:33:44.726534 Started database query for table users
2019-02-13T15:33:44.038472 Completed database query for table users
2019-02-13T15:33:43.234543 Received request from 102.23.55.32 for /example
2019-02-13T15:33:44.726534 Started database query for table users
2019-02-13T15:33:44.038472 Completed database query for table users
2019-02-13T15:33:43.234543 Received request from 102.23.55.32 for /example
2019-02-13T15:33:44.726534 Started database query for table users
2019-02-13T15:33:44.038472 Completed database query for table users
2019-02-13T15:33:43.234543 Received request from 102.23.55.32 for /example
2019-02-13T15:33:44.726534 Started database query for table users
2019-02-13T15:33:44.038472 Completed database query for table users
2019-02-13T15:33:43.234543 Received request from 102.23.55.32 for /example
2019-02-13T15:33:44.726534 Started database query for table users
2019-02-13T15:33:44.038472 Completed database query for table users
2019-02-13T15:33:43.234543 Received request from 102.23.55.32 for /example
2019-02-13T15:33:44.726534 Started database query for table users
2019-02-13T15:33:44.038472 Completed database query for table users
2019-02-13T15:33:43.234543 Received request from 102.23.55.32 for /example
2019-02-13T15:33:44.726534 Started database query for table users
2019-02-13T15:33:44.038472 Completed database query for table users
2019-02-13T15:33:43.234543 Received request from 102.23.55.32 for /example
2006-02-13T15:33:44.726534 Started database query for table users
2019-02-13T15:33:44.038472 Completed database query for table users
2019-02-13T15:33:43.234543 Received request from 102.23.55.32 for /example
2009-02-13T15:33:44.726534 Started database query for table users
2019-02-13T15:33:44.038472 Completed database query for table users
2019-02-13T15:33:43.234543 Received request from 102.23.55.32 for /example
2018-02-13T15:33:44.726534 Started database query for table users
2019-02-13T15:33:44.038472 Completed database query for table users
2019-02-13T15:33:43.234543 Received request from 102.23.55.32 for /example
2012-02-13T15:33:44.726534 Started database query for table users
2019-02-13T15:33:44.038472 Completed database query for table users
2019-02-13T15:33:43.234543 Received request from 102.23.55.32 for /example
2019-02-13T15:33:44.726534 Started database query for table users
2019-02-13T15:33:44.038472 Completed database query for table users
2015-02-13T15:33:43.234543 Received request from 102.23.55.32 for /example
2019-02-13T15:33:44.726534 Started database query for table users
2019-02-13T15:33:44.038472 Completed database query for table users
2019-02-13T15:33:43.234543 Received request from 102.23.55.32 for /example
2019-02-13T15:33:44.726534 Started database query for table users
2019-02-13T15:33:44.038472 Completed database query for table users
2019-02-13T15:33:43.234543 Received request from 102.23.55.32 for /example
2019-02-13T15:33:44.726534 Started database query for table users
2019-02-13T15:33:44.038472 Completed database query for table users
2019-02-13T15:33:43.234543 Received request from 102.23.55.32 for /example
2019-02-13T15:33:44.726534 Started database query for table users
2019-02-13T15:33:44.038472 Completed database query for table users
2019-02-13T15:33:43.234543 Received request from 102.23.55.32 for /example
2019-02-13T15:33:44.726534 Started database query for table users
2019-02-13T15:33:44.038472 Completed database query for table users
2019-02-13T15:33:43.234543 Received request from 102.23.55.32 for /example
2019-02-13T15:33:44.726534 Started database query for table users
2019-02-13T15:33:44.038472 Completed database query for table users
2019-02-13T15:33:43.234543 Received request from 102.23.55.32 for /example
2019-02-13T15:33:44.726534 Started database query for table users
2019-02-13T15:33:44.038472 Completed database query for table users
2019-02-13T15:33:43.234543 Received request from 102.23.55.32 for /example
2019-02-13T15:33:44.726534 Started database query for table users
2019-02-13T15:33:44.038472 Completed database query for table users
2019-02-13T15:33:43.234543 Received request from 102.23.55.32 for /example
2006-02-13T15:33:44.726534 Started database query for table users
2019-02-13T15:33:44.038472 Completed database query for table users
2019-02-13T15:33:43.234543 Received request from 102.23.55.32 for /example
2009-02-13T15:33:44.726534 Started database query for table users
2019-02-13T15:33:44.038472 Completed database query for table users
2019-02-13T15:33:43.234543 Received request from 102.23.55.32 for /example
2018-02-13T15:33:44.726534 Started database query for table users
2019-02-13T15:33:44.038472 Completed database query for table users
2019-02-13T15:33:43.234543 Received request from 102.23.55.32 for /example
2012-02-13T15:33:44.726534 Started database query for table users
2019-02-13T15:33:44.038472 Completed database query for table users
2019-02-13T15:33:43.234543 Received request from 102.23.55.32 for /example
2019-02-13T15:33:44.726534 Started database query for table users
2019-02-13T15:33:44.038472 Completed database query for table users
2015-02-13T15:33:43.234543 Received request from 102.23.55.32 for /example
2019-02-13T15:33:44.726534 Started database query for table users
2019-02-13T15:33:44.038472 Completed database query for table users
2019-02-13T15:33:43.234543 Received request from 102.23.55.32 for /example
2019-02-13T15:33:44.726534 Started database query for table users
2019-02-13T15:33:44.038472 Completed database query for table users
2019-02-13T15:33:43.234543 Received request from 102.23.55.32 for /example
2019-02-13T15:33:44.726534 Started database query for table users
2019-02-13T15:33:44.038472 Completed database query for table users
2019-02-13T15:33:43.234543 Received request from 102.23.55.32 for /example
2019-02-13T15:33:44.726534 Started database query for table users
2019-02-13T15:33:44.038472 Completed database query for table users
2019-02-13T15:33:43.234543 Received request from 102.23.55.32 for /example
2019-02-13T15:33:44.726534 Started database query for table users
2019-02-13T15:33:44.038472 Completed database query for table users
2019-02-13T15:33:43.234543 Received request from 102.23.55.32 for /example
2019-02-13T15:33:44.726534 Started database query for table users
2019-02-13T15:33:44.038472 Completed database query for table users
2019-02-13T15:33:43.234543 Received request from 102.23.55.32 for /example
2019-02-13T15:33:44.726534 Started database query for table users
2019-02-13T15:33:44.038472 Completed database query for table users
2019-02-13T15:33:43.234543 Received request from 102.23.55.32 for /example
2019-02-13T15:33:44.726534 Started database query for table users
2019-02-13T15:33:44.038472 Completed database query for table users
2019-02-13T15:33:43.234543 Received request from 102.23.55.32 for /example
2006-02-13T15:33:44.726534 Started database query for table users
2019-02-13T15:33:44.038472 Completed database query for table users
2019-02-13T15:33:43.234543 Received request from 102.23.55.32 for /example
2009-02-13T15:33:44.726534 Started database query for table users
2019-02-13T15:33:44.038472 Completed database query for table users
2019-02-13T15:33:43.234543 Received request from 102.23.55.32 for /example
2018-02-13T15:33:44.726534 Started database query for table users
2019-02-13T15:33:44.038472 Completed database query for table users
2019-02-13T15:33:43.234543 Received request from 102.23.55.32 for /example
2012-02-13T15:33:44.726534 Started database query for table users
2019-02-13T15:33:44.038472 Completed database query for table users
2019-02-13T15:33:43.234543 Received request from 102.23.55.32 for /example
2019-02-13T15:33:44.726534 Started database query for table users
2019-02-13T15:33:44.038472 Completed database query for table users
2015-02-13T15:33:43.234543 Received request from 102.23.55.32 for /example
2019-02-13T15:33:44.726534 Started database query for table users
2019-02-13T15:33:44.038472 Completed database query for table users
2019-02-13T15:33:43.234543 Received request from 102.23.55.32 for /example
2019-02-13T15:33:44.726534 Started database query for table users
2019-02-13T15:33:44.038472 Completed database query for table users
2019-02-13T15:33:43.234543 Received request from 102.23.55.32 for /example
2019-02-13T15:33:44.726534 Started database query for table users
2019-02-13T15:33:44.038472 Completed database query for table users
2019-02-13T15:33:43.234543 Received request from 102.23.55.32 for /example
2019-02-13T15:33:44.726534 Started database query for table users
2019-02-13T15:33:44.038472 Completed database query for table users
2019-02-13T15:33:43.234543 Received request from 102.23.55.32 for /example
2019-02-13T15:33:44.726534 Started database query for table users
2019-02-13T15:33:44.038472 Completed database query for table users
2019-02-13T15:33:43.234543 Received request from 102.23.55.32 for /example
2019-02-13T15:33:44.726534 Started database query for table users
2019-02-13T15:33:44.038472 Completed database query for table users
2019-02-13T15:33:43.234543 Received request from 102.23.55.32 for /example
2019-02-13T15:33:44.726534 Started database query for table users
2019-02-13T15:33:44.038472 Completed database query for table users
2019-02-13T15:33:43.234543 Received request from 102.23.55.32 for /example
2019-02-13T15:33:44.726534 Started database query for table users
2019-02-13T15:33:44.038472 Completed database query for table users
2019-02-13T15:33:43.234543 Received request from 102.23.55.32 for /example
2006-02-13T15:33:44.726534 Started database query for table users
2019-02-13T15:33:44.038472 Completed database query for table users
2019-02-13T15:33:43.234543 Received request from 102.23.55.32 for /example
2009-02-13T15:33:44.726534 Started database query for table users
2019-02-13T15:33:44.038472 Completed database query for table users
2019-02-13T15:33:43.234543 Received request from 102.23.55.32 for /example
2018-02-13T15:33:44.726534 Started database query for table users
2019-02-13T15:33:44.038472 Completed database query for table users
2019-02-13T15:33:43.234543 Received request from 102.23.55.32 for /example
2012-02-13T15:33:44.726534 Started database query for table users
2019-02-13T15:33:44.038472 Completed database query for table users
2019-02-13T15:33:43.234543 Received request from 102.23.55.32 for /example
2019-02-13T15:33:44.726534 Started database query for table users
2019-02-13T15:33:44.038472 Completed database query for table users
2015-02-13T15:33:43.234543 Received request from 102.23.55.32 for /example
2019-02-13T15:33:44.726534 Started database query for table users
2019-02-13T15:33:44.038472 Completed database query for table users
2019-02-13T15:33:43.234543 Received request from 102.23.55.32 for /example
2019-02-13T15:33:44.726534 Started database query for table users
2019-02-13T15:33:44.038472 Completed database query for table users
2019-02-13T15:33:43.234543 Received request from 102.23.55.32 for /example
2019-02-13T15:33:44.726534 Started database query for table users
2019-02-13T15:33:44.038472 Completed database query for table users
2019-02-13T15:33:43.234543 Received request from 102.23.55.32 for /example
2019-02-13T15:33:44.726534 Started database query for table users
2019-02-13T15:33:44.038472 Completed database query for table users
2019-02-13T15:33:43.234543 Received request from 102.23.55.32 for /example
2019-02-13T15:33:44.726534 Started database query for table users
2019-02-13T15:33:44.038472 Completed database query for table users
2019-02-13T15:33:43.234543 Received request from 102.23.55.32 for /example
2019-02-13T15:33:44.726534 Started database query for table users
2019-02-13T15:33:44.038472 Completed database query for table users
2019-02-13T15:33:43.234543 Received request from 102.23.55.32 for /example
2019-02-13T15:33:44.726534 Started database query for table users
2019-02-13T15:33:44.038472 Completed database query for table users
2019-02-13T15:33:43.234543 Received request from 102.23.55.32 for /example
2019-02-13T15:33:44.726534 Started database query for table users
2019-02-13T15:33:44.038472 Completed database query for table users
2019-02-13T15:33:43.234543 Received request from 102.23.55.32 for /example
2006-02-13T15:33:44.726534 Started database query for table users
2019-02-13T15:33:44.038472 Completed database query for table users
2019-02-13T15:33:43.234543 Received request from 102.23.55.32 for /example
2009-02-13T15:33:44.726534 Started database query for table users
2019-02-13T15:33:44.038472 Completed database query for table users
2019-02-13T15:33:43.234543 Received request from 102.23.55.32 for /example
2018-02-13T15:33:44.726534 Started database query for table users
2019-02-13T15:33:44.038472 Completed database query for table users
2019-02-13T15:33:43.234543 Received request from 102.23.55.32 for /example
2012-02-13T15:33:44.726534 Started database query for table users
2019-02-13T15:33:44.038472 Completed database query for table users
2019-02-13T15:33:43.234543 Received request from 102.23.55.32 for /example
2019-02-13T15:33:44.726534 Started database query for table users
2019-02-13T15:33:44.038472 Completed database query for table users
2015-02-13T15:33:43.234543 Received request from 102.23.55.32 for /example
2019-02-13T15:33:44.726534 Started database query for table users
2019-02-13T15:33:44.038472 Completed database query for table users
2019-02-13T15:33:43.234543 Received request from 102.23.55.32 for /example
2019-02-13T15:33:44.726534 Started database query for table users
2019-02-13T15:33:44.038472 Completed database query for table users
2019-02-13T15:33:43.234543 Received request from 102.23.55.32 for /example
2019-02-13T15:33:44.726534 Started database query for table users
2019-02-13T15:33:44.038472 Completed database query for table users
2019-02-13T15:33:43.234543 Received request from 102.23.55.32 for /example
2019-02-13T15:33:44.726534 Started database query for table users
2019-02-13T15:33:44.038472 Completed database query for table users
2019-02-13T15:33:43.234543 Received request from 102.23.55.32 for /example
2019-02-13T15:33:44.726534 Started database query for table users
2019-02-13T15:33:44.038472 Completed database query for table users
2019-02-13T15:33:43.234543 Received request from 102.23.55.32 for /example
2019-02-13T15:33:44.726534 Started database query for table users
2019-02-13T15:33:44.038472 Completed database query for table users
2019-02-13T15:33:43.234543 Received request from 102.23.55.32 for /example
2019-02-13T15:33:44.726534 Started database query for table users
2019-02-13T15:33:44.038472 Completed database query for table users
2019-02-13T15:33:43.234543 Received request from 102.23.55.32 for /example
2019-02-13T15:33:44.726534 Started database query for table users
2019-02-13T15:33:44.038472 Completed database query for table users
2019-02-13T15:33:43.234543 Received request from 102.23.55.32 for /example
2006-02-13T15:33:44.726534 Started database query for table users
2019-02-13T15:33:44.038472 Completed database query for table users
2019-02-13T15:33:43.234543 Received request from 102.23.55.32 for /example
2009-02-13T15:33:44.726534 Started database query for table users
2019-02-13T15:33:44.038472 Completed database query for table users
2019-02-13T15:33:43.234543 Received request from 102.23.55.32 for /example
2018-02-13T15:33:44.726534 Started database query for table users
2019-02-13T15:33:44.038472 Completed database query for table users
2019-02-13T15:33:43.234543 Received request from 102.23.55.32 for /example
2012-02-13T15:33:44.726534 Started database query for table users
2019-02-13T15:33:44.038472 Completed database query for table users
2019-02-13T15:33:43.234543 Received request from 102.23.55.32 for /example
2019-02-13T15:33:44.726534 Started database query for table users
2019-02-13T15:33:44.038472 Completed database query for table users
2015-02-13T15:33:43.234543 Received request from 102.23.55.32 for /example
2019-02-13T15:33:44.726534 Started database query for table users
2019-02-13T15:33:44.038472 Completed database query for table users
2019-02-13T15:33:43.234543 Received request from 102.23.55.32 for /example
2019-02-13T15:33:44.726534 Started database query for table users
2019-02-13T15:33:44.038472 Completed database query for table users
2019-02-13T15:33:43.234543 Received request from 102.23.55.32 for /example
2019-02-13T15:33:44.726534 Started database query for table users
2019-02-13T15:33:44.038472 Completed database query for table users
2019-02-13T15:33:43.234543 Received request from 102.23.55.32 for /example
2019-02-13T15:33:44.726534 Started database query for table users
2019-02-13T15:33:44.038472 Completed database query for table users
2019-02-13T15:33:43.234543 Received request from 102.23.55.32 for /example
2019-02-13T15:33:44.726534 Started database query for table users
2019-02-13T15:33:44.038472 Completed database query for table users
2019-02-13T15:33:43.234543 Received request from 102.23.55.32 for /example
2019-02-13T15:33:44.726534 Started database query for table users
2019-02-13T15:33:44.038472 Completed database query for table users
2019-02-13T15:33:43.234543 Received request from 102.23.55.32 for /example
2019-02-13T15:33:44.726534 Started database query for table users
2019-02-13T15:33:44.038472 Completed database query for table users
2019-02-13T15:33:43.234543 Received request from 102.23.55.32 for /example
2019-02-13T15:33:44.726534 Started database query for table users
2019-02-13T15:33:44.038472 Completed database query for table users
2019-02-13T15:33:43.234543 Received request from 102.23.55.32 for /example
2006-02-13T15:33:44.726534 Started database query for table users
2019-02-13T15:33:44.038472 Completed database query for table users
2019-02-13T15:33:43.234543 Received request from 102.23.55.32 for /example
2009-02-13T15:33:44.726534 Started database query for table users
2019-02-13T15:33:44.038472 Completed database query for table users
2019-02-13T15:33:43.234543 Received request from 102.23.55.32 for /example
2018-02-13T15:33:44.726534 Started database query for table users
2019-02-13T15:33:44.038472 Completed database query for table users
2019-02-13T15:33:43.234543 Received request from 102.23.55.32 for /example
2012-02-13T15:33:44.726534 Started database query for table users
2019-02-13T15:33:44.038472 Completed database query for table users
2019-02-13T15:33:43.234543 Received request from 102.23.55.32 for /example
2019-02-13T15:33:44.726534 Started database query for table users
2019-02-13T15:33:44.038472 Completed database query for table users
2015-02-13T15:33:43.234543 Received request from 102.23.55.32 for /example
2019-02-13T15:33:44.726534 Started database query for table users
2019-02-13T15:33:44.038472 Completed database query for table users
2019-02-13T15:33:43.234543 Received request from 102.23.55.32 for /example
2019-02-13T15:33:44.726534 Started database query for table users
2019-02-13T15:33:44.038472 Completed database query for table users
2019-02-13T15:33:43.234543 Received request from 102.23.55.32 for /example
2019-02-13T15:33:44.726534 Started database query for table users
2019-02-13T15:33:44.038472 Completed database query for table users
2019-02-13T15:33:43.234543 Received request from 102.23.55.32 for /example
2019-02-13T15:33:44.726534 Started database query for table users
2019-02-13T15:33:44.038472 Completed database query for table users
2019-02-13T15:33:43.234543 Received request from 102.23.55.32 for /example
2019-02-13T15:33:44.726534 Started database query for table users
2019-02-13T15:33:44.038472 Completed database query for table users
2019-02-13T15:33:43.234543 Received request from 102.23.55.32 for /example
2019-02-13T15:33:44.726534 Started database query for table users
2019-02-13T15:33:44.038472 Completed database query for table users
2019-02-13T15:33:43.234543 Received request from 102.23.55.32 for /example
2019-02-13T15:33:44.726534 Started database query for table users
2019-02-13T15:33:44.038472 Completed database query for table users
2019-02-13T15:33:43.234543 Received request from 102.23.55.32 for /example
2019-02-13T15:33:44.726534 Started database query for table users
2019-02-13T15:33:44.038472 Completed database query for table users
2019-02-13T15:33:43.234543 Received request from 102.23.55.32 for /example
2006-02-13T15:33:44.726534 Started database query for table users
2019-02-13T15:33:44.038472 Completed database query for table users
2019-02-13T15:33:43.234543 Received request from 102.23.55.32 for /example
2009-02-13T15:33:44.726534 Started database query for table users
2019-02-13T15:33:44.038472 Completed database query for table users
2019-02-13T15:33:43.234543 Received request from 102.23.55.32 for /example
2018-02-13T15:33:44.726534 Started database query for table users
2019-02-13T15:33:44.038472 Completed database query for table users
2019-02-13T15:33:43.234543 Received request from 102.23.55.32 for /example
2012-02-13T15:33:44.726534 Started database query for table users
2019-02-13T15:33:44.038472 Completed database query for table users
2019-02-13T15:33:43.234543 Received request from 102.23.55.32 for /example
2019-02-13T15:33:44.726534 Started database query for table users
2019-02-13T15:33:44.038472 Completed database query for table users
2015-02-13T15:33:43.234543 Received request from 102.23.55.32 for /example
2019-02-13T15:33:44.726534 Started database query for table users
2019-02-13T15:33:44.038472 Completed database query for table users
2019-02-13T15:33:43.234543 Received request from 102.23.55.32 for /example
2019-02-13T15:33:44.726534 Started database query for table users
2019-02-13T15:33:44.038472 Completed database query for table users
2019-02-13T15:33:43.234543 Received request from 102.23.55.32 for /example
2019-02-13T15:33:44.726534 Started database query for table users
2019-02-13T15:33:44.038472 Completed database query for table users
2019-02-13T15:33:43.234543 Received request from 102.23.55.32 for /example
2019-02-13T15:33:44.726534 Started database query for table users
2019-02-13T15:33:44.038472 Completed database query for table users
2019-02-13T15:33:43.234543 Received request from 102.23.55.32 for /example
2019-02-13T15:33:44.726534 Started database query for table users
2019-02-13T15:33:44.038472 Completed database query for table users
2019-02-13T15:33:43.234543 Received request from 102.23.55.32 for /example
2019-02-13T15:33:44.726534 Started database query for table users
2019-02-13T15:33:44.038472 Completed database query for table users
2019-02-13T15:33:43.234543 Received request from 102.23.55.32 for /example
2019-02-13T15:33:44.726534 Started database query for table users
2019-02-13T15:33:44.038472 Completed database query for table users
2019-02-13T15:33:43.234543 Received request from 102.23.55.32 for /example
2019-02-13T15:33:44.726534 Started database query for table users
2019-02-13T15:33:44.038472 Completed database query for table users
2019-02-13T15:33:43.234543 Received request from 102.23.55.32 for /example
2006-02-13T15:33:44.726534 Started database query for table users
2019-02-13T15:33:44.038472 Completed database query for table users
2019-02-13T15:33:43.234543 Received request from 102.23.55.32 for /example
2009-02-13T15:33:44.726534 Started database query for table users
2019-02-13T15:33:44.038472 Completed database query for table users
2019-02-13T15:33:43.234543 Received request from 102.23.55.32 for /example
2018-02-13T15:33:44.726534 Started database query for table users
2019-02-13T15:33:44.038472 Completed database query for table users
2019-02-13T15:33:43.234543 Received request from 102.23.55.32 for /example
2012-02-13T15:33:44.726534 Started database query for table users
2019-02-13T15:33:44.038472 Completed database query for table users
2019-02-13T15:33:43.234543 Received request from 102.23.55.32 for /example
2019-02-13T15:33:44.726534 Started database query for table users
2019-02-13T15:33:44.038472 Completed database query for table users
2015-02-13T15:33:43.234543 Received request from 102.23.55.32 for /example
2019-02-13T15:33:44.726534 Started database query for table users
2019-02-13T15:33:44.038472 Completed database query for table users
2019-02-13T15:33:43.234543 Received request from 102.23.55.32 for /example
2019-02-13T15:33:44.726534 Started database query for table users
2019-02-13T15:33:44.038472 Completed database query for table users
2019-02-13T15:33:43.234543 Received request from 102.23.55.32 for /example
2019-02-13T15:33:44.726534 Started database query for table users
2019-02-13T15:33:44.038472 Completed database query for table users
2019-02-13T15:33:43.234543 Received request from 102.23.55.32 for /example
2019-02-13T15:33:44.726534 Started database query for table users
2019-02-13T15:33:44.038472 Completed database query for table users
2019-02-13T15:33:43.234543 Received request from 102.23.55.32 for /example
2019-02-13T15:33:44.726534 Started database query for table users
2019-02-13T15:33:44.038472 Completed database query for table users
2019-02-13T15:33:43.234543 Received request from 102.23.55.32 for /example
2019-02-13T15:33:44.726534 Started database query for table users
2019-02-13T15:33:44.038472 Completed database query for table users
2019-02-13T15:33:43.234543 Received request from 102.23.55.32 for /example
2019-02-13T15:33:44.726534 Started database query for table users
2019-02-13T15:33:44.038472 Completed database query for table users
2019-02-13T15:33:43.234543 Received request from 102.23.55.32 for /example
2019-02-13T15:33:44.726534 Started database query for table users
2019-02-13T15:33:44.038472 Completed database query for table users
2019-02-13T15:33:43.234543 Received request from 102.23.55.32 for /example
2006-02-13T15:33:44.726534 Started database query for table users
2019-02-13T15:33:44.038472 Completed database query for table users
2019-02-13T15:33:43.234543 Received request from 102.23.55.32 for /example
2009-02-13T15:33:44.726534 Started database query for table users
2019-02-13T15:33:44.038472 Completed database query for table users
2019-02-13T15:33:43.234543 Received request from 102.23.55.32 for /example
2018-02-13T15:33:44.726534 Started database query for table users
2019-02-13T15:33:44.038472 Completed database query for table users
2019-02-13T15:33:43.234543 Received request from 102.23.55.32 for /example
2012-02-13T15:33:44.726534 Started database query for table users
2019-02-13T15:33:44.038472 Completed database query for table users
2019-02-13T15:33:43.234543 Received request from 102.23.55.32 for /example
2019-02-13T15:33:44.726534 Started database query for table users
2019-02-13T15:33:44.038472 Completed database query for table users
2015-02-13T15:33:43.234543 Received request from 102.23.55.32 for /example
2019-02-13T15:33:44.726534 Started database query for table users
2019-02-13T15:33:44.038472 Completed database query for table users
2019-02-13T15:33:43.234543 Received request from 102.23.55.32 for /example
2019-02-13T15:33:44.726534 Started database query for table users
2019-02-13T15:33:44.038472 Completed database query for table users
2019-02-13T15:33:43.234543 Received request from 102.23.55.32 for /example
2019-02-13T15:33:44.726534 Started database query for table users
2019-02-13T15:33:44.038472 Completed database query for table users
2019-02-13T15:33:43.234543 Received request from 102.23.55.32 for /example
2019-02-13T15:33:44.726534 Started database query for table users
2019-02-13T15:33:44.038472 Completed database query for table users
2019-02-13T15:33:43.234543 Received request from 102.23.55.32 for /example
2019-02-13T15:33:44.726534 Started database query for table users
2019-02-13T15:33:44.038472 Completed database query for table users
2019-02-13T15:33:43.234543 Received request from 102.23.55.32 for /example
2019-02-13T15:33:44.726534 Started database query for table users
2019-02-13T15:33:44.038472 Completed database query for table users
2019-02-13T15:33:43.234543 Received request from 102.23.55.32 for /example
2019-02-13T15:33:44.726534 Started database query for table users
2019-02-13T15:33:44.038472 Completed database query for table users
2019-02-13T15:33:43.234543 Received request from 102.23.55.32 for /example
2019-02-13T15:33:44.726534 Started database query for table users
2019-02-13T15:33:44.038472 Completed database query for table users
2019-02-13T15:33:43.234543 Received request from 102.23.55.32 for /example
2006-02-13T15:33:44.726534 Started database query for table users
2019-02-13T15:33:44.038472 Completed database query for table users
2019-02-13T15:33:43.234543 Received request from 102.23.55.32 for /example
2009-02-13T15:33:44.726534 Started database query for table users
2019-02-13T15:33:44.038472 Completed database query for table users
2019-02-13T15:33:43.234543 Received request from 102.23.55.32 for /example
2018-02-13T15:33:44.726534 Started database query for table users
2019-02-13T15:33:44.038472 Completed database query for table users
2019-02-13T15:33:43.234543 Received request from 102.23.55.32 for /example
2012-02-13T15:33:44.726534 Started database query for table users
2019-02-13T15:33:44.038472 Completed database query for table users
2019-02-13T15:33:43.234543 Received request from 102.23.55.32 for /example
2019-02-13T15:33:44.726534 Started database query for table users
2019-02-13T15:33:44.038472 Completed database query for table users
2015-02-13T15:33:43.234543 Received request from 102.23.55.32 for /example
2019-02-13T15:33:44.726534 Started database query for table users
2019-02-13T15:33:44.038472 Completed database query for table users
2019-02-13T15:33:43.234543 Received request from 102.23.55.32 for /example
2019-02-13T15:33:44.726534 Started database query for table users
2019-02-13T15:33:44.038472 Completed database query for table users
2019-02-13T15:33:43.234543 Received request from 102.23.55.32 for /example
2019-02-13T15:33:44.726534 Started database query for table users
2019-02-13T15:33:44.038472 Completed database query for table users
2019-02-13T15:33:43.234543 Received request from 102.23.55.32 for /example
2019-02-13T15:33:44.726534 Started database query for table users
2019-02-13T15:33:44.038472 Completed database query for table users
2019-02-13T15:33:43.234543 Received request from 102.23.55.32 for /example
2019-02-13T15:33:44.726534 Started database query for table users
2019-02-13T15:33:44.038472 Completed database query for table users
2019-02-13T15:33:43.234543 Received request from 102.23.55.32 for /example
2019-02-13T15:33:44.726534 Started database query for table users
2019-02-13T15:33:44.038472 Completed database query for table users
2019-02-13T15:33:43.234543 Received request from 102.23.55.32 for /example
2019-02-13T15:33:44.726534 Started database query for table users
2019-02-13T15:33:44.038472 Completed database query for table users
2019-02-13T15:33:43.234543 Received request from 102.23.55.32 for /example
2019-02-13T15:33:44.726534 Started database query for table users
2019-02-13T15:33:44.038472 Completed database query for table users
2019-02-13T15:33:43.234543 Received request from 102.23.55.32 for /example
2006-02-13T15:33:44.726534 Started database query for table users
2019-02-13T15:33:44.038472 Completed database query for table users
2019-02-13T15:33:43.234543 Received request from 102.23.55.32 for /example
2009-02-13T15:33:44.726534 Started database query for table users
2019-02-13T15:33:44.038472 Completed database query for table users
2019-02-13T15:33:43.234543 Received request from 102.23.55.32 for /example
2018-02-13T15:33:44.726534 Started database query for table users
2019-02-13T15:33:44.038472 Completed database query for table users
2019-02-13T15:33:43.234543 Received request from 102.23.55.32 for /example
2012-02-13T15:33:44.726534 Started database query for table users
2019-02-13T15:33:44.038472 Completed database query for table users
2019-02-13T15:33:43.234543 Received request from 102.23.55.32 for /example
2019-02-13T15:33:44.726534 Started database query for table users
2019-02-13T15:33:44.038472 Completed database query for table users
2015-02-13T15:33:43.234543 Received request from 102.23.55.32 for /example
2019-02-13T15:33:44.726534 Started database query for table users
2019-02-13T15:33:44.038472 Completed database query for table users
2019-02-13T15:33:43.234543 Received request from 102.23.55.32 for /example
2019-02-13T15:33:44.726534 Started database query for table users
2019-02-13T15:33:44.038472 Completed database query for table users
2019-02-13T15:33:43.234543 Received request from 102.23.55.32 for /example
2019-02-13T15:33:44.726534 Started database query for table users
2019-02-13T15:33:44.038472 Completed database query for table users
2019-02-13T15:33:43.234543 Received request from 102.23.55.32 for /example
2019-02-13T15:33:44.726534 Started database query for table users
2019-02-13T15:33:44.038472 Completed database query for table users
2019-02-13T15:33:43.234543 Received request from 102.23.55.32 for /example
2019-02-13T15:33:44.726534 Started database query for table users
2019-02-13T15:33:44.038472 Completed database query for table users
2019-02-13T15:33:43.234543 Received request from 102.23.55.32 for /example
2019-02-13T15:33:44.726534 Started database query for table users
2019-02-13T15:33:44.038472 Completed database query for table users
2019-02-13T15:33:43.234543 Received request from 102.23.55.32 for /example
2019-02-13T15:33:44.726534 Started database query for table users
2019-02-13T15:33:44.038472 Completed database query for table users
2019-02-13T15:33:43.234543 Received request from 102.23.55.32 for /example
2019-02-13T15:33:44.726534 Started database query for table users
2019-02-13T15:33:44.038472 Completed database query for table users
2019-02-13T15:33:43.234543 Received request from 102.23.55.32 for /example
2006-02-13T15:33:44.726534 Started database query for table users
2019-02-13T15:33:44.038472 Completed database query for table users
2019-02-13T15:33:43.234543 Received request from 102.23.55.32 for /example
2009-02-13T15:33:44.726534 Started database query for table users
2019-02-13T15:33:44.038472 Completed database query for table users
2019-02-13T15:33:43.234543 Received request from 102.23.55.32 for /example
2018-02-13T15:33:44.726534 Started database query for table users
2019-02-13T15:33:44.038472 Completed database query for table users
2019-02-13T15:33:43.234543 Received request from 102.23.55.32 for /example
2012-02-13T15:33:44.726534 Started database query for table users
2019-02-13T15:33:44.038472 Completed database query for table users
2019-02-13T15:33:43.234543 Received request from 102.23.55.32 for /example
2019-02-13T15:33:44.726534 Started database query for table users
2019-02-13T15:33:44.038472 Completed database query for table users
2015-02-13T15:33:43.234543 Received request from 102.23.55.32 for /example
2019-02-13T15:33:44.726534 Started database query for table users
2019-02-13T15:33:44.038472 Completed database query for table users
2019-02-13T15:33:43.234543 Received request from 102.23.55.32 for /example
2019-02-13T15:33:44.726534 Started database query for table users
2019-02-13T15:33:44.038472 Completed database query for table users
2019-02-13T15:33:43.234543 Received request from 102.23.55.32 for /example
2019-02-13T15:33:44.726534 Started database query for table users
2019-02-13T15:33:44.038472 Completed database query for table users
2019-02-13T15:33:43.234543 Received request from 102.23.55.32 for /example
2019-02-13T15:33:44.726534 Started database query for table users
2019-02-13T15:33:44.038472 Completed database query for table users
2019-02-13T15:33:43.234543 Received request from 102.23.55.32 for /example
2019-02-13T15:33:44.726534 Started database query for table users
2019-02-13T15:33:44.038472 Completed database query for table users
2019-02-13T15:33:43.234543 Received request from 102.23.55.32 for /example
2019-02-13T15:33:44.726534 Started database query for table users
2019-02-13T15:33:44.038472 Completed database query for table users
2019-02-13T15:33:43.234543 Received request from 102.23.55.32 for /example
2019-02-13T15:33:44.726534 Started database query for table users
2019-02-13T15:33:44.038472 Completed database query for table users
2019-02-13T15:33:43.234543 Received request from 102.23.55.32 for /example
2019-02-13T15:33:44.726534 Started database query for table users
2019-02-13T15:33:44.038472 Completed database query for table users
2019-02-13T15:33:43.234543 Received request from 102.23.55.32 for /example
2006-02-13T15:33:44.726534 Started database query for table users
2019-02-13T15:33:44.038472 Completed database query for table users
2019-02-13T15:33:43.234543 Received request from 102.23.55.32 for /example
2009-02-13T15:33:44.726534 Started database query for table users
2019-02-13T15:33:44.038472 Completed database query for table users
2019-02-13T15:33:43.234543 Received request from 102.23.55.32 for /example
2018-02-13T15:33:44.726534 Started database query for table users
2019-02-13T15:33:44.038472 Completed database query for table users
2019-02-13T15:33:43.234543 Received request from 102.23.55.32 for /example
2012-02-13T15:33:44.726534 Started database query for table users
2019-02-13T15:33:44.038472 Completed database query for table users
2019-02-13T15:33:43.234543 Received request from 102.23.55.32 for /example
2019-02-13T15:33:44.726534 Started database query for table users
2019-02-13T15:33:44.038472 Completed database query for table users
2015-02-13T15:33:43.234543 Received request from 102.23.55.32 for /example
2019-02-13T15:33:44.726534 Started database query for table users
2019-02-13T15:33:44.038472 Completed database query for table users
2019-02-13T15:33:43.234543 Received request from 102.23.55.32 for /example
2019-02-13T15:33:44.726534 Started database query for table users
2019-02-13T15:33:44.038472 Completed database query for table users
2019-02-13T15:33:43.234543 Received request from 102.23.55.32 for /example
2019-02-13T15:33:44.726534 Started database query for table users
2019-02-13T15:33:44.038472 Completed database query for table users
2019-02-13T15:33:43.234543 Received request from 102.23.55.32 for /example
2019-02-13T15:33:44.726534 Started database query for table users
2019-02-13T15:33:44.038472 Completed database query for table users
2019-02-13T15:33:43.234543 Received request from 102.23.55.32 for /example
2019-02-13T15:33:44.726534 Started database query for table users
2019-02-13T15:33:44.038472 Completed database query for table users
2019-02-13T15:33:43.234543 Received request from 102.23.55.32 for /example
2019-02-13T15:33:44.726534 Started database query for table users
2019-02-13T15:33:44.038472 Completed database query for table users
2019-02-13T15:33:43.234543 Received request from 102.23.55.32 for /example
2019-02-13T15:33:44.726534 Started database query for table users
2019-02-13T15:33:44.038472 Completed database query for table users
2019-02-13T15:33:43.234543 Received request from 102.23.55.32 for /example
2019-02-13T15:33:44.726534 Started database query for table users
2019-02-13T15:33:44.038472 Completed database query for table users
2019-02-13T15:33:43.234543 Received request from 102.23.55.32 for /example
2006-02-13T15:33:44.726534 Started database query for table users
2019-02-13T15:33:44.038472 Completed database query for table users
2019-02-13T15:33:43.234543 Received request from 102.23.55.32 for /example
2009-02-13T15:33:44.726534 Started database query for table users
2019-02-13T15:33:44.038472 Completed database query for table users
2019-02-13T15:33:43.234543 Received request from 102.23.55.32 for /example
2018-02-13T15:33:44.726534 Started database query for table users
2019-02-13T15:33:44.038472 Completed database query for table users
2019-02-13T15:33:43.234543 Received request from 102.23.55.32 for /example
2012-02-13T15:33:44.726534 Started database query for table users
2019-02-13T15:33:44.038472 Completed database query for table users
2019-02-13T15:33:43.234543 Received request from 102.23.55.32 for /example
2019-02-13T15:33:44.726534 Started database query for table users
2019-02-13T15:33:44.038472 Completed database query for table users
2015-02-13T15:33:43.234543 Received request from 102.23.55.32 for /example
2019-02-13T15:33:44.726534 Started database query for table users
2019-02-13T15:33:44.038472 Completed database query for table users
2019-02-13T15:33:43.234543 Received request from 102.23.55.32 for /example
2019-02-13T15:33:44.726534 Started database query for table users
2019-02-13T15:33:44.038472 Completed database query for table users
2019-02-13T15:33:43.234543 Received request from 102.23.55.32 for /example
2019-02-13T15:33:44.726534 Started database query for table users
2019-02-13T15:33:44.038472 Completed database query for table users
2019-02-13T15:33:43.234543 Received request from 102.23.55.32 for /example
2019-02-13T15:33:44.726534 Started database query for table users
2019-02-13T15:33:44.038472 Completed database query for table users
2019-02-13T15:33:43.234543 Received request from 102.23.55.32 for /example
2019-02-13T15:33:44.726534 Started database query for table users
2019-02-13T15:33:44.038472 Completed database query for table users
2019-02-13T15:33:43.234543 Received request from 102.23.55.32 for /example
2019-02-13T15:33:44.726534 Started database query for table users
2019-02-13T15:33:44.038472 Completed database query for table users
2019-02-13T15:33:43.234543 Received request from 102.23.55.32 for /example
2019-02-13T15:33:44.726534 Started database query for table users
2019-02-13T15:33:44.038472 Completed database query for table users
2019-02-13T15:33:43.234543 Received request from 102.23.55.32 for /example
2019-02-13T15:33:44.726534 Started database query for table users
2019-02-13T15:33:44.038472 Completed database query for table users
2019-02-13T15:33:43.234543 Received request from 102.23.55.32 for /example
2006-02-13T15:33:44.726534 Started database query for table users
2019-02-13T15:33:44.038472 Completed database query for table users
2019-02-13T15:33:43.234543 Received request from 102.23.55.32 for /example
2009-02-13T15:33:44.726534 Started database query for table users
2019-02-13T15:33:44.038472 Completed database query for table users
2019-02-13T15:33:43.234543 Received request from 102.23.55.32 for /example
2018-02-13T15:33:44.726534 Started database query for table users
2019-02-13T15:33:44.038472 Completed database query for table users
2019-02-13T15:33:43.234543 Received request from 102.23.55.32 for /example
2012-02-13T15:33:44.726534 Started database query for table users
2019-02-13T15:33:44.038472 Completed database query for table users
2019-02-13T15:33:43.234543 Received request from 102.23.55.32 for /example
2019-02-13T15:33:44.726534 Started database query for table users
2019-02-13T15:33:44.038472 Completed database query for table users
2015-02-13T15:33:43.234543 Received request from 102.23.55.32 for /example
2019-02-13T15:33:44.726534 Started database query for table users
2019-02-13T15:33:44.038472 Completed database query for table users
2019-02-13T15:33:43.234543 Received request from 102.23.55.32 for /example
2019-02-13T15:33:44.726534 Started database query for table users
2019-02-13T15:33:44.038472 Completed database query for table users
2019-02-13T15:33:43.234543 Received request from 102.23.55.32 for /example
2019-02-13T15:33:44.726534 Started database query for table users
2019-02-13T15:33:44.038472 Completed database query for table users
2019-02-13T15:33:43.234543 Received request from 102.23.55.32 for /example
2019-02-13T15:33:44.726534 Started database query for table users
2019-02-13T15:33:44.038472 Completed database query for table users
2019-02-13T15:33:43.234543 Received request from 102.23.55.32 for /example
2019-02-13T15:33:44.726534 Started database query for table users
2019-02-13T15:33:44.038472 Completed database query for table users
2019-02-13T15:33:43.234543 Received request from 102.23.55.32 for /example
2019-02-13T15:33:44.726534 Started database query for table users
2019-02-13T15:33:44.038472 Completed database query for table users
2019-02-13T15:33:43.234543 Received request from 102.23.55.32 for /example
2019-02-13T15:33:44.726534 Started database query for table users
2019-02-13T15:33:44.038472 Completed database query for table users
2019-02-13T15:33:43.234543 Received request from 102.23.55.32 for /example
2019-02-13T15:33:44.726534 Started database query for table users
2019-02-13T15:33:44.038472 Completed database query for table users
2019-02-13T15:33:43.234543 Received request from 102.23.55.32 for /example
2006-02-13T15:33:44.726534 Started database query for table users
2019-02-13T15:33:44.038472 Completed database query for table users
2019-02-13T15:33:43.234543 Received request from 102.23.55.32 for /example
2009-02-13T15:33:44.726534 Started database query for table users
2019-02-13T15:33:44.038472 Completed database query for table users
2019-02-13T15:33:43.234543 Received request from 102.23.55.32 for /example
2018-02-13T15:33:44.726534 Started database query for table users
2019-02-13T15:33:44.038472 Completed database query for table users
2019-02-13T15:33:43.234543 Received request from 102.23.55.32 for /example
2012-02-13T15:33:44.726534 Started database query for table users
2019-02-13T15:33:44.038472 Completed database query for table users
2019-02-13T15:33:43.234543 Received request from 102.23.55.32 for /example
2019-02-13T15:33:44.726534 Started database query for table users
2019-02-13T15:33:44.038472 Completed database query for table users
2015-02-13T15:33:43.234543 Received request from 102.23.55.32 for /example
2019-02-13T15:33:44.726534 Started database query for table users
2019-02-13T15:33:44.038472 Completed database query for table users
2019-02-13T15:33:43.234543 Received request from 102.23.55.32 for /example
2019-02-13T15:33:44.726534 Started database query for table users
2019-02-13T15:33:44.038472 Completed database query for table users
2019-02-13T15:33:43.234543 Received request from 102.23.55.32 for /example
2019-02-13T15:33:44.726534 Started database query for table users
2019-02-13T15:33:44.038472 Completed database query for table users
2019-02-13T15:33:43.234543 Received request from 102.23.55.32 for /example
2019-02-13T15:33:44.726534 Started database query for table users
2019-02-13T15:33:44.038472 Completed database query for table users
2019-02-13T15:33:43.234543 Received request from 102.23.55.32 for /example
2019-02-13T15:33:44.726534 Started database query for table users
2019-02-13T15:33:44.038472 Completed database query for table users
2019-02-13T15:33:43.234543 Received request from 102.23.55.32 for /example
2019-02-13T15:33:44.726534 Started database query for table users
2019-02-13T15:33:44.038472 Completed database query for table users
2019-02-13T15:33:43.234543 Received request from 102.23.55.32 for /example
2019-02-13T15:33:44.726534 Started database query for table users
2019-02-13T15:33:44.038472 Completed database query for table users
2019-02-13T15:33:43.234543 Received request from 102.23.55.32 for /example
2019-02-13T15:33:44.726534 Started database query for table users
2019-02-13T15:33:44.038472 Completed database query for table users
2019-02-13T15:33:43.234543 Received request from 102.23.55.32 for /example
2006-02-13T15:33:44.726534 Started database query for table users
2019-02-13T15:33:44.038472 Completed database query for table users
2019-02-13T15:33:43.234543 Received request from 102.23.55.32 for /example
2009-02-13T15:33:44.726534 Started database query for table users
2019-02-13T15:33:44.038472 Completed database query for table users
2019-02-13T15:33:43.234543 Received request from 102.23.55.32 for /example
2018-02-13T15:33:44.726534 Started database query for table users
2019-02-13T15:33:44.038472 Completed database query for table users
2019-02-13T15:33:43.234543 Received request from 102.23.55.32 for /example
2012-02-13T15:33:44.726534 Started database query for table users
2019-02-13T15:33:44.038472 Completed database query for table users
2019-02-13T15:33:43.234543 Received request from 102.23.55.32 for /example
2019-02-13T15:33:44.726534 Started database query for table users
2019-02-13T15:33:44.038472 Completed database query for table users
2015-02-13T15:33:43.234543 Received request from 102.23.55.32 for /example
2019-02-13T15:33:44.726534 Started database query for table users
2019-02-13T15:33:44.038472 Completed database query for table users
2019-02-13T15:33:43.234543 Received request from 102.23.55.32 for /example
2019-02-13T15:33:44.726534 Started database query for table users
2019-02-13T15:33:44.038472 Completed database query for table users
2019-02-13T15:33:43.234543 Received request from 102.23.55.32 for /example
2019-02-13T15:33:44.726534 Started database query for table users
2019-02-13T15:33:44.038472 Completed database query for table users
2019-02-13T15:33:43.234543 Received request from 102.23.55.32 for /example
2019-02-13T15:33:44.726534 Started database query for table users
2019-02-13T15:33:44.038472 Completed database query for table users
2019-02-13T15:33:43.234543 Received request from 102.23.55.32 for /example
2019-02-13T15:33:44.726534 Started database query for table users
2019-02-13T15:33:44.038472 Completed database query for table users
2019-02-13T15:33:43.234543 Received request from 102.23.55.32 for /example
2019-02-13T15:33:44.726534 Started database query for table users
2019-02-13T15:33:44.038472 Completed database query for table users
2019-02-13T15:33:43.234543 Received request from 102.23.55.32 for /example
2019-02-13T15:33:44.726534 Started database query for table users
2019-02-13T15:33:44.038472 Completed database query for table users
2019-02-13T15:33:43.234543 Received request from 102.23.55.32 for /example
2019-02-13T15:33:44.726534 Started database query for table users
2019-02-13T15:33:44.038472 Completed database query for table users
2019-02-13T15:33:43.234543 Received request from 102.23.55.32 for /example
2006-02-13T15:33:44.726534 Started database query for table users
2019-02-13T15:33:44.038472 Completed database query for table users
2019-02-13T15:33:43.234543 Received request from 102.23.55.32 for /example
2009-02-13T15:33:44.726534 Started database query for table users
2019-02-13T15:33:44.038472 Completed database query for table users
2019-02-13T15:33:43.234543 Received request from 102.23.55.32 for /example
2018-02-13T15:33:44.726534 Started database query for table users
2019-02-13T15:33:44.038472 Completed database query for table users
2019-02-13T15:33:43.234543 Received request from 102.23.55.32 for /example
2012-02-13T15:33:44.726534 Started database query for table users
2019-02-13T15:33:44.038472 Completed database query for table users
2019-02-13T15:33:43.234543 Received request from 102.23.55.32 for /example
2019-02-13T15:33:44.726534 Started database query for table users
2019-02-13T15:33:44.038472 Completed database query for table users
2015-02-13T15:33:43.234543 Received request from 102.23.55.32 for /example
2019-02-13T15:33:44.726534 Started database query for table users
2019-02-13T15:33:44.038472 Completed database query for table users
2019-02-13T15:33:43.234543 Received request from 102.23.55.32 for /example
2019-02-13T15:33:44.726534 Started database query for table users
2019-02-13T15:33:44.038472 Completed database query for table users
2019-02-13T15:33:43.234543 Received request from 102.23.55.32 for /example
2019-02-13T15:33:44.726534 Started database query for table users
2019-02-13T15:33:44.038472 Completed database query for table users
2019-02-13T15:33:43.234543 Received request from 102.23.55.32 for /example
2019-02-13T15:33:44.726534 Started database query for table users
2019-02-13T15:33:44.038472 Completed database query for table users
2019-02-13T15:33:43.234543 Received request from 102.23.55.32 for /example
2019-02-13T15:33:44.726534 Started database query for table users
2019-02-13T15:33:44.038472 Completed database query for table users
2019-02-13T15:33:43.234543 Received request from 102.23.55.32 for /example
2019-02-13T15:33:44.726534 Started database query for table users
2019-02-13T15:33:44.038472 Completed database query for table users
2019-02-13T15:33:43.234543 Received request from 102.23.55.32 for /example
2019-02-13T15:33:44.726534 Started database query for table users
2019-02-13T15:33:44.038472 Completed database query for table users
2019-02-13T15:33:43.234543 Received request from 102.23.55.32 for /example
2019-02-13T15:33:44.726534 Started database query for table users
2019-02-13T15:33:44.038472 Completed database query for table users
2019-02-13T15:33:43.234543 Received request from 102.23.55.32 for /example
2006-02-13T15:33:44.726534 Started database query for table users
2019-02-13T15:33:44.038472 Completed database query for table users
2019-02-13T15:33:43.234543 Received request from 102.23.55.32 for /example
2009-02-13T15:33:44.726534 Started database query for table users
2019-02-13T15:33:44.038472 Completed database query for table users
2019-02-13T15:33:43.234543 Received request from 102.23.55.32 for /example
2018-02-13T15:33:44.726534 Started database query for table users
2019-02-13T15:33:44.038472 Completed database query for table users
2019-02-13T15:33:43.234543 Received request from 102.23.55.32 for /example
2012-02-13T15:33:44.726534 Started database query for table users
2019-02-13T15:33:44.038472 Completed database query for table users
2019-02-13T15:33:43.234543 Received request from 102.23.55.32 for /example
2019-02-13T15:33:44.726534 Started database query for table users
2019-02-13T15:33:44.038472 Completed database query for table users
2015-02-13T15:33:43.234543 Received request from 102.23.55.32 for /example
2019-02-13T15:33:44.726534 Started database query for table users
2019-02-13T15:33:44.038472 Completed database query for table users
2019-02-13T15:33:43.234543 Received request from 102.23.55.32 for /example
2019-02-13T15:33:44.726534 Started database query for table users
2019-02-13T15:33:44.038472 Completed database query for table users
2019-02-13T15:33:43.234543 Received request from 102.23.55.32 for /example
2019-02-13T15:33:44.726534 Started database query for table users
2019-02-13T15:33:44.038472 Completed database query for table users
2019-02-13T15:33:43.234543 Received request from 102.23.55.32 for /example
2019-02-13T15:33:44.726534 Started database query for table users
2019-02-13T15:33:44.038472 Completed database query for table users
2019-02-13T15:33:43.234543 Received request from 102.23.55.32 for /example
2019-02-13T15:33:44.726534 Started database query for table users
2019-02-13T15:33:44.038472 Completed database query for table users
2019-02-13T15:33:43.234543 Received request from 102.23.55.32 for /example
2019-02-13T15:33:44.726534 Started database query for table users
2019-02-13T15:33:44.038472 Completed database query for table users
2019-02-13T15:33:43.234543 Received request from 102.23.55.32 for /example
2019-02-13T15:33:44.726534 Started database query for table users
2019-02-13T15:33:44.038472 Completed database query for table users
2019-02-13T15:33:43.234543 Received request from 102.23.55.32 for /example
2019-02-13T15:33:44.726534 Started database query for table users
2019-02-13T15:33:44.038472 Completed database query for table users
2019-02-13T15:33:43.234543 Received request from 102.23.55.32 for /example
2006-02-13T15:33:44.726534 Started database query for table users
2019-02-13T15:33:44.038472 Completed database query for table users
2019-02-13T15:33:43.234543 Received request from 102.23.55.32 for /example
2009-02-13T15:33:44.726534 Started database query for table users
2019-02-13T15:33:44.038472 Completed database query for table users
2019-02-13T15:33:43.234543 Received request from 102.23.55.32 for /example
2018-02-13T15:33:44.726534 Started database query for table users
2019-02-13T15:33:44.038472 Completed database query for table users
2019-02-13T15:33:43.234543 Received request from 102.23.55.32 for /example
2012-02-13T15:33:44.726534 Started database query for table users
2019-02-13T15:33:44.038472 Completed database query for table users
2019-02-13T15:33:43.234543 Received request from 102.23.55.32 for /example
2019-02-13T15:33:44.726534 Started database query for table users
2019-02-13T15:33:44.038472 Completed database query for table users
2015-02-13T15:33:43.234543 Received request from 102.23.55.32 for /example
2019-02-13T15:33:44.726534 Started database query for table users
2019-02-13T15:33:44.038472 Completed database query for table users
2019-02-13T15:33:43.234543 Received request from 102.23.55.32 for /example
2019-02-13T15:33:44.726534 Started database query for table users
2019-02-13T15:33:44.038472 Completed database query for table users
2019-02-13T15:33:43.234543 Received request from 102.23.55.32 for /example
2019-02-13T15:33:44.726534 Started database query for table users
2019-02-13T15:33:44.038472 Completed database query for table users
2019-02-13T15:33:43.234543 Received request from 102.23.55.32 for /example
2019-02-13T15:33:44.726534 Started database query for table users
2019-02-13T15:33:44.038472 Completed database query for table users
2019-02-13T15:33:43.234543 Received request from 102.23.55.32 for /example
2019-02-13T15:33:44.726534 Started database query for table users
2019-02-13T15:33:44.038472 Completed database query for table users
2019-02-13T15:33:43.234543 Received request from 102.23.55.32 for /example
2019-02-13T15:33:44.726534 Started database query for table users
2019-02-13T15:33:44.038472 Completed database query for table users
2019-02-13T15:33:43.234543 Received request from 102.23.55.32 for /example
2019-02-13T15:33:44.726534 Started database query for table users
2019-02-13T15:33:44.038472 Completed database query for table users
2019-02-13T15:33:43.234543 Received request from 102.23.55.32 for /example
2019-02-13T15:33:44.726534 Started database query for table users
2019-02-13T15:33:44.038472 Completed database query for table users
2019-02-13T15:33:43.234543 Received request from 102.23.55.32 for /example
2006-02-13T15:33:44.726534 Started database query for table users
2019-02-13T15:33:44.038472 Completed database query for table users
2019-02-13T15:33:43.234543 Received request from 102.23.55.32 for /example
2009-02-13T15:33:44.726534 Started database query for table users
2019-02-13T15:33:44.038472 Completed database query for table users
2019-02-13T15:33:43.234543 Received request from 102.23.55.32 for /example
2018-02-13T15:33:44.726534 Started database query for table users
2019-02-13T15:33:44.038472 Completed database query for table users
2019-02-13T15:33:43.234543 Received request from 102.23.55.32 for /example
2012-02-13T15:33:44.726534 Started database query for table users
2019-02-13T15:33:44.038472 Completed database query for table users
2019-02-13T15:33:43.234543 Received request from 102.23.55.32 for /example
2019-02-13T15:33:44.726534 Started database query for table users
2019-02-13T15:33:44.038472 Completed database query for table users
2015-02-13T15:33:43.234543 Received request from 102.23.55.32 for /example
2019-02-13T15:33:44.726534 Started database query for table users
2019-02-13T15:33:44.038472 Completed database query for table users
2019-02-13T15:33:43.234543 Received request from 102.23.55.32 for /example
2019-02-13T15:33:44.726534 Started database query for table users
2019-02-13T15:33:44.038472 Completed database query for table users
2019-02-13T15:33:43.234543 Received request from 102.23.55.32 for /example
2019-02-13T15:33:44.726534 Started database query for table users
2019-02-13T15:33:44.038472 Completed database query for table users
2019-02-13T15:33:43.234543 Received request from 102.23.55.32 for /example
2019-02-13T15:33:44.726534 Started database query for table users
2019-02-13T15:33:44.038472 Completed database query for table users
2019-02-13T15:33:43.234543 Received request from 102.23.55.32 for /example
2019-02-13T15:33:44.726534 Started database query for table users
2019-02-13T15:33:44.038472 Completed database query for table users
2019-02-13T15:33:43.234543 Received request from 102.23.55.32 for /example
2019-02-13T15:33:44.726534 Started database query for table users
2019-02-13T15:33:44.038472 Completed database query for table users
2019-02-13T15:33:43.234543 Received request from 102.23.55.32 for /example
2019-02-13T15:33:44.726534 Started database query for table users
2019-02-13T15:33:44.038472 Completed database query for table users
2019-02-13T15:33:43.234543 Received request from 102.23.55.32 for /example
2019-02-13T15:33:44.726534 Started database query for table users
2019-02-13T15:33:44.038472 Completed database query for table users
2019-02-13T15:33:43.234543 Received request from 102.23.55.32 for /example
2006-02-13T15:33:44.726534 Started database query for table users
2019-02-13T15:33:44.038472 Completed database query for table users
2019-02-13T15:33:43.234543 Received request from 102.23.55.32 for /example
2009-02-13T15:33:44.726534 Started database query for table users
2019-02-13T15:33:44.038472 Completed database query for table users
2019-02-13T15:33:43.234543 Received request from 102.23.55.32 for /example
2018-02-13T15:33:44.726534 Started database query for table users
2019-02-13T15:33:44.038472 Completed database query for table users
2019-02-13T15:33:43.234543 Received request from 102.23.55.32 for /example
2012-02-13T15:33:44.726534 Started database query for table users
2019-02-13T15:33:44.038472 Completed database query for table users
2019-02-13T15:33:43.234543 Received request from 102.23.55.32 for /example
2019-02-13T15:33:44.726534 Started database query for table users
2019-02-13T15:33:44.038472 Completed database query for table users
2015-02-13T15:33:43.234543 Received request from 102.23.55.32 for /example
2019-02-13T15:33:44.726534 Started database query for table users
2019-02-13T15:33:44.038472 Completed database query for table users
2019-02-13T15:33:43.234543 Received request from 102.23.55.32 for /example
2019-02-13T15:33:44.726534 Started database query for table users
2019-02-13T15:33:44.038472 Completed database query for table users
2019-02-13T15:33:43.234543 Received request from 102.23.55.32 for /example
2019-02-13T15:33:44.726534 Started database query for table users
2019-02-13T15:33:44.038472 Completed database query for table users
2019-02-13T15:33:43.234543 Received request from 102.23.55.32 for /example
2019-02-13T15:33:44.726534 Started database query for table users
2019-02-13T15:33:44.038472 Completed database query for table users
2019-02-13T15:33:43.234543 Received request from 102.23.55.32 for /example
2019-02-13T15:33:44.726534 Started database query for table users
2019-02-13T15:33:44.038472 Completed database query for table users
2019-02-13T15:33:43.234543 Received request from 102.23.55.32 for /example
2019-02-13T15:33:44.726534 Started database query for table users
2019-02-13T15:33:44.038472 Completed database query for table users
2019-02-13T15:33:43.234543 Received request from 102.23.55.32 for /example
2019-02-13T15:33:44.726534 Started database query for table users
2019-02-13T15:33:44.038472 Completed database query for table users
2019-02-13T15:33:43.234543 Received request from 102.23.55.32 for /example
2019-02-13T15:33:44.726534 Started database query for table users
2019-02-13T15:33:44.038472 Completed database query for table users
2019-02-13T15:33:43.234543 Received request from 102.23.55.32 for /example
2006-02-13T15:33:44.726534 Started database query for table users
2019-02-13T15:33:44.038472 Completed database query for table users
2019-02-13T15:33:43.234543 Received request from 102.23.55.32 for /example
2009-02-13T15:33:44.726534 Started database query for table users
2019-02-13T15:33:44.038472 Completed database query for table users
2019-02-13T15:33:43.234543 Received request from 102.23.55.32 for /example
2018-02-13T15:33:44.726534 Started database query for table users
2019-02-13T15:33:44.038472 Completed database query for table users
2019-02-13T15:33:43.234543 Received request from 102.23.55.32 for /example
2012-02-13T15:33:44.726534 Started database query for table users
2019-02-13T15:33:44.038472 Completed database query for table users
2019-02-13T15:33:43.234543 Received request from 102.23.55.32 for /example
2019-02-13T15:33:44.726534 Started database query for table users
2019-02-13T15:33:44.038472 Completed database query for table users
2015-02-13T15:33:43.234543 Received request from 102.23.55.32 for /example
2019-02-13T15:33:44.726534 Started database query for table users
2019-02-13T15:33:44.038472 Completed database query for table users
2019-02-13T15:33:43.234543 Received request from 102.23.55.32 for /example
2019-02-13T15:33:44.726534 Started database query for table users
2019-02-13T15:33:44.038472 Completed database query for table users
2019-02-13T15:33:43.234543 Received request from 102.23.55.32 for /example
2019-02-13T15:33:44.726534 Started database query for table users
2019-02-13T15:33:44.038472 Completed database query for table users
2019-02-13T15:33:43.234543 Received request from 102.23.55.32 for /example
2019-02-13T15:33:44.726534 Started database query for table users
2019-02-13T15:33:44.038472 Completed database query for table users
2019-02-13T15:33:43.234543 Received request from 102.23.55.32 for /example
2019-02-13T15:33:44.726534 Started database query for table users
2019-02-13T15:33:44.038472 Completed database query for table users
2019-02-13T15:33:43.234543 Received request from 102.23.55.32 for /example
2019-02-13T15:33:44.726534 Started database query for table users
2019-02-13T15:33:44.038472 Completed database query for table users
2019-02-13T15:33:43.234543 Received request from 102.23.55.32 for /example
2019-02-13T15:33:44.726534 Started database query for table users
2019-02-13T15:33:44.038472 Completed database query for table users
2019-02-13T15:33:43.234543 Received request from 102.23.55.32 for /example
2019-02-13T15:33:44.726534 Started database query for table users
2019-02-13T15:33:44.038472 Completed database query for table users
2019-02-13T15:33:43.234543 Received request from 102.23.55.32 for /example
2006-02-13T15:33:44.726534 Started database query for table users
2019-02-13T15:33:44.038472 Completed database query for table users
2019-02-13T15:33:43.234543 Received request from 102.23.55.32 for /example
2009-02-13T15:33:44.726534 Started database query for table users
2019-02-13T15:33:44.038472 Completed database query for table users
2019-02-13T15:33:43.234543 Received request from 102.23.55.32 for /example
2018-02-13T15:33:44.726534 Started database query for table users
2019-02-13T15:33:44.038472 Completed database query for table users
2019-02-13T15:33:43.234543 Received request from 102.23.55.32 for /example
2012-02-13T15:33:44.726534 Started database query for table users
2019-02-13T15:33:44.038472 Completed database query for table users
2019-02-13T15:33:43.234543 Received request from 102.23.55.32 for /example
2019-02-13T15:33:44.726534 Started database query for table users
2019-02-13T15:33:44.038472 Completed database query for table users
2015-02-13T15:33:43.234543 Received request from 102.23.55.32 for /example
2019-02-13T15:33:44.726534 Started database query for table users
2019-02-13T15:33:44.038472 Completed database query for table users
2019-02-13T15:33:43.234543 Received request from 102.23.55.32 for /example
2019-02-13T15:33:44.726534 Started database query for table users
2019-02-13T15:33:44.038472 Completed database query for table users
2019-02-13T15:33:43.234543 Received request from 102.23.55.32 for /example
2019-02-13T15:33:44.726534 Started database query for table users
2019-02-13T15:33:44.038472 Completed database query for table users
2019-02-13T15:33:43.234543 Received request from 102.23.55.32 for /example
2019-02-13T15:33:44.726534 Started database query for table users
2019-02-13T15:33:44.038472 Completed database query for table users
2019-02-13T15:33:43.234543 Received request from 102.23.55.32 for /example
2019-02-13T15:33:44.726534 Started database query for table users
2019-02-13T15:33:44.038472 Completed database query for table users
2019-02-13T15:33:43.234543 Received request from 102.23.55.32 for /example
2019-02-13T15:33:44.726534 Started database query for table users
2019-02-13T15:33:44.038472 Completed database query for table users
2019-02-13T15:33:43.234543 Received request from 102.23.55.32 for /example
2019-02-13T15:33:44.726534 Started database query for table users
2019-02-13T15:33:44.038472 Completed database query for table users
2019-02-13T15:33:43.234543 Received request from 102.23.55.32 for /example
2019-02-13T15:33:44.726534 Started database query for table users
2019-02-13T15:33:44.038472 Completed database query for table users
2019-02-13T15:33:43.234543 Received request from 102.23.55.32 for /example
2006-02-13T15:33:44.726534 Started database query for table users
2019-02-13T15:33:44.038472 Completed database query for table users
2019-02-13T15:33:43.234543 Received request from 102.23.55.32 for /example
2009-02-13T15:33:44.726534 Started database query for table users
2019-02-13T15:33:44.038472 Completed database query for table users
2019-02-13T15:33:43.234543 Received request from 102.23.55.32 for /example
2018-02-13T15:33:44.726534 Started database query for table users
2019-02-13T15:33:44.038472 Completed database query for table users
2019-02-13T15:33:43.234543 Received request from 102.23.55.32 for /example
2012-02-13T15:33:44.726534 Started database query for table users
2019-02-13T15:33:44.038472 Completed database query for table users
2019-02-13T15:33:43.234543 Received request from 102.23.55.32 for /example
2019-02-13T15:33:44.726534 Started database query for table users
2019-02-13T15:33:44.038472 Completed database query for table users
2015-02-13T15:33:43.234543 Received request from 102.23.55.32 for /example
2019-02-13T15:33:44.726534 Started database query for table users
2019-02-13T15:33:44.038472 Completed database query for table users
2019-02-13T15:33:43.234543 Received request from 102.23.55.32 for /example
2019-02-13T15:33:44.726534 Started database query for table users
2019-02-13T15:33:44.038472 Completed database query for table users
2019-02-13T15:33:43.234543 Received request from 102.23.55.32 for /example
2019-02-13T15:33:44.726534 Started database query for table users
2019-02-13T15:33:44.038472 Completed database query for table users
2019-02-13T15:33:43.234543 Received request from 102.23.55.32 for /example
2019-02-13T15:33:44.726534 Started database query for table users
2019-02-13T15:33:44.038472 Completed database query for table users
2019-02-13T15:33:43.234543 Received request from 102.23.55.32 for /example
2019-02-13T15:33:44.726534 Started database query for table users
2019-02-13T15:33:44.038472 Completed database query for table users
2019-02-13T15:33:43.234543 Received request from 102.23.55.32 for /example
2019-02-13T15:33:44.726534 Started database query for table users
2019-02-13T15:33:44.038472 Completed database query for table users
2019-02-13T15:33:43.234543 Received request from 102.23.55.32 for /example
2019-02-13T15:33:44.726534 Started database query for table users
2019-02-13T15:33:44.038472 Completed database query for table users
2019-02-13T15:33:43.234543 Received request from 102.23.55.32 for /example
2019-02-13T15:33:44.726534 Started database query for table users
2019-02-13T15:33:44.038472 Completed database query for table users
2019-02-13T15:33:43.234543 Received request from 102.23.55.32 for /example
2006-02-13T15:33:44.726534 Started database query for table users
2019-02-13T15:33:44.038472 Completed database query for table users
2019-02-13T15:33:43.234543 Received request from 102.23.55.32 for /example
2009-02-13T15:33:44.726534 Started database query for table users
2019-02-13T15:33:44.038472 Completed database query for table users
2019-02-13T15:33:43.234543 Received request from 102.23.55.32 for /example
2018-02-13T15:33:44.726534 Started database query for table users
2019-02-13T15:33:44.038472 Completed database query for table users
2019-02-13T15:33:43.234543 Received request from 102.23.55.32 for /example
2012-02-13T15:33:44.726534 Started database query for table users
2019-02-13T15:33:44.038472 Completed database query for table users
2019-02-13T15:33:43.234543 Received request from 102.23.55.32 for /example
2019-02-13T15:33:44.726534 Started database query for table users
2019-02-13T15:33:44.038472 Completed database query for table users
2015-02-13T15:33:43.234543 Received request from 102.23.55.32 for /example
2019-02-13T15:33:44.726534 Started database query for table users
2019-02-13T15:33:44.038472 Completed database query for table users
2019-02-13T15:33:43.234543 Received request from 102.23.55.32 for /example
2019-02-13T15:33:44.726534 Started database query for table users
2019-02-13T15:33:44.038472 Completed database query for table users
2019-02-13T15:33:43.234543 Received request from 102.23.55.32 for /example
2019-02-13T15:33:44.726534 Started database query for table users
2019-02-13T15:33:44.038472 Completed database query for table users
2019-02-13T15:33:43.234543 Received request from 102.23.55.32 for /example
2019-02-13T15:33:44.726534 Started database query for table users
2019-02-13T15:33:44.038472 Completed database query for table users
2019-02-13T15:33:43.234543 Received request from 102.23.55.32 for /example
2019-02-13T15:33:44.726534 Started database query for table users
2019-02-13T15:33:44.038472 Completed database query for table users
2019-02-13T15:33:43.234543 Received request from 102.23.55.32 for /example
2019-02-13T15:33:44.726534 Started database query for table users
2019-02-13T15:33:44.038472 Completed database query for table users
2019-02-13T15:33:43.234543 Received request from 102.23.55.32 for /example
2019-02-13T15:33:44.726534 Started database query for table users
2019-02-13T15:33:44.038472 Completed database query for table users
2019-02-13T15:33:43.234543 Received request from 102.23.55.32 for /example
2019-02-13T15:33:44.726534 Started database query for table users
2019-02-13T15:33:44.038472 Completed database query for table users
2019-02-13T15:33:43.234543 Received request from 102.23.55.32 for /example
2006-02-13T15:33:44.726534 Started database query for table users
2019-02-13T15:33:44.038472 Completed database query for table users
2019-02-13T15:33:43.234543 Received request from 102.23.55.32 for /example
2009-02-13T15:33:44.726534 Started database query for table users
2019-02-13T15:33:44.038472 Completed database query for table users
2019-02-13T15:33:43.234543 Received request from 102.23.55.32 for /example
2018-02-13T15:33:44.726534 Started database query for table users
2019-02-13T15:33:44.038472 Completed database query for table users
2019-02-13T15:33:43.234543 Received request from 102.23.55.32 for /example
2012-02-13T15:33:44.726534 Started database query for table users
2019-02-13T15:33:44.038472 Completed database query for table users
2019-02-13T15:33:43.234543 Received request from 102.23.55.32 for /example
2019-02-13T15:33:44.726534 Started database query for table users
2019-02-13T15:33:44.038472 Completed database query for table users
2015-02-13T15:33:43.234543 Received request from 102.23.55.32 for /example
2019-02-13T15:33:44.726534 Started database query for table users
2019-02-13T15:33:44.038472 Completed database query for table users
2019-02-13T15:33:43.234543 Received request from 102.23.55.32 for /example
2019-02-13T15:33:44.726534 Started database query for table users
2019-02-13T15:33:44.038472 Completed database query for table users
2019-02-13T15:33:43.234543 Received request from 102.23.55.32 for /example
2019-02-13T15:33:44.726534 Started database query for table users
2019-02-13T15:33:44.038472 Completed database query for table users
2019-02-13T15:33:43.234543 Received request from 102.23.55.32 for /example
2019-02-13T15:33:44.726534 Started database query for table users
2019-02-13T15:33:44.038472 Completed database query for table users
2019-02-13T15:33:43.234543 Received request from 102.23.55.32 for /example
2019-02-13T15:33:44.726534 Started database query for table users
2019-02-13T15:33:44.038472 Completed database query for table users
2019-02-13T15:33:43.234543 Received request from 102.23.55.32 for /example
2019-02-13T15:33:44.726534 Started database query for table users
2019-02-13T15:33:44.038472 Completed database query for table users
2019-02-13T15:33:43.234543 Received request from 102.23.55.32 for /example
2019-02-13T15:33:44.726534 Started database query for table users
2019-02-13T15:33:44.038472 Completed database query for table users
2019-02-13T15:33:43.234543 Received request from 102.23.55.32 for /example
2019-02-13T15:33:44.726534 Started database query for table users
2019-02-13T15:33:44.038472 Completed database query for table users
2019-02-13T15:33:43.234543 Received request from 102.23.55.32 for /example
2006-02-13T15:33:44.726534 Started database query for table users
2019-02-13T15:33:44.038472 Completed database query for table users
2019-02-13T15:33:43.234543 Received request from 102.23.55.32 for /example
2009-02-13T15:33:44.726534 Started database query for table users
2019-02-13T15:33:44.038472 Completed database query for table users
2019-02-13T15:33:43.234543 Received request from 102.23.55.32 for /example
2018-02-13T15:33:44.726534 Started database query for table users
2019-02-13T15:33:44.038472 Completed database query for table users
2019-02-13T15:33:43.234543 Received request from 102.23.55.32 for /example
2012-02-13T15:33:44.726534 Started database query for table users
2019-02-13T15:33:44.038472 Completed database query for table users
2019-02-13T15:33:43.234543 Received request from 102.23.55.32 for /example
2019-02-13T15:33:44.726534 Started database query for table users
2019-02-13T15:33:44.038472 Completed database query for table users
2015-02-13T15:33:43.234543 Received request from 102.23.55.32 for /example
2019-02-13T15:33:44.726534 Started database query for table users
2019-02-13T15:33:44.038472 Completed database query for table users
2019-02-13T15:33:43.234543 Received request from 102.23.55.32 for /example
2019-02-13T15:33:44.726534 Started database query for table users
2019-02-13T15:33:44.038472 Completed database query for table users
2019-02-13T15:33:43.234543 Received request from 102.23.55.32 for /example
2019-02-13T15:33:44.726534 Started database query for table users
2019-02-13T15:33:44.038472 Completed database query for table users
2019-02-13T15:33:43.234543 Received request from 102.23.55.32 for /example
2019-02-13T15:33:44.726534 Started database query for table users
2019-02-13T15:33:44.038472 Completed database query for table users
2019-02-13T15:33:43.234543 Received request from 102.23.55.32 for /example
2019-02-13T15:33:44.726534 Started database query for table users
2019-02-13T15:33:44.038472 Completed database query for table users
2019-02-13T15:33:43.234543 Received request from 102.23.55.32 for /example
2019-02-13T15:33:44.726534 Started database query for table users
2019-02-13T15:33:44.038472 Completed database query for table users
2019-02-13T15:33:43.234543 Received request from 102.23.55.32 for /example
2019-02-13T15:33:44.726534 Started database query for table users
2019-02-13T15:33:44.038472 Completed database query for table users
2019-02-13T15:33:43.234543 Received request from 102.23.55.32 for /example
2019-02-13T15:33:44.726534 Started database query for table users
2019-02-13T15:33:44.038472 Completed database query for table users
2019-02-13T15:33:43.234543 Received request from 102.23.55.32 for /example
2006-02-13T15:33:44.726534 Started database query for table users
2019-02-13T15:33:44.038472 Completed database query for table users
2019-02-13T15:33:43.234543 Received request from 102.23.55.32 for /example
2009-02-13T15:33:44.726534 Started database query for table users
2019-02-13T15:33:44.038472 Completed database query for table users
2019-02-13T15:33:43.234543 Received request from 102.23.55.32 for /example
2018-02-13T15:33:44.726534 Started database query for table users
2019-02-13T15:33:44.038472 Completed database query for table users
2019-02-13T15:33:43.234543 Received request from 102.23.55.32 for /example
2012-02-13T15:33:44.726534 Started database query for table users
2019-02-13T15:33:44.038472 Completed database query for table users
2019-02-13T15:33:43.234543 Received request from 102.23.55.32 for /example
2019-02-13T15:33:44.726534 Started database query for table users
2019-02-13T15:33:44.038472 Completed database query for table users
2015-02-13T15:33:43.234543 Received request from 102.23.55.32 for /example
2019-02-13T15:33:44.726534 Started database query for table users
2019-02-13T15:33:44.038472 Completed database query for table users
2019-02-13T15:33:43.234543 Received request from 102.23.55.32 for /example
2019-02-13T15:33:44.726534 Started database query for table users
2019-02-13T15:33:44.038472 Completed database query for table users
2019-02-13T15:33:43.234543 Received request from 102.23.55.32 for /example
2019-02-13T15:33:44.726534 Started database query for table users
2019-02-13T15:33:44.038472 Completed database query for table users
2019-02-13T15:33:43.234543 Received request from 102.23.55.32 for /example
2019-02-13T15:33:44.726534 Started database query for table users
2019-02-13T15:33:44.038472 Completed database query for table users
2019-02-13T15:33:43.234543 Received request from 102.23.55.32 for /example
2019-02-13T15:33:44.726534 Started database query for table users
2019-02-13T15:33:44.038472 Completed database query for table users
2019-02-13T15:33:43.234543 Received request from 102.23.55.32 for /example
2019-02-13T15:33:44.726534 Started database query for table users
2019-02-13T15:33:44.038472 Completed database query for table users
2019-02-13T15:33:43.234543 Received request from 102.23.55.32 for /example
2019-02-13T15:33:44.726534 Started database query for table users
2019-02-13T15:33:44.038472 Completed database query for table users
2019-02-13T15:33:43.234543 Received request from 102.23.55.32 for /example
2019-02-13T15:33:44.726534 Started database query for table users
2019-02-13T15:33:44.038472 Completed database query for table users
2019-02-13T15:33:43.234543 Received request from 102.23.55.32 for /example
2006-02-13T15:33:44.726534 Started database query for table users
2019-02-13T15:33:44.038472 Completed database query for table users
2019-02-13T15:33:43.234543 Received request from 102.23.55.32 for /example
2009-02-13T15:33:44.726534 Started database query for table users
2019-02-13T15:33:44.038472 Completed database query for table users
2019-02-13T15:33:43.234543 Received request from 102.23.55.32 for /example
2018-02-13T15:33:44.726534 Started database query for table users
2019-02-13T15:33:44.038472 Completed database query for table users
2019-02-13T15:33:43.234543 Received request from 102.23.55.32 for /example
2012-02-13T15:33:44.726534 Started database query for table users
2019-02-13T15:33:44.038472 Completed database query for table users
2019-02-13T15:33:43.234543 Received request from 102.23.55.32 for /example
2019-02-13T15:33:44.726534 Started database query for table users
2019-02-13T15:33:44.038472 Completed database query for table users
2015-02-13T15:33:43.234543 Received request from 102.23.55.32 for /example
2019-02-13T15:33:44.726534 Started database query for table users
2019-02-13T15:33:44.038472 Completed database query for table users
2019-02-13T15:33:43.234543 Received request from 102.23.55.32 for /example
2019-02-13T15:33:44.726534 Started database query for table users
2019-02-13T15:33:44.038472 Completed database query for table users
2019-02-13T15:33:43.234543 Received request from 102.23.55.32 for /example
2019-02-13T15:33:44.726534 Started database query for table users
2019-02-13T15:33:44.038472 Completed database query for table users
2019-02-13T15:33:43.234543 Received request from 102.23.55.32 for /example
2019-02-13T15:33:44.726534 Started database query for table users
2019-02-13T15:33:44.038472 Completed database query for table users
2019-02-13T15:33:43.234543 Received request from 102.23.55.32 for /example
2019-02-13T15:33:44.726534 Started database query for table users
2019-02-13T15:33:44.038472 Completed database query for table users
2019-02-13T15:33:43.234543 Received request from 102.23.55.32 for /example
2019-02-13T15:33:44.726534 Started database query for table users
2019-02-13T15:33:44.038472 Completed database query for table users
2019-02-13T15:33:43.234543 Received request from 102.23.55.32 for /example
2019-02-13T15:33:44.726534 Started database query for table users
2019-02-13T15:33:44.038472 Completed database query for table users
2019-02-13T15:33:43.234543 Received request from 102.23.55.32 for /example
2019-02-13T15:33:44.726534 Started database query for table users
2019-02-13T15:33:44.038472 Completed database query for table users
2019-02-13T15:33:43.234543 Received request from 102.23.55.32 for /example
2006-02-13T15:33:44.726534 Started database query for table users
2019-02-13T15:33:44.038472 Completed database query for table users
2019-02-13T15:33:43.234543 Received request from 102.23.55.32 for /example
2009-02-13T15:33:44.726534 Started database query for table users
2019-02-13T15:33:44.038472 Completed database query for table users
2019-02-13T15:33:43.234543 Received request from 102.23.55.32 for /example
2018-02-13T15:33:44.726534 Started database query for table users
2019-02-13T15:33:44.038472 Completed database query for table users
2019-02-13T15:33:43.234543 Received request from 102.23.55.32 for /example
2012-02-13T15:33:44.726534 Started database query for table users
2019-02-13T15:33:44.038472 Completed database query for table users
2019-02-13T15:33:43.234543 Received request from 102.23.55.32 for /example
2019-02-13T15:33:44.726534 Started database query for table users
2019-02-13T15:33:44.038472 Completed database query for table users
2015-02-13T15:33:43.234543 Received request from 102.23.55.32 for /example
2019-02-13T15:33:44.726534 Started database query for table users
2019-02-13T15:33:44.038472 Completed database query for table users
2019-02-13T15:33:43.234543 Received request from 102.23.55.32 for /example
2019-02-13T15:33:44.726534 Started database query for table users
2019-02-13T15:33:44.038472 Completed database query for table users
2019-02-13T15:33:43.234543 Received request from 102.23.55.32 for /example
2019-02-13T15:33:44.726534 Started database query for table users
2019-02-13T15:33:44.038472 Completed database query for table users
2019-02-13T15:33:43.234543 Received request from 102.23.55.32 for /example
2019-02-13T15:33:44.726534 Started database query for table users
2019-02-13T15:33:44.038472 Completed database query for table users
2019-02-13T15:33:43.234543 Received request from 102.23.55.32 for /example
2019-02-13T15:33:44.726534 Started database query for table users
2019-02-13T15:33:44.038472 Completed database query for table users
2019-02-13T15:33:43.234543 Received request from 102.23.55.32 for /example
2019-02-13T15:33:44.726534 Started database query for table users
2019-02-13T15:33:44.038472 Completed database query for table users
2019-02-13T15:33:43.234543 Received request from 102.23.55.32 for /example
2019-02-13T15:33:44.726534 Started database query for table users
2019-02-13T15:33:44.038472 Completed database query for table users
2019-02-13T15:33:43.234543 Received request from 102.23.55.32 for /example
2019-02-13T15:33:44.726534 Started database query for table users
2019-02-13T15:33:44.038472 Completed database query for table users
2019-02-13T15:33:43.234543 Received request from 102.23.55.32 for /example
2006-02-13T15:33:44.726534 Started database query for table users
2019-02-13T15:33:44.038472 Completed database query for table users
2019-02-13T15:33:43.234543 Received request from 102.23.55.32 for /example
2009-02-13T15:33:44.726534 Started database query for table users
2019-02-13T15:33:44.038472 Completed database query for table users
2019-02-13T15:33:43.234543 Received request from 102.23.55.32 for /example
2018-02-13T15:33:44.726534 Started database query for table users
2019-02-13T15:33:44.038472 Completed database query for table users
2019-02-13T15:33:43.234543 Received request from 102.23.55.32 for /example
2012-02-13T15:33:44.726534 Started database query for table users
2019-02-13T15:33:44.038472 Completed database query for table users
2019-02-13T15:33:43.234543 Received request from 102.23.55.32 for /example
2019-02-13T15:33:44.726534 Started database query for table users
2019-02-13T15:33:44.038472 Completed database query for table users
2015-02-13T15:33:43.234543 Received request from 102.23.55.32 for /example
2019-02-13T15:33:44.726534 Started database query for table users
2019-02-13T15:33:44.038472 Completed database query for table users
2019-02-13T15:33:43.234543 Received request from 102.23.55.32 for /example
2019-02-13T15:33:44.726534 Started database query for table users
2019-02-13T15:33:44.038472 Completed database query for table users
2019-02-13T15:33:43.234543 Received request from 102.23.55.32 for /example
2019-02-13T15:33:44.726534 Started database query for table users
2019-02-13T15:33:44.038472 Completed database query for table users
2019-02-13T15:33:43.234543 Received request from 102.23.55.32 for /example
2019-02-13T15:33:44.726534 Started database query for table users
2019-02-13T15:33:44.038472 Completed database query for table users
2019-02-13T15:33:43.234543 Received request from 102.23.55.32 for /example
2019-02-13T15:33:44.726534 Started database query for table users
2019-02-13T15:33:44.038472 Completed database query for table users
2019-02-13T15:33:43.234543 Received request from 102.23.55.32 for /example
2019-02-13T15:33:44.726534 Started database query for table users
2019-02-13T15:33:44.038472 Completed database query for table users
2019-02-13T15:33:43.234543 Received request from 102.23.55.32 for /example
2019-02-13T15:33:44.726534 Started database query for table users
2019-02-13T15:33:44.038472 Completed database query for table users
2019-02-13T15:33:43.234543 Received request from 102.23.55.32 for /example
2019-02-13T15:33:44.726534 Started database query for table users
2019-02-13T15:33:44.038472 Completed database query for table users
2019-02-13T15:33:43.234543 Received request from 102.23.55.32 for /example
2006-02-13T15:33:44.726534 Started database query for table users
2019-02-13T15:33:44.038472 Completed database query for table users
2019-02-13T15:33:43.234543 Received request from 102.23.55.32 for /example
2009-02-13T15:33:44.726534 Started database query for table users
2019-02-13T15:33:44.038472 Completed database query for table users
2019-02-13T15:33:43.234543 Received request from 102.23.55.32 for /example
2018-02-13T15:33:44.726534 Started database query for table users
2019-02-13T15:33:44.038472 Completed database query for table users
2019-02-13T15:33:43.234543 Received request from 102.23.55.32 for /example
2012-02-13T15:33:44.726534 Started database query for table users
2019-02-13T15:33:44.038472 Completed database query for table users
2019-02-13T15:33:43.234543 Received request from 102.23.55.32 for /example
2019-02-13T15:33:44.726534 Started database query for table users
2019-02-13T15:33:44.038472 Completed database query for table users
2015-02-13T15:33:43.234543 Received request from 102.23.55.32 for /example
2019-02-13T15:33:44.726534 Started database query for table users
2019-02-13T15:33:44.038472 Completed database query for table users
2019-02-13T15:33:43.234543 Received request from 102.23.55.32 for /example
2019-02-13T15:33:44.726534 Started database query for table users
2019-02-13T15:33:44.038472 Completed database query for table users
2019-02-13T15:33:43.234543 Received request from 102.23.55.32 for /example
2019-02-13T15:33:44.726534 Started database query for table users
2019-02-13T15:33:44.038472 Completed database query for table users
2019-02-13T15:33:43.234543 Received request from 102.23.55.32 for /example
2019-02-13T15:33:44.726534 Started database query for table users
2019-02-13T15:33:44.038472 Completed database query for table users
2019-02-13T15:33:43.234543 Received request from 102.23.55.32 for /example
2019-02-13T15:33:44.726534 Started database query for table users
2019-02-13T15:33:44.038472 Completed database query for table users
2019-02-13T15:33:43.234543 Received request from 102.23.55.32 for /example
2019-02-13T15:33:44.726534 Started database query for table users
2019-02-13T15:33:44.038472 Completed database query for table users
2019-02-13T15:33:43.234543 Received request from 102.23.55.32 for /example
2019-02-13T15:33:44.726534 Started database query for table users
2019-02-13T15:33:44.038472 Completed database query for table users
2019-02-13T15:33:43.234543 Received request from 102.23.55.32 for /example
2019-02-13T15:33:44.726534 Started database query for table users
2019-02-13T15:33:44.038472 Completed database query for table users
2019-02-13T15:33:43.234543 Received request from 102.23.55.32 for /example
2006-02-13T15:33:44.726534 Started database query for table users
2019-02-13T15:33:44.038472 Completed database query for table users
2019-02-13T15:33:43.234543 Received request from 102.23.55.32 for /example
2009-02-13T15:33:44.726534 Started database query for table users
2019-02-13T15:33:44.038472 Completed database query for table users
2019-02-13T15:33:43.234543 Received request from 102.23.55.32 for /example
2018-02-13T15:33:44.726534 Started database query for table users
2019-02-13T15:33:44.038472 Completed database query for table users
2019-02-13T15:33:43.234543 Received request from 102.23.55.32 for /example
2012-02-13T15:33:44.726534 Started database query for table users
2019-02-13T15:33:44.038472 Completed database query for table users
2019-02-13T15:33:43.234543 Received request from 102.23.55.32 for /example
2019-02-13T15:33:44.726534 Started database query for table users
2019-02-13T15:33:44.038472 Completed database query for table users
2015-02-13T15:33:43.234543 Received request from 102.23.55.32 for /example
2019-02-13T15:33:44.726534 Started database query for table users
2019-02-13T15:33:44.038472 Completed database query for table users
2019-02-13T15:33:43.234543 Received request from 102.23.55.32 for /example
2019-02-13T15:33:44.726534 Started database query for table users
2019-02-13T15:33:44.038472 Completed database query for table users
2019-02-13T15:33:43.234543 Received request from 102.23.55.32 for /example
2019-02-13T15:33:44.726534 Started database query for table users
2019-02-13T15:33:44.038472 Completed database query for table users
2019-02-13T15:33:43.234543 Received request from 102.23.55.32 for /example
2019-02-13T15:33:44.726534 Started database query for table users
2019-02-13T15:33:44.038472 Completed database query for table users
2019-02-13T15:33:43.234543 Received request from 102.23.55.32 for /example
2019-02-13T15:33:44.726534 Started database query for table users
2019-02-13T15:33:44.038472 Completed database query for table users
2019-02-13T15:33:43.234543 Received request from 102.23.55.32 for /example
2019-02-13T15:33:44.726534 Started database query for table users
2019-02-13T15:33:44.038472 Completed database query for table users
2019-02-13T15:33:43.234543 Received request from 102.23.55.32 for /example
2019-02-13T15:33:44.726534 Started database query for table users
2019-02-13T15:33:44.038472 Completed database query for table users
2019-02-13T15:33:43.234543 Received request from 102.23.55.32 for /example
2019-02-13T15:33:44.726534 Started database query for table users
2019-02-13T15:33:44.038472 Completed database query for table users
2019-02-13T15:33:43.234543 Received request from 102.23.55.32 for /example
2006-02-13T15:33:44.726534 Started database query for table users
2019-02-13T15:33:44.038472 Completed database query for table users
2019-02-13T15:33:43.234543 Received request from 102.23.55.32 for /example
2009-02-13T15:33:44.726534 Started database query for table users
2019-02-13T15:33:44.038472 Completed database query for table users
2019-02-13T15:33:43.234543 Received request from 102.23.55.32 for /example
2018-02-13T15:33:44.726534 Started database query for table users
2019-02-13T15:33:44.038472 Completed database query for table users
2019-02-13T15:33:43.234543 Received request from 102.23.55.32 for /example
2012-02-13T15:33:44.726534 Started database query for table users
2019-02-13T15:33:44.038472 Completed database query for table users
2019-02-13T15:33:43.234543 Received request from 102.23.55.32 for /example
2019-02-13T15:33:44.726534 Started database query for table users
2019-02-13T15:33:44.038472 Completed database query for table users
2015-02-13T15:33:43.234543 Received request from 102.23.55.32 for /example
2019-02-13T15:33:44.726534 Started database query for table users
2019-02-13T15:33:44.038472 Completed database query for table users
2019-02-13T15:33:43.234543 Received request from 102.23.55.32 for /example
2019-02-13T15:33:44.726534 Started database query for table users
2019-02-13T15:33:44.038472 Completed database query for table users
2019-02-13T15:33:43.234543 Received request from 102.23.55.32 for /example
2019-02-13T15:33:44.726534 Started database query for table users
2019-02-13T15:33:44.038472 Completed database query for table users
2019-02-13T15:33:43.234543 Received request from 102.23.55.32 for /example
2019-02-13T15:33:44.726534 Started database query for table users
2019-02-13T15:33:44.038472 Completed database query for table users
2019-02-13T15:33:43.234543 Received request from 102.23.55.32 for /example
2019-02-13T15:33:44.726534 Started database query for table users
2019-02-13T15:33:44.038472 Completed database query for table users
2019-02-13T15:33:43.234543 Received request from 102.23.55.32 for /example
2019-02-13T15:33:44.726534 Started database query for table users
2019-02-13T15:33:44.038472 Completed database query for table users
2019-02-13T15:33:43.234543 Received request from 102.23.55.32 for /example
2019-02-13T15:33:44.726534 Started database query for table users
2019-02-13T15:33:44.038472 Completed database query for table users
2019-02-13T15:33:43.234543 Received request from 102.23.55.32 for /example
2019-02-13T15:33:44.726534 Started database query for table users
2019-02-13T15:33:44.038472 Completed database query for table users
2019-02-13T15:33:43.234543 Received request from 102.23.55.32 for /example
2006-02-13T15:33:44.726534 Started database query for table users
2019-02-13T15:33:44.038472 Completed database query for table users
2019-02-13T15:33:43.234543 Received request from 102.23.55.32 for /example
2009-02-13T15:33:44.726534 Started database query for table users
2019-02-13T15:33:44.038472 Completed database query for table users
2019-02-13T15:33:43.234543 Received request from 102.23.55.32 for /example
2018-02-13T15:33:44.726534 Started database query for table users
2019-02-13T15:33:44.038472 Completed database query for table users
2019-02-13T15:33:43.234543 Received request from 102.23.55.32 for /example
2012-02-13T15:33:44.726534 Started database query for table users
2019-02-13T15:33:44.038472 Completed database query for table users
2019-02-13T15:33:43.234543 Received request from 102.23.55.32 for /example
2019-02-13T15:33:44.726534 Started database query for table users
2019-02-13T15:33:44.038472 Completed database query for table users
2015-02-13T15:33:43.234543 Received request from 102.23.55.32 for /example
2019-02-13T15:33:44.726534 Started database query for table users
2019-02-13T15:33:44.038472 Completed database query for table users
2019-02-13T15:33:43.234543 Received request from 102.23.55.32 for /example
2019-02-13T15:33:44.726534 Started database query for table users
2019-02-13T15:33:44.038472 Completed database query for table users
2019-02-13T15:33:43.234543 Received request from 102.23.55.32 for /example
2019-02-13T15:33:44.726534 Started database query for table users
2019-02-13T15:33:44.038472 Completed database query for table users
2019-02-13T15:33:43.234543 Received request from 102.23.55.32 for /example
2019-02-13T15:33:44.726534 Started database query for table users
2019-02-13T15:33:44.038472 Completed database query for table users
2019-02-13T15:33:43.234543 Received request from 102.23.55.32 for /example
2019-02-13T15:33:44.726534 Started database query for table users
2019-02-13T15:33:44.038472 Completed database query for table users
2019-02-13T15:33:43.234543 Received request from 102.23.55.32 for /example
2019-02-13T15:33:44.726534 Started database query for table users
2019-02-13T15:33:44.038472 Completed database query for table users
2019-02-13T15:33:43.234543 Received request from 102.23.55.32 for /example
2019-02-13T15:33:44.726534 Started database query for table users
2019-02-13T15:33:44.038472 Completed database query for table users
2019-02-13T15:33:43.234543 Received request from 102.23.55.32 for /example
2019-02-13T15:33:44.726534 Started database query for table users
2019-02-13T15:33:44.038472 Completed database query for table users
2019-02-13T15:33:43.234543 Received request from 102.23.55.32 for /example
2006-02-13T15:33:44.726534 Started database query for table users
2019-02-13T15:33:44.038472 Completed database query for table users
2019-02-13T15:33:43.234543 Received request from 102.23.55.32 for /example
2009-02-13T15:33:44.726534 Started database query for table users
2019-02-13T15:33:44.038472 Completed database query for table users
2019-02-13T15:33:43.234543 Received request from 102.23.55.32 for /example
2018-02-13T15:33:44.726534 Started database query for table users
2019-02-13T15:33:44.038472 Completed database query for table users
2019-02-13T15:33:43.234543 Received request from 102.23.55.32 for /example
2012-02-13T15:33:44.726534 Started database query for table users
2019-02-13T15:33:44.038472 Completed database query for table users
2019-02-13T15:33:43.234543 Received request from 102.23.55.32 for /example
2019-02-13T15:33:44.726534 Started database query for table users
2019-02-13T15:33:44.038472 Completed database query for table users
2015-02-13T15:33:43.234543 Received request from 102.23.55.32 for /example
2019-02-13T15:33:44.726534 Started database query for table users
2019-02-13T15:33:44.038472 Completed database query for table users
2019-02-13T15:33:43.234543 Received request from 102.23.55.32 for /example
2019-02-13T15:33:44.726534 Started database query for table users
2019-02-13T15:33:44.038472 Completed database query for table users
2019-02-13T15:33:43.234543 Received request from 102.23.55.32 for /example
2019-02-13T15:33:44.726534 Started database query for table users
2019-02-13T15:33:44.038472 Completed database query for table users
2019-02-13T15:33:43.234543 Received request from 102.23.55.32 for /example
2019-02-13T15:33:44.726534 Started database query for table users
2019-02-13T15:33:44.038472 Completed database query for table users
2019-02-13T15:33:43.234543 Received request from 102.23.55.32 for /example
2019-02-13T15:33:44.726534 Started database query for table users
2019-02-13T15:33:44.038472 Completed database query for table users
2019-02-13T15:33:43.234543 Received request from 102.23.55.32 for /example
2019-02-13T15:33:44.726534 Started database query for table users
2019-02-13T15:33:44.038472 Completed database query for table users
2019-02-13T15:33:43.234543 Received request from 102.23.55.32 for /example
2019-02-13T15:33:44.726534 Started database query for table users
2019-02-13T15:33:44.038472 Completed database query for table users
2019-02-13T15:33:43.234543 Received request from 102.23.55.32 for /example
2019-02-13T15:33:44.726534 Started database query for table users
2019-02-13T15:33:44.038472 Completed database query for table users
2019-02-13T15:33:43.234543 Received request from 102.23.55.32 for /example
2006-02-13T15:33:44.726534 Started database query for table users
2019-02-13T15:33:44.038472 Completed database query for table users
2019-02-13T15:33:43.234543 Received request from 102.23.55.32 for /example
2009-02-13T15:33:44.726534 Started database query for table users
2019-02-13T15:33:44.038472 Completed database query for table users
2019-02-13T15:33:43.234543 Received request from 102.23.55.32 for /example
2018-02-13T15:33:44.726534 Started database query for table users
2019-02-13T15:33:44.038472 Completed database query for table users
2019-02-13T15:33:43.234543 Received request from 102.23.55.32 for /example
2012-02-13T15:33:44.726534 Started database query for table users
2019-02-13T15:33:44.038472 Completed database query for table users
2019-02-13T15:33:43.234543 Received request from 102.23.55.32 for /example
2019-02-13T15:33:44.726534 Started database query for table users
2019-02-13T15:33:44.038472 Completed database query for table users
2015-02-13T15:33:43.234543 Received request from 102.23.55.32 for /example
2019-02-13T15:33:44.726534 Started database query for table users
2019-02-13T15:33:44.038472 Completed database query for table users
2019-02-13T15:33:43.234543 Received request from 102.23.55.32 for /example
2019-02-13T15:33:44.726534 Started database query for table users
2019-02-13T15:33:44.038472 Completed database query for table users
2019-02-13T15:33:43.234543 Received request from 102.23.55.32 for /example
2019-02-13T15:33:44.726534 Started database query for table users
2019-02-13T15:33:44.038472 Completed database query for table users
2019-02-13T15:33:43.234543 Received request from 102.23.55.32 for /example
2019-02-13T15:33:44.726534 Started database query for table users
2019-02-13T15:33:44.038472 Completed database query for table users
2019-02-13T15:33:43.234543 Received request from 102.23.55.32 for /example
2019-02-13T15:33:44.726534 Started database query for table users
2019-02-13T15:33:44.038472 Completed database query for table users
2019-02-13T15:33:43.234543 Received request from 102.23.55.32 for /example
2019-02-13T15:33:44.726534 Started database query for table users
2019-02-13T15:33:44.038472 Completed database query for table users
2019-02-13T15:33:43.234543 Received request from 102.23.55.32 for /example
2019-02-13T15:33:44.726534 Started database query for table users
2019-02-13T15:33:44.038472 Completed database query for table users
2019-02-13T15:33:43.234543 Received request from 102.23.55.32 for /example
2019-02-13T15:33:44.726534 Started database query for table users
2019-02-13T15:33:44.038472 Completed database query for table users
2019-02-13T15:33:43.234543 Received request from 102.23.55.32 for /example
2006-02-13T15:33:44.726534 Started database query for table users
2019-02-13T15:33:44.038472 Completed database query for table users
2019-02-13T15:33:43.234543 Received request from 102.23.55.32 for /example
2009-02-13T15:33:44.726534 Started database query for table users
2019-02-13T15:33:44.038472 Completed database query for table users
2019-02-13T15:33:43.234543 Received request from 102.23.55.32 for /example
2018-02-13T15:33:44.726534 Started database query for table users
2019-02-13T15:33:44.038472 Completed database query for table users
2019-02-13T15:33:43.234543 Received request from 102.23.55.32 for /example
2012-02-13T15:33:44.726534 Started database query for table users
2019-02-13T15:33:44.038472 Completed database query for table users
2019-02-13T15:33:43.234543 Received request from 102.23.55.32 for /example
2019-02-13T15:33:44.726534 Started database query for table users
2019-02-13T15:33:44.038472 Completed database query for table users
2015-02-13T15:33:43.234543 Received request from 102.23.55.32 for /example
2019-02-13T15:33:44.726534 Started database query for table users
2019-02-13T15:33:44.038472 Completed database query for table users
2019-02-13T15:33:43.234543 Received request from 102.23.55.32 for /example
2019-02-13T15:33:44.726534 Started database query for table users
2019-02-13T15:33:44.038472 Completed database query for table users
2019-02-13T15:33:43.234543 Received request from 102.23.55.32 for /example
2019-02-13T15:33:44.726534 Started database query for table users
2019-02-13T15:33:44.038472 Completed database query for table users
2019-02-13T15:33:43.234543 Received request from 102.23.55.32 for /example
2019-02-13T15:33:44.726534 Started database query for table users
2019-02-13T15:33:44.038472 Completed database query for table users
2019-02-13T15:33:43.234543 Received request from 102.23.55.32 for /example
2019-02-13T15:33:44.726534 Started database query for table users
2019-02-13T15:33:44.038472 Completed database query for table users
2019-02-13T15:33:43.234543 Received request from 102.23.55.32 for /example
2019-02-13T15:33:44.726534 Started database query for table users
2019-02-13T15:33:44.038472 Completed database query for table users
2019-02-13T15:33:43.234543 Received request from 102.23.55.32 for /example
2019-02-13T15:33:44.726534 Started database query for table users
2019-02-13T15:33:44.038472 Completed database query for table users
2019-02-13T15:33:43.234543 Received request from 102.23.55.32 for /example
2019-02-13T15:33:44.726534 Started database query for table users
2019-02-13T15:33:44.038472 Completed database query for table users
2019-02-13T15:33:43.234543 Received request from 102.23.55.32 for /example
2006-02-13T15:33:44.726534 Started database query for table users
2019-02-13T15:33:44.038472 Completed database query for table users
2019-02-13T15:33:43.234543 Received request from 102.23.55.32 for /example
2009-02-13T15:33:44.726534 Started database query for table users
2019-02-13T15:33:44.038472 Completed database query for table users
2019-02-13T15:33:43.234543 Received request from 102.23.55.32 for /example
2018-02-13T15:33:44.726534 Started database query for table users
2019-02-13T15:33:44.038472 Completed database query for table users
2019-02-13T15:33:43.234543 Received request from 102.23.55.32 for /example
2012-02-13T15:33:44.726534 Started database query for table users
2019-02-13T15:33:44.038472 Completed database query for table users
2019-02-13T15:33:43.234543 Received request from 102.23.55.32 for /example
2019-02-13T15:33:44.726534 Started database query for table users
2019-02-13T15:33:44.038472 Completed database query for table users
2015-02-13T15:33:43.234543 Received request from 102.23.55.32 for /example
2019-02-13T15:33:44.726534 Started database query for table users
2019-02-13T15:33:44.038472 Completed database query for table users
2019-02-13T15:33:43.234543 Received request from 102.23.55.32 for /example
2019-02-13T15:33:44.726534 Started database query for table users
2019-02-13T15:33:44.038472 Completed database query for table users
2019-02-13T15:33:43.234543 Received request from 102.23.55.32 for /example
2019-02-13T15:33:44.726534 Started database query for table users
2019-02-13T15:33:44.038472 Completed database query for table users
2019-02-13T15:33:43.234543 Received request from 102.23.55.32 for /example
2019-02-13T15:33:44.726534 Started database query for table users
2019-02-13T15:33:44.038472 Completed database query for table users
2019-02-13T15:33:43.234543 Received request from 102.23.55.32 for /example
2019-02-13T15:33:44.726534 Started database query for table users
2019-02-13T15:33:44.038472 Completed database query for table users
2019-02-13T15:33:43.234543 Received request from 102.23.55.32 for /example
2019-02-13T15:33:44.726534 Started database query for table users
2019-02-13T15:33:44.038472 Completed database query for table users
2019-02-13T15:33:43.234543 Received request from 102.23.55.32 for /example
2019-02-13T15:33:44.726534 Started database query for table users
2019-02-13T15:33:44.038472 Completed database query for table users
2019-02-13T15:33:43.234543 Received request from 102.23.55.32 for /example
2019-02-13T15:33:44.726534 Started database query for table users
2019-02-13T15:33:44.038472 Completed database query for table users
2019-02-13T15:33:43.234543 Received request from 102.23.55.32 for /example
2006-02-13T15:33:44.726534 Started database query for table users
2019-02-13T15:33:44.038472 Completed database query for table users
2019-02-13T15:33:43.234543 Received request from 102.23.55.32 for /example
2009-02-13T15:33:44.726534 Started database query for table users
2019-02-13T15:33:44.038472 Completed database query for table users
2019-02-13T15:33:43.234543 Received request from 102.23.55.32 for /example
2018-02-13T15:33:44.726534 Started database query for table users
2019-02-13T15:33:44.038472 Completed database query for table users
2019-02-13T15:33:43.234543 Received request from 102.23.55.32 for /example
2012-02-13T15:33:44.726534 Started database query for table users
2019-02-13T15:33:44.038472 Completed database query for table users
2019-02-13T15:33:43.234543 Received request from 102.23.55.32 for /example
2019-02-13T15:33:44.726534 Started database query for table users
2019-02-13T15:33:44.038472 Completed database query for table users
2015-02-13T15:33:43.234543 Received request from 102.23.55.32 for /example
2019-02-13T15:33:44.726534 Started database query for table users
2019-02-13T15:33:44.038472 Completed database query for table users
2019-02-13T15:33:43.234543 Received request from 102.23.55.32 for /example
2019-02-13T15:33:44.726534 Started database query for table users
2019-02-13T15:33:44.038472 Completed database query for table users
2019-02-13T15:33:43.234543 Received request from 102.23.55.32 for /example
2019-02-13T15:33:44.726534 Started database query for table users
2019-02-13T15:33:44.038472 Completed database query for table users
2019-02-13T15:33:43.234543 Received request from 102.23.55.32 for /example
2019-02-13T15:33:44.726534 Started database query for table users
2019-02-13T15:33:44.038472 Completed database query for table users
2019-02-13T15:33:43.234543 Received request from 102.23.55.32 for /example
2019-02-13T15:33:44.726534 Started database query for table users
2019-02-13T15:33:44.038472 Completed database query for table users
2019-02-13T15:33:43.234543 Received request from 102.23.55.32 for /example
2019-02-13T15:33:44.726534 Started database query for table users
2019-02-13T15:33:44.038472 Completed database query for table users
2019-02-13T15:33:43.234543 Received request from 102.23.55.32 for /example
2019-02-13T15:33:44.726534 Started database query for table users
2019-02-13T15:33:44.038472 Completed database query for table users
2019-02-13T15:33:43.234543 Received request from 102.23.55.32 for /example
2019-02-13T15:33:44.726534 Started database query for table users
2019-02-13T15:33:44.038472 Completed database query for table users
2019-02-13T15:33:43.234543 Received request from 102.23.55.32 for /example
2006-02-13T15:33:44.726534 Started database query for table users
2019-02-13T15:33:44.038472 Completed database query for table users
2019-02-13T15:33:43.234543 Received request from 102.23.55.32 for /example
2009-02-13T15:33:44.726534 Started database query for table users
2019-02-13T15:33:44.038472 Completed database query for table users
2019-02-13T15:33:43.234543 Received request from 102.23.55.32 for /example
2018-02-13T15:33:44.726534 Started database query for table users
2019-02-13T15:33:44.038472 Completed database query for table users
2019-02-13T15:33:43.234543 Received request from 102.23.55.32 for /example
2012-02-13T15:33:44.726534 Started database query for table users
2019-02-13T15:33:44.038472 Completed database query for table users
2019-02-13T15:33:43.234543 Received request from 102.23.55.32 for /example
2019-02-13T15:33:44.726534 Started database query for table users
2019-02-13T15:33:44.038472 Completed database query for table users
2015-02-13T15:33:43.234543 Received request from 102.23.55.32 for /example
2019-02-13T15:33:44.726534 Started database query for table users
2019-02-13T15:33:44.038472 Completed database query for table users
2019-02-13T15:33:43.234543 Received request from 102.23.55.32 for /example
2019-02-13T15:33:44.726534 Started database query for table users
2019-02-13T15:33:44.038472 Completed database query for table users
2019-02-13T15:33:43.234543 Received request from 102.23.55.32 for /example
2019-02-13T15:33:44.726534 Started database query for table users
2019-02-13T15:33:44.038472 Completed database query for table users
2019-02-13T15:33:43.234543 Received request from 102.23.55.32 for /example
2019-02-13T15:33:44.726534 Started database query for table users
2019-02-13T15:33:44.038472 Completed database query for table users
2019-02-13T15:33:43.234543 Received request from 102.23.55.32 for /example
2019-02-13T15:33:44.726534 Started database query for table users
2019-02-13T15:33:44.038472 Completed database query for table users
2019-02-13T15:33:43.234543 Received request from 102.23.55.32 for /example
2019-02-13T15:33:44.726534 Started database query for table users
2019-02-13T15:33:44.038472 Completed database query for table users
2019-02-13T15:33:43.234543 Received request from 102.23.55.32 for /example
2019-02-13T15:33:44.726534 Started database query for table users
2019-02-13T15:33:44.038472 Completed database query for table users
2019-02-13T15:33:43.234543 Received request from 102.23.55.32 for /example
2019-02-13T15:33:44.726534 Started database query for table users
2019-02-13T15:33:44.038472 Completed database query for table users
2019-02-13T15:33:43.234543 Received request from 102.23.55.32 for /example
2006-02-13T15:33:44.726534 Started database query for table users
2019-02-13T15:33:44.038472 Completed database query for table users
2019-02-13T15:33:43.234543 Received request from 102.23.55.32 for /example
2009-02-13T15:33:44.726534 Started database query for table users
2019-02-13T15:33:44.038472 Completed database query for table users
2019-02-13T15:33:43.234543 Received request from 102.23.55.32 for /example
2018-02-13T15:33:44.726534 Started database query for table users
2019-02-13T15:33:44.038472 Completed database query for table users
2019-02-13T15:33:43.234543 Received request from 102.23.55.32 for /example
2012-02-13T15:33:44.726534 Started database query for table users
2019-02-13T15:33:44.038472 Completed database query for table users
2019-02-13T15:33:43.234543 Received request from 102.23.55.32 for /example
2019-02-13T15:33:44.726534 Started database query for table users
2019-02-13T15:33:44.038472 Completed database query for table users
2015-02-13T15:33:43.234543 Received request from 102.23.55.32 for /example
2019-02-13T15:33:44.726534 Started database query for table users
2019-02-13T15:33:44.038472 Completed database query for table users
2019-02-13T15:33:43.234543 Received request from 102.23.55.32 for /example
2019-02-13T15:33:44.726534 Started database query for table users
2019-02-13T15:33:44.038472 Completed database query for table users
2019-02-13T15:33:43.234543 Received request from 102.23.55.32 for /example
2019-02-13T15:33:44.726534 Started database query for table users
2019-02-13T15:33:44.038472 Completed database query for table users
2019-02-13T15:33:43.234543 Received request from 102.23.55.32 for /example
2019-02-13T15:33:44.726534 Started database query for table users
2019-02-13T15:33:44.038472 Completed database query for table users
2019-02-13T15:33:43.234543 Received request from 102.23.55.32 for /example
2019-02-13T15:33:44.726534 Started database query for table users
2019-02-13T15:33:44.038472 Completed database query for table users
2019-02-13T15:33:43.234543 Received request from 102.23.55.32 for /example
2019-02-13T15:33:44.726534 Started database query for table users
2019-02-13T15:33:44.038472 Completed database query for table users
2019-02-13T15:33:43.234543 Received request from 102.23.55.32 for /example
2019-02-13T15:33:44.726534 Started database query for table users
2019-02-13T15:33:44.038472 Completed database query for table users
2019-02-13T15:33:43.234543 Received request from 102.23.55.32 for /example
2019-02-13T15:33:44.726534 Started database query for table users
2019-02-13T15:33:44.038472 Completed database query for table users
2019-02-13T15:33:43.234543 Received request from 102.23.55.32 for /example
2006-02-13T15:33:44.726534 Started database query for table users
2019-02-13T15:33:44.038472 Completed database query for table users
2019-02-13T15:33:43.234543 Received request from 102.23.55.32 for /example
2009-02-13T15:33:44.726534 Started database query for table users
2019-02-13T15:33:44.038472 Completed database query for table users
2019-02-13T15:33:43.234543 Received request from 102.23.55.32 for /example
2018-02-13T15:33:44.726534 Started database query for table users
2019-02-13T15:33:44.038472 Completed database query for table users
2019-02-13T15:33:43.234543 Received request from 102.23.55.32 for /example
2012-02-13T15:33:44.726534 Started database query for table users
2019-02-13T15:33:44.038472 Completed database query for table users
2019-02-13T15:33:43.234543 Received request from 102.23.55.32 for /example
2019-02-13T15:33:44.726534 Started database query for table users
2019-02-13T15:33:44.038472 Completed database query for table users
2015-02-13T15:33:43.234543 Received request from 102.23.55.32 for /example
2019-02-13T15:33:44.726534 Started database query for table users
2019-02-13T15:33:44.038472 Completed database query for table users
2019-02-13T15:33:43.234543 Received request from 102.23.55.32 for /example
2019-02-13T15:33:44.726534 Started database query for table users
2019-02-13T15:33:44.038472 Completed database query for table users
2019-02-13T15:33:43.234543 Received request from 102.23.55.32 for /example
2019-02-13T15:33:44.726534 Started database query for table users
2019-02-13T15:33:44.038472 Completed database query for table users
2019-02-13T15:33:43.234543 Received request from 102.23.55.32 for /example
2019-02-13T15:33:44.726534 Started database query for table users
2019-02-13T15:33:44.038472 Completed database query for table users
2019-02-13T15:33:43.234543 Received request from 102.23.55.32 for /example
2019-02-13T15:33:44.726534 Started database query for table users
2019-02-13T15:33:44.038472 Completed database query for table users
2019-02-13T15:33:43.234543 Received request from 102.23.55.32 for /example
2019-02-13T15:33:44.726534 Started database query for table users
2019-02-13T15:33:44.038472 Completed database query for table users
2019-02-13T15:33:43.234543 Received request from 102.23.55.32 for /example
2019-02-13T15:33:44.726534 Started database query for table users
2019-02-13T15:33:44.038472 Completed database query for table users
2019-02-13T15:33:43.234543 Received request from 102.23.55.32 for /example
2019-02-13T15:33:44.726534 Started database query for table users
2019-02-13T15:33:44.038472 Completed database query for table users
2019-02-13T15:33:43.234543 Received request from 102.23.55.32 for /example
2006-02-13T15:33:44.726534 Started database query for table users
2019-02-13T15:33:44.038472 Completed database query for table users
2019-02-13T15:33:43.234543 Received request from 102.23.55.32 for /example
2009-02-13T15:33:44.726534 Started database query for table users
2019-02-13T15:33:44.038472 Completed database query for table users
2019-02-13T15:33:43.234543 Received request from 102.23.55.32 for /example
2018-02-13T15:33:44.726534 Started database query for table users
2019-02-13T15:33:44.038472 Completed database query for table users
2019-02-13T15:33:43.234543 Received request from 102.23.55.32 for /example
2012-02-13T15:33:44.726534 Started database query for table users
2019-02-13T15:33:44.038472 Completed database query for table users
2019-02-13T15:33:43.234543 Received request from 102.23.55.32 for /example
2019-02-13T15:33:44.726534 Started database query for table users
2019-02-13T15:33:44.038472 Completed database query for table users
2015-02-13T15:33:43.234543 Received request from 102.23.55.32 for /example
2019-02-13T15:33:44.726534 Started database query for table users
2019-02-13T15:33:44.038472 Completed database query for table users
2019-02-13T15:33:43.234543 Received request from 102.23.55.32 for /example
2019-02-13T15:33:44.726534 Started database query for table users
2019-02-13T15:33:44.038472 Completed database query for table users
2019-02-13T15:33:43.234543 Received request from 102.23.55.32 for /example
2019-02-13T15:33:44.726534 Started database query for table users
2019-02-13T15:33:44.038472 Completed database query for table users
2019-02-13T15:33:43.234543 Received request from 102.23.55.32 for /example
2019-02-13T15:33:44.726534 Started database query for table users
2019-02-13T15:33:44.038472 Completed database query for table users
2019-02-13T15:33:43.234543 Received request from 102.23.55.32 for /example
2019-02-13T15:33:44.726534 Started database query for table users
2019-02-13T15:33:44.038472 Completed database query for table users
2019-02-13T15:33:43.234543 Received request from 102.23.55.32 for /example
2019-02-13T15:33:44.726534 Started database query for table users
2019-02-13T15:33:44.038472 Completed database query for table users
2019-02-13T15:33:43.234543 Received request from 102.23.55.32 for /example
2019-02-13T15:33:44.726534 Started database query for table users
2019-02-13T15:33:44.038472 Completed database query for table users
2019-02-13T15:33:43.234543 Received request from 102.23.55.32 for /example
2019-02-13T15:33:44.726534 Started database query for table users
2019-02-13T15:33:44.038472 Completed database query for table users
2019-02-13T15:33:43.234543 Received request from 102.23.55.32 for /example
2006-02-13T15:33:44.726534 Started database query for table users
2019-02-13T15:33:44.038472 Completed database query for table users
2019-02-13T15:33:43.234543 Received request from 102.23.55.32 for /example
2009-02-13T15:33:44.726534 Started database query for table users
2019-02-13T15:33:44.038472 Completed database query for table users
2019-02-13T15:33:43.234543 Received request from 102.23.55.32 for /example
2018-02-13T15:33:44.726534 Started database query for table users
2019-02-13T15:33:44.038472 Completed database query for table users
2019-02-13T15:33:43.234543 Received request from 102.23.55.32 for /example
2012-02-13T15:33:44.726534 Started database query for table users
2019-02-13T15:33:44.038472 Completed database query for table users
2019-02-13T15:33:43.234543 Received request from 102.23.55.32 for /example
2019-02-13T15:33:44.726534 Started database query for table users
2019-02-13T15:33:44.038472 Completed database query for table users
2015-02-13T15:33:43.234543 Received request from 102.23.55.32 for /example
2019-02-13T15:33:44.726534 Started database query for table users
2019-02-13T15:33:44.038472 Completed database query for table users
2019-02-13T15:33:43.234543 Received request from 102.23.55.32 for /example
2019-02-13T15:33:44.726534 Started database query for table users
2019-02-13T15:33:44.038472 Completed database query for table users
2019-02-13T15:33:43.234543 Received request from 102.23.55.32 for /example
2019-02-13T15:33:44.726534 Started database query for table users
2019-02-13T15:33:44.038472 Completed database query for table users
2019-02-13T15:33:43.234543 Received request from 102.23.55.32 for /example
2019-02-13T15:33:44.726534 Started database query for table users
2019-02-13T15:33:44.038472 Completed database query for table users
2019-02-13T15:33:43.234543 Received request from 102.23.55.32 for /example
2019-02-13T15:33:44.726534 Started database query for table users
2019-02-13T15:33:44.038472 Completed database query for table users
2019-02-13T15:33:43.234543 Received request from 102.23.55.32 for /example
2019-02-13T15:33:44.726534 Started database query for table users
2019-02-13T15:33:44.038472 Completed database query for table users
2019-02-13T15:33:43.234543 Received request from 102.23.55.32 for /example
2019-02-13T15:33:44.726534 Started database query for table users
2019-02-13T15:33:44.038472 Completed database query for table users
2019-02-13T15:33:43.234543 Received request from 102.23.55.32 for /example
2019-02-13T15:33:44.726534 Started database query for table users
2019-02-13T15:33:44.038472 Completed database query for table users
2019-02-13T15:33:43.234543 Received request from 102.23.55.32 for /example
2006-02-13T15:33:44.726534 Started database query for table users
2019-02-13T15:33:44.038472 Completed database query for table users
2019-02-13T15:33:43.234543 Received request from 102.23.55.32 for /example
2009-02-13T15:33:44.726534 Started database query for table users
2019-02-13T15:33:44.038472 Completed database query for table users
2019-02-13T15:33:43.234543 Received request from 102.23.55.32 for /example
2018-02-13T15:33:44.726534 Started database query for table users
2019-02-13T15:33:44.038472 Completed database query for table users
2019-02-13T15:33:43.234543 Received request from 102.23.55.32 for /example
2012-02-13T15:33:44.726534 Started database query for table users
2019-02-13T15:33:44.038472 Completed database query for table users
2019-02-13T15:33:43.234543 Received request from 102.23.55.32 for /example
2019-02-13T15:33:44.726534 Started database query for table users
2019-02-13T15:33:44.038472 Completed database query for table users
2015-02-13T15:33:43.234543 Received request from 102.23.55.32 for /example
2019-02-13T15:33:44.726534 Started database query for table users
2019-02-13T15:33:44.038472 Completed database query for table users
2019-02-13T15:33:43.234543 Received request from 102.23.55.32 for /example
2019-02-13T15:33:44.726534 Started database query for table users
2019-02-13T15:33:44.038472 Completed database query for table users
2019-02-13T15:33:43.234543 Received request from 102.23.55.32 for /example
2019-02-13T15:33:44.726534 Started database query for table users
2019-02-13T15:33:44.038472 Completed database query for table users
2019-02-13T15:33:43.234543 Received request from 102.23.55.32 for /example
2019-02-13T15:33:44.726534 Started database query for table users
2019-02-13T15:33:44.038472 Completed database query for table users
2019-02-13T15:33:43.234543 Received request from 102.23.55.32 for /example
2019-02-13T15:33:44.726534 Started database query for table users
2019-02-13T15:33:44.038472 Completed database query for table users
2019-02-13T15:33:43.234543 Received request from 102.23.55.32 for /example
2019-02-13T15:33:44.726534 Started database query for table users
2019-02-13T15:33:44.038472 Completed database query for table users
2019-02-13T15:33:43.234543 Received request from 102.23.55.32 for /example
2019-02-13T15:33:44.726534 Started database query for table users
2019-02-13T15:33:44.038472 Completed database query for table users
2019-02-13T15:33:43.234543 Received request from 102.23.55.32 for /example
2019-02-13T15:33:44.726534 Started database query for table users
2019-02-13T15:33:44.038472 Completed database query for table users
2019-02-13T15:33:43.234543 Received request from 102.23.55.32 for /example
2006-02-13T15:33:44.726534 Started database query for table users
2019-02-13T15:33:44.038472 Completed database query for table users
2019-02-13T15:33:43.234543 Received request from 102.23.55.32 for /example
2009-02-13T15:33:44.726534 Started database query for table users
2019-02-13T15:33:44.038472 Completed database query for table users
2019-02-13T15:33:43.234543 Received request from 102.23.55.32 for /example
2018-02-13T15:33:44.726534 Started database query for table users
2019-02-13T15:33:44.038472 Completed database query for table users
2019-02-13T15:33:43.234543 Received request from 102.23.55.32 for /example
2012-02-13T15:33:44.726534 Started database query for table users
2019-02-13T15:33:44.038472 Completed database query for table users
2019-02-13T15:33:43.234543 Received request from 102.23.55.32 for /example
2019-02-13T15:33:44.726534 Started database query for table users
2019-02-13T15:33:44.038472 Completed database query for table users
2015-02-13T15:33:43.234543 Received request from 102.23.55.32 for /example
2019-02-13T15:33:44.726534 Started database query for table users
2019-02-13T15:33:44.038472 Completed database query for table users
2019-02-13T15:33:43.234543 Received request from 102.23.55.32 for /example
2019-02-13T15:33:44.726534 Started database query for table users
2019-02-13T15:33:44.038472 Completed database query for table users
2019-02-13T15:33:43.234543 Received request from 102.23.55.32 for /example
2019-02-13T15:33:44.726534 Started database query for table users
2019-02-13T15:33:44.038472 Completed database query for table users
2019-02-13T15:33:43.234543 Received request from 102.23.55.32 for /example
2019-02-13T15:33:44.726534 Started database query for table users
2019-02-13T15:33:44.038472 Completed database query for table users
2019-02-13T15:33:43.234543 Received request from 102.23.55.32 for /example
2019-02-13T15:33:44.726534 Started database query for table users
2019-02-13T15:33:44.038472 Completed database query for table users
2019-02-13T15:33:43.234543 Received request from 102.23.55.32 for /example
2019-02-13T15:33:44.726534 Started database query for table users
2019-02-13T15:33:44.038472 Completed database query for table users
2019-02-13T15:33:43.234543 Received request from 102.23.55.32 for /example
2019-02-13T15:33:44.726534 Started database query for table users
2019-02-13T15:33:44.038472 Completed database query for table users
2019-02-13T15:33:43.234543 Received request from 102.23.55.32 for /example
2019-02-13T15:33:44.726534 Started database query for table users
2019-02-13T15:33:44.038472 Completed database query for table users
2019-02-13T15:33:43.234543 Received request from 102.23.55.32 for /example
2006-02-13T15:33:44.726534 Started database query for table users
2019-02-13T15:33:44.038472 Completed database query for table users
2019-02-13T15:33:43.234543 Received request from 102.23.55.32 for /example
2009-02-13T15:33:44.726534 Started database query for table users
2019-02-13T15:33:44.038472 Completed database query for table users
2019-02-13T15:33:43.234543 Received request from 102.23.55.32 for /example
2018-02-13T15:33:44.726534 Started database query for table users
2019-02-13T15:33:44.038472 Completed database query for table users
2019-02-13T15:33:43.234543 Received request from 102.23.55.32 for /example
2012-02-13T15:33:44.726534 Started database query for table users
2019-02-13T15:33:44.038472 Completed database query for table users
2019-02-13T15:33:43.234543 Received request from 102.23.55.32 for /example
2019-02-13T15:33:44.726534 Started database query for table users
2019-02-13T15:33:44.038472 Completed database query for table users
2015-02-13T15:33:43.234543 Received request from 102.23.55.32 for /example
2019-02-13T15:33:44.726534 Started database query for table users
2019-02-13T15:33:44.038472 Completed database query for table users
2019-02-13T15:33:43.234543 Received request from 102.23.55.32 for /example
2019-02-13T15:33:44.726534 Started database query for table users
2019-02-13T15:33:44.038472 Completed database query for table users
2019-02-13T15:33:43.234543 Received request from 102.23.55.32 for /example
2019-02-13T15:33:44.726534 Started database query for table users
2019-02-13T15:33:44.038472 Completed database query for table users
2019-02-13T15:33:43.234543 Received request from 102.23.55.32 for /example
2019-02-13T15:33:44.726534 Started database query for table users
2019-02-13T15:33:44.038472 Completed database query for table users
2019-02-13T15:33:43.234543 Received request from 102.23.55.32 for /example
2019-02-13T15:33:44.726534 Started database query for table users
2019-02-13T15:33:44.038472 Completed database query for table users
2019-02-13T15:33:43.234543 Received request from 102.23.55.32 for /example
2019-02-13T15:33:44.726534 Started database query for table users
2019-02-13T15:33:44.038472 Completed database query for table users
2019-02-13T15:33:43.234543 Received request from 102.23.55.32 for /example
2019-02-13T15:33:44.726534 Started database query for table users
2019-02-13T15:33:44.038472 Completed database query for table users
2019-02-13T15:33:43.234543 Received request from 102.23.55.32 for /example
2019-02-13T15:33:44.726534 Started database query for table users
2019-02-13T15:33:44.038472 Completed database query for table users
2019-02-13T15:33:43.234543 Received request from 102.23.55.32 for /example
2006-02-13T15:33:44.726534 Started database query for table users
2019-02-13T15:33:44.038472 Completed database query for table users
2019-02-13T15:33:43.234543 Received request from 102.23.55.32 for /example
2009-02-13T15:33:44.726534 Started database query for table users
2019-02-13T15:33:44.038472 Completed database query for table users
2019-02-13T15:33:43.234543 Received request from 102.23.55.32 for /example
2018-02-13T15:33:44.726534 Started database query for table users
2019-02-13T15:33:44.038472 Completed database query for table users
2019-02-13T15:33:43.234543 Received request from 102.23.55.32 for /example
2012-02-13T15:33:44.726534 Started database query for table users
2019-02-13T15:33:44.038472 Completed database query for table users
2019-02-13T15:33:43.234543 Received request from 102.23.55.32 for /example
2019-02-13T15:33:44.726534 Started database query for table users
2019-02-13T15:33:44.038472 Completed database query for table users
2015-02-13T15:33:43.234543 Received request from 102.23.55.32 for /example
2019-02-13T15:33:44.726534 Started database query for table users
2019-02-13T15:33:44.038472 Completed database query for table users
2019-02-13T15:33:43.234543 Received request from 102.23.55.32 for /example
2019-02-13T15:33:44.726534 Started database query for table users
2019-02-13T15:33:44.038472 Completed database query for table users
2019-02-13T15:33:43.234543 Received request from 102.23.55.32 for /example
2019-02-13T15:33:44.726534 Started database query for table users
2019-02-13T15:33:44.038472 Completed database query for table users
2019-02-13T15:33:43.234543 Received request from 102.23.55.32 for /example
2019-02-13T15:33:44.726534 Started database query for table users
2019-02-13T15:33:44.038472 Completed database query for table users
2019-02-13T15:33:43.234543 Received request from 102.23.55.32 for /example
2019-02-13T15:33:44.726534 Started database query for table users
2019-02-13T15:33:44.038472 Completed database query for table users
2019-02-13T15:33:43.234543 Received request from 102.23.55.32 for /example
2019-02-13T15:33:44.726534 Started database query for table users
2019-02-13T15:33:44.038472 Completed database query for table users
2019-02-13T15:33:43.234543 Received request from 102.23.55.32 for /example
2019-02-13T15:33:44.726534 Started database query for table users
2019-02-13T15:33:44.038472 Completed database query for table users
2019-02-13T15:33:43.234543 Received request from 102.23.55.32 for /example
2019-02-13T15:33:44.726534 Started database query for table users
2019-02-13T15:33:44.038472 Completed database query for table users
2019-02-13T15:33:43.234543 Received request from 102.23.55.32 for /example
2006-02-13T15:33:44.726534 Started database query for table users
2019-02-13T15:33:44.038472 Completed database query for table users
2019-02-13T15:33:43.234543 Received request from 102.23.55.32 for /example
2009-02-13T15:33:44.726534 Started database query for table users
2019-02-13T15:33:44.038472 Completed database query for table users
2019-02-13T15:33:43.234543 Received request from 102.23.55.32 for /example
2018-02-13T15:33:44.726534 Started database query for table users
2019-02-13T15:33:44.038472 Completed database query for table users
2019-02-13T15:33:43.234543 Received request from 102.23.55.32 for /example
2012-02-13T15:33:44.726534 Started database query for table users
2019-02-13T15:33:44.038472 Completed database query for table users
2019-02-13T15:33:43.234543 Received request from 102.23.55.32 for /example
2019-02-13T15:33:44.726534 Started database query for table users
2019-02-13T15:33:44.038472 Completed database query for table users
2015-02-13T15:33:43.234543 Received request from 102.23.55.32 for /example
2019-02-13T15:33:44.726534 Started database query for table users
2019-02-13T15:33:44.038472 Completed database query for table users
2019-02-13T15:33:43.234543 Received request from 102.23.55.32 for /example
2019-02-13T15:33:44.726534 Started database query for table users
2019-02-13T15:33:44.038472 Completed database query for table users
2019-02-13T15:33:43.234543 Received request from 102.23.55.32 for /example
2019-02-13T15:33:44.726534 Started database query for table users
2019-02-13T15:33:44.038472 Completed database query for table users
2019-02-13T15:33:43.234543 Received request from 102.23.55.32 for /example
2019-02-13T15:33:44.726534 Started database query for table users
2019-02-13T15:33:44.038472 Completed database query for table users
2019-02-13T15:33:43.234543 Received request from 102.23.55.32 for /example
2019-02-13T15:33:44.726534 Started database query for table users
2019-02-13T15:33:44.038472 Completed database query for table users
2019-02-13T15:33:43.234543 Received request from 102.23.55.32 for /example
2019-02-13T15:33:44.726534 Started database query for table users
2019-02-13T15:33:44.038472 Completed database query for table users
2019-02-13T15:33:43.234543 Received request from 102.23.55.32 for /example
2019-02-13T15:33:44.726534 Started database query for table users
2019-02-13T15:33:44.038472 Completed database query for table users
2019-02-13T15:33:43.234543 Received request from 102.23.55.32 for /example
2019-02-13T15:33:44.726534 Started database query for table users
2019-02-13T15:33:44.038472 Completed database query for table users
2019-02-13T15:33:43.234543 Received request from 102.23.55.32 for /example
2006-02-13T15:33:44.726534 Started database query for table users
2019-02-13T15:33:44.038472 Completed database query for table users
2019-02-13T15:33:43.234543 Received request from 102.23.55.32 for /example
2009-02-13T15:33:44.726534 Started database query for table users
2019-02-13T15:33:44.038472 Completed database query for table users
2019-02-13T15:33:43.234543 Received request from 102.23.55.32 for /example
2018-02-13T15:33:44.726534 Started database query for table users
2019-02-13T15:33:44.038472 Completed database query for table users
2019-02-13T15:33:43.234543 Received request from 102.23.55.32 for /example
2012-02-13T15:33:44.726534 Started database query for table users
2019-02-13T15:33:44.038472 Completed database query for table users
2019-02-13T15:33:43.234543 Received request from 102.23.55.32 for /example
2019-02-13T15:33:44.726534 Started database query for table users
2019-02-13T15:33:44.038472 Completed database query for table users
2015-02-13T15:33:43.234543 Received request from 102.23.55.32 for /example
2019-02-13T15:33:44.726534 Started database query for table users
2019-02-13T15:33:44.038472 Completed database query for table users
2019-02-13T15:33:43.234543 Received request from 102.23.55.32 for /example
2019-02-13T15:33:44.726534 Started database query for table users
2019-02-13T15:33:44.038472 Completed database query for table users
2019-02-13T15:33:43.234543 Received request from 102.23.55.32 for /example
2019-02-13T15:33:44.726534 Started database query for table users
2019-02-13T15:33:44.038472 Completed database query for table users
2019-02-13T15:33:43.234543 Received request from 102.23.55.32 for /example
2019-02-13T15:33:44.726534 Started database query for table users
2019-02-13T15:33:44.038472 Completed database query for table users
2019-02-13T15:33:43.234543 Received request from 102.23.55.32 for /example
2019-02-13T15:33:44.726534 Started database query for table users
2019-02-13T15:33:44.038472 Completed database query for table users
2019-02-13T15:33:43.234543 Received request from 102.23.55.32 for /example
2019-02-13T15:33:44.726534 Started database query for table users
2019-02-13T15:33:44.038472 Completed database query for table users
2019-02-13T15:33:43.234543 Received request from 102.23.55.32 for /example
2019-02-13T15:33:44.726534 Started database query for table users
2019-02-13T15:33:44.038472 Completed database query for table users
2019-02-13T15:33:43.234543 Received request from 102.23.55.32 for /example
2019-02-13T15:33:44.726534 Started database query for table users
2019-02-13T15:33:44.038472 Completed database query for table users
2019-02-13T15:33:43.234543 Received request from 102.23.55.32 for /example
2006-02-13T15:33:44.726534 Started database query for table users
2019-02-13T15:33:44.038472 Completed database query for table users
2019-02-13T15:33:43.234543 Received request from 102.23.55.32 for /example
2009-02-13T15:33:44.726534 Started database query for table users
2019-02-13T15:33:44.038472 Completed database query for table users
2019-02-13T15:33:43.234543 Received request from 102.23.55.32 for /example
2018-02-13T15:33:44.726534 Started database query for table users
2019-02-13T15:33:44.038472 Completed database query for table users
2019-02-13T15:33:43.234543 Received request from 102.23.55.32 for /example
2012-02-13T15:33:44.726534 Started database query for table users
2019-02-13T15:33:44.038472 Completed database query for table users
2019-02-13T15:33:43.234543 Received request from 102.23.55.32 for /example
2019-02-13T15:33:44.726534 Started database query for table users
2019-02-13T15:33:44.038472 Completed database query for table users
2015-02-13T15:33:43.234543 Received request from 102.23.55.32 for /example
2019-02-13T15:33:44.726534 Started database query for table users
2019-02-13T15:33:44.038472 Completed database query for table users
2019-02-13T15:33:43.234543 Received request from 102.23.55.32 for /example
2019-02-13T15:33:44.726534 Started database query for table users
2019-02-13T15:33:44.038472 Completed database query for table users
2019-02-13T15:33:43.234543 Received request from 102.23.55.32 for /example
2019-02-13T15:33:44.726534 Started database query for table users
2019-02-13T15:33:44.038472 Completed database query for table users
2019-02-13T15:33:43.234543 Received request from 102.23.55.32 for /example
2019-02-13T15:33:44.726534 Started database query for table users
2019-02-13T15:33:44.038472 Completed database query for table users
2019-02-13T15:33:43.234543 Received request from 102.23.55.32 for /example
2019-02-13T15:33:44.726534 Started database query for table users
2019-02-13T15:33:44.038472 Completed database query for table users
2019-02-13T15:33:43.234543 Received request from 102.23.55.32 for /example
2019-02-13T15:33:44.726534 Started database query for table users
2019-02-13T15:33:44.038472 Completed database query for table users
2019-02-13T15:33:43.234543 Received request from 102.23.55.32 for /example
2019-02-13T15:33:44.726534 Started database query for table users
2019-02-13T15:33:44.038472 Completed database query for table users
2019-02-13T15:33:43.234543 Received request from 102.23.55.32 for /example
2019-02-13T15:33:44.726534 Started database query for table users
2019-02-13T15:33:44.038472 Completed database query for table users
2019-02-13T15:33:43.234543 Received request from 102.23.55.32 for /example
2006-02-13T15:33:44.726534 Started database query for table users
2019-02-13T15:33:44.038472 Completed database query for table users
2019-02-13T15:33:43.234543 Received request from 102.23.55.32 for /example
2009-02-13T15:33:44.726534 Started database query for table users
2019-02-13T15:33:44.038472 Completed database query for table users
2019-02-13T15:33:43.234543 Received request from 102.23.55.32 for /example
2018-02-13T15:33:44.726534 Started database query for table users
2019-02-13T15:33:44.038472 Completed database query for table users
2019-02-13T15:33:43.234543 Received request from 102.23.55.32 for /example
2012-02-13T15:33:44.726534 Started database query for table users
2019-02-13T15:33:44.038472 Completed database query for table users
2019-02-13T15:33:43.234543 Received request from 102.23.55.32 for /example
2019-02-13T15:33:44.726534 Started database query for table users
2019-02-13T15:33:44.038472 Completed database query for table users
2015-02-13T15:33:43.234543 Received request from 102.23.55.32 for /example
2019-02-13T15:33:44.726534 Started database query for table users
2019-02-13T15:33:44.038472 Completed database query for table users
2019-02-13T15:33:43.234543 Received request from 102.23.55.32 for /example
2019-02-13T15:33:44.726534 Started database query for table users
2019-02-13T15:33:44.038472 Completed database query for table users
2019-02-13T15:33:43.234543 Received request from 102.23.55.32 for /example
2019-02-13T15:33:44.726534 Started database query for table users
2019-02-13T15:33:44.038472 Completed database query for table users
2019-02-13T15:33:43.234543 Received request from 102.23.55.32 for /example
2019-02-13T15:33:44.726534 Started database query for table users
2019-02-13T15:33:44.038472 Completed database query for table users
2019-02-13T15:33:43.234543 Received request from 102.23.55.32 for /example
2019-02-13T15:33:44.726534 Started database query for table users
2019-02-13T15:33:44.038472 Completed database query for table users
2019-02-13T15:33:43.234543 Received request from 102.23.55.32 for /example
2019-02-13T15:33:44.726534 Started database query for table users
2019-02-13T15:33:44.038472 Completed database query for table users
2019-02-13T15:33:43.234543 Received request from 102.23.55.32 for /example
2019-02-13T15:33:44.726534 Started database query for table users
2019-02-13T15:33:44.038472 Completed database query for table users
2019-02-13T15:33:43.234543 Received request from 102.23.55.32 for /example
2019-02-13T15:33:44.726534 Started database query for table users
2019-02-13T15:33:44.038472 Completed database query for table users
2019-02-13T15:33:43.234543 Received request from 102.23.55.32 for /example
2006-02-13T15:33:44.726534 Started database query for table users
2019-02-13T15:33:44.038472 Completed database query for table users
2019-02-13T15:33:43.234543 Received request from 102.23.55.32 for /example
2009-02-13T15:33:44.726534 Started database query for table users
2019-02-13T15:33:44.038472 Completed database query for table users
2019-02-13T15:33:43.234543 Received request from 102.23.55.32 for /example
2018-02-13T15:33:44.726534 Started database query for table users
2019-02-13T15:33:44.038472 Completed database query for table users
2019-02-13T15:33:43.234543 Received request from 102.23.55.32 for /example
2012-02-13T15:33:44.726534 Started database query for table users
2019-02-13T15:33:44.038472 Completed database query for table users
2019-02-13T15:33:43.234543 Received request from 102.23.55.32 for /example
2019-02-13T15:33:44.726534 Started database query for table users
2019-02-13T15:33:44.038472 Completed database query for table users
2015-02-13T15:33:43.234543 Received request from 102.23.55.32 for /example
2019-02-13T15:33:44.726534 Started database query for table users
2019-02-13T15:33:44.038472 Completed database query for table users
2019-02-13T15:33:43.234543 Received request from 102.23.55.32 for /example
2019-02-13T15:33:44.726534 Started database query for table users
2019-02-13T15:33:44.038472 Completed database query for table users
2019-02-13T15:33:43.234543 Received request from 102.23.55.32 for /example
2019-02-13T15:33:44.726534 Started database query for table users
2019-02-13T15:33:44.038472 Completed database query for table users
2019-02-13T15:33:43.234543 Received request from 102.23.55.32 for /example
2019-02-13T15:33:44.726534 Started database query for table users
2019-02-13T15:33:44.038472 Completed database query for table users
2019-02-13T15:33:43.234543 Received request from 102.23.55.32 for /example
2019-02-13T15:33:44.726534 Started database query for table users
2019-02-13T15:33:44.038472 Completed database query for table users
2019-02-13T15:33:43.234543 Received request from 102.23.55.32 for /example
2019-02-13T15:33:44.726534 Started database query for table users
2019-02-13T15:33:44.038472 Completed database query for table users
2019-02-13T15:33:43.234543 Received request from 102.23.55.32 for /example
2019-02-13T15:33:44.726534 Started database query for table users
2019-02-13T15:33:44.038472 Completed database query for table users
2019-02-13T15:33:43.234543 Received request from 102.23.55.32 for /example
2019-02-13T15:33:44.726534 Started database query for table users
2019-02-13T15:33:44.038472 Completed database query for table users
2019-02-13T15:33:43.234543 Received request from 102.23.55.32 for /example
2006-02-13T15:33:44.726534 Started database query for table users
2019-02-13T15:33:44.038472 Completed database query for table users
2019-02-13T15:33:43.234543 Received request from 102.23.55.32 for /example
2009-02-13T15:33:44.726534 Started database query for table users
2019-02-13T15:33:44.038472 Completed database query for table users
2019-02-13T15:33:43.234543 Received request from 102.23.55.32 for /example
2018-02-13T15:33:44.726534 Started database query for table users
2019-02-13T15:33:44.038472 Completed database query for table users
2019-02-13T15:33:43.234543 Received request from 102.23.55.32 for /example
2012-02-13T15:33:44.726534 Started database query for table users
2019-02-13T15:33:44.038472 Completed database query for table users
2019-02-13T15:33:43.234543 Received request from 102.23.55.32 for /example
2019-02-13T15:33:44.726534 Started database query for table users
2019-02-13T15:33:44.038472 Completed database query for table users
2015-02-13T15:33:43.234543 Received request from 102.23.55.32 for /example
2019-02-13T15:33:44.726534 Started database query for table users
2019-02-13T15:33:44.038472 Completed database query for table users
2019-02-13T15:33:43.234543 Received request from 102.23.55.32 for /example
2019-02-13T15:33:44.726534 Started database query for table users
2019-02-13T15:33:44.038472 Completed database query for table users
2019-02-13T15:33:43.234543 Received request from 102.23.55.32 for /example
2019-02-13T15:33:44.726534 Started database query for table users
2019-02-13T15:33:44.038472 Completed database query for table users
2019-02-13T15:33:43.234543 Received request from 102.23.55.32 for /example
2019-02-13T15:33:44.726534 Started database query for table users
2019-02-13T15:33:44.038472 Completed database query for table users
2019-02-13T15:33:43.234543 Received request from 102.23.55.32 for /example
2019-02-13T15:33:44.726534 Started database query for table users
2019-02-13T15:33:44.038472 Completed database query for table users
2019-02-13T15:33:43.234543 Received request from 102.23.55.32 for /example
2019-02-13T15:33:44.726534 Started database query for table users
2019-02-13T15:33:44.038472 Completed database query for table users
2019-02-13T15:33:43.234543 Received request from 102.23.55.32 for /example
2019-02-13T15:33:44.726534 Started database query for table users
2019-02-13T15:33:44.038472 Completed database query for table users
2019-02-13T15:33:43.234543 Received request from 102.23.55.32 for /example
2019-02-13T15:33:44.726534 Started database query for table users
2019-02-13T15:33:44.038472 Completed database query for table users
2019-02-13T15:33:43.234543 Received request from 102.23.55.32 for /example
2006-02-13T15:33:44.726534 Started database query for table users
2019-02-13T15:33:44.038472 Completed database query for table users
2019-02-13T15:33:43.234543 Received request from 102.23.55.32 for /example
2009-02-13T15:33:44.726534 Started database query for table users
2019-02-13T15:33:44.038472 Completed database query for table users
2019-02-13T15:33:43.234543 Received request from 102.23.55.32 for /example
2018-02-13T15:33:44.726534 Started database query for table users
2019-02-13T15:33:44.038472 Completed database query for table users
2019-02-13T15:33:43.234543 Received request from 102.23.55.32 for /example
2012-02-13T15:33:44.726534 Started database query for table users
2019-02-13T15:33:44.038472 Completed database query for table users
2019-02-13T15:33:43.234543 Received request from 102.23.55.32 for /example
2019-02-13T15:33:44.726534 Started database query for table users
2019-02-13T15:33:44.038472 Completed database query for table users
2015-02-13T15:33:43.234543 Received request from 102.23.55.32 for /example
2019-02-13T15:33:44.726534 Started database query for table users
2019-02-13T15:33:44.038472 Completed database query for table users
2019-02-13T15:33:43.234543 Received request from 102.23.55.32 for /example
2019-02-13T15:33:44.726534 Started database query for table users
2019-02-13T15:33:44.038472 Completed database query for table users
2019-02-13T15:33:43.234543 Received request from 102.23.55.32 for /example
2019-02-13T15:33:44.726534 Started database query for table users
2019-02-13T15:33:44.038472 Completed database query for table users
2019-02-13T15:33:43.234543 Received request from 102.23.55.32 for /example
2019-02-13T15:33:44.726534 Started database query for table users
2019-02-13T15:33:44.038472 Completed database query for table users
2019-02-13T15:33:43.234543 Received request from 102.23.55.32 for /example
2019-02-13T15:33:44.726534 Started database query for table users
2019-02-13T15:33:44.038472 Completed database query for table users
2019-02-13T15:33:43.234543 Received request from 102.23.55.32 for /example
2019-02-13T15:33:44.726534 Started database query for table users
2019-02-13T15:33:44.038472 Completed database query for table users
2019-02-13T15:33:43.234543 Received request from 102.23.55.32 for /example
2019-02-13T15:33:44.726534 Started database query for table users
2019-02-13T15:33:44.038472 Completed database query for table users
2019-02-13T15:33:43.234543 Received request from 102.23.55.32 for /example
2019-02-13T15:33:44.726534 Started database query for table users
2019-02-13T15:33:44.038472 Completed database query for table users
2019-02-13T15:33:43.234543 Received request from 102.23.55.32 for /example
2006-02-13T15:33:44.726534 Started database query for table users
2019-02-13T15:33:44.038472 Completed database query for table users
2019-02-13T15:33:43.234543 Received request from 102.23.55.32 for /example
2009-02-13T15:33:44.726534 Started database query for table users
2019-02-13T15:33:44.038472 Completed database query for table users
2019-02-13T15:33:43.234543 Received request from 102.23.55.32 for /example
2018-02-13T15:33:44.726534 Started database query for table users
2019-02-13T15:33:44.038472 Completed database query for table users
2019-02-13T15:33:43.234543 Received request from 102.23.55.32 for /example
2012-02-13T15:33:44.726534 Started database query for table users
2019-02-13T15:33:44.038472 Completed database query for table users
2019-02-13T15:33:43.234543 Received request from 102.23.55.32 for /example
2019-02-13T15:33:44.726534 Started database query for table users
2019-02-13T15:33:44.038472 Completed database query for table users
2015-02-13T15:33:43.234543 Received request from 102.23.55.32 for /example
2019-02-13T15:33:44.726534 Started database query for table users
2019-02-13T15:33:44.038472 Completed database query for table users
2019-02-13T15:33:43.234543 Received request from 102.23.55.32 for /example
2019-02-13T15:33:44.726534 Started database query for table users
2019-02-13T15:33:44.038472 Completed database query for table users
2019-02-13T15:33:43.234543 Received request from 102.23.55.32 for /example
2019-02-13T15:33:44.726534 Started database query for table users
2019-02-13T15:33:44.038472 Completed database query for table users
2019-02-13T15:33:43.234543 Received request from 102.23.55.32 for /example
2019-02-13T15:33:44.726534 Started database query for table users
2019-02-13T15:33:44.038472 Completed database query for table users
2019-02-13T15:33:43.234543 Received request from 102.23.55.32 for /example
2019-02-13T15:33:44.726534 Started database query for table users
2019-02-13T15:33:44.038472 Completed database query for table users
2019-02-13T15:33:43.234543 Received request from 102.23.55.32 for /example
2019-02-13T15:33:44.726534 Started database query for table users
2019-02-13T15:33:44.038472 Completed database query for table users
2019-02-13T15:33:43.234543 Received request from 102.23.55.32 for /example
2019-02-13T15:33:44.726534 Started database query for table users
2019-02-13T15:33:44.038472 Completed database query for table users
2019-02-13T15:33:43.234543 Received request from 102.23.55.32 for /example
2019-02-13T15:33:44.726534 Started database query for table users
2019-02-13T15:33:44.038472 Completed database query for table users
2019-02-13T15:33:43.234543 Received request from 102.23.55.32 for /example
2006-02-13T15:33:44.726534 Started database query for table users
2019-02-13T15:33:44.038472 Completed database query for table users
2019-02-13T15:33:43.234543 Received request from 102.23.55.32 for /example
2009-02-13T15:33:44.726534 Started database query for table users
2019-02-13T15:33:44.038472 Completed database query for table users
2019-02-13T15:33:43.234543 Received request from 102.23.55.32 for /example
2018-02-13T15:33:44.726534 Started database query for table users
2019-02-13T15:33:44.038472 Completed database query for table users
2019-02-13T15:33:43.234543 Received request from 102.23.55.32 for /example
2012-02-13T15:33:44.726534 Started database query for table users
2019-02-13T15:33:44.038472 Completed database query for table users
2019-02-13T15:33:43.234543 Received request from 102.23.55.32 for /example
2019-02-13T15:33:44.726534 Started database query for table users
2019-02-13T15:33:44.038472 Completed database query for table users
2015-02-13T15:33:43.234543 Received request from 102.23.55.32 for /example
2019-02-13T15:33:44.726534 Started database query for table users
2019-02-13T15:33:44.038472 Completed database query for table users
2019-02-13T15:33:43.234543 Received request from 102.23.55.32 for /example
2019-02-13T15:33:44.726534 Started database query for table users
2019-02-13T15:33:44.038472 Completed database query for table users
2019-02-13T15:33:43.234543 Received request from 102.23.55.32 for /example
2019-02-13T15:33:44.726534 Started database query for table users
2019-02-13T15:33:44.038472 Completed database query for table users
2019-02-13T15:33:43.234543 Received request from 102.23.55.32 for /example
2019-02-13T15:33:44.726534 Started database query for table users
2019-02-13T15:33:44.038472 Completed database query for table users
2019-02-13T15:33:43.234543 Received request from 102.23.55.32 for /example
2019-02-13T15:33:44.726534 Started database query for table users
2019-02-13T15:33:44.038472 Completed database query for table users
2019-02-13T15:33:43.234543 Received request from 102.23.55.32 for /example
2019-02-13T15:33:44.726534 Started database query for table users
2019-02-13T15:33:44.038472 Completed database query for table users
2019-02-13T15:33:43.234543 Received request from 102.23.55.32 for /example
2019-02-13T15:33:44.726534 Started database query for table users
2019-02-13T15:33:44.038472 Completed database query for table users
2019-02-13T15:33:43.234543 Received request from 102.23.55.32 for /example
2019-02-13T15:33:44.726534 Started database query for table users
2019-02-13T15:33:44.038472 Completed database query for table users
2019-02-13T15:33:43.234543 Received request from 102.23.55.32 for /example
2006-02-13T15:33:44.726534 Started database query for table users
2019-02-13T15:33:44.038472 Completed database query for table users
2019-02-13T15:33:43.234543 Received request from 102.23.55.32 for /example
2009-02-13T15:33:44.726534 Started database query for table users
2019-02-13T15:33:44.038472 Completed database query for table users
2019-02-13T15:33:43.234543 Received request from 102.23.55.32 for /example
2018-02-13T15:33:44.726534 Started database query for table users
2019-02-13T15:33:44.038472 Completed database query for table users
2019-02-13T15:33:43.234543 Received request from 102.23.55.32 for /example
2012-02-13T15:33:44.726534 Started database query for table users
2019-02-13T15:33:44.038472 Completed database query for table users
2019-02-13T15:33:43.234543 Received request from 102.23.55.32 for /example
2019-02-13T15:33:44.726534 Started database query for table users
2019-02-13T15:33:44.038472 Completed database query for table users
2015-02-13T15:33:43.234543 Received request from 102.23.55.32 for /example
2019-02-13T15:33:44.726534 Started database query for table users
2019-02-13T15:33:44.038472 Completed database query for table users
2019-02-13T15:33:43.234543 Received request from 102.23.55.32 for /example
2019-02-13T15:33:44.726534 Started database query for table users
2019-02-13T15:33:44.038472 Completed database query for table users
2019-02-13T15:33:43.234543 Received request from 102.23.55.32 for /example
2019-02-13T15:33:44.726534 Started database query for table users
2019-02-13T15:33:44.038472 Completed database query for table users
2019-02-13T15:33:43.234543 Received request from 102.23.55.32 for /example
2019-02-13T15:33:44.726534 Started database query for table users
2019-02-13T15:33:44.038472 Completed database query for table users
2019-02-13T15:33:43.234543 Received request from 102.23.55.32 for /example
2019-02-13T15:33:44.726534 Started database query for table users
2019-02-13T15:33:44.038472 Completed database query for table users
2019-02-13T15:33:43.234543 Received request from 102.23.55.32 for /example
2019-02-13T15:33:44.726534 Started database query for table users
2019-02-13T15:33:44.038472 Completed database query for table users
2019-02-13T15:33:43.234543 Received request from 102.23.55.32 for /example
2019-02-13T15:33:44.726534 Started database query for table users
2019-02-13T15:33:44.038472 Completed database query for table users
2019-02-13T15:33:43.234543 Received request from 102.23.55.32 for /example
2019-02-13T15:33:44.726534 Started database query for table users
2019-02-13T15:33:44.038472 Completed database query for table users
2019-02-13T15:33:43.234543 Received request from 102.23.55.32 for /example
2006-02-13T15:33:44.726534 Started database query for table users
2019-02-13T15:33:44.038472 Completed database query for table users
2019-02-13T15:33:43.234543 Received request from 102.23.55.32 for /example
2009-02-13T15:33:44.726534 Started database query for table users
2019-02-13T15:33:44.038472 Completed database query for table users
2019-02-13T15:33:43.234543 Received request from 102.23.55.32 for /example
2018-02-13T15:33:44.726534 Started database query for table users
2019-02-13T15:33:44.038472 Completed database query for table users
2019-02-13T15:33:43.234543 Received request from 102.23.55.32 for /example
2012-02-13T15:33:44.726534 Started database query for table users
2019-02-13T15:33:44.038472 Completed database query for table users
2019-02-13T15:33:43.234543 Received request from 102.23.55.32 for /example
2019-02-13T15:33:44.726534 Started database query for table users
2019-02-13T15:33:44.038472 Completed database query for table users
2015-02-13T15:33:43.234543 Received request from 102.23.55.32 for /example
2019-02-13T15:33:44.726534 Started database query for table users
2019-02-13T15:33:44.038472 Completed database query for table users
2019-02-13T15:33:43.234543 Received request from 102.23.55.32 for /example
2019-02-13T15:33:44.726534 Started database query for table users
2019-02-13T15:33:44.038472 Completed database query for table users
2019-02-13T15:33:43.234543 Received request from 102.23.55.32 for /example
2019-02-13T15:33:44.726534 Started database query for table users
2019-02-13T15:33:44.038472 Completed database query for table users
2019-02-13T15:33:43.234543 Received request from 102.23.55.32 for /example
2019-02-13T15:33:44.726534 Started database query for table users
2019-02-13T15:33:44.038472 Completed database query for table users
2019-02-13T15:33:43.234543 Received request from 102.23.55.32 for /example
2019-02-13T15:33:44.726534 Started database query for table users
2019-02-13T15:33:44.038472 Completed database query for table users
2019-02-13T15:33:43.234543 Received request from 102.23.55.32 for /example
2019-02-13T15:33:44.726534 Started database query for table users
2019-02-13T15:33:44.038472 Completed database query for table users
2019-02-13T15:33:43.234543 Received request from 102.23.55.32 for /example
2019-02-13T15:33:44.726534 Started database query for table users
2019-02-13T15:33:44.038472 Completed database query for table users
2019-02-13T15:33:43.234543 Received request from 102.23.55.32 for /example
2019-02-13T15:33:44.726534 Started database query for table users
2019-02-13T15:33:44.038472 Completed database query for table users
2019-02-13T15:33:43.234543 Received request from 102.23.55.32 for /example
2006-02-13T15:33:44.726534 Started database query for table users
2019-02-13T15:33:44.038472 Completed database query for table users
2019-02-13T15:33:43.234543 Received request from 102.23.55.32 for /example
2009-02-13T15:33:44.726534 Started database query for table users
2019-02-13T15:33:44.038472 Completed database query for table users
2019-02-13T15:33:43.234543 Received request from 102.23.55.32 for /example
2018-02-13T15:33:44.726534 Started database query for table users
2019-02-13T15:33:44.038472 Completed database query for table users
2019-02-13T15:33:43.234543 Received request from 102.23.55.32 for /example
2012-02-13T15:33:44.726534 Started database query for table users
2019-02-13T15:33:44.038472 Completed database query for table users
2019-02-13T15:33:43.234543 Received request from 102.23.55.32 for /example
2019-02-13T15:33:44.726534 Started database query for table users
2019-02-13T15:33:44.038472 Completed database query for table users
2015-02-13T15:33:43.234543 Received request from 102.23.55.32 for /example
2019-02-13T15:33:44.726534 Started database query for table users
2019-02-13T15:33:44.038472 Completed database query for table users
2019-02-13T15:33:43.234543 Received request from 102.23.55.32 for /example
2019-02-13T15:33:44.726534 Started database query for table users
2019-02-13T15:33:44.038472 Completed database query for table users
2019-02-13T15:33:43.234543 Received request from 102.23.55.32 for /example
2019-02-13T15:33:44.726534 Started database query for table users
2019-02-13T15:33:44.038472 Completed database query for table users
2019-02-13T15:33:43.234543 Received request from 102.23.55.32 for /example
2019-02-13T15:33:44.726534 Started database query for table users
2019-02-13T15:33:44.038472 Completed database query for table users
2019-02-13T15:33:43.234543 Received request from 102.23.55.32 for /example
2019-02-13T15:33:44.726534 Started database query for table users
2019-02-13T15:33:44.038472 Completed database query for table users
2019-02-13T15:33:43.234543 Received request from 102.23.55.32 for /example
2019-02-13T15:33:44.726534 Started database query for table users
2019-02-13T15:33:44.038472 Completed database query for table users
2019-02-13T15:33:43.234543 Received request from 102.23.55.32 for /example
2019-02-13T15:33:44.726534 Started database query for table users
2019-02-13T15:33:44.038472 Completed database query for table users
2019-02-13T15:33:43.234543 Received request from 102.23.55.32 for /example
2019-02-13T15:33:44.726534 Started database query for table users
2019-02-13T15:33:44.038472 Completed database query for table users
2019-02-13T15:33:43.234543 Received request from 102.23.55.32 for /example
2006-02-13T15:33:44.726534 Started database query for table users
2019-02-13T15:33:44.038472 Completed database query for table users
2019-02-13T15:33:43.234543 Received request from 102.23.55.32 for /example
2009-02-13T15:33:44.726534 Started database query for table users
2019-02-13T15:33:44.038472 Completed database query for table users
2019-02-13T15:33:43.234543 Received request from 102.23.55.32 for /example
2018-02-13T15:33:44.726534 Started database query for table users
2019-02-13T15:33:44.038472 Completed database query for table users
2019-02-13T15:33:43.234543 Received request from 102.23.55.32 for /example
2012-02-13T15:33:44.726534 Started database query for table users
2019-02-13T15:33:44.038472 Completed database query for table users
2019-02-13T15:33:43.234543 Received request from 102.23.55.32 for /example
2019-02-13T15:33:44.726534 Started database query for table users
2019-02-13T15:33:44.038472 Completed database query for table users
2015-02-13T15:33:43.234543 Received request from 102.23.55.32 for /example
2019-02-13T15:33:44.726534 Started database query for table users
2019-02-13T15:33:44.038472 Completed database query for table users
2019-02-13T15:33:43.234543 Received request from 102.23.55.32 for /example
2019-02-13T15:33:44.726534 Started database query for table users
2019-02-13T15:33:44.038472 Completed database query for table users
2019-02-13T15:33:43.234543 Received request from 102.23.55.32 for /example
2019-02-13T15:33:44.726534 Started database query for table users
2019-02-13T15:33:44.038472 Completed database query for table users
2019-02-13T15:33:43.234543 Received request from 102.23.55.32 for /example
2019-02-13T15:33:44.726534 Started database query for table users
2019-02-13T15:33:44.038472 Completed database query for table users
2019-02-13T15:33:43.234543 Received request from 102.23.55.32 for /example
2019-02-13T15:33:44.726534 Started database query for table users
2019-02-13T15:33:44.038472 Completed database query for table users
2019-02-13T15:33:43.234543 Received request from 102.23.55.32 for /example
2019-02-13T15:33:44.726534 Started database query for table users
2019-02-13T15:33:44.038472 Completed database query for table users
2019-02-13T15:33:43.234543 Received request from 102.23.55.32 for /example
2019-02-13T15:33:44.726534 Started database query for table users
2019-02-13T15:33:44.038472 Completed database query for table users
2019-02-13T15:33:43.234543 Received request from 102.23.55.32 for /example
2019-02-13T15:33:44.726534 Started database query for table users
2019-02-13T15:33:44.038472 Completed database query for table users
2019-02-13T15:33:43.234543 Received request from 102.23.55.32 for /example
2006-02-13T15:33:44.726534 Started database query for table users
2019-02-13T15:33:44.038472 Completed database query for table users
2019-02-13T15:33:43.234543 Received request from 102.23.55.32 for /example
2009-02-13T15:33:44.726534 Started database query for table users
2019-02-13T15:33:44.038472 Completed database query for table users
2019-02-13T15:33:43.234543 Received request from 102.23.55.32 for /example
2018-02-13T15:33:44.726534 Started database query for table users
2019-02-13T15:33:44.038472 Completed database query for table users
2019-02-13T15:33:43.234543 Received request from 102.23.55.32 for /example
2012-02-13T15:33:44.726534 Started database query for table users
2019-02-13T15:33:44.038472 Completed database query for table users
2019-02-13T15:33:43.234543 Received request from 102.23.55.32 for /example
2019-02-13T15:33:44.726534 Started database query for table users
2019-02-13T15:33:44.038472 Completed database query for table users
2015-02-13T15:33:43.234543 Received request from 102.23.55.32 for /example
2019-02-13T15:33:44.726534 Started database query for table users
2019-02-13T15:33:44.038472 Completed database query for table users
2019-02-13T15:33:43.234543 Received request from 102.23.55.32 for /example
2019-02-13T15:33:44.726534 Started database query for table users
2019-02-13T15:33:44.038472 Completed database query for table users
2019-02-13T15:33:43.234543 Received request from 102.23.55.32 for /example
2019-02-13T15:33:44.726534 Started database query for table users
2019-02-13T15:33:44.038472 Completed database query for table users
2019-02-13T15:33:43.234543 Received request from 102.23.55.32 for /example
2019-02-13T15:33:44.726534 Started database query for table users
2019-02-13T15:33:44.038472 Completed database query for table users
2019-02-13T15:33:43.234543 Received request from 102.23.55.32 for /example
2019-02-13T15:33:44.726534 Started database query for table users
2019-02-13T15:33:44.038472 Completed database query for table users
2019-02-13T15:33:43.234543 Received request from 102.23.55.32 for /example
2019-02-13T15:33:44.726534 Started database query for table users
2019-02-13T15:33:44.038472 Completed database query for table users
2019-02-13T15:33:43.234543 Received request from 102.23.55.32 for /example
2019-02-13T15:33:44.726534 Started database query for table users
2019-02-13T15:33:44.038472 Completed database query for table users
2019-02-13T15:33:43.234543 Received request from 102.23.55.32 for /example
2019-02-13T15:33:44.726534 Started database query for table users
2019-02-13T15:33:44.038472 Completed database query for table users
2019-02-13T15:33:43.234543 Received request from 102.23.55.32 for /example
2006-02-13T15:33:44.726534 Started database query for table users
2019-02-13T15:33:44.038472 Completed database query for table users
2019-02-13T15:33:43.234543 Received request from 102.23.55.32 for /example
2009-02-13T15:33:44.726534 Started database query for table users
2019-02-13T15:33:44.038472 Completed database query for table users
2019-02-13T15:33:43.234543 Received request from 102.23.55.32 for /example
2018-02-13T15:33:44.726534 Started database query for table users
2019-02-13T15:33:44.038472 Completed database query for table users
2019-02-13T15:33:43.234543 Received request from 102.23.55.32 for /example
2012-02-13T15:33:44.726534 Started database query for table users
2019-02-13T15:33:44.038472 Completed database query for table users
2019-02-13T15:33:43.234543 Received request from 102.23.55.32 for /example
2019-02-13T15:33:44.726534 Started database query for table users
2019-02-13T15:33:44.038472 Completed database query for table users
2015-02-13T15:33:43.234543 Received request from 102.23.55.32 for /example
2019-02-13T15:33:44.726534 Started database query for table users
2019-02-13T15:33:44.038472 Completed database query for table users
2019-02-13T15:33:43.234543 Received request from 102.23.55.32 for /example
2019-02-13T15:33:44.726534 Started database query for table users
2019-02-13T15:33:44.038472 Completed database query for table users
2019-02-13T15:33:43.234543 Received request from 102.23.55.32 for /example
2019-02-13T15:33:44.726534 Started database query for table users
2019-02-13T15:33:44.038472 Completed database query for table users
2019-02-13T15:33:43.234543 Received request from 102.23.55.32 for /example
2019-02-13T15:33:44.726534 Started database query for table users
2019-02-13T15:33:44.038472 Completed database query for table users
2019-02-13T15:33:43.234543 Received request from 102.23.55.32 for /example
2019-02-13T15:33:44.726534 Started database query for table users
2019-02-13T15:33:44.038472 Completed database query for table users
2019-02-13T15:33:43.234543 Received request from 102.23.55.32 for /example
2019-02-13T15:33:44.726534 Started database query for table users
2019-02-13T15:33:44.038472 Completed database query for table users
2019-02-13T15:33:43.234543 Received request from 102.23.55.32 for /example
2019-02-13T15:33:44.726534 Started database query for table users
2019-02-13T15:33:44.038472 Completed database query for table users
2019-02-13T15:33:43.234543 Received request from 102.23.55.32 for /example
2019-02-13T15:33:44.726534 Started database query for table users
2019-02-13T15:33:44.038472 Completed database query for table users
2019-02-13T15:33:43.234543 Received request from 102.23.55.32 for /example
2006-02-13T15:33:44.726534 Started database query for table users
2019-02-13T15:33:44.038472 Completed database query for table users
2019-02-13T15:33:43.234543 Received request from 102.23.55.32 for /example
2009-02-13T15:33:44.726534 Started database query for table users
2019-02-13T15:33:44.038472 Completed database query for table users
2019-02-13T15:33:43.234543 Received request from 102.23.55.32 for /example
2018-02-13T15:33:44.726534 Started database query for table users
2019-02-13T15:33:44.038472 Completed database query for table users
2019-02-13T15:33:43.234543 Received request from 102.23.55.32 for /example
2012-02-13T15:33:44.726534 Started database query for table users
2019-02-13T15:33:44.038472 Completed database query for table users
2019-02-13T15:33:43.234543 Received request from 102.23.55.32 for /example
2019-02-13T15:33:44.726534 Started database query for table users
2019-02-13T15:33:44.038472 Completed database query for table users
2015-02-13T15:33:43.234543 Received request from 102.23.55.32 for /example
2019-02-13T15:33:44.726534 Started database query for table users
2019-02-13T15:33:44.038472 Completed database query for table users
2019-02-13T15:33:43.234543 Received request from 102.23.55.32 for /example
2019-02-13T15:33:44.726534 Started database query for table users
2019-02-13T15:33:44.038472 Completed database query for table users
2019-02-13T15:33:43.234543 Received request from 102.23.55.32 for /example
2019-02-13T15:33:44.726534 Started database query for table users
2019-02-13T15:33:44.038472 Completed database query for table users
2019-02-13T15:33:43.234543 Received request from 102.23.55.32 for /example
2019-02-13T15:33:44.726534 Started database query for table users
2019-02-13T15:33:44.038472 Completed database query for table users
2019-02-13T15:33:43.234543 Received request from 102.23.55.32 for /example
2019-02-13T15:33:44.726534 Started database query for table users
2019-02-13T15:33:44.038472 Completed database query for table users
2019-02-13T15:33:43.234543 Received request from 102.23.55.32 for /example
2019-02-13T15:33:44.726534 Started database query for table users
2019-02-13T15:33:44.038472 Completed database query for table users
2019-02-13T15:33:43.234543 Received request from 102.23.55.32 for /example
2019-02-13T15:33:44.726534 Started database query for table users
2019-02-13T15:33:44.038472 Completed database query for table users
2019-02-13T15:33:43.234543 Received request from 102.23.55.32 for /example
2019-02-13T15:33:44.726534 Started database query for table users
2019-02-13T15:33:44.038472 Completed database query for table users
2019-02-13T15:33:43.234543 Received request from 102.23.55.32 for /example
2006-02-13T15:33:44.726534 Started database query for table users
2019-02-13T15:33:44.038472 Completed database query for table users
2019-02-13T15:33:43.234543 Received request from 102.23.55.32 for /example
2009-02-13T15:33:44.726534 Started database query for table users
2019-02-13T15:33:44.038472 Completed database query for table users
2019-02-13T15:33:43.234543 Received request from 102.23.55.32 for /example
2018-02-13T15:33:44.726534 Started database query for table users
2019-02-13T15:33:44.038472 Completed database query for table users
2019-02-13T15:33:43.234543 Received request from 102.23.55.32 for /example
2012-02-13T15:33:44.726534 Started database query for table users
2019-02-13T15:33:44.038472 Completed database query for table users
2019-02-13T15:33:43.234543 Received request from 102.23.55.32 for /example
2019-02-13T15:33:44.726534 Started database query for table users
2019-02-13T15:33:44.038472 Completed database query for table users
2015-02-13T15:33:43.234543 Received request from 102.23.55.32 for /example
2019-02-13T15:33:44.726534 Started database query for table users
2019-02-13T15:33:44.038472 Completed database query for table users
2019-02-13T15:33:43.234543 Received request from 102.23.55.32 for /example
2019-02-13T15:33:44.726534 Started database query for table users
2019-02-13T15:33:44.038472 Completed database query for table users
2019-02-13T15:33:43.234543 Received request from 102.23.55.32 for /example
2019-02-13T15:33:44.726534 Started database query for table users
2019-02-13T15:33:44.038472 Completed database query for table users
2019-02-13T15:33:43.234543 Received request from 102.23.55.32 for /example
2019-02-13T15:33:44.726534 Started database query for table users
2019-02-13T15:33:44.038472 Completed database query for table users
2019-02-13T15:33:43.234543 Received request from 102.23.55.32 for /example
2019-02-13T15:33:44.726534 Started database query for table users
2019-02-13T15:33:44.038472 Completed database query for table users
2019-02-13T15:33:43.234543 Received request from 102.23.55.32 for /example
2019-02-13T15:33:44.726534 Started database query for table users
2019-02-13T15:33:44.038472 Completed database query for table users
2019-02-13T15:33:43.234543 Received request from 102.23.55.32 for /example
2019-02-13T15:33:44.726534 Started database query for table users
2019-02-13T15:33:44.038472 Completed database query for table users
2019-02-13T15:33:43.234543 Received request from 102.23.55.32 for /example
2019-02-13T15:33:44.726534 Started database query for table users
2019-02-13T15:33:44.038472 Completed database query for table users
2019-02-13T15:33:43.234543 Received request from 102.23.55.32 for /example
2006-02-13T15:33:44.726534 Started database query for table users
2019-02-13T15:33:44.038472 Completed database query for table users
2019-02-13T15:33:43.234543 Received request from 102.23.55.32 for /example
2009-02-13T15:33:44.726534 Started database query for table users
2019-02-13T15:33:44.038472 Completed database query for table users
2019-02-13T15:33:43.234543 Received request from 102.23.55.32 for /example
2018-02-13T15:33:44.726534 Started database query for table users
2019-02-13T15:33:44.038472 Completed database query for table users
2019-02-13T15:33:43.234543 Received request from 102.23.55.32 for /example
2012-02-13T15:33:44.726534 Started database query for table users
2019-02-13T15:33:44.038472 Completed database query for table users
2019-02-13T15:33:43.234543 Received request from 102.23.55.32 for /example
2019-02-13T15:33:44.726534 Started database query for table users
2019-02-13T15:33:44.038472 Completed database query for table users
2015-02-13T15:33:43.234543 Received request from 102.23.55.32 for /example
2019-02-13T15:33:44.726534 Started database query for table users
2019-02-13T15:33:44.038472 Completed database query for table users
2019-02-13T15:33:43.234543 Received request from 102.23.55.32 for /example
2019-02-13T15:33:44.726534 Started database query for table users
2019-02-13T15:33:44.038472 Completed database query for table users
2019-02-13T15:33:43.234543 Received request from 102.23.55.32 for /example
2019-02-13T15:33:44.726534 Started database query for table users
2019-02-13T15:33:44.038472 Completed database query for table users
2019-02-13T15:33:43.234543 Received request from 102.23.55.32 for /example
2019-02-13T15:33:44.726534 Started database query for table users
2019-02-13T15:33:44.038472 Completed database query for table users
2019-02-13T15:33:43.234543 Received request from 102.23.55.32 for /example
2019-02-13T15:33:44.726534 Started database query for table users
2019-02-13T15:33:44.038472 Completed database query for table users
2019-02-13T15:33:43.234543 Received request from 102.23.55.32 for /example
2019-02-13T15:33:44.726534 Started database query for table users
2019-02-13T15:33:44.038472 Completed database query for table users
2019-02-13T15:33:43.234543 Received request from 102.23.55.32 for /example
2019-02-13T15:33:44.726534 Started database query for table users
2019-02-13T15:33:44.038472 Completed database query for table users
2019-02-13T15:33:43.234543 Received request from 102.23.55.32 for /example
2019-02-13T15:33:44.726534 Started database query for table users
2019-02-13T15:33:44.038472 Completed database query for table users
2019-02-13T15:33:43.234543 Received request from 102.23.55.32 for /example
2006-02-13T15:33:44.726534 Started database query for table users
2019-02-13T15:33:44.038472 Completed database query for table users
2019-02-13T15:33:43.234543 Received request from 102.23.55.32 for /example
2009-02-13T15:33:44.726534 Started database query for table users
2019-02-13T15:33:44.038472 Completed database query for table users
2019-02-13T15:33:43.234543 Received request from 102.23.55.32 for /example
2018-02-13T15:33:44.726534 Started database query for table users
2019-02-13T15:33:44.038472 Completed database query for table users
2019-02-13T15:33:43.234543 Received request from 102.23.55.32 for /example
2012-02-13T15:33:44.726534 Started database query for table users
2019-02-13T15:33:44.038472 Completed database query for table users
2019-02-13T15:33:43.234543 Received request from 102.23.55.32 for /example
2019-02-13T15:33:44.726534 Started database query for table users
2019-02-13T15:33:44.038472 Completed database query for table users
2015-02-13T15:33:43.234543 Received request from 102.23.55.32 for /example
2019-02-13T15:33:44.726534 Started database query for table users
2019-02-13T15:33:44.038472 Completed database query for table users
2019-02-13T15:33:43.234543 Received request from 102.23.55.32 for /example
2019-02-13T15:33:44.726534 Started database query for table users
2019-02-13T15:33:44.038472 Completed database query for table users
2019-02-13T15:33:43.234543 Received request from 102.23.55.32 for /example
2019-02-13T15:33:44.726534 Started database query for table users
2019-02-13T15:33:44.038472 Completed database query for table users
2019-02-13T15:33:43.234543 Received request from 102.23.55.32 for /example
2019-02-13T15:33:44.726534 Started database query for table users
2019-02-13T15:33:44.038472 Completed database query for table users
2019-02-13T15:33:43.234543 Received request from 102.23.55.32 for /example
2019-02-13T15:33:44.726534 Started database query for table users
2019-02-13T15:33:44.038472 Completed database query for table users
2019-02-13T15:33:43.234543 Received request from 102.23.55.32 for /example
2019-02-13T15:33:44.726534 Started database query for table users
2019-02-13T15:33:44.038472 Completed database query for table users
2019-02-13T15:33:43.234543 Received request from 102.23.55.32 for /example
2019-02-13T15:33:44.726534 Started database query for table users
2019-02-13T15:33:44.038472 Completed database query for table users
2019-02-13T15:33:43.234543 Received request from 102.23.55.32 for /example
2019-02-13T15:33:44.726534 Started database query for table users
2019-02-13T15:33:44.038472 Completed database query for table users
2019-02-13T15:33:43.234543 Received request from 102.23.55.32 for /example
2006-02-13T15:33:44.726534 Started database query for table users
2019-02-13T15:33:44.038472 Completed database query for table users
2019-02-13T15:33:43.234543 Received request from 102.23.55.32 for /example
2009-02-13T15:33:44.726534 Started database query for table users
2019-02-13T15:33:44.038472 Completed database query for table users
2019-02-13T15:33:43.234543 Received request from 102.23.55.32 for /example
2018-02-13T15:33:44.726534 Started database query for table users
2019-02-13T15:33:44.038472 Completed database query for table users
2019-02-13T15:33:43.234543 Received request from 102.23.55.32 for /example
2012-02-13T15:33:44.726534 Started database query for table users
2019-02-13T15:33:44.038472 Completed database query for table users
2019-02-13T15:33:43.234543 Received request from 102.23.55.32 for /example
2019-02-13T15:33:44.726534 Started database query for table users
2019-02-13T15:33:44.038472 Completed database query for table users
2015-02-13T15:33:43.234543 Received request from 102.23.55.32 for /example
2019-02-13T15:33:44.726534 Started database query for table users
2019-02-13T15:33:44.038472 Completed database query for table users
2019-02-13T15:33:43.234543 Received request from 102.23.55.32 for /example
2019-02-13T15:33:44.726534 Started database query for table users
2019-02-13T15:33:44.038472 Completed database query for table users
2019-02-13T15:33:43.234543 Received request from 102.23.55.32 for /example
2019-02-13T15:33:44.726534 Started database query for table users
2019-02-13T15:33:44.038472 Completed database query for table users
2019-02-13T15:33:43.234543 Received request from 102.23.55.32 for /example
2019-02-13T15:33:44.726534 Started database query for table users
2019-02-13T15:33:44.038472 Completed database query for table users
2019-02-13T15:33:43.234543 Received request from 102.23.55.32 for /example
2019-02-13T15:33:44.726534 Started database query for table users
2019-02-13T15:33:44.038472 Completed database query for table users
2019-02-13T15:33:43.234543 Received request from 102.23.55.32 for /example
2019-02-13T15:33:44.726534 Started database query for table users
2019-02-13T15:33:44.038472 Completed database query for table users
2019-02-13T15:33:43.234543 Received request from 102.23.55.32 for /example
2019-02-13T15:33:44.726534 Started database query for table users
2019-02-13T15:33:44.038472 Completed database query for table users
2019-02-13T15:33:43.234543 Received request from 102.23.55.32 for /example
2019-02-13T15:33:44.726534 Started database query for table users
2019-02-13T15:33:44.038472 Completed database query for table users
2019-02-13T15:33:43.234543 Received request from 102.23.55.32 for /example
2006-02-13T15:33:44.726534 Started database query for table users
2019-02-13T15:33:44.038472 Completed database query for table users
2019-02-13T15:33:43.234543 Received request from 102.23.55.32 for /example
2009-02-13T15:33:44.726534 Started database query for table users
2019-02-13T15:33:44.038472 Completed database query for table users
2019-02-13T15:33:43.234543 Received request from 102.23.55.32 for /example
2018-02-13T15:33:44.726534 Started database query for table users
2019-02-13T15:33:44.038472 Completed database query for table users
2019-02-13T15:33:43.234543 Received request from 102.23.55.32 for /example
2012-02-13T15:33:44.726534 Started database query for table users
2019-02-13T15:33:44.038472 Completed database query for table users
2019-02-13T15:33:43.234543 Received request from 102.23.55.32 for /example
2019-02-13T15:33:44.726534 Started database query for table users
2019-02-13T15:33:44.038472 Completed database query for table users
2015-02-13T15:33:43.234543 Received request from 102.23.55.32 for /example
2019-02-13T15:33:44.726534 Started database query for table users
2019-02-13T15:33:44.038472 Completed database query for table users
2019-02-13T15:33:43.234543 Received request from 102.23.55.32 for /example
2019-02-13T15:33:44.726534 Started database query for table users
2019-02-13T15:33:44.038472 Completed database query for table users
2019-02-13T15:33:43.234543 Received request from 102.23.55.32 for /example
2019-02-13T15:33:44.726534 Started database query for table users
2019-02-13T15:33:44.038472 Completed database query for table users
2019-02-13T15:33:43.234543 Received request from 102.23.55.32 for /example
2019-02-13T15:33:44.726534 Started database query for table users
2019-02-13T15:33:44.038472 Completed database query for table users
2019-02-13T15:33:43.234543 Received request from 102.23.55.32 for /example
2019-02-13T15:33:44.726534 Started database query for table users
2019-02-13T15:33:44.038472 Completed database query for table users
2019-02-13T15:33:43.234543 Received request from 102.23.55.32 for /example
2019-02-13T15:33:44.726534 Started database query for table users
2019-02-13T15:33:44.038472 Completed database query for table users
2019-02-13T15:33:43.234543 Received request from 102.23.55.32 for /example
2019-02-13T15:33:44.726534 Started database query for table users
2019-02-13T15:33:44.038472 Completed database query for table users
2019-02-13T15:33:43.234543 Received request from 102.23.55.32 for /example
2019-02-13T15:33:44.726534 Started database query for table users
2019-02-13T15:33:44.038472 Completed database query for table users
2019-02-13T15:33:43.234543 Received request from 102.23.55.32 for /example
2006-02-13T15:33:44.726534 Started database query for table users
2019-02-13T15:33:44.038472 Completed database query for table users
2019-02-13T15:33:43.234543 Received request from 102.23.55.32 for /example
2009-02-13T15:33:44.726534 Started database query for table users
2019-02-13T15:33:44.038472 Completed database query for table users
2019-02-13T15:33:43.234543 Received request from 102.23.55.32 for /example
2018-02-13T15:33:44.726534 Started database query for table users
2019-02-13T15:33:44.038472 Completed database query for table users
2019-02-13T15:33:43.234543 Received request from 102.23.55.32 for /example
2012-02-13T15:33:44.726534 Started database query for table users
2019-02-13T15:33:44.038472 Completed database query for table users
2019-02-13T15:33:43.234543 Received request from 102.23.55.32 for /example
2019-02-13T15:33:44.726534 Started database query for table users
2019-02-13T15:33:44.038472 Completed database query for table users
2015-02-13T15:33:43.234543 Received request from 102.23.55.32 for /example
2019-02-13T15:33:44.726534 Started database query for table users
2019-02-13T15:33:44.038472 Completed database query for table users
2019-02-13T15:33:43.234543 Received request from 102.23.55.32 for /example
2019-02-13T15:33:44.726534 Started database query for table users
2019-02-13T15:33:44.038472 Completed database query for table users
2019-02-13T15:33:43.234543 Received request from 102.23.55.32 for /example
2019-02-13T15:33:44.726534 Started database query for table users
2019-02-13T15:33:44.038472 Completed database query for table users
2019-02-13T15:33:43.234543 Received request from 102.23.55.32 for /example
2019-02-13T15:33:44.726534 Started database query for table users
2019-02-13T15:33:44.038472 Completed database query for table users
2019-02-13T15:33:43.234543 Received request from 102.23.55.32 for /example
2019-02-13T15:33:44.726534 Started database query for table users
2019-02-13T15:33:44.038472 Completed database query for table users
2019-02-13T15:33:43.234543 Received request from 102.23.55.32 for /example
2019-02-13T15:33:44.726534 Started database query for table users
2019-02-13T15:33:44.038472 Completed database query for table users
2019-02-13T15:33:43.234543 Received request from 102.23.55.32 for /example
2019-02-13T15:33:44.726534 Started database query for table users
2019-02-13T15:33:44.038472 Completed database query for table users
2019-02-13T15:33:43.234543 Received request from 102.23.55.32 for /example
2019-02-13T15:33:44.726534 Started database query for table users
2019-02-13T15:33:44.038472 Completed database query for table users
2019-02-13T15:33:43.234543 Received request from 102.23.55.32 for /example
2006-02-13T15:33:44.726534 Started database query for table users
2019-02-13T15:33:44.038472 Completed database query for table users
2019-02-13T15:33:43.234543 Received request from 102.23.55.32 for /example
2009-02-13T15:33:44.726534 Started database query for table users
2019-02-13T15:33:44.038472 Completed database query for table users
2019-02-13T15:33:43.234543 Received request from 102.23.55.32 for /example
2018-02-13T15:33:44.726534 Started database query for table users
2019-02-13T15:33:44.038472 Completed database query for table users
2019-02-13T15:33:43.234543 Received request from 102.23.55.32 for /example
2012-02-13T15:33:44.726534 Started database query for table users
2019-02-13T15:33:44.038472 Completed database query for table users
2019-02-13T15:33:43.234543 Received request from 102.23.55.32 for /example
2019-02-13T15:33:44.726534 Started database query for table users
2019-02-13T15:33:44.038472 Completed database query for table users
2015-02-13T15:33:43.234543 Received request from 102.23.55.32 for /example
2019-02-13T15:33:44.726534 Started database query for table users
2019-02-13T15:33:44.038472 Completed database query for table users
2019-02-13T15:33:43.234543 Received request from 102.23.55.32 for /example
2019-02-13T15:33:44.726534 Started database query for table users
2019-02-13T15:33:44.038472 Completed database query for table users
2019-02-13T15:33:43.234543 Received request from 102.23.55.32 for /example
2019-02-13T15:33:44.726534 Started database query for table users
2019-02-13T15:33:44.038472 Completed database query for table users
2019-02-13T15:33:43.234543 Received request from 102.23.55.32 for /example
2019-02-13T15:33:44.726534 Started database query for table users
2019-02-13T15:33:44.038472 Completed database query for table users
2019-02-13T15:33:43.234543 Received request from 102.23.55.32 for /example
2019-02-13T15:33:44.726534 Started database query for table users
2019-02-13T15:33:44.038472 Completed database query for table users
2019-02-13T15:33:43.234543 Received request from 102.23.55.32 for /example
2019-02-13T15:33:44.726534 Started database query for table users
2019-02-13T15:33:44.038472 Completed database query for table users
2019-02-13T15:33:43.234543 Received request from 102.23.55.32 for /example
2019-02-13T15:33:44.726534 Started database query for table users
2019-02-13T15:33:44.038472 Completed database query for table users
2019-02-13T15:33:43.234543 Received request from 102.23.55.32 for /example
2019-02-13T15:33:44.726534 Started database query for table users
2019-02-13T15:33:44.038472 Completed database query for table users
2019-02-13T15:33:43.234543 Received request from 102.23.55.32 for /example
2006-02-13T15:33:44.726534 Started database query for table users
2019-02-13T15:33:44.038472 Completed database query for table users
2019-02-13T15:33:43.234543 Received request from 102.23.55.32 for /example
2009-02-13T15:33:44.726534 Started database query for table users
2019-02-13T15:33:44.038472 Completed database query for table users
2019-02-13T15:33:43.234543 Received request from 102.23.55.32 for /example
2018-02-13T15:33:44.726534 Started database query for table users
2019-02-13T15:33:44.038472 Completed database query for table users
2019-02-13T15:33:43.234543 Received request from 102.23.55.32 for /example
2012-02-13T15:33:44.726534 Started database query for table users
2019-02-13T15:33:44.038472 Completed database query for table users
2019-02-13T15:33:43.234543 Received request from 102.23.55.32 for /example
2019-02-13T15:33:44.726534 Started database query for table users
2019-02-13T15:33:44.038472 Completed database query for table users
2015-02-13T15:33:43.234543 Received request from 102.23.55.32 for /example
2019-02-13T15:33:44.726534 Started database query for table users
2019-02-13T15:33:44.038472 Completed database query for table users
2019-02-13T15:33:43.234543 Received request from 102.23.55.32 for /example
2019-02-13T15:33:44.726534 Started database query for table users
2019-02-13T15:33:44.038472 Completed database query for table users
2019-02-13T15:33:43.234543 Received request from 102.23.55.32 for /example
2019-02-13T15:33:44.726534 Started database query for table users
2019-02-13T15:33:44.038472 Completed database query for table users
2019-02-13T15:33:43.234543 Received request from 102.23.55.32 for /example
2019-02-13T15:33:44.726534 Started database query for table users
2019-02-13T15:33:44.038472 Completed database query for table users
2019-02-13T15:33:43.234543 Received request from 102.23.55.32 for /example
2019-02-13T15:33:44.726534 Started database query for table users
2019-02-13T15:33:44.038472 Completed database query for table users
2019-02-13T15:33:43.234543 Received request from 102.23.55.32 for /example
2019-02-13T15:33:44.726534 Started database query for table users
2019-02-13T15:33:44.038472 Completed database query for table users
2019-02-13T15:33:43.234543 Received request from 102.23.55.32 for /example
2019-02-13T15:33:44.726534 Started database query for table users
2019-02-13T15:33:44.038472 Completed database query for table users
2019-02-13T15:33:43.234543 Received request from 102.23.55.32 for /example
2019-02-13T15:33:44.726534 Started database query for table users
2019-02-13T15:33:44.038472 Completed database query for table users
2019-02-13T15:33:43.234543 Received request from 102.23.55.32 for /example
2006-02-13T15:33:44.726534 Started database query for table users
2019-02-13T15:33:44.038472 Completed database query for table users
2019-02-13T15:33:43.234543 Received request from 102.23.55.32 for /example
2009-02-13T15:33:44.726534 Started database query for table users
2019-02-13T15:33:44.038472 Completed database query for table users
2019-02-13T15:33:43.234543 Received request from 102.23.55.32 for /example
2018-02-13T15:33:44.726534 Started database query for table users
2019-02-13T15:33:44.038472 Completed database query for table users
2019-02-13T15:33:43.234543 Received request from 102.23.55.32 for /example
2012-02-13T15:33:44.726534 Started database query for table users
2019-02-13T15:33:44.038472 Completed database query for table users
2019-02-13T15:33:43.234543 Received request from 102.23.55.32 for /example
2019-02-13T15:33:44.726534 Started database query for table users
2019-02-13T15:33:44.038472 Completed database query for table users
2015-02-13T15:33:43.234543 Received request from 102.23.55.32 for /example
2019-02-13T15:33:44.726534 Started database query for table users
2019-02-13T15:33:44.038472 Completed database query for table users
2019-02-13T15:33:43.234543 Received request from 102.23.55.32 for /example
2019-02-13T15:33:44.726534 Started database query for table users
2019-02-13T15:33:44.038472 Completed database query for table users
2019-02-13T15:33:43.234543 Received request from 102.23.55.32 for /example
2019-02-13T15:33:44.726534 Started database query for table users
2019-02-13T15:33:44.038472 Completed database query for table users
2019-02-13T15:33:43.234543 Received request from 102.23.55.32 for /example
2019-02-13T15:33:44.726534 Started database query for table users
2019-02-13T15:33:44.038472 Completed database query for table users
2019-02-13T15:33:43.234543 Received request from 102.23.55.32 for /example
2019-02-13T15:33:44.726534 Started database query for table users
2019-02-13T15:33:44.038472 Completed database query for table users
2019-02-13T15:33:43.234543 Received request from 102.23.55.32 for /example
2019-02-13T15:33:44.726534 Started database query for table users
2019-02-13T15:33:44.038472 Completed database query for table users
2019-02-13T15:33:43.234543 Received request from 102.23.55.32 for /example
2019-02-13T15:33:44.726534 Started database query for table users
2019-02-13T15:33:44.038472 Completed database query for table users
2019-02-13T15:33:43.234543 Received request from 102.23.55.32 for /example
2019-02-13T15:33:44.726534 Started database query for table users
2019-02-13T15:33:44.038472 Completed database query for table users
2019-02-13T15:33:43.234543 Received request from 102.23.55.32 for /example
2006-02-13T15:33:44.726534 Started database query for table users
2019-02-13T15:33:44.038472 Completed database query for table users
2019-02-13T15:33:43.234543 Received request from 102.23.55.32 for /example
2009-02-13T15:33:44.726534 Started database query for table users
2019-02-13T15:33:44.038472 Completed database query for table users
2019-02-13T15:33:43.234543 Received request from 102.23.55.32 for /example
2018-02-13T15:33:44.726534 Started database query for table users
2019-02-13T15:33:44.038472 Completed database query for table users
2019-02-13T15:33:43.234543 Received request from 102.23.55.32 for /example
2012-02-13T15:33:44.726534 Started database query for table users
2019-02-13T15:33:44.038472 Completed database query for table users
2019-02-13T15:33:43.234543 Received request from 102.23.55.32 for /example
2019-02-13T15:33:44.726534 Started database query for table users
2019-02-13T15:33:44.038472 Completed database query for table users
2015-02-13T15:33:43.234543 Received request from 102.23.55.32 for /example
2019-02-13T15:33:44.726534 Started database query for table users
2019-02-13T15:33:44.038472 Completed database query for table users
2019-02-13T15:33:43.234543 Received request from 102.23.55.32 for /example
2019-02-13T15:33:44.726534 Started database query for table users
2019-02-13T15:33:44.038472 Completed database query for table users
2019-02-13T15:33:43.234543 Received request from 102.23.55.32 for /example
2019-02-13T15:33:44.726534 Started database query for table users
2019-02-13T15:33:44.038472 Completed database query for table users
2019-02-13T15:33:43.234543 Received request from 102.23.55.32 for /example
2019-02-13T15:33:44.726534 Started database query for table users
2019-02-13T15:33:44.038472 Completed database query for table users
2019-02-13T15:33:43.234543 Received request from 102.23.55.32 for /example
2019-02-13T15:33:44.726534 Started database query for table users
2019-02-13T15:33:44.038472 Completed database query for table users
2019-02-13T15:33:43.234543 Received request from 102.23.55.32 for /example
2019-02-13T15:33:44.726534 Started database query for table users
2019-02-13T15:33:44.038472 Completed database query for table users
2019-02-13T15:33:43.234543 Received request from 102.23.55.32 for /example
2019-02-13T15:33:44.726534 Started database query for table users
2019-02-13T15:33:44.038472 Completed database query for table users
2019-02-13T15:33:43.234543 Received request from 102.23.55.32 for /example
2019-02-13T15:33:44.726534 Started database query for table users
2019-02-13T15:33:44.038472 Completed database query for table users
2019-02-13T15:33:43.234543 Received request from 102.23.55.32 for /example
2006-02-13T15:33:44.726534 Started database query for table users
2019-02-13T15:33:44.038472 Completed database query for table users
2019-02-13T15:33:43.234543 Received request from 102.23.55.32 for /example
2009-02-13T15:33:44.726534 Started database query for table users
2019-02-13T15:33:44.038472 Completed database query for table users
2019-02-13T15:33:43.234543 Received request from 102.23.55.32 for /example
2018-02-13T15:33:44.726534 Started database query for table users
2019-02-13T15:33:44.038472 Completed database query for table users
2019-02-13T15:33:43.234543 Received request from 102.23.55.32 for /example
2012-02-13T15:33:44.726534 Started database query for table users
2019-02-13T15:33:44.038472 Completed database query for table users
2019-02-13T15:33:43.234543 Received request from 102.23.55.32 for /example
2019-02-13T15:33:44.726534 Started database query for table users
2019-02-13T15:33:44.038472 Completed database query for table users
2015-02-13T15:33:43.234543 Received request from 102.23.55.32 for /example
2019-02-13T15:33:44.726534 Started database query for table users
2019-02-13T15:33:44.038472 Completed database query for table users
2019-02-13T15:33:43.234543 Received request from 102.23.55.32 for /example
2019-02-13T15:33:44.726534 Started database query for table users
2019-02-13T15:33:44.038472 Completed database query for table users
2019-02-13T15:33:43.234543 Received request from 102.23.55.32 for /example
2019-02-13T15:33:44.726534 Started database query for table users
2019-02-13T15:33:44.038472 Completed database query for table users
2019-02-13T15:33:43.234543 Received request from 102.23.55.32 for /example
2019-02-13T15:33:44.726534 Started database query for table users
2019-02-13T15:33:44.038472 Completed database query for table users
2019-02-13T15:33:43.234543 Received request from 102.23.55.32 for /example
2019-02-13T15:33:44.726534 Started database query for table users
2019-02-13T15:33:44.038472 Completed database query for table users
2019-02-13T15:33:43.234543 Received request from 102.23.55.32 for /example
2019-02-13T15:33:44.726534 Started database query for table users
2019-02-13T15:33:44.038472 Completed database query for table users
2019-02-13T15:33:43.234543 Received request from 102.23.55.32 for /example
2019-02-13T15:33:44.726534 Started database query for table users
2019-02-13T15:33:44.038472 Completed database query for table users
2019-02-13T15:33:43.234543 Received request from 102.23.55.32 for /example
2019-02-13T15:33:44.726534 Started database query for table users
2019-02-13T15:33:44.038472 Completed database query for table users
2019-02-13T15:33:43.234543 Received request from 102.23.55.32 for /example
2006-02-13T15:33:44.726534 Started database query for table users
2019-02-13T15:33:44.038472 Completed database query for table users
2019-02-13T15:33:43.234543 Received request from 102.23.55.32 for /example
2009-02-13T15:33:44.726534 Started database query for table users
2019-02-13T15:33:44.038472 Completed database query for table users
2019-02-13T15:33:43.234543 Received request from 102.23.55.32 for /example
2018-02-13T15:33:44.726534 Started database query for table users
2019-02-13T15:33:44.038472 Completed database query for table users
2019-02-13T15:33:43.234543 Received request from 102.23.55.32 for /example
2012-02-13T15:33:44.726534 Started database query for table users
2019-02-13T15:33:44.038472 Completed database query for table users
2019-02-13T15:33:43.234543 Received request from 102.23.55.32 for /example
2019-02-13T15:33:44.726534 Started database query for table users
2019-02-13T15:33:44.038472 Completed database query for table users
2015-02-13T15:33:43.234543 Received request from 102.23.55.32 for /example
2019-02-13T15:33:44.726534 Started database query for table users
2019-02-13T15:33:44.038472 Completed database query for table users
2019-02-13T15:33:43.234543 Received request from 102.23.55.32 for /example
2019-02-13T15:33:44.726534 Started database query for table users
2019-02-13T15:33:44.038472 Completed database query for table users
2019-02-13T15:33:43.234543 Received request from 102.23.55.32 for /example
2019-02-13T15:33:44.726534 Started database query for table users
2019-02-13T15:33:44.038472 Completed database query for table users
2019-02-13T15:33:43.234543 Received request from 102.23.55.32 for /example
2019-02-13T15:33:44.726534 Started database query for table users
2019-02-13T15:33:44.038472 Completed database query for table users
2019-02-13T15:33:43.234543 Received request from 102.23.55.32 for /example
2019-02-13T15:33:44.726534 Started database query for table users
2019-02-13T15:33:44.038472 Completed database query for table users
2019-02-13T15:33:43.234543 Received request from 102.23.55.32 for /example
2019-02-13T15:33:44.726534 Started database query for table users
2019-02-13T15:33:44.038472 Completed database query for table users
2019-02-13T15:33:43.234543 Received request from 102.23.55.32 for /example
2019-02-13T15:33:44.726534 Started database query for table users
2019-02-13T15:33:44.038472 Completed database query for table users
2019-02-13T15:33:43.234543 Received request from 102.23.55.32 for /example
2019-02-13T15:33:44.726534 Started database query for table users
2019-02-13T15:33:44.038472 Completed database query for table users
2019-02-13T15:33:43.234543 Received request from 102.23.55.32 for /example
2006-02-13T15:33:44.726534 Started database query for table users
2019-02-13T15:33:44.038472 Completed database query for table users
2019-02-13T15:33:43.234543 Received request from 102.23.55.32 for /example
2009-02-13T15:33:44.726534 Started database query for table users
2019-02-13T15:33:44.038472 Completed database query for table users
2019-02-13T15:33:43.234543 Received request from 102.23.55.32 for /example
2018-02-13T15:33:44.726534 Started database query for table users
2019-02-13T15:33:44.038472 Completed database query for table users
2019-02-13T15:33:43.234543 Received request from 102.23.55.32 for /example
2012-02-13T15:33:44.726534 Started database query for table users
2019-02-13T15:33:44.038472 Completed database query for table users
2019-02-13T15:33:43.234543 Received request from 102.23.55.32 for /example
2019-02-13T15:33:44.726534 Started database query for table users
2019-02-13T15:33:44.038472 Completed database query for table users
2015-02-13T15:33:43.234543 Received request from 102.23.55.32 for /example
2019-02-13T15:33:44.726534 Started database query for table users
2019-02-13T15:33:44.038472 Completed database query for table users
2019-02-13T15:33:43.234543 Received request from 102.23.55.32 for /example
2019-02-13T15:33:44.726534 Started database query for table users
2019-02-13T15:33:44.038472 Completed database query for table users
2019-02-13T15:33:43.234543 Received request from 102.23.55.32 for /example
2019-02-13T15:33:44.726534 Started database query for table users
2019-02-13T15:33:44.038472 Completed database query for table users
2019-02-13T15:33:43.234543 Received request from 102.23.55.32 for /example
2019-02-13T15:33:44.726534 Started database query for table users
2019-02-13T15:33:44.038472 Completed database query for table users
2019-02-13T15:33:43.234543 Received request from 102.23.55.32 for /example
2019-02-13T15:33:44.726534 Started database query for table users
2019-02-13T15:33:44.038472 Completed database query for table users
2019-02-13T15:33:43.234543 Received request from 102.23.55.32 for /example
2019-02-13T15:33:44.726534 Started database query for table users
2019-02-13T15:33:44.038472 Completed database query for table users
2019-02-13T15:33:43.234543 Received request from 102.23.55.32 for /example
2019-02-13T15:33:44.726534 Started database query for table users
2019-02-13T15:33:44.038472 Completed database query for table users
2019-02-13T15:33:43.234543 Received request from 102.23.55.32 for /example
2019-02-13T15:33:44.726534 Started database query for table users
2019-02-13T15:33:44.038472 Completed database query for table users
2019-02-13T15:33:43.234543 Received request from 102.23.55.32 for /example
2006-02-13T15:33:44.726534 Started database query for table users
2019-02-13T15:33:44.038472 Completed database query for table users
2019-02-13T15:33:43.234543 Received request from 102.23.55.32 for /example
2009-02-13T15:33:44.726534 Started database query for table users
2019-02-13T15:33:44.038472 Completed database query for table users
2019-02-13T15:33:43.234543 Received request from 102.23.55.32 for /example
2018-02-13T15:33:44.726534 Started database query for table users
2019-02-13T15:33:44.038472 Completed database query for table users
2019-02-13T15:33:43.234543 Received request from 102.23.55.32 for /example
2012-02-13T15:33:44.726534 Started database query for table users
2019-02-13T15:33:44.038472 Completed database query for table users
2019-02-13T15:33:43.234543 Received request from 102.23.55.32 for /example
2019-02-13T15:33:44.726534 Started database query for table users
2019-02-13T15:33:44.038472 Completed database query for table users
2015-02-13T15:33:43.234543 Received request from 102.23.55.32 for /example
2019-02-13T15:33:44.726534 Started database query for table users
2019-02-13T15:33:44.038472 Completed database query for table users
2019-02-13T15:33:43.234543 Received request from 102.23.55.32 for /example
2019-02-13T15:33:44.726534 Started database query for table users
2019-02-13T15:33:44.038472 Completed database query for table users
2019-02-13T15:33:43.234543 Received request from 102.23.55.32 for /example
2019-02-13T15:33:44.726534 Started database query for table users
2019-02-13T15:33:44.038472 Completed database query for table users
2019-02-13T15:33:43.234543 Received request from 102.23.55.32 for /example
2019-02-13T15:33:44.726534 Started database query for table users
2019-02-13T15:33:44.038472 Completed database query for table users
2019-02-13T15:33:43.234543 Received request from 102.23.55.32 for /example
2019-02-13T15:33:44.726534 Started database query for table users
2019-02-13T15:33:44.038472 Completed database query for table users
2019-02-13T15:33:43.234543 Received request from 102.23.55.32 for /example
2019-02-13T15:33:44.726534 Started database query for table users
2019-02-13T15:33:44.038472 Completed database query for table users
2019-02-13T15:33:43.234543 Received request from 102.23.55.32 for /example
2019-02-13T15:33:44.726534 Started database query for table users
2019-02-13T15:33:44.038472 Completed database query for table users
2019-02-13T15:33:43.234543 Received request from 102.23.55.32 for /example
2019-02-13T15:33:44.726534 Started database query for table users
2019-02-13T15:33:44.038472 Completed database query for table users
2019-02-13T15:33:43.234543 Received request from 102.23.55.32 for /example
2006-02-13T15:33:44.726534 Started database query for table users
2019-02-13T15:33:44.038472 Completed database query for table users
2019-02-13T15:33:43.234543 Received request from 102.23.55.32 for /example
2009-02-13T15:33:44.726534 Started database query for table users
2019-02-13T15:33:44.038472 Completed database query for table users
2019-02-13T15:33:43.234543 Received request from 102.23.55.32 for /example
2018-02-13T15:33:44.726534 Started database query for table users
2019-02-13T15:33:44.038472 Completed database query for table users
2019-02-13T15:33:43.234543 Received request from 102.23.55.32 for /example
2012-02-13T15:33:44.726534 Started database query for table users
2019-02-13T15:33:44.038472 Completed database query for table users
2019-02-13T15:33:43.234543 Received request from 102.23.55.32 for /example
2019-02-13T15:33:44.726534 Started database query for table users
2019-02-13T15:33:44.038472 Completed database query for table users
2015-02-13T15:33:43.234543 Received request from 102.23.55.32 for /example
2019-02-13T15:33:44.726534 Started database query for table users
2019-02-13T15:33:44.038472 Completed database query for table users
2019-02-13T15:33:43.234543 Received request from 102.23.55.32 for /example
2019-02-13T15:33:44.726534 Started database query for table users
2019-02-13T15:33:44.038472 Completed database query for table users
2019-02-13T15:33:43.234543 Received request from 102.23.55.32 for /example
2019-02-13T15:33:44.726534 Started database query for table users
2019-02-13T15:33:44.038472 Completed database query for table users
2019-02-13T15:33:43.234543 Received request from 102.23.55.32 for /example
2019-02-13T15:33:44.726534 Started database query for table users
2019-02-13T15:33:44.038472 Completed database query for table users
2019-02-13T15:33:43.234543 Received request from 102.23.55.32 for /example
2019-02-13T15:33:44.726534 Started database query for table users
2019-02-13T15:33:44.038472 Completed database query for table users
2019-02-13T15:33:43.234543 Received request from 102.23.55.32 for /example
2019-02-13T15:33:44.726534 Started database query for table users
2019-02-13T15:33:44.038472 Completed database query for table users
2019-02-13T15:33:43.234543 Received request from 102.23.55.32 for /example
2019-02-13T15:33:44.726534 Started database query for table users
2019-02-13T15:33:44.038472 Completed database query for table users
2019-02-13T15:33:43.234543 Received request from 102.23.55.32 for /example
2019-02-13T15:33:44.726534 Started database query for table users
2019-02-13T15:33:44.038472 Completed database query for table users
2019-02-13T15:33:43.234543 Received request from 102.23.55.32 for /example
2006-02-13T15:33:44.726534 Started database query for table users
2019-02-13T15:33:44.038472 Completed database query for table users
2019-02-13T15:33:43.234543 Received request from 102.23.55.32 for /example
2009-02-13T15:33:44.726534 Started database query for table users
2019-02-13T15:33:44.038472 Completed database query for table users
2019-02-13T15:33:43.234543 Received request from 102.23.55.32 for /example
2018-02-13T15:33:44.726534 Started database query for table users
2019-02-13T15:33:44.038472 Completed database query for table users
2019-02-13T15:33:43.234543 Received request from 102.23.55.32 for /example
2012-02-13T15:33:44.726534 Started database query for table users
2019-02-13T15:33:44.038472 Completed database query for table users
2019-02-13T15:33:43.234543 Received request from 102.23.55.32 for /example
2019-02-13T15:33:44.726534 Started database query for table users
2019-02-13T15:33:44.038472 Completed database query for table users
2015-02-13T15:33:43.234543 Received request from 102.23.55.32 for /example
2019-02-13T15:33:44.726534 Started database query for table users
2019-02-13T15:33:44.038472 Completed database query for table users
2019-02-13T15:33:43.234543 Received request from 102.23.55.32 for /example
2019-02-13T15:33:44.726534 Started database query for table users
2019-02-13T15:33:44.038472 Completed database query for table users
2019-02-13T15:33:43.234543 Received request from 102.23.55.32 for /example
2019-02-13T15:33:44.726534 Started database query for table users
2019-02-13T15:33:44.038472 Completed database query for table users
2019-02-13T15:33:43.234543 Received request from 102.23.55.32 for /example
2019-02-13T15:33:44.726534 Started database query for table users
2019-02-13T15:33:44.038472 Completed database query for table users
2019-02-13T15:33:43.234543 Received request from 102.23.55.32 for /example
2019-02-13T15:33:44.726534 Started database query for table users
2019-02-13T15:33:44.038472 Completed database query for table users
2019-02-13T15:33:43.234543 Received request from 102.23.55.32 for /example
2019-02-13T15:33:44.726534 Started database query for table users
2019-02-13T15:33:44.038472 Completed database query for table users
2019-02-13T15:33:43.234543 Received request from 102.23.55.32 for /example
2019-02-13T15:33:44.726534 Started database query for table users
2019-02-13T15:33:44.038472 Completed database query for table users
2019-02-13T15:33:43.234543 Received request from 102.23.55.32 for /example
2019-02-13T15:33:44.726534 Started database query for table users
2019-02-13T15:33:44.038472 Completed database query for table users
2019-02-13T15:33:43.234543 Received request from 102.23.55.32 for /example
2006-02-13T15:33:44.726534 Started database query for table users
2019-02-13T15:33:44.038472 Completed database query for table users
2019-02-13T15:33:43.234543 Received request from 102.23.55.32 for /example
2009-02-13T15:33:44.726534 Started database query for table users
2019-02-13T15:33:44.038472 Completed database query for table users
2019-02-13T15:33:43.234543 Received request from 102.23.55.32 for /example
2018-02-13T15:33:44.726534 Started database query for table users
2019-02-13T15:33:44.038472 Completed database query for table users
2019-02-13T15:33:43.234543 Received request from 102.23.55.32 for /example
2012-02-13T15:33:44.726534 Started database query for table users
2019-02-13T15:33:44.038472 Completed database query for table users
2019-02-13T15:33:43.234543 Received request from 102.23.55.32 for /example
2019-02-13T15:33:44.726534 Started database query for table users
2019-02-13T15:33:44.038472 Completed database query for table users
2015-02-13T15:33:43.234543 Received request from 102.23.55.32 for /example
2019-02-13T15:33:44.726534 Started database query for table users
2019-02-13T15:33:44.038472 Completed database query for table users
2019-02-13T15:33:43.234543 Received request from 102.23.55.32 for /example
2019-02-13T15:33:44.726534 Started database query for table users
2019-02-13T15:33:44.038472 Completed database query for table users
2019-02-13T15:33:43.234543 Received request from 102.23.55.32 for /example
2019-02-13T15:33:44.726534 Started database query for table users
2019-02-13T15:33:44.038472 Completed database query for table users
2019-02-13T15:33:43.234543 Received request from 102.23.55.32 for /example
2019-02-13T15:33:44.726534 Started database query for table users
2019-02-13T15:33:44.038472 Completed database query for table users
2019-02-13T15:33:43.234543 Received request from 102.23.55.32 for /example
2019-02-13T15:33:44.726534 Started database query for table users
2019-02-13T15:33:44.038472 Completed database query for table users
2019-02-13T15:33:43.234543 Received request from 102.23.55.32 for /example
2019-02-13T15:33:44.726534 Started database query for table users
2019-02-13T15:33:44.038472 Completed database query for table users
2019-02-13T15:33:43.234543 Received request from 102.23.55.32 for /example
2019-02-13T15:33:44.726534 Started database query for table users
2019-02-13T15:33:44.038472 Completed database query for table users
2019-02-13T15:33:43.234543 Received request from 102.23.55.32 for /example
2019-02-13T15:33:44.726534 Started database query for table users
2019-02-13T15:33:44.038472 Completed database query for table users
2019-02-13T15:33:43.234543 Received request from 102.23.55.32 for /example
2006-02-13T15:33:44.726534 Started database query for table users
2019-02-13T15:33:44.038472 Completed database query for table users
2019-02-13T15:33:43.234543 Received request from 102.23.55.32 for /example
2009-02-13T15:33:44.726534 Started database query for table users
2019-02-13T15:33:44.038472 Completed database query for table users
2019-02-13T15:33:43.234543 Received request from 102.23.55.32 for /example
2018-02-13T15:33:44.726534 Started database query for table users
2019-02-13T15:33:44.038472 Completed database query for table users
2019-02-13T15:33:43.234543 Received request from 102.23.55.32 for /example
2012-02-13T15:33:44.726534 Started database query for table users
2019-02-13T15:33:44.038472 Completed database query for table users
2019-02-13T15:33:43.234543 Received request from 102.23.55.32 for /example
2019-02-13T15:33:44.726534 Started database query for table users
2019-02-13T15:33:44.038472 Completed database query for table users
2015-02-13T15:33:43.234543 Received request from 102.23.55.32 for /example
2019-02-13T15:33:44.726534 Started database query for table users
2019-02-13T15:33:44.038472 Completed database query for table users
2019-02-13T15:33:43.234543 Received request from 102.23.55.32 for /example
2019-02-13T15:33:44.726534 Started database query for table users
2019-02-13T15:33:44.038472 Completed database query for table users
2019-02-13T15:33:43.234543 Received request from 102.23.55.32 for /example
2019-02-13T15:33:44.726534 Started database query for table users
2019-02-13T15:33:44.038472 Completed database query for table users
2019-02-13T15:33:43.234543 Received request from 102.23.55.32 for /example
2019-02-13T15:33:44.726534 Started database query for table users
2019-02-13T15:33:44.038472 Completed database query for table users
2019-02-13T15:33:43.234543 Received request from 102.23.55.32 for /example
2019-02-13T15:33:44.726534 Started database query for table users
2019-02-13T15:33:44.038472 Completed database query for table users
2019-02-13T15:33:43.234543 Received request from 102.23.55.32 for /example
2019-02-13T15:33:44.726534 Started database query for table users
2019-02-13T15:33:44.038472 Completed database query for table users
2019-02-13T15:33:43.234543 Received request from 102.23.55.32 for /example
2019-02-13T15:33:44.726534 Started database query for table users
2019-02-13T15:33:44.038472 Completed database query for table users
2019-02-13T15:33:43.234543 Received request from 102.23.55.32 for /example
2019-02-13T15:33:44.726534 Started database query for table users
2019-02-13T15:33:44.038472 Completed database query for table users
2019-02-13T15:33:43.234543 Received request from 102.23.55.32 for /example
2006-02-13T15:33:44.726534 Started database query for table users
2019-02-13T15:33:44.038472 Completed database query for table users
2019-02-13T15:33:43.234543 Received request from 102.23.55.32 for /example
2009-02-13T15:33:44.726534 Started database query for table users
2019-02-13T15:33:44.038472 Completed database query for table users
2019-02-13T15:33:43.234543 Received request from 102.23.55.32 for /example
2018-02-13T15:33:44.726534 Started database query for table users
2019-02-13T15:33:44.038472 Completed database query for table users
2019-02-13T15:33:43.234543 Received request from 102.23.55.32 for /example
2012-02-13T15:33:44.726534 Started database query for table users
2019-02-13T15:33:44.038472 Completed database query for table users
2019-02-13T15:33:43.234543 Received request from 102.23.55.32 for /example
2019-02-13T15:33:44.726534 Started database query for table users
2019-02-13T15:33:44.038472 Completed database query for table users
2015-02-13T15:33:43.234543 Received request from 102.23.55.32 for /example
2019-02-13T15:33:44.726534 Started database query for table users
2019-02-13T15:33:44.038472 Completed database query for table users
2019-02-13T15:33:43.234543 Received request from 102.23.55.32 for /example
2019-02-13T15:33:44.726534 Started database query for table users
2019-02-13T15:33:44.038472 Completed database query for table users
2019-02-13T15:33:43.234543 Received request from 102.23.55.32 for /example
2019-02-13T15:33:44.726534 Started database query for table users
2019-02-13T15:33:44.038472 Completed database query for table users
2019-02-13T15:33:43.234543 Received request from 102.23.55.32 for /example
2019-02-13T15:33:44.726534 Started database query for table users
2019-02-13T15:33:44.038472 Completed database query for table users
2019-02-13T15:33:43.234543 Received request from 102.23.55.32 for /example
2019-02-13T15:33:44.726534 Started database query for table users
2019-02-13T15:33:44.038472 Completed database query for table users
2019-02-13T15:33:43.234543 Received request from 102.23.55.32 for /example
2019-02-13T15:33:44.726534 Started database query for table users
2019-02-13T15:33:44.038472 Completed database query for table users
2019-02-13T15:33:43.234543 Received request from 102.23.55.32 for /example
2019-02-13T15:33:44.726534 Started database query for table users
2019-02-13T15:33:44.038472 Completed database query for table users
2019-02-13T15:33:43.234543 Received request from 102.23.55.32 for /example
2019-02-13T15:33:44.726534 Started database query for table users
2019-02-13T15:33:44.038472 Completed database query for table users
2019-02-13T15:33:43.234543 Received request from 102.23.55.32 for /example
2006-02-13T15:33:44.726534 Started database query for table users
2019-02-13T15:33:44.038472 Completed database query for table users
2019-02-13T15:33:43.234543 Received request from 102.23.55.32 for /example
2009-02-13T15:33:44.726534 Started database query for table users
2019-02-13T15:33:44.038472 Completed database query for table users
2019-02-13T15:33:43.234543 Received request from 102.23.55.32 for /example
2018-02-13T15:33:44.726534 Started database query for table users
2019-02-13T15:33:44.038472 Completed database query for table users
2019-02-13T15:33:43.234543 Received request from 102.23.55.32 for /example
2012-02-13T15:33:44.726534 Started database query for table users
2019-02-13T15:33:44.038472 Completed database query for table users
2019-02-13T15:33:43.234543 Received request from 102.23.55.32 for /example
2019-02-13T15:33:44.726534 Started database query for table users
2019-02-13T15:33:44.038472 Completed database query for table users
2015-02-13T15:33:43.234543 Received request from 102.23.55.32 for /example
2019-02-13T15:33:44.726534 Started database query for table users
2019-02-13T15:33:44.038472 Completed database query for table users
2019-02-13T15:33:43.234543 Received request from 102.23.55.32 for /example
2019-02-13T15:33:44.726534 Started database query for table users
2019-02-13T15:33:44.038472 Completed database query for table users
2019-02-13T15:33:43.234543 Received request from 102.23.55.32 for /example
2019-02-13T15:33:44.726534 Started database query for table users
2019-02-13T15:33:44.038472 Completed database query for table users
2019-02-13T15:33:43.234543 Received request from 102.23.55.32 for /example
2019-02-13T15:33:44.726534 Started database query for table users
2019-02-13T15:33:44.038472 Completed database query for table users
2019-02-13T15:33:43.234543 Received request from 102.23.55.32 for /example
2019-02-13T15:33:44.726534 Started database query for table users
2019-02-13T15:33:44.038472 Completed database query for table users
2019-02-13T15:33:43.234543 Received request from 102.23.55.32 for /example
2019-02-13T15:33:44.726534 Started database query for table users
2019-02-13T15:33:44.038472 Completed database query for table users
2019-02-13T15:33:43.234543 Received request from 102.23.55.32 for /example
2019-02-13T15:33:44.726534 Started database query for table users
2019-02-13T15:33:44.038472 Completed database query for table users
2019-02-13T15:33:43.234543 Received request from 102.23.55.32 for /example
2019-02-13T15:33:44.726534 Started database query for table users
2019-02-13T15:33:44.038472 Completed database query for table users
2019-02-13T15:33:43.234543 Received request from 102.23.55.32 for /example
2006-02-13T15:33:44.726534 Started database query for table users
2019-02-13T15:33:44.038472 Completed database query for table users
2019-02-13T15:33:43.234543 Received request from 102.23.55.32 for /example
2009-02-13T15:33:44.726534 Started database query for table users
2019-02-13T15:33:44.038472 Completed database query for table users
2019-02-13T15:33:43.234543 Received request from 102.23.55.32 for /example
2018-02-13T15:33:44.726534 Started database query for table users
2019-02-13T15:33:44.038472 Completed database query for table users
2019-02-13T15:33:43.234543 Received request from 102.23.55.32 for /example
2012-02-13T15:33:44.726534 Started database query for table users
2019-02-13T15:33:44.038472 Completed database query for table users
2019-02-13T15:33:43.234543 Received request from 102.23.55.32 for /example
2019-02-13T15:33:44.726534 Started database query for table users
2019-02-13T15:33:44.038472 Completed database query for table users
2015-02-13T15:33:43.234543 Received request from 102.23.55.32 for /example
2019-02-13T15:33:44.726534 Started database query for table users
2019-02-13T15:33:44.038472 Completed database query for table users
2019-02-13T15:33:43.234543 Received request from 102.23.55.32 for /example
2019-02-13T15:33:44.726534 Started database query for table users
2019-02-13T15:33:44.038472 Completed database query for table users
2019-02-13T15:33:43.234543 Received request from 102.23.55.32 for /example
2019-02-13T15:33:44.726534 Started database query for table users
2019-02-13T15:33:44.038472 Completed database query for table users
2019-02-13T15:33:43.234543 Received request from 102.23.55.32 for /example
2019-02-13T15:33:44.726534 Started database query for table users
2019-02-13T15:33:44.038472 Completed database query for table users
2019-02-13T15:33:43.234543 Received request from 102.23.55.32 for /example
2019-02-13T15:33:44.726534 Started database query for table users
2019-02-13T15:33:44.038472 Completed database query for table users
2019-02-13T15:33:43.234543 Received request from 102.23.55.32 for /example
2019-02-13T15:33:44.726534 Started database query for table users
2019-02-13T15:33:44.038472 Completed database query for table users
2019-02-13T15:33:43.234543 Received request from 102.23.55.32 for /example
2019-02-13T15:33:44.726534 Started database query for table users
2019-02-13T15:33:44.038472 Completed database query for table users
2019-02-13T15:33:43.234543 Received request from 102.23.55.32 for /example
2019-02-13T15:33:44.726534 Started database query for table users
2019-02-13T15:33:44.038472 Completed database query for table users
2019-02-13T15:33:43.234543 Received request from 102.23.55.32 for /example
2006-02-13T15:33:44.726534 Started database query for table users
2019-02-13T15:33:44.038472 Completed database query for table users
2019-02-13T15:33:43.234543 Received request from 102.23.55.32 for /example
2009-02-13T15:33:44.726534 Started database query for table users
2019-02-13T15:33:44.038472 Completed database query for table users
2019-02-13T15:33:43.234543 Received request from 102.23.55.32 for /example
2018-02-13T15:33:44.726534 Started database query for table users
2019-02-13T15:33:44.038472 Completed database query for table users
2019-02-13T15:33:43.234543 Received request from 102.23.55.32 for /example
2012-02-13T15:33:44.726534 Started database query for table users
2019-02-13T15:33:44.038472 Completed database query for table users
2019-02-13T15:33:43.234543 Received request from 102.23.55.32 for /example
2019-02-13T15:33:44.726534 Started database query for table users
2019-02-13T15:33:44.038472 Completed database query for table users
2015-02-13T15:33:43.234543 Received request from 102.23.55.32 for /example
2019-02-13T15:33:44.726534 Started database query for table users
2019-02-13T15:33:44.038472 Completed database query for table users
2019-02-13T15:33:43.234543 Received request from 102.23.55.32 for /example
2019-02-13T15:33:44.726534 Started database query for table users
2019-02-13T15:33:44.038472 Completed database query for table users
2019-02-13T15:33:43.234543 Received request from 102.23.55.32 for /example
2019-02-13T15:33:44.726534 Started database query for table users
2019-02-13T15:33:44.038472 Completed database query for table users
2019-02-13T15:33:43.234543 Received request from 102.23.55.32 for /example
2019-02-13T15:33:44.726534 Started database query for table users
2019-02-13T15:33:44.038472 Completed database query for table users
2019-02-13T15:33:43.234543 Received request from 102.23.55.32 for /example
2019-02-13T15:33:44.726534 Started database query for table users
2019-02-13T15:33:44.038472 Completed database query for table users
2019-02-13T15:33:43.234543 Received request from 102.23.55.32 for /example
2019-02-13T15:33:44.726534 Started database query for table users
2019-02-13T15:33:44.038472 Completed database query for table users
2019-02-13T15:33:43.234543 Received request from 102.23.55.32 for /example
2019-02-13T15:33:44.726534 Started database query for table users
2019-02-13T15:33:44.038472 Completed database query for table users
2019-02-13T15:33:43.234543 Received request from 102.23.55.32 for /example
2019-02-13T15:33:44.726534 Started database query for table users
2019-02-13T15:33:44.038472 Completed database query for table users
2019-02-13T15:33:43.234543 Received request from 102.23.55.32 for /example
2006-02-13T15:33:44.726534 Started database query for table users
2019-02-13T15:33:44.038472 Completed database query for table users
2019-02-13T15:33:43.234543 Received request from 102.23.55.32 for /example
2009-02-13T15:33:44.726534 Started database query for table users
2019-02-13T15:33:44.038472 Completed database query for table users
2019-02-13T15:33:43.234543 Received request from 102.23.55.32 for /example
2018-02-13T15:33:44.726534 Started database query for table users
2019-02-13T15:33:44.038472 Completed database query for table users
2019-02-13T15:33:43.234543 Received request from 102.23.55.32 for /example
2012-02-13T15:33:44.726534 Started database query for table users
2019-02-13T15:33:44.038472 Completed database query for table users
2019-02-13T15:33:43.234543 Received request from 102.23.55.32 for /example
2019-02-13T15:33:44.726534 Started database query for table users
2019-02-13T15:33:44.038472 Completed database query for table users
2015-02-13T15:33:43.234543 Received request from 102.23.55.32 for /example
2019-02-13T15:33:44.726534 Started database query for table users
2019-02-13T15:33:44.038472 Completed database query for table users
2019-02-13T15:33:43.234543 Received request from 102.23.55.32 for /example
2019-02-13T15:33:44.726534 Started database query for table users
2019-02-13T15:33:44.038472 Completed database query for table users
2019-02-13T15:33:43.234543 Received request from 102.23.55.32 for /example
2019-02-13T15:33:44.726534 Started database query for table users
2019-02-13T15:33:44.038472 Completed database query for table users
2019-02-13T15:33:43.234543 Received request from 102.23.55.32 for /example
2019-02-13T15:33:44.726534 Started database query for table users
2019-02-13T15:33:44.038472 Completed database query for table users
2019-02-13T15:33:43.234543 Received request from 102.23.55.32 for /example
2019-02-13T15:33:44.726534 Started database query for table users
2019-02-13T15:33:44.038472 Completed database query for table users
2019-02-13T15:33:43.234543 Received request from 102.23.55.32 for /example
2019-02-13T15:33:44.726534 Started database query for table users
2019-02-13T15:33:44.038472 Completed database query for table users
2019-02-13T15:33:43.234543 Received request from 102.23.55.32 for /example
2019-02-13T15:33:44.726534 Started database query for table users
2019-02-13T15:33:44.038472 Completed database query for table users
2019-02-13T15:33:43.234543 Received request from 102.23.55.32 for /example
2019-02-13T15:33:44.726534 Started database query for table users
2019-02-13T15:33:44.038472 Completed database query for table users
2019-02-13T15:33:43.234543 Received request from 102.23.55.32 for /example
2006-02-13T15:33:44.726534 Started database query for table users
2019-02-13T15:33:44.038472 Completed database query for table users
2019-02-13T15:33:43.234543 Received request from 102.23.55.32 for /example
2009-02-13T15:33:44.726534 Started database query for table users
2019-02-13T15:33:44.038472 Completed database query for table users
2019-02-13T15:33:43.234543 Received request from 102.23.55.32 for /example
2018-02-13T15:33:44.726534 Started database query for table users
2019-02-13T15:33:44.038472 Completed database query for table users
2019-02-13T15:33:43.234543 Received request from 102.23.55.32 for /example
2012-02-13T15:33:44.726534 Started database query for table users
2019-02-13T15:33:44.038472 Completed database query for table users
2019-02-13T15:33:43.234543 Received request from 102.23.55.32 for /example
2019-02-13T15:33:44.726534 Started database query for table users
2019-02-13T15:33:44.038472 Completed database query for table users
2015-02-13T15:33:43.234543 Received request from 102.23.55.32 for /example
2019-02-13T15:33:44.726534 Started database query for table users
2019-02-13T15:33:44.038472 Completed database query for table users
2019-02-13T15:33:43.234543 Received request from 102.23.55.32 for /example
2019-02-13T15:33:44.726534 Started database query for table users
2019-02-13T15:33:44.038472 Completed database query for table users
2019-02-13T15:33:43.234543 Received request from 102.23.55.32 for /example
2019-02-13T15:33:44.726534 Started database query for table users
2019-02-13T15:33:44.038472 Completed database query for table users
2019-02-13T15:33:43.234543 Received request from 102.23.55.32 for /example
2019-02-13T15:33:44.726534 Started database query for table users
2019-02-13T15:33:44.038472 Completed database query for table users
2019-02-13T15:33:43.234543 Received request from 102.23.55.32 for /example
2019-02-13T15:33:44.726534 Started database query for table users
2019-02-13T15:33:44.038472 Completed database query for table users
2019-02-13T15:33:43.234543 Received request from 102.23.55.32 for /example
2019-02-13T15:33:44.726534 Started database query for table users
2019-02-13T15:33:44.038472 Completed database query for table users
2019-02-13T15:33:43.234543 Received request from 102.23.55.32 for /example
2019-02-13T15:33:44.726534 Started database query for table users
2019-02-13T15:33:44.038472 Completed database query for table users
2019-02-13T15:33:43.234543 Received request from 102.23.55.32 for /example
2019-02-13T15:33:44.726534 Started database query for table users
2019-02-13T15:33:44.038472 Completed database query for table users
2019-02-13T15:33:43.234543 Received request from 102.23.55.32 for /example
2006-02-13T15:33:44.726534 Started database query for table users
2019-02-13T15:33:44.038472 Completed database query for table users
2019-02-13T15:33:43.234543 Received request from 102.23.55.32 for /example
2009-02-13T15:33:44.726534 Started database query for table users
2019-02-13T15:33:44.038472 Completed database query for table users
2019-02-13T15:33:43.234543 Received request from 102.23.55.32 for /example
2018-02-13T15:33:44.726534 Started database query for table users
2019-02-13T15:33:44.038472 Completed database query for table users
2019-02-13T15:33:43.234543 Received request from 102.23.55.32 for /example
2012-02-13T15:33:44.726534 Started database query for table users
2019-02-13T15:33:44.038472 Completed database query for table users
2019-02-13T15:33:43.234543 Received request from 102.23.55.32 for /example
2019-02-13T15:33:44.726534 Started database query for table users
2019-02-13T15:33:44.038472 Completed database query for table users
2015-02-13T15:33:43.234543 Received request from 102.23.55.32 for /example
2019-02-13T15:33:44.726534 Started database query for table users
2019-02-13T15:33:44.038472 Completed database query for table users
2019-02-13T15:33:43.234543 Received request from 102.23.55.32 for /example
2019-02-13T15:33:44.726534 Started database query for table users
2019-02-13T15:33:44.038472 Completed database query for table users
2019-02-13T15:33:43.234543 Received request from 102.23.55.32 for /example
2019-02-13T15:33:44.726534 Started database query for table users
2019-02-13T15:33:44.038472 Completed database query for table users
2019-02-13T15:33:43.234543 Received request from 102.23.55.32 for /example
2019-02-13T15:33:44.726534 Started database query for table users
2019-02-13T15:33:44.038472 Completed database query for table users
2019-02-13T15:33:43.234543 Received request from 102.23.55.32 for /example
2019-02-13T15:33:44.726534 Started database query for table users
2019-02-13T15:33:44.038472 Completed database query for table users
2019-02-13T15:33:43.234543 Received request from 102.23.55.32 for /example
2019-02-13T15:33:44.726534 Started database query for table users
2019-02-13T15:33:44.038472 Completed database query for table users
2019-02-13T15:33:43.234543 Received request from 102.23.55.32 for /example
2019-02-13T15:33:44.726534 Started database query for table users
2019-02-13T15:33:44.038472 Completed database query for table users
2019-02-13T15:33:43.234543 Received request from 102.23.55.32 for /example
2019-02-13T15:33:44.726534 Started database query for table users
2019-02-13T15:33:44.038472 Completed database query for table users
2019-02-13T15:33:43.234543 Received request from 102.23.55.32 for /example
2006-02-13T15:33:44.726534 Started database query for table users
2019-02-13T15:33:44.038472 Completed database query for table users
2019-02-13T15:33:43.234543 Received request from 102.23.55.32 for /example
2009-02-13T15:33:44.726534 Started database query for table users
2019-02-13T15:33:44.038472 Completed database query for table users
2019-02-13T15:33:43.234543 Received request from 102.23.55.32 for /example
2018-02-13T15:33:44.726534 Started database query for table users
2019-02-13T15:33:44.038472 Completed database query for table users
2019-02-13T15:33:43.234543 Received request from 102.23.55.32 for /example
2012-02-13T15:33:44.726534 Started database query for table users
2019-02-13T15:33:44.038472 Completed database query for table users
2019-02-13T15:33:43.234543 Received request from 102.23.55.32 for /example
2019-02-13T15:33:44.726534 Started database query for table users
2019-02-13T15:33:44.038472 Completed database query for table users
2015-02-13T15:33:43.234543 Received request from 102.23.55.32 for /example
2019-02-13T15:33:44.726534 Started database query for table users
2019-02-13T15:33:44.038472 Completed database query for table users
2019-02-13T15:33:43.234543 Received request from 102.23.55.32 for /example
2019-02-13T15:33:44.726534 Started database query for table users
2019-02-13T15:33:44.038472 Completed database query for table users
2019-02-13T15:33:43.234543 Received request from 102.23.55.32 for /example
2019-02-13T15:33:44.726534 Started database query for table users
2019-02-13T15:33:44.038472 Completed database query for table users
2019-02-13T15:33:43.234543 Received request from 102.23.55.32 for /example
2019-02-13T15:33:44.726534 Started database query for table users
2019-02-13T15:33:44.038472 Completed database query for table users
2019-02-13T15:33:43.234543 Received request from 102.23.55.32 for /example
2019-02-13T15:33:44.726534 Started database query for table users
2019-02-13T15:33:44.038472 Completed database query for table users
2019-02-13T15:33:43.234543 Received request from 102.23.55.32 for /example
2019-02-13T15:33:44.726534 Started database query for table users
2019-02-13T15:33:44.038472 Completed database query for table users
2019-02-13T15:33:43.234543 Received request from 102.23.55.32 for /example
2019-02-13T15:33:44.726534 Started database query for table users
2019-02-13T15:33:44.038472 Completed database query for table users
2019-02-13T15:33:43.234543 Received request from 102.23.55.32 for /example
2019-02-13T15:33:44.726534 Started database query for table users
2019-02-13T15:33:44.038472 Completed database query for table users
2019-02-13T15:33:43.234543 Received request from 102.23.55.32 for /example
2006-02-13T15:33:44.726534 Started database query for table users
2019-02-13T15:33:44.038472 Completed database query for table users
2019-02-13T15:33:43.234543 Received request from 102.23.55.32 for /example
2009-02-13T15:33:44.726534 Started database query for table users
2019-02-13T15:33:44.038472 Completed database query for table users
2019-02-13T15:33:43.234543 Received request from 102.23.55.32 for /example
2018-02-13T15:33:44.726534 Started database query for table users
2019-02-13T15:33:44.038472 Completed database query for table users
2019-02-13T15:33:43.234543 Received request from 102.23.55.32 for /example
2012-02-13T15:33:44.726534 Started database query for table users
2019-02-13T15:33:44.038472 Completed database query for table users
2019-02-13T15:33:43.234543 Received request from 102.23.55.32 for /example
2019-02-13T15:33:44.726534 Started database query for table users
2019-02-13T15:33:44.038472 Completed database query for table users
2015-02-13T15:33:43.234543 Received request from 102.23.55.32 for /example
2019-02-13T15:33:44.726534 Started database query for table users
2019-02-13T15:33:44.038472 Completed database query for table users
2019-02-13T15:33:43.234543 Received request from 102.23.55.32 for /example
2019-02-13T15:33:44.726534 Started database query for table users
2019-02-13T15:33:44.038472 Completed database query for table users
2019-02-13T15:33:43.234543 Received request from 102.23.55.32 for /example
2019-02-13T15:33:44.726534 Started database query for table users
2019-02-13T15:33:44.038472 Completed database query for table users
2019-02-13T15:33:43.234543 Received request from 102.23.55.32 for /example
2019-02-13T15:33:44.726534 Started database query for table users
2019-02-13T15:33:44.038472 Completed database query for table users
2019-02-13T15:33:43.234543 Received request from 102.23.55.32 for /example
2019-02-13T15:33:44.726534 Started database query for table users
2019-02-13T15:33:44.038472 Completed database query for table users
2019-02-13T15:33:43.234543 Received request from 102.23.55.32 for /example
2019-02-13T15:33:44.726534 Started database query for table users
2019-02-13T15:33:44.038472 Completed database query for table users
2019-02-13T15:33:43.234543 Received request from 102.23.55.32 for /example
2019-02-13T15:33:44.726534 Started database query for table users
2019-02-13T15:33:44.038472 Completed database query for table users
2019-02-13T15:33:43.234543 Received request from 102.23.55.32 for /example
2019-02-13T15:33:44.726534 Started database query for table users
2019-02-13T15:33:44.038472 Completed database query for table users
2019-02-13T15:33:43.234543 Received request from 102.23.55.32 for /example
2006-02-13T15:33:44.726534 Started database query for table users
2019-02-13T15:33:44.038472 Completed database query for table users
2019-02-13T15:33:43.234543 Received request from 102.23.55.32 for /example
2009-02-13T15:33:44.726534 Started database query for table users
2019-02-13T15:33:44.038472 Completed database query for table users
2019-02-13T15:33:43.234543 Received request from 102.23.55.32 for /example
2018-02-13T15:33:44.726534 Started database query for table users
2019-02-13T15:33:44.038472 Completed database query for table users
2019-02-13T15:33:43.234543 Received request from 102.23.55.32 for /example
2012-02-13T15:33:44.726534 Started database query for table users
2019-02-13T15:33:44.038472 Completed database query for table users
2019-02-13T15:33:43.234543 Received request from 102.23.55.32 for /example
2019-02-13T15:33:44.726534 Started database query for table users
2019-02-13T15:33:44.038472 Completed database query for table users
2015-02-13T15:33:43.234543 Received request from 102.23.55.32 for /example
2019-02-13T15:33:44.726534 Started database query for table users
2019-02-13T15:33:44.038472 Completed database query for table users
2019-02-13T15:33:43.234543 Received request from 102.23.55.32 for /example
2019-02-13T15:33:44.726534 Started database query for table users
2019-02-13T15:33:44.038472 Completed database query for table users
2019-02-13T15:33:43.234543 Received request from 102.23.55.32 for /example
2019-02-13T15:33:44.726534 Started database query for table users
2019-02-13T15:33:44.038472 Completed database query for table users
2019-02-13T15:33:43.234543 Received request from 102.23.55.32 for /example
2019-02-13T15:33:44.726534 Started database query for table users
2019-02-13T15:33:44.038472 Completed database query for table users
2019-02-13T15:33:43.234543 Received request from 102.23.55.32 for /example
2019-02-13T15:33:44.726534 Started database query for table users
2019-02-13T15:33:44.038472 Completed database query for table users
2019-02-13T15:33:43.234543 Received request from 102.23.55.32 for /example
2019-02-13T15:33:44.726534 Started database query for table users
2019-02-13T15:33:44.038472 Completed database query for table users
2019-02-13T15:33:43.234543 Received request from 102.23.55.32 for /example
2019-02-13T15:33:44.726534 Started database query for table users
2019-02-13T15:33:44.038472 Completed database query for table users
2019-02-13T15:33:43.234543 Received request from 102.23.55.32 for /example
2019-02-13T15:33:44.726534 Started database query for table users
2019-02-13T15:33:44.038472 Completed database query for table users
2019-02-13T15:33:43.234543 Received request from 102.23.55.32 for /example
2006-02-13T15:33:44.726534 Started database query for table users
2019-02-13T15:33:44.038472 Completed database query for table users
2019-02-13T15:33:43.234543 Received request from 102.23.55.32 for /example
2009-02-13T15:33:44.726534 Started database query for table users
2019-02-13T15:33:44.038472 Completed database query for table users
2019-02-13T15:33:43.234543 Received request from 102.23.55.32 for /example
2018-02-13T15:33:44.726534 Started database query for table users
2019-02-13T15:33:44.038472 Completed database query for table users
2019-02-13T15:33:43.234543 Received request from 102.23.55.32 for /example
2012-02-13T15:33:44.726534 Started database query for table users
2019-02-13T15:33:44.038472 Completed database query for table users
2019-02-13T15:33:43.234543 Received request from 102.23.55.32 for /example
2019-02-13T15:33:44.726534 Started database query for table users
2019-02-13T15:33:44.038472 Completed database query for table users
2015-02-13T15:33:43.234543 Received request from 102.23.55.32 for /example
2019-02-13T15:33:44.726534 Started database query for table users
2019-02-13T15:33:44.038472 Completed database query for table users
2019-02-13T15:33:43.234543 Received request from 102.23.55.32 for /example
2019-02-13T15:33:44.726534 Started database query for table users
2019-02-13T15:33:44.038472 Completed database query for table users
2019-02-13T15:33:43.234543 Received request from 102.23.55.32 for /example
2019-02-13T15:33:44.726534 Started database query for table users
2019-02-13T15:33:44.038472 Completed database query for table users
2019-02-13T15:33:43.234543 Received request from 102.23.55.32 for /example
2019-02-13T15:33:44.726534 Started database query for table users
2019-02-13T15:33:44.038472 Completed database query for table users
2019-02-13T15:33:43.234543 Received request from 102.23.55.32 for /example
2019-02-13T15:33:44.726534 Started database query for table users
2019-02-13T15:33:44.038472 Completed database query for table users
2019-02-13T15:33:43.234543 Received request from 102.23.55.32 for /example
2019-02-13T15:33:44.726534 Started database query for table users
2019-02-13T15:33:44.038472 Completed database query for table users
2019-02-13T15:33:43.234543 Received request from 102.23.55.32 for /example
2019-02-13T15:33:44.726534 Started database query for table users
2019-02-13T15:33:44.038472 Completed database query for table users
2019-02-13T15:33:43.234543 Received request from 102.23.55.32 for /example
2019-02-13T15:33:44.726534 Started database query for table users
2019-02-13T15:33:44.038472 Completed database query for table users
2019-02-13T15:33:43.234543 Received request from 102.23.55.32 for /example
2006-02-13T15:33:44.726534 Started database query for table users
2019-02-13T15:33:44.038472 Completed database query for table users
2019-02-13T15:33:43.234543 Received request from 102.23.55.32 for /example
2009-02-13T15:33:44.726534 Started database query for table users
2019-02-13T15:33:44.038472 Completed database query for table users
2019-02-13T15:33:43.234543 Received request from 102.23.55.32 for /example
2018-02-13T15:33:44.726534 Started database query for table users
2019-02-13T15:33:44.038472 Completed database query for table users
2019-02-13T15:33:43.234543 Received request from 102.23.55.32 for /example
2012-02-13T15:33:44.726534 Started database query for table users
2019-02-13T15:33:44.038472 Completed database query for table users
2019-02-13T15:33:43.234543 Received request from 102.23.55.32 for /example
2019-02-13T15:33:44.726534 Started database query for table users
2019-02-13T15:33:44.038472 Completed database query for table users
2015-02-13T15:33:43.234543 Received request from 102.23.55.32 for /example
2019-02-13T15:33:44.726534 Started database query for table users
2019-02-13T15:33:44.038472 Completed database query for table users
2019-02-13T15:33:43.234543 Received request from 102.23.55.32 for /example
2019-02-13T15:33:44.726534 Started database query for table users
2019-02-13T15:33:44.038472 Completed database query for table users
2019-02-13T15:33:43.234543 Received request from 102.23.55.32 for /example
2019-02-13T15:33:44.726534 Started database query for table users
2019-02-13T15:33:44.038472 Completed database query for table users
2019-02-13T15:33:43.234543 Received request from 102.23.55.32 for /example
2019-02-13T15:33:44.726534 Started database query for table users
2019-02-13T15:33:44.038472 Completed database query for table users
2019-02-13T15:33:43.234543 Received request from 102.23.55.32 for /example
2019-02-13T15:33:44.726534 Started database query for table users
2019-02-13T15:33:44.038472 Completed database query for table users
2019-02-13T15:33:43.234543 Received request from 102.23.55.32 for /example
2019-02-13T15:33:44.726534 Started database query for table users
2019-02-13T15:33:44.038472 Completed database query for table users
2019-02-13T15:33:43.234543 Received request from 102.23.55.32 for /example
2019-02-13T15:33:44.726534 Started database query for table users
2019-02-13T15:33:44.038472 Completed database query for table users
2019-02-13T15:33:43.234543 Received request from 102.23.55.32 for /example
2019-02-13T15:33:44.726534 Started database query for table users
2019-02-13T15:33:44.038472 Completed database query for table users
2019-02-13T15:33:43.234543 Received request from 102.23.55.32 for /example
2006-02-13T15:33:44.726534 Started database query for table users
2019-02-13T15:33:44.038472 Completed database query for table users
2019-02-13T15:33:43.234543 Received request from 102.23.55.32 for /example
2009-02-13T15:33:44.726534 Started database query for table users
2019-02-13T15:33:44.038472 Completed database query for table users
2019-02-13T15:33:43.234543 Received request from 102.23.55.32 for /example
2018-02-13T15:33:44.726534 Started database query for table users
2019-02-13T15:33:44.038472 Completed database query for table users
2019-02-13T15:33:43.234543 Received request from 102.23.55.32 for /example
2012-02-13T15:33:44.726534 Started database query for table users
2019-02-13T15:33:44.038472 Completed database query for table users
2019-02-13T15:33:43.234543 Received request from 102.23.55.32 for /example
2019-02-13T15:33:44.726534 Started database query for table users
2019-02-13T15:33:44.038472 Completed database query for table users
2015-02-13T15:33:43.234543 Received request from 102.23.55.32 for /example
2019-02-13T15:33:44.726534 Started database query for table users
2019-02-13T15:33:44.038472 Completed database query for table users
2019-02-13T15:33:43.234543 Received request from 102.23.55.32 for /example
2019-02-13T15:33:44.726534 Started database query for table users
2019-02-13T15:33:44.038472 Completed database query for table users
2019-02-13T15:33:43.234543 Received request from 102.23.55.32 for /example
2019-02-13T15:33:44.726534 Started database query for table users
2019-02-13T15:33:44.038472 Completed database query for table users
2019-02-13T15:33:43.234543 Received request from 102.23.55.32 for /example
2019-02-13T15:33:44.726534 Started database query for table users
2019-02-13T15:33:44.038472 Completed database query for table users
2019-02-13T15:33:43.234543 Received request from 102.23.55.32 for /example
2019-02-13T15:33:44.726534 Started database query for table users
2019-02-13T15:33:44.038472 Completed database query for table users
2019-02-13T15:33:43.234543 Received request from 102.23.55.32 for /example
2019-02-13T15:33:44.726534 Started database query for table users
2019-02-13T15:33:44.038472 Completed database query for table users
2019-02-13T15:33:43.234543 Received request from 102.23.55.32 for /example
2019-02-13T15:33:44.726534 Started database query for table users
2019-02-13T15:33:44.038472 Completed database query for table users
2019-02-13T15:33:43.234543 Received request from 102.23.55.32 for /example
2019-02-13T15:33:44.726534 Started database query for table users
2019-02-13T15:33:44.038472 Completed database query for table users
2019-02-13T15:33:43.234543 Received request from 102.23.55.32 for /example
2006-02-13T15:33:44.726534 Started database query for table users
2019-02-13T15:33:44.038472 Completed database query for table users
2019-02-13T15:33:43.234543 Received request from 102.23.55.32 for /example
2009-02-13T15:33:44.726534 Started database query for table users
2019-02-13T15:33:44.038472 Completed database query for table users
2019-02-13T15:33:43.234543 Received request from 102.23.55.32 for /example
2018-02-13T15:33:44.726534 Started database query for table users
2019-02-13T15:33:44.038472 Completed database query for table users
2019-02-13T15:33:43.234543 Received request from 102.23.55.32 for /example
2012-02-13T15:33:44.726534 Started database query for table users
2019-02-13T15:33:44.038472 Completed database query for table users
2019-02-13T15:33:43.234543 Received request from 102.23.55.32 for /example
2019-02-13T15:33:44.726534 Started database query for table users
2019-02-13T15:33:44.038472 Completed database query for table users
2015-02-13T15:33:43.234543 Received request from 102.23.55.32 for /example
2019-02-13T15:33:44.726534 Started database query for table users
2019-02-13T15:33:44.038472 Completed database query for table users
2019-02-13T15:33:43.234543 Received request from 102.23.55.32 for /example
2019-02-13T15:33:44.726534 Started database query for table users
2019-02-13T15:33:44.038472 Completed database query for table users
2019-02-13T15:33:43.234543 Received request from 102.23.55.32 for /example
2019-02-13T15:33:44.726534 Started database query for table users
2019-02-13T15:33:44.038472 Completed database query for table users
2019-02-13T15:33:43.234543 Received request from 102.23.55.32 for /example
2019-02-13T15:33:44.726534 Started database query for table users
2019-02-13T15:33:44.038472 Completed database query for table users
2019-02-13T15:33:43.234543 Received request from 102.23.55.32 for /example
2019-02-13T15:33:44.726534 Started database query for table users
2019-02-13T15:33:44.038472 Completed database query for table users
2019-02-13T15:33:43.234543 Received request from 102.23.55.32 for /example
2019-02-13T15:33:44.726534 Started database query for table users
2019-02-13T15:33:44.038472 Completed database query for table users
2019-02-13T15:33:43.234543 Received request from 102.23.55.32 for /example
2019-02-13T15:33:44.726534 Started database query for table users
2019-02-13T15:33:44.038472 Completed database query for table users
2019-02-13T15:33:43.234543 Received request from 102.23.55.32 for /example
2019-02-13T15:33:44.726534 Started database query for table users
2019-02-13T15:33:44.038472 Completed database query for table users
2019-02-13T15:33:43.234543 Received request from 102.23.55.32 for /example
2006-02-13T15:33:44.726534 Started database query for table users
2019-02-13T15:33:44.038472 Completed database query for table users
2019-02-13T15:33:43.234543 Received request from 102.23.55.32 for /example
2009-02-13T15:33:44.726534 Started database query for table users
2019-02-13T15:33:44.038472 Completed database query for table users
2019-02-13T15:33:43.234543 Received request from 102.23.55.32 for /example
2018-02-13T15:33:44.726534 Started database query for table users
2019-02-13T15:33:44.038472 Completed database query for table users
2019-02-13T15:33:43.234543 Received request from 102.23.55.32 for /example
2012-02-13T15:33:44.726534 Started database query for table users
2019-02-13T15:33:44.038472 Completed database query for table users
2019-02-13T15:33:43.234543 Received request from 102.23.55.32 for /example
2019-02-13T15:33:44.726534 Started database query for table users
2019-02-13T15:33:44.038472 Completed database query for table users
2015-02-13T15:33:43.234543 Received request from 102.23.55.32 for /example
2019-02-13T15:33:44.726534 Started database query for table users
2019-02-13T15:33:44.038472 Completed database query for table users
2019-02-13T15:33:43.234543 Received request from 102.23.55.32 for /example
2019-02-13T15:33:44.726534 Started database query for table users
2019-02-13T15:33:44.038472 Completed database query for table users
2019-02-13T15:33:43.234543 Received request from 102.23.55.32 for /example
2019-02-13T15:33:44.726534 Started database query for table users
2019-02-13T15:33:44.038472 Completed database query for table users
2019-02-13T15:33:43.234543 Received request from 102.23.55.32 for /example
2019-02-13T15:33:44.726534 Started database query for table users
2019-02-13T15:33:44.038472 Completed database query for table users
2019-02-13T15:33:43.234543 Received request from 102.23.55.32 for /example
2019-02-13T15:33:44.726534 Started database query for table users
2019-02-13T15:33:44.038472 Completed database query for table users
2019-02-13T15:33:43.234543 Received request from 102.23.55.32 for /example
2019-02-13T15:33:44.726534 Started database query for table users
2019-02-13T15:33:44.038472 Completed database query for table users
2019-02-13T15:33:43.234543 Received request from 102.23.55.32 for /example
2019-02-13T15:33:44.726534 Started database query for table users
2019-02-13T15:33:44.038472 Completed database query for table users
2019-02-13T15:33:43.234543 Received request from 102.23.55.32 for /example
2019-02-13T15:33:44.726534 Started database query for table users
2019-02-13T15:33:44.038472 Completed database query for table users
2019-02-13T15:33:43.234543 Received request from 102.23.55.32 for /example
2006-02-13T15:33:44.726534 Started database query for table users
2019-02-13T15:33:44.038472 Completed database query for table users
2019-02-13T15:33:43.234543 Received request from 102.23.55.32 for /example
2009-02-13T15:33:44.726534 Started database query for table users
2019-02-13T15:33:44.038472 Completed database query for table users
2019-02-13T15:33:43.234543 Received request from 102.23.55.32 for /example
2018-02-13T15:33:44.726534 Started database query for table users
2019-02-13T15:33:44.038472 Completed database query for table users
2019-02-13T15:33:43.234543 Received request from 102.23.55.32 for /example
2012-02-13T15:33:44.726534 Started database query for table users
2019-02-13T15:33:44.038472 Completed database query for table users
2019-02-13T15:33:43.234543 Received request from 102.23.55.32 for /example
2019-02-13T15:33:44.726534 Started database query for table users
2019-02-13T15:33:44.038472 Completed database query for table users
2015-02-13T15:33:43.234543 Received request from 102.23.55.32 for /example
2019-02-13T15:33:44.726534 Started database query for table users
2019-02-13T15:33:44.038472 Completed database query for table users
2019-02-13T15:33:43.234543 Received request from 102.23.55.32 for /example
2019-02-13T15:33:44.726534 Started database query for table users
2019-02-13T15:33:44.038472 Completed database query for table users
2019-02-13T15:33:43.234543 Received request from 102.23.55.32 for /example
2019-02-13T15:33:44.726534 Started database query for table users
2019-02-13T15:33:44.038472 Completed database query for table users
2019-02-13T15:33:43.234543 Received request from 102.23.55.32 for /example
2019-02-13T15:33:44.726534 Started database query for table users
2019-02-13T15:33:44.038472 Completed database query for table users
2019-02-13T15:33:43.234543 Received request from 102.23.55.32 for /example
2019-02-13T15:33:44.726534 Started database query for table users
2019-02-13T15:33:44.038472 Completed database query for table users
2019-02-13T15:33:43.234543 Received request from 102.23.55.32 for /example
2019-02-13T15:33:44.726534 Started database query for table users
2019-02-13T15:33:44.038472 Completed database query for table users
2019-02-13T15:33:43.234543 Received request from 102.23.55.32 for /example
2019-02-13T15:33:44.726534 Started database query for table users
2019-02-13T15:33:44.038472 Completed database query for table users
2019-02-13T15:33:43.234543 Received request from 102.23.55.32 for /example
2019-02-13T15:33:44.726534 Started database query for table users
2019-02-13T15:33:44.038472 Completed database query for table users
2019-02-13T15:33:43.234543 Received request from 102.23.55.32 for /example
2006-02-13T15:33:44.726534 Started database query for table users
2019-02-13T15:33:44.038472 Completed database query for table users
2019-02-13T15:33:43.234543 Received request from 102.23.55.32 for /example
2009-02-13T15:33:44.726534 Started database query for table users
2019-02-13T15:33:44.038472 Completed database query for table users
2019-02-13T15:33:43.234543 Received request from 102.23.55.32 for /example
2018-02-13T15:33:44.726534 Started database query for table users
2019-02-13T15:33:44.038472 Completed database query for table users
2019-02-13T15:33:43.234543 Received request from 102.23.55.32 for /example
2012-02-13T15:33:44.726534 Started database query for table users
2019-02-13T15:33:44.038472 Completed database query for table users
2019-02-13T15:33:43.234543 Received request from 102.23.55.32 for /example
2019-02-13T15:33:44.726534 Started database query for table users
2019-02-13T15:33:44.038472 Completed database query for table users
2015-02-13T15:33:43.234543 Received request from 102.23.55.32 for /example
2019-02-13T15:33:44.726534 Started database query for table users
2019-02-13T15:33:44.038472 Completed database query for table users
2019-02-13T15:33:43.234543 Received request from 102.23.55.32 for /example
2019-02-13T15:33:44.726534 Started database query for table users
2019-02-13T15:33:44.038472 Completed database query for table users
2019-02-13T15:33:43.234543 Received request from 102.23.55.32 for /example
2019-02-13T15:33:44.726534 Started database query for table users
2019-02-13T15:33:44.038472 Completed database query for table users
2019-02-13T15:33:43.234543 Received request from 102.23.55.32 for /example
2019-02-13T15:33:44.726534 Started database query for table users
2019-02-13T15:33:44.038472 Completed database query for table users
2019-02-13T15:33:43.234543 Received request from 102.23.55.32 for /example
2019-02-13T15:33:44.726534 Started database query for table users
2019-02-13T15:33:44.038472 Completed database query for table users
2019-02-13T15:33:43.234543 Received request from 102.23.55.32 for /example
2019-02-13T15:33:44.726534 Started database query for table users
2019-02-13T15:33:44.038472 Completed database query for table users
2019-02-13T15:33:43.234543 Received request from 102.23.55.32 for /example
2019-02-13T15:33:44.726534 Started database query for table users
2019-02-13T15:33:44.038472 Completed database query for table users
2019-02-13T15:33:43.234543 Received request from 102.23.55.32 for /example
2019-02-13T15:33:44.726534 Started database query for table users
2019-02-13T15:33:44.038472 Completed database query for table users
2019-02-13T15:33:43.234543 Received request from 102.23.55.32 for /example
2006-02-13T15:33:44.726534 Started database query for table users
2019-02-13T15:33:44.038472 Completed database query for table users
2019-02-13T15:33:43.234543 Received request from 102.23.55.32 for /example
2009-02-13T15:33:44.726534 Started database query for table users
2019-02-13T15:33:44.038472 Completed database query for table users
2019-02-13T15:33:43.234543 Received request from 102.23.55.32 for /example
2018-02-13T15:33:44.726534 Started database query for table users
2019-02-13T15:33:44.038472 Completed database query for table users
2019-02-13T15:33:43.234543 Received request from 102.23.55.32 for /example
2012-02-13T15:33:44.726534 Started database query for table users
2019-02-13T15:33:44.038472 Completed database query for table users
2019-02-13T15:33:43.234543 Received request from 102.23.55.32 for /example
2019-02-13T15:33:44.726534 Started database query for table users
2019-02-13T15:33:44.038472 Completed database query for table users
2015-02-13T15:33:43.234543 Received request from 102.23.55.32 for /example
2019-02-13T15:33:44.726534 Started database query for table users
2019-02-13T15:33:44.038472 Completed database query for table users
2019-02-13T15:33:43.234543 Received request from 102.23.55.32 for /example
2019-02-13T15:33:44.726534 Started database query for table users
2019-02-13T15:33:44.038472 Completed database query for table users
2019-02-13T15:33:43.234543 Received request from 102.23.55.32 for /example
2019-02-13T15:33:44.726534 Started database query for table users
2019-02-13T15:33:44.038472 Completed database query for table users
2019-02-13T15:33:43.234543 Received request from 102.23.55.32 for /example
2019-02-13T15:33:44.726534 Started database query for table users
2019-02-13T15:33:44.038472 Completed database query for table users
2019-02-13T15:33:43.234543 Received request from 102.23.55.32 for /example
2019-02-13T15:33:44.726534 Started database query for table users
2019-02-13T15:33:44.038472 Completed database query for table users
2019-02-13T15:33:43.234543 Received request from 102.23.55.32 for /example
2019-02-13T15:33:44.726534 Started database query for table users
2019-02-13T15:33:44.038472 Completed database query for table users
2019-02-13T15:33:43.234543 Received request from 102.23.55.32 for /example
2019-02-13T15:33:44.726534 Started database query for table users
2019-02-13T15:33:44.038472 Completed database query for table users
2019-02-13T15:33:43.234543 Received request from 102.23.55.32 for /example
2019-02-13T15:33:44.726534 Started database query for table users
2019-02-13T15:33:44.038472 Completed database query for table users
2019-02-13T15:33:43.234543 Received request from 102.23.55.32 for /example
2006-02-13T15:33:44.726534 Started database query for table users
2019-02-13T15:33:44.038472 Completed database query for table users
2019-02-13T15:33:43.234543 Received request from 102.23.55.32 for /example
2009-02-13T15:33:44.726534 Started database query for table users
2019-02-13T15:33:44.038472 Completed database query for table users
2019-02-13T15:33:43.234543 Received request from 102.23.55.32 for /example
2018-02-13T15:33:44.726534 Started database query for table users
2019-02-13T15:33:44.038472 Completed database query for table users
2019-02-13T15:33:43.234543 Received request from 102.23.55.32 for /example
2012-02-13T15:33:44.726534 Started database query for table users
2019-02-13T15:33:44.038472 Completed database query for table users
2019-02-13T15:33:43.234543 Received request from 102.23.55.32 for /example
2019-02-13T15:33:44.726534 Started database query for table users
2019-02-13T15:33:44.038472 Completed database query for table users
2015-02-13T15:33:43.234543 Received request from 102.23.55.32 for /example
2019-02-13T15:33:44.726534 Started database query for table users
2019-02-13T15:33:44.038472 Completed database query for table users
2019-02-13T15:33:43.234543 Received request from 102.23.55.32 for /example
2019-02-13T15:33:44.726534 Started database query for table users
2019-02-13T15:33:44.038472 Completed database query for table users
2019-02-13T15:33:43.234543 Received request from 102.23.55.32 for /example
2019-02-13T15:33:44.726534 Started database query for table users
2019-02-13T15:33:44.038472 Completed database query for table users
2019-02-13T15:33:43.234543 Received request from 102.23.55.32 for /example
2019-02-13T15:33:44.726534 Started database query for table users
2019-02-13T15:33:44.038472 Completed database query for table users
2019-02-13T15:33:43.234543 Received request from 102.23.55.32 for /example
2019-02-13T15:33:44.726534 Started database query for table users
2019-02-13T15:33:44.038472 Completed database query for table users
2019-02-13T15:33:43.234543 Received request from 102.23.55.32 for /example
2019-02-13T15:33:44.726534 Started database query for table users
2019-02-13T15:33:44.038472 Completed database query for table users
2019-02-13T15:33:43.234543 Received request from 102.23.55.32 for /example
2019-02-13T15:33:44.726534 Started database query for table users
2019-02-13T15:33:44.038472 Completed database query for table users
2019-02-13T15:33:43.234543 Received request from 102.23.55.32 for /example
2019-02-13T15:33:44.726534 Started database query for table users
2019-02-13T15:33:44.038472 Completed database query for table users
2019-02-13T15:33:43.234543 Received request from 102.23.55.32 for /example
2006-02-13T15:33:44.726534 Started database query for table users
2019-02-13T15:33:44.038472 Completed database query for table users
2019-02-13T15:33:43.234543 Received request from 102.23.55.32 for /example
2009-02-13T15:33:44.726534 Started database query for table users
2019-02-13T15:33:44.038472 Completed database query for table users
2019-02-13T15:33:43.234543 Received request from 102.23.55.32 for /example
2018-02-13T15:33:44.726534 Started database query for table users
2019-02-13T15:33:44.038472 Completed database query for table users
2019-02-13T15:33:43.234543 Received request from 102.23.55.32 for /example
2012-02-13T15:33:44.726534 Started database query for table users
2019-02-13T15:33:44.038472 Completed database query for table users
2019-02-13T15:33:43.234543 Received request from 102.23.55.32 for /example
2019-02-13T15:33:44.726534 Started database query for table users
2019-02-13T15:33:44.038472 Completed database query for table users
2015-02-13T15:33:43.234543 Received request from 102.23.55.32 for /example
2019-02-13T15:33:44.726534 Started database query for table users
2019-02-13T15:33:44.038472 Completed database query for table users
2019-02-13T15:33:43.234543 Received request from 102.23.55.32 for /example
2019-02-13T15:33:44.726534 Started database query for table users
2019-02-13T15:33:44.038472 Completed database query for table users
2019-02-13T15:33:43.234543 Received request from 102.23.55.32 for /example
2019-02-13T15:33:44.726534 Started database query for table users
2019-02-13T15:33:44.038472 Completed database query for table users
2019-02-13T15:33:43.234543 Received request from 102.23.55.32 for /example
2019-02-13T15:33:44.726534 Started database query for table users
2019-02-13T15:33:44.038472 Completed database query for table users
2019-02-13T15:33:43.234543 Received request from 102.23.55.32 for /example
2019-02-13T15:33:44.726534 Started database query for table users
2019-02-13T15:33:44.038472 Completed database query for table users
2019-02-13T15:33:43.234543 Received request from 102.23.55.32 for /example
2019-02-13T15:33:44.726534 Started database query for table users
2019-02-13T15:33:44.038472 Completed database query for table users
2019-02-13T15:33:43.234543 Received request from 102.23.55.32 for /example
2019-02-13T15:33:44.726534 Started database query for table users
2019-02-13T15:33:44.038472 Completed database query for table users
2019-02-13T15:33:43.234543 Received request from 102.23.55.32 for /example
2019-02-13T15:33:44.726534 Started database query for table users
2019-02-13T15:33:44.038472 Completed database query for table users
2019-02-13T15:33:43.234543 Received request from 102.23.55.32 for /example
2006-02-13T15:33:44.726534 Started database query for table users
2019-02-13T15:33:44.038472 Completed database query for table users
2019-02-13T15:33:43.234543 Received request from 102.23.55.32 for /example
2009-02-13T15:33:44.726534 Started database query for table users
2019-02-13T15:33:44.038472 Completed database query for table users
2019-02-13T15:33:43.234543 Received request from 102.23.55.32 for /example
2018-02-13T15:33:44.726534 Started database query for table users
2019-02-13T15:33:44.038472 Completed database query for table users
2019-02-13T15:33:43.234543 Received request from 102.23.55.32 for /example
2012-02-13T15:33:44.726534 Started database query for table users
2019-02-13T15:33:44.038472 Completed database query for table users
2019-02-13T15:33:43.234543 Received request from 102.23.55.32 for /example
2019-02-13T15:33:44.726534 Started database query for table users
2019-02-13T15:33:44.038472 Completed database query for table users
2015-02-13T15:33:43.234543 Received request from 102.23.55.32 for /example
2019-02-13T15:33:44.726534 Started database query for table users
2019-02-13T15:33:44.038472 Completed database query for table users
2019-02-13T15:33:43.234543 Received request from 102.23.55.32 for /example
2019-02-13T15:33:44.726534 Started database query for table users
2019-02-13T15:33:44.038472 Completed database query for table users
2019-02-13T15:33:43.234543 Received request from 102.23.55.32 for /example
2019-02-13T15:33:44.726534 Started database query for table users
2019-02-13T15:33:44.038472 Completed database query for table users
2019-02-13T15:33:43.234543 Received request from 102.23.55.32 for /example
2019-02-13T15:33:44.726534 Started database query for table users
2019-02-13T15:33:44.038472 Completed database query for table users
2019-02-13T15:33:43.234543 Received request from 102.23.55.32 for /example
2019-02-13T15:33:44.726534 Started database query for table users
2019-02-13T15:33:44.038472 Completed database query for table users
2019-02-13T15:33:43.234543 Received request from 102.23.55.32 for /example
2019-02-13T15:33:44.726534 Started database query for table users
2019-02-13T15:33:44.038472 Completed database query for table users
2019-02-13T15:33:43.234543 Received request from 102.23.55.32 for /example
2019-02-13T15:33:44.726534 Started database query for table users
2019-02-13T15:33:44.038472 Completed database query for table users
2019-02-13T15:33:43.234543 Received request from 102.23.55.32 for /example
2019-02-13T15:33:44.726534 Started database query for table users
2019-02-13T15:33:44.038472 Completed database query for table users
2019-02-13T15:33:43.234543 Received request from 102.23.55.32 for /example
2006-02-13T15:33:44.726534 Started database query for table users
2019-02-13T15:33:44.038472 Completed database query for table users
2019-02-13T15:33:43.234543 Received request from 102.23.55.32 for /example
2009-02-13T15:33:44.726534 Started database query for table users
2019-02-13T15:33:44.038472 Completed database query for table users
2019-02-13T15:33:43.234543 Received request from 102.23.55.32 for /example
2018-02-13T15:33:44.726534 Started database query for table users
2019-02-13T15:33:44.038472 Completed database query for table users
2019-02-13T15:33:43.234543 Received request from 102.23.55.32 for /example
2012-02-13T15:33:44.726534 Started database query for table users
2019-02-13T15:33:44.038472 Completed database query for table users
2019-02-13T15:33:43.234543 Received request from 102.23.55.32 for /example
2019-02-13T15:33:44.726534 Started database query for table users
2019-02-13T15:33:44.038472 Completed database query for table users
2015-02-13T15:33:43.234543 Received request from 102.23.55.32 for /example
2019-02-13T15:33:44.726534 Started database query for table users
2019-02-13T15:33:44.038472 Completed database query for table users
2019-02-13T15:33:43.234543 Received request from 102.23.55.32 for /example
2019-02-13T15:33:44.726534 Started database query for table users
2019-02-13T15:33:44.038472 Completed database query for table users
2019-02-13T15:33:43.234543 Received request from 102.23.55.32 for /example
2019-02-13T15:33:44.726534 Started database query for table users
2019-02-13T15:33:44.038472 Completed database query for table users
2019-02-13T15:33:43.234543 Received request from 102.23.55.32 for /example
2019-02-13T15:33:44.726534 Started database query for table users
2019-02-13T15:33:44.038472 Completed database query for table users
2019-02-13T15:33:43.234543 Received request from 102.23.55.32 for /example
2019-02-13T15:33:44.726534 Started database query for table users
2019-02-13T15:33:44.038472 Completed database query for table users
2019-02-13T15:33:43.234543 Received request from 102.23.55.32 for /example
2019-02-13T15:33:44.726534 Started database query for table users
2019-02-13T15:33:44.038472 Completed database query for table users
2019-02-13T15:33:43.234543 Received request from 102.23.55.32 for /example
2019-02-13T15:33:44.726534 Started database query for table users
2019-02-13T15:33:44.038472 Completed database query for table users
2019-02-13T15:33:43.234543 Received request from 102.23.55.32 for /example
2019-02-13T15:33:44.726534 Started database query for table users
2019-02-13T15:33:44.038472 Completed database query for table users
2019-02-13T15:33:43.234543 Received request from 102.23.55.32 for /example
2006-02-13T15:33:44.726534 Started database query for table users
2019-02-13T15:33:44.038472 Completed database query for table users
2019-02-13T15:33:43.234543 Received request from 102.23.55.32 for /example
2009-02-13T15:33:44.726534 Started database query for table users
2019-02-13T15:33:44.038472 Completed database query for table users
2019-02-13T15:33:43.234543 Received request from 102.23.55.32 for /example
2018-02-13T15:33:44.726534 Started database query for table users
2019-02-13T15:33:44.038472 Completed database query for table users
2019-02-13T15:33:43.234543 Received request from 102.23.55.32 for /example
2012-02-13T15:33:44.726534 Started database query for table users
2019-02-13T15:33:44.038472 Completed database query for table users
2019-02-13T15:33:43.234543 Received request from 102.23.55.32 for /example
2019-02-13T15:33:44.726534 Started database query for table users
2019-02-13T15:33:44.038472 Completed database query for table users
2015-02-13T15:33:43.234543 Received request from 102.23.55.32 for /example
2019-02-13T15:33:44.726534 Started database query for table users
2019-02-13T15:33:44.038472 Completed database query for table users
2019-02-13T15:33:43.234543 Received request from 102.23.55.32 for /example
2019-02-13T15:33:44.726534 Started database query for table users
2019-02-13T15:33:44.038472 Completed database query for table users
2019-02-13T15:33:43.234543 Received request from 102.23.55.32 for /example
2019-02-13T15:33:44.726534 Started database query for table users
2019-02-13T15:33:44.038472 Completed database query for table users
2019-02-13T15:33:43.234543 Received request from 102.23.55.32 for /example
2019-02-13T15:33:44.726534 Started database query for table users
2019-02-13T15:33:44.038472 Completed database query for table users
2019-02-13T15:33:43.234543 Received request from 102.23.55.32 for /example
2019-02-13T15:33:44.726534 Started database query for table users
2019-02-13T15:33:44.038472 Completed database query for table users
2019-02-13T15:33:43.234543 Received request from 102.23.55.32 for /example
2019-02-13T15:33:44.726534 Started database query for table users
2019-02-13T15:33:44.038472 Completed database query for table users
2019-02-13T15:33:43.234543 Received request from 102.23.55.32 for /example
2019-02-13T15:33:44.726534 Started database query for table users
2019-02-13T15:33:44.038472 Completed database query for table users
2019-02-13T15:33:43.234543 Received request from 102.23.55.32 for /example
2019-02-13T15:33:44.726534 Started database query for table users
2019-02-13T15:33:44.038472 Completed database query for table users
2019-02-13T15:33:43.234543 Received request from 102.23.55.32 for /example
2006-02-13T15:33:44.726534 Started database query for table users
2019-02-13T15:33:44.038472 Completed database query for table users
2019-02-13T15:33:43.234543 Received request from 102.23.55.32 for /example
2009-02-13T15:33:44.726534 Started database query for table users
2019-02-13T15:33:44.038472 Completed database query for table users
2019-02-13T15:33:43.234543 Received request from 102.23.55.32 for /example
2018-02-13T15:33:44.726534 Started database query for table users
2019-02-13T15:33:44.038472 Completed database query for table users
2019-02-13T15:33:43.234543 Received request from 102.23.55.32 for /example
2012-02-13T15:33:44.726534 Started database query for table users
2019-02-13T15:33:44.038472 Completed database query for table users
2019-02-13T15:33:43.234543 Received request from 102.23.55.32 for /example
2019-02-13T15:33:44.726534 Started database query for table users
2019-02-13T15:33:44.038472 Completed database query for table users
2015-02-13T15:33:43.234543 Received request from 102.23.55.32 for /example
2019-02-13T15:33:44.726534 Started database query for table users
2019-02-13T15:33:44.038472 Completed database query for table users
2019-02-13T15:33:43.234543 Received request from 102.23.55.32 for /example
2019-02-13T15:33:44.726534 Started database query for table users
2019-02-13T15:33:44.038472 Completed database query for table users
2019-02-13T15:33:43.234543 Received request from 102.23.55.32 for /example
2019-02-13T15:33:44.726534 Started database query for table users
2019-02-13T15:33:44.038472 Completed database query for table users
2019-02-13T15:33:43.234543 Received request from 102.23.55.32 for /example
2019-02-13T15:33:44.726534 Started database query for table users
2019-02-13T15:33:44.038472 Completed database query for table users
2019-02-13T15:33:43.234543 Received request from 102.23.55.32 for /example
2019-02-13T15:33:44.726534 Started database query for table users
2019-02-13T15:33:44.038472 Completed database query for table users
2019-02-13T15:33:43.234543 Received request from 102.23.55.32 for /example
2019-02-13T15:33:44.726534 Started database query for table users
2019-02-13T15:33:44.038472 Completed database query for table users
2019-02-13T15:33:43.234543 Received request from 102.23.55.32 for /example
2019-02-13T15:33:44.726534 Started database query for table users
2019-02-13T15:33:44.038472 Completed database query for table users
2019-02-13T15:33:43.234543 Received request from 102.23.55.32 for /example
2019-02-13T15:33:44.726534 Started database query for table users
2019-02-13T15:33:44.038472 Completed database query for table users
2019-02-13T15:33:43.234543 Received request from 102.23.55.32 for /example
2006-02-13T15:33:44.726534 Started database query for table users
2019-02-13T15:33:44.038472 Completed database query for table users
2019-02-13T15:33:43.234543 Received request from 102.23.55.32 for /example
2009-02-13T15:33:44.726534 Started database query for table users
2019-02-13T15:33:44.038472 Completed database query for table users
2019-02-13T15:33:43.234543 Received request from 102.23.55.32 for /example
2018-02-13T15:33:44.726534 Started database query for table users
2019-02-13T15:33:44.038472 Completed database query for table users
2019-02-13T15:33:43.234543 Received request from 102.23.55.32 for /example
2012-02-13T15:33:44.726534 Started database query for table users
2019-02-13T15:33:44.038472 Completed database query for table users
2019-02-13T15:33:43.234543 Received request from 102.23.55.32 for /example
2019-02-13T15:33:44.726534 Started database query for table users
2019-02-13T15:33:44.038472 Completed database query for table users
2015-02-13T15:33:43.234543 Received request from 102.23.55.32 for /example
2019-02-13T15:33:44.726534 Started database query for table users
2019-02-13T15:33:44.038472 Completed database query for table users
2019-02-13T15:33:43.234543 Received request from 102.23.55.32 for /example
2019-02-13T15:33:44.726534 Started database query for table users
2019-02-13T15:33:44.038472 Completed database query for table users
2019-02-13T15:33:43.234543 Received request from 102.23.55.32 for /example
2019-02-13T15:33:44.726534 Started database query for table users
2019-02-13T15:33:44.038472 Completed database query for table users
2019-02-13T15:33:43.234543 Received request from 102.23.55.32 for /example
2019-02-13T15:33:44.726534 Started database query for table users
2019-02-13T15:33:44.038472 Completed database query for table users
2019-02-13T15:33:43.234543 Received request from 102.23.55.32 for /example
2019-02-13T15:33:44.726534 Started database query for table users
2019-02-13T15:33:44.038472 Completed database query for table users
2019-02-13T15:33:43.234543 Received request from 102.23.55.32 for /example
2019-02-13T15:33:44.726534 Started database query for table users
2019-02-13T15:33:44.038472 Completed database query for table users
2019-02-13T15:33:43.234543 Received request from 102.23.55.32 for /example
2019-02-13T15:33:44.726534 Started database query for table users
2019-02-13T15:33:44.038472 Completed database query for table users
2019-02-13T15:33:43.234543 Received request from 102.23.55.32 for /example
2019-02-13T15:33:44.726534 Started database query for table users
2019-02-13T15:33:44.038472 Completed database query for table users
2019-02-13T15:33:43.234543 Received request from 102.23.55.32 for /example
2006-02-13T15:33:44.726534 Started database query for table users
2019-02-13T15:33:44.038472 Completed database query for table users
2019-02-13T15:33:43.234543 Received request from 102.23.55.32 for /example
2009-02-13T15:33:44.726534 Started database query for table users
2019-02-13T15:33:44.038472 Completed database query for table users
2019-02-13T15:33:43.234543 Received request from 102.23.55.32 for /example
2018-02-13T15:33:44.726534 Started database query for table users
2019-02-13T15:33:44.038472 Completed database query for table users
2019-02-13T15:33:43.234543 Received request from 102.23.55.32 for /example
2012-02-13T15:33:44.726534 Started database query for table users
2019-02-13T15:33:44.038472 Completed database query for table users
2019-02-13T15:33:43.234543 Received request from 102.23.55.32 for /example
2019-02-13T15:33:44.726534 Started database query for table users
2019-02-13T15:33:44.038472 Completed database query for table users
2015-02-13T15:33:43.234543 Received request from 102.23.55.32 for /example
2019-02-13T15:33:44.726534 Started database query for table users
2019-02-13T15:33:44.038472 Completed database query for table users
2019-02-13T15:33:43.234543 Received request from 102.23.55.32 for /example
2019-02-13T15:33:44.726534 Started database query for table users
2019-02-13T15:33:44.038472 Completed database query for table users
2019-02-13T15:33:43.234543 Received request from 102.23.55.32 for /example
2019-02-13T15:33:44.726534 Started database query for table users
2019-02-13T15:33:44.038472 Completed database query for table users
2019-02-13T15:33:43.234543 Received request from 102.23.55.32 for /example
2019-02-13T15:33:44.726534 Started database query for table users
2019-02-13T15:33:44.038472 Completed database query for table users
2019-02-13T15:33:43.234543 Received request from 102.23.55.32 for /example
2019-02-13T15:33:44.726534 Started database query for table users
2019-02-13T15:33:44.038472 Completed database query for table users
2019-02-13T15:33:43.234543 Received request from 102.23.55.32 for /example
2019-02-13T15:33:44.726534 Started database query for table users
2019-02-13T15:33:44.038472 Completed database query for table users
2019-02-13T15:33:43.234543 Received request from 102.23.55.32 for /example
2019-02-13T15:33:44.726534 Started database query for table users
2019-02-13T15:33:44.038472 Completed database query for table users
2019-02-13T15:33:43.234543 Received request from 102.23.55.32 for /example
2019-02-13T15:33:44.726534 Started database query for table users
2019-02-13T15:33:44.038472 Completed database query for table users
2019-02-13T15:33:43.234543 Received request from 102.23.55.32 for /example
2006-02-13T15:33:44.726534 Started database query for table users
2019-02-13T15:33:44.038472 Completed database query for table users
2019-02-13T15:33:43.234543 Received request from 102.23.55.32 for /example
2009-02-13T15:33:44.726534 Started database query for table users
2019-02-13T15:33:44.038472 Completed database query for table users
2019-02-13T15:33:43.234543 Received request from 102.23.55.32 for /example
2018-02-13T15:33:44.726534 Started database query for table users
2019-02-13T15:33:44.038472 Completed database query for table users
2019-02-13T15:33:43.234543 Received request from 102.23.55.32 for /example
2012-02-13T15:33:44.726534 Started database query for table users
2019-02-13T15:33:44.038472 Completed database query for table users
2019-02-13T15:33:43.234543 Received request from 102.23.55.32 for /example
2019-02-13T15:33:44.726534 Started database query for table users
2019-02-13T15:33:44.038472 Completed database query for table users
2015-02-13T15:33:43.234543 Received request from 102.23.55.32 for /example
2019-02-13T15:33:44.726534 Started database query for table users
2019-02-13T15:33:44.038472 Completed database query for table users
2019-02-13T15:33:43.234543 Received request from 102.23.55.32 for /example
2019-02-13T15:33:44.726534 Started database query for table users
2019-02-13T15:33:44.038472 Completed database query for table users
2019-02-13T15:33:43.234543 Received request from 102.23.55.32 for /example
2019-02-13T15:33:44.726534 Started database query for table users
2019-02-13T15:33:44.038472 Completed database query for table users
2019-02-13T15:33:43.234543 Received request from 102.23.55.32 for /example
2019-02-13T15:33:44.726534 Started database query for table users
2019-02-13T15:33:44.038472 Completed database query for table users
2019-02-13T15:33:43.234543 Received request from 102.23.55.32 for /example
2019-02-13T15:33:44.726534 Started database query for table users
2019-02-13T15:33:44.038472 Completed database query for table users
2019-02-13T15:33:43.234543 Received request from 102.23.55.32 for /example
2019-02-13T15:33:44.726534 Started database query for table users
2019-02-13T15:33:44.038472 Completed database query for table users
2019-02-13T15:33:43.234543 Received request from 102.23.55.32 for /example
2019-02-13T15:33:44.726534 Started database query for table users
2019-02-13T15:33:44.038472 Completed database query for table users
2019-02-13T15:33:43.234543 Received request from 102.23.55.32 for /example
2019-02-13T15:33:44.726534 Started database query for table users
2019-02-13T15:33:44.038472 Completed database query for table users
2019-02-13T15:33:43.234543 Received request from 102.23.55.32 for /example
2006-02-13T15:33:44.726534 Started database query for table users
2019-02-13T15:33:44.038472 Completed database query for table users
2019-02-13T15:33:43.234543 Received request from 102.23.55.32 for /example
2009-02-13T15:33:44.726534 Started database query for table users
2019-02-13T15:33:44.038472 Completed database query for table users
2019-02-13T15:33:43.234543 Received request from 102.23.55.32 for /example
2018-02-13T15:33:44.726534 Started database query for table users
2019-02-13T15:33:44.038472 Completed database query for table users
2019-02-13T15:33:43.234543 Received request from 102.23.55.32 for /example
2012-02-13T15:33:44.726534 Started database query for table users
2019-02-13T15:33:44.038472 Completed database query for table users
2019-02-13T15:33:43.234543 Received request from 102.23.55.32 for /example
2019-02-13T15:33:44.726534 Started database query for table users
2019-02-13T15:33:44.038472 Completed database query for table users
2015-02-13T15:33:43.234543 Received request from 102.23.55.32 for /example
2019-02-13T15:33:44.726534 Started database query for table users
2019-02-13T15:33:44.038472 Completed database query for table users
2019-02-13T15:33:43.234543 Received request from 102.23.55.32 for /example
2019-02-13T15:33:44.726534 Started database query for table users
2019-02-13T15:33:44.038472 Completed database query for table users
2019-02-13T15:33:43.234543 Received request from 102.23.55.32 for /example
2019-02-13T15:33:44.726534 Started database query for table users
2019-02-13T15:33:44.038472 Completed database query for table users
2019-02-13T15:33:43.234543 Received request from 102.23.55.32 for /example
2019-02-13T15:33:44.726534 Started database query for table users
2019-02-13T15:33:44.038472 Completed database query for table users
2019-02-13T15:33:43.234543 Received request from 102.23.55.32 for /example
2019-02-13T15:33:44.726534 Started database query for table users
2019-02-13T15:33:44.038472 Completed database query for table users
2019-02-13T15:33:43.234543 Received request from 102.23.55.32 for /example
2019-02-13T15:33:44.726534 Started database query for table users
2019-02-13T15:33:44.038472 Completed database query for table users
2019-02-13T15:33:43.234543 Received request from 102.23.55.32 for /example
2019-02-13T15:33:44.726534 Started database query for table users
2019-02-13T15:33:44.038472 Completed database query for table users
2019-02-13T15:33:43.234543 Received request from 102.23.55.32 for /example
2019-02-13T15:33:44.726534 Started database query for table users
2019-02-13T15:33:44.038472 Completed database query for table users
2019-02-13T15:33:43.234543 Received request from 102.23.55.32 for /example
2006-02-13T15:33:44.726534 Started database query for table users
2019-02-13T15:33:44.038472 Completed database query for table users
2019-02-13T15:33:43.234543 Received request from 102.23.55.32 for /example
2009-02-13T15:33:44.726534 Started database query for table users
2019-02-13T15:33:44.038472 Completed database query for table users
2019-02-13T15:33:43.234543 Received request from 102.23.55.32 for /example
2018-02-13T15:33:44.726534 Started database query for table users
2019-02-13T15:33:44.038472 Completed database query for table users
2019-02-13T15:33:43.234543 Received request from 102.23.55.32 for /example
2012-02-13T15:33:44.726534 Started database query for table users
2019-02-13T15:33:44.038472 Completed database query for table users
2019-02-13T15:33:43.234543 Received request from 102.23.55.32 for /example
2019-02-13T15:33:44.726534 Started database query for table users
2019-02-13T15:33:44.038472 Completed database query for table users
2015-02-13T15:33:43.234543 Received request from 102.23.55.32 for /example
2019-02-13T15:33:44.726534 Started database query for table users
2019-02-13T15:33:44.038472 Completed database query for table users
2019-02-13T15:33:43.234543 Received request from 102.23.55.32 for /example
2019-02-13T15:33:44.726534 Started database query for table users
2019-02-13T15:33:44.038472 Completed database query for table users
2019-02-13T15:33:43.234543 Received request from 102.23.55.32 for /example
2019-02-13T15:33:44.726534 Started database query for table users
2019-02-13T15:33:44.038472 Completed database query for table users
2019-02-13T15:33:43.234543 Received request from 102.23.55.32 for /example
2019-02-13T15:33:44.726534 Started database query for table users
2019-02-13T15:33:44.038472 Completed database query for table users
2019-02-13T15:33:43.234543 Received request from 102.23.55.32 for /example
2019-02-13T15:33:44.726534 Started database query for table users
2019-02-13T15:33:44.038472 Completed database query for table users
2019-02-13T15:33:43.234543 Received request from 102.23.55.32 for /example
2019-02-13T15:33:44.726534 Started database query for table users
2019-02-13T15:33:44.038472 Completed database query for table users
2019-02-13T15:33:43.234543 Received request from 102.23.55.32 for /example
2019-02-13T15:33:44.726534 Started database query for table users
2019-02-13T15:33:44.038472 Completed database query for table users
2019-02-13T15:33:43.234543 Received request from 102.23.55.32 for /example
2019-02-13T15:33:44.726534 Started database query for table users
2019-02-13T15:33:44.038472 Completed database query for table users
2019-02-13T15:33:43.234543 Received request from 102.23.55.32 for /example
2006-02-13T15:33:44.726534 Started database query for table users
2019-02-13T15:33:44.038472 Completed database query for table users
2019-02-13T15:33:43.234543 Received request from 102.23.55.32 for /example
2009-02-13T15:33:44.726534 Started database query for table users
2019-02-13T15:33:44.038472 Completed database query for table users
2019-02-13T15:33:43.234543 Received request from 102.23.55.32 for /example
2018-02-13T15:33:44.726534 Started database query for table users
2019-02-13T15:33:44.038472 Completed database query for table users
2019-02-13T15:33:43.234543 Received request from 102.23.55.32 for /example
2012-02-13T15:33:44.726534 Started database query for table users
2019-02-13T15:33:44.038472 Completed database query for table users
2019-02-13T15:33:43.234543 Received request from 102.23.55.32 for /example
2019-02-13T15:33:44.726534 Started database query for table users
2019-02-13T15:33:44.038472 Completed database query for table users
2015-02-13T15:33:43.234543 Received request from 102.23.55.32 for /example
2019-02-13T15:33:44.726534 Started database query for table users
2019-02-13T15:33:44.038472 Completed database query for table users
2019-02-13T15:33:43.234543 Received request from 102.23.55.32 for /example
2019-02-13T15:33:44.726534 Started database query for table users
2019-02-13T15:33:44.038472 Completed database query for table users
2019-02-13T15:33:43.234543 Received request from 102.23.55.32 for /example
2019-02-13T15:33:44.726534 Started database query for table users
2019-02-13T15:33:44.038472 Completed database query for table users
2019-02-13T15:33:43.234543 Received request from 102.23.55.32 for /example
2019-02-13T15:33:44.726534 Started database query for table users
2019-02-13T15:33:44.038472 Completed database query for table users
2019-02-13T15:33:43.234543 Received request from 102.23.55.32 for /example
2019-02-13T15:33:44.726534 Started database query for table users
2019-02-13T15:33:44.038472 Completed database query for table users
2019-02-13T15:33:43.234543 Received request from 102.23.55.32 for /example
2019-02-13T15:33:44.726534 Started database query for table users
2019-02-13T15:33:44.038472 Completed database query for table users
2019-02-13T15:33:43.234543 Received request from 102.23.55.32 for /example
2019-02-13T15:33:44.726534 Started database query for table users
2019-02-13T15:33:44.038472 Completed database query for table users
2019-02-13T15:33:43.234543 Received request from 102.23.55.32 for /example
2019-02-13T15:33:44.726534 Started database query for table users
2019-02-13T15:33:44.038472 Completed database query for table users
2019-02-13T15:33:43.234543 Received request from 102.23.55.32 for /example
2006-02-13T15:33:44.726534 Started database query for table users
2019-02-13T15:33:44.038472 Completed database query for table users
2019-02-13T15:33:43.234543 Received request from 102.23.55.32 for /example
2009-02-13T15:33:44.726534 Started database query for table users
2019-02-13T15:33:44.038472 Completed database query for table users
2019-02-13T15:33:43.234543 Received request from 102.23.55.32 for /example
2018-02-13T15:33:44.726534 Started database query for table users
2019-02-13T15:33:44.038472 Completed database query for table users
2019-02-13T15:33:43.234543 Received request from 102.23.55.32 for /example
2012-02-13T15:33:44.726534 Started database query for table users
2019-02-13T15:33:44.038472 Completed database query for table users
2019-02-13T15:33:43.234543 Received request from 102.23.55.32 for /example
2019-02-13T15:33:44.726534 Started database query for table users
2019-02-13T15:33:44.038472 Completed database query for table users
2015-02-13T15:33:43.234543 Received request from 102.23.55.32 for /example
2019-02-13T15:33:44.726534 Started database query for table users
2019-02-13T15:33:44.038472 Completed database query for table users
2019-02-13T15:33:43.234543 Received request from 102.23.55.32 for /example
2019-02-13T15:33:44.726534 Started database query for table users
2019-02-13T15:33:44.038472 Completed database query for table users
2019-02-13T15:33:43.234543 Received request from 102.23.55.32 for /example
2019-02-13T15:33:44.726534 Started database query for table users
2019-02-13T15:33:44.038472 Completed database query for table users
2019-02-13T15:33:43.234543 Received request from 102.23.55.32 for /example
2019-02-13T15:33:44.726534 Started database query for table users
2019-02-13T15:33:44.038472 Completed database query for table users
2019-02-13T15:33:43.234543 Received request from 102.23.55.32 for /example
2019-02-13T15:33:44.726534 Started database query for table users
2019-02-13T15:33:44.038472 Completed database query for table users
2019-02-13T15:33:43.234543 Received request from 102.23.55.32 for /example
2019-02-13T15:33:44.726534 Started database query for table users
2019-02-13T15:33:44.038472 Completed database query for table users
2019-02-13T15:33:43.234543 Received request from 102.23.55.32 for /example
2019-02-13T15:33:44.726534 Started database query for table users
2019-02-13T15:33:44.038472 Completed database query for table users
2019-02-13T15:33:43.234543 Received request from 102.23.55.32 for /example
2019-02-13T15:33:44.726534 Started database query for table users
2019-02-13T15:33:44.038472 Completed database query for table users
2019-02-13T15:33:43.234543 Received request from 102.23.55.32 for /example
2006-02-13T15:33:44.726534 Started database query for table users
2019-02-13T15:33:44.038472 Completed database query for table users
2019-02-13T15:33:43.234543 Received request from 102.23.55.32 for /example
2009-02-13T15:33:44.726534 Started database query for table users
2019-02-13T15:33:44.038472 Completed database query for table users
2019-02-13T15:33:43.234543 Received request from 102.23.55.32 for /example
2018-02-13T15:33:44.726534 Started database query for table users
2019-02-13T15:33:44.038472 Completed database query for table users
2019-02-13T15:33:43.234543 Received request from 102.23.55.32 for /example
2012-02-13T15:33:44.726534 Started database query for table users
2019-02-13T15:33:44.038472 Completed database query for table users
2019-02-13T15:33:43.234543 Received request from 102.23.55.32 for /example
2019-02-13T15:33:44.726534 Started database query for table users
2019-02-13T15:33:44.038472 Completed database query for table users
2015-02-13T15:33:43.234543 Received request from 102.23.55.32 for /example
2019-02-13T15:33:44.726534 Started database query for table users
2019-02-13T15:33:44.038472 Completed database query for table users
2019-02-13T15:33:43.234543 Received request from 102.23.55.32 for /example
2019-02-13T15:33:44.726534 Started database query for table users
2019-02-13T15:33:44.038472 Completed database query for table users
2019-02-13T15:33:43.234543 Received request from 102.23.55.32 for /example
2019-02-13T15:33:44.726534 Started database query for table users
2019-02-13T15:33:44.038472 Completed database query for table users
2019-02-13T15:33:43.234543 Received request from 102.23.55.32 for /example
2019-02-13T15:33:44.726534 Started database query for table users
2019-02-13T15:33:44.038472 Completed database query for table users
2019-02-13T15:33:43.234543 Received request from 102.23.55.32 for /example
2019-02-13T15:33:44.726534 Started database query for table users
2019-02-13T15:33:44.038472 Completed database query for table users
2019-02-13T15:33:43.234543 Received request from 102.23.55.32 for /example
2019-02-13T15:33:44.726534 Started database query for table users
2019-02-13T15:33:44.038472 Completed database query for table users
2019-02-13T15:33:43.234543 Received request from 102.23.55.32 for /example
2019-02-13T15:33:44.726534 Started database query for table users
2019-02-13T15:33:44.038472 Completed database query for table users
2019-02-13T15:33:43.234543 Received request from 102.23.55.32 for /example
2019-02-13T15:33:44.726534 Started database query for table users
2019-02-13T15:33:44.038472 Completed database query for table users
2019-02-13T15:33:43.234543 Received request from 102.23.55.32 for /example
2006-02-13T15:33:44.726534 Started database query for table users
2019-02-13T15:33:44.038472 Completed database query for table users
2019-02-13T15:33:43.234543 Received request from 102.23.55.32 for /example
2009-02-13T15:33:44.726534 Started database query for table users
2019-02-13T15:33:44.038472 Completed database query for table users
2019-02-13T15:33:43.234543 Received request from 102.23.55.32 for /example
2018-02-13T15:33:44.726534 Started database query for table users
2019-02-13T15:33:44.038472 Completed database query for table users
2019-02-13T15:33:43.234543 Received request from 102.23.55.32 for /example
2012-02-13T15:33:44.726534 Started database query for table users
2019-02-13T15:33:44.038472 Completed database query for table users
2019-02-13T15:33:43.234543 Received request from 102.23.55.32 for /example
2019-02-13T15:33:44.726534 Started database query for table users
2019-02-13T15:33:44.038472 Completed database query for table users
2015-02-13T15:33:43.234543 Received request from 102.23.55.32 for /example
2019-02-13T15:33:44.726534 Started database query for table users
2019-02-13T15:33:44.038472 Completed database query for table users
2019-02-13T15:33:43.234543 Received request from 102.23.55.32 for /example
2019-02-13T15:33:44.726534 Started database query for table users
2019-02-13T15:33:44.038472 Completed database query for table users
2019-02-13T15:33:43.234543 Received request from 102.23.55.32 for /example
2019-02-13T15:33:44.726534 Started database query for table users
2019-02-13T15:33:44.038472 Completed database query for table users
2019-02-13T15:33:43.234543 Received request from 102.23.55.32 for /example
2019-02-13T15:33:44.726534 Started database query for table users
2019-02-13T15:33:44.038472 Completed database query for table users
2019-02-13T15:33:43.234543 Received request from 102.23.55.32 for /example
2019-02-13T15:33:44.726534 Started database query for table users
2019-02-13T15:33:44.038472 Completed database query for table users
2019-02-13T15:33:43.234543 Received request from 102.23.55.32 for /example
2019-02-13T15:33:44.726534 Started database query for table users
2019-02-13T15:33:44.038472 Completed database query for table users
2019-02-13T15:33:43.234543 Received request from 102.23.55.32 for /example
2019-02-13T15:33:44.726534 Started database query for table users
2019-02-13T15:33:44.038472 Completed database query for table users
2019-02-13T15:33:43.234543 Received request from 102.23.55.32 for /example
2019-02-13T15:33:44.726534 Started database query for table users
2019-02-13T15:33:44.038472 Completed database query for table users
2019-02-13T15:33:43.234543 Received request from 102.23.55.32 for /example
2006-02-13T15:33:44.726534 Started database query for table users
2019-02-13T15:33:44.038472 Completed database query for table users
2019-02-13T15:33:43.234543 Received request from 102.23.55.32 for /example
2009-02-13T15:33:44.726534 Started database query for table users
2019-02-13T15:33:44.038472 Completed database query for table users
2019-02-13T15:33:43.234543 Received request from 102.23.55.32 for /example
2018-02-13T15:33:44.726534 Started database query for table users
2019-02-13T15:33:44.038472 Completed database query for table users
2019-02-13T15:33:43.234543 Received request from 102.23.55.32 for /example
2012-02-13T15:33:44.726534 Started database query for table users
2019-02-13T15:33:44.038472 Completed database query for table users
2019-02-13T15:33:43.234543 Received request from 102.23.55.32 for /example
2019-02-13T15:33:44.726534 Started database query for table users
2019-02-13T15:33:44.038472 Completed database query for table users
2015-02-13T15:33:43.234543 Received request from 102.23.55.32 for /example
2019-02-13T15:33:44.726534 Started database query for table users
2019-02-13T15:33:44.038472 Completed database query for table users
2019-02-13T15:33:43.234543 Received request from 102.23.55.32 for /example
2019-02-13T15:33:44.726534 Started database query for table users
2019-02-13T15:33:44.038472 Completed database query for table users
2019-02-13T15:33:43.234543 Received request from 102.23.55.32 for /example
2019-02-13T15:33:44.726534 Started database query for table users
2019-02-13T15:33:44.038472 Completed database query for table users
2019-02-13T15:33:43.234543 Received request from 102.23.55.32 for /example
2019-02-13T15:33:44.726534 Started database query for table users
2019-02-13T15:33:44.038472 Completed database query for table users
2019-02-13T15:33:43.234543 Received request from 102.23.55.32 for /example
2019-02-13T15:33:44.726534 Started database query for table users
2019-02-13T15:33:44.038472 Completed database query for table users
2019-02-13T15:33:43.234543 Received request from 102.23.55.32 for /example
2019-02-13T15:33:44.726534 Started database query for table users
2019-02-13T15:33:44.038472 Completed database query for table users
2019-02-13T15:33:43.234543 Received request from 102.23.55.32 for /example
2019-02-13T15:33:44.726534 Started database query for table users
2019-02-13T15:33:44.038472 Completed database query for table users
2019-02-13T15:33:43.234543 Received request from 102.23.55.32 for /example
2019-02-13T15:33:44.726534 Started database query for table users
2019-02-13T15:33:44.038472 Completed database query for table users
2019-02-13T15:33:43.234543 Received request from 102.23.55.32 for /example
2006-02-13T15:33:44.726534 Started database query for table users
2019-02-13T15:33:44.038472 Completed database query for table users
2019-02-13T15:33:43.234543 Received request from 102.23.55.32 for /example
2009-02-13T15:33:44.726534 Started database query for table users
2019-02-13T15:33:44.038472 Completed database query for table users
2019-02-13T15:33:43.234543 Received request from 102.23.55.32 for /example
2018-02-13T15:33:44.726534 Started database query for table users
2019-02-13T15:33:44.038472 Completed database query for table users
2019-02-13T15:33:43.234543 Received request from 102.23.55.32 for /example
2012-02-13T15:33:44.726534 Started database query for table users
2019-02-13T15:33:44.038472 Completed database query for table users
2019-02-13T15:33:43.234543 Received request from 102.23.55.32 for /example
2019-02-13T15:33:44.726534 Started database query for table users
2019-02-13T15:33:44.038472 Completed database query for table users
2015-02-13T15:33:43.234543 Received request from 102.23.55.32 for /example
2019-02-13T15:33:44.726534 Started database query for table users
2019-02-13T15:33:44.038472 Completed database query for table users
2019-02-13T15:33:43.234543 Received request from 102.23.55.32 for /example
2019-02-13T15:33:44.726534 Started database query for table users
2019-02-13T15:33:44.038472 Completed database query for table users
2019-02-13T15:33:43.234543 Received request from 102.23.55.32 for /example
2019-02-13T15:33:44.726534 Started database query for table users
2019-02-13T15:33:44.038472 Completed database query for table users
2019-02-13T15:33:43.234543 Received request from 102.23.55.32 for /example
2019-02-13T15:33:44.726534 Started database query for table users
2019-02-13T15:33:44.038472 Completed database query for table users
2019-02-13T15:33:43.234543 Received request from 102.23.55.32 for /example
2019-02-13T15:33:44.726534 Started database query for table users
2019-02-13T15:33:44.038472 Completed database query for table users
2019-02-13T15:33:43.234543 Received request from 102.23.55.32 for /example
2019-02-13T15:33:44.726534 Started database query for table users
2019-02-13T15:33:44.038472 Completed database query for table users
2019-02-13T15:33:43.234543 Received request from 102.23.55.32 for /example
2019-02-13T15:33:44.726534 Started database query for table users
2019-02-13T15:33:44.038472 Completed database query for table users
2019-02-13T15:33:43.234543 Received request from 102.23.55.32 for /example
2019-02-13T15:33:44.726534 Started database query for table users
2019-02-13T15:33:44.038472 Completed database query for table users
2019-02-13T15:33:43.234543 Received request from 102.23.55.32 for /example
2006-02-13T15:33:44.726534 Started database query for table users
2019-02-13T15:33:44.038472 Completed database query for table users
2019-02-13T15:33:43.234543 Received request from 102.23.55.32 for /example
2009-02-13T15:33:44.726534 Started database query for table users
2019-02-13T15:33:44.038472 Completed database query for table users
2019-02-13T15:33:43.234543 Received request from 102.23.55.32 for /example
2018-02-13T15:33:44.726534 Started database query for table users
2019-02-13T15:33:44.038472 Completed database query for table users
2019-02-13T15:33:43.234543 Received request from 102.23.55.32 for /example
2012-02-13T15:33:44.726534 Started database query for table users
2019-02-13T15:33:44.038472 Completed database query for table users
2019-02-13T15:33:43.234543 Received request from 102.23.55.32 for /example
2019-02-13T15:33:44.726534 Started database query for table users
2019-02-13T15:33:44.038472 Completed database query for table users
2015-02-13T15:33:43.234543 Received request from 102.23.55.32 for /example
2019-02-13T15:33:44.726534 Started database query for table users
2019-02-13T15:33:44.038472 Completed database query for table users
2019-02-13T15:33:43.234543 Received request from 102.23.55.32 for /example
2019-02-13T15:33:44.726534 Started database query for table users
2019-02-13T15:33:44.038472 Completed database query for table users
2019-02-13T15:33:43.234543 Received request from 102.23.55.32 for /example
2019-02-13T15:33:44.726534 Started database query for table users
2019-02-13T15:33:44.038472 Completed database query for table users
2019-02-13T15:33:43.234543 Received request from 102.23.55.32 for /example
2019-02-13T15:33:44.726534 Started database query for table users
2019-02-13T15:33:44.038472 Completed database query for table users
2019-02-13T15:33:43.234543 Received request from 102.23.55.32 for /example
2019-02-13T15:33:44.726534 Started database query for table users
2019-02-13T15:33:44.038472 Completed database query for table users
2019-02-13T15:33:43.234543 Received request from 102.23.55.32 for /example
2019-02-13T15:33:44.726534 Started database query for table users
2019-02-13T15:33:44.038472 Completed database query for table users
2019-02-13T15:33:43.234543 Received request from 102.23.55.32 for /example
2019-02-13T15:33:44.726534 Started database query for table users
2019-02-13T15:33:44.038472 Completed database query for table users
2019-02-13T15:33:43.234543 Received request from 102.23.55.32 for /example
2019-02-13T15:33:44.726534 Started database query for table users
2019-02-13T15:33:44.038472 Completed database query for table users
2019-02-13T15:33:43.234543 Received request from 102.23.55.32 for /example
2006-02-13T15:33:44.726534 Started database query for table users
2019-02-13T15:33:44.038472 Completed database query for table users
2019-02-13T15:33:43.234543 Received request from 102.23.55.32 for /example
2009-02-13T15:33:44.726534 Started database query for table users
2019-02-13T15:33:44.038472 Completed database query for table users
2019-02-13T15:33:43.234543 Received request from 102.23.55.32 for /example
2018-02-13T15:33:44.726534 Started database query for table users
2019-02-13T15:33:44.038472 Completed database query for table users
2019-02-13T15:33:43.234543 Received request from 102.23.55.32 for /example
2012-02-13T15:33:44.726534 Started database query for table users
2019-02-13T15:33:44.038472 Completed database query for table users
2019-02-13T15:33:43.234543 Received request from 102.23.55.32 for /example
2019-02-13T15:33:44.726534 Started database query for table users
2019-02-13T15:33:44.038472 Completed database query for table users
2015-02-13T15:33:43.234543 Received request from 102.23.55.32 for /example
2019-02-13T15:33:44.726534 Started database query for table users
2019-02-13T15:33:44.038472 Completed database query for table users
2019-02-13T15:33:43.234543 Received request from 102.23.55.32 for /example
2019-02-13T15:33:44.726534 Started database query for table users
2019-02-13T15:33:44.038472 Completed database query for table users
2019-02-13T15:33:43.234543 Received request from 102.23.55.32 for /example
2019-02-13T15:33:44.726534 Started database query for table users
2019-02-13T15:33:44.038472 Completed database query for table users
2019-02-13T15:33:43.234543 Received request from 102.23.55.32 for /example
2019-02-13T15:33:44.726534 Started database query for table users
2019-02-13T15:33:44.038472 Completed database query for table users
2019-02-13T15:33:43.234543 Received request from 102.23.55.32 for /example
2019-02-13T15:33:44.726534 Started database query for table users
2019-02-13T15:33:44.038472 Completed database query for table users
2019-02-13T15:33:43.234543 Received request from 102.23.55.32 for /example
2019-02-13T15:33:44.726534 Started database query for table users
2019-02-13T15:33:44.038472 Completed database query for table users
2019-02-13T15:33:43.234543 Received request from 102.23.55.32 for /example
2019-02-13T15:33:44.726534 Started database query for table users
2019-02-13T15:33:44.038472 Completed database query for table users
2019-02-13T15:33:43.234543 Received request from 102.23.55.32 for /example
2019-02-13T15:33:44.726534 Started database query for table users
2019-02-13T15:33:44.038472 Completed database query for table users
2019-02-13T15:33:43.234543 Received request from 102.23.55.32 for /example
2006-02-13T15:33:44.726534 Started database query for table users
2019-02-13T15:33:44.038472 Completed database query for table users
2019-02-13T15:33:43.234543 Received request from 102.23.55.32 for /example
2009-02-13T15:33:44.726534 Started database query for table users
2019-02-13T15:33:44.038472 Completed database query for table users
2019-02-13T15:33:43.234543 Received request from 102.23.55.32 for /example
2018-02-13T15:33:44.726534 Started database query for table users
2019-02-13T15:33:44.038472 Completed database query for table users
2019-02-13T15:33:43.234543 Received request from 102.23.55.32 for /example
2012-02-13T15:33:44.726534 Started database query for table users
2019-02-13T15:33:44.038472 Completed database query for table users
2019-02-13T15:33:43.234543 Received request from 102.23.55.32 for /example
2019-02-13T15:33:44.726534 Started database query for table users
2019-02-13T15:33:44.038472 Completed database query for table users
2015-02-13T15:33:43.234543 Received request from 102.23.55.32 for /example
2019-02-13T15:33:44.726534 Started database query for table users
2019-02-13T15:33:44.038472 Completed database query for table users
2019-02-13T15:33:43.234543 Received request from 102.23.55.32 for /example
2019-02-13T15:33:44.726534 Started database query for table users
2019-02-13T15:33:44.038472 Completed database query for table users
2019-02-13T15:33:43.234543 Received request from 102.23.55.32 for /example
2019-02-13T15:33:44.726534 Started database query for table users
2019-02-13T15:33:44.038472 Completed database query for table users
2019-02-13T15:33:43.234543 Received request from 102.23.55.32 for /example
2019-02-13T15:33:44.726534 Started database query for table users
2019-02-13T15:33:44.038472 Completed database query for table users
2019-02-13T15:33:43.234543 Received request from 102.23.55.32 for /example
2019-02-13T15:33:44.726534 Started database query for table users
2019-02-13T15:33:44.038472 Completed database query for table users
2019-02-13T15:33:43.234543 Received request from 102.23.55.32 for /example
2019-02-13T15:33:44.726534 Started database query for table users
2019-02-13T15:33:44.038472 Completed database query for table users
2019-02-13T15:33:43.234543 Received request from 102.23.55.32 for /example
2019-02-13T15:33:44.726534 Started database query for table users
2019-02-13T15:33:44.038472 Completed database query for table users
2019-02-13T15:33:43.234543 Received request from 102.23.55.32 for /example
2019-02-13T15:33:44.726534 Started database query for table users
2019-02-13T15:33:44.038472 Completed database query for table users
2019-02-13T15:33:43.234543 Received request from 102.23.55.32 for /example
2006-02-13T15:33:44.726534 Started database query for table users
2019-02-13T15:33:44.038472 Completed database query for table users
2019-02-13T15:33:43.234543 Received request from 102.23.55.32 for /example
2009-02-13T15:33:44.726534 Started database query for table users
2019-02-13T15:33:44.038472 Completed database query for table users
2019-02-13T15:33:43.234543 Received request from 102.23.55.32 for /example
2018-02-13T15:33:44.726534 Started database query for table users
2019-02-13T15:33:44.038472 Completed database query for table users
2019-02-13T15:33:43.234543 Received request from 102.23.55.32 for /example
2012-02-13T15:33:44.726534 Started database query for table users
2019-02-13T15:33:44.038472 Completed database query for table users
2019-02-13T15:33:43.234543 Received request from 102.23.55.32 for /example
2019-02-13T15:33:44.726534 Started database query for table users
2019-02-13T15:33:44.038472 Completed database query for table users
2015-02-13T15:33:43.234543 Received request from 102.23.55.32 for /example
2019-02-13T15:33:44.726534 Started database query for table users
2019-02-13T15:33:44.038472 Completed database query for table users
2019-02-13T15:33:43.234543 Received request from 102.23.55.32 for /example
2019-02-13T15:33:44.726534 Started database query for table users
2019-02-13T15:33:44.038472 Completed database query for table users
2019-02-13T15:33:43.234543 Received request from 102.23.55.32 for /example
2019-02-13T15:33:44.726534 Started database query for table users
2019-02-13T15:33:44.038472 Completed database query for table users
2019-02-13T15:33:43.234543 Received request from 102.23.55.32 for /example
2019-02-13T15:33:44.726534 Started database query for table users
2019-02-13T15:33:44.038472 Completed database query for table users
2019-02-13T15:33:43.234543 Received request from 102.23.55.32 for /example
2019-02-13T15:33:44.726534 Started database query for table users
2019-02-13T15:33:44.038472 Completed database query for table users
2019-02-13T15:33:43.234543 Received request from 102.23.55.32 for /example
2019-02-13T15:33:44.726534 Started database query for table users
2019-02-13T15:33:44.038472 Completed database query for table users
2019-02-13T15:33:43.234543 Received request from 102.23.55.32 for /example
2019-02-13T15:33:44.726534 Started database query for table users
2019-02-13T15:33:44.038472 Completed database query for table users
2019-02-13T15:33:43.234543 Received request from 102.23.55.32 for /example
2019-02-13T15:33:44.726534 Started database query for table users
2019-02-13T15:33:44.038472 Completed database query for table users
2019-02-13T15:33:43.234543 Received request from 102.23.55.32 for /example
2006-02-13T15:33:44.726534 Started database query for table users
2019-02-13T15:33:44.038472 Completed database query for table users
2019-02-13T15:33:43.234543 Received request from 102.23.55.32 for /example
2009-02-13T15:33:44.726534 Started database query for table users
2019-02-13T15:33:44.038472 Completed database query for table users
2019-02-13T15:33:43.234543 Received request from 102.23.55.32 for /example
2018-02-13T15:33:44.726534 Started database query for table users
2019-02-13T15:33:44.038472 Completed database query for table users
2019-02-13T15:33:43.234543 Received request from 102.23.55.32 for /example
2012-02-13T15:33:44.726534 Started database query for table users
2019-02-13T15:33:44.038472 Completed database query for table users
2019-02-13T15:33:43.234543 Received request from 102.23.55.32 for /example
2019-02-13T15:33:44.726534 Started database query for table users
2019-02-13T15:33:44.038472 Completed database query for table users
2015-02-13T15:33:43.234543 Received request from 102.23.55.32 for /example
2019-02-13T15:33:44.726534 Started database query for table users
2019-02-13T15:33:44.038472 Completed database query for table users
2019-02-13T15:33:43.234543 Received request from 102.23.55.32 for /example
2019-02-13T15:33:44.726534 Started database query for table users
2019-02-13T15:33:44.038472 Completed database query for table users
2019-02-13T15:33:43.234543 Received request from 102.23.55.32 for /example
2019-02-13T15:33:44.726534 Started database query for table users
2019-02-13T15:33:44.038472 Completed database query for table users
2019-02-13T15:33:43.234543 Received request from 102.23.55.32 for /example
2019-02-13T15:33:44.726534 Started database query for table users
2019-02-13T15:33:44.038472 Completed database query for table users
2019-02-13T15:33:43.234543 Received request from 102.23.55.32 for /example
2019-02-13T15:33:44.726534 Started database query for table users
2019-02-13T15:33:44.038472 Completed database query for table users
2019-02-13T15:33:43.234543 Received request from 102.23.55.32 for /example
2019-02-13T15:33:44.726534 Started database query for table users
2019-02-13T15:33:44.038472 Completed database query for table users
2019-02-13T15:33:43.234543 Received request from 102.23.55.32 for /example
2019-02-13T15:33:44.726534 Started database query for table users
2019-02-13T15:33:44.038472 Completed database query for table users
2019-02-13T15:33:43.234543 Received request from 102.23.55.32 for /example
2019-02-13T15:33:44.726534 Started database query for table users
2019-02-13T15:33:44.038472 Completed database query for table users
2019-02-13T15:33:43.234543 Received request from 102.23.55.32 for /example
2006-02-13T15:33:44.726534 Started database query for table users
2019-02-13T15:33:44.038472 Completed database query for table users
2019-02-13T15:33:43.234543 Received request from 102.23.55.32 for /example
2009-02-13T15:33:44.726534 Started database query for table users
2019-02-13T15:33:44.038472 Completed database query for table users
2019-02-13T15:33:43.234543 Received request from 102.23.55.32 for /example
2018-02-13T15:33:44.726534 Started database query for table users
2019-02-13T15:33:44.038472 Completed database query for table users
2019-02-13T15:33:43.234543 Received request from 102.23.55.32 for /example
2012-02-13T15:33:44.726534 Started database query for table users
2019-02-13T15:33:44.038472 Completed database query for table users
2019-02-13T15:33:43.234543 Received request from 102.23.55.32 for /example
2019-02-13T15:33:44.726534 Started database query for table users
2019-02-13T15:33:44.038472 Completed database query for table users
2015-02-13T15:33:43.234543 Received request from 102.23.55.32 for /example
2019-02-13T15:33:44.726534 Started database query for table users
2019-02-13T15:33:44.038472 Completed database query for table users
2019-02-13T15:33:43.234543 Received request from 102.23.55.32 for /example
2019-02-13T15:33:44.726534 Started database query for table users
2019-02-13T15:33:44.038472 Completed database query for table users
2019-02-13T15:33:43.234543 Received request from 102.23.55.32 for /example
2019-02-13T15:33:44.726534 Started database query for table users
2019-02-13T15:33:44.038472 Completed database query for table users
2019-02-13T15:33:43.234543 Received request from 102.23.55.32 for /example
2019-02-13T15:33:44.726534 Started database query for table users
2019-02-13T15:33:44.038472 Completed database query for table users
2019-02-13T15:33:43.234543 Received request from 102.23.55.32 for /example
2019-02-13T15:33:44.726534 Started database query for table users
2019-02-13T15:33:44.038472 Completed database query for table users
2019-02-13T15:33:43.234543 Received request from 102.23.55.32 for /example
2019-02-13T15:33:44.726534 Started database query for table users
2019-02-13T15:33:44.038472 Completed database query for table users
2019-02-13T15:33:43.234543 Received request from 102.23.55.32 for /example
2019-02-13T15:33:44.726534 Started database query for table users
2019-02-13T15:33:44.038472 Completed database query for table users
2019-02-13T15:33:43.234543 Received request from 102.23.55.32 for /example
2019-02-13T15:33:44.726534 Started database query for table users
2019-02-13T15:33:44.038472 Completed database query for table users
2019-02-13T15:33:43.234543 Received request from 102.23.55.32 for /example
2006-02-13T15:33:44.726534 Started database query for table users
2019-02-13T15:33:44.038472 Completed database query for table users
2019-02-13T15:33:43.234543 Received request from 102.23.55.32 for /example
2009-02-13T15:33:44.726534 Started database query for table users
2019-02-13T15:33:44.038472 Completed database query for table users
2019-02-13T15:33:43.234543 Received request from 102.23.55.32 for /example
2018-02-13T15:33:44.726534 Started database query for table users
2019-02-13T15:33:44.038472 Completed database query for table users
2019-02-13T15:33:43.234543 Received request from 102.23.55.32 for /example
2012-02-13T15:33:44.726534 Started database query for table users
2019-02-13T15:33:44.038472 Completed database query for table users
2019-02-13T15:33:43.234543 Received request from 102.23.55.32 for /example
2019-02-13T15:33:44.726534 Started database query for table users
2019-02-13T15:33:44.038472 Completed database query for table users
2015-02-13T15:33:43.234543 Received request from 102.23.55.32 for /example
2019-02-13T15:33:44.726534 Started database query for table users
2019-02-13T15:33:44.038472 Completed database query for table users
2019-02-13T15:33:43.234543 Received request from 102.23.55.32 for /example
2019-02-13T15:33:44.726534 Started database query for table users
2019-02-13T15:33:44.038472 Completed database query for table users
2019-02-13T15:33:43.234543 Received request from 102.23.55.32 for /example
2019-02-13T15:33:44.726534 Started database query for table users
2019-02-13T15:33:44.038472 Completed database query for table users
2019-02-13T15:33:43.234543 Received request from 102.23.55.32 for /example
2019-02-13T15:33:44.726534 Started database query for table users
2019-02-13T15:33:44.038472 Completed database query for table users
2019-02-13T15:33:43.234543 Received request from 102.23.55.32 for /example
2019-02-13T15:33:44.726534 Started database query for table users
2019-02-13T15:33:44.038472 Completed database query for table users
2019-02-13T15:33:43.234543 Received request from 102.23.55.32 for /example
2019-02-13T15:33:44.726534 Started database query for table users
2019-02-13T15:33:44.038472 Completed database query for table users
2019-02-13T15:33:43.234543 Received request from 102.23.55.32 for /example
2019-02-13T15:33:44.726534 Started database query for table users
2019-02-13T15:33:44.038472 Completed database query for table users
2019-02-13T15:33:43.234543 Received request from 102.23.55.32 for /example
2019-02-13T15:33:44.726534 Started database query for table users
2019-02-13T15:33:44.038472 Completed database query for table users
2019-02-13T15:33:43.234543 Received request from 102.23.55.32 for /example
2006-02-13T15:33:44.726534 Started database query for table users
2019-02-13T15:33:44.038472 Completed database query for table users
2019-02-13T15:33:43.234543 Received request from 102.23.55.32 for /example
2009-02-13T15:33:44.726534 Started database query for table users
2019-02-13T15:33:44.038472 Completed database query for table users
2019-02-13T15:33:43.234543 Received request from 102.23.55.32 for /example
2018-02-13T15:33:44.726534 Started database query for table users
2019-02-13T15:33:44.038472 Completed database query for table users
2019-02-13T15:33:43.234543 Received request from 102.23.55.32 for /example
2012-02-13T15:33:44.726534 Started database query for table users
2019-02-13T15:33:44.038472 Completed database query for table users
2019-02-13T15:33:43.234543 Received request from 102.23.55.32 for /example
2019-02-13T15:33:44.726534 Started database query for table users
2019-02-13T15:33:44.038472 Completed database query for table users
2015-02-13T15:33:43.234543 Received request from 102.23.55.32 for /example
2019-02-13T15:33:44.726534 Started database query for table users
2019-02-13T15:33:44.038472 Completed database query for table users
2019-02-13T15:33:43.234543 Received request from 102.23.55.32 for /example
2019-02-13T15:33:44.726534 Started database query for table users
2019-02-13T15:33:44.038472 Completed database query for table users
2019-02-13T15:33:43.234543 Received request from 102.23.55.32 for /example
2019-02-13T15:33:44.726534 Started database query for table users
2019-02-13T15:33:44.038472 Completed database query for table users
2019-02-13T15:33:43.234543 Received request from 102.23.55.32 for /example
2019-02-13T15:33:44.726534 Started database query for table users
2019-02-13T15:33:44.038472 Completed database query for table users
2019-02-13T15:33:43.234543 Received request from 102.23.55.32 for /example
2019-02-13T15:33:44.726534 Started database query for table users
2019-02-13T15:33:44.038472 Completed database query for table users
2019-02-13T15:33:43.234543 Received request from 102.23.55.32 for /example
2019-02-13T15:33:44.726534 Started database query for table users
2019-02-13T15:33:44.038472 Completed database query for table users
2019-02-13T15:33:43.234543 Received request from 102.23.55.32 for /example
2019-02-13T15:33:44.726534 Started database query for table users
2019-02-13T15:33:44.038472 Completed database query for table users
2019-02-13T15:33:43.234543 Received request from 102.23.55.32 for /example
2019-02-13T15:33:44.726534 Started database query for table users
2019-02-13T15:33:44.038472 Completed database query for table users
2019-02-13T15:33:43.234543 Received request from 102.23.55.32 for /example
2006-02-13T15:33:44.726534 Started database query for table users
2019-02-13T15:33:44.038472 Completed database query for table users
2019-02-13T15:33:43.234543 Received request from 102.23.55.32 for /example
2009-02-13T15:33:44.726534 Started database query for table users
2019-02-13T15:33:44.038472 Completed database query for table users
2019-02-13T15:33:43.234543 Received request from 102.23.55.32 for /example
2018-02-13T15:33:44.726534 Started database query for table users
2019-02-13T15:33:44.038472 Completed database query for table users
2019-02-13T15:33:43.234543 Received request from 102.23.55.32 for /example
2012-02-13T15:33:44.726534 Started database query for table users
2019-02-13T15:33:44.038472 Completed database query for table users
2019-02-13T15:33:43.234543 Received request from 102.23.55.32 for /example
2019-02-13T15:33:44.726534 Started database query for table users
2019-02-13T15:33:44.038472 Completed database query for table users
2015-02-13T15:33:43.234543 Received request from 102.23.55.32 for /example
2019-02-13T15:33:44.726534 Started database query for table users
2019-02-13T15:33:44.038472 Completed database query for table users
2019-02-13T15:33:43.234543 Received request from 102.23.55.32 for /example
2019-02-13T15:33:44.726534 Started database query for table users
2019-02-13T15:33:44.038472 Completed database query for table users
2019-02-13T15:33:43.234543 Received request from 102.23.55.32 for /example
2019-02-13T15:33:44.726534 Started database query for table users
2019-02-13T15:33:44.038472 Completed database query for table users
2019-02-13T15:33:43.234543 Received request from 102.23.55.32 for /example
2019-02-13T15:33:44.726534 Started database query for table users
2019-02-13T15:33:44.038472 Completed database query for table users
2019-02-13T15:33:43.234543 Received request from 102.23.55.32 for /example
2019-02-13T15:33:44.726534 Started database query for table users
2019-02-13T15:33:44.038472 Completed database query for table users
2019-02-13T15:33:43.234543 Received request from 102.23.55.32 for /example
2019-02-13T15:33:44.726534 Started database query for table users
2019-02-13T15:33:44.038472 Completed database query for table users
2019-02-13T15:33:43.234543 Received request from 102.23.55.32 for /example
2019-02-13T15:33:44.726534 Started database query for table users
2019-02-13T15:33:44.038472 Completed database query for table users
2019-02-13T15:33:43.234543 Received request from 102.23.55.32 for /example
2019-02-13T15:33:44.726534 Started database query for table users
2019-02-13T15:33:44.038472 Completed database query for table users
2019-02-13T15:33:43.234543 Received request from 102.23.55.32 for /example
2006-02-13T15:33:44.726534 Started database query for table users
2019-02-13T15:33:44.038472 Completed database query for table users
2019-02-13T15:33:43.234543 Received request from 102.23.55.32 for /example
2009-02-13T15:33:44.726534 Started database query for table users
2019-02-13T15:33:44.038472 Completed database query for table users
2019-02-13T15:33:43.234543 Received request from 102.23.55.32 for /example
2018-02-13T15:33:44.726534 Started database query for table users
2019-02-13T15:33:44.038472 Completed database query for table users
2019-02-13T15:33:43.234543 Received request from 102.23.55.32 for /example
2012-02-13T15:33:44.726534 Started database query for table users
2019-02-13T15:33:44.038472 Completed database query for table users
2019-02-13T15:33:43.234543 Received request from 102.23.55.32 for /example
2019-02-13T15:33:44.726534 Started database query for table users
2019-02-13T15:33:44.038472 Completed database query for table users
2015-02-13T15:33:43.234543 Received request from 102.23.55.32 for /example
2019-02-13T15:33:44.726534 Started database query for table users
2019-02-13T15:33:44.038472 Completed database query for table users
2019-02-13T15:33:43.234543 Received request from 102.23.55.32 for /example
2019-02-13T15:33:44.726534 Started database query for table users
2019-02-13T15:33:44.038472 Completed database query for table users
2019-02-13T15:33:43.234543 Received request from 102.23.55.32 for /example
2019-02-13T15:33:44.726534 Started database query for table users
2019-02-13T15:33:44.038472 Completed database query for table users
2019-02-13T15:33:43.234543 Received request from 102.23.55.32 for /example
2019-02-13T15:33:44.726534 Started database query for table users
2019-02-13T15:33:44.038472 Completed database query for table users
2019-02-13T15:33:43.234543 Received request from 102.23.55.32 for /example
2019-02-13T15:33:44.726534 Started database query for table users
2019-02-13T15:33:44.038472 Completed database query for table users
2019-02-13T15:33:43.234543 Received request from 102.23.55.32 for /example
2019-02-13T15:33:44.726534 Started database query for table users
2019-02-13T15:33:44.038472 Completed database query for table users
2019-02-13T15:33:43.234543 Received request from 102.23.55.32 for /example
2019-02-13T15:33:44.726534 Started database query for table users
2019-02-13T15:33:44.038472 Completed database query for table users
2019-02-13T15:33:43.234543 Received request from 102.23.55.32 for /example
2019-02-13T15:33:44.726534 Started database query for table users
2019-02-13T15:33:44.038472 Completed database query for table users
2019-02-13T15:33:43.234543 Received request from 102.23.55.32 for /example
2006-02-13T15:33:44.726534 Started database query for table users
2019-02-13T15:33:44.038472 Completed database query for table users
2019-02-13T15:33:43.234543 Received request from 102.23.55.32 for /example
2009-02-13T15:33:44.726534 Started database query for table users
2019-02-13T15:33:44.038472 Completed database query for table users
2019-02-13T15:33:43.234543 Received request from 102.23.55.32 for /example
2018-02-13T15:33:44.726534 Started database query for table users
2019-02-13T15:33:44.038472 Completed database query for table users
2019-02-13T15:33:43.234543 Received request from 102.23.55.32 for /example
2012-02-13T15:33:44.726534 Started database query for table users
2019-02-13T15:33:44.038472 Completed database query for table users
2019-02-13T15:33:43.234543 Received request from 102.23.55.32 for /example
2019-02-13T15:33:44.726534 Started database query for table users
2019-02-13T15:33:44.038472 Completed database query for table users
2015-02-13T15:33:43.234543 Received request from 102.23.55.32 for /example
2019-02-13T15:33:44.726534 Started database query for table users
2019-02-13T15:33:44.038472 Completed database query for table users
2019-02-13T15:33:43.234543 Received request from 102.23.55.32 for /example
2019-02-13T15:33:44.726534 Started database query for table users
2019-02-13T15:33:44.038472 Completed database query for table users
2019-02-13T15:33:43.234543 Received request from 102.23.55.32 for /example
2019-02-13T15:33:44.726534 Started database query for table users
2019-02-13T15:33:44.038472 Completed database query for table users
2019-02-13T15:33:43.234543 Received request from 102.23.55.32 for /example
2019-02-13T15:33:44.726534 Started database query for table users
2019-02-13T15:33:44.038472 Completed database query for table users
2019-02-13T15:33:43.234543 Received request from 102.23.55.32 for /example
2019-02-13T15:33:44.726534 Started database query for table users
2019-02-13T15:33:44.038472 Completed database query for table users
2019-02-13T15:33:43.234543 Received request from 102.23.55.32 for /example
2019-02-13T15:33:44.726534 Started database query for table users
2019-02-13T15:33:44.038472 Completed database query for table users
2019-02-13T15:33:43.234543 Received request from 102.23.55.32 for /example
2019-02-13T15:33:44.726534 Started database query for table users
2019-02-13T15:33:44.038472 Completed database query for table users
2019-02-13T15:33:43.234543 Received request from 102.23.55.32 for /example
2019-02-13T15:33:44.726534 Started database query for table users
2019-02-13T15:33:44.038472 Completed database query for table users
2019-02-13T15:33:43.234543 Received request from 102.23.55.32 for /example
2006-02-13T15:33:44.726534 Started database query for table users
2019-02-13T15:33:44.038472 Completed database query for table users
2019-02-13T15:33:43.234543 Received request from 102.23.55.32 for /example
2009-02-13T15:33:44.726534 Started database query for table users
2019-02-13T15:33:44.038472 Completed database query for table users
2019-02-13T15:33:43.234543 Received request from 102.23.55.32 for /example
2018-02-13T15:33:44.726534 Started database query for table users
2019-02-13T15:33:44.038472 Completed database query for table users
2019-02-13T15:33:43.234543 Received request from 102.23.55.32 for /example
2012-02-13T15:33:44.726534 Started database query for table users
2019-02-13T15:33:44.038472 Completed database query for table users
2019-02-13T15:33:43.234543 Received request from 102.23.55.32 for /example
2019-02-13T15:33:44.726534 Started database query for table users
2019-02-13T15:33:44.038472 Completed database query for table users
2015-02-13T15:33:43.234543 Received request from 102.23.55.32 for /example
2019-02-13T15:33:44.726534 Started database query for table users
2019-02-13T15:33:44.038472 Completed database query for table users
2019-02-13T15:33:43.234543 Received request from 102.23.55.32 for /example
2019-02-13T15:33:44.726534 Started database query for table users
2019-02-13T15:33:44.038472 Completed database query for table users
2019-02-13T15:33:43.234543 Received request from 102.23.55.32 for /example
2019-02-13T15:33:44.726534 Started database query for table users
2019-02-13T15:33:44.038472 Completed database query for table users
2019-02-13T15:33:43.234543 Received request from 102.23.55.32 for /example
2019-02-13T15:33:44.726534 Started database query for table users
2019-02-13T15:33:44.038472 Completed database query for table users
2019-02-13T15:33:43.234543 Received request from 102.23.55.32 for /example
2019-02-13T15:33:44.726534 Started database query for table users
2019-02-13T15:33:44.038472 Completed database query for table users
2019-02-13T15:33:43.234543 Received request from 102.23.55.32 for /example
2019-02-13T15:33:44.726534 Started database query for table users
2019-02-13T15:33:44.038472 Completed database query for table users
2019-02-13T15:33:43.234543 Received request from 102.23.55.32 for /example
2019-02-13T15:33:44.726534 Started database query for table users
2019-02-13T15:33:44.038472 Completed database query for table users
2019-02-13T15:33:43.234543 Received request from 102.23.55.32 for /example
2019-02-13T15:33:44.726534 Started database query for table users
2019-02-13T15:33:44.038472 Completed database query for table users
2019-02-13T15:33:43.234543 Received request from 102.23.55.32 for /example
2006-02-13T15:33:44.726534 Started database query for table users
2019-02-13T15:33:44.038472 Completed database query for table users
2019-02-13T15:33:43.234543 Received request from 102.23.55.32 for /example
2009-02-13T15:33:44.726534 Started database query for table users
2019-02-13T15:33:44.038472 Completed database query for table users
2019-02-13T15:33:43.234543 Received request from 102.23.55.32 for /example
2018-02-13T15:33:44.726534 Started database query for table users
2019-02-13T15:33:44.038472 Completed database query for table users
2019-02-13T15:33:43.234543 Received request from 102.23.55.32 for /example
2012-02-13T15:33:44.726534 Started database query for table users
2019-02-13T15:33:44.038472 Completed database query for table users
2019-02-13T15:33:43.234543 Received request from 102.23.55.32 for /example
2019-02-13T15:33:44.726534 Started database query for table users
2019-02-13T15:33:44.038472 Completed database query for table users
2015-02-13T15:33:43.234543 Received request from 102.23.55.32 for /example
2019-02-13T15:33:44.726534 Started database query for table users
2019-02-13T15:33:44.038472 Completed database query for table users
2019-02-13T15:33:43.234543 Received request from 102.23.55.32 for /example
2019-02-13T15:33:44.726534 Started database query for table users
2019-02-13T15:33:44.038472 Completed database query for table users
2019-02-13T15:33:43.234543 Received request from 102.23.55.32 for /example
2019-02-13T15:33:44.726534 Started database query for table users
2019-02-13T15:33:44.038472 Completed database query for table users
2019-02-13T15:33:43.234543 Received request from 102.23.55.32 for /example
2019-02-13T15:33:44.726534 Started database query for table users
2019-02-13T15:33:44.038472 Completed database query for table users
2019-02-13T15:33:43.234543 Received request from 102.23.55.32 for /example
2019-02-13T15:33:44.726534 Started database query for table users
2019-02-13T15:33:44.038472 Completed database query for table users
2019-02-13T15:33:43.234543 Received request from 102.23.55.32 for /example
2019-02-13T15:33:44.726534 Started database query for table users
2019-02-13T15:33:44.038472 Completed database query for table users
2019-02-13T15:33:43.234543 Received request from 102.23.55.32 for /example
2019-02-13T15:33:44.726534 Started database query for table users
2019-02-13T15:33:44.038472 Completed database query for table users
2019-02-13T15:33:43.234543 Received request from 102.23.55.32 for /example
2019-02-13T15:33:44.726534 Started database query for table users
2019-02-13T15:33:44.038472 Completed database query for table users
2019-02-13T15:33:43.234543 Received request from 102.23.55.32 for /example
2006-02-13T15:33:44.726534 Started database query for table users
2019-02-13T15:33:44.038472 Completed database query for table users
2019-02-13T15:33:43.234543 Received request from 102.23.55.32 for /example
2009-02-13T15:33:44.726534 Started database query for table users
2019-02-13T15:33:44.038472 Completed database query for table users
2019-02-13T15:33:43.234543 Received request from 102.23.55.32 for /example
2018-02-13T15:33:44.726534 Started database query for table users
2019-02-13T15:33:44.038472 Completed database query for table users
2019-02-13T15:33:43.234543 Received request from 102.23.55.32 for /example
2012-02-13T15:33:44.726534 Started database query for table users
2019-02-13T15:33:44.038472 Completed database query for table users
2019-02-13T15:33:43.234543 Received request from 102.23.55.32 for /example
2019-02-13T15:33:44.726534 Started database query for table users
2019-02-13T15:33:44.038472 Completed database query for table users
2015-02-13T15:33:43.234543 Received request from 102.23.55.32 for /example
2019-02-13T15:33:44.726534 Started database query for table users
2019-02-13T15:33:44.038472 Completed database query for table users
2019-02-13T15:33:43.234543 Received request from 102.23.55.32 for /example
2019-02-13T15:33:44.726534 Started database query for table users
2019-02-13T15:33:44.038472 Completed database query for table users
2019-02-13T15:33:43.234543 Received request from 102.23.55.32 for /example
2019-02-13T15:33:44.726534 Started database query for table users
2019-02-13T15:33:44.038472 Completed database query for table users
2019-02-13T15:33:43.234543 Received request from 102.23.55.32 for /example
2019-02-13T15:33:44.726534 Started database query for table users
2019-02-13T15:33:44.038472 Completed database query for table users
2019-02-13T15:33:43.234543 Received request from 102.23.55.32 for /example
2019-02-13T15:33:44.726534 Started database query for table users
2019-02-13T15:33:44.038472 Completed database query for table users
2019-02-13T15:33:43.234543 Received request from 102.23.55.32 for /example
2019-02-13T15:33:44.726534 Started database query for table users
2019-02-13T15:33:44.038472 Completed database query for table users
2019-02-13T15:33:43.234543 Received request from 102.23.55.32 for /example
2019-02-13T15:33:44.726534 Started database query for table users
2019-02-13T15:33:44.038472 Completed database query for table users
2019-02-13T15:33:43.234543 Received request from 102.23.55.32 for /example
2019-02-13T15:33:44.726534 Started database query for table users
2019-02-13T15:33:44.038472 Completed database query for table users
2019-02-13T15:33:43.234543 Received request from 102.23.55.32 for /example
2006-02-13T15:33:44.726534 Started database query for table users
2019-02-13T15:33:44.038472 Completed database query for table users
2019-02-13T15:33:43.234543 Received request from 102.23.55.32 for /example
2009-02-13T15:33:44.726534 Started database query for table users
2019-02-13T15:33:44.038472 Completed database query for table users
2019-02-13T15:33:43.234543 Received request from 102.23.55.32 for /example
2018-02-13T15:33:44.726534 Started database query for table users
2019-02-13T15:33:44.038472 Completed database query for table users
2019-02-13T15:33:43.234543 Received request from 102.23.55.32 for /example
2012-02-13T15:33:44.726534 Started database query for table users
2019-02-13T15:33:44.038472 Completed database query for table users
2019-02-13T15:33:43.234543 Received request from 102.23.55.32 for /example
2019-02-13T15:33:44.726534 Started database query for table users
2019-02-13T15:33:44.038472 Completed database query for table users
2015-02-13T15:33:43.234543 Received request from 102.23.55.32 for /example
2019-02-13T15:33:44.726534 Started database query for table users
2019-02-13T15:33:44.038472 Completed database query for table users
2019-02-13T15:33:43.234543 Received request from 102.23.55.32 for /example
2019-02-13T15:33:44.726534 Started database query for table users
2019-02-13T15:33:44.038472 Completed database query for table users
2019-02-13T15:33:43.234543 Received request from 102.23.55.32 for /example
2019-02-13T15:33:44.726534 Started database query for table users
2019-02-13T15:33:44.038472 Completed database query for table users
2019-02-13T15:33:43.234543 Received request from 102.23.55.32 for /example
2019-02-13T15:33:44.726534 Started database query for table users
2019-02-13T15:33:44.038472 Completed database query for table users
2019-02-13T15:33:43.234543 Received request from 102.23.55.32 for /example
2019-02-13T15:33:44.726534 Started database query for table users
2019-02-13T15:33:44.038472 Completed database query for table users
2019-02-13T15:33:43.234543 Received request from 102.23.55.32 for /example
2019-02-13T15:33:44.726534 Started database query for table users
2019-02-13T15:33:44.038472 Completed database query for table users
2019-02-13T15:33:43.234543 Received request from 102.23.55.32 for /example
2019-02-13T15:33:44.726534 Started database query for table users
2019-02-13T15:33:44.038472 Completed database query for table users
2019-02-13T15:33:43.234543 Received request from 102.23.55.32 for /example
2019-02-13T15:33:44.726534 Started database query for table users
2019-02-13T15:33:44.038472 Completed database query for table users
2019-02-13T15:33:43.234543 Received request from 102.23.55.32 for /example
2006-02-13T15:33:44.726534 Started database query for table users
2019-02-13T15:33:44.038472 Completed database query for table users
2019-02-13T15:33:43.234543 Received request from 102.23.55.32 for /example
2009-02-13T15:33:44.726534 Started database query for table users
2019-02-13T15:33:44.038472 Completed database query for table users
2019-02-13T15:33:43.234543 Received request from 102.23.55.32 for /example
2018-02-13T15:33:44.726534 Started database query for table users
2019-02-13T15:33:44.038472 Completed database query for table users
2019-02-13T15:33:43.234543 Received request from 102.23.55.32 for /example
2012-02-13T15:33:44.726534 Started database query for table users
2019-02-13T15:33:44.038472 Completed database query for table users
2019-02-13T15:33:43.234543 Received request from 102.23.55.32 for /example
2019-02-13T15:33:44.726534 Started database query for table users
2019-02-13T15:33:44.038472 Completed database query for table users
2015-02-13T15:33:43.234543 Received request from 102.23.55.32 for /example
2019-02-13T15:33:44.726534 Started database query for table users
2019-02-13T15:33:44.038472 Completed database query for table users
2019-02-13T15:33:43.234543 Received request from 102.23.55.32 for /example
2019-02-13T15:33:44.726534 Started database query for table users
2019-02-13T15:33:44.038472 Completed database query for table users
2019-02-13T15:33:43.234543 Received request from 102.23.55.32 for /example
2019-02-13T15:33:44.726534 Started database query for table users
2019-02-13T15:33:44.038472 Completed database query for table users
2019-02-13T15:33:43.234543 Received request from 102.23.55.32 for /example
2019-02-13T15:33:44.726534 Started database query for table users
2019-02-13T15:33:44.038472 Completed database query for table users
2019-02-13T15:33:43.234543 Received request from 102.23.55.32 for /example
2019-02-13T15:33:44.726534 Started database query for table users
2019-02-13T15:33:44.038472 Completed database query for table users
2019-02-13T15:33:43.234543 Received request from 102.23.55.32 for /example
2019-02-13T15:33:44.726534 Started database query for table users
2019-02-13T15:33:44.038472 Completed database query for table users
2019-02-13T15:33:43.234543 Received request from 102.23.55.32 for /example
2019-02-13T15:33:44.726534 Started database query for table users
2019-02-13T15:33:44.038472 Completed database query for table users
2019-02-13T15:33:43.234543 Received request from 102.23.55.32 for /example
2019-02-13T15:33:44.726534 Started database query for table users
2019-02-13T15:33:44.038472 Completed database query for table users
2019-02-13T15:33:43.234543 Received request from 102.23.55.32 for /example
2006-02-13T15:33:44.726534 Started database query for table users
2019-02-13T15:33:44.038472 Completed database query for table users
2019-02-13T15:33:43.234543 Received request from 102.23.55.32 for /example
2009-02-13T15:33:44.726534 Started database query for table users
2019-02-13T15:33:44.038472 Completed database query for table users
2019-02-13T15:33:43.234543 Received request from 102.23.55.32 for /example
2018-02-13T15:33:44.726534 Started database query for table users
2019-02-13T15:33:44.038472 Completed database query for table users
2019-02-13T15:33:43.234543 Received request from 102.23.55.32 for /example
2012-02-13T15:33:44.726534 Started database query for table users
2019-02-13T15:33:44.038472 Completed database query for table users
2019-02-13T15:33:43.234543 Received request from 102.23.55.32 for /example
2019-02-13T15:33:44.726534 Started database query for table users
2019-02-13T15:33:44.038472 Completed database query for table users
2015-02-13T15:33:43.234543 Received request from 102.23.55.32 for /example
2019-02-13T15:33:44.726534 Started database query for table users
2019-02-13T15:33:44.038472 Completed database query for table users
2019-02-13T15:33:43.234543 Received request from 102.23.55.32 for /example
2019-02-13T15:33:44.726534 Started database query for table users
2019-02-13T15:33:44.038472 Completed database query for table users
2019-02-13T15:33:43.234543 Received request from 102.23.55.32 for /example
2019-02-13T15:33:44.726534 Started database query for table users
2019-02-13T15:33:44.038472 Completed database query for table users
2019-02-13T15:33:43.234543 Received request from 102.23.55.32 for /example
2019-02-13T15:33:44.726534 Started database query for table users
2019-02-13T15:33:44.038472 Completed database query for table users
2019-02-13T15:33:43.234543 Received request from 102.23.55.32 for /example
2019-02-13T15:33:44.726534 Started database query for table users
2019-02-13T15:33:44.038472 Completed database query for table users
2019-02-13T15:33:43.234543 Received request from 102.23.55.32 for /example
2019-02-13T15:33:44.726534 Started database query for table users
2019-02-13T15:33:44.038472 Completed database query for table users
2019-02-13T15:33:43.234543 Received request from 102.23.55.32 for /example
2019-02-13T15:33:44.726534 Started database query for table users
2019-02-13T15:33:44.038472 Completed database query for table users
2019-02-13T15:33:43.234543 Received request from 102.23.55.32 for /example
2019-02-13T15:33:44.726534 Started database query for table users
2019-02-13T15:33:44.038472 Completed database query for table users
2019-02-13T15:33:43.234543 Received request from 102.23.55.32 for /example
2006-02-13T15:33:44.726534 Started database query for table users
2019-02-13T15:33:44.038472 Completed database query for table users
2019-02-13T15:33:43.234543 Received request from 102.23.55.32 for /example
2009-02-13T15:33:44.726534 Started database query for table users
2019-02-13T15:33:44.038472 Completed database query for table users
2019-02-13T15:33:43.234543 Received request from 102.23.55.32 for /example
2018-02-13T15:33:44.726534 Started database query for table users
2019-02-13T15:33:44.038472 Completed database query for table users
2019-02-13T15:33:43.234543 Received request from 102.23.55.32 for /example
2012-02-13T15:33:44.726534 Started database query for table users
2019-02-13T15:33:44.038472 Completed database query for table users
2019-02-13T15:33:43.234543 Received request from 102.23.55.32 for /example
2019-02-13T15:33:44.726534 Started database query for table users
2019-02-13T15:33:44.038472 Completed database query for table users
2015-02-13T15:33:43.234543 Received request from 102.23.55.32 for /example
2019-02-13T15:33:44.726534 Started database query for table users
2019-02-13T15:33:44.038472 Completed database query for table users
2019-02-13T15:33:43.234543 Received request from 102.23.55.32 for /example
2019-02-13T15:33:44.726534 Started database query for table users
2019-02-13T15:33:44.038472 Completed database query for table users
2019-02-13T15:33:43.234543 Received request from 102.23.55.32 for /example
2019-02-13T15:33:44.726534 Started database query for table users
2019-02-13T15:33:44.038472 Completed database query for table users
2019-02-13T15:33:43.234543 Received request from 102.23.55.32 for /example
2019-02-13T15:33:44.726534 Started database query for table users
2019-02-13T15:33:44.038472 Completed database query for table users
2019-02-13T15:33:43.234543 Received request from 102.23.55.32 for /example
2019-02-13T15:33:44.726534 Started database query for table users
2019-02-13T15:33:44.038472 Completed database query for table users
2019-02-13T15:33:43.234543 Received request from 102.23.55.32 for /example
2019-02-13T15:33:44.726534 Started database query for table users
2019-02-13T15:33:44.038472 Completed database query for table users
2019-02-13T15:33:43.234543 Received request from 102.23.55.32 for /example
2019-02-13T15:33:44.726534 Started database query for table users
2019-02-13T15:33:44.038472 Completed database query for table users
2019-02-13T15:33:43.234543 Received request from 102.23.55.32 for /example
2019-02-13T15:33:44.726534 Started database query for table users
2019-02-13T15:33:44.038472 Completed database query for table users
2019-02-13T15:33:43.234543 Received request from 102.23.55.32 for /example
2006-02-13T15:33:44.726534 Started database query for table users
2019-02-13T15:33:44.038472 Completed database query for table users
2019-02-13T15:33:43.234543 Received request from 102.23.55.32 for /example
2009-02-13T15:33:44.726534 Started database query for table users
2019-02-13T15:33:44.038472 Completed database query for table users
2019-02-13T15:33:43.234543 Received request from 102.23.55.32 for /example
2018-02-13T15:33:44.726534 Started database query for table users
2019-02-13T15:33:44.038472 Completed database query for table users
2019-02-13T15:33:43.234543 Received request from 102.23.55.32 for /example
2012-02-13T15:33:44.726534 Started database query for table users
2019-02-13T15:33:44.038472 Completed database query for table users
2019-02-13T15:33:43.234543 Received request from 102.23.55.32 for /example
2019-02-13T15:33:44.726534 Started database query for table users
2019-02-13T15:33:44.038472 Completed database query for table users
2015-02-13T15:33:43.234543 Received request from 102.23.55.32 for /example
2019-02-13T15:33:44.726534 Started database query for table users
2019-02-13T15:33:44.038472 Completed database query for table users
2019-02-13T15:33:43.234543 Received request from 102.23.55.32 for /example
2019-02-13T15:33:44.726534 Started database query for table users
2019-02-13T15:33:44.038472 Completed database query for table users
2019-02-13T15:33:43.234543 Received request from 102.23.55.32 for /example
2019-02-13T15:33:44.726534 Started database query for table users
2019-02-13T15:33:44.038472 Completed database query for table users
2019-02-13T15:33:43.234543 Received request from 102.23.55.32 for /example
2019-02-13T15:33:44.726534 Started database query for table users
2019-02-13T15:33:44.038472 Completed database query for table users
2019-02-13T15:33:43.234543 Received request from 102.23.55.32 for /example
2019-02-13T15:33:44.726534 Started database query for table users
2019-02-13T15:33:44.038472 Completed database query for table users
2019-02-13T15:33:43.234543 Received request from 102.23.55.32 for /example
2019-02-13T15:33:44.726534 Started database query for table users
2019-02-13T15:33:44.038472 Completed database query for table users
2019-02-13T15:33:43.234543 Received request from 102.23.55.32 for /example
2019-02-13T15:33:44.726534 Started database query for table users
2019-02-13T15:33:44.038472 Completed database query for table users
2019-02-13T15:33:43.234543 Received request from 102.23.55.32 for /example
2019-02-13T15:33:44.726534 Started database query for table users
2019-02-13T15:33:44.038472 Completed database query for table users
2019-02-13T15:33:43.234543 Received request from 102.23.55.32 for /example
2006-02-13T15:33:44.726534 Started database query for table users
2019-02-13T15:33:44.038472 Completed database query for table users
2019-02-13T15:33:43.234543 Received request from 102.23.55.32 for /example
2009-02-13T15:33:44.726534 Started database query for table users
2019-02-13T15:33:44.038472 Completed database query for table users
2019-02-13T15:33:43.234543 Received request from 102.23.55.32 for /example
2018-02-13T15:33:44.726534 Started database query for table users
2019-02-13T15:33:44.038472 Completed database query for table users
2019-02-13T15:33:43.234543 Received request from 102.23.55.32 for /example
2012-02-13T15:33:44.726534 Started database query for table users
2019-02-13T15:33:44.038472 Completed database query for table users
2019-02-13T15:33:43.234543 Received request from 102.23.55.32 for /example
2019-02-13T15:33:44.726534 Started database query for table users
2019-02-13T15:33:44.038472 Completed database query for table users
2015-02-13T15:33:43.234543 Received request from 102.23.55.32 for /example
2019-02-13T15:33:44.726534 Started database query for table users
2019-02-13T15:33:44.038472 Completed database query for table users
2019-02-13T15:33:43.234543 Received request from 102.23.55.32 for /example
2019-02-13T15:33:44.726534 Started database query for table users
2019-02-13T15:33:44.038472 Completed database query for table users
2019-02-13T15:33:43.234543 Received request from 102.23.55.32 for /example
2019-02-13T15:33:44.726534 Started database query for table users
2019-02-13T15:33:44.038472 Completed database query for table users
2019-02-13T15:33:43.234543 Received request from 102.23.55.32 for /example
2019-02-13T15:33:44.726534 Started database query for table users
2019-02-13T15:33:44.038472 Completed database query for table users
2019-02-13T15:33:43.234543 Received request from 102.23.55.32 for /example
2019-02-13T15:33:44.726534 Started database query for table users
2019-02-13T15:33:44.038472 Completed database query for table users
2019-02-13T15:33:43.234543 Received request from 102.23.55.32 for /example
2019-02-13T15:33:44.726534 Started database query for table users
2019-02-13T15:33:44.038472 Completed database query for table users
2019-02-13T15:33:43.234543 Received request from 102.23.55.32 for /example
2019-02-13T15:33:44.726534 Started database query for table users
2019-02-13T15:33:44.038472 Completed database query for table users
2019-02-13T15:33:43.234543 Received request from 102.23.55.32 for /example
2019-02-13T15:33:44.726534 Started database query for table users
2019-02-13T15:33:44.038472 Completed database query for table users
2019-02-13T15:33:43.234543 Received request from 102.23.55.32 for /example
2006-02-13T15:33:44.726534 Started database query for table users
2019-02-13T15:33:44.038472 Completed database query for table users
2019-02-13T15:33:43.234543 Received request from 102.23.55.32 for /example
2009-02-13T15:33:44.726534 Started database query for table users
2019-02-13T15:33:44.038472 Completed database query for table users
2019-02-13T15:33:43.234543 Received request from 102.23.55.32 for /example
2018-02-13T15:33:44.726534 Started database query for table users
2019-02-13T15:33:44.038472 Completed database query for table users
2019-02-13T15:33:43.234543 Received request from 102.23.55.32 for /example
2012-02-13T15:33:44.726534 Started database query for table users
2019-02-13T15:33:44.038472 Completed database query for table users
2019-02-13T15:33:43.234543 Received request from 102.23.55.32 for /example
2019-02-13T15:33:44.726534 Started database query for table users
2019-02-13T15:33:44.038472 Completed database query for table users
2015-02-13T15:33:43.234543 Received request from 102.23.55.32 for /example
2019-02-13T15:33:44.726534 Started database query for table users
2019-02-13T15:33:44.038472 Completed database query for table users
2019-02-13T15:33:43.234543 Received request from 102.23.55.32 for /example
2019-02-13T15:33:44.726534 Started database query for table users
2019-02-13T15:33:44.038472 Completed database query for table users
2019-02-13T15:33:43.234543 Received request from 102.23.55.32 for /example
2019-02-13T15:33:44.726534 Started database query for table users
2019-02-13T15:33:44.038472 Completed database query for table users
2019-02-13T15:33:43.234543 Received request from 102.23.55.32 for /example
2019-02-13T15:33:44.726534 Started database query for table users
2019-02-13T15:33:44.038472 Completed database query for table users
2019-02-13T15:33:43.234543 Received request from 102.23.55.32 for /example
2019-02-13T15:33:44.726534 Started database query for table users
2019-02-13T15:33:44.038472 Completed database query for table users
2019-02-13T15:33:43.234543 Received request from 102.23.55.32 for /example
2019-02-13T15:33:44.726534 Started database query for table users
2019-02-13T15:33:44.038472 Completed database query for table users
2019-02-13T15:33:43.234543 Received request from 102.23.55.32 for /example
2019-02-13T15:33:44.726534 Started database query for table users
2019-02-13T15:33:44.038472 Completed database query for table users
2019-02-13T15:33:43.234543 Received request from 102.23.55.32 for /example
2019-02-13T15:33:44.726534 Started database query for table users
2019-02-13T15:33:44.038472 Completed database query for table users
2019-02-13T15:33:43.234543 Received request from 102.23.55.32 for /example
2006-02-13T15:33:44.726534 Started database query for table users
2019-02-13T15:33:44.038472 Completed database query for table users
2019-02-13T15:33:43.234543 Received request from 102.23.55.32 for /example
2009-02-13T15:33:44.726534 Started database query for table users
2019-02-13T15:33:44.038472 Completed database query for table users
2019-02-13T15:33:43.234543 Received request from 102.23.55.32 for /example
2018-02-13T15:33:44.726534 Started database query for table users
2019-02-13T15:33:44.038472 Completed database query for table users
2019-02-13T15:33:43.234543 Received request from 102.23.55.32 for /example
2012-02-13T15:33:44.726534 Started database query for table users
2019-02-13T15:33:44.038472 Completed database query for table users
2019-02-13T15:33:43.234543 Received request from 102.23.55.32 for /example
2019-02-13T15:33:44.726534 Started database query for table users
2019-02-13T15:33:44.038472 Completed database query for table users
2015-02-13T15:33:43.234543 Received request from 102.23.55.32 for /example
2019-02-13T15:33:44.726534 Started database query for table users
2019-02-13T15:33:44.038472 Completed database query for table users
2019-02-13T15:33:43.234543 Received request from 102.23.55.32 for /example
2019-02-13T15:33:44.726534 Started database query for table users
2019-02-13T15:33:44.038472 Completed database query for table users
2019-02-13T15:33:43.234543 Received request from 102.23.55.32 for /example
2019-02-13T15:33:44.726534 Started database query for table users
2019-02-13T15:33:44.038472 Completed database query for table users
2019-02-13T15:33:43.234543 Received request from 102.23.55.32 for /example
2019-02-13T15:33:44.726534 Started database query for table users
2019-02-13T15:33:44.038472 Completed database query for table users
2019-02-13T15:33:43.234543 Received request from 102.23.55.32 for /example
2019-02-13T15:33:44.726534 Started database query for table users
2019-02-13T15:33:44.038472 Completed database query for table users
2019-02-13T15:33:43.234543 Received request from 102.23.55.32 for /example
2019-02-13T15:33:44.726534 Started database query for table users
2019-02-13T15:33:44.038472 Completed database query for table users
2019-02-13T15:33:43.234543 Received request from 102.23.55.32 for /example
2019-02-13T15:33:44.726534 Started database query for table users
2019-02-13T15:33:44.038472 Completed database query for table users
2019-02-13T15:33:43.234543 Received request from 102.23.55.32 for /example
2019-02-13T15:33:44.726534 Started database query for table users
2019-02-13T15:33:44.038472 Completed database query for table users
2019-02-13T15:33:43.234543 Received request from 102.23.55.32 for /example
2006-02-13T15:33:44.726534 Started database query for table users
2019-02-13T15:33:44.038472 Completed database query for table users
2019-02-13T15:33:43.234543 Received request from 102.23.55.32 for /example
2009-02-13T15:33:44.726534 Started database query for table users
2019-02-13T15:33:44.038472 Completed database query for table users
2019-02-13T15:33:43.234543 Received request from 102.23.55.32 for /example
2018-02-13T15:33:44.726534 Started database query for table users
2019-02-13T15:33:44.038472 Completed database query for table users
2019-02-13T15:33:43.234543 Received request from 102.23.55.32 for /example
2012-02-13T15:33:44.726534 Started database query for table users
2019-02-13T15:33:44.038472 Completed database query for table users
2019-02-13T15:33:43.234543 Received request from 102.23.55.32 for /example
2019-02-13T15:33:44.726534 Started database query for table users
2019-02-13T15:33:44.038472 Completed database query for table users
2015-02-13T15:33:43.234543 Received request from 102.23.55.32 for /example
2019-02-13T15:33:44.726534 Started database query for table users
2019-02-13T15:33:44.038472 Completed database query for table users
2019-02-13T15:33:43.234543 Received request from 102.23.55.32 for /example
2019-02-13T15:33:44.726534 Started database query for table users
2019-02-13T15:33:44.038472 Completed database query for table users
2019-02-13T15:33:43.234543 Received request from 102.23.55.32 for /example
2019-02-13T15:33:44.726534 Started database query for table users
2019-02-13T15:33:44.038472 Completed database query for table users
2019-02-13T15:33:43.234543 Received request from 102.23.55.32 for /example
2019-02-13T15:33:44.726534 Started database query for table users
2019-02-13T15:33:44.038472 Completed database query for table users
2019-02-13T15:33:43.234543 Received request from 102.23.55.32 for /example
2019-02-13T15:33:44.726534 Started database query for table users
2019-02-13T15:33:44.038472 Completed database query for table users
2019-02-13T15:33:43.234543 Received request from 102.23.55.32 for /example
2019-02-13T15:33:44.726534 Started database query for table users
2019-02-13T15:33:44.038472 Completed database query for table users
2019-02-13T15:33:43.234543 Received request from 102.23.55.32 for /example
2019-02-13T15:33:44.726534 Started database query for table users
2019-02-13T15:33:44.038472 Completed database query for table users
2019-02-13T15:33:43.234543 Received request from 102.23.55.32 for /example
2019-02-13T15:33:44.726534 Started database query for table users
2019-02-13T15:33:44.038472 Completed database query for table users
2019-02-13T15:33:43.234543 Received request from 102.23.55.32 for /example
2006-02-13T15:33:44.726534 Started database query for table users
2019-02-13T15:33:44.038472 Completed database query for table users
2019-02-13T15:33:43.234543 Received request from 102.23.55.32 for /example
2009-02-13T15:33:44.726534 Started database query for table users
2019-02-13T15:33:44.038472 Completed database query for table users
2019-02-13T15:33:43.234543 Received request from 102.23.55.32 for /example
2018-02-13T15:33:44.726534 Started database query for table users
2019-02-13T15:33:44.038472 Completed database query for table users
2019-02-13T15:33:43.234543 Received request from 102.23.55.32 for /example
2012-02-13T15:33:44.726534 Started database query for table users
2019-02-13T15:33:44.038472 Completed database query for table users
2019-02-13T15:33:43.234543 Received request from 102.23.55.32 for /example
2019-02-13T15:33:44.726534 Started database query for table users
2019-02-13T15:33:44.038472 Completed database query for table users
2015-02-13T15:33:43.234543 Received request from 102.23.55.32 for /example
2019-02-13T15:33:44.726534 Started database query for table users
2019-02-13T15:33:44.038472 Completed database query for table users
2019-02-13T15:33:43.234543 Received request from 102.23.55.32 for /example
2019-02-13T15:33:44.726534 Started database query for table users
2019-02-13T15:33:44.038472 Completed database query for table users
2019-02-13T15:33:43.234543 Received request from 102.23.55.32 for /example
2019-02-13T15:33:44.726534 Started database query for table users
2019-02-13T15:33:44.038472 Completed database query for table users
2019-02-13T15:33:43.234543 Received request from 102.23.55.32 for /example
2019-02-13T15:33:44.726534 Started database query for table users
2019-02-13T15:33:44.038472 Completed database query for table users
2019-02-13T15:33:43.234543 Received request from 102.23.55.32 for /example
2019-02-13T15:33:44.726534 Started database query for table users
2019-02-13T15:33:44.038472 Completed database query for table users
2019-02-13T15:33:43.234543 Received request from 102.23.55.32 for /example
2019-02-13T15:33:44.726534 Started database query for table users
2019-02-13T15:33:44.038472 Completed database query for table users
2019-02-13T15:33:43.234543 Received request from 102.23.55.32 for /example
2019-02-13T15:33:44.726534 Started database query for table users
2019-02-13T15:33:44.038472 Completed database query for table users
2019-02-13T15:33:43.234543 Received request from 102.23.55.32 for /example
2019-02-13T15:33:44.726534 Started database query for table users
2019-02-13T15:33:44.038472 Completed database query for table users
2019-02-13T15:33:43.234543 Received request from 102.23.55.32 for /example
2006-02-13T15:33:44.726534 Started database query for table users
2019-02-13T15:33:44.038472 Completed database query for table users
2019-02-13T15:33:43.234543 Received request from 102.23.55.32 for /example
2009-02-13T15:33:44.726534 Started database query for table users
2019-02-13T15:33:44.038472 Completed database query for table users
2019-02-13T15:33:43.234543 Received request from 102.23.55.32 for /example
2018-02-13T15:33:44.726534 Started database query for table users
2019-02-13T15:33:44.038472 Completed database query for table users
2019-02-13T15:33:43.234543 Received request from 102.23.55.32 for /example
2012-02-13T15:33:44.726534 Started database query for table users
2019-02-13T15:33:44.038472 Completed database query for table users
2019-02-13T15:33:43.234543 Received request from 102.23.55.32 for /example
2019-02-13T15:33:44.726534 Started database query for table users
2019-02-13T15:33:44.038472 Completed database query for table users
2015-02-13T15:33:43.234543 Received request from 102.23.55.32 for /example
2019-02-13T15:33:44.726534 Started database query for table users
2019-02-13T15:33:44.038472 Completed database query for table users
2019-02-13T15:33:43.234543 Received request from 102.23.55.32 for /example
2019-02-13T15:33:44.726534 Started database query for table users
2019-02-13T15:33:44.038472 Completed database query for table users
2019-02-13T15:33:43.234543 Received request from 102.23.55.32 for /example
2019-02-13T15:33:44.726534 Started database query for table users
2019-02-13T15:33:44.038472 Completed database query for table users
2019-02-13T15:33:43.234543 Received request from 102.23.55.32 for /example
2019-02-13T15:33:44.726534 Started database query for table users
2019-02-13T15:33:44.038472 Completed database query for table users
2019-02-13T15:33:43.234543 Received request from 102.23.55.32 for /example
2019-02-13T15:33:44.726534 Started database query for table users
2019-02-13T15:33:44.038472 Completed database query for table users
2019-02-13T15:33:43.234543 Received request from 102.23.55.32 for /example
2019-02-13T15:33:44.726534 Started database query for table users
2019-02-13T15:33:44.038472 Completed database query for table users
2019-02-13T15:33:43.234543 Received request from 102.23.55.32 for /example
2019-02-13T15:33:44.726534 Started database query for table users
2019-02-13T15:33:44.038472 Completed database query for table users
2019-02-13T15:33:43.234543 Received request from 102.23.55.32 for /example
2019-02-13T15:33:44.726534 Started database query for table users
2019-02-13T15:33:44.038472 Completed database query for table users
2019-02-13T15:33:43.234543 Received request from 102.23.55.32 for /example
2006-02-13T15:33:44.726534 Started database query for table users
2019-02-13T15:33:44.038472 Completed database query for table users
2019-02-13T15:33:43.234543 Received request from 102.23.55.32 for /example
2009-02-13T15:33:44.726534 Started database query for table users
2019-02-13T15:33:44.038472 Completed database query for table users
2019-02-13T15:33:43.234543 Received request from 102.23.55.32 for /example
2018-02-13T15:33:44.726534 Started database query for table users
2019-02-13T15:33:44.038472 Completed database query for table users
2019-02-13T15:33:43.234543 Received request from 102.23.55.32 for /example
2012-02-13T15:33:44.726534 Started database query for table users
2019-02-13T15:33:44.038472 Completed database query for table users
2019-02-13T15:33:43.234543 Received request from 102.23.55.32 for /example
2019-02-13T15:33:44.726534 Started database query for table users
2019-02-13T15:33:44.038472 Completed database query for table users
2015-02-13T15:33:43.234543 Received request from 102.23.55.32 for /example
2019-02-13T15:33:44.726534 Started database query for table users
2019-02-13T15:33:44.038472 Completed database query for table users
2019-02-13T15:33:43.234543 Received request from 102.23.55.32 for /example
2019-02-13T15:33:44.726534 Started database query for table users
2019-02-13T15:33:44.038472 Completed database query for table users
2019-02-13T15:33:43.234543 Received request from 102.23.55.32 for /example
2019-02-13T15:33:44.726534 Started database query for table users
2019-02-13T15:33:44.038472 Completed database query for table users
2019-02-13T15:33:43.234543 Received request from 102.23.55.32 for /example
2019-02-13T15:33:44.726534 Started database query for table users
2019-02-13T15:33:44.038472 Completed database query for table users
2019-02-13T15:33:43.234543 Received request from 102.23.55.32 for /example
2019-02-13T15:33:44.726534 Started database query for table users
2019-02-13T15:33:44.038472 Completed database query for table users
2019-02-13T15:33:43.234543 Received request from 102.23.55.32 for /example
2019-02-13T15:33:44.726534 Started database query for table users
2019-02-13T15:33:44.038472 Completed database query for table users
2019-02-13T15:33:43.234543 Received request from 102.23.55.32 for /example
2019-02-13T15:33:44.726534 Started database query for table users
2019-02-13T15:33:44.038472 Completed database query for table users
2019-02-13T15:33:43.234543 Received request from 102.23.55.32 for /example
2019-02-13T15:33:44.726534 Started database query for table users
2019-02-13T15:33:44.038472 Completed database query for table users
2019-02-13T15:33:43.234543 Received request from 102.23.55.32 for /example
2006-02-13T15:33:44.726534 Started database query for table users
2019-02-13T15:33:44.038472 Completed database query for table users
2019-02-13T15:33:43.234543 Received request from 102.23.55.32 for /example
2009-02-13T15:33:44.726534 Started database query for table users
2019-02-13T15:33:44.038472 Completed database query for table users
2019-02-13T15:33:43.234543 Received request from 102.23.55.32 for /example
2018-02-13T15:33:44.726534 Started database query for table users
2019-02-13T15:33:44.038472 Completed database query for table users
2019-02-13T15:33:43.234543 Received request from 102.23.55.32 for /example
2012-02-13T15:33:44.726534 Started database query for table users
2019-02-13T15:33:44.038472 Completed database query for table users
2019-02-13T15:33:43.234543 Received request from 102.23.55.32 for /example
2019-02-13T15:33:44.726534 Started database query for table users
2019-02-13T15:33:44.038472 Completed database query for table users
2015-02-13T15:33:43.234543 Received request from 102.23.55.32 for /example
2019-02-13T15:33:44.726534 Started database query for table users
2019-02-13T15:33:44.038472 Completed database query for table users
2019-02-13T15:33:43.234543 Received request from 102.23.55.32 for /example
2019-02-13T15:33:44.726534 Started database query for table users
2019-02-13T15:33:44.038472 Completed database query for table users
2019-02-13T15:33:43.234543 Received request from 102.23.55.32 for /example
2019-02-13T15:33:44.726534 Started database query for table users
2019-02-13T15:33:44.038472 Completed database query for table users
2019-02-13T15:33:43.234543 Received request from 102.23.55.32 for /example
2019-02-13T15:33:44.726534 Started database query for table users
2019-02-13T15:33:44.038472 Completed database query for table users
2019-02-13T15:33:43.234543 Received request from 102.23.55.32 for /example
2019-02-13T15:33:44.726534 Started database query for table users
2019-02-13T15:33:44.038472 Completed database query for table users
2019-02-13T15:33:43.234543 Received request from 102.23.55.32 for /example
2019-02-13T15:33:44.726534 Started database query for table users
2019-02-13T15:33:44.038472 Completed database query for table users
2019-02-13T15:33:43.234543 Received request from 102.23.55.32 for /example
2019-02-13T15:33:44.726534 Started database query for table users
2019-02-13T15:33:44.038472 Completed database query for table users
2019-02-13T15:33:43.234543 Received request from 102.23.55.32 for /example
2019-02-13T15:33:44.726534 Started database query for table users
2019-02-13T15:33:44.038472 Completed database query for table users
2019-02-13T15:33:43.234543 Received request from 102.23.55.32 for /example
2006-02-13T15:33:44.726534 Started database query for table users
2019-02-13T15:33:44.038472 Completed database query for table users
2019-02-13T15:33:43.234543 Received request from 102.23.55.32 for /example
2009-02-13T15:33:44.726534 Started database query for table users
2019-02-13T15:33:44.038472 Completed database query for table users
2019-02-13T15:33:43.234543 Received request from 102.23.55.32 for /example
2018-02-13T15:33:44.726534 Started database query for table users
2019-02-13T15:33:44.038472 Completed database query for table users
2019-02-13T15:33:43.234543 Received request from 102.23.55.32 for /example
2012-02-13T15:33:44.726534 Started database query for table users
2019-02-13T15:33:44.038472 Completed database query for table users
2019-02-13T15:33:43.234543 Received request from 102.23.55.32 for /example
2019-02-13T15:33:44.726534 Started database query for table users
2019-02-13T15:33:44.038472 Completed database query for table users
2015-02-13T15:33:43.234543 Received request from 102.23.55.32 for /example
2019-02-13T15:33:44.726534 Started database query for table users
2019-02-13T15:33:44.038472 Completed database query for table users
2019-02-13T15:33:43.234543 Received request from 102.23.55.32 for /example
2019-02-13T15:33:44.726534 Started database query for table users
2019-02-13T15:33:44.038472 Completed database query for table users
2019-02-13T15:33:43.234543 Received request from 102.23.55.32 for /example
2019-02-13T15:33:44.726534 Started database query for table users
2019-02-13T15:33:44.038472 Completed database query for table users
2019-02-13T15:33:43.234543 Received request from 102.23.55.32 for /example
2019-02-13T15:33:44.726534 Started database query for table users
2019-02-13T15:33:44.038472 Completed database query for table users
2019-02-13T15:33:43.234543 Received request from 102.23.55.32 for /example
2019-02-13T15:33:44.726534 Started database query for table users
2019-02-13T15:33:44.038472 Completed database query for table users
2019-02-13T15:33:43.234543 Received request from 102.23.55.32 for /example
2019-02-13T15:33:44.726534 Started database query for table users
2019-02-13T15:33:44.038472 Completed database query for table users
2019-02-13T15:33:43.234543 Received request from 102.23.55.32 for /example
2019-02-13T15:33:44.726534 Started database query for table users
2019-02-13T15:33:44.038472 Completed database query for table users
2019-02-13T15:33:43.234543 Received request from 102.23.55.32 for /example
2019-02-13T15:33:44.726534 Started database query for table users
2019-02-13T15:33:44.038472 Completed database query for table users
2019-02-13T15:33:43.234543 Received request from 102.23.55.32 for /example
2006-02-13T15:33:44.726534 Started database query for table users
2019-02-13T15:33:44.038472 Completed database query for table users
2019-02-13T15:33:43.234543 Received request from 102.23.55.32 for /example
2009-02-13T15:33:44.726534 Started database query for table users
2019-02-13T15:33:44.038472 Completed database query for table users
2019-02-13T15:33:43.234543 Received request from 102.23.55.32 for /example
2018-02-13T15:33:44.726534 Started database query for table users
2019-02-13T15:33:44.038472 Completed database query for table users
2019-02-13T15:33:43.234543 Received request from 102.23.55.32 for /example
2012-02-13T15:33:44.726534 Started database query for table users
2019-02-13T15:33:44.038472 Completed database query for table users
2019-02-13T15:33:43.234543 Received request from 102.23.55.32 for /example
2019-02-13T15:33:44.726534 Started database query for table users
2019-02-13T15:33:44.038472 Completed database query for table users
2015-02-13T15:33:43.234543 Received request from 102.23.55.32 for /example
2019-02-13T15:33:44.726534 Started database query for table users
2019-02-13T15:33:44.038472 Completed database query for table users
2019-02-13T15:33:43.234543 Received request from 102.23.55.32 for /example
2019-02-13T15:33:44.726534 Started database query for table users
2019-02-13T15:33:44.038472 Completed database query for table users
2019-02-13T15:33:43.234543 Received request from 102.23.55.32 for /example
2019-02-13T15:33:44.726534 Started database query for table users
2019-02-13T15:33:44.038472 Completed database query for table users
2019-02-13T15:33:43.234543 Received request from 102.23.55.32 for /example
2019-02-13T15:33:44.726534 Started database query for table users
2019-02-13T15:33:44.038472 Completed database query for table users
2019-02-13T15:33:43.234543 Received request from 102.23.55.32 for /example
2019-02-13T15:33:44.726534 Started database query for table users
2019-02-13T15:33:44.038472 Completed database query for table users
2019-02-13T15:33:43.234543 Received request from 102.23.55.32 for /example
2019-02-13T15:33:44.726534 Started database query for table users
2019-02-13T15:33:44.038472 Completed database query for table users
2019-02-13T15:33:43.234543 Received request from 102.23.55.32 for /example
2019-02-13T15:33:44.726534 Started database query for table users
2019-02-13T15:33:44.038472 Completed database query for table users
2019-02-13T15:33:43.234543 Received request from 102.23.55.32 for /example
2019-02-13T15:33:44.726534 Started database query for table users
2019-02-13T15:33:44.038472 Completed database query for table users
2019-02-13T15:33:43.234543 Received request from 102.23.55.32 for /example
2006-02-13T15:33:44.726534 Started database query for table users
2019-02-13T15:33:44.038472 Completed database query for table users
2019-02-13T15:33:43.234543 Received request from 102.23.55.32 for /example
2009-02-13T15:33:44.726534 Started database query for table users
2019-02-13T15:33:44.038472 Completed database query for table users
2019-02-13T15:33:43.234543 Received request from 102.23.55.32 for /example
2018-02-13T15:33:44.726534 Started database query for table users
2019-02-13T15:33:44.038472 Completed database query for table users
2019-02-13T15:33:43.234543 Received request from 102.23.55.32 for /example
2012-02-13T15:33:44.726534 Started database query for table users
2019-02-13T15:33:44.038472 Completed database query for table users
2019-02-13T15:33:43.234543 Received request from 102.23.55.32 for /example
2019-02-13T15:33:44.726534 Started database query for table users
2019-02-13T15:33:44.038472 Completed database query for table users
2015-02-13T15:33:43.234543 Received request from 102.23.55.32 for /example
2019-02-13T15:33:44.726534 Started database query for table users
2019-02-13T15:33:44.038472 Completed database query for table users
2019-02-13T15:33:43.234543 Received request from 102.23.55.32 for /example
2019-02-13T15:33:44.726534 Started database query for table users
2019-02-13T15:33:44.038472 Completed database query for table users
2019-02-13T15:33:43.234543 Received request from 102.23.55.32 for /example
2019-02-13T15:33:44.726534 Started database query for table users
2019-02-13T15:33:44.038472 Completed database query for table users
2019-02-13T15:33:43.234543 Received request from 102.23.55.32 for /example
2019-02-13T15:33:44.726534 Started database query for table users
2019-02-13T15:33:44.038472 Completed database query for table users
2019-02-13T15:33:43.234543 Received request from 102.23.55.32 for /example
2019-02-13T15:33:44.726534 Started database query for table users
2019-02-13T15:33:44.038472 Completed database query for table users
2019-02-13T15:33:43.234543 Received request from 102.23.55.32 for /example
2019-02-13T15:33:44.726534 Started database query for table users
2019-02-13T15:33:44.038472 Completed database query for table users
2019-02-13T15:33:43.234543 Received request from 102.23.55.32 for /example
2019-02-13T15:33:44.726534 Started database query for table users
2019-02-13T15:33:44.038472 Completed database query for table users
2019-02-13T15:33:43.234543 Received request from 102.23.55.32 for /example
2019-02-13T15:33:44.726534 Started database query for table users
2019-02-13T15:33:44.038472 Completed database query for table users
2019-02-13T15:33:43.234543 Received request from 102.23.55.32 for /example
2006-02-13T15:33:44.726534 Started database query for table users
2019-02-13T15:33:44.038472 Completed database query for table users
2019-02-13T15:33:43.234543 Received request from 102.23.55.32 for /example
2009-02-13T15:33:44.726534 Started database query for table users
2019-02-13T15:33:44.038472 Completed database query for table users
2019-02-13T15:33:43.234543 Received request from 102.23.55.32 for /example
2018-02-13T15:33:44.726534 Started database query for table users
2019-02-13T15:33:44.038472 Completed database query for table users
2019-02-13T15:33:43.234543 Received request from 102.23.55.32 for /example
2012-02-13T15:33:44.726534 Started database query for table users
2019-02-13T15:33:44.038472 Completed database query for table users
2019-02-13T15:33:43.234543 Received request from 102.23.55.32 for /example
2019-02-13T15:33:44.726534 Started database query for table users
2019-02-13T15:33:44.038472 Completed database query for table users
2015-02-13T15:33:43.234543 Received request from 102.23.55.32 for /example
2019-02-13T15:33:44.726534 Started database query for table users
2019-02-13T15:33:44.038472 Completed database query for table users
2019-02-13T15:33:43.234543 Received request from 102.23.55.32 for /example
2019-02-13T15:33:44.726534 Started database query for table users
2019-02-13T15:33:44.038472 Completed database query for table users
2019-02-13T15:33:43.234543 Received request from 102.23.55.32 for /example
2019-02-13T15:33:44.726534 Started database query for table users
2019-02-13T15:33:44.038472 Completed database query for table users
2019-02-13T15:33:43.234543 Received request from 102.23.55.32 for /example
2019-02-13T15:33:44.726534 Started database query for table users
2019-02-13T15:33:44.038472 Completed database query for table users
2019-02-13T15:33:43.234543 Received request from 102.23.55.32 for /example
2019-02-13T15:33:44.726534 Started database query for table users
2019-02-13T15:33:44.038472 Completed database query for table users
2019-02-13T15:33:43.234543 Received request from 102.23.55.32 for /example
2019-02-13T15:33:44.726534 Started database query for table users
2019-02-13T15:33:44.038472 Completed database query for table users
2019-02-13T15:33:43.234543 Received request from 102.23.55.32 for /example
2019-02-13T15:33:44.726534 Started database query for table users
2019-02-13T15:33:44.038472 Completed database query for table users
2019-02-13T15:33:43.234543 Received request from 102.23.55.32 for /example
2019-02-13T15:33:44.726534 Started database query for table users
2019-02-13T15:33:44.038472 Completed database query for table users
2019-02-13T15:33:43.234543 Received request from 102.23.55.32 for /example
2006-02-13T15:33:44.726534 Started database query for table users
2019-02-13T15:33:44.038472 Completed database query for table users
2019-02-13T15:33:43.234543 Received request from 102.23.55.32 for /example
2009-02-13T15:33:44.726534 Started database query for table users
2019-02-13T15:33:44.038472 Completed database query for table users
2019-02-13T15:33:43.234543 Received request from 102.23.55.32 for /example
2018-02-13T15:33:44.726534 Started database query for table users
2019-02-13T15:33:44.038472 Completed database query for table users
2019-02-13T15:33:43.234543 Received request from 102.23.55.32 for /example
2012-02-13T15:33:44.726534 Started database query for table users
2019-02-13T15:33:44.038472 Completed database query for table users
2019-02-13T15:33:43.234543 Received request from 102.23.55.32 for /example
2019-02-13T15:33:44.726534 Started database query for table users
2019-02-13T15:33:44.038472 Completed database query for table users
2015-02-13T15:33:43.234543 Received request from 102.23.55.32 for /example
2019-02-13T15:33:44.726534 Started database query for table users
2019-02-13T15:33:44.038472 Completed database query for table users
2019-02-13T15:33:43.234543 Received request from 102.23.55.32 for /example
2019-02-13T15:33:44.726534 Started database query for table users
2019-02-13T15:33:44.038472 Completed database query for table users
2019-02-13T15:33:43.234543 Received request from 102.23.55.32 for /example
2019-02-13T15:33:44.726534 Started database query for table users
2019-02-13T15:33:44.038472 Completed database query for table users
2019-02-13T15:33:43.234543 Received request from 102.23.55.32 for /example
2019-02-13T15:33:44.726534 Started database query for table users
2019-02-13T15:33:44.038472 Completed database query for table users
2019-02-13T15:33:43.234543 Received request from 102.23.55.32 for /example
2019-02-13T15:33:44.726534 Started database query for table users
2019-02-13T15:33:44.038472 Completed database query for table users
2019-02-13T15:33:43.234543 Received request from 102.23.55.32 for /example
2019-02-13T15:33:44.726534 Started database query for table users
2019-02-13T15:33:44.038472 Completed database query for table users
2019-02-13T15:33:43.234543 Received request from 102.23.55.32 for /example
2019-02-13T15:33:44.726534 Started database query for table users
2019-02-13T15:33:44.038472 Completed database query for table users
2019-02-13T15:33:43.234543 Received request from 102.23.55.32 for /example
2019-02-13T15:33:44.726534 Started database query for table users
2019-02-13T15:33:44.038472 Completed database query for table users
2019-02-13T15:33:43.234543 Received request from 102.23.55.32 for /example
2006-02-13T15:33:44.726534 Started database query for table users
2019-02-13T15:33:44.038472 Completed database query for table users
2019-02-13T15:33:43.234543 Received request from 102.23.55.32 for /example
2009-02-13T15:33:44.726534 Started database query for table users
2019-02-13T15:33:44.038472 Completed database query for table users
2019-02-13T15:33:43.234543 Received request from 102.23.55.32 for /example
2018-02-13T15:33:44.726534 Started database query for table users
2019-02-13T15:33:44.038472 Completed database query for table users
2019-02-13T15:33:43.234543 Received request from 102.23.55.32 for /example
2012-02-13T15:33:44.726534 Started database query for table users
2019-02-13T15:33:44.038472 Completed database query for table users
2019-02-13T15:33:43.234543 Received request from 102.23.55.32 for /example
2019-02-13T15:33:44.726534 Started database query for table users
2019-02-13T15:33:44.038472 Completed database query for table users
2015-02-13T15:33:43.234543 Received request from 102.23.55.32 for /example
2019-02-13T15:33:44.726534 Started database query for table users
2019-02-13T15:33:44.038472 Completed database query for table users
2019-02-13T15:33:43.234543 Received request from 102.23.55.32 for /example
2019-02-13T15:33:44.726534 Started database query for table users
2019-02-13T15:33:44.038472 Completed database query for table users
2019-02-13T15:33:43.234543 Received request from 102.23.55.32 for /example
2019-02-13T15:33:44.726534 Started database query for table users
2019-02-13T15:33:44.038472 Completed database query for table users
2019-02-13T15:33:43.234543 Received request from 102.23.55.32 for /example
2019-02-13T15:33:44.726534 Started database query for table users
2019-02-13T15:33:44.038472 Completed database query for table users
2019-02-13T15:33:43.234543 Received request from 102.23.55.32 for /example
2019-02-13T15:33:44.726534 Started database query for table users
2019-02-13T15:33:44.038472 Completed database query for table users
2019-02-13T15:33:43.234543 Received request from 102.23.55.32 for /example
2019-02-13T15:33:44.726534 Started database query for table users
2019-02-13T15:33:44.038472 Completed database query for table users
2019-02-13T15:33:43.234543 Received request from 102.23.55.32 for /example
2019-02-13T15:33:44.726534 Started database query for table users
2019-02-13T15:33:44.038472 Completed database query for table users
2019-02-13T15:33:43.234543 Received request from 102.23.55.32 for /example
2019-02-13T15:33:44.726534 Started database query for table users
2019-02-13T15:33:44.038472 Completed database query for table users
2019-02-13T15:33:43.234543 Received request from 102.23.55.32 for /example
2006-02-13T15:33:44.726534 Started database query for table users
2019-02-13T15:33:44.038472 Completed database query for table users
2019-02-13T15:33:43.234543 Received request from 102.23.55.32 for /example
2009-02-13T15:33:44.726534 Started database query for table users
2019-02-13T15:33:44.038472 Completed database query for table users
2019-02-13T15:33:43.234543 Received request from 102.23.55.32 for /example
2018-02-13T15:33:44.726534 Started database query for table users
2019-02-13T15:33:44.038472 Completed database query for table users
2019-02-13T15:33:43.234543 Received request from 102.23.55.32 for /example
2012-02-13T15:33:44.726534 Started database query for table users
2019-02-13T15:33:44.038472 Completed database query for table users
2019-02-13T15:33:43.234543 Received request from 102.23.55.32 for /example
2019-02-13T15:33:44.726534 Started database query for table users
2019-02-13T15:33:44.038472 Completed database query for table users
2015-02-13T15:33:43.234543 Received request from 102.23.55.32 for /example
2019-02-13T15:33:44.726534 Started database query for table users
2019-02-13T15:33:44.038472 Completed database query for table users
2019-02-13T15:33:43.234543 Received request from 102.23.55.32 for /example
2019-02-13T15:33:44.726534 Started database query for table users
2019-02-13T15:33:44.038472 Completed database query for table users
2019-02-13T15:33:43.234543 Received request from 102.23.55.32 for /example
2019-02-13T15:33:44.726534 Started database query for table users
2019-02-13T15:33:44.038472 Completed database query for table users
2019-02-13T15:33:43.234543 Received request from 102.23.55.32 for /example
2019-02-13T15:33:44.726534 Started database query for table users
2019-02-13T15:33:44.038472 Completed database query for table users
2019-02-13T15:33:43.234543 Received request from 102.23.55.32 for /example
2019-02-13T15:33:44.726534 Started database query for table users
2019-02-13T15:33:44.038472 Completed database query for table users
2019-02-13T15:33:43.234543 Received request from 102.23.55.32 for /example
2019-02-13T15:33:44.726534 Started database query for table users
2019-02-13T15:33:44.038472 Completed database query for table users
2019-02-13T15:33:43.234543 Received request from 102.23.55.32 for /example
2019-02-13T15:33:44.726534 Started database query for table users
2019-02-13T15:33:44.038472 Completed database query for table users
2019-02-13T15:33:43.234543 Received request from 102.23.55.32 for /example
2019-02-13T15:33:44.726534 Started database query for table users
2019-02-13T15:33:44.038472 Completed database query for table users
2019-02-13T15:33:43.234543 Received request from 102.23.55.32 for /example
2006-02-13T15:33:44.726534 Started database query for table users
2019-02-13T15:33:44.038472 Completed database query for table users
2019-02-13T15:33:43.234543 Received request from 102.23.55.32 for /example
2009-02-13T15:33:44.726534 Started database query for table users
2019-02-13T15:33:44.038472 Completed database query for table users
2019-02-13T15:33:43.234543 Received request from 102.23.55.32 for /example
2018-02-13T15:33:44.726534 Started database query for table users
2019-02-13T15:33:44.038472 Completed database query for table users
2019-02-13T15:33:43.234543 Received request from 102.23.55.32 for /example
2012-02-13T15:33:44.726534 Started database query for table users
2019-02-13T15:33:44.038472 Completed database query for table users
2019-02-13T15:33:43.234543 Received request from 102.23.55.32 for /example
2019-02-13T15:33:44.726534 Started database query for table users
2019-02-13T15:33:44.038472 Completed database query for table users
2015-02-13T15:33:43.234543 Received request from 102.23.55.32 for /example
2019-02-13T15:33:44.726534 Started database query for table users
2019-02-13T15:33:44.038472 Completed database query for table users
2019-02-13T15:33:43.234543 Received request from 102.23.55.32 for /example
2019-02-13T15:33:44.726534 Started database query for table users
2019-02-13T15:33:44.038472 Completed database query for table users
2019-02-13T15:33:43.234543 Received request from 102.23.55.32 for /example
2019-02-13T15:33:44.726534 Started database query for table users
2019-02-13T15:33:44.038472 Completed database query for table users
2019-02-13T15:33:43.234543 Received request from 102.23.55.32 for /example
2019-02-13T15:33:44.726534 Started database query for table users
2019-02-13T15:33:44.038472 Completed database query for table users
2019-02-13T15:33:43.234543 Received request from 102.23.55.32 for /example
2019-02-13T15:33:44.726534 Started database query for table users
2019-02-13T15:33:44.038472 Completed database query for table users
2019-02-13T15:33:43.234543 Received request from 102.23.55.32 for /example
2019-02-13T15:33:44.726534 Started database query for table users
2019-02-13T15:33:44.038472 Completed database query for table users
2019-02-13T15:33:43.234543 Received request from 102.23.55.32 for /example
2019-02-13T15:33:44.726534 Started database query for table users
2019-02-13T15:33:44.038472 Completed database query for table users
2019-02-13T15:33:43.234543 Received request from 102.23.55.32 for /example
2019-02-13T15:33:44.726534 Started database query for table users
2019-02-13T15:33:44.038472 Completed database query for table users
2019-02-13T15:33:43.234543 Received request from 102.23.55.32 for /example
2006-02-13T15:33:44.726534 Started database query for table users
2019-02-13T15:33:44.038472 Completed database query for table users
2019-02-13T15:33:43.234543 Received request from 102.23.55.32 for /example
2009-02-13T15:33:44.726534 Started database query for table users
2019-02-13T15:33:44.038472 Completed database query for table users
2019-02-13T15:33:43.234543 Received request from 102.23.55.32 for /example
2018-02-13T15:33:44.726534 Started database query for table users
2019-02-13T15:33:44.038472 Completed database query for table users
2019-02-13T15:33:43.234543 Received request from 102.23.55.32 for /example
2012-02-13T15:33:44.726534 Started database query for table users
2019-02-13T15:33:44.038472 Completed database query for table users
2019-02-13T15:33:43.234543 Received request from 102.23.55.32 for /example
2019-02-13T15:33:44.726534 Started database query for table users
2019-02-13T15:33:44.038472 Completed database query for table users
2015-02-13T15:33:43.234543 Received request from 102.23.55.32 for /example
2019-02-13T15:33:44.726534 Started database query for table users
2019-02-13T15:33:44.038472 Completed database query for table users
2019-02-13T15:33:43.234543 Received request from 102.23.55.32 for /example
2019-02-13T15:33:44.726534 Started database query for table users
2019-02-13T15:33:44.038472 Completed database query for table users
2019-02-13T15:33:43.234543 Received request from 102.23.55.32 for /example
2019-02-13T15:33:44.726534 Started database query for table users
2019-02-13T15:33:44.038472 Completed database query for table users
2019-02-13T15:33:43.234543 Received request from 102.23.55.32 for /example
2019-02-13T15:33:44.726534 Started database query for table users
2019-02-13T15:33:44.038472 Completed database query for table users
2019-02-13T15:33:43.234543 Received request from 102.23.55.32 for /example
2019-02-13T15:33:44.726534 Started database query for table users
2019-02-13T15:33:44.038472 Completed database query for table users
2019-02-13T15:33:43.234543 Received request from 102.23.55.32 for /example
2019-02-13T15:33:44.726534 Started database query for table users
2019-02-13T15:33:44.038472 Completed database query for table users
2019-02-13T15:33:43.234543 Received request from 102.23.55.32 for /example
2019-02-13T15:33:44.726534 Started database query for table users
2019-02-13T15:33:44.038472 Completed database query for table users
2019-02-13T15:33:43.234543 Received request from 102.23.55.32 for /example
2019-02-13T15:33:44.726534 Started database query for table users
2019-02-13T15:33:44.038472 Completed database query for table users
2019-02-13T15:33:43.234543 Received request from 102.23.55.32 for /example
2006-02-13T15:33:44.726534 Started database query for table users
2019-02-13T15:33:44.038472 Completed database query for table users
2019-02-13T15:33:43.234543 Received request from 102.23.55.32 for /example
2009-02-13T15:33:44.726534 Started database query for table users
2019-02-13T15:33:44.038472 Completed database query for table users
2019-02-13T15:33:43.234543 Received request from 102.23.55.32 for /example
2018-02-13T15:33:44.726534 Started database query for table users
2019-02-13T15:33:44.038472 Completed database query for table users
2019-02-13T15:33:43.234543 Received request from 102.23.55.32 for /example
2012-02-13T15:33:44.726534 Started database query for table users
2019-02-13T15:33:44.038472 Completed database query for table users
2019-02-13T15:33:43.234543 Received request from 102.23.55.32 for /example
2019-02-13T15:33:44.726534 Started database query for table users
2019-02-13T15:33:44.038472 Completed database query for table users
2015-02-13T15:33:43.234543 Received request from 102.23.55.32 for /example
2019-02-13T15:33:44.726534 Started database query for table users
2019-02-13T15:33:44.038472 Completed database query for table users
2019-02-13T15:33:43.234543 Received request from 102.23.55.32 for /example
2019-02-13T15:33:44.726534 Started database query for table users
2019-02-13T15:33:44.038472 Completed database query for table users
2019-02-13T15:33:43.234543 Received request from 102.23.55.32 for /example
2019-02-13T15:33:44.726534 Started database query for table users
2019-02-13T15:33:44.038472 Completed database query for table users
2019-02-13T15:33:43.234543 Received request from 102.23.55.32 for /example
2019-02-13T15:33:44.726534 Started database query for table users
2019-02-13T15:33:44.038472 Completed database query for table users
2019-02-13T15:33:43.234543 Received request from 102.23.55.32 for /example
2019-02-13T15:33:44.726534 Started database query for table users
2019-02-13T15:33:44.038472 Completed database query for table users
2019-02-13T15:33:43.234543 Received request from 102.23.55.32 for /example
2019-02-13T15:33:44.726534 Started database query for table users
2019-02-13T15:33:44.038472 Completed database query for table users
2019-02-13T15:33:43.234543 Received request from 102.23.55.32 for /example
2019-02-13T15:33:44.726534 Started database query for table users
2019-02-13T15:33:44.038472 Completed database query for table users
2019-02-13T15:33:43.234543 Received request from 102.23.55.32 for /example
2019-02-13T15:33:44.726534 Started database query for table users
2019-02-13T15:33:44.038472 Completed database query for table users
2019-02-13T15:33:43.234543 Received request from 102.23.55.32 for /example
2006-02-13T15:33:44.726534 Started database query for table users
2019-02-13T15:33:44.038472 Completed database query for table users
2019-02-13T15:33:43.234543 Received request from 102.23.55.32 for /example
2009-02-13T15:33:44.726534 Started database query for table users
2019-02-13T15:33:44.038472 Completed database query for table users
2019-02-13T15:33:43.234543 Received request from 102.23.55.32 for /example
2018-02-13T15:33:44.726534 Started database query for table users
2019-02-13T15:33:44.038472 Completed database query for table users
2019-02-13T15:33:43.234543 Received request from 102.23.55.32 for /example
2012-02-13T15:33:44.726534 Started database query for table users
2019-02-13T15:33:44.038472 Completed database query for table users
2019-02-13T15:33:43.234543 Received request from 102.23.55.32 for /example
2019-02-13T15:33:44.726534 Started database query for table users
2019-02-13T15:33:44.038472 Completed database query for table users
2015-02-13T15:33:43.234543 Received request from 102.23.55.32 for /example
2019-02-13T15:33:44.726534 Started database query for table users
2019-02-13T15:33:44.038472 Completed database query for table users
2019-02-13T15:33:43.234543 Received request from 102.23.55.32 for /example
2019-02-13T15:33:44.726534 Started database query for table users
2019-02-13T15:33:44.038472 Completed database query for table users
2019-02-13T15:33:43.234543 Received request from 102.23.55.32 for /example
2019-02-13T15:33:44.726534 Started database query for table users
2019-02-13T15:33:44.038472 Completed database query for table users
2019-02-13T15:33:43.234543 Received request from 102.23.55.32 for /example
2019-02-13T15:33:44.726534 Started database query for table users
2019-02-13T15:33:44.038472 Completed database query for table users
2019-02-13T15:33:43.234543 Received request from 102.23.55.32 for /example
2019-02-13T15:33:44.726534 Started database query for table users
2019-02-13T15:33:44.038472 Completed database query for table users
2019-02-13T15:33:43.234543 Received request from 102.23.55.32 for /example
2019-02-13T15:33:44.726534 Started database query for table users
2019-02-13T15:33:44.038472 Completed database query for table users
2019-02-13T15:33:43.234543 Received request from 102.23.55.32 for /example
2019-02-13T15:33:44.726534 Started database query for table users
2019-02-13T15:33:44.038472 Completed database query for table users
2019-02-13T15:33:43.234543 Received request from 102.23.55.32 for /example
2019-02-13T15:33:44.726534 Started database query for table users
2019-02-13T15:33:44.038472 Completed database query for table users
2019-02-13T15:33:43.234543 Received request from 102.23.55.32 for /example
2006-02-13T15:33:44.726534 Started database query for table users
2019-02-13T15:33:44.038472 Completed database query for table users
2019-02-13T15:33:43.234543 Received request from 102.23.55.32 for /example
2009-02-13T15:33:44.726534 Started database query for table users
2019-02-13T15:33:44.038472 Completed database query for table users
2019-02-13T15:33:43.234543 Received request from 102.23.55.32 for /example
2018-02-13T15:33:44.726534 Started database query for table users
2019-02-13T15:33:44.038472 Completed database query for table users
2019-02-13T15:33:43.234543 Received request from 102.23.55.32 for /example
2012-02-13T15:33:44.726534 Started database query for table users
2019-02-13T15:33:44.038472 Completed database query for table users
2019-02-13T15:33:43.234543 Received request from 102.23.55.32 for /example
2019-02-13T15:33:44.726534 Started database query for table users
2019-02-13T15:33:44.038472 Completed database query for table users
2015-02-13T15:33:43.234543 Received request from 102.23.55.32 for /example
2019-02-13T15:33:44.726534 Started database query for table users
2019-02-13T15:33:44.038472 Completed database query for table users
2019-02-13T15:33:43.234543 Received request from 102.23.55.32 for /example
2019-02-13T15:33:44.726534 Started database query for table users
2019-02-13T15:33:44.038472 Completed database query for table users
2019-02-13T15:33:43.234543 Received request from 102.23.55.32 for /example
2019-02-13T15:33:44.726534 Started database query for table users
2019-02-13T15:33:44.038472 Completed database query for table users
2019-02-13T15:33:43.234543 Received request from 102.23.55.32 for /example
2019-02-13T15:33:44.726534 Started database query for table users
2019-02-13T15:33:44.038472 Completed database query for table users
2019-02-13T15:33:43.234543 Received request from 102.23.55.32 for /example
2019-02-13T15:33:44.726534 Started database query for table users
2019-02-13T15:33:44.038472 Completed database query for table users
2019-02-13T15:33:43.234543 Received request from 102.23.55.32 for /example
2019-02-13T15:33:44.726534 Started database query for table users
2019-02-13T15:33:44.038472 Completed database query for table users
2019-02-13T15:33:43.234543 Received request from 102.23.55.32 for /example
2019-02-13T15:33:44.726534 Started database query for table users
2019-02-13T15:33:44.038472 Completed database query for table users
2019-02-13T15:33:43.234543 Received request from 102.23.55.32 for /example
2019-02-13T15:33:44.726534 Started database query for table users
2019-02-13T15:33:44.038472 Completed database query for table users
2019-02-13T15:33:43.234543 Received request from 102.23.55.32 for /example
2006-02-13T15:33:44.726534 Started database query for table users
2019-02-13T15:33:44.038472 Completed database query for table users
2019-02-13T15:33:43.234543 Received request from 102.23.55.32 for /example
2009-02-13T15:33:44.726534 Started database query for table users
2019-02-13T15:33:44.038472 Completed database query for table users
2019-02-13T15:33:43.234543 Received request from 102.23.55.32 for /example
2018-02-13T15:33:44.726534 Started database query for table users
2019-02-13T15:33:44.038472 Completed database query for table users
2019-02-13T15:33:43.234543 Received request from 102.23.55.32 for /example
2012-02-13T15:33:44.726534 Started database query for table users
2019-02-13T15:33:44.038472 Completed database query for table users
2019-02-13T15:33:43.234543 Received request from 102.23.55.32 for /example
2019-02-13T15:33:44.726534 Started database query for table users
2019-02-13T15:33:44.038472 Completed database query for table users
2015-02-13T15:33:43.234543 Received request from 102.23.55.32 for /example
2019-02-13T15:33:44.726534 Started database query for table users
2019-02-13T15:33:44.038472 Completed database query for table users
2019-02-13T15:33:43.234543 Received request from 102.23.55.32 for /example
2019-02-13T15:33:44.726534 Started database query for table users
2019-02-13T15:33:44.038472 Completed database query for table users
2019-02-13T15:33:43.234543 Received request from 102.23.55.32 for /example
2019-02-13T15:33:44.726534 Started database query for table users
2019-02-13T15:33:44.038472 Completed database query for table users
2019-02-13T15:33:43.234543 Received request from 102.23.55.32 for /example
2019-02-13T15:33:44.726534 Started database query for table users
2019-02-13T15:33:44.038472 Completed database query for table users
2019-02-13T15:33:43.234543 Received request from 102.23.55.32 for /example
2019-02-13T15:33:44.726534 Started database query for table users
2019-02-13T15:33:44.038472 Completed database query for table users
2019-02-13T15:33:43.234543 Received request from 102.23.55.32 for /example
2019-02-13T15:33:44.726534 Started database query for table users
2019-02-13T15:33:44.038472 Completed database query for table users
2019-02-13T15:33:43.234543 Received request from 102.23.55.32 for /example
2019-02-13T15:33:44.726534 Started database query for table users
2019-02-13T15:33:44.038472 Completed database query for table users
2019-02-13T15:33:43.234543 Received request from 102.23.55.32 for /example
2019-02-13T15:33:44.726534 Started database query for table users
2019-02-13T15:33:44.038472 Completed database query for table users
2019-02-13T15:33:43.234543 Received request from 102.23.55.32 for /example
2006-02-13T15:33:44.726534 Started database query for table users
2019-02-13T15:33:44.038472 Completed database query for table users
2019-02-13T15:33:43.234543 Received request from 102.23.55.32 for /example
2009-02-13T15:33:44.726534 Started database query for table users
2019-02-13T15:33:44.038472 Completed database query for table users
2019-02-13T15:33:43.234543 Received request from 102.23.55.32 for /example
2018-02-13T15:33:44.726534 Started database query for table users
2019-02-13T15:33:44.038472 Completed database query for table users
2019-02-13T15:33:43.234543 Received request from 102.23.55.32 for /example
2012-02-13T15:33:44.726534 Started database query for table users
2019-02-13T15:33:44.038472 Completed database query for table users
2019-02-13T15:33:43.234543 Received request from 102.23.55.32 for /example
2019-02-13T15:33:44.726534 Started database query for table users
2019-02-13T15:33:44.038472 Completed database query for table users
2015-02-13T15:33:43.234543 Received request from 102.23.55.32 for /example
2019-02-13T15:33:44.726534 Started database query for table users
2019-02-13T15:33:44.038472 Completed database query for table users
2019-02-13T15:33:43.234543 Received request from 102.23.55.32 for /example
2019-02-13T15:33:44.726534 Started database query for table users
2019-02-13T15:33:44.038472 Completed database query for table users
2019-02-13T15:33:43.234543 Received request from 102.23.55.32 for /example
2019-02-13T15:33:44.726534 Started database query for table users
2019-02-13T15:33:44.038472 Completed database query for table users
2019-02-13T15:33:43.234543 Received request from 102.23.55.32 for /example
2019-02-13T15:33:44.726534 Started database query for table users
2019-02-13T15:33:44.038472 Completed database query for table users
2019-02-13T15:33:43.234543 Received request from 102.23.55.32 for /example
2019-02-13T15:33:44.726534 Started database query for table users
2019-02-13T15:33:44.038472 Completed database query for table users
2019-02-13T15:33:43.234543 Received request from 102.23.55.32 for /example
2019-02-13T15:33:44.726534 Started database query for table users
2019-02-13T15:33:44.038472 Completed database query for table users
2019-02-13T15:33:43.234543 Received request from 102.23.55.32 for /example
2019-02-13T15:33:44.726534 Started database query for table users
2019-02-13T15:33:44.038472 Completed database query for table users
2019-02-13T15:33:43.234543 Received request from 102.23.55.32 for /example
2019-02-13T15:33:44.726534 Started database query for table users
2019-02-13T15:33:44.038472 Completed database query for table users
2019-02-13T15:33:43.234543 Received request from 102.23.55.32 for /example
2006-02-13T15:33:44.726534 Started database query for table users
2019-02-13T15:33:44.038472 Completed database query for table users
2019-02-13T15:33:43.234543 Received request from 102.23.55.32 for /example
2009-02-13T15:33:44.726534 Started database query for table users
2019-02-13T15:33:44.038472 Completed database query for table users
2019-02-13T15:33:43.234543 Received request from 102.23.55.32 for /example
2018-02-13T15:33:44.726534 Started database query for table users
2019-02-13T15:33:44.038472 Completed database query for table users
2019-02-13T15:33:43.234543 Received request from 102.23.55.32 for /example
2012-02-13T15:33:44.726534 Started database query for table users
2019-02-13T15:33:44.038472 Completed database query for table users
2019-02-13T15:33:43.234543 Received request from 102.23.55.32 for /example
2019-02-13T15:33:44.726534 Started database query for table users
2019-02-13T15:33:44.038472 Completed database query for table users
2015-02-13T15:33:43.234543 Received request from 102.23.55.32 for /example
2019-02-13T15:33:44.726534 Started database query for table users
2019-02-13T15:33:44.038472 Completed database query for table users
2019-02-13T15:33:43.234543 Received request from 102.23.55.32 for /example
2019-02-13T15:33:44.726534 Started database query for table users
2019-02-13T15:33:44.038472 Completed database query for table users
2019-02-13T15:33:43.234543 Received request from 102.23.55.32 for /example
2019-02-13T15:33:44.726534 Started database query for table users
2019-02-13T15:33:44.038472 Completed database query for table users
2019-02-13T15:33:43.234543 Received request from 102.23.55.32 for /example
2019-02-13T15:33:44.726534 Started database query for table users
2019-02-13T15:33:44.038472 Completed database query for table users
2019-02-13T15:33:43.234543 Received request from 102.23.55.32 for /example
2019-02-13T15:33:44.726534 Started database query for table users
2019-02-13T15:33:44.038472 Completed database query for table users
2019-02-13T15:33:43.234543 Received request from 102.23.55.32 for /example
2019-02-13T15:33:44.726534 Started database query for table users
2019-02-13T15:33:44.038472 Completed database query for table users
2019-02-13T15:33:43.234543 Received request from 102.23.55.32 for /example
2019-02-13T15:33:44.726534 Started database query for table users
2019-02-13T15:33:44.038472 Completed database query for table users
2019-02-13T15:33:43.234543 Received request from 102.23.55.32 for /example
2019-02-13T15:33:44.726534 Started database query for table users
2019-02-13T15:33:44.038472 Completed database query for table users
2019-02-13T15:33:43.234543 Received request from 102.23.55.32 for /example
2006-02-13T15:33:44.726534 Started database query for table users
2019-02-13T15:33:44.038472 Completed database query for table users
2019-02-13T15:33:43.234543 Received request from 102.23.55.32 for /example
2009-02-13T15:33:44.726534 Started database query for table users
2019-02-13T15:33:44.038472 Completed database query for table users
2019-02-13T15:33:43.234543 Received request from 102.23.55.32 for /example
2018-02-13T15:33:44.726534 Started database query for table users
2019-02-13T15:33:44.038472 Completed database query for table users
2019-02-13T15:33:43.234543 Received request from 102.23.55.32 for /example
2012-02-13T15:33:44.726534 Started database query for table users
2019-02-13T15:33:44.038472 Completed database query for table users
2019-02-13T15:33:43.234543 Received request from 102.23.55.32 for /example
2019-02-13T15:33:44.726534 Started database query for table users
2019-02-13T15:33:44.038472 Completed database query for table users
2015-02-13T15:33:43.234543 Received request from 102.23.55.32 for /example
2019-02-13T15:33:44.726534 Started database query for table users
2019-02-13T15:33:44.038472 Completed database query for table users
2019-02-13T15:33:43.234543 Received request from 102.23.55.32 for /example
2019-02-13T15:33:44.726534 Started database query for table users
2019-02-13T15:33:44.038472 Completed database query for table users
2019-02-13T15:33:43.234543 Received request from 102.23.55.32 for /example
2019-02-13T15:33:44.726534 Started database query for table users
2019-02-13T15:33:44.038472 Completed database query for table users
2019-02-13T15:33:43.234543 Received request from 102.23.55.32 for /example
2019-02-13T15:33:44.726534 Started database query for table users
2019-02-13T15:33:44.038472 Completed database query for table users
2019-02-13T15:33:43.234543 Received request from 102.23.55.32 for /example
2019-02-13T15:33:44.726534 Started database query for table users
2019-02-13T15:33:44.038472 Completed database query for table users
2019-02-13T15:33:43.234543 Received request from 102.23.55.32 for /example
2019-02-13T15:33:44.726534 Started database query for table users
2019-02-13T15:33:44.038472 Completed database query for table users
2019-02-13T15:33:43.234543 Received request from 102.23.55.32 for /example
2019-02-13T15:33:44.726534 Started database query for table users
2019-02-13T15:33:44.038472 Completed database query for table users
2019-02-13T15:33:43.234543 Received request from 102.23.55.32 for /example
2019-02-13T15:33:44.726534 Started database query for table users
2019-02-13T15:33:44.038472 Completed database query for table users
2019-02-13T15:33:43.234543 Received request from 102.23.55.32 for /example
2006-02-13T15:33:44.726534 Started database query for table users
2019-02-13T15:33:44.038472 Completed database query for table users
2019-02-13T15:33:43.234543 Received request from 102.23.55.32 for /example
2009-02-13T15:33:44.726534 Started database query for table users
2019-02-13T15:33:44.038472 Completed database query for table users
2019-02-13T15:33:43.234543 Received request from 102.23.55.32 for /example
2018-02-13T15:33:44.726534 Started database query for table users
2019-02-13T15:33:44.038472 Completed database query for table users
2019-02-13T15:33:43.234543 Received request from 102.23.55.32 for /example
2012-02-13T15:33:44.726534 Started database query for table users
2019-02-13T15:33:44.038472 Completed database query for table users
2019-02-13T15:33:43.234543 Received request from 102.23.55.32 for /example
2019-02-13T15:33:44.726534 Started database query for table users
2019-02-13T15:33:44.038472 Completed database query for table users
2015-02-13T15:33:43.234543 Received request from 102.23.55.32 for /example
2019-02-13T15:33:44.726534 Started database query for table users
2019-02-13T15:33:44.038472 Completed database query for table users
2019-02-13T15:33:43.234543 Received request from 102.23.55.32 for /example
2019-02-13T15:33:44.726534 Started database query for table users
2019-02-13T15:33:44.038472 Completed database query for table users
2019-02-13T15:33:43.234543 Received request from 102.23.55.32 for /example
2019-02-13T15:33:44.726534 Started database query for table users
2019-02-13T15:33:44.038472 Completed database query for table users
2019-02-13T15:33:43.234543 Received request from 102.23.55.32 for /example
2019-02-13T15:33:44.726534 Started database query for table users
2019-02-13T15:33:44.038472 Completed database query for table users
2019-02-13T15:33:43.234543 Received request from 102.23.55.32 for /example
2019-02-13T15:33:44.726534 Started database query for table users
2019-02-13T15:33:44.038472 Completed database query for table users
2019-02-13T15:33:43.234543 Received request from 102.23.55.32 for /example
2019-02-13T15:33:44.726534 Started database query for table users
2019-02-13T15:33:44.038472 Completed database query for table users
2019-02-13T15:33:43.234543 Received request from 102.23.55.32 for /example
2019-02-13T15:33:44.726534 Started database query for table users
2019-02-13T15:33:44.038472 Completed database query for table users
2019-02-13T15:33:43.234543 Received request from 102.23.55.32 for /example
2019-02-13T15:33:44.726534 Started database query for table users
2019-02-13T15:33:44.038472 Completed database query for table users
2019-02-13T15:33:43.234543 Received request from 102.23.55.32 for /example
2006-02-13T15:33:44.726534 Started database query for table users
2019-02-13T15:33:44.038472 Completed database query for table users
2019-02-13T15:33:43.234543 Received request from 102.23.55.32 for /example
2009-02-13T15:33:44.726534 Started database query for table users
2019-02-13T15:33:44.038472 Completed database query for table users
2019-02-13T15:33:43.234543 Received request from 102.23.55.32 for /example
2018-02-13T15:33:44.726534 Started database query for table users
2019-02-13T15:33:44.038472 Completed database query for table users
2019-02-13T15:33:43.234543 Received request from 102.23.55.32 for /example
2012-02-13T15:33:44.726534 Started database query for table users
2019-02-13T15:33:44.038472 Completed database query for table users
2019-02-13T15:33:43.234543 Received request from 102.23.55.32 for /example
2019-02-13T15:33:44.726534 Started database query for table users
2019-02-13T15:33:44.038472 Completed database query for table users
2015-02-13T15:33:43.234543 Received request from 102.23.55.32 for /example
2019-02-13T15:33:44.726534 Started database query for table users
2019-02-13T15:33:44.038472 Completed database query for table users
2019-02-13T15:33:43.234543 Received request from 102.23.55.32 for /example
2019-02-13T15:33:44.726534 Started database query for table users
2019-02-13T15:33:44.038472 Completed database query for table users
2019-02-13T15:33:43.234543 Received request from 102.23.55.32 for /example
2019-02-13T15:33:44.726534 Started database query for table users
2019-02-13T15:33:44.038472 Completed database query for table users
2019-02-13T15:33:43.234543 Received request from 102.23.55.32 for /example
2019-02-13T15:33:44.726534 Started database query for table users
2019-02-13T15:33:44.038472 Completed database query for table users
2019-02-13T15:33:43.234543 Received request from 102.23.55.32 for /example
2019-02-13T15:33:44.726534 Started database query for table users
2019-02-13T15:33:44.038472 Completed database query for table users
2019-02-13T15:33:43.234543 Received request from 102.23.55.32 for /example
2019-02-13T15:33:44.726534 Started database query for table users
2019-02-13T15:33:44.038472 Completed database query for table users
2019-02-13T15:33:43.234543 Received request from 102.23.55.32 for /example
2019-02-13T15:33:44.726534 Started database query for table users
2019-02-13T15:33:44.038472 Completed database query for table users
2019-02-13T15:33:43.234543 Received request from 102.23.55.32 for /example
2019-02-13T15:33:44.726534 Started database query for table users
2019-02-13T15:33:44.038472 Completed database query for table users
2019-02-13T15:33:43.234543 Received request from 102.23.55.32 for /example
2006-02-13T15:33:44.726534 Started database query for table users
2019-02-13T15:33:44.038472 Completed database query for table users
2019-02-13T15:33:43.234543 Received request from 102.23.55.32 for /example
2009-02-13T15:33:44.726534 Started database query for table users
2019-02-13T15:33:44.038472 Completed database query for table users
2019-02-13T15:33:43.234543 Received request from 102.23.55.32 for /example
2018-02-13T15:33:44.726534 Started database query for table users
2019-02-13T15:33:44.038472 Completed database query for table users
2019-02-13T15:33:43.234543 Received request from 102.23.55.32 for /example
2012-02-13T15:33:44.726534 Started database query for table users
2019-02-13T15:33:44.038472 Completed database query for table users
2019-02-13T15:33:43.234543 Received request from 102.23.55.32 for /example
2019-02-13T15:33:44.726534 Started database query for table users
2019-02-13T15:33:44.038472 Completed database query for table users
2015-02-13T15:33:43.234543 Received request from 102.23.55.32 for /example
2019-02-13T15:33:44.726534 Started database query for table users
2019-02-13T15:33:44.038472 Completed database query for table users
2019-02-13T15:33:43.234543 Received request from 102.23.55.32 for /example
2019-02-13T15:33:44.726534 Started database query for table users
2019-02-13T15:33:44.038472 Completed database query for table users
2019-02-13T15:33:43.234543 Received request from 102.23.55.32 for /example
2019-02-13T15:33:44.726534 Started database query for table users
2019-02-13T15:33:44.038472 Completed database query for table users
2019-02-13T15:33:43.234543 Received request from 102.23.55.32 for /example
2019-02-13T15:33:44.726534 Started database query for table users
2019-02-13T15:33:44.038472 Completed database query for table users
2019-02-13T15:33:43.234543 Received request from 102.23.55.32 for /example
2019-02-13T15:33:44.726534 Started database query for table users
2019-02-13T15:33:44.038472 Completed database query for table users
2019-02-13T15:33:43.234543 Received request from 102.23.55.32 for /example
2019-02-13T15:33:44.726534 Started database query for table users
2019-02-13T15:33:44.038472 Completed database query for table users
2019-02-13T15:33:43.234543 Received request from 102.23.55.32 for /example
2019-02-13T15:33:44.726534 Started database query for table users
2019-02-13T15:33:44.038472 Completed database query for table users
2019-02-13T15:33:43.234543 Received request from 102.23.55.32 for /example
2019-02-13T15:33:44.726534 Started database query for table users
2019-02-13T15:33:44.038472 Completed database query for table users
2019-02-13T15:33:43.234543 Received request from 102.23.55.32 for /example
2006-02-13T15:33:44.726534 Started database query for table users
2019-02-13T15:33:44.038472 Completed database query for table users
2019-02-13T15:33:43.234543 Received request from 102.23.55.32 for /example
2009-02-13T15:33:44.726534 Started database query for table users
2019-02-13T15:33:44.038472 Completed database query for table users
2019-02-13T15:33:43.234543 Received request from 102.23.55.32 for /example
2018-02-13T15:33:44.726534 Started database query for table users
2019-02-13T15:33:44.038472 Completed database query for table users
2019-02-13T15:33:43.234543 Received request from 102.23.55.32 for /example
2012-02-13T15:33:44.726534 Started database query for table users
2019-02-13T15:33:44.038472 Completed database query for table users
2019-02-13T15:33:43.234543 Received request from 102.23.55.32 for /example
2019-02-13T15:33:44.726534 Started database query for table users
2019-02-13T15:33:44.038472 Completed database query for table users
2015-02-13T15:33:43.234543 Received request from 102.23.55.32 for /example
2019-02-13T15:33:44.726534 Started database query for table users
2019-02-13T15:33:44.038472 Completed database query for table users
2019-02-13T15:33:43.234543 Received request from 102.23.55.32 for /example
2019-02-13T15:33:44.726534 Started database query for table users
2019-02-13T15:33:44.038472 Completed database query for table users
2019-02-13T15:33:43.234543 Received request from 102.23.55.32 for /example
2019-02-13T15:33:44.726534 Started database query for table users
2019-02-13T15:33:44.038472 Completed database query for table users
2019-02-13T15:33:43.234543 Received request from 102.23.55.32 for /example
2019-02-13T15:33:44.726534 Started database query for table users
2019-02-13T15:33:44.038472 Completed database query for table users
2019-02-13T15:33:43.234543 Received request from 102.23.55.32 for /example
2019-02-13T15:33:44.726534 Started database query for table users
2019-02-13T15:33:44.038472 Completed database query for table users
2019-02-13T15:33:43.234543 Received request from 102.23.55.32 for /example
2019-02-13T15:33:44.726534 Started database query for table users
2019-02-13T15:33:44.038472 Completed database query for table users
2019-02-13T15:33:43.234543 Received request from 102.23.55.32 for /example
2019-02-13T15:33:44.726534 Started database query for table users
2019-02-13T15:33:44.038472 Completed database query for table users
2019-02-13T15:33:43.234543 Received request from 102.23.55.32 for /example
2019-02-13T15:33:44.726534 Started database query for table users
2019-02-13T15:33:44.038472 Completed database query for table users
2019-02-13T15:33:43.234543 Received request from 102.23.55.32 for /example
2006-02-13T15:33:44.726534 Started database query for table users
2019-02-13T15:33:44.038472 Completed database query for table users
2019-02-13T15:33:43.234543 Received request from 102.23.55.32 for /example
2009-02-13T15:33:44.726534 Started database query for table users
2019-02-13T15:33:44.038472 Completed database query for table users
2019-02-13T15:33:43.234543 Received request from 102.23.55.32 for /example
2018-02-13T15:33:44.726534 Started database query for table users
2019-02-13T15:33:44.038472 Completed database query for table users
2019-02-13T15:33:43.234543 Received request from 102.23.55.32 for /example
2012-02-13T15:33:44.726534 Started database query for table users
2019-02-13T15:33:44.038472 Completed database query for table users
2019-02-13T15:33:43.234543 Received request from 102.23.55.32 for /example
2019-02-13T15:33:44.726534 Started database query for table users
2019-02-13T15:33:44.038472 Completed database query for table users
2015-02-13T15:33:43.234543 Received request from 102.23.55.32 for /example
2019-02-13T15:33:44.726534 Started database query for table users
2019-02-13T15:33:44.038472 Completed database query for table users
2019-02-13T15:33:43.234543 Received request from 102.23.55.32 for /example
2019-02-13T15:33:44.726534 Started database query for table users
2019-02-13T15:33:44.038472 Completed database query for table users
2019-02-13T15:33:43.234543 Received request from 102.23.55.32 for /example
2019-02-13T15:33:44.726534 Started database query for table users
2019-02-13T15:33:44.038472 Completed database query for table users
2019-02-13T15:33:43.234543 Received request from 102.23.55.32 for /example
2019-02-13T15:33:44.726534 Started database query for table users
2019-02-13T15:33:44.038472 Completed database query for table users
2019-02-13T15:33:43.234543 Received request from 102.23.55.32 for /example
2019-02-13T15:33:44.726534 Started database query for table users
2019-02-13T15:33:44.038472 Completed database query for table users
2019-02-13T15:33:43.234543 Received request from 102.23.55.32 for /example
2019-02-13T15:33:44.726534 Started database query for table users
2019-02-13T15:33:44.038472 Completed database query for table users
2019-02-13T15:33:43.234543 Received request from 102.23.55.32 for /example
2019-02-13T15:33:44.726534 Started database query for table users
2019-02-13T15:33:44.038472 Completed database query for table users
2019-02-13T15:33:43.234543 Received request from 102.23.55.32 for /example
2019-02-13T15:33:44.726534 Started database query for table users
2019-02-13T15:33:44.038472 Completed database query for table users
2019-02-13T15:33:43.234543 Received request from 102.23.55.32 for /example
2006-02-13T15:33:44.726534 Started database query for table users
2019-02-13T15:33:44.038472 Completed database query for table users
2019-02-13T15:33:43.234543 Received request from 102.23.55.32 for /example
2009-02-13T15:33:44.726534 Started database query for table users
2019-02-13T15:33:44.038472 Completed database query for table users
2019-02-13T15:33:43.234543 Received request from 102.23.55.32 for /example
2018-02-13T15:33:44.726534 Started database query for table users
2019-02-13T15:33:44.038472 Completed database query for table users
2019-02-13T15:33:43.234543 Received request from 102.23.55.32 for /example
2012-02-13T15:33:44.726534 Started database query for table users
2019-02-13T15:33:44.038472 Completed database query for table users
2019-02-13T15:33:43.234543 Received request from 102.23.55.32 for /example
2019-02-13T15:33:44.726534 Started database query for table users
2019-02-13T15:33:44.038472 Completed database query for table users
2015-02-13T15:33:43.234543 Received request from 102.23.55.32 for /example
2019-02-13T15:33:44.726534 Started database query for table users
2019-02-13T15:33:44.038472 Completed database query for table users
2019-02-13T15:33:43.234543 Received request from 102.23.55.32 for /example
2019-02-13T15:33:44.726534 Started database query for table users
2019-02-13T15:33:44.038472 Completed database query for table users
2019-02-13T15:33:43.234543 Received request from 102.23.55.32 for /example
2019-02-13T15:33:44.726534 Started database query for table users
2019-02-13T15:33:44.038472 Completed database query for table users
2019-02-13T15:33:43.234543 Received request from 102.23.55.32 for /example
2019-02-13T15:33:44.726534 Started database query for table users
2019-02-13T15:33:44.038472 Completed database query for table users
2019-02-13T15:33:43.234543 Received request from 102.23.55.32 for /example
2019-02-13T15:33:44.726534 Started database query for table users
2019-02-13T15:33:44.038472 Completed database query for table users
2019-02-13T15:33:43.234543 Received request from 102.23.55.32 for /example
2019-02-13T15:33:44.726534 Started database query for table users
2019-02-13T15:33:44.038472 Completed database query for table users
2019-02-13T15:33:43.234543 Received request from 102.23.55.32 for /example
2019-02-13T15:33:44.726534 Started database query for table users
2019-02-13T15:33:44.038472 Completed database query for table users
2019-02-13T15:33:43.234543 Received request from 102.23.55.32 for /example
2019-02-13T15:33:44.726534 Started database query for table users
2019-02-13T15:33:44.038472 Completed database query for table users
2019-02-13T15:33:43.234543 Received request from 102.23.55.32 for /example
2006-02-13T15:33:44.726534 Started database query for table users
2019-02-13T15:33:44.038472 Completed database query for table users
2019-02-13T15:33:43.234543 Received request from 102.23.55.32 for /example
2009-02-13T15:33:44.726534 Started database query for table users
2019-02-13T15:33:44.038472 Completed database query for table users
2019-02-13T15:33:43.234543 Received request from 102.23.55.32 for /example
2018-02-13T15:33:44.726534 Started database query for table users
2019-02-13T15:33:44.038472 Completed database query for table users
2019-02-13T15:33:43.234543 Received request from 102.23.55.32 for /example
2012-02-13T15:33:44.726534 Started database query for table users
2019-02-13T15:33:44.038472 Completed database query for table users
2019-02-13T15:33:43.234543 Received request from 102.23.55.32 for /example
2019-02-13T15:33:44.726534 Started database query for table users
2019-02-13T15:33:44.038472 Completed database query for table users
2015-02-13T15:33:43.234543 Received request from 102.23.55.32 for /example
2019-02-13T15:33:44.726534 Started database query for table users
2019-02-13T15:33:44.038472 Completed database query for table users
2019-02-13T15:33:43.234543 Received request from 102.23.55.32 for /example
2019-02-13T15:33:44.726534 Started database query for table users
2019-02-13T15:33:44.038472 Completed database query for table users
2019-02-13T15:33:43.234543 Received request from 102.23.55.32 for /example
2019-02-13T15:33:44.726534 Started database query for table users
2019-02-13T15:33:44.038472 Completed database query for table users
2019-02-13T15:33:43.234543 Received request from 102.23.55.32 for /example
2019-02-13T15:33:44.726534 Started database query for table users
2019-02-13T15:33:44.038472 Completed database query for table users
2019-02-13T15:33:43.234543 Received request from 102.23.55.32 for /example
2019-02-13T15:33:44.726534 Started database query for table users
2019-02-13T15:33:44.038472 Completed database query for table users
2019-02-13T15:33:43.234543 Received request from 102.23.55.32 for /example
2019-02-13T15:33:44.726534 Started database query for table users
2019-02-13T15:33:44.038472 Completed database query for table users
2019-02-13T15:33:43.234543 Received request from 102.23.55.32 for /example
2019-02-13T15:33:44.726534 Started database query for table users
2019-02-13T15:33:44.038472 Completed database query for table users
2019-02-13T15:33:43.234543 Received request from 102.23.55.32 for /example
2019-02-13T15:33:44.726534 Started database query for table users
2019-02-13T15:33:44.038472 Completed database query for table users
2019-02-13T15:33:43.234543 Received request from 102.23.55.32 for /example
2006-02-13T15:33:44.726534 Started database query for table users
2019-02-13T15:33:44.038472 Completed database query for table users
2019-02-13T15:33:43.234543 Received request from 102.23.55.32 for /example
2009-02-13T15:33:44.726534 Started database query for table users
2019-02-13T15:33:44.038472 Completed database query for table users
2019-02-13T15:33:43.234543 Received request from 102.23.55.32 for /example
2018-02-13T15:33:44.726534 Started database query for table users
2019-02-13T15:33:44.038472 Completed database query for table users
2019-02-13T15:33:43.234543 Received request from 102.23.55.32 for /example
2012-02-13T15:33:44.726534 Started database query for table users
2019-02-13T15:33:44.038472 Completed database query for table users
2019-02-13T15:33:43.234543 Received request from 102.23.55.32 for /example
2019-02-13T15:33:44.726534 Started database query for table users
2019-02-13T15:33:44.038472 Completed database query for table users
2015-02-13T15:33:43.234543 Received request from 102.23.55.32 for /example
2019-02-13T15:33:44.726534 Started database query for table users
2019-02-13T15:33:44.038472 Completed database query for table users
2019-02-13T15:33:43.234543 Received request from 102.23.55.32 for /example
2019-02-13T15:33:44.726534 Started database query for table users
2019-02-13T15:33:44.038472 Completed database query for table users
2019-02-13T15:33:43.234543 Received request from 102.23.55.32 for /example
2019-02-13T15:33:44.726534 Started database query for table users
2019-02-13T15:33:44.038472 Completed database query for table users
2019-02-13T15:33:43.234543 Received request from 102.23.55.32 for /example
2019-02-13T15:33:44.726534 Started database query for table users
2019-02-13T15:33:44.038472 Completed database query for table users
2019-02-13T15:33:43.234543 Received request from 102.23.55.32 for /example
2019-02-13T15:33:44.726534 Started database query for table users
2019-02-13T15:33:44.038472 Completed database query for table users
2019-02-13T15:33:43.234543 Received request from 102.23.55.32 for /example
2019-02-13T15:33:44.726534 Started database query for table users
2019-02-13T15:33:44.038472 Completed database query for table users
2019-02-13T15:33:43.234543 Received request from 102.23.55.32 for /example
2019-02-13T15:33:44.726534 Started database query for table users
2019-02-13T15:33:44.038472 Completed database query for table users
2019-02-13T15:33:43.234543 Received request from 102.23.55.32 for /example
2019-02-13T15:33:44.726534 Started database query for table users
2019-02-13T15:33:44.038472 Completed database query for table users
2019-02-13T15:33:43.234543 Received request from 102.23.55.32 for /example
2006-02-13T15:33:44.726534 Started database query for table users
2019-02-13T15:33:44.038472 Completed database query for table users
2019-02-13T15:33:43.234543 Received request from 102.23.55.32 for /example
2009-02-13T15:33:44.726534 Started database query for table users
2019-02-13T15:33:44.038472 Completed database query for table users
2019-02-13T15:33:43.234543 Received request from 102.23.55.32 for /example
2018-02-13T15:33:44.726534 Started database query for table users
2019-02-13T15:33:44.038472 Completed database query for table users
2019-02-13T15:33:43.234543 Received request from 102.23.55.32 for /example
2012-02-13T15:33:44.726534 Started database query for table users
2019-02-13T15:33:44.038472 Completed database query for table users
2019-02-13T15:33:43.234543 Received request from 102.23.55.32 for /example
2019-02-13T15:33:44.726534 Started database query for table users
2019-02-13T15:33:44.038472 Completed database query for table users
2015-02-13T15:33:43.234543 Received request from 102.23.55.32 for /example
2019-02-13T15:33:44.726534 Started database query for table users
2019-02-13T15:33:44.038472 Completed database query for table users
2019-02-13T15:33:43.234543 Received request from 102.23.55.32 for /example
2019-02-13T15:33:44.726534 Started database query for table users
2019-02-13T15:33:44.038472 Completed database query for table users
2019-02-13T15:33:43.234543 Received request from 102.23.55.32 for /example
2019-02-13T15:33:44.726534 Started database query for table users
2019-02-13T15:33:44.038472 Completed database query for table users
2019-02-13T15:33:43.234543 Received request from 102.23.55.32 for /example
2019-02-13T15:33:44.726534 Started database query for table users
2019-02-13T15:33:44.038472 Completed database query for table users
2019-02-13T15:33:43.234543 Received request from 102.23.55.32 for /example
2019-02-13T15:33:44.726534 Started database query for table users
2019-02-13T15:33:44.038472 Completed database query for table users
2019-02-13T15:33:43.234543 Received request from 102.23.55.32 for /example
2019-02-13T15:33:44.726534 Started database query for table users
2019-02-13T15:33:44.038472 Completed database query for table users
2019-02-13T15:33:43.234543 Received request from 102.23.55.32 for /example
2019-02-13T15:33:44.726534 Started database query for table users
2019-02-13T15:33:44.038472 Completed database query for table users
2019-02-13T15:33:43.234543 Received request from 102.23.55.32 for /example
2019-02-13T15:33:44.726534 Started database query for table users
2019-02-13T15:33:44.038472 Completed database query for table users
2019-02-13T15:33:43.234543 Received request from 102.23.55.32 for /example
2006-02-13T15:33:44.726534 Started database query for table users
2019-02-13T15:33:44.038472 Completed database query for table users
2019-02-13T15:33:43.234543 Received request from 102.23.55.32 for /example
2009-02-13T15:33:44.726534 Started database query for table users
2019-02-13T15:33:44.038472 Completed database query for table users
2019-02-13T15:33:43.234543 Received request from 102.23.55.32 for /example
2018-02-13T15:33:44.726534 Started database query for table users
2019-02-13T15:33:44.038472 Completed database query for table users
2019-02-13T15:33:43.234543 Received request from 102.23.55.32 for /example
2012-02-13T15:33:44.726534 Started database query for table users
2019-02-13T15:33:44.038472 Completed database query for table users
2019-02-13T15:33:43.234543 Received request from 102.23.55.32 for /example
2019-02-13T15:33:44.726534 Started database query for table users
2019-02-13T15:33:44.038472 Completed database query for table users
2015-02-13T15:33:43.234543 Received request from 102.23.55.32 for /example
2019-02-13T15:33:44.726534 Started database query for table users
2019-02-13T15:33:44.038472 Completed database query for table users
2019-02-13T15:33:43.234543 Received request from 102.23.55.32 for /example
2019-02-13T15:33:44.726534 Started database query for table users
2019-02-13T15:33:44.038472 Completed database query for table users
2019-02-13T15:33:43.234543 Received request from 102.23.55.32 for /example
2019-02-13T15:33:44.726534 Started database query for table users
2019-02-13T15:33:44.038472 Completed database query for table users
2019-02-13T15:33:43.234543 Received request from 102.23.55.32 for /example
2019-02-13T15:33:44.726534 Started database query for table users
2019-02-13T15:33:44.038472 Completed database query for table users
2019-02-13T15:33:43.234543 Received request from 102.23.55.32 for /example
2019-02-13T15:33:44.726534 Started database query for table users
2019-02-13T15:33:44.038472 Completed database query for table users
2019-02-13T15:33:43.234543 Received request from 102.23.55.32 for /example
2019-02-13T15:33:44.726534 Started database query for table users
2019-02-13T15:33:44.038472 Completed database query for table users
2019-02-13T15:33:43.234543 Received request from 102.23.55.32 for /example
2019-02-13T15:33:44.726534 Started database query for table users
2019-02-13T15:33:44.038472 Completed database query for table users
2019-02-13T15:33:43.234543 Received request from 102.23.55.32 for /example
2019-02-13T15:33:44.726534 Started database query for table users
2019-02-13T15:33:44.038472 Completed database query for table users
2019-02-13T15:33:43.234543 Received request from 102.23.55.32 for /example
2006-02-13T15:33:44.726534 Started database query for table users
2019-02-13T15:33:44.038472 Completed database query for table users
2019-02-13T15:33:43.234543 Received request from 102.23.55.32 for /example
2009-02-13T15:33:44.726534 Started database query for table users
2019-02-13T15:33:44.038472 Completed database query for table users
2019-02-13T15:33:43.234543 Received request from 102.23.55.32 for /example
2018-02-13T15:33:44.726534 Started database query for table users
2019-02-13T15:33:44.038472 Completed database query for table users
2019-02-13T15:33:43.234543 Received request from 102.23.55.32 for /example
2012-02-13T15:33:44.726534 Started database query for table users
2019-02-13T15:33:44.038472 Completed database query for table users
2019-02-13T15:33:43.234543 Received request from 102.23.55.32 for /example
2019-02-13T15:33:44.726534 Started database query for table users
2019-02-13T15:33:44.038472 Completed database query for table users
2015-02-13T15:33:43.234543 Received request from 102.23.55.32 for /example
2019-02-13T15:33:44.726534 Started database query for table users
2019-02-13T15:33:44.038472 Completed database query for table users
2019-02-13T15:33:43.234543 Received request from 102.23.55.32 for /example
2019-02-13T15:33:44.726534 Started database query for table users
2019-02-13T15:33:44.038472 Completed database query for table users
2019-02-13T15:33:43.234543 Received request from 102.23.55.32 for /example
2019-02-13T15:33:44.726534 Started database query for table users
2019-02-13T15:33:44.038472 Completed database query for table users
2019-02-13T15:33:43.234543 Received request from 102.23.55.32 for /example
2019-02-13T15:33:44.726534 Started database query for table users
2019-02-13T15:33:44.038472 Completed database query for table users
2019-02-13T15:33:43.234543 Received request from 102.23.55.32 for /example
2019-02-13T15:33:44.726534 Started database query for table users
2019-02-13T15:33:44.038472 Completed database query for table users
2019-02-13T15:33:43.234543 Received request from 102.23.55.32 for /example
2019-02-13T15:33:44.726534 Started database query for table users
2019-02-13T15:33:44.038472 Completed database query for table users
2019-02-13T15:33:43.234543 Received request from 102.23.55.32 for /example
2019-02-13T15:33:44.726534 Started database query for table users
2019-02-13T15:33:44.038472 Completed database query for table users
2019-02-13T15:33:43.234543 Received request from 102.23.55.32 for /example
2019-02-13T15:33:44.726534 Started database query for table users
2019-02-13T15:33:44.038472 Completed database query for table users
2019-02-13T15:33:43.234543 Received request from 102.23.55.32 for /example
2006-02-13T15:33:44.726534 Started database query for table users
2019-02-13T15:33:44.038472 Completed database query for table users
2019-02-13T15:33:43.234543 Received request from 102.23.55.32 for /example
2009-02-13T15:33:44.726534 Started database query for table users
2019-02-13T15:33:44.038472 Completed database query for table users
2019-02-13T15:33:43.234543 Received request from 102.23.55.32 for /example
2018-02-13T15:33:44.726534 Started database query for table users
2019-02-13T15:33:44.038472 Completed database query for table users
2019-02-13T15:33:43.234543 Received request from 102.23.55.32 for /example
2012-02-13T15:33:44.726534 Started database query for table users
2019-02-13T15:33:44.038472 Completed database query for table users
2019-02-13T15:33:43.234543 Received request from 102.23.55.32 for /example
2019-02-13T15:33:44.726534 Started database query for table users
2019-02-13T15:33:44.038472 Completed database query for table users
2015-02-13T15:33:43.234543 Received request from 102.23.55.32 for /example
2019-02-13T15:33:44.726534 Started database query for table users
2019-02-13T15:33:44.038472 Completed database query for table users
2019-02-13T15:33:43.234543 Received request from 102.23.55.32 for /example
2019-02-13T15:33:44.726534 Started database query for table users
2019-02-13T15:33:44.038472 Completed database query for table users
2019-02-13T15:33:43.234543 Received request from 102.23.55.32 for /example
2019-02-13T15:33:44.726534 Started database query for table users
2019-02-13T15:33:44.038472 Completed database query for table users
2019-02-13T15:33:43.234543 Received request from 102.23.55.32 for /example
2019-02-13T15:33:44.726534 Started database query for table users
2019-02-13T15:33:44.038472 Completed database query for table users
2019-02-13T15:33:43.234543 Received request from 102.23.55.32 for /example
2019-02-13T15:33:44.726534 Started database query for table users
2019-02-13T15:33:44.038472 Completed database query for table users
2019-02-13T15:33:43.234543 Received request from 102.23.55.32 for /example
2019-02-13T15:33:44.726534 Started database query for table users
2019-02-13T15:33:44.038472 Completed database query for table users
2019-02-13T15:33:43.234543 Received request from 102.23.55.32 for /example
2019-02-13T15:33:44.726534 Started database query for table users
2019-02-13T15:33:44.038472 Completed database query for table users
2019-02-13T15:33:43.234543 Received request from 102.23.55.32 for /example
2019-02-13T15:33:44.726534 Started database query for table users
2019-02-13T15:33:44.038472 Completed database query for table users
2019-02-13T15:33:43.234543 Received request from 102.23.55.32 for /example
2006-02-13T15:33:44.726534 Started database query for table users
2019-02-13T15:33:44.038472 Completed database query for table users
2019-02-13T15:33:43.234543 Received request from 102.23.55.32 for /example
2009-02-13T15:33:44.726534 Started database query for table users
2019-02-13T15:33:44.038472 Completed database query for table users
2019-02-13T15:33:43.234543 Received request from 102.23.55.32 for /example
2018-02-13T15:33:44.726534 Started database query for table users
2019-02-13T15:33:44.038472 Completed database query for table users
2019-02-13T15:33:43.234543 Received request from 102.23.55.32 for /example
2012-02-13T15:33:44.726534 Started database query for table users
2019-02-13T15:33:44.038472 Completed database query for table users
2019-02-13T15:33:43.234543 Received request from 102.23.55.32 for /example
2019-02-13T15:33:44.726534 Started database query for table users
2019-02-13T15:33:44.038472 Completed database query for table users
2015-02-13T15:33:43.234543 Received request from 102.23.55.32 for /example
2019-02-13T15:33:44.726534 Started database query for table users
2019-02-13T15:33:44.038472 Completed database query for table users
2019-02-13T15:33:43.234543 Received request from 102.23.55.32 for /example
2019-02-13T15:33:44.726534 Started database query for table users
2019-02-13T15:33:44.038472 Completed database query for table users
2019-02-13T15:33:43.234543 Received request from 102.23.55.32 for /example
2019-02-13T15:33:44.726534 Started database query for table users
2019-02-13T15:33:44.038472 Completed database query for table users
2019-02-13T15:33:43.234543 Received request from 102.23.55.32 for /example
2019-02-13T15:33:44.726534 Started database query for table users
2019-02-13T15:33:44.038472 Completed database query for table users
2019-02-13T15:33:43.234543 Received request from 102.23.55.32 for /example
2019-02-13T15:33:44.726534 Started database query for table users
2019-02-13T15:33:44.038472 Completed database query for table users
2019-02-13T15:33:43.234543 Received request from 102.23.55.32 for /example
2019-02-13T15:33:44.726534 Started database query for table users
2019-02-13T15:33:44.038472 Completed database query for table users
2019-02-13T15:33:43.234543 Received request from 102.23.55.32 for /example
2019-02-13T15:33:44.726534 Started database query for table users
2019-02-13T15:33:44.038472 Completed database query for table users
2019-02-13T15:33:43.234543 Received request from 102.23.55.32 for /example
2019-02-13T15:33:44.726534 Started database query for table users
2019-02-13T15:33:44.038472 Completed database query for table users
2019-02-13T15:33:43.234543 Received request from 102.23.55.32 for /example
2006-02-13T15:33:44.726534 Started database query for table users
2019-02-13T15:33:44.038472 Completed database query for table users
2019-02-13T15:33:43.234543 Received request from 102.23.55.32 for /example
2009-02-13T15:33:44.726534 Started database query for table users
2019-02-13T15:33:44.038472 Completed database query for table users
2019-02-13T15:33:43.234543 Received request from 102.23.55.32 for /example
2018-02-13T15:33:44.726534 Started database query for table users
2019-02-13T15:33:44.038472 Completed database query for table users
2019-02-13T15:33:43.234543 Received request from 102.23.55.32 for /example
2012-02-13T15:33:44.726534 Started database query for table users
2019-02-13T15:33:44.038472 Completed database query for table users
2019-02-13T15:33:43.234543 Received request from 102.23.55.32 for /example
2019-02-13T15:33:44.726534 Started database query for table users
2019-02-13T15:33:44.038472 Completed database query for table users
2015-02-13T15:33:43.234543 Received request from 102.23.55.32 for /example
2019-02-13T15:33:44.726534 Started database query for table users
2019-02-13T15:33:44.038472 Completed database query for table users
2019-02-13T15:33:43.234543 Received request from 102.23.55.32 for /example
2019-02-13T15:33:44.726534 Started database query for table users
2019-02-13T15:33:44.038472 Completed database query for table users
2019-02-13T15:33:43.234543 Received request from 102.23.55.32 for /example
2019-02-13T15:33:44.726534 Started database query for table users
2019-02-13T15:33:44.038472 Completed database query for table users
2019-02-13T15:33:43.234543 Received request from 102.23.55.32 for /example
2019-02-13T15:33:44.726534 Started database query for table users
2019-02-13T15:33:44.038472 Completed database query for table users
2019-02-13T15:33:43.234543 Received request from 102.23.55.32 for /example
2019-02-13T15:33:44.726534 Started database query for table users
2019-02-13T15:33:44.038472 Completed database query for table users
2019-02-13T15:33:43.234543 Received request from 102.23.55.32 for /example
2019-02-13T15:33:44.726534 Started database query for table users
2019-02-13T15:33:44.038472 Completed database query for table users
2019-02-13T15:33:43.234543 Received request from 102.23.55.32 for /example
2019-02-13T15:33:44.726534 Started database query for table users
2019-02-13T15:33:44.038472 Completed database query for table users
2019-02-13T15:33:43.234543 Received request from 102.23.55.32 for /example
2019-02-13T15:33:44.726534 Started database query for table users
2019-02-13T15:33:44.038472 Completed database query for table users
2019-02-13T15:33:43.234543 Received request from 102.23.55.32 for /example
2006-02-13T15:33:44.726534 Started database query for table users
2019-02-13T15:33:44.038472 Completed database query for table users
2019-02-13T15:33:43.234543 Received request from 102.23.55.32 for /example
2009-02-13T15:33:44.726534 Started database query for table users
2019-02-13T15:33:44.038472 Completed database query for table users
2019-02-13T15:33:43.234543 Received request from 102.23.55.32 for /example
2018-02-13T15:33:44.726534 Started database query for table users
2019-02-13T15:33:44.038472 Completed database query for table users
2019-02-13T15:33:43.234543 Received request from 102.23.55.32 for /example
2012-02-13T15:33:44.726534 Started database query for table users
2019-02-13T15:33:44.038472 Completed database query for table users
2019-02-13T15:33:43.234543 Received request from 102.23.55.32 for /example
2019-02-13T15:33:44.726534 Started database query for table users
2019-02-13T15:33:44.038472 Completed database query for table users
2015-02-13T15:33:43.234543 Received request from 102.23.55.32 for /example
2019-02-13T15:33:44.726534 Started database query for table users
2019-02-13T15:33:44.038472 Completed database query for table users
2019-02-13T15:33:43.234543 Received request from 102.23.55.32 for /example
2019-02-13T15:33:44.726534 Started database query for table users
2019-02-13T15:33:44.038472 Completed database query for table users
2019-02-13T15:33:43.234543 Received request from 102.23.55.32 for /example
2019-02-13T15:33:44.726534 Started database query for table users
2019-02-13T15:33:44.038472 Completed database query for table users
2019-02-13T15:33:43.234543 Received request from 102.23.55.32 for /example
2019-02-13T15:33:44.726534 Started database query for table users
2019-02-13T15:33:44.038472 Completed database query for table users
2019-02-13T15:33:43.234543 Received request from 102.23.55.32 for /example
2019-02-13T15:33:44.726534 Started database query for table users
2019-02-13T15:33:44.038472 Completed database query for table users
2019-02-13T15:33:43.234543 Received request from 102.23.55.32 for /example
2019-02-13T15:33:44.726534 Started database query for table users
2019-02-13T15:33:44.038472 Completed database query for table users
2019-02-13T15:33:43.234543 Received request from 102.23.55.32 for /example
2019-02-13T15:33:44.726534 Started database query for table users
2019-02-13T15:33:44.038472 Completed database query for table users
2019-02-13T15:33:43.234543 Received request from 102.23.55.32 for /example
2019-02-13T15:33:44.726534 Started database query for table users
2019-02-13T15:33:44.038472 Completed database query for table users
2019-02-13T15:33:43.234543 Received request from 102.23.55.32 for /example
2006-02-13T15:33:44.726534 Started database query for table users
2019-02-13T15:33:44.038472 Completed database query for table users
2019-02-13T15:33:43.234543 Received request from 102.23.55.32 for /example
2009-02-13T15:33:44.726534 Started database query for table users
2019-02-13T15:33:44.038472 Completed database query for table users
2019-02-13T15:33:43.234543 Received request from 102.23.55.32 for /example
2018-02-13T15:33:44.726534 Started database query for table users
2019-02-13T15:33:44.038472 Completed database query for table users
2019-02-13T15:33:43.234543 Received request from 102.23.55.32 for /example
2012-02-13T15:33:44.726534 Started database query for table users
2019-02-13T15:33:44.038472 Completed database query for table users
2019-02-13T15:33:43.234543 Received request from 102.23.55.32 for /example
2019-02-13T15:33:44.726534 Started database query for table users
2019-02-13T15:33:44.038472 Completed database query for table users
2015-02-13T15:33:43.234543 Received request from 102.23.55.32 for /example
2019-02-13T15:33:44.726534 Started database query for table users
2019-02-13T15:33:44.038472 Completed database query for table users
2019-02-13T15:33:43.234543 Received request from 102.23.55.32 for /example
2019-02-13T15:33:44.726534 Started database query for table users
2019-02-13T15:33:44.038472 Completed database query for table users
2019-02-13T15:33:43.234543 Received request from 102.23.55.32 for /example
2019-02-13T15:33:44.726534 Started database query for table users
2019-02-13T15:33:44.038472 Completed database query for table users
2019-02-13T15:33:43.234543 Received request from 102.23.55.32 for /example
2019-02-13T15:33:44.726534 Started database query for table users
2019-02-13T15:33:44.038472 Completed database query for table users
2019-02-13T15:33:43.234543 Received request from 102.23.55.32 for /example
2019-02-13T15:33:44.726534 Started database query for table users
2019-02-13T15:33:44.038472 Completed database query for table users
2019-02-13T15:33:43.234543 Received request from 102.23.55.32 for /example
2019-02-13T15:33:44.726534 Started database query for table users
2019-02-13T15:33:44.038472 Completed database query for table users
2019-02-13T15:33:43.234543 Received request from 102.23.55.32 for /example
2019-02-13T15:33:44.726534 Started database query for table users
2019-02-13T15:33:44.038472 Completed database query for table users
2019-02-13T15:33:43.234543 Received request from 102.23.55.32 for /example
2019-02-13T15:33:44.726534 Started database query for table users
2019-02-13T15:33:44.038472 Completed database query for table users
2019-02-13T15:33:43.234543 Received request from 102.23.55.32 for /example
2006-02-13T15:33:44.726534 Started database query for table users
2019-02-13T15:33:44.038472 Completed database query for table users
2019-02-13T15:33:43.234543 Received request from 102.23.55.32 for /example
2009-02-13T15:33:44.726534 Started database query for table users
2019-02-13T15:33:44.038472 Completed database query for table users
2019-02-13T15:33:43.234543 Received request from 102.23.55.32 for /example
2018-02-13T15:33:44.726534 Started database query for table users
2019-02-13T15:33:44.038472 Completed database query for table users
2019-02-13T15:33:43.234543 Received request from 102.23.55.32 for /example
2012-02-13T15:33:44.726534 Started database query for table users
2019-02-13T15:33:44.038472 Completed database query for table users
2019-02-13T15:33:43.234543 Received request from 102.23.55.32 for /example
2019-02-13T15:33:44.726534 Started database query for table users
2019-02-13T15:33:44.038472 Completed database query for table users
2015-02-13T15:33:43.234543 Received request from 102.23.55.32 for /example
2019-02-13T15:33:44.726534 Started database query for table users
2019-02-13T15:33:44.038472 Completed database query for table users
2019-02-13T15:33:43.234543 Received request from 102.23.55.32 for /example
2019-02-13T15:33:44.726534 Started database query for table users
2019-02-13T15:33:44.038472 Completed database query for table users
2019-02-13T15:33:43.234543 Received request from 102.23.55.32 for /example
2019-02-13T15:33:44.726534 Started database query for table users
2019-02-13T15:33:44.038472 Completed database query for table users
2019-02-13T15:33:43.234543 Received request from 102.23.55.32 for /example
2019-02-13T15:33:44.726534 Started database query for table users
2019-02-13T15:33:44.038472 Completed database query for table users
2019-02-13T15:33:43.234543 Received request from 102.23.55.32 for /example
2019-02-13T15:33:44.726534 Started database query for table users
2019-02-13T15:33:44.038472 Completed database query for table users
2019-02-13T15:33:43.234543 Received request from 102.23.55.32 for /example
2019-02-13T15:33:44.726534 Started database query for table users
2019-02-13T15:33:44.038472 Completed database query for table users
2019-02-13T15:33:43.234543 Received request from 102.23.55.32 for /example
2019-02-13T15:33:44.726534 Started database query for table users
2019-02-13T15:33:44.038472 Completed database query for table users
2019-02-13T15:33:43.234543 Received request from 102.23.55.32 for /example
2019-02-13T15:33:44.726534 Started database query for table users
2019-02-13T15:33:44.038472 Completed database query for table users
2019-02-13T15:33:43.234543 Received request from 102.23.55.32 for /example
2006-02-13T15:33:44.726534 Started database query for table users
2019-02-13T15:33:44.038472 Completed database query for table users
2019-02-13T15:33:43.234543 Received request from 102.23.55.32 for /example
2009-02-13T15:33:44.726534 Started database query for table users
2019-02-13T15:33:44.038472 Completed database query for table users
2019-02-13T15:33:43.234543 Received request from 102.23.55.32 for /example
2018-02-13T15:33:44.726534 Started database query for table users
2019-02-13T15:33:44.038472 Completed database query for table users
2019-02-13T15:33:43.234543 Received request from 102.23.55.32 for /example
2012-02-13T15:33:44.726534 Started database query for table users
2019-02-13T15:33:44.038472 Completed database query for table users
2019-02-13T15:33:43.234543 Received request from 102.23.55.32 for /example
2019-02-13T15:33:44.726534 Started database query for table users
2019-02-13T15:33:44.038472 Completed database query for table users
2015-02-13T15:33:43.234543 Received request from 102.23.55.32 for /example
2019-02-13T15:33:44.726534 Started database query for table users
2019-02-13T15:33:44.038472 Completed database query for table users
2019-02-13T15:33:43.234543 Received request from 102.23.55.32 for /example
2019-02-13T15:33:44.726534 Started database query for table users
2019-02-13T15:33:44.038472 Completed database query for table users
2019-02-13T15:33:43.234543 Received request from 102.23.55.32 for /example
2019-02-13T15:33:44.726534 Started database query for table users
2019-02-13T15:33:44.038472 Completed database query for table users
2019-02-13T15:33:43.234543 Received request from 102.23.55.32 for /example
2019-02-13T15:33:44.726534 Started database query for table users
2019-02-13T15:33:44.038472 Completed database query for table users
2019-02-13T15:33:43.234543 Received request from 102.23.55.32 for /example
2019-02-13T15:33:44.726534 Started database query for table users
2019-02-13T15:33:44.038472 Completed database query for table users
2019-02-13T15:33:43.234543 Received request from 102.23.55.32 for /example
2019-02-13T15:33:44.726534 Started database query for table users
2019-02-13T15:33:44.038472 Completed database query for table users
2019-02-13T15:33:43.234543 Received request from 102.23.55.32 for /example
2019-02-13T15:33:44.726534 Started database query for table users
2019-02-13T15:33:44.038472 Completed database query for table users
2019-02-13T15:33:43.234543 Received request from 102.23.55.32 for /example
2019-02-13T15:33:44.726534 Started database query for table users
2019-02-13T15:33:44.038472 Completed database query for table users
2019-02-13T15:33:43.234543 Received request from 102.23.55.32 for /example
2006-02-13T15:33:44.726534 Started database query for table users
2019-02-13T15:33:44.038472 Completed database query for table users
2019-02-13T15:33:43.234543 Received request from 102.23.55.32 for /example
2009-02-13T15:33:44.726534 Started database query for table users
2019-02-13T15:33:44.038472 Completed database query for table users
2019-02-13T15:33:43.234543 Received request from 102.23.55.32 for /example
2018-02-13T15:33:44.726534 Started database query for table users
2019-02-13T15:33:44.038472 Completed database query for table users
2019-02-13T15:33:43.234543 Received request from 102.23.55.32 for /example
2012-02-13T15:33:44.726534 Started database query for table users
2019-02-13T15:33:44.038472 Completed database query for table users
2019-02-13T15:33:43.234543 Received request from 102.23.55.32 for /example
2019-02-13T15:33:44.726534 Started database query for table users
2019-02-13T15:33:44.038472 Completed database query for table users
2015-02-13T15:33:43.234543 Received request from 102.23.55.32 for /example
2019-02-13T15:33:44.726534 Started database query for table users
2019-02-13T15:33:44.038472 Completed database query for table users
2019-02-13T15:33:43.234543 Received request from 102.23.55.32 for /example
2019-02-13T15:33:44.726534 Started database query for table users
2019-02-13T15:33:44.038472 Completed database query for table users
2019-02-13T15:33:43.234543 Received request from 102.23.55.32 for /example
2019-02-13T15:33:44.726534 Started database query for table users
2019-02-13T15:33:44.038472 Completed database query for table users
2019-02-13T15:33:43.234543 Received request from 102.23.55.32 for /example
2019-02-13T15:33:44.726534 Started database query for table users
2019-02-13T15:33:44.038472 Completed database query for table users
2019-02-13T15:33:43.234543 Received request from 102.23.55.32 for /example
2019-02-13T15:33:44.726534 Started database query for table users
2019-02-13T15:33:44.038472 Completed database query for table users
2019-02-13T15:33:43.234543 Received request from 102.23.55.32 for /example
2019-02-13T15:33:44.726534 Started database query for table users
2019-02-13T15:33:44.038472 Completed database query for table users
2019-02-13T15:33:43.234543 Received request from 102.23.55.32 for /example
2019-02-13T15:33:44.726534 Started database query for table users
2019-02-13T15:33:44.038472 Completed database query for table users
2019-02-13T15:33:43.234543 Received request from 102.23.55.32 for /example
2019-02-13T15:33:44.726534 Started database query for table users
2019-02-13T15:33:44.038472 Completed database query for table users
2019-02-13T15:33:43.234543 Received request from 102.23.55.32 for /example
2006-02-13T15:33:44.726534 Started database query for table users
2019-02-13T15:33:44.038472 Completed database query for table users
2019-02-13T15:33:43.234543 Received request from 102.23.55.32 for /example
2009-02-13T15:33:44.726534 Started database query for table users
2019-02-13T15:33:44.038472 Completed database query for table users
2019-02-13T15:33:43.234543 Received request from 102.23.55.32 for /example
2018-02-13T15:33:44.726534 Started database query for table users
2019-02-13T15:33:44.038472 Completed database query for table users
2019-02-13T15:33:43.234543 Received request from 102.23.55.32 for /example
2012-02-13T15:33:44.726534 Started database query for table users
2019-02-13T15:33:44.038472 Completed database query for table users
2019-02-13T15:33:43.234543 Received request from 102.23.55.32 for /example
2019-02-13T15:33:44.726534 Started database query for table users
2019-02-13T15:33:44.038472 Completed database query for table users
2015-02-13T15:33:43.234543 Received request from 102.23.55.32 for /example
2019-02-13T15:33:44.726534 Started database query for table users
2019-02-13T15:33:44.038472 Completed database query for table users
2019-02-13T15:33:43.234543 Received request from 102.23.55.32 for /example
2019-02-13T15:33:44.726534 Started database query for table users
2019-02-13T15:33:44.038472 Completed database query for table users
2019-02-13T15:33:43.234543 Received request from 102.23.55.32 for /example
2019-02-13T15:33:44.726534 Started database query for table users
2019-02-13T15:33:44.038472 Completed database query for table users
2019-02-13T15:33:43.234543 Received request from 102.23.55.32 for /example
2019-02-13T15:33:44.726534 Started database query for table users
2019-02-13T15:33:44.038472 Completed database query for table users
2019-02-13T15:33:43.234543 Received request from 102.23.55.32 for /example
2019-02-13T15:33:44.726534 Started database query for table users
2019-02-13T15:33:44.038472 Completed database query for table users
2019-02-13T15:33:43.234543 Received request from 102.23.55.32 for /example
2019-02-13T15:33:44.726534 Started database query for table users
2019-02-13T15:33:44.038472 Completed database query for table users
2019-02-13T15:33:43.234543 Received request from 102.23.55.32 for /example
2019-02-13T15:33:44.726534 Started database query for table users
2019-02-13T15:33:44.038472 Completed database query for table users
2019-02-13T15:33:43.234543 Received request from 102.23.55.32 for /example
2019-02-13T15:33:44.726534 Started database query for table users
2019-02-13T15:33:44.038472 Completed database query for table users
2019-02-13T15:33:43.234543 Received request from 102.23.55.32 for /example
2006-02-13T15:33:44.726534 Started database query for table users
2019-02-13T15:33:44.038472 Completed database query for table users
2019-02-13T15:33:43.234543 Received request from 102.23.55.32 for /example
2009-02-13T15:33:44.726534 Started database query for table users
2019-02-13T15:33:44.038472 Completed database query for table users
2019-02-13T15:33:43.234543 Received request from 102.23.55.32 for /example
2018-02-13T15:33:44.726534 Started database query for table users
2019-02-13T15:33:44.038472 Completed database query for table users
2019-02-13T15:33:43.234543 Received request from 102.23.55.32 for /example
2012-02-13T15:33:44.726534 Started database query for table users
2019-02-13T15:33:44.038472 Completed database query for table users
2019-02-13T15:33:43.234543 Received request from 102.23.55.32 for /example
2019-02-13T15:33:44.726534 Started database query for table users
2019-02-13T15:33:44.038472 Completed database query for table users
2015-02-13T15:33:43.234543 Received request from 102.23.55.32 for /example
2019-02-13T15:33:44.726534 Started database query for table users
2019-02-13T15:33:44.038472 Completed database query for table users
2019-02-13T15:33:43.234543 Received request from 102.23.55.32 for /example
2019-02-13T15:33:44.726534 Started database query for table users
2019-02-13T15:33:44.038472 Completed database query for table users
2019-02-13T15:33:43.234543 Received request from 102.23.55.32 for /example
2019-02-13T15:33:44.726534 Started database query for table users
2019-02-13T15:33:44.038472 Completed database query for table users
2019-02-13T15:33:43.234543 Received request from 102.23.55.32 for /example
2019-02-13T15:33:44.726534 Started database query for table users
2019-02-13T15:33:44.038472 Completed database query for table users
2019-02-13T15:33:43.234543 Received request from 102.23.55.32 for /example
2019-02-13T15:33:44.726534 Started database query for table users
2019-02-13T15:33:44.038472 Completed database query for table users
2019-02-13T15:33:43.234543 Received request from 102.23.55.32 for /example
2019-02-13T15:33:44.726534 Started database query for table users
2019-02-13T15:33:44.038472 Completed database query for table users
2019-02-13T15:33:43.234543 Received request from 102.23.55.32 for /example
2019-02-13T15:33:44.726534 Started database query for table users
2019-02-13T15:33:44.038472 Completed database query for table users
2019-02-13T15:33:43.234543 Received request from 102.23.55.32 for /example
2019-02-13T15:33:44.726534 Started database query for table users
2019-02-13T15:33:44.038472 Completed database query for table users
2019-02-13T15:33:43.234543 Received request from 102.23.55.32 for /example
2006-02-13T15:33:44.726534 Started database query for table users
2019-02-13T15:33:44.038472 Completed database query for table users
2019-02-13T15:33:43.234543 Received request from 102.23.55.32 for /example
2009-02-13T15:33:44.726534 Started database query for table users
2019-02-13T15:33:44.038472 Completed database query for table users
2019-02-13T15:33:43.234543 Received request from 102.23.55.32 for /example
2018-02-13T15:33:44.726534 Started database query for table users
2019-02-13T15:33:44.038472 Completed database query for table users
2019-02-13T15:33:43.234543 Received request from 102.23.55.32 for /example
2012-02-13T15:33:44.726534 Started database query for table users
2019-02-13T15:33:44.038472 Completed database query for table users
2019-02-13T15:33:43.234543 Received request from 102.23.55.32 for /example
2019-02-13T15:33:44.726534 Started database query for table users
2019-02-13T15:33:44.038472 Completed database query for table users
2015-02-13T15:33:43.234543 Received request from 102.23.55.32 for /example
2019-02-13T15:33:44.726534 Started database query for table users
2019-02-13T15:33:44.038472 Completed database query for table users
2019-02-13T15:33:43.234543 Received request from 102.23.55.32 for /example
2019-02-13T15:33:44.726534 Started database query for table users
2019-02-13T15:33:44.038472 Completed database query for table users
2019-02-13T15:33:43.234543 Received request from 102.23.55.32 for /example
2019-02-13T15:33:44.726534 Started database query for table users
2019-02-13T15:33:44.038472 Completed database query for table users
2019-02-13T15:33:43.234543 Received request from 102.23.55.32 for /example
2019-02-13T15:33:44.726534 Started database query for table users
2019-02-13T15:33:44.038472 Completed database query for table users
2019-02-13T15:33:43.234543 Received request from 102.23.55.32 for /example
2019-02-13T15:33:44.726534 Started database query for table users
2019-02-13T15:33:44.038472 Completed database query for table users
2019-02-13T15:33:43.234543 Received request from 102.23.55.32 for /example
2019-02-13T15:33:44.726534 Started database query for table users
2019-02-13T15:33:44.038472 Completed database query for table users
2019-02-13T15:33:43.234543 Received request from 102.23.55.32 for /example
2019-02-13T15:33:44.726534 Started database query for table users
2019-02-13T15:33:44.038472 Completed database query for table users
2019-02-13T15:33:43.234543 Received request from 102.23.55.32 for /example
2019-02-13T15:33:44.726534 Started database query for table users
2019-02-13T15:33:44.038472 Completed database query for table users
2019-02-13T15:33:43.234543 Received request from 102.23.55.32 for /example
2006-02-13T15:33:44.726534 Started database query for table users
2019-02-13T15:33:44.038472 Completed database query for table users
2019-02-13T15:33:43.234543 Received request from 102.23.55.32 for /example
2009-02-13T15:33:44.726534 Started database query for table users
2019-02-13T15:33:44.038472 Completed database query for table users
2019-02-13T15:33:43.234543 Received request from 102.23.55.32 for /example
2018-02-13T15:33:44.726534 Started database query for table users
2019-02-13T15:33:44.038472 Completed database query for table users
2019-02-13T15:33:43.234543 Received request from 102.23.55.32 for /example
2012-02-13T15:33:44.726534 Started database query for table users
2019-02-13T15:33:44.038472 Completed database query for table users
2019-02-13T15:33:43.234543 Received request from 102.23.55.32 for /example
2019-02-13T15:33:44.726534 Started database query for table users
2019-02-13T15:33:44.038472 Completed database query for table users
2015-02-13T15:33:43.234543 Received request from 102.23.55.32 for /example
2019-02-13T15:33:44.726534 Started database query for table users
2019-02-13T15:33:44.038472 Completed database query for table users
2019-02-13T15:33:43.234543 Received request from 102.23.55.32 for /example
2019-02-13T15:33:44.726534 Started database query for table users
2019-02-13T15:33:44.038472 Completed database query for table users
2019-02-13T15:33:43.234543 Received request from 102.23.55.32 for /example
2019-02-13T15:33:44.726534 Started database query for table users
2019-02-13T15:33:44.038472 Completed database query for table users
2019-02-13T15:33:43.234543 Received request from 102.23.55.32 for /example
2019-02-13T15:33:44.726534 Started database query for table users
2019-02-13T15:33:44.038472 Completed database query for table users
2019-02-13T15:33:43.234543 Received request from 102.23.55.32 for /example
2019-02-13T15:33:44.726534 Started database query for table users
2019-02-13T15:33:44.038472 Completed database query for table users
2019-02-13T15:33:43.234543 Received request from 102.23.55.32 for /example
2019-02-13T15:33:44.726534 Started database query for table users
2019-02-13T15:33:44.038472 Completed database query for table users
2019-02-13T15:33:43.234543 Received request from 102.23.55.32 for /example
2019-02-13T15:33:44.726534 Started database query for table users
2019-02-13T15:33:44.038472 Completed database query for table users
2019-02-13T15:33:43.234543 Received request from 102.23.55.32 for /example
2019-02-13T15:33:44.726534 Started database query for table users
2019-02-13T15:33:44.038472 Completed database query for table users
2019-02-13T15:33:43.234543 Received request from 102.23.55.32 for /example
2006-02-13T15:33:44.726534 Started database query for table users
2019-02-13T15:33:44.038472 Completed database query for table users
2019-02-13T15:33:43.234543 Received request from 102.23.55.32 for /example
2009-02-13T15:33:44.726534 Started database query for table users
2019-02-13T15:33:44.038472 Completed database query for table users
2019-02-13T15:33:43.234543 Received request from 102.23.55.32 for /example
2018-02-13T15:33:44.726534 Started database query for table users
2019-02-13T15:33:44.038472 Completed database query for table users
2019-02-13T15:33:43.234543 Received request from 102.23.55.32 for /example
2012-02-13T15:33:44.726534 Started database query for table users
2019-02-13T15:33:44.038472 Completed database query for table users
2019-02-13T15:33:43.234543 Received request from 102.23.55.32 for /example
2019-02-13T15:33:44.726534 Started database query for table users
2019-02-13T15:33:44.038472 Completed database query for table users
2015-02-13T15:33:43.234543 Received request from 102.23.55.32 for /example
2019-02-13T15:33:44.726534 Started database query for table users
2019-02-13T15:33:44.038472 Completed database query for table users
2019-02-13T15:33:43.234543 Received request from 102.23.55.32 for /example
2019-02-13T15:33:44.726534 Started database query for table users
2019-02-13T15:33:44.038472 Completed database query for table users
2019-02-13T15:33:43.234543 Received request from 102.23.55.32 for /example
2019-02-13T15:33:44.726534 Started database query for table users
2019-02-13T15:33:44.038472 Completed database query for table users
2019-02-13T15:33:43.234543 Received request from 102.23.55.32 for /example
2019-02-13T15:33:44.726534 Started database query for table users
2019-02-13T15:33:44.038472 Completed database query for table users
2019-02-13T15:33:43.234543 Received request from 102.23.55.32 for /example
2019-02-13T15:33:44.726534 Started database query for table users
2019-02-13T15:33:44.038472 Completed database query for table users
2019-02-13T15:33:43.234543 Received request from 102.23.55.32 for /example
2019-02-13T15:33:44.726534 Started database query for table users
2019-02-13T15:33:44.038472 Completed database query for table users
2019-02-13T15:33:43.234543 Received request from 102.23.55.32 for /example
2019-02-13T15:33:44.726534 Started database query for table users
2019-02-13T15:33:44.038472 Completed database query for table users
2019-02-13T15:33:43.234543 Received request from 102.23.55.32 for /example
2019-02-13T15:33:44.726534 Started database query for table users
2019-02-13T15:33:44.038472 Completed database query for table users
2019-02-13T15:33:43.234543 Received request from 102.23.55.32 for /example
2006-02-13T15:33:44.726534 Started database query for table users
2019-02-13T15:33:44.038472 Completed database query for table users
2019-02-13T15:33:43.234543 Received request from 102.23.55.32 for /example
2009-02-13T15:33:44.726534 Started database query for table users
2019-02-13T15:33:44.038472 Completed database query for table users
2019-02-13T15:33:43.234543 Received request from 102.23.55.32 for /example
2018-02-13T15:33:44.726534 Started database query for table users
2019-02-13T15:33:44.038472 Completed database query for table users
2019-02-13T15:33:43.234543 Received request from 102.23.55.32 for /example
2012-02-13T15:33:44.726534 Started database query for table users
2019-02-13T15:33:44.038472 Completed database query for table users
2019-02-13T15:33:43.234543 Received request from 102.23.55.32 for /example
2019-02-13T15:33:44.726534 Started database query for table users
2019-02-13T15:33:44.038472 Completed database query for table users
2015-02-13T15:33:43.234543 Received request from 102.23.55.32 for /example
2019-02-13T15:33:44.726534 Started database query for table users
2019-02-13T15:33:44.038472 Completed database query for table users
2019-02-13T15:33:43.234543 Received request from 102.23.55.32 for /example
2019-02-13T15:33:44.726534 Started database query for table users
2019-02-13T15:33:44.038472 Completed database query for table users
2019-02-13T15:33:43.234543 Received request from 102.23.55.32 for /example
2019-02-13T15:33:44.726534 Started database query for table users
2019-02-13T15:33:44.038472 Completed database query for table users
2019-02-13T15:33:43.234543 Received request from 102.23.55.32 for /example
2019-02-13T15:33:44.726534 Started database query for table users
2019-02-13T15:33:44.038472 Completed database query for table users
2019-02-13T15:33:43.234543 Received request from 102.23.55.32 for /example
2019-02-13T15:33:44.726534 Started database query for table users
2019-02-13T15:33:44.038472 Completed database query for table users
2019-02-13T15:33:43.234543 Received request from 102.23.55.32 for /example
2019-02-13T15:33:44.726534 Started database query for table users
2019-02-13T15:33:44.038472 Completed database query for table users
2019-02-13T15:33:43.234543 Received request from 102.23.55.32 for /example
2019-02-13T15:33:44.726534 Started database query for table users
2019-02-13T15:33:44.038472 Completed database query for table users
2019-02-13T15:33:43.234543 Received request from 102.23.55.32 for /example
2019-02-13T15:33:44.726534 Started database query for table users
2019-02-13T15:33:44.038472 Completed database query for table users
2019-02-13T15:33:43.234543 Received request from 102.23.55.32 for /example
2006-02-13T15:33:44.726534 Started database query for table users
2019-02-13T15:33:44.038472 Completed database query for table users
2019-02-13T15:33:43.234543 Received request from 102.23.55.32 for /example
2009-02-13T15:33:44.726534 Started database query for table users
2019-02-13T15:33:44.038472 Completed database query for table users
2019-02-13T15:33:43.234543 Received request from 102.23.55.32 for /example
2018-02-13T15:33:44.726534 Started database query for table users
2019-02-13T15:33:44.038472 Completed database query for table users
2019-02-13T15:33:43.234543 Received request from 102.23.55.32 for /example
2012-02-13T15:33:44.726534 Started database query for table users
2019-02-13T15:33:44.038472 Completed database query for table users
2019-02-13T15:33:43.234543 Received request from 102.23.55.32 for /example
2019-02-13T15:33:44.726534 Started database query for table users
2019-02-13T15:33:44.038472 Completed database query for table users
2015-02-13T15:33:43.234543 Received request from 102.23.55.32 for /example
2019-02-13T15:33:44.726534 Started database query for table users
2019-02-13T15:33:44.038472 Completed database query for table users
2019-02-13T15:33:43.234543 Received request from 102.23.55.32 for /example
2019-02-13T15:33:44.726534 Started database query for table users
2019-02-13T15:33:44.038472 Completed database query for table users
2019-02-13T15:33:43.234543 Received request from 102.23.55.32 for /example
2019-02-13T15:33:44.726534 Started database query for table users
2019-02-13T15:33:44.038472 Completed database query for table users
2019-02-13T15:33:43.234543 Received request from 102.23.55.32 for /example
2019-02-13T15:33:44.726534 Started database query for table users
2019-02-13T15:33:44.038472 Completed database query for table users
2019-02-13T15:33:43.234543 Received request from 102.23.55.32 for /example
2019-02-13T15:33:44.726534 Started database query for table users
2019-02-13T15:33:44.038472 Completed database query for table users
2019-02-13T15:33:43.234543 Received request from 102.23.55.32 for /example
2019-02-13T15:33:44.726534 Started database query for table users
2019-02-13T15:33:44.038472 Completed database query for table users
2019-02-13T15:33:43.234543 Received request from 102.23.55.32 for /example
2019-02-13T15:33:44.726534 Started database query for table users
2019-02-13T15:33:44.038472 Completed database query for table users
2019-02-13T15:33:43.234543 Received request from 102.23.55.32 for /example
2019-02-13T15:33:44.726534 Started database query for table users
2019-02-13T15:33:44.038472 Completed database query for table users
2019-02-13T15:33:43.234543 Received request from 102.23.55.32 for /example
2006-02-13T15:33:44.726534 Started database query for table users
2019-02-13T15:33:44.038472 Completed database query for table users
2019-02-13T15:33:43.234543 Received request from 102.23.55.32 for /example
2009-02-13T15:33:44.726534 Started database query for table users
2019-02-13T15:33:44.038472 Completed database query for table users
2019-02-13T15:33:43.234543 Received request from 102.23.55.32 for /example
2018-02-13T15:33:44.726534 Started database query for table users
2019-02-13T15:33:44.038472 Completed database query for table users
2019-02-13T15:33:43.234543 Received request from 102.23.55.32 for /example
2012-02-13T15:33:44.726534 Started database query for table users
2019-02-13T15:33:44.038472 Completed database query for table users
2019-02-13T15:33:43.234543 Received request from 102.23.55.32 for /example
2019-02-13T15:33:44.726534 Started database query for table users
2019-02-13T15:33:44.038472 Completed database query for table users
2015-02-13T15:33:43.234543 Received request from 102.23.55.32 for /example
2019-02-13T15:33:44.726534 Started database query for table users
2019-02-13T15:33:44.038472 Completed database query for table users
2019-02-13T15:33:43.234543 Received request from 102.23.55.32 for /example
2019-02-13T15:33:44.726534 Started database query for table users
2019-02-13T15:33:44.038472 Completed database query for table users
2019-02-13T15:33:43.234543 Received request from 102.23.55.32 for /example
2019-02-13T15:33:44.726534 Started database query for table users
2019-02-13T15:33:44.038472 Completed database query for table users
2019-02-13T15:33:43.234543 Received request from 102.23.55.32 for /example
2019-02-13T15:33:44.726534 Started database query for table users
2019-02-13T15:33:44.038472 Completed database query for table users
2019-02-13T15:33:43.234543 Received request from 102.23.55.32 for /example
2019-02-13T15:33:44.726534 Started database query for table users
2019-02-13T15:33:44.038472 Completed database query for table users
2019-02-13T15:33:43.234543 Received request from 102.23.55.32 for /example
2019-02-13T15:33:44.726534 Started database query for table users
2019-02-13T15:33:44.038472 Completed database query for table users
2019-02-13T15:33:43.234543 Received request from 102.23.55.32 for /example
2019-02-13T15:33:44.726534 Started database query for table users
2019-02-13T15:33:44.038472 Completed database query for table users
2019-02-13T15:33:43.234543 Received request from 102.23.55.32 for /example
2019-02-13T15:33:44.726534 Started database query for table users
2019-02-13T15:33:44.038472 Completed database query for table users
2019-02-13T15:33:43.234543 Received request from 102.23.55.32 for /example
2006-02-13T15:33:44.726534 Started database query for table users
2019-02-13T15:33:44.038472 Completed database query for table users
2019-02-13T15:33:43.234543 Received request from 102.23.55.32 for /example
2009-02-13T15:33:44.726534 Started database query for table users
2019-02-13T15:33:44.038472 Completed database query for table users
2019-02-13T15:33:43.234543 Received request from 102.23.55.32 for /example
2018-02-13T15:33:44.726534 Started database query for table users
2019-02-13T15:33:44.038472 Completed database query for table users
2019-02-13T15:33:43.234543 Received request from 102.23.55.32 for /example
2012-02-13T15:33:44.726534 Started database query for table users
2019-02-13T15:33:44.038472 Completed database query for table users
2019-02-13T15:33:43.234543 Received request from 102.23.55.32 for /example
2019-02-13T15:33:44.726534 Started database query for table users
2019-02-13T15:33:44.038472 Completed database query for table users
2015-02-13T15:33:43.234543 Received request from 102.23.55.32 for /example
2019-02-13T15:33:44.726534 Started database query for table users
2019-02-13T15:33:44.038472 Completed database query for table users
2019-02-13T15:33:43.234543 Received request from 102.23.55.32 for /example
2019-02-13T15:33:44.726534 Started database query for table users
2019-02-13T15:33:44.038472 Completed database query for table users
2019-02-13T15:33:43.234543 Received request from 102.23.55.32 for /example
2019-02-13T15:33:44.726534 Started database query for table users
2019-02-13T15:33:44.038472 Completed database query for table users
2019-02-13T15:33:43.234543 Received request from 102.23.55.32 for /example
2019-02-13T15:33:44.726534 Started database query for table users
2019-02-13T15:33:44.038472 Completed database query for table users
2019-02-13T15:33:43.234543 Received request from 102.23.55.32 for /example
2019-02-13T15:33:44.726534 Started database query for table users
2019-02-13T15:33:44.038472 Completed database query for table users
2019-02-13T15:33:43.234543 Received request from 102.23.55.32 for /example
2019-02-13T15:33:44.726534 Started database query for table users
2019-02-13T15:33:44.038472 Completed database query for table users
2019-02-13T15:33:43.234543 Received request from 102.23.55.32 for /example
2019-02-13T15:33:44.726534 Started database query for table users
2019-02-13T15:33:44.038472 Completed database query for table users
2019-02-13T15:33:43.234543 Received request from 102.23.55.32 for /example
2019-02-13T15:33:44.726534 Started database query for table users
2019-02-13T15:33:44.038472 Completed database query for table users
2019-02-13T15:33:43.234543 Received request from 102.23.55.32 for /example
2006-02-13T15:33:44.726534 Started database query for table users
2019-02-13T15:33:44.038472 Completed database query for table users
2019-02-13T15:33:43.234543 Received request from 102.23.55.32 for /example
2009-02-13T15:33:44.726534 Started database query for table users
2019-02-13T15:33:44.038472 Completed database query for table users
2019-02-13T15:33:43.234543 Received request from 102.23.55.32 for /example
2018-02-13T15:33:44.726534 Started database query for table users
2019-02-13T15:33:44.038472 Completed database query for table users
2019-02-13T15:33:43.234543 Received request from 102.23.55.32 for /example
2012-02-13T15:33:44.726534 Started database query for table users
2019-02-13T15:33:44.038472 Completed database query for table users
2019-02-13T15:33:43.234543 Received request from 102.23.55.32 for /example
2019-02-13T15:33:44.726534 Started database query for table users
2019-02-13T15:33:44.038472 Completed database query for table users
2015-02-13T15:33:43.234543 Received request from 102.23.55.32 for /example
2019-02-13T15:33:44.726534 Started database query for table users
2019-02-13T15:33:44.038472 Completed database query for table users
2019-02-13T15:33:43.234543 Received request from 102.23.55.32 for /example
2019-02-13T15:33:44.726534 Started database query for table users
2019-02-13T15:33:44.038472 Completed database query for table users
2019-02-13T15:33:43.234543 Received request from 102.23.55.32 for /example
2019-02-13T15:33:44.726534 Started database query for table users
2019-02-13T15:33:44.038472 Completed database query for table users
2019-02-13T15:33:43.234543 Received request from 102.23.55.32 for /example
2019-02-13T15:33:44.726534 Started database query for table users
2019-02-13T15:33:44.038472 Completed database query for table users
2019-02-13T15:33:43.234543 Received request from 102.23.55.32 for /example
2019-02-13T15:33:44.726534 Started database query for table users
2019-02-13T15:33:44.038472 Completed database query for table users
2019-02-13T15:33:43.234543 Received request from 102.23.55.32 for /example
2019-02-13T15:33:44.726534 Started database query for table users
2019-02-13T15:33:44.038472 Completed database query for table users
2019-02-13T15:33:43.234543 Received request from 102.23.55.32 for /example
2019-02-13T15:33:44.726534 Started database query for table users
2019-02-13T15:33:44.038472 Completed database query for table users
2019-02-13T15:33:43.234543 Received request from 102.23.55.32 for /example
2019-02-13T15:33:44.726534 Started database query for table users
2019-02-13T15:33:44.038472 Completed database query for table users
2019-02-13T15:33:43.234543 Received request from 102.23.55.32 for /example
2006-02-13T15:33:44.726534 Started database query for table users
2019-02-13T15:33:44.038472 Completed database query for table users
2019-02-13T15:33:43.234543 Received request from 102.23.55.32 for /example
2009-02-13T15:33:44.726534 Started database query for table users
2019-02-13T15:33:44.038472 Completed database query for table users
2019-02-13T15:33:43.234543 Received request from 102.23.55.32 for /example
2018-02-13T15:33:44.726534 Started database query for table users
2019-02-13T15:33:44.038472 Completed database query for table users
2019-02-13T15:33:43.234543 Received request from 102.23.55.32 for /example
2012-02-13T15:33:44.726534 Started database query for table users
2019-02-13T15:33:44.038472 Completed database query for table users
2019-02-13T15:33:43.234543 Received request from 102.23.55.32 for /example
2019-02-13T15:33:44.726534 Started database query for table users
2019-02-13T15:33:44.038472 Completed database query for table users
2015-02-13T15:33:43.234543 Received request from 102.23.55.32 for /example
2019-02-13T15:33:44.726534 Started database query for table users
2019-02-13T15:33:44.038472 Completed database query for table users
2019-02-13T15:33:43.234543 Received request from 102.23.55.32 for /example
2019-02-13T15:33:44.726534 Started database query for table users
2019-02-13T15:33:44.038472 Completed database query for table users
2019-02-13T15:33:43.234543 Received request from 102.23.55.32 for /example
2019-02-13T15:33:44.726534 Started database query for table users
2019-02-13T15:33:44.038472 Completed database query for table users
2019-02-13T15:33:43.234543 Received request from 102.23.55.32 for /example
2019-02-13T15:33:44.726534 Started database query for table users
2019-02-13T15:33:44.038472 Completed database query for table users
2019-02-13T15:33:43.234543 Received request from 102.23.55.32 for /example
2019-02-13T15:33:44.726534 Started database query for table users
2019-02-13T15:33:44.038472 Completed database query for table users
2019-02-13T15:33:43.234543 Received request from 102.23.55.32 for /example
2019-02-13T15:33:44.726534 Started database query for table users
2019-02-13T15:33:44.038472 Completed database query for table users
2019-02-13T15:33:43.234543 Received request from 102.23.55.32 for /example
2019-02-13T15:33:44.726534 Started database query for table users
2019-02-13T15:33:44.038472 Completed database query for table users
2019-02-13T15:33:43.234543 Received request from 102.23.55.32 for /example
2019-02-13T15:33:44.726534 Started database query for table users
2019-02-13T15:33:44.038472 Completed database query for table users
2019-02-13T15:33:43.234543 Received request from 102.23.55.32 for /example
2006-02-13T15:33:44.726534 Started database query for table users
2019-02-13T15:33:44.038472 Completed database query for table users
2019-02-13T15:33:43.234543 Received request from 102.23.55.32 for /example
2009-02-13T15:33:44.726534 Started database query for table users
2019-02-13T15:33:44.038472 Completed database query for table users
2019-02-13T15:33:43.234543 Received request from 102.23.55.32 for /example
2018-02-13T15:33:44.726534 Started database query for table users
2019-02-13T15:33:44.038472 Completed database query for table users
2019-02-13T15:33:43.234543 Received request from 102.23.55.32 for /example
2012-02-13T15:33:44.726534 Started database query for table users
2019-02-13T15:33:44.038472 Completed database query for table users
2019-02-13T15:33:43.234543 Received request from 102.23.55.32 for /example
2019-02-13T15:33:44.726534 Started database query for table users
2019-02-13T15:33:44.038472 Completed database query for table users
2015-02-13T15:33:43.234543 Received request from 102.23.55.32 for /example
2019-02-13T15:33:44.726534 Started database query for table users
2019-02-13T15:33:44.038472 Completed database query for table users
2019-02-13T15:33:43.234543 Received request from 102.23.55.32 for /example
2019-02-13T15:33:44.726534 Started database query for table users
2019-02-13T15:33:44.038472 Completed database query for table users
2019-02-13T15:33:43.234543 Received request from 102.23.55.32 for /example
2019-02-13T15:33:44.726534 Started database query for table users
2019-02-13T15:33:44.038472 Completed database query for table users
2019-02-13T15:33:43.234543 Received request from 102.23.55.32 for /example
2019-02-13T15:33:44.726534 Started database query for table users
2019-02-13T15:33:44.038472 Completed database query for table users
2019-02-13T15:33:43.234543 Received request from 102.23.55.32 for /example
2019-02-13T15:33:44.726534 Started database query for table users
2019-02-13T15:33:44.038472 Completed database query for table users
2019-02-13T15:33:43.234543 Received request from 102.23.55.32 for /example
2019-02-13T15:33:44.726534 Started database query for table users
2019-02-13T15:33:44.038472 Completed database query for table users
2019-02-13T15:33:43.234543 Received request from 102.23.55.32 for /example
2019-02-13T15:33:44.726534 Started database query for table users
2019-02-13T15:33:44.038472 Completed database query for table users
2019-02-13T15:33:43.234543 Received request from 102.23.55.32 for /example
2019-02-13T15:33:44.726534 Started database query for table users
2019-02-13T15:33:44.038472 Completed database query for table users
2019-02-13T15:33:43.234543 Received request from 102.23.55.32 for /example
2006-02-13T15:33:44.726534 Started database query for table users
2019-02-13T15:33:44.038472 Completed database query for table users
2019-02-13T15:33:43.234543 Received request from 102.23.55.32 for /example
2009-02-13T15:33:44.726534 Started database query for table users
2019-02-13T15:33:44.038472 Completed database query for table users
2019-02-13T15:33:43.234543 Received request from 102.23.55.32 for /example
2018-02-13T15:33:44.726534 Started database query for table users
2019-02-13T15:33:44.038472 Completed database query for table users
2019-02-13T15:33:43.234543 Received request from 102.23.55.32 for /example
2012-02-13T15:33:44.726534 Started database query for table users
2019-02-13T15:33:44.038472 Completed database query for table users
2019-02-13T15:33:43.234543 Received request from 102.23.55.32 for /example
2019-02-13T15:33:44.726534 Started database query for table users
2019-02-13T15:33:44.038472 Completed database query for table users
2015-02-13T15:33:43.234543 Received request from 102.23.55.32 for /example
2019-02-13T15:33:44.726534 Started database query for table users
2019-02-13T15:33:44.038472 Completed database query for table users
2019-02-13T15:33:43.234543 Received request from 102.23.55.32 for /example
2019-02-13T15:33:44.726534 Started database query for table users
2019-02-13T15:33:44.038472 Completed database query for table users
2019-02-13T15:33:43.234543 Received request from 102.23.55.32 for /example
2019-02-13T15:33:44.726534 Started database query for table users
2019-02-13T15:33:44.038472 Completed database query for table users
2019-02-13T15:33:43.234543 Received request from 102.23.55.32 for /example
2019-02-13T15:33:44.726534 Started database query for table users
2019-02-13T15:33:44.038472 Completed database query for table users
2019-02-13T15:33:43.234543 Received request from 102.23.55.32 for /example
2019-02-13T15:33:44.726534 Started database query for table users
2019-02-13T15:33:44.038472 Completed database query for table users
2019-02-13T15:33:43.234543 Received request from 102.23.55.32 for /example
2019-02-13T15:33:44.726534 Started database query for table users
2019-02-13T15:33:44.038472 Completed database query for table users
2019-02-13T15:33:43.234543 Received request from 102.23.55.32 for /example
2019-02-13T15:33:44.726534 Started database query for table users
2019-02-13T15:33:44.038472 Completed database query for table users
2019-02-13T15:33:43.234543 Received request from 102.23.55.32 for /example
2019-02-13T15:33:44.726534 Started database query for table users
2019-02-13T15:33:44.038472 Completed database query for table users
2019-02-13T15:33:43.234543 Received request from 102.23.55.32 for /example
2006-02-13T15:33:44.726534 Started database query for table users
2019-02-13T15:33:44.038472 Completed database query for table users
2019-02-13T15:33:43.234543 Received request from 102.23.55.32 for /example
2009-02-13T15:33:44.726534 Started database query for table users
2019-02-13T15:33:44.038472 Completed database query for table users
2019-02-13T15:33:43.234543 Received request from 102.23.55.32 for /example
2018-02-13T15:33:44.726534 Started database query for table users
2019-02-13T15:33:44.038472 Completed database query for table users
2019-02-13T15:33:43.234543 Received request from 102.23.55.32 for /example
2012-02-13T15:33:44.726534 Started database query for table users
2019-02-13T15:33:44.038472 Completed database query for table users
2019-02-13T15:33:43.234543 Received request from 102.23.55.32 for /example
2019-02-13T15:33:44.726534 Started database query for table users
2019-02-13T15:33:44.038472 Completed database query for table users
2015-02-13T15:33:43.234543 Received request from 102.23.55.32 for /example
2019-02-13T15:33:44.726534 Started database query for table users
2019-02-13T15:33:44.038472 Completed database query for table users
2019-02-13T15:33:43.234543 Received request from 102.23.55.32 for /example
2019-02-13T15:33:44.726534 Started database query for table users
2019-02-13T15:33:44.038472 Completed database query for table users
2019-02-13T15:33:43.234543 Received request from 102.23.55.32 for /example
2019-02-13T15:33:44.726534 Started database query for table users
2019-02-13T15:33:44.038472 Completed database query for table users
2019-02-13T15:33:43.234543 Received request from 102.23.55.32 for /example
2019-02-13T15:33:44.726534 Started database query for table users
2019-02-13T15:33:44.038472 Completed database query for table users
2019-02-13T15:33:43.234543 Received request from 102.23.55.32 for /example
2019-02-13T15:33:44.726534 Started database query for table users
2019-02-13T15:33:44.038472 Completed database query for table users
2019-02-13T15:33:43.234543 Received request from 102.23.55.32 for /example
2019-02-13T15:33:44.726534 Started database query for table users
2019-02-13T15:33:44.038472 Completed database query for table users
2019-02-13T15:33:43.234543 Received request from 102.23.55.32 for /example
2019-02-13T15:33:44.726534 Started database query for table users
2019-02-13T15:33:44.038472 Completed database query for table users
2019-02-13T15:33:43.234543 Received request from 102.23.55.32 for /example
2019-02-13T15:33:44.726534 Started database query for table users
2019-02-13T15:33:44.038472 Completed database query for table users
2019-02-13T15:33:43.234543 Received request from 102.23.55.32 for /example
2006-02-13T15:33:44.726534 Started database query for table users
2019-02-13T15:33:44.038472 Completed database query for table users
2019-02-13T15:33:43.234543 Received request from 102.23.55.32 for /example
2009-02-13T15:33:44.726534 Started database query for table users
2019-02-13T15:33:44.038472 Completed database query for table users
2019-02-13T15:33:43.234543 Received request from 102.23.55.32 for /example
2018-02-13T15:33:44.726534 Started database query for table users
2019-02-13T15:33:44.038472 Completed database query for table users
2019-02-13T15:33:43.234543 Received request from 102.23.55.32 for /example
2012-02-13T15:33:44.726534 Started database query for table users
2019-02-13T15:33:44.038472 Completed database query for table users
2019-02-13T15:33:43.234543 Received request from 102.23.55.32 for /example
2019-02-13T15:33:44.726534 Started database query for table users
2019-02-13T15:33:44.038472 Completed database query for table users
2015-02-13T15:33:43.234543 Received request from 102.23.55.32 for /example
2019-02-13T15:33:44.726534 Started database query for table users
2019-02-13T15:33:44.038472 Completed database query for table users
2019-02-13T15:33:43.234543 Received request from 102.23.55.32 for /example
2019-02-13T15:33:44.726534 Started database query for table users
2019-02-13T15:33:44.038472 Completed database query for table users
2019-02-13T15:33:43.234543 Received request from 102.23.55.32 for /example
2019-02-13T15:33:44.726534 Started database query for table users
2019-02-13T15:33:44.038472 Completed database query for table users
2019-02-13T15:33:43.234543 Received request from 102.23.55.32 for /example
2019-02-13T15:33:44.726534 Started database query for table users
2019-02-13T15:33:44.038472 Completed database query for table users
2019-02-13T15:33:43.234543 Received request from 102.23.55.32 for /example
2019-02-13T15:33:44.726534 Started database query for table users
2019-02-13T15:33:44.038472 Completed database query for table users
2019-02-13T15:33:43.234543 Received request from 102.23.55.32 for /example
2019-02-13T15:33:44.726534 Started database query for table users
2019-02-13T15:33:44.038472 Completed database query for table users
2019-02-13T15:33:43.234543 Received request from 102.23.55.32 for /example
2019-02-13T15:33:44.726534 Started database query for table users
2019-02-13T15:33:44.038472 Completed database query for table users
2019-02-13T15:33:43.234543 Received request from 102.23.55.32 for /example
2019-02-13T15:33:44.726534 Started database query for table users
2019-02-13T15:33:44.038472 Completed database query for table users
2019-02-13T15:33:43.234543 Received request from 102.23.55.32 for /example
2006-02-13T15:33:44.726534 Started database query for table users
2019-02-13T15:33:44.038472 Completed database query for table users
2019-02-13T15:33:43.234543 Received request from 102.23.55.32 for /example
2009-02-13T15:33:44.726534 Started database query for table users
2019-02-13T15:33:44.038472 Completed database query for table users
2019-02-13T15:33:43.234543 Received request from 102.23.55.32 for /example
2018-02-13T15:33:44.726534 Started database query for table users
2019-02-13T15:33:44.038472 Completed database query for table users
2019-02-13T15:33:43.234543 Received request from 102.23.55.32 for /example
2012-02-13T15:33:44.726534 Started database query for table users
2019-02-13T15:33:44.038472 Completed database query for table users
2019-02-13T15:33:43.234543 Received request from 102.23.55.32 for /example
2019-02-13T15:33:44.726534 Started database query for table users
2019-02-13T15:33:44.038472 Completed database query for table users
2015-02-13T15:33:43.234543 Received request from 102.23.55.32 for /example
2019-02-13T15:33:44.726534 Started database query for table users
2019-02-13T15:33:44.038472 Completed database query for table users
2019-02-13T15:33:43.234543 Received request from 102.23.55.32 for /example
2019-02-13T15:33:44.726534 Started database query for table users
2019-02-13T15:33:44.038472 Completed database query for table users
2019-02-13T15:33:43.234543 Received request from 102.23.55.32 for /example
2019-02-13T15:33:44.726534 Started database query for table users
2019-02-13T15:33:44.038472 Completed database query for table users
2019-02-13T15:33:43.234543 Received request from 102.23.55.32 for /example
2019-02-13T15:33:44.726534 Started database query for table users
2019-02-13T15:33:44.038472 Completed database query for table users
2019-02-13T15:33:43.234543 Received request from 102.23.55.32 for /example
2019-02-13T15:33:44.726534 Started database query for table users
2019-02-13T15:33:44.038472 Completed database query for table users
2019-02-13T15:33:43.234543 Received request from 102.23.55.32 for /example
2019-02-13T15:33:44.726534 Started database query for table users
2019-02-13T15:33:44.038472 Completed database query for table users
2019-02-13T15:33:43.234543 Received request from 102.23.55.32 for /example
2019-02-13T15:33:44.726534 Started database query for table users
2019-02-13T15:33:44.038472 Completed database query for table users
2019-02-13T15:33:43.234543 Received request from 102.23.55.32 for /example
2019-02-13T15:33:44.726534 Started database query for table users
2019-02-13T15:33:44.038472 Completed database query for table users
2019-02-13T15:33:43.234543 Received request from 102.23.55.32 for /example
2006-02-13T15:33:44.726534 Started database query for table users
2019-02-13T15:33:44.038472 Completed database query for table users
2019-02-13T15:33:43.234543 Received request from 102.23.55.32 for /example
2009-02-13T15:33:44.726534 Started database query for table users
2019-02-13T15:33:44.038472 Completed database query for table users
2019-02-13T15:33:43.234543 Received request from 102.23.55.32 for /example
2018-02-13T15:33:44.726534 Started database query for table users
2019-02-13T15:33:44.038472 Completed database query for table users
2019-02-13T15:33:43.234543 Received request from 102.23.55.32 for /example
2012-02-13T15:33:44.726534 Started database query for table users
2019-02-13T15:33:44.038472 Completed database query for table users
2019-02-13T15:33:43.234543 Received request from 102.23.55.32 for /example
2019-02-13T15:33:44.726534 Started database query for table users
2019-02-13T15:33:44.038472 Completed database query for table users
2015-02-13T15:33:43.234543 Received request from 102.23.55.32 for /example
2019-02-13T15:33:44.726534 Started database query for table users
2019-02-13T15:33:44.038472 Completed database query for table users
2019-02-13T15:33:43.234543 Received request from 102.23.55.32 for /example
2019-02-13T15:33:44.726534 Started database query for table users
2019-02-13T15:33:44.038472 Completed database query for table users
2019-02-13T15:33:43.234543 Received request from 102.23.55.32 for /example
2019-02-13T15:33:44.726534 Started database query for table users
2019-02-13T15:33:44.038472 Completed database query for table users
2019-02-13T15:33:43.234543 Received request from 102.23.55.32 for /example
2019-02-13T15:33:44.726534 Started database query for table users
2019-02-13T15:33:44.038472 Completed database query for table users
2019-02-13T15:33:43.234543 Received request from 102.23.55.32 for /example
2019-02-13T15:33:44.726534 Started database query for table users
2019-02-13T15:33:44.038472 Completed database query for table users
2019-02-13T15:33:43.234543 Received request from 102.23.55.32 for /example
2019-02-13T15:33:44.726534 Started database query for table users
2019-02-13T15:33:44.038472 Completed database query for table users
2019-02-13T15:33:43.234543 Received request from 102.23.55.32 for /example
2019-02-13T15:33:44.726534 Started database query for table users
2019-02-13T15:33:44.038472 Completed database query for table users
2019-02-13T15:33:43.234543 Received request from 102.23.55.32 for /example
2019-02-13T15:33:44.726534 Started database query for table users
2019-02-13T15:33:44.038472 Completed database query for table users
2019-02-13T15:33:43.234543 Received request from 102.23.55.32 for /example
2006-02-13T15:33:44.726534 Started database query for table users
2019-02-13T15:33:44.038472 Completed database query for table users
2019-02-13T15:33:43.234543 Received request from 102.23.55.32 for /example
2009-02-13T15:33:44.726534 Started database query for table users
2019-02-13T15:33:44.038472 Completed database query for table users
2019-02-13T15:33:43.234543 Received request from 102.23.55.32 for /example
2018-02-13T15:33:44.726534 Started database query for table users
2019-02-13T15:33:44.038472 Completed database query for table users
2019-02-13T15:33:43.234543 Received request from 102.23.55.32 for /example
2012-02-13T15:33:44.726534 Started database query for table users
2019-02-13T15:33:44.038472 Completed database query for table users
2019-02-13T15:33:43.234543 Received request from 102.23.55.32 for /example
2019-02-13T15:33:44.726534 Started database query for table users
2019-02-13T15:33:44.038472 Completed database query for table users
2015-02-13T15:33:43.234543 Received request from 102.23.55.32 for /example
2019-02-13T15:33:44.726534 Started database query for table users
2019-02-13T15:33:44.038472 Completed database query for table users
2019-02-13T15:33:43.234543 Received request from 102.23.55.32 for /example
2019-02-13T15:33:44.726534 Started database query for table users
2019-02-13T15:33:44.038472 Completed database query for table users
2019-02-13T15:33:43.234543 Received request from 102.23.55.32 for /example
2019-02-13T15:33:44.726534 Started database query for table users
2019-02-13T15:33:44.038472 Completed database query for table users
2019-02-13T15:33:43.234543 Received request from 102.23.55.32 for /example
2019-02-13T15:33:44.726534 Started database query for table users
2019-02-13T15:33:44.038472 Completed database query for table users
2019-02-13T15:33:43.234543 Received request from 102.23.55.32 for /example
2019-02-13T15:33:44.726534 Started database query for table users
2019-02-13T15:33:44.038472 Completed database query for table users
2019-02-13T15:33:43.234543 Received request from 102.23.55.32 for /example
2019-02-13T15:33:44.726534 Started database query for table users
2019-02-13T15:33:44.038472 Completed database query for table users
2019-02-13T15:33:43.234543 Received request from 102.23.55.32 for /example
2019-02-13T15:33:44.726534 Started database query for table users
2019-02-13T15:33:44.038472 Completed database query for table users
2019-02-13T15:33:43.234543 Received request from 102.23.55.32 for /example
2019-02-13T15:33:44.726534 Started database query for table users
2019-02-13T15:33:44.038472 Completed database query for table users
2019-02-13T15:33:43.234543 Received request from 102.23.55.32 for /example
2006-02-13T15:33:44.726534 Started database query for table users
2019-02-13T15:33:44.038472 Completed database query for table users
2019-02-13T15:33:43.234543 Received request from 102.23.55.32 for /example
2009-02-13T15:33:44.726534 Started database query for table users
2019-02-13T15:33:44.038472 Completed database query for table users
2019-02-13T15:33:43.234543 Received request from 102.23.55.32 for /example
2018-02-13T15:33:44.726534 Started database query for table users
2019-02-13T15:33:44.038472 Completed database query for table users
2019-02-13T15:33:43.234543 Received request from 102.23.55.32 for /example
2012-02-13T15:33:44.726534 Started database query for table users
2019-02-13T15:33:44.038472 Completed database query for table users
2019-02-13T15:33:43.234543 Received request from 102.23.55.32 for /example
2019-02-13T15:33:44.726534 Started database query for table users
2019-02-13T15:33:44.038472 Completed database query for table users
2015-02-13T15:33:43.234543 Received request from 102.23.55.32 for /example
2019-02-13T15:33:44.726534 Started database query for table users
2019-02-13T15:33:44.038472 Completed database query for table users
2019-02-13T15:33:43.234543 Received request from 102.23.55.32 for /example
2019-02-13T15:33:44.726534 Started database query for table users
2019-02-13T15:33:44.038472 Completed database query for table users
2019-02-13T15:33:43.234543 Received request from 102.23.55.32 for /example
2019-02-13T15:33:44.726534 Started database query for table users
2019-02-13T15:33:44.038472 Completed database query for table users
2019-02-13T15:33:43.234543 Received request from 102.23.55.32 for /example
2019-02-13T15:33:44.726534 Started database query for table users
2019-02-13T15:33:44.038472 Completed database query for table users
2019-02-13T15:33:43.234543 Received request from 102.23.55.32 for /example
2019-02-13T15:33:44.726534 Started database query for table users
2019-02-13T15:33:44.038472 Completed database query for table users
2019-02-13T15:33:43.234543 Received request from 102.23.55.32 for /example
2019-02-13T15:33:44.726534 Started database query for table users
2019-02-13T15:33:44.038472 Completed database query for table users
2019-02-13T15:33:43.234543 Received request from 102.23.55.32 for /example
2019-02-13T15:33:44.726534 Started database query for table users
2019-02-13T15:33:44.038472 Completed database query for table users
2019-02-13T15:33:43.234543 Received request from 102.23.55.32 for /example
2019-02-13T15:33:44.726534 Started database query for table users
2019-02-13T15:33:44.038472 Completed database query for table users
2019-02-13T15:33:43.234543 Received request from 102.23.55.32 for /example
2006-02-13T15:33:44.726534 Started database query for table users
2019-02-13T15:33:44.038472 Completed database query for table users
2019-02-13T15:33:43.234543 Received request from 102.23.55.32 for /example
2009-02-13T15:33:44.726534 Started database query for table users
2019-02-13T15:33:44.038472 Completed database query for table users
2019-02-13T15:33:43.234543 Received request from 102.23.55.32 for /example
2018-02-13T15:33:44.726534 Started database query for table users
2019-02-13T15:33:44.038472 Completed database query for table users
2019-02-13T15:33:43.234543 Received request from 102.23.55.32 for /example
2012-02-13T15:33:44.726534 Started database query for table users
2019-02-13T15:33:44.038472 Completed database query for table users
2019-02-13T15:33:43.234543 Received request from 102.23.55.32 for /example
2019-02-13T15:33:44.726534 Started database query for table users
2019-02-13T15:33:44.038472 Completed database query for table users
2015-02-13T15:33:43.234543 Received request from 102.23.55.32 for /example
2019-02-13T15:33:44.726534 Started database query for table users
2019-02-13T15:33:44.038472 Completed database query for table users
2019-02-13T15:33:43.234543 Received request from 102.23.55.32 for /example
2019-02-13T15:33:44.726534 Started database query for table users
2019-02-13T15:33:44.038472 Completed database query for table users
2019-02-13T15:33:43.234543 Received request from 102.23.55.32 for /example
2019-02-13T15:33:44.726534 Started database query for table users
2019-02-13T15:33:44.038472 Completed database query for table users
2019-02-13T15:33:43.234543 Received request from 102.23.55.32 for /example
2019-02-13T15:33:44.726534 Started database query for table users
2019-02-13T15:33:44.038472 Completed database query for table users
2019-02-13T15:33:43.234543 Received request from 102.23.55.32 for /example
2019-02-13T15:33:44.726534 Started database query for table users
2019-02-13T15:33:44.038472 Completed database query for table users
2019-02-13T15:33:43.234543 Received request from 102.23.55.32 for /example
2019-02-13T15:33:44.726534 Started database query for table users
2019-02-13T15:33:44.038472 Completed database query for table users
2019-02-13T15:33:43.234543 Received request from 102.23.55.32 for /example
2019-02-13T15:33:44.726534 Started database query for table users
2019-02-13T15:33:44.038472 Completed database query for table users
2019-02-13T15:33:43.234543 Received request from 102.23.55.32 for /example
2019-02-13T15:33:44.726534 Started database query for table users
2019-02-13T15:33:44.038472 Completed database query for table users
2019-02-13T15:33:43.234543 Received request from 102.23.55.32 for /example
2006-02-13T15:33:44.726534 Started database query for table users
2019-02-13T15:33:44.038472 Completed database query for table users
2019-02-13T15:33:43.234543 Received request from 102.23.55.32 for /example
2009-02-13T15:33:44.726534 Started database query for table users
2019-02-13T15:33:44.038472 Completed database query for table users
2019-02-13T15:33:43.234543 Received request from 102.23.55.32 for /example
2018-02-13T15:33:44.726534 Started database query for table users
2019-02-13T15:33:44.038472 Completed database query for table users
2019-02-13T15:33:43.234543 Received request from 102.23.55.32 for /example
2012-02-13T15:33:44.726534 Started database query for table users
2019-02-13T15:33:44.038472 Completed database query for table users
2019-02-13T15:33:43.234543 Received request from 102.23.55.32 for /example
2019-02-13T15:33:44.726534 Started database query for table users
2019-02-13T15:33:44.038472 Completed database query for table users
2015-02-13T15:33:43.234543 Received request from 102.23.55.32 for /example
2019-02-13T15:33:44.726534 Started database query for table users
2019-02-13T15:33:44.038472 Completed database query for table users
2019-02-13T15:33:43.234543 Received request from 102.23.55.32 for /example
2019-02-13T15:33:44.726534 Started database query for table users
2019-02-13T15:33:44.038472 Completed database query for table users
2019-02-13T15:33:43.234543 Received request from 102.23.55.32 for /example
2019-02-13T15:33:44.726534 Started database query for table users
2019-02-13T15:33:44.038472 Completed database query for table users
2019-02-13T15:33:43.234543 Received request from 102.23.55.32 for /example
2019-02-13T15:33:44.726534 Started database query for table users
2019-02-13T15:33:44.038472 Completed database query for table users
2019-02-13T15:33:43.234543 Received request from 102.23.55.32 for /example
2019-02-13T15:33:44.726534 Started database query for table users
2019-02-13T15:33:44.038472 Completed database query for table users
2019-02-13T15:33:43.234543 Received request from 102.23.55.32 for /example
2019-02-13T15:33:44.726534 Started database query for table users
2019-02-13T15:33:44.038472 Completed database query for table users
2019-02-13T15:33:43.234543 Received request from 102.23.55.32 for /example
2019-02-13T15:33:44.726534 Started database query for table users
2019-02-13T15:33:44.038472 Completed database query for table users
2019-02-13T15:33:43.234543 Received request from 102.23.55.32 for /example
2019-02-13T15:33:44.726534 Started database query for table users
2019-02-13T15:33:44.038472 Completed database query for table users
2019-02-13T15:33:43.234543 Received request from 102.23.55.32 for /example
2006-02-13T15:33:44.726534 Started database query for table users
2019-02-13T15:33:44.038472 Completed database query for table users
2019-02-13T15:33:43.234543 Received request from 102.23.55.32 for /example
2009-02-13T15:33:44.726534 Started database query for table users
2019-02-13T15:33:44.038472 Completed database query for table users
2019-02-13T15:33:43.234543 Received request from 102.23.55.32 for /example
2018-02-13T15:33:44.726534 Started database query for table users
2019-02-13T15:33:44.038472 Completed database query for table users
2019-02-13T15:33:43.234543 Received request from 102.23.55.32 for /example
2012-02-13T15:33:44.726534 Started database query for table users
2019-02-13T15:33:44.038472 Completed database query for table users
2019-02-13T15:33:43.234543 Received request from 102.23.55.32 for /example
2019-02-13T15:33:44.726534 Started database query for table users
2019-02-13T15:33:44.038472 Completed database query for table users
2015-02-13T15:33:43.234543 Received request from 102.23.55.32 for /example
2019-02-13T15:33:44.726534 Started database query for table users
2019-02-13T15:33:44.038472 Completed database query for table users
2019-02-13T15:33:43.234543 Received request from 102.23.55.32 for /example
2019-02-13T15:33:44.726534 Started database query for table users
2019-02-13T15:33:44.038472 Completed database query for table users
2019-02-13T15:33:43.234543 Received request from 102.23.55.32 for /example
2019-02-13T15:33:44.726534 Started database query for table users
2019-02-13T15:33:44.038472 Completed database query for table users
2019-02-13T15:33:43.234543 Received request from 102.23.55.32 for /example
2019-02-13T15:33:44.726534 Started database query for table users
2019-02-13T15:33:44.038472 Completed database query for table users
2019-02-13T15:33:43.234543 Received request from 102.23.55.32 for /example
2019-02-13T15:33:44.726534 Started database query for table users
2019-02-13T15:33:44.038472 Completed database query for table users
2019-02-13T15:33:43.234543 Received request from 102.23.55.32 for /example
2019-02-13T15:33:44.726534 Started database query for table users
2019-02-13T15:33:44.038472 Completed database query for table users
2019-02-13T15:33:43.234543 Received request from 102.23.55.32 for /example
2019-02-13T15:33:44.726534 Started database query for table users
2019-02-13T15:33:44.038472 Completed database query for table users
2019-02-13T15:33:43.234543 Received request from 102.23.55.32 for /example
2019-02-13T15:33:44.726534 Started database query for table users
2019-02-13T15:33:44.038472 Completed database query for table users
2019-02-13T15:33:43.234543 Received request from 102.23.55.32 for /example
2006-02-13T15:33:44.726534 Started database query for table users
2019-02-13T15:33:44.038472 Completed database query for table users
2019-02-13T15:33:43.234543 Received request from 102.23.55.32 for /example
2009-02-13T15:33:44.726534 Started database query for table users
2019-02-13T15:33:44.038472 Completed database query for table users
2019-02-13T15:33:43.234543 Received request from 102.23.55.32 for /example
2018-02-13T15:33:44.726534 Started database query for table users
2019-02-13T15:33:44.038472 Completed database query for table users
2019-02-13T15:33:43.234543 Received request from 102.23.55.32 for /example
2012-02-13T15:33:44.726534 Started database query for table users
2019-02-13T15:33:44.038472 Completed database query for table users
2019-02-13T15:33:43.234543 Received request from 102.23.55.32 for /example
2019-02-13T15:33:44.726534 Started database query for table users
2019-02-13T15:33:44.038472 Completed database query for table users
2015-02-13T15:33:43.234543 Received request from 102.23.55.32 for /example
2019-02-13T15:33:44.726534 Started database query for table users
2019-02-13T15:33:44.038472 Completed database query for table users
2019-02-13T15:33:43.234543 Received request from 102.23.55.32 for /example
2019-02-13T15:33:44.726534 Started database query for table users
2019-02-13T15:33:44.038472 Completed database query for table users
2019-02-13T15:33:43.234543 Received request from 102.23.55.32 for /example
2019-02-13T15:33:44.726534 Started database query for table users
2019-02-13T15:33:44.038472 Completed database query for table users
2019-02-13T15:33:43.234543 Received request from 102.23.55.32 for /example
2019-02-13T15:33:44.726534 Started database query for table users
2019-02-13T15:33:44.038472 Completed database query for table users
2019-02-13T15:33:43.234543 Received request from 102.23.55.32 for /example
2019-02-13T15:33:44.726534 Started database query for table users
2019-02-13T15:33:44.038472 Completed database query for table users
2019-02-13T15:33:43.234543 Received request from 102.23.55.32 for /example
2019-02-13T15:33:44.726534 Started database query for table users
2019-02-13T15:33:44.038472 Completed database query for table users
2019-02-13T15:33:43.234543 Received request from 102.23.55.32 for /example
2019-02-13T15:33:44.726534 Started database query for table users
2019-02-13T15:33:44.038472 Completed database query for table users
2019-02-13T15:33:43.234543 Received request from 102.23.55.32 for /example
2019-02-13T15:33:44.726534 Started database query for table users
2019-02-13T15:33:44.038472 Completed database query for table users
2019-02-13T15:33:43.234543 Received request from 102.23.55.32 for /example
2006-02-13T15:33:44.726534 Started database query for table users
2019-02-13T15:33:44.038472 Completed database query for table users
2019-02-13T15:33:43.234543 Received request from 102.23.55.32 for /example
2009-02-13T15:33:44.726534 Started database query for table users
2019-02-13T15:33:44.038472 Completed database query for table users
2019-02-13T15:33:43.234543 Received request from 102.23.55.32 for /example
2018-02-13T15:33:44.726534 Started database query for table users
2019-02-13T15:33:44.038472 Completed database query for table users
2019-02-13T15:33:43.234543 Received request from 102.23.55.32 for /example
2012-02-13T15:33:44.726534 Started database query for table users
2019-02-13T15:33:44.038472 Completed database query for table users
2019-02-13T15:33:43.234543 Received request from 102.23.55.32 for /example
2019-02-13T15:33:44.726534 Started database query for table users
2019-02-13T15:33:44.038472 Completed database query for table users
2015-02-13T15:33:43.234543 Received request from 102.23.55.32 for /example
2019-02-13T15:33:44.726534 Started database query for table users
2019-02-13T15:33:44.038472 Completed database query for table users
2019-02-13T15:33:43.234543 Received request from 102.23.55.32 for /example
2019-02-13T15:33:44.726534 Started database query for table users
2019-02-13T15:33:44.038472 Completed database query for table users
2019-02-13T15:33:43.234543 Received request from 102.23.55.32 for /example
2019-02-13T15:33:44.726534 Started database query for table users
2019-02-13T15:33:44.038472 Completed database query for table users
2019-02-13T15:33:43.234543 Received request from 102.23.55.32 for /example
2019-02-13T15:33:44.726534 Started database query for table users
2019-02-13T15:33:44.038472 Completed database query for table users
2019-02-13T15:33:43.234543 Received request from 102.23.55.32 for /example
2019-02-13T15:33:44.726534 Started database query for table users
2019-02-13T15:33:44.038472 Completed database query for table users
2019-02-13T15:33:43.234543 Received request from 102.23.55.32 for /example
2019-02-13T15:33:44.726534 Started database query for table users
2019-02-13T15:33:44.038472 Completed database query for table users
2019-02-13T15:33:43.234543 Received request from 102.23.55.32 for /example
2019-02-13T15:33:44.726534 Started database query for table users
2019-02-13T15:33:44.038472 Completed database query for table users
2019-02-13T15:33:43.234543 Received request from 102.23.55.32 for /example
2019-02-13T15:33:44.726534 Started database query for table users
2019-02-13T15:33:44.038472 Completed database query for table users
2019-02-13T15:33:43.234543 Received request from 102.23.55.32 for /example
2006-02-13T15:33:44.726534 Started database query for table users
2019-02-13T15:33:44.038472 Completed database query for table users
2019-02-13T15:33:43.234543 Received request from 102.23.55.32 for /example
2009-02-13T15:33:44.726534 Started database query for table users
2019-02-13T15:33:44.038472 Completed database query for table users
2019-02-13T15:33:43.234543 Received request from 102.23.55.32 for /example
2018-02-13T15:33:44.726534 Started database query for table users
2019-02-13T15:33:44.038472 Completed database query for table users
2019-02-13T15:33:43.234543 Received request from 102.23.55.32 for /example
2012-02-13T15:33:44.726534 Started database query for table users
2019-02-13T15:33:44.038472 Completed database query for table users
2019-02-13T15:33:43.234543 Received request from 102.23.55.32 for /example
2019-02-13T15:33:44.726534 Started database query for table users
2019-02-13T15:33:44.038472 Completed database query for table users
2015-02-13T15:33:43.234543 Received request from 102.23.55.32 for /example
2019-02-13T15:33:44.726534 Started database query for table users
2019-02-13T15:33:44.038472 Completed database query for table users
2019-02-13T15:33:43.234543 Received request from 102.23.55.32 for /example
2019-02-13T15:33:44.726534 Started database query for table users
2019-02-13T15:33:44.038472 Completed database query for table users
2019-02-13T15:33:43.234543 Received request from 102.23.55.32 for /example
2019-02-13T15:33:44.726534 Started database query for table users
2019-02-13T15:33:44.038472 Completed database query for table users
2019-02-13T15:33:43.234543 Received request from 102.23.55.32 for /example
2019-02-13T15:33:44.726534 Started database query for table users
2019-02-13T15:33:44.038472 Completed database query for table users
2019-02-13T15:33:43.234543 Received request from 102.23.55.32 for /example
2019-02-13T15:33:44.726534 Started database query for table users
2019-02-13T15:33:44.038472 Completed database query for table users
2019-02-13T15:33:43.234543 Received request from 102.23.55.32 for /example
2019-02-13T15:33:44.726534 Started database query for table users
2019-02-13T15:33:44.038472 Completed database query for table users
2019-02-13T15:33:43.234543 Received request from 102.23.55.32 for /example
2019-02-13T15:33:44.726534 Started database query for table users
2019-02-13T15:33:44.038472 Completed database query for table users
2019-02-13T15:33:43.234543 Received request from 102.23.55.32 for /example
2019-02-13T15:33:44.726534 Started database query for table users
2019-02-13T15:33:44.038472 Completed database query for table users
2019-02-13T15:33:43.234543 Received request from 102.23.55.32 for /example
2006-02-13T15:33:44.726534 Started database query for table users
2019-02-13T15:33:44.038472 Completed database query for table users
2019-02-13T15:33:43.234543 Received request from 102.23.55.32 for /example
2009-02-13T15:33:44.726534 Started database query for table users
2019-02-13T15:33:44.038472 Completed database query for table users
2019-02-13T15:33:43.234543 Received request from 102.23.55.32 for /example
2018-02-13T15:33:44.726534 Started database query for table users
2019-02-13T15:33:44.038472 Completed database query for table users
2019-02-13T15:33:43.234543 Received request from 102.23.55.32 for /example
2012-02-13T15:33:44.726534 Started database query for table users
2019-02-13T15:33:44.038472 Completed database query for table users
2019-02-13T15:33:43.234543 Received request from 102.23.55.32 for /example
2019-02-13T15:33:44.726534 Started database query for table users
2019-02-13T15:33:44.038472 Completed database query for table users
2015-02-13T15:33:43.234543 Received request from 102.23.55.32 for /example
2019-02-13T15:33:44.726534 Started database query for table users
2019-02-13T15:33:44.038472 Completed database query for table users
2019-02-13T15:33:43.234543 Received request from 102.23.55.32 for /example
2019-02-13T15:33:44.726534 Started database query for table users
2019-02-13T15:33:44.038472 Completed database query for table users
2019-02-13T15:33:43.234543 Received request from 102.23.55.32 for /example
2019-02-13T15:33:44.726534 Started database query for table users
2019-02-13T15:33:44.038472 Completed database query for table users
2019-02-13T15:33:43.234543 Received request from 102.23.55.32 for /example
2019-02-13T15:33:44.726534 Started database query for table users
2019-02-13T15:33:44.038472 Completed database query for table users
2019-02-13T15:33:43.234543 Received request from 102.23.55.32 for /example
2019-02-13T15:33:44.726534 Started database query for table users
2019-02-13T15:33:44.038472 Completed database query for table users
2019-02-13T15:33:43.234543 Received request from 102.23.55.32 for /example
2019-02-13T15:33:44.726534 Started database query for table users
2019-02-13T15:33:44.038472 Completed database query for table users
2019-02-13T15:33:43.234543 Received request from 102.23.55.32 for /example
2019-02-13T15:33:44.726534 Started database query for table users
2019-02-13T15:33:44.038472 Completed database query for table users
2019-02-13T15:33:43.234543 Received request from 102.23.55.32 for /example
2019-02-13T15:33:44.726534 Started database query for table users
2019-02-13T15:33:44.038472 Completed database query for table users
2019-02-13T15:33:43.234543 Received request from 102.23.55.32 for /example
2006-02-13T15:33:44.726534 Started database query for table users
2019-02-13T15:33:44.038472 Completed database query for table users
2019-02-13T15:33:43.234543 Received request from 102.23.55.32 for /example
2009-02-13T15:33:44.726534 Started database query for table users
2019-02-13T15:33:44.038472 Completed database query for table users
2019-02-13T15:33:43.234543 Received request from 102.23.55.32 for /example
2018-02-13T15:33:44.726534 Started database query for table users
2019-02-13T15:33:44.038472 Completed database query for table users
2019-02-13T15:33:43.234543 Received request from 102.23.55.32 for /example
2012-02-13T15:33:44.726534 Started database query for table users
2019-02-13T15:33:44.038472 Completed database query for table users
2019-02-13T15:33:43.234543 Received request from 102.23.55.32 for /example
2019-02-13T15:33:44.726534 Started database query for table users
2019-02-13T15:33:44.038472 Completed database query for table users
2015-02-13T15:33:43.234543 Received request from 102.23.55.32 for /example
2019-02-13T15:33:44.726534 Started database query for table users
2019-02-13T15:33:44.038472 Completed database query for table users
2019-02-13T15:33:43.234543 Received request from 102.23.55.32 for /example
2019-02-13T15:33:44.726534 Started database query for table users
2019-02-13T15:33:44.038472 Completed database query for table users
2019-02-13T15:33:43.234543 Received request from 102.23.55.32 for /example
2019-02-13T15:33:44.726534 Started database query for table users
2019-02-13T15:33:44.038472 Completed database query for table users
2019-02-13T15:33:43.234543 Received request from 102.23.55.32 for /example
2019-02-13T15:33:44.726534 Started database query for table users
2019-02-13T15:33:44.038472 Completed database query for table users
2019-02-13T15:33:43.234543 Received request from 102.23.55.32 for /example
2019-02-13T15:33:44.726534 Started database query for table users
2019-02-13T15:33:44.038472 Completed database query for table users
2019-02-13T15:33:43.234543 Received request from 102.23.55.32 for /example
2019-02-13T15:33:44.726534 Started database query for table users
2019-02-13T15:33:44.038472 Completed database query for table users
2019-02-13T15:33:43.234543 Received request from 102.23.55.32 for /example
2019-02-13T15:33:44.726534 Started database query for table users
2019-02-13T15:33:44.038472 Completed database query for table users
2019-02-13T15:33:43.234543 Received request from 102.23.55.32 for /example
2019-02-13T15:33:44.726534 Started database query for table users
2019-02-13T15:33:44.038472 Completed database query for table users
2019-02-13T15:33:43.234543 Received request from 102.23.55.32 for /example
2006-02-13T15:33:44.726534 Started database query for table users
2019-02-13T15:33:44.038472 Completed database query for table users
2019-02-13T15:33:43.234543 Received request from 102.23.55.32 for /example
2009-02-13T15:33:44.726534 Started database query for table users
2019-02-13T15:33:44.038472 Completed database query for table users
2019-02-13T15:33:43.234543 Received request from 102.23.55.32 for /example
2018-02-13T15:33:44.726534 Started database query for table users
2019-02-13T15:33:44.038472 Completed database query for table users
2019-02-13T15:33:43.234543 Received request from 102.23.55.32 for /example
2012-02-13T15:33:44.726534 Started database query for table users
2019-02-13T15:33:44.038472 Completed database query for table users
2019-02-13T15:33:43.234543 Received request from 102.23.55.32 for /example
2019-02-13T15:33:44.726534 Started database query for table users
2019-02-13T15:33:44.038472 Completed database query for table users
2015-02-13T15:33:43.234543 Received request from 102.23.55.32 for /example
2019-02-13T15:33:44.726534 Started database query for table users
2019-02-13T15:33:44.038472 Completed database query for table users
2019-02-13T15:33:43.234543 Received request from 102.23.55.32 for /example
2019-02-13T15:33:44.726534 Started database query for table users
2019-02-13T15:33:44.038472 Completed database query for table users
2019-02-13T15:33:43.234543 Received request from 102.23.55.32 for /example
2019-02-13T15:33:44.726534 Started database query for table users
2019-02-13T15:33:44.038472 Completed database query for table users
2019-02-13T15:33:43.234543 Received request from 102.23.55.32 for /example
2019-02-13T15:33:44.726534 Started database query for table users
2019-02-13T15:33:44.038472 Completed database query for table users
2019-02-13T15:33:43.234543 Received request from 102.23.55.32 for /example
2019-02-13T15:33:44.726534 Started database query for table users
2019-02-13T15:33:44.038472 Completed database query for table users
2019-02-13T15:33:43.234543 Received request from 102.23.55.32 for /example
2019-02-13T15:33:44.726534 Started database query for table users
2019-02-13T15:33:44.038472 Completed database query for table users
2019-02-13T15:33:43.234543 Received request from 102.23.55.32 for /example
2019-02-13T15:33:44.726534 Started database query for table users
2019-02-13T15:33:44.038472 Completed database query for table users
2019-02-13T15:33:43.234543 Received request from 102.23.55.32 for /example
2019-02-13T15:33:44.726534 Started database query for table users
2019-02-13T15:33:44.038472 Completed database query for table users
2019-02-13T15:33:43.234543 Received request from 102.23.55.32 for /example
2006-02-13T15:33:44.726534 Started database query for table users
2019-02-13T15:33:44.038472 Completed database query for table users
2019-02-13T15:33:43.234543 Received request from 102.23.55.32 for /example
2009-02-13T15:33:44.726534 Started database query for table users
2019-02-13T15:33:44.038472 Completed database query for table users
2019-02-13T15:33:43.234543 Received request from 102.23.55.32 for /example
2018-02-13T15:33:44.726534 Started database query for table users
2019-02-13T15:33:44.038472 Completed database query for table users
2019-02-13T15:33:43.234543 Received request from 102.23.55.32 for /example
2012-02-13T15:33:44.726534 Started database query for table users
2019-02-13T15:33:44.038472 Completed database query for table users
2019-02-13T15:33:43.234543 Received request from 102.23.55.32 for /example
2019-02-13T15:33:44.726534 Started database query for table users
2019-02-13T15:33:44.038472 Completed database query for table users
2015-02-13T15:33:43.234543 Received request from 102.23.55.32 for /example
2019-02-13T15:33:44.726534 Started database query for table users
2019-02-13T15:33:44.038472 Completed database query for table users
2019-02-13T15:33:43.234543 Received request from 102.23.55.32 for /example
2019-02-13T15:33:44.726534 Started database query for table users
2019-02-13T15:33:44.038472 Completed database query for table users
2019-02-13T15:33:43.234543 Received request from 102.23.55.32 for /example
2019-02-13T15:33:44.726534 Started database query for table users
2019-02-13T15:33:44.038472 Completed database query for table users
2019-02-13T15:33:43.234543 Received request from 102.23.55.32 for /example
2019-02-13T15:33:44.726534 Started database query for table users
2019-02-13T15:33:44.038472 Completed database query for table users
2019-02-13T15:33:43.234543 Received request from 102.23.55.32 for /example
2019-02-13T15:33:44.726534 Started database query for table users
2019-02-13T15:33:44.038472 Completed database query for table users
2019-02-13T15:33:43.234543 Received request from 102.23.55.32 for /example
2019-02-13T15:33:44.726534 Started database query for table users
2019-02-13T15:33:44.038472 Completed database query for table users
2019-02-13T15:33:43.234543 Received request from 102.23.55.32 for /example
2019-02-13T15:33:44.726534 Started database query for table users
2019-02-13T15:33:44.038472 Completed database query for table users
2019-02-13T15:33:43.234543 Received request from 102.23.55.32 for /example
2019-02-13T15:33:44.726534 Started database query for table users
2019-02-13T15:33:44.038472 Completed database query for table users
2019-02-13T15:33:43.234543 Received request from 102.23.55.32 for /example
2006-02-13T15:33:44.726534 Started database query for table users
2019-02-13T15:33:44.038472 Completed database query for table users
2019-02-13T15:33:43.234543 Received request from 102.23.55.32 for /example
2009-02-13T15:33:44.726534 Started database query for table users
2019-02-13T15:33:44.038472 Completed database query for table users
2019-02-13T15:33:43.234543 Received request from 102.23.55.32 for /example
2018-02-13T15:33:44.726534 Started database query for table users
2019-02-13T15:33:44.038472 Completed database query for table users
2019-02-13T15:33:43.234543 Received request from 102.23.55.32 for /example
2012-02-13T15:33:44.726534 Started database query for table users
2019-02-13T15:33:44.038472 Completed database query for table users
2019-02-13T15:33:43.234543 Received request from 102.23.55.32 for /example
2019-02-13T15:33:44.726534 Started database query for table users
2019-02-13T15:33:44.038472 Completed database query for table users
2015-02-13T15:33:43.234543 Received request from 102.23.55.32 for /example
2019-02-13T15:33:44.726534 Started database query for table users
2019-02-13T15:33:44.038472 Completed database query for table users
2019-02-13T15:33:43.234543 Received request from 102.23.55.32 for /example
2019-02-13T15:33:44.726534 Started database query for table users
2019-02-13T15:33:44.038472 Completed database query for table users
2019-02-13T15:33:43.234543 Received request from 102.23.55.32 for /example
2019-02-13T15:33:44.726534 Started database query for table users
2019-02-13T15:33:44.038472 Completed database query for table users
2019-02-13T15:33:43.234543 Received request from 102.23.55.32 for /example
2019-02-13T15:33:44.726534 Started database query for table users
2019-02-13T15:33:44.038472 Completed database query for table users
2019-02-13T15:33:43.234543 Received request from 102.23.55.32 for /example
2019-02-13T15:33:44.726534 Started database query for table users
2019-02-13T15:33:44.038472 Completed database query for table users
2019-02-13T15:33:43.234543 Received request from 102.23.55.32 for /example
2019-02-13T15:33:44.726534 Started database query for table users
2019-02-13T15:33:44.038472 Completed database query for table users
2019-02-13T15:33:43.234543 Received request from 102.23.55.32 for /example
2019-02-13T15:33:44.726534 Started database query for table users
2019-02-13T15:33:44.038472 Completed database query for table users
2019-02-13T15:33:43.234543 Received request from 102.23.55.32 for /example
2019-02-13T15:33:44.726534 Started database query for table users
2019-02-13T15:33:44.038472 Completed database query for table users
2019-02-13T15:33:43.234543 Received request from 102.23.55.32 for /example
2006-02-13T15:33:44.726534 Started database query for table users
2019-02-13T15:33:44.038472 Completed database query for table users
2019-02-13T15:33:43.234543 Received request from 102.23.55.32 for /example
2009-02-13T15:33:44.726534 Started database query for table users
2019-02-13T15:33:44.038472 Completed database query for table users
2019-02-13T15:33:43.234543 Received request from 102.23.55.32 for /example
2018-02-13T15:33:44.726534 Started database query for table users
2019-02-13T15:33:44.038472 Completed database query for table users
2019-02-13T15:33:43.234543 Received request from 102.23.55.32 for /example
2012-02-13T15:33:44.726534 Started database query for table users
2019-02-13T15:33:44.038472 Completed database query for table users
2019-02-13T15:33:43.234543 Received request from 102.23.55.32 for /example
2019-02-13T15:33:44.726534 Started database query for table users
2019-02-13T15:33:44.038472 Completed database query for table users
2015-02-13T15:33:43.234543 Received request from 102.23.55.32 for /example
2019-02-13T15:33:44.726534 Started database query for table users
2019-02-13T15:33:44.038472 Completed database query for table users
2019-02-13T15:33:43.234543 Received request from 102.23.55.32 for /example
2019-02-13T15:33:44.726534 Started database query for table users
2019-02-13T15:33:44.038472 Completed database query for table users
2019-02-13T15:33:43.234543 Received request from 102.23.55.32 for /example
2019-02-13T15:33:44.726534 Started database query for table users
2019-02-13T15:33:44.038472 Completed database query for table users
2019-02-13T15:33:43.234543 Received request from 102.23.55.32 for /example
2019-02-13T15:33:44.726534 Started database query for table users
2019-02-13T15:33:44.038472 Completed database query for table users
2019-02-13T15:33:43.234543 Received request from 102.23.55.32 for /example
2019-02-13T15:33:44.726534 Started database query for table users
2019-02-13T15:33:44.038472 Completed database query for table users
2019-02-13T15:33:43.234543 Received request from 102.23.55.32 for /example
2019-02-13T15:33:44.726534 Started database query for table users
2019-02-13T15:33:44.038472 Completed database query for table users
2019-02-13T15:33:43.234543 Received request from 102.23.55.32 for /example
2019-02-13T15:33:44.726534 Started database query for table users
2019-02-13T15:33:44.038472 Completed database query for table users
2019-02-13T15:33:43.234543 Received request from 102.23.55.32 for /example
2019-02-13T15:33:44.726534 Started database query for table users
2019-02-13T15:33:44.038472 Completed database query for table users
2019-02-13T15:33:43.234543 Received request from 102.23.55.32 for /example
2006-02-13T15:33:44.726534 Started database query for table users
2019-02-13T15:33:44.038472 Completed database query for table users
2019-02-13T15:33:43.234543 Received request from 102.23.55.32 for /example
2009-02-13T15:33:44.726534 Started database query for table users
2019-02-13T15:33:44.038472 Completed database query for table users
2019-02-13T15:33:43.234543 Received request from 102.23.55.32 for /example
2018-02-13T15:33:44.726534 Started database query for table users
2019-02-13T15:33:44.038472 Completed database query for table users
2019-02-13T15:33:43.234543 Received request from 102.23.55.32 for /example
2012-02-13T15:33:44.726534 Started database query for table users
2019-02-13T15:33:44.038472 Completed database query for table users
2019-02-13T15:33:43.234543 Received request from 102.23.55.32 for /example
2019-02-13T15:33:44.726534 Started database query for table users
2019-02-13T15:33:44.038472 Completed database query for table users
2015-02-13T15:33:43.234543 Received request from 102.23.55.32 for /example
2019-02-13T15:33:44.726534 Started database query for table users
2019-02-13T15:33:44.038472 Completed database query for table users
2019-02-13T15:33:43.234543 Received request from 102.23.55.32 for /example
2019-02-13T15:33:44.726534 Started database query for table users
2019-02-13T15:33:44.038472 Completed database query for table users
2019-02-13T15:33:43.234543 Received request from 102.23.55.32 for /example
2019-02-13T15:33:44.726534 Started database query for table users
2019-02-13T15:33:44.038472 Completed database query for table users
2019-02-13T15:33:43.234543 Received request from 102.23.55.32 for /example
2019-02-13T15:33:44.726534 Started database query for table users
2019-02-13T15:33:44.038472 Completed database query for table users
2019-02-13T15:33:43.234543 Received request from 102.23.55.32 for /example
2019-02-13T15:33:44.726534 Started database query for table users
2019-02-13T15:33:44.038472 Completed database query for table users
2019-02-13T15:33:43.234543 Received request from 102.23.55.32 for /example
2019-02-13T15:33:44.726534 Started database query for table users
2019-02-13T15:33:44.038472 Completed database query for table users
2019-02-13T15:33:43.234543 Received request from 102.23.55.32 for /example
2019-02-13T15:33:44.726534 Started database query for table users
2019-02-13T15:33:44.038472 Completed database query for table users
2019-02-13T15:33:43.234543 Received request from 102.23.55.32 for /example
2019-02-13T15:33:44.726534 Started database query for table users
2019-02-13T15:33:44.038472 Completed database query for table users
2019-02-13T15:33:43.234543 Received request from 102.23.55.32 for /example
2006-02-13T15:33:44.726534 Started database query for table users
2019-02-13T15:33:44.038472 Completed database query for table users
2019-02-13T15:33:43.234543 Received request from 102.23.55.32 for /example
2009-02-13T15:33:44.726534 Started database query for table users
2019-02-13T15:33:44.038472 Completed database query for table users
2019-02-13T15:33:43.234543 Received request from 102.23.55.32 for /example
2018-02-13T15:33:44.726534 Started database query for table users
2019-02-13T15:33:44.038472 Completed database query for table users
2019-02-13T15:33:43.234543 Received request from 102.23.55.32 for /example
2012-02-13T15:33:44.726534 Started database query for table users
2019-02-13T15:33:44.038472 Completed database query for table users
2019-02-13T15:33:43.234543 Received request from 102.23.55.32 for /example
2019-02-13T15:33:44.726534 Started database query for table users
2019-02-13T15:33:44.038472 Completed database query for table users
2015-02-13T15:33:43.234543 Received request from 102.23.55.32 for /example
2019-02-13T15:33:44.726534 Started database query for table users
2019-02-13T15:33:44.038472 Completed database query for table users
2019-02-13T15:33:43.234543 Received request from 102.23.55.32 for /example
2019-02-13T15:33:44.726534 Started database query for table users
2019-02-13T15:33:44.038472 Completed database query for table users
2019-02-13T15:33:43.234543 Received request from 102.23.55.32 for /example
2019-02-13T15:33:44.726534 Started database query for table users
2019-02-13T15:33:44.038472 Completed database query for table users
2019-02-13T15:33:43.234543 Received request from 102.23.55.32 for /example
2019-02-13T15:33:44.726534 Started database query for table users
2019-02-13T15:33:44.038472 Completed database query for table users
2019-02-13T15:33:43.234543 Received request from 102.23.55.32 for /example
2019-02-13T15:33:44.726534 Started database query for table users
2019-02-13T15:33:44.038472 Completed database query for table users
2019-02-13T15:33:43.234543 Received request from 102.23.55.32 for /example
2019-02-13T15:33:44.726534 Started database query for table users
2019-02-13T15:33:44.038472 Completed database query for table users
2019-02-13T15:33:43.234543 Received request from 102.23.55.32 for /example
2019-02-13T15:33:44.726534 Started database query for table users
2019-02-13T15:33:44.038472 Completed database query for table users
2019-02-13T15:33:43.234543 Received request from 102.23.55.32 for /example
2019-02-13T15:33:44.726534 Started database query for table users
2019-02-13T15:33:44.038472 Completed database query for table users
2019-02-13T15:33:43.234543 Received request from 102.23.55.32 for /example
2006-02-13T15:33:44.726534 Started database query for table users
2019-02-13T15:33:44.038472 Completed database query for table users
2019-02-13T15:33:43.234543 Received request from 102.23.55.32 for /example
2009-02-13T15:33:44.726534 Started database query for table users
2019-02-13T15:33:44.038472 Completed database query for table users
2019-02-13T15:33:43.234543 Received request from 102.23.55.32 for /example
2018-02-13T15:33:44.726534 Started database query for table users
2019-02-13T15:33:44.038472 Completed database query for table users
2019-02-13T15:33:43.234543 Received request from 102.23.55.32 for /example
2012-02-13T15:33:44.726534 Started database query for table users
2019-02-13T15:33:44.038472 Completed database query for table users
2019-02-13T15:33:43.234543 Received request from 102.23.55.32 for /example
2019-02-13T15:33:44.726534 Started database query for table users
2019-02-13T15:33:44.038472 Completed database query for table users
2015-02-13T15:33:43.234543 Received request from 102.23.55.32 for /example
2019-02-13T15:33:44.726534 Started database query for table users
2019-02-13T15:33:44.038472 Completed database query for table users
2019-02-13T15:33:43.234543 Received request from 102.23.55.32 for /example
2019-02-13T15:33:44.726534 Started database query for table users
2019-02-13T15:33:44.038472 Completed database query for table users
2019-02-13T15:33:43.234543 Received request from 102.23.55.32 for /example
2019-02-13T15:33:44.726534 Started database query for table users
2019-02-13T15:33:44.038472 Completed database query for table users
2019-02-13T15:33:43.234543 Received request from 102.23.55.32 for /example
2019-02-13T15:33:44.726534 Started database query for table users
2019-02-13T15:33:44.038472 Completed database query for table users
2019-02-13T15:33:43.234543 Received request from 102.23.55.32 for /example
2019-02-13T15:33:44.726534 Started database query for table users
2019-02-13T15:33:44.038472 Completed database query for table users
2019-02-13T15:33:43.234543 Received request from 102.23.55.32 for /example
2019-02-13T15:33:44.726534 Started database query for table users
2019-02-13T15:33:44.038472 Completed database query for table users
2019-02-13T15:33:43.234543 Received request from 102.23.55.32 for /example
2019-02-13T15:33:44.726534 Started database query for table users
2019-02-13T15:33:44.038472 Completed database query for table users
2019-02-13T15:33:43.234543 Received request from 102.23.55.32 for /example
2019-02-13T15:33:44.726534 Started database query for table users
2019-02-13T15:33:44.038472 Completed database query for table users
2019-02-13T15:33:43.234543 Received request from 102.23.55.32 for /example
2006-02-13T15:33:44.726534 Started database query for table users
2019-02-13T15:33:44.038472 Completed database query for table users
2019-02-13T15:33:43.234543 Received request from 102.23.55.32 for /example
2009-02-13T15:33:44.726534 Started database query for table users
2019-02-13T15:33:44.038472 Completed database query for table users
2019-02-13T15:33:43.234543 Received request from 102.23.55.32 for /example
2018-02-13T15:33:44.726534 Started database query for table users
2019-02-13T15:33:44.038472 Completed database query for table users
2019-02-13T15:33:43.234543 Received request from 102.23.55.32 for /example
2012-02-13T15:33:44.726534 Started database query for table users
2019-02-13T15:33:44.038472 Completed database query for table users
2019-02-13T15:33:43.234543 Received request from 102.23.55.32 for /example
2019-02-13T15:33:44.726534 Started database query for table users
2019-02-13T15:33:44.038472 Completed database query for table users
2015-02-13T15:33:43.234543 Received request from 102.23.55.32 for /example
2019-02-13T15:33:44.726534 Started database query for table users
2019-02-13T15:33:44.038472 Completed database query for table users
2019-02-13T15:33:43.234543 Received request from 102.23.55.32 for /example
2019-02-13T15:33:44.726534 Started database query for table users
2019-02-13T15:33:44.038472 Completed database query for table users
2019-02-13T15:33:43.234543 Received request from 102.23.55.32 for /example
2019-02-13T15:33:44.726534 Started database query for table users
2019-02-13T15:33:44.038472 Completed database query for table users
2019-02-13T15:33:43.234543 Received request from 102.23.55.32 for /example
2019-02-13T15:33:44.726534 Started database query for table users
2019-02-13T15:33:44.038472 Completed database query for table users
2019-02-13T15:33:43.234543 Received request from 102.23.55.32 for /example
2019-02-13T15:33:44.726534 Started database query for table users
2019-02-13T15:33:44.038472 Completed database query for table users
2019-02-13T15:33:43.234543 Received request from 102.23.55.32 for /example
2019-02-13T15:33:44.726534 Started database query for table users
2019-02-13T15:33:44.038472 Completed database query for table users
2019-02-13T15:33:43.234543 Received request from 102.23.55.32 for /example
2019-02-13T15:33:44.726534 Started database query for table users
2019-02-13T15:33:44.038472 Completed database query for table users
2019-02-13T15:33:43.234543 Received request from 102.23.55.32 for /example
2019-02-13T15:33:44.726534 Started database query for table users
2019-02-13T15:33:44.038472 Completed database query for table users
2019-02-13T15:33:43.234543 Received request from 102.23.55.32 for /example
2006-02-13T15:33:44.726534 Started database query for table users
2019-02-13T15:33:44.038472 Completed database query for table users
2019-02-13T15:33:43.234543 Received request from 102.23.55.32 for /example
2009-02-13T15:33:44.726534 Started database query for table users
2019-02-13T15:33:44.038472 Completed database query for table users
2019-02-13T15:33:43.234543 Received request from 102.23.55.32 for /example
2018-02-13T15:33:44.726534 Started database query for table users
2019-02-13T15:33:44.038472 Completed database query for table users
2019-02-13T15:33:43.234543 Received request from 102.23.55.32 for /example
2012-02-13T15:33:44.726534 Started database query for table users
2019-02-13T15:33:44.038472 Completed database query for table users
2019-02-13T15:33:43.234543 Received request from 102.23.55.32 for /example
2019-02-13T15:33:44.726534 Started database query for table users
2019-02-13T15:33:44.038472 Completed database query for table users
2015-02-13T15:33:43.234543 Received request from 102.23.55.32 for /example
2019-02-13T15:33:44.726534 Started database query for table users
2019-02-13T15:33:44.038472 Completed database query for table users
2019-02-13T15:33:43.234543 Received request from 102.23.55.32 for /example
2019-02-13T15:33:44.726534 Started database query for table users
2019-02-13T15:33:44.038472 Completed database query for table users
2019-02-13T15:33:43.234543 Received request from 102.23.55.32 for /example
2019-02-13T15:33:44.726534 Started database query for table users
2019-02-13T15:33:44.038472 Completed database query for table users
2019-02-13T15:33:43.234543 Received request from 102.23.55.32 for /example
2019-02-13T15:33:44.726534 Started database query for table users
2019-02-13T15:33:44.038472 Completed database query for table users
2019-02-13T15:33:43.234543 Received request from 102.23.55.32 for /example
2019-02-13T15:33:44.726534 Started database query for table users
2019-02-13T15:33:44.038472 Completed database query for table users
2019-02-13T15:33:43.234543 Received request from 102.23.55.32 for /example
2019-02-13T15:33:44.726534 Started database query for table users
2019-02-13T15:33:44.038472 Completed database query for table users
2019-02-13T15:33:43.234543 Received request from 102.23.55.32 for /example
2019-02-13T15:33:44.726534 Started database query for table users
2019-02-13T15:33:44.038472 Completed database query for table users
2019-02-13T15:33:43.234543 Received request from 102.23.55.32 for /example
2019-02-13T15:33:44.726534 Started database query for table users
2019-02-13T15:33:44.038472 Completed database query for table users
2019-02-13T15:33:43.234543 Received request from 102.23.55.32 for /example
2006-02-13T15:33:44.726534 Started database query for table users
2019-02-13T15:33:44.038472 Completed database query for table users
2019-02-13T15:33:43.234543 Received request from 102.23.55.32 for /example
2009-02-13T15:33:44.726534 Started database query for table users
2019-02-13T15:33:44.038472 Completed database query for table users
2019-02-13T15:33:43.234543 Received request from 102.23.55.32 for /example
2018-02-13T15:33:44.726534 Started database query for table users
2019-02-13T15:33:44.038472 Completed database query for table users
2019-02-13T15:33:43.234543 Received request from 102.23.55.32 for /example
2012-02-13T15:33:44.726534 Started database query for table users
2019-02-13T15:33:44.038472 Completed database query for table users
2019-02-13T15:33:43.234543 Received request from 102.23.55.32 for /example
2019-02-13T15:33:44.726534 Started database query for table users
2019-02-13T15:33:44.038472 Completed database query for table users
2015-02-13T15:33:43.234543 Received request from 102.23.55.32 for /example
2019-02-13T15:33:44.726534 Started database query for table users
2019-02-13T15:33:44.038472 Completed database query for table users
2019-02-13T15:33:43.234543 Received request from 102.23.55.32 for /example
2019-02-13T15:33:44.726534 Started database query for table users
2019-02-13T15:33:44.038472 Completed database query for table users
2019-02-13T15:33:43.234543 Received request from 102.23.55.32 for /example
2019-02-13T15:33:44.726534 Started database query for table users
2019-02-13T15:33:44.038472 Completed database query for table users
2019-02-13T15:33:43.234543 Received request from 102.23.55.32 for /example
2019-02-13T15:33:44.726534 Started database query for table users
2019-02-13T15:33:44.038472 Completed database query for table users
2019-02-13T15:33:43.234543 Received request from 102.23.55.32 for /example
2019-02-13T15:33:44.726534 Started database query for table users
2019-02-13T15:33:44.038472 Completed database query for table users
2019-02-13T15:33:43.234543 Received request from 102.23.55.32 for /example
2019-02-13T15:33:44.726534 Started database query for table users
2019-02-13T15:33:44.038472 Completed database query for table users
2019-02-13T15:33:43.234543 Received request from 102.23.55.32 for /example
2019-02-13T15:33:44.726534 Started database query for table users
2019-02-13T15:33:44.038472 Completed database query for table users
2019-02-13T15:33:43.234543 Received request from 102.23.55.32 for /example
2019-02-13T15:33:44.726534 Started database query for table users
2019-02-13T15:33:44.038472 Completed database query for table users
2019-02-13T15:33:43.234543 Received request from 102.23.55.32 for /example
2006-02-13T15:33:44.726534 Started database query for table users
2019-02-13T15:33:44.038472 Completed database query for table users
2019-02-13T15:33:43.234543 Received request from 102.23.55.32 for /example
2009-02-13T15:33:44.726534 Started database query for table users
2019-02-13T15:33:44.038472 Completed database query for table users
2019-02-13T15:33:43.234543 Received request from 102.23.55.32 for /example
2018-02-13T15:33:44.726534 Started database query for table users
2019-02-13T15:33:44.038472 Completed database query for table users
2019-02-13T15:33:43.234543 Received request from 102.23.55.32 for /example
2012-02-13T15:33:44.726534 Started database query for table users
2019-02-13T15:33:44.038472 Completed database query for table users
2019-02-13T15:33:43.234543 Received request from 102.23.55.32 for /example
2019-02-13T15:33:44.726534 Started database query for table users
2019-02-13T15:33:44.038472 Completed database query for table users
2015-02-13T15:33:43.234543 Received request from 102.23.55.32 for /example
2019-02-13T15:33:44.726534 Started database query for table users
2019-02-13T15:33:44.038472 Completed database query for table users
2019-02-13T15:33:43.234543 Received request from 102.23.55.32 for /example
2019-02-13T15:33:44.726534 Started database query for table users
2019-02-13T15:33:44.038472 Completed database query for table users
2019-02-13T15:33:43.234543 Received request from 102.23.55.32 for /example
2019-02-13T15:33:44.726534 Started database query for table users
2019-02-13T15:33:44.038472 Completed database query for table users
2019-02-13T15:33:43.234543 Received request from 102.23.55.32 for /example
2019-02-13T15:33:44.726534 Started database query for table users
2019-02-13T15:33:44.038472 Completed database query for table users
2019-02-13T15:33:43.234543 Received request from 102.23.55.32 for /example
2019-02-13T15:33:44.726534 Started database query for table users
2019-02-13T15:33:44.038472 Completed database query for table users
2019-02-13T15:33:43.234543 Received request from 102.23.55.32 for /example
2019-02-13T15:33:44.726534 Started database query for table users
2019-02-13T15:33:44.038472 Completed database query for table users
2019-02-13T15:33:43.234543 Received request from 102.23.55.32 for /example
2019-02-13T15:33:44.726534 Started database query for table users
2019-02-13T15:33:44.038472 Completed database query for table users
2019-02-13T15:33:43.234543 Received request from 102.23.55.32 for /example
2019-02-13T15:33:44.726534 Started database query for table users
2019-02-13T15:33:44.038472 Completed database query for table users
2019-02-13T15:33:43.234543 Received request from 102.23.55.32 for /example
2006-02-13T15:33:44.726534 Started database query for table users
2019-02-13T15:33:44.038472 Completed database query for table users
2019-02-13T15:33:43.234543 Received request from 102.23.55.32 for /example
2009-02-13T15:33:44.726534 Started database query for table users
2019-02-13T15:33:44.038472 Completed database query for table users
2019-02-13T15:33:43.234543 Received request from 102.23.55.32 for /example
2018-02-13T15:33:44.726534 Started database query for table users
2019-02-13T15:33:44.038472 Completed database query for table users
2019-02-13T15:33:43.234543 Received request from 102.23.55.32 for /example
2012-02-13T15:33:44.726534 Started database query for table users
2019-02-13T15:33:44.038472 Completed database query for table users
2019-02-13T15:33:43.234543 Received request from 102.23.55.32 for /example
2019-02-13T15:33:44.726534 Started database query for table users
2019-02-13T15:33:44.038472 Completed database query for table users
2015-02-13T15:33:43.234543 Received request from 102.23.55.32 for /example
2019-02-13T15:33:44.726534 Started database query for table users
2019-02-13T15:33:44.038472 Completed database query for table users
2019-02-13T15:33:43.234543 Received request from 102.23.55.32 for /example
2019-02-13T15:33:44.726534 Started database query for table users
2019-02-13T15:33:44.038472 Completed database query for table users
2019-02-13T15:33:43.234543 Received request from 102.23.55.32 for /example
2019-02-13T15:33:44.726534 Started database query for table users
2019-02-13T15:33:44.038472 Completed database query for table users
2019-02-13T15:33:43.234543 Received request from 102.23.55.32 for /example
2019-02-13T15:33:44.726534 Started database query for table users
2019-02-13T15:33:44.038472 Completed database query for table users
2019-02-13T15:33:43.234543 Received request from 102.23.55.32 for /example
2019-02-13T15:33:44.726534 Started database query for table users
2019-02-13T15:33:44.038472 Completed database query for table users
2019-02-13T15:33:43.234543 Received request from 102.23.55.32 for /example
2019-02-13T15:33:44.726534 Started database query for table users
2019-02-13T15:33:44.038472 Completed database query for table users
2019-02-13T15:33:43.234543 Received request from 102.23.55.32 for /example
2019-02-13T15:33:44.726534 Started database query for table users
2019-02-13T15:33:44.038472 Completed database query for table users
2019-02-13T15:33:43.234543 Received request from 102.23.55.32 for /example
2019-02-13T15:33:44.726534 Started database query for table users
2019-02-13T15:33:44.038472 Completed database query for table users
2019-02-13T15:33:43.234543 Received request from 102.23.55.32 for /example
2006-02-13T15:33:44.726534 Started database query for table users
2019-02-13T15:33:44.038472 Completed database query for table users
2019-02-13T15:33:43.234543 Received request from 102.23.55.32 for /example
2009-02-13T15:33:44.726534 Started database query for table users
2019-02-13T15:33:44.038472 Completed database query for table users
2019-02-13T15:33:43.234543 Received request from 102.23.55.32 for /example
2018-02-13T15:33:44.726534 Started database query for table users
2019-02-13T15:33:44.038472 Completed database query for table users
2019-02-13T15:33:43.234543 Received request from 102.23.55.32 for /example
2012-02-13T15:33:44.726534 Started database query for table users
2019-02-13T15:33:44.038472 Completed database query for table users
2019-02-13T15:33:43.234543 Received request from 102.23.55.32 for /example
2019-02-13T15:33:44.726534 Started database query for table users
2019-02-13T15:33:44.038472 Completed database query for table users
2015-02-13T15:33:43.234543 Received request from 102.23.55.32 for /example
2019-02-13T15:33:44.726534 Started database query for table users
2019-02-13T15:33:44.038472 Completed database query for table users
2019-02-13T15:33:43.234543 Received request from 102.23.55.32 for /example
2019-02-13T15:33:44.726534 Started database query for table users
2019-02-13T15:33:44.038472 Completed database query for table users
2019-02-13T15:33:43.234543 Received request from 102.23.55.32 for /example
2019-02-13T15:33:44.726534 Started database query for table users
2019-02-13T15:33:44.038472 Completed database query for table users
2019-02-13T15:33:43.234543 Received request from 102.23.55.32 for /example
2019-02-13T15:33:44.726534 Started database query for table users
2019-02-13T15:33:44.038472 Completed database query for table users
2019-02-13T15:33:43.234543 Received request from 102.23.55.32 for /example
2019-02-13T15:33:44.726534 Started database query for table users
2019-02-13T15:33:44.038472 Completed database query for table users
2019-02-13T15:33:43.234543 Received request from 102.23.55.32 for /example
2019-02-13T15:33:44.726534 Started database query for table users
2019-02-13T15:33:44.038472 Completed database query for table users
2019-02-13T15:33:43.234543 Received request from 102.23.55.32 for /example
2019-02-13T15:33:44.726534 Started database query for table users
2019-02-13T15:33:44.038472 Completed database query for table users
2019-02-13T15:33:43.234543 Received request from 102.23.55.32 for /example
2019-02-13T15:33:44.726534 Started database query for table users
2019-02-13T15:33:44.038472 Completed database query for table users
2019-02-13T15:33:43.234543 Received request from 102.23.55.32 for /example
2006-02-13T15:33:44.726534 Started database query for table users
2019-02-13T15:33:44.038472 Completed database query for table users
2019-02-13T15:33:43.234543 Received request from 102.23.55.32 for /example
2009-02-13T15:33:44.726534 Started database query for table users
2019-02-13T15:33:44.038472 Completed database query for table users
2019-02-13T15:33:43.234543 Received request from 102.23.55.32 for /example
2018-02-13T15:33:44.726534 Started database query for table users
2019-02-13T15:33:44.038472 Completed database query for table users
2019-02-13T15:33:43.234543 Received request from 102.23.55.32 for /example
2012-02-13T15:33:44.726534 Started database query for table users
2019-02-13T15:33:44.038472 Completed database query for table users
2019-02-13T15:33:43.234543 Received request from 102.23.55.32 for /example
2019-02-13T15:33:44.726534 Started database query for table users
2019-02-13T15:33:44.038472 Completed database query for table users
2015-02-13T15:33:43.234543 Received request from 102.23.55.32 for /example
2019-02-13T15:33:44.726534 Started database query for table users
2019-02-13T15:33:44.038472 Completed database query for table users
2019-02-13T15:33:43.234543 Received request from 102.23.55.32 for /example
2019-02-13T15:33:44.726534 Started database query for table users
2019-02-13T15:33:44.038472 Completed database query for table users
2019-02-13T15:33:43.234543 Received request from 102.23.55.32 for /example
2019-02-13T15:33:44.726534 Started database query for table users
2019-02-13T15:33:44.038472 Completed database query for table users
2019-02-13T15:33:43.234543 Received request from 102.23.55.32 for /example
2019-02-13T15:33:44.726534 Started database query for table users
2019-02-13T15:33:44.038472 Completed database query for table users
2019-02-13T15:33:43.234543 Received request from 102.23.55.32 for /example
2019-02-13T15:33:44.726534 Started database query for table users
2019-02-13T15:33:44.038472 Completed database query for table users
2019-02-13T15:33:43.234543 Received request from 102.23.55.32 for /example
2019-02-13T15:33:44.726534 Started database query for table users
2019-02-13T15:33:44.038472 Completed database query for table users
2019-02-13T15:33:43.234543 Received request from 102.23.55.32 for /example
2019-02-13T15:33:44.726534 Started database query for table users
2019-02-13T15:33:44.038472 Completed database query for table users
2019-02-13T15:33:43.234543 Received request from 102.23.55.32 for /example
2019-02-13T15:33:44.726534 Started database query for table users
2019-02-13T15:33:44.038472 Completed database query for table users
2019-02-13T15:33:43.234543 Received request from 102.23.55.32 for /example
2006-02-13T15:33:44.726534 Started database query for table users
2019-02-13T15:33:44.038472 Completed database query for table users
2019-02-13T15:33:43.234543 Received request from 102.23.55.32 for /example
2009-02-13T15:33:44.726534 Started database query for table users
2019-02-13T15:33:44.038472 Completed database query for table users
2019-02-13T15:33:43.234543 Received request from 102.23.55.32 for /example
2018-02-13T15:33:44.726534 Started database query for table users
2019-02-13T15:33:44.038472 Completed database query for table users
2019-02-13T15:33:43.234543 Received request from 102.23.55.32 for /example
2012-02-13T15:33:44.726534 Started database query for table users
2019-02-13T15:33:44.038472 Completed database query for table users
2019-02-13T15:33:43.234543 Received request from 102.23.55.32 for /example
2019-02-13T15:33:44.726534 Started database query for table users
2019-02-13T15:33:44.038472 Completed database query for table users
2015-02-13T15:33:43.234543 Received request from 102.23.55.32 for /example
2019-02-13T15:33:44.726534 Started database query for table users
2019-02-13T15:33:44.038472 Completed database query for table users
2019-02-13T15:33:43.234543 Received request from 102.23.55.32 for /example
2019-02-13T15:33:44.726534 Started database query for table users
2019-02-13T15:33:44.038472 Completed database query for table users
2019-02-13T15:33:43.234543 Received request from 102.23.55.32 for /example
2019-02-13T15:33:44.726534 Started database query for table users
2019-02-13T15:33:44.038472 Completed database query for table users
2019-02-13T15:33:43.234543 Received request from 102.23.55.32 for /example
2019-02-13T15:33:44.726534 Started database query for table users
2019-02-13T15:33:44.038472 Completed database query for table users
2019-02-13T15:33:43.234543 Received request from 102.23.55.32 for /example
2019-02-13T15:33:44.726534 Started database query for table users
2019-02-13T15:33:44.038472 Completed database query for table users
2019-02-13T15:33:43.234543 Received request from 102.23.55.32 for /example
2019-02-13T15:33:44.726534 Started database query for table users
2019-02-13T15:33:44.038472 Completed database query for table users
2019-02-13T15:33:43.234543 Received request from 102.23.55.32 for /example
2019-02-13T15:33:44.726534 Started database query for table users
2019-02-13T15:33:44.038472 Completed database query for table users
2019-02-13T15:33:43.234543 Received request from 102.23.55.32 for /example
2019-02-13T15:33:44.726534 Started database query for table users
2019-02-13T15:33:44.038472 Completed database query for table users
2019-02-13T15:33:43.234543 Received request from 102.23.55.32 for /example
2006-02-13T15:33:44.726534 Started database query for table users
2019-02-13T15:33:44.038472 Completed database query for table users
2019-02-13T15:33:43.234543 Received request from 102.23.55.32 for /example
2009-02-13T15:33:44.726534 Started database query for table users
2019-02-13T15:33:44.038472 Completed database query for table users
2019-02-13T15:33:43.234543 Received request from 102.23.55.32 for /example
2018-02-13T15:33:44.726534 Started database query for table users
2019-02-13T15:33:44.038472 Completed database query for table users
2019-02-13T15:33:43.234543 Received request from 102.23.55.32 for /example
2012-02-13T15:33:44.726534 Started database query for table users
2019-02-13T15:33:44.038472 Completed database query for table users
2019-02-13T15:33:43.234543 Received request from 102.23.55.32 for /example
2019-02-13T15:33:44.726534 Started database query for table users
2019-02-13T15:33:44.038472 Completed database query for table users
2015-02-13T15:33:43.234543 Received request from 102.23.55.32 for /example
2019-02-13T15:33:44.726534 Started database query for table users
2019-02-13T15:33:44.038472 Completed database query for table users
2019-02-13T15:33:43.234543 Received request from 102.23.55.32 for /example
2019-02-13T15:33:44.726534 Started database query for table users
2019-02-13T15:33:44.038472 Completed database query for table users
2019-02-13T15:33:43.234543 Received request from 102.23.55.32 for /example
2019-02-13T15:33:44.726534 Started database query for table users
2019-02-13T15:33:44.038472 Completed database query for table users
2019-02-13T15:33:43.234543 Received request from 102.23.55.32 for /example
2019-02-13T15:33:44.726534 Started database query for table users
2019-02-13T15:33:44.038472 Completed database query for table users
2019-02-13T15:33:43.234543 Received request from 102.23.55.32 for /example
2019-02-13T15:33:44.726534 Started database query for table users
2019-02-13T15:33:44.038472 Completed database query for table users
2019-02-13T15:33:43.234543 Received request from 102.23.55.32 for /example
2019-02-13T15:33:44.726534 Started database query for table users
2019-02-13T15:33:44.038472 Completed database query for table users
2019-02-13T15:33:43.234543 Received request from 102.23.55.32 for /example
2019-02-13T15:33:44.726534 Started database query for table users
2019-02-13T15:33:44.038472 Completed database query for table users
2019-02-13T15:33:43.234543 Received request from 102.23.55.32 for /example
2019-02-13T15:33:44.726534 Started database query for table users
2019-02-13T15:33:44.038472 Completed database query for table users
2019-02-13T15:33:43.234543 Received request from 102.23.55.32 for /example
2006-02-13T15:33:44.726534 Started database query for table users
2019-02-13T15:33:44.038472 Completed database query for table users
2019-02-13T15:33:43.234543 Received request from 102.23.55.32 for /example
2009-02-13T15:33:44.726534 Started database query for table users
2019-02-13T15:33:44.038472 Completed database query for table users
2019-02-13T15:33:43.234543 Received request from 102.23.55.32 for /example
2018-02-13T15:33:44.726534 Started database query for table users
2019-02-13T15:33:44.038472 Completed database query for table users
2019-02-13T15:33:43.234543 Received request from 102.23.55.32 for /example
2012-02-13T15:33:44.726534 Started database query for table users
2019-02-13T15:33:44.038472 Completed database query for table users
2019-02-13T15:33:43.234543 Received request from 102.23.55.32 for /example
2019-02-13T15:33:44.726534 Started database query for table users
2019-02-13T15:33:44.038472 Completed database query for table users
2015-02-13T15:33:43.234543 Received request from 102.23.55.32 for /example
2019-02-13T15:33:44.726534 Started database query for table users
2019-02-13T15:33:44.038472 Completed database query for table users
2019-02-13T15:33:43.234543 Received request from 102.23.55.32 for /example
2019-02-13T15:33:44.726534 Started database query for table users
2019-02-13T15:33:44.038472 Completed database query for table users
2019-02-13T15:33:43.234543 Received request from 102.23.55.32 for /example
2019-02-13T15:33:44.726534 Started database query for table users
2019-02-13T15:33:44.038472 Completed database query for table users
2019-02-13T15:33:43.234543 Received request from 102.23.55.32 for /example
2019-02-13T15:33:44.726534 Started database query for table users
2019-02-13T15:33:44.038472 Completed database query for table users
2019-02-13T15:33:43.234543 Received request from 102.23.55.32 for /example
2019-02-13T15:33:44.726534 Started database query for table users
2019-02-13T15:33:44.038472 Completed database query for table users
2019-02-13T15:33:43.234543 Received request from 102.23.55.32 for /example
2019-02-13T15:33:44.726534 Started database query for table users
2019-02-13T15:33:44.038472 Completed database query for table users
2019-02-13T15:33:43.234543 Received request from 102.23.55.32 for /example
2019-02-13T15:33:44.726534 Started database query for table users
2019-02-13T15:33:44.038472 Completed database query for table users
2019-02-13T15:33:43.234543 Received request from 102.23.55.32 for /example
2019-02-13T15:33:44.726534 Started database query for table users
2019-02-13T15:33:44.038472 Completed database query for table users
2019-02-13T15:33:43.234543 Received request from 102.23.55.32 for /example
2006-02-13T15:33:44.726534 Started database query for table users
2019-02-13T15:33:44.038472 Completed database query for table users
2019-02-13T15:33:43.234543 Received request from 102.23.55.32 for /example
2009-02-13T15:33:44.726534 Started database query for table users
2019-02-13T15:33:44.038472 Completed database query for table users
2019-02-13T15:33:43.234543 Received request from 102.23.55.32 for /example
2018-02-13T15:33:44.726534 Started database query for table users
2019-02-13T15:33:44.038472 Completed database query for table users
2019-02-13T15:33:43.234543 Received request from 102.23.55.32 for /example
2012-02-13T15:33:44.726534 Started database query for table users
2019-02-13T15:33:44.038472 Completed database query for table users
2019-02-13T15:33:43.234543 Received request from 102.23.55.32 for /example
2019-02-13T15:33:44.726534 Started database query for table users
2019-02-13T15:33:44.038472 Completed database query for table users
2015-02-13T15:33:43.234543 Received request from 102.23.55.32 for /example
2019-02-13T15:33:44.726534 Started database query for table users
2019-02-13T15:33:44.038472 Completed database query for table users
2019-02-13T15:33:43.234543 Received request from 102.23.55.32 for /example
2019-02-13T15:33:44.726534 Started database query for table users
2019-02-13T15:33:44.038472 Completed database query for table users
2019-02-13T15:33:43.234543 Received request from 102.23.55.32 for /example
2019-02-13T15:33:44.726534 Started database query for table users
2019-02-13T15:33:44.038472 Completed database query for table users
2019-02-13T15:33:43.234543 Received request from 102.23.55.32 for /example
2019-02-13T15:33:44.726534 Started database query for table users
2019-02-13T15:33:44.038472 Completed database query for table users
2019-02-13T15:33:43.234543 Received request from 102.23.55.32 for /example
2019-02-13T15:33:44.726534 Started database query for table users
2019-02-13T15:33:44.038472 Completed database query for table users
2019-02-13T15:33:43.234543 Received request from 102.23.55.32 for /example
2019-02-13T15:33:44.726534 Started database query for table users
2019-02-13T15:33:44.038472 Completed database query for table users
2019-02-13T15:33:43.234543 Received request from 102.23.55.32 for /example
2019-02-13T15:33:44.726534 Started database query for table users
2019-02-13T15:33:44.038472 Completed database query for table users
2019-02-13T15:33:43.234543 Received request from 102.23.55.32 for /example
2019-02-13T15:33:44.726534 Started database query for table users
2019-02-13T15:33:44.038472 Completed database query for table users
2019-02-13T15:33:43.234543 Received request from 102.23.55.32 for /example
2006-02-13T15:33:44.726534 Started database query for table users
2019-02-13T15:33:44.038472 Completed database query for table users
2019-02-13T15:33:43.234543 Received request from 102.23.55.32 for /example
2009-02-13T15:33:44.726534 Started database query for table users
2019-02-13T15:33:44.038472 Completed database query for table users
2019-02-13T15:33:43.234543 Received request from 102.23.55.32 for /example
2018-02-13T15:33:44.726534 Started database query for table users
2019-02-13T15:33:44.038472 Completed database query for table users
2019-02-13T15:33:43.234543 Received request from 102.23.55.32 for /example
2012-02-13T15:33:44.726534 Started database query for table users
2019-02-13T15:33:44.038472 Completed database query for table users
2019-02-13T15:33:43.234543 Received request from 102.23.55.32 for /example
2019-02-13T15:33:44.726534 Started database query for table users
2019-02-13T15:33:44.038472 Completed database query for table users
2015-02-13T15:33:43.234543 Received request from 102.23.55.32 for /example
2019-02-13T15:33:44.726534 Started database query for table users
2019-02-13T15:33:44.038472 Completed database query for table users
2019-02-13T15:33:43.234543 Received request from 102.23.55.32 for /example
2019-02-13T15:33:44.726534 Started database query for table users
2019-02-13T15:33:44.038472 Completed database query for table users
2019-02-13T15:33:43.234543 Received request from 102.23.55.32 for /example
2019-02-13T15:33:44.726534 Started database query for table users
2019-02-13T15:33:44.038472 Completed database query for table users
2019-02-13T15:33:43.234543 Received request from 102.23.55.32 for /example
2019-02-13T15:33:44.726534 Started database query for table users
2019-02-13T15:33:44.038472 Completed database query for table users
2019-02-13T15:33:43.234543 Received request from 102.23.55.32 for /example
2019-02-13T15:33:44.726534 Started database query for table users
2019-02-13T15:33:44.038472 Completed database query for table users
2019-02-13T15:33:43.234543 Received request from 102.23.55.32 for /example
2019-02-13T15:33:44.726534 Started database query for table users
2019-02-13T15:33:44.038472 Completed database query for table users
2019-02-13T15:33:43.234543 Received request from 102.23.55.32 for /example
2019-02-13T15:33:44.726534 Started database query for table users
2019-02-13T15:33:44.038472 Completed database query for table users
2019-02-13T15:33:43.234543 Received request from 102.23.55.32 for /example
2019-02-13T15:33:44.726534 Started database query for table users
2019-02-13T15:33:44.038472 Completed database query for table users
2019-02-13T15:33:43.234543 Received request from 102.23.55.32 for /example
2006-02-13T15:33:44.726534 Started database query for table users
2019-02-13T15:33:44.038472 Completed database query for table users
2019-02-13T15:33:43.234543 Received request from 102.23.55.32 for /example
2009-02-13T15:33:44.726534 Started database query for table users
2019-02-13T15:33:44.038472 Completed database query for table users
2019-02-13T15:33:43.234543 Received request from 102.23.55.32 for /example
2018-02-13T15:33:44.726534 Started database query for table users
2019-02-13T15:33:44.038472 Completed database query for table users
2019-02-13T15:33:43.234543 Received request from 102.23.55.32 for /example
2012-02-13T15:33:44.726534 Started database query for table users
2019-02-13T15:33:44.038472 Completed database query for table users
2019-02-13T15:33:43.234543 Received request from 102.23.55.32 for /example
2019-02-13T15:33:44.726534 Started database query for table users
2019-02-13T15:33:44.038472 Completed database query for table users
2015-02-13T15:33:43.234543 Received request from 102.23.55.32 for /example
2019-02-13T15:33:44.726534 Started database query for table users
2019-02-13T15:33:44.038472 Completed database query for table users
2019-02-13T15:33:43.234543 Received request from 102.23.55.32 for /example
2019-02-13T15:33:44.726534 Started database query for table users
2019-02-13T15:33:44.038472 Completed database query for table users
2019-02-13T15:33:43.234543 Received request from 102.23.55.32 for /example
2019-02-13T15:33:44.726534 Started database query for table users
2019-02-13T15:33:44.038472 Completed database query for table users
2019-02-13T15:33:43.234543 Received request from 102.23.55.32 for /example
2019-02-13T15:33:44.726534 Started database query for table users
2019-02-13T15:33:44.038472 Completed database query for table users
2019-02-13T15:33:43.234543 Received request from 102.23.55.32 for /example
2019-02-13T15:33:44.726534 Started database query for table users
2019-02-13T15:33:44.038472 Completed database query for table users
2019-02-13T15:33:43.234543 Received request from 102.23.55.32 for /example
2019-02-13T15:33:44.726534 Started database query for table users
2019-02-13T15:33:44.038472 Completed database query for table users
2019-02-13T15:33:43.234543 Received request from 102.23.55.32 for /example
2019-02-13T15:33:44.726534 Started database query for table users
2019-02-13T15:33:44.038472 Completed database query for table users
2019-02-13T15:33:43.234543 Received request from 102.23.55.32 for /example
2019-02-13T15:33:44.726534 Started database query for table users
2019-02-13T15:33:44.038472 Completed database query for table users
2019-02-13T15:33:43.234543 Received request from 102.23.55.32 for /example
2006-02-13T15:33:44.726534 Started database query for table users
2019-02-13T15:33:44.038472 Completed database query for table users
2019-02-13T15:33:43.234543 Received request from 102.23.55.32 for /example
2009-02-13T15:33:44.726534 Started database query for table users
2019-02-13T15:33:44.038472 Completed database query for table users
2019-02-13T15:33:43.234543 Received request from 102.23.55.32 for /example
2018-02-13T15:33:44.726534 Started database query for table users
2019-02-13T15:33:44.038472 Completed database query for table users
2019-02-13T15:33:43.234543 Received request from 102.23.55.32 for /example
2012-02-13T15:33:44.726534 Started database query for table users
2019-02-13T15:33:44.038472 Completed database query for table users
2019-02-13T15:33:43.234543 Received request from 102.23.55.32 for /example
2019-02-13T15:33:44.726534 Started database query for table users
2019-02-13T15:33:44.038472 Completed database query for table users
2015-02-13T15:33:43.234543 Received request from 102.23.55.32 for /example
2019-02-13T15:33:44.726534 Started database query for table users
2019-02-13T15:33:44.038472 Completed database query for table users
2019-02-13T15:33:43.234543 Received request from 102.23.55.32 for /example
2019-02-13T15:33:44.726534 Started database query for table users
2019-02-13T15:33:44.038472 Completed database query for table users
2019-02-13T15:33:43.234543 Received request from 102.23.55.32 for /example
2019-02-13T15:33:44.726534 Started database query for table users
2019-02-13T15:33:44.038472 Completed database query for table users
2019-02-13T15:33:43.234543 Received request from 102.23.55.32 for /example
2019-02-13T15:33:44.726534 Started database query for table users
2019-02-13T15:33:44.038472 Completed database query for table users
2019-02-13T15:33:43.234543 Received request from 102.23.55.32 for /example
2019-02-13T15:33:44.726534 Started database query for table users
2019-02-13T15:33:44.038472 Completed database query for table users
2019-02-13T15:33:43.234543 Received request from 102.23.55.32 for /example
2019-02-13T15:33:44.726534 Started database query for table users
2019-02-13T15:33:44.038472 Completed database query for table users
2019-02-13T15:33:43.234543 Received request from 102.23.55.32 for /example
2019-02-13T15:33:44.726534 Started database query for table users
2019-02-13T15:33:44.038472 Completed database query for table users
2019-02-13T15:33:43.234543 Received request from 102.23.55.32 for /example
2019-02-13T15:33:44.726534 Started database query for table users
2019-02-13T15:33:44.038472 Completed database query for table users
2019-02-13T15:33:43.234543 Received request from 102.23.55.32 for /example
2006-02-13T15:33:44.726534 Started database query for table users
2019-02-13T15:33:44.038472 Completed database query for table users
2019-02-13T15:33:43.234543 Received request from 102.23.55.32 for /example
2009-02-13T15:33:44.726534 Started database query for table users
2019-02-13T15:33:44.038472 Completed database query for table users
2019-02-13T15:33:43.234543 Received request from 102.23.55.32 for /example
2018-02-13T15:33:44.726534 Started database query for table users
2019-02-13T15:33:44.038472 Completed database query for table users
2019-02-13T15:33:43.234543 Received request from 102.23.55.32 for /example
2012-02-13T15:33:44.726534 Started database query for table users
2019-02-13T15:33:44.038472 Completed database query for table users
2019-02-13T15:33:43.234543 Received request from 102.23.55.32 for /example
2019-02-13T15:33:44.726534 Started database query for table users
2019-02-13T15:33:44.038472 Completed database query for table users
2015-02-13T15:33:43.234543 Received request from 102.23.55.32 for /example
2019-02-13T15:33:44.726534 Started database query for table users
2019-02-13T15:33:44.038472 Completed database query for table users
2019-02-13T15:33:43.234543 Received request from 102.23.55.32 for /example
2019-02-13T15:33:44.726534 Started database query for table users
2019-02-13T15:33:44.038472 Completed database query for table users
2019-02-13T15:33:43.234543 Received request from 102.23.55.32 for /example
2019-02-13T15:33:44.726534 Started database query for table users
2019-02-13T15:33:44.038472 Completed database query for table users
2019-02-13T15:33:43.234543 Received request from 102.23.55.32 for /example
2019-02-13T15:33:44.726534 Started database query for table users
2019-02-13T15:33:44.038472 Completed database query for table users
2019-02-13T15:33:43.234543 Received request from 102.23.55.32 for /example
2019-02-13T15:33:44.726534 Started database query for table users
2019-02-13T15:33:44.038472 Completed database query for table users
2019-02-13T15:33:43.234543 Received request from 102.23.55.32 for /example
2019-02-13T15:33:44.726534 Started database query for table users
2019-02-13T15:33:44.038472 Completed database query for table users
2019-02-13T15:33:43.234543 Received request from 102.23.55.32 for /example
2019-02-13T15:33:44.726534 Started database query for table users
2019-02-13T15:33:44.038472 Completed database query for table users
2019-02-13T15:33:43.234543 Received request from 102.23.55.32 for /example
2019-02-13T15:33:44.726534 Started database query for table users
2019-02-13T15:33:44.038472 Completed database query for table users
2019-02-13T15:33:43.234543 Received request from 102.23.55.32 for /example
2006-02-13T15:33:44.726534 Started database query for table users
2019-02-13T15:33:44.038472 Completed database query for table users
2019-02-13T15:33:43.234543 Received request from 102.23.55.32 for /example
2009-02-13T15:33:44.726534 Started database query for table users
2019-02-13T15:33:44.038472 Completed database query for table users
2019-02-13T15:33:43.234543 Received request from 102.23.55.32 for /example
2018-02-13T15:33:44.726534 Started database query for table users
2019-02-13T15:33:44.038472 Completed database query for table users
2019-02-13T15:33:43.234543 Received request from 102.23.55.32 for /example
2012-02-13T15:33:44.726534 Started database query for table users
2019-02-13T15:33:44.038472 Completed database query for table users
2019-02-13T15:33:43.234543 Received request from 102.23.55.32 for /example
2019-02-13T15:33:44.726534 Started database query for table users
2019-02-13T15:33:44.038472 Completed database query for table users
2015-02-13T15:33:43.234543 Received request from 102.23.55.32 for /example
2019-02-13T15:33:44.726534 Started database query for table users
2019-02-13T15:33:44.038472 Completed database query for table users
2019-02-13T15:33:43.234543 Received request from 102.23.55.32 for /example
2019-02-13T15:33:44.726534 Started database query for table users
2019-02-13T15:33:44.038472 Completed database query for table users
2019-02-13T15:33:43.234543 Received request from 102.23.55.32 for /example
2019-02-13T15:33:44.726534 Started database query for table users
2019-02-13T15:33:44.038472 Completed database query for table users
2019-02-13T15:33:43.234543 Received request from 102.23.55.32 for /example
2019-02-13T15:33:44.726534 Started database query for table users
2019-02-13T15:33:44.038472 Completed database query for table users
2019-02-13T15:33:43.234543 Received request from 102.23.55.32 for /example
2019-02-13T15:33:44.726534 Started database query for table users
2019-02-13T15:33:44.038472 Completed database query for table users
2019-02-13T15:33:43.234543 Received request from 102.23.55.32 for /example
2019-02-13T15:33:44.726534 Started database query for table users
2019-02-13T15:33:44.038472 Completed database query for table users
2019-02-13T15:33:43.234543 Received request from 102.23.55.32 for /example
2019-02-13T15:33:44.726534 Started database query for table users
2019-02-13T15:33:44.038472 Completed database query for table users
2019-02-13T15:33:43.234543 Received request from 102.23.55.32 for /example
2019-02-13T15:33:44.726534 Started database query for table users
2019-02-13T15:33:44.038472 Completed database query for table users
2019-02-13T15:33:43.234543 Received request from 102.23.55.32 for /example
2006-02-13T15:33:44.726534 Started database query for table users
2019-02-13T15:33:44.038472 Completed database query for table users
2019-02-13T15:33:43.234543 Received request from 102.23.55.32 for /example
2009-02-13T15:33:44.726534 Started database query for table users
2019-02-13T15:33:44.038472 Completed database query for table users
2019-02-13T15:33:43.234543 Received request from 102.23.55.32 for /example
2018-02-13T15:33:44.726534 Started database query for table users
2019-02-13T15:33:44.038472 Completed database query for table users
2019-02-13T15:33:43.234543 Received request from 102.23.55.32 for /example
2012-02-13T15:33:44.726534 Started database query for table users
2019-02-13T15:33:44.038472 Completed database query for table users
2019-02-13T15:33:43.234543 Received request from 102.23.55.32 for /example
2019-02-13T15:33:44.726534 Started database query for table users
2019-02-13T15:33:44.038472 Completed database query for table users
2015-02-13T15:33:43.234543 Received request from 102.23.55.32 for /example
2019-02-13T15:33:44.726534 Started database query for table users
2019-02-13T15:33:44.038472 Completed database query for table users
2019-02-13T15:33:43.234543 Received request from 102.23.55.32 for /example
2019-02-13T15:33:44.726534 Started database query for table users
2019-02-13T15:33:44.038472 Completed database query for table users
2019-02-13T15:33:43.234543 Received request from 102.23.55.32 for /example
2019-02-13T15:33:44.726534 Started database query for table users
2019-02-13T15:33:44.038472 Completed database query for table users
2019-02-13T15:33:43.234543 Received request from 102.23.55.32 for /example
2019-02-13T15:33:44.726534 Started database query for table users
2019-02-13T15:33:44.038472 Completed database query for table users
2019-02-13T15:33:43.234543 Received request from 102.23.55.32 for /example
2019-02-13T15:33:44.726534 Started database query for table users
2019-02-13T15:33:44.038472 Completed database query for table users
2019-02-13T15:33:43.234543 Received request from 102.23.55.32 for /example
2019-02-13T15:33:44.726534 Started database query for table users
2019-02-13T15:33:44.038472 Completed database query for table users
2019-02-13T15:33:43.234543 Received request from 102.23.55.32 for /example
2019-02-13T15:33:44.726534 Started database query for table users
2019-02-13T15:33:44.038472 Completed database query for table users
2019-02-13T15:33:43.234543 Received request from 102.23.55.32 for /example
2019-02-13T15:33:44.726534 Started database query for table users
2019-02-13T15:33:44.038472 Completed database query for table users
2019-02-13T15:33:43.234543 Received request from 102.23.55.32 for /example
2006-02-13T15:33:44.726534 Started database query for table users
2019-02-13T15:33:44.038472 Completed database query for table users
2019-02-13T15:33:43.234543 Received request from 102.23.55.32 for /example
2009-02-13T15:33:44.726534 Started database query for table users
2019-02-13T15:33:44.038472 Completed database query for table users
2019-02-13T15:33:43.234543 Received request from 102.23.55.32 for /example
2018-02-13T15:33:44.726534 Started database query for table users
2019-02-13T15:33:44.038472 Completed database query for table users
2019-02-13T15:33:43.234543 Received request from 102.23.55.32 for /example
2012-02-13T15:33:44.726534 Started database query for table users
2019-02-13T15:33:44.038472 Completed database query for table users
2019-02-13T15:33:43.234543 Received request from 102.23.55.32 for /example
2019-02-13T15:33:44.726534 Started database query for table users
2019-02-13T15:33:44.038472 Completed database query for table users
2015-02-13T15:33:43.234543 Received request from 102.23.55.32 for /example
2019-02-13T15:33:44.726534 Started database query for table users
2019-02-13T15:33:44.038472 Completed database query for table users
2019-02-13T15:33:43.234543 Received request from 102.23.55.32 for /example
2019-02-13T15:33:44.726534 Started database query for table users
2019-02-13T15:33:44.038472 Completed database query for table users
2019-02-13T15:33:43.234543 Received request from 102.23.55.32 for /example
2019-02-13T15:33:44.726534 Started database query for table users
2019-02-13T15:33:44.038472 Completed database query for table users
2019-02-13T15:33:43.234543 Received request from 102.23.55.32 for /example
2019-02-13T15:33:44.726534 Started database query for table users
2019-02-13T15:33:44.038472 Completed database query for table users
2019-02-13T15:33:43.234543 Received request from 102.23.55.32 for /example
2019-02-13T15:33:44.726534 Started database query for table users
2019-02-13T15:33:44.038472 Completed database query for table users
2019-02-13T15:33:43.234543 Received request from 102.23.55.32 for /example
2019-02-13T15:33:44.726534 Started database query for table users
2019-02-13T15:33:44.038472 Completed database query for table users
2019-02-13T15:33:43.234543 Received request from 102.23.55.32 for /example
2019-02-13T15:33:44.726534 Started database query for table users
2019-02-13T15:33:44.038472 Completed database query for table users
2019-02-13T15:33:43.234543 Received request from 102.23.55.32 for /example
2019-02-13T15:33:44.726534 Started database query for table users
2019-02-13T15:33:44.038472 Completed database query for table users
2019-02-13T15:33:43.234543 Received request from 102.23.55.32 for /example
2006-02-13T15:33:44.726534 Started database query for table users
2019-02-13T15:33:44.038472 Completed database query for table users
2019-02-13T15:33:43.234543 Received request from 102.23.55.32 for /example
2009-02-13T15:33:44.726534 Started database query for table users
2019-02-13T15:33:44.038472 Completed database query for table users
2019-02-13T15:33:43.234543 Received request from 102.23.55.32 for /example
2018-02-13T15:33:44.726534 Started database query for table users
2019-02-13T15:33:44.038472 Completed database query for table users
2019-02-13T15:33:43.234543 Received request from 102.23.55.32 for /example
2012-02-13T15:33:44.726534 Started database query for table users
2019-02-13T15:33:44.038472 Completed database query for table users
2019-02-13T15:33:43.234543 Received request from 102.23.55.32 for /example
2019-02-13T15:33:44.726534 Started database query for table users
2019-02-13T15:33:44.038472 Completed database query for table users
2015-02-13T15:33:43.234543 Received request from 102.23.55.32 for /example
2019-02-13T15:33:44.726534 Started database query for table users
2019-02-13T15:33:44.038472 Completed database query for table users
2019-02-13T15:33:43.234543 Received request from 102.23.55.32 for /example
2019-02-13T15:33:44.726534 Started database query for table users
2019-02-13T15:33:44.038472 Completed database query for table users
2019-02-13T15:33:43.234543 Received request from 102.23.55.32 for /example
2019-02-13T15:33:44.726534 Started database query for table users
2019-02-13T15:33:44.038472 Completed database query for table users
2019-02-13T15:33:43.234543 Received request from 102.23.55.32 for /example
2019-02-13T15:33:44.726534 Started database query for table users
2019-02-13T15:33:44.038472 Completed database query for table users
2019-02-13T15:33:43.234543 Received request from 102.23.55.32 for /example
2019-02-13T15:33:44.726534 Started database query for table users
2019-02-13T15:33:44.038472 Completed database query for table users
2019-02-13T15:33:43.234543 Received request from 102.23.55.32 for /example
2019-02-13T15:33:44.726534 Started database query for table users
2019-02-13T15:33:44.038472 Completed database query for table users
2019-02-13T15:33:43.234543 Received request from 102.23.55.32 for /example
2019-02-13T15:33:44.726534 Started database query for table users
2019-02-13T15:33:44.038472 Completed database query for table users
2019-02-13T15:33:43.234543 Received request from 102.23.55.32 for /example
2019-02-13T15:33:44.726534 Started database query for table users
2019-02-13T15:33:44.038472 Completed database query for table users
2019-02-13T15:33:43.234543 Received request from 102.23.55.32 for /example
2006-02-13T15:33:44.726534 Started database query for table users
2019-02-13T15:33:44.038472 Completed database query for table users
2019-02-13T15:33:43.234543 Received request from 102.23.55.32 for /example
2009-02-13T15:33:44.726534 Started database query for table users
2019-02-13T15:33:44.038472 Completed database query for table users
2019-02-13T15:33:43.234543 Received request from 102.23.55.32 for /example
2018-02-13T15:33:44.726534 Started database query for table users
2019-02-13T15:33:44.038472 Completed database query for table users
2019-02-13T15:33:43.234543 Received request from 102.23.55.32 for /example
2012-02-13T15:33:44.726534 Started database query for table users
2019-02-13T15:33:44.038472 Completed database query for table users
2019-02-13T15:33:43.234543 Received request from 102.23.55.32 for /example
2019-02-13T15:33:44.726534 Started database query for table users
2019-02-13T15:33:44.038472 Completed database query for table users
2015-02-13T15:33:43.234543 Received request from 102.23.55.32 for /example
2019-02-13T15:33:44.726534 Started database query for table users
2019-02-13T15:33:44.038472 Completed database query for table users
2019-02-13T15:33:43.234543 Received request from 102.23.55.32 for /example
2019-02-13T15:33:44.726534 Started database query for table users
2019-02-13T15:33:44.038472 Completed database query for table users
2019-02-13T15:33:43.234543 Received request from 102.23.55.32 for /example
2019-02-13T15:33:44.726534 Started database query for table users
2019-02-13T15:33:44.038472 Completed database query for table users
2019-02-13T15:33:43.234543 Received request from 102.23.55.32 for /example
2019-02-13T15:33:44.726534 Started database query for table users
2019-02-13T15:33:44.038472 Completed database query for table users
2019-02-13T15:33:43.234543 Received request from 102.23.55.32 for /example
2019-02-13T15:33:44.726534 Started database query for table users
2019-02-13T15:33:44.038472 Completed database query for table users
2019-02-13T15:33:43.234543 Received request from 102.23.55.32 for /example
2019-02-13T15:33:44.726534 Started database query for table users
2019-02-13T15:33:44.038472 Completed database query for table users
2019-02-13T15:33:43.234543 Received request from 102.23.55.32 for /example
2019-02-13T15:33:44.726534 Started database query for table users
2019-02-13T15:33:44.038472 Completed database query for table users
2019-02-13T15:33:43.234543 Received request from 102.23.55.32 for /example
2019-02-13T15:33:44.726534 Started database query for table users
2019-02-13T15:33:44.038472 Completed database query for table users
2019-02-13T15:33:43.234543 Received request from 102.23.55.32 for /example
2006-02-13T15:33:44.726534 Started database query for table users
2019-02-13T15:33:44.038472 Completed database query for table users
2019-02-13T15:33:43.234543 Received request from 102.23.55.32 for /example
2009-02-13T15:33:44.726534 Started database query for table users
2019-02-13T15:33:44.038472 Completed database query for table users
2019-02-13T15:33:43.234543 Received request from 102.23.55.32 for /example
2018-02-13T15:33:44.726534 Started database query for table users
2019-02-13T15:33:44.038472 Completed database query for table users
2019-02-13T15:33:43.234543 Received request from 102.23.55.32 for /example
2012-02-13T15:33:44.726534 Started database query for table users
2019-02-13T15:33:44.038472 Completed database query for table users
2019-02-13T15:33:43.234543 Received request from 102.23.55.32 for /example
2019-02-13T15:33:44.726534 Started database query for table users
2019-02-13T15:33:44.038472 Completed database query for table users
2015-02-13T15:33:43.234543 Received request from 102.23.55.32 for /example
2019-02-13T15:33:44.726534 Started database query for table users
2019-02-13T15:33:44.038472 Completed database query for table users
2019-02-13T15:33:43.234543 Received request from 102.23.55.32 for /example
2019-02-13T15:33:44.726534 Started database query for table users
2019-02-13T15:33:44.038472 Completed database query for table users
2019-02-13T15:33:43.234543 Received request from 102.23.55.32 for /example
2019-02-13T15:33:44.726534 Started database query for table users
2019-02-13T15:33:44.038472 Completed database query for table users
2019-02-13T15:33:43.234543 Received request from 102.23.55.32 for /example
2019-02-13T15:33:44.726534 Started database query for table users
2019-02-13T15:33:44.038472 Completed database query for table users
2019-02-13T15:33:43.234543 Received request from 102.23.55.32 for /example
2019-02-13T15:33:44.726534 Started database query for table users
2019-02-13T15:33:44.038472 Completed database query for table users
2019-02-13T15:33:43.234543 Received request from 102.23.55.32 for /example
2019-02-13T15:33:44.726534 Started database query for table users
2019-02-13T15:33:44.038472 Completed database query for table users
2019-02-13T15:33:43.234543 Received request from 102.23.55.32 for /example
2019-02-13T15:33:44.726534 Started database query for table users
2019-02-13T15:33:44.038472 Completed database query for table users
2019-02-13T15:33:43.234543 Received request from 102.23.55.32 for /example
2019-02-13T15:33:44.726534 Started database query for table users
2019-02-13T15:33:44.038472 Completed database query for table users
2019-02-13T15:33:43.234543 Received request from 102.23.55.32 for /example
2006-02-13T15:33:44.726534 Started database query for table users
2019-02-13T15:33:44.038472 Completed database query for table users
2019-02-13T15:33:43.234543 Received request from 102.23.55.32 for /example
2009-02-13T15:33:44.726534 Started database query for table users
2019-02-13T15:33:44.038472 Completed database query for table users
2019-02-13T15:33:43.234543 Received request from 102.23.55.32 for /example
2018-02-13T15:33:44.726534 Started database query for table users
2019-02-13T15:33:44.038472 Completed database query for table users
2019-02-13T15:33:43.234543 Received request from 102.23.55.32 for /example
2012-02-13T15:33:44.726534 Started database query for table users
2019-02-13T15:33:44.038472 Completed database query for table users
2019-02-13T15:33:43.234543 Received request from 102.23.55.32 for /example
2019-02-13T15:33:44.726534 Started database query for table users
2019-02-13T15:33:44.038472 Completed database query for table users
2015-02-13T15:33:43.234543 Received request from 102.23.55.32 for /example
2019-02-13T15:33:44.726534 Started database query for table users
2019-02-13T15:33:44.038472 Completed database query for table users
2019-02-13T15:33:43.234543 Received request from 102.23.55.32 for /example
2019-02-13T15:33:44.726534 Started database query for table users
2019-02-13T15:33:44.038472 Completed database query for table users
2019-02-13T15:33:43.234543 Received request from 102.23.55.32 for /example
2019-02-13T15:33:44.726534 Started database query for table users
2019-02-13T15:33:44.038472 Completed database query for table users
2019-02-13T15:33:43.234543 Received request from 102.23.55.32 for /example
2019-02-13T15:33:44.726534 Started database query for table users
2019-02-13T15:33:44.038472 Completed database query for table users
2019-02-13T15:33:43.234543 Received request from 102.23.55.32 for /example
2019-02-13T15:33:44.726534 Started database query for table users
2019-02-13T15:33:44.038472 Completed database query for table users
2019-02-13T15:33:43.234543 Received request from 102.23.55.32 for /example
2019-02-13T15:33:44.726534 Started database query for table users
2019-02-13T15:33:44.038472 Completed database query for table users
2019-02-13T15:33:43.234543 Received request from 102.23.55.32 for /example
2019-02-13T15:33:44.726534 Started database query for table users
2019-02-13T15:33:44.038472 Completed database query for table users
2019-02-13T15:33:43.234543 Received request from 102.23.55.32 for /example
2019-02-13T15:33:44.726534 Started database query for table users
2019-02-13T15:33:44.038472 Completed database query for table users
2019-02-13T15:33:43.234543 Received request from 102.23.55.32 for /example
2006-02-13T15:33:44.726534 Started database query for table users
2019-02-13T15:33:44.038472 Completed database query for table users
2019-02-13T15:33:43.234543 Received request from 102.23.55.32 for /example
2009-02-13T15:33:44.726534 Started database query for table users
2019-02-13T15:33:44.038472 Completed database query for table users
2019-02-13T15:33:43.234543 Received request from 102.23.55.32 for /example
2018-02-13T15:33:44.726534 Started database query for table users
2019-02-13T15:33:44.038472 Completed database query for table users
2019-02-13T15:33:43.234543 Received request from 102.23.55.32 for /example
2012-02-13T15:33:44.726534 Started database query for table users
2019-02-13T15:33:44.038472 Completed database query for table users
2019-02-13T15:33:43.234543 Received request from 102.23.55.32 for /example
2019-02-13T15:33:44.726534 Started database query for table users
2019-02-13T15:33:44.038472 Completed database query for table users
2015-02-13T15:33:43.234543 Received request from 102.23.55.32 for /example
2019-02-13T15:33:44.726534 Started database query for table users
2019-02-13T15:33:44.038472 Completed database query for table users
2019-02-13T15:33:43.234543 Received request from 102.23.55.32 for /example
2019-02-13T15:33:44.726534 Started database query for table users
2019-02-13T15:33:44.038472 Completed database query for table users
2019-02-13T15:33:43.234543 Received request from 102.23.55.32 for /example
2019-02-13T15:33:44.726534 Started database query for table users
2019-02-13T15:33:44.038472 Completed database query for table users
2019-02-13T15:33:43.234543 Received request from 102.23.55.32 for /example
2019-02-13T15:33:44.726534 Started database query for table users
2019-02-13T15:33:44.038472 Completed database query for table users
2019-02-13T15:33:43.234543 Received request from 102.23.55.32 for /example
2019-02-13T15:33:44.726534 Started database query for table users
2019-02-13T15:33:44.038472 Completed database query for table users
2019-02-13T15:33:43.234543 Received request from 102.23.55.32 for /example
2019-02-13T15:33:44.726534 Started database query for table users
2019-02-13T15:33:44.038472 Completed database query for table users
2019-02-13T15:33:43.234543 Received request from 102.23.55.32 for /example
2019-02-13T15:33:44.726534 Started database query for table users
2019-02-13T15:33:44.038472 Completed database query for table users
2019-02-13T15:33:43.234543 Received request from 102.23.55.32 for /example
2019-02-13T15:33:44.726534 Started database query for table users
2019-02-13T15:33:44.038472 Completed database query for table users
2019-02-13T15:33:43.234543 Received request from 102.23.55.32 for /example
2006-02-13T15:33:44.726534 Started database query for table users
2019-02-13T15:33:44.038472 Completed database query for table users
2019-02-13T15:33:43.234543 Received request from 102.23.55.32 for /example
2009-02-13T15:33:44.726534 Started database query for table users
2019-02-13T15:33:44.038472 Completed database query for table users
2019-02-13T15:33:43.234543 Received request from 102.23.55.32 for /example
2018-02-13T15:33:44.726534 Started database query for table users
2019-02-13T15:33:44.038472 Completed database query for table users
2019-02-13T15:33:43.234543 Received request from 102.23.55.32 for /example
2012-02-13T15:33:44.726534 Started database query for table users
2019-02-13T15:33:44.038472 Completed database query for table users
2019-02-13T15:33:43.234543 Received request from 102.23.55.32 for /example
2019-02-13T15:33:44.726534 Started database query for table users
2019-02-13T15:33:44.038472 Completed database query for table users
2015-02-13T15:33:43.234543 Received request from 102.23.55.32 for /example
2019-02-13T15:33:44.726534 Started database query for table users
2019-02-13T15:33:44.038472 Completed database query for table users
2019-02-13T15:33:43.234543 Received request from 102.23.55.32 for /example
2019-02-13T15:33:44.726534 Started database query for table users
2019-02-13T15:33:44.038472 Completed database query for table users
2019-02-13T15:33:43.234543 Received request from 102.23.55.32 for /example
2019-02-13T15:33:44.726534 Started database query for table users
2019-02-13T15:33:44.038472 Completed database query for table users
2019-02-13T15:33:43.234543 Received request from 102.23.55.32 for /example
2019-02-13T15:33:44.726534 Started database query for table users
2019-02-13T15:33:44.038472 Completed database query for table users
2019-02-13T15:33:43.234543 Received request from 102.23.55.32 for /example
2019-02-13T15:33:44.726534 Started database query for table users
2019-02-13T15:33:44.038472 Completed database query for table users
2019-02-13T15:33:43.234543 Received request from 102.23.55.32 for /example
2019-02-13T15:33:44.726534 Started database query for table users
2019-02-13T15:33:44.038472 Completed database query for table users
2019-02-13T15:33:43.234543 Received request from 102.23.55.32 for /example
2019-02-13T15:33:44.726534 Started database query for table users
2019-02-13T15:33:44.038472 Completed database query for table users
2019-02-13T15:33:43.234543 Received request from 102.23.55.32 for /example
2019-02-13T15:33:44.726534 Started database query for table users
2019-02-13T15:33:44.038472 Completed database query for table users
2019-02-13T15:33:43.234543 Received request from 102.23.55.32 for /example
2006-02-13T15:33:44.726534 Started database query for table users
2019-02-13T15:33:44.038472 Completed database query for table users
2019-02-13T15:33:43.234543 Received request from 102.23.55.32 for /example
2009-02-13T15:33:44.726534 Started database query for table users
2019-02-13T15:33:44.038472 Completed database query for table users
2019-02-13T15:33:43.234543 Received request from 102.23.55.32 for /example
2018-02-13T15:33:44.726534 Started database query for table users
2019-02-13T15:33:44.038472 Completed database query for table users
2019-02-13T15:33:43.234543 Received request from 102.23.55.32 for /example
2012-02-13T15:33:44.726534 Started database query for table users
2019-02-13T15:33:44.038472 Completed database query for table users
2019-02-13T15:33:43.234543 Received request from 102.23.55.32 for /example
2019-02-13T15:33:44.726534 Started database query for table users
2019-02-13T15:33:44.038472 Completed database query for table users
2015-02-13T15:33:43.234543 Received request from 102.23.55.32 for /example
2019-02-13T15:33:44.726534 Started database query for table users
2019-02-13T15:33:44.038472 Completed database query for table users
2019-02-13T15:33:43.234543 Received request from 102.23.55.32 for /example
2019-02-13T15:33:44.726534 Started database query for table users
2019-02-13T15:33:44.038472 Completed database query for table users
2019-02-13T15:33:43.234543 Received request from 102.23.55.32 for /example
2019-02-13T15:33:44.726534 Started database query for table users
2019-02-13T15:33:44.038472 Completed database query for table users
2019-02-13T15:33:43.234543 Received request from 102.23.55.32 for /example
2019-02-13T15:33:44.726534 Started database query for table users
2019-02-13T15:33:44.038472 Completed database query for table users
2019-02-13T15:33:43.234543 Received request from 102.23.55.32 for /example
2019-02-13T15:33:44.726534 Started database query for table users
2019-02-13T15:33:44.038472 Completed database query for table users
2019-02-13T15:33:43.234543 Received request from 102.23.55.32 for /example
2019-02-13T15:33:44.726534 Started database query for table users
2019-02-13T15:33:44.038472 Completed database query for table users
2019-02-13T15:33:43.234543 Received request from 102.23.55.32 for /example
2019-02-13T15:33:44.726534 Started database query for table users
2019-02-13T15:33:44.038472 Completed database query for table users
2019-02-13T15:33:43.234543 Received request from 102.23.55.32 for /example
2019-02-13T15:33:44.726534 Started database query for table users
2019-02-13T15:33:44.038472 Completed database query for table users
2019-02-13T15:33:43.234543 Received request from 102.23.55.32 for /example
2006-02-13T15:33:44.726534 Started database query for table users
2019-02-13T15:33:44.038472 Completed database query for table users
2019-02-13T15:33:43.234543 Received request from 102.23.55.32 for /example
2009-02-13T15:33:44.726534 Started database query for table users
2019-02-13T15:33:44.038472 Completed database query for table users
2019-02-13T15:33:43.234543 Received request from 102.23.55.32 for /example
2018-02-13T15:33:44.726534 Started database query for table users
2019-02-13T15:33:44.038472 Completed database query for table users
2019-02-13T15:33:43.234543 Received request from 102.23.55.32 for /example
2012-02-13T15:33:44.726534 Started database query for table users
2019-02-13T15:33:44.038472 Completed database query for table users
2019-02-13T15:33:43.234543 Received request from 102.23.55.32 for /example
2019-02-13T15:33:44.726534 Started database query for table users
2019-02-13T15:33:44.038472 Completed database query for table users
2015-02-13T15:33:43.234543 Received request from 102.23.55.32 for /example
2019-02-13T15:33:44.726534 Started database query for table users
2019-02-13T15:33:44.038472 Completed database query for table users
2019-02-13T15:33:43.234543 Received request from 102.23.55.32 for /example
2019-02-13T15:33:44.726534 Started database query for table users
2019-02-13T15:33:44.038472 Completed database query for table users
2019-02-13T15:33:43.234543 Received request from 102.23.55.32 for /example
2019-02-13T15:33:44.726534 Started database query for table users
2019-02-13T15:33:44.038472 Completed database query for table users
2019-02-13T15:33:43.234543 Received request from 102.23.55.32 for /example
2019-02-13T15:33:44.726534 Started database query for table users
2019-02-13T15:33:44.038472 Completed database query for table users
2019-02-13T15:33:43.234543 Received request from 102.23.55.32 for /example
2019-02-13T15:33:44.726534 Started database query for table users
2019-02-13T15:33:44.038472 Completed database query for table users
2019-02-13T15:33:43.234543 Received request from 102.23.55.32 for /example
2019-02-13T15:33:44.726534 Started database query for table users
2019-02-13T15:33:44.038472 Completed database query for table users
2019-02-13T15:33:43.234543 Received request from 102.23.55.32 for /example
2019-02-13T15:33:44.726534 Started database query for table users
2019-02-13T15:33:44.038472 Completed database query for table users
2019-02-13T15:33:43.234543 Received request from 102.23.55.32 for /example
2019-02-13T15:33:44.726534 Started database query for table users
2019-02-13T15:33:44.038472 Completed database query for table users
2019-02-13T15:33:43.234543 Received request from 102.23.55.32 for /example
2006-02-13T15:33:44.726534 Started database query for table users
2019-02-13T15:33:44.038472 Completed database query for table users
2019-02-13T15:33:43.234543 Received request from 102.23.55.32 for /example
2009-02-13T15:33:44.726534 Started database query for table users
2019-02-13T15:33:44.038472 Completed database query for table users
2019-02-13T15:33:43.234543 Received request from 102.23.55.32 for /example
2018-02-13T15:33:44.726534 Started database query for table users
2019-02-13T15:33:44.038472 Completed database query for table users
2019-02-13T15:33:43.234543 Received request from 102.23.55.32 for /example
2012-02-13T15:33:44.726534 Started database query for table users
2019-02-13T15:33:44.038472 Completed database query for table users
2019-02-13T15:33:43.234543 Received request from 102.23.55.32 for /example
2019-02-13T15:33:44.726534 Started database query for table users
2019-02-13T15:33:44.038472 Completed database query for table users
2015-02-13T15:33:43.234543 Received request from 102.23.55.32 for /example
2019-02-13T15:33:44.726534 Started database query for table users
2019-02-13T15:33:44.038472 Completed database query for table users
2019-02-13T15:33:43.234543 Received request from 102.23.55.32 for /example
2019-02-13T15:33:44.726534 Started database query for table users
2019-02-13T15:33:44.038472 Completed database query for table users
2019-02-13T15:33:43.234543 Received request from 102.23.55.32 for /example
2019-02-13T15:33:44.726534 Started database query for table users
2019-02-13T15:33:44.038472 Completed database query for table users
2019-02-13T15:33:43.234543 Received request from 102.23.55.32 for /example
2019-02-13T15:33:44.726534 Started database query for table users
2019-02-13T15:33:44.038472 Completed database query for table users
2019-02-13T15:33:43.234543 Received request from 102.23.55.32 for /example
2019-02-13T15:33:44.726534 Started database query for table users
2019-02-13T15:33:44.038472 Completed database query for table users
2019-02-13T15:33:43.234543 Received request from 102.23.55.32 for /example
2019-02-13T15:33:44.726534 Started database query for table users
2019-02-13T15:33:44.038472 Completed database query for table users
2019-02-13T15:33:43.234543 Received request from 102.23.55.32 for /example
2019-02-13T15:33:44.726534 Started database query for table users
2019-02-13T15:33:44.038472 Completed database query for table users
2019-02-13T15:33:43.234543 Received request from 102.23.55.32 for /example
2019-02-13T15:33:44.726534 Started database query for table users
2019-02-13T15:33:44.038472 Completed database query for table users
2019-02-13T15:33:43.234543 Received request from 102.23.55.32 for /example
2006-02-13T15:33:44.726534 Started database query for table users
2019-02-13T15:33:44.038472 Completed database query for table users
2019-02-13T15:33:43.234543 Received request from 102.23.55.32 for /example
2009-02-13T15:33:44.726534 Started database query for table users
2019-02-13T15:33:44.038472 Completed database query for table users
2019-02-13T15:33:43.234543 Received request from 102.23.55.32 for /example
2018-02-13T15:33:44.726534 Started database query for table users
2019-02-13T15:33:44.038472 Completed database query for table users
2019-02-13T15:33:43.234543 Received request from 102.23.55.32 for /example
2012-02-13T15:33:44.726534 Started database query for table users
2019-02-13T15:33:44.038472 Completed database query for table users
2019-02-13T15:33:43.234543 Received request from 102.23.55.32 for /example
2019-02-13T15:33:44.726534 Started database query for table users
2019-02-13T15:33:44.038472 Completed database query for table users
2015-02-13T15:33:43.234543 Received request from 102.23.55.32 for /example
2019-02-13T15:33:44.726534 Started database query for table users
2019-02-13T15:33:44.038472 Completed database query for table users
2019-02-13T15:33:43.234543 Received request from 102.23.55.32 for /example
2019-02-13T15:33:44.726534 Started database query for table users
2019-02-13T15:33:44.038472 Completed database query for table users
2019-02-13T15:33:43.234543 Received request from 102.23.55.32 for /example
2019-02-13T15:33:44.726534 Started database query for table users
2019-02-13T15:33:44.038472 Completed database query for table users
2019-02-13T15:33:43.234543 Received request from 102.23.55.32 for /example
2019-02-13T15:33:44.726534 Started database query for table users
2019-02-13T15:33:44.038472 Completed database query for table users
2019-02-13T15:33:43.234543 Received request from 102.23.55.32 for /example
2019-02-13T15:33:44.726534 Started database query for table users
2019-02-13T15:33:44.038472 Completed database query for table users
2019-02-13T15:33:43.234543 Received request from 102.23.55.32 for /example
2019-02-13T15:33:44.726534 Started database query for table users
2019-02-13T15:33:44.038472 Completed database query for table users
2019-02-13T15:33:43.234543 Received request from 102.23.55.32 for /example
2019-02-13T15:33:44.726534 Started database query for table users
2019-02-13T15:33:44.038472 Completed database query for table users
2019-02-13T15:33:43.234543 Received request from 102.23.55.32 for /example
2019-02-13T15:33:44.726534 Started database query for table users
2019-02-13T15:33:44.038472 Completed database query for table users
2019-02-13T15:33:43.234543 Received request from 102.23.55.32 for /example
2006-02-13T15:33:44.726534 Started database query for table users
2019-02-13T15:33:44.038472 Completed database query for table users
2019-02-13T15:33:43.234543 Received request from 102.23.55.32 for /example
2009-02-13T15:33:44.726534 Started database query for table users
2019-02-13T15:33:44.038472 Completed database query for table users
2019-02-13T15:33:43.234543 Received request from 102.23.55.32 for /example
2018-02-13T15:33:44.726534 Started database query for table users
2019-02-13T15:33:44.038472 Completed database query for table users
2019-02-13T15:33:43.234543 Received request from 102.23.55.32 for /example
2012-02-13T15:33:44.726534 Started database query for table users
2019-02-13T15:33:44.038472 Completed database query for table users
2019-02-13T15:33:43.234543 Received request from 102.23.55.32 for /example
2019-02-13T15:33:44.726534 Started database query for table users
2019-02-13T15:33:44.038472 Completed database query for table users
2015-02-13T15:33:43.234543 Received request from 102.23.55.32 for /example
2019-02-13T15:33:44.726534 Started database query for table users
2019-02-13T15:33:44.038472 Completed database query for table users
2019-02-13T15:33:43.234543 Received request from 102.23.55.32 for /example
2019-02-13T15:33:44.726534 Started database query for table users
2019-02-13T15:33:44.038472 Completed database query for table users
2019-02-13T15:33:43.234543 Received request from 102.23.55.32 for /example
2019-02-13T15:33:44.726534 Started database query for table users
2019-02-13T15:33:44.038472 Completed database query for table users
2019-02-13T15:33:43.234543 Received request from 102.23.55.32 for /example
2019-02-13T15:33:44.726534 Started database query for table users
2019-02-13T15:33:44.038472 Completed database query for table users
2019-02-13T15:33:43.234543 Received request from 102.23.55.32 for /example
2019-02-13T15:33:44.726534 Started database query for table users
2019-02-13T15:33:44.038472 Completed database query for table users
2019-02-13T15:33:43.234543 Received request from 102.23.55.32 for /example
2019-02-13T15:33:44.726534 Started database query for table users
2019-02-13T15:33:44.038472 Completed database query for table users
2019-02-13T15:33:43.234543 Received request from 102.23.55.32 for /example
2019-02-13T15:33:44.726534 Started database query for table users
2019-02-13T15:33:44.038472 Completed database query for table users
2019-02-13T15:33:43.234543 Received request from 102.23.55.32 for /example
2019-02-13T15:33:44.726534 Started database query for table users
2019-02-13T15:33:44.038472 Completed database query for table users
2019-02-13T15:33:43.234543 Received request from 102.23.55.32 for /example
2006-02-13T15:33:44.726534 Started database query for table users
2019-02-13T15:33:44.038472 Completed database query for table users
2019-02-13T15:33:43.234543 Received request from 102.23.55.32 for /example
2009-02-13T15:33:44.726534 Started database query for table users
2019-02-13T15:33:44.038472 Completed database query for table users
2019-02-13T15:33:43.234543 Received request from 102.23.55.32 for /example
2018-02-13T15:33:44.726534 Started database query for table users
2019-02-13T15:33:44.038472 Completed database query for table users
2019-02-13T15:33:43.234543 Received request from 102.23.55.32 for /example
2012-02-13T15:33:44.726534 Started database query for table users
2019-02-13T15:33:44.038472 Completed database query for table users
2019-02-13T15:33:43.234543 Received request from 102.23.55.32 for /example
2019-02-13T15:33:44.726534 Started database query for table users
2019-02-13T15:33:44.038472 Completed database query for table users
2015-02-13T15:33:43.234543 Received request from 102.23.55.32 for /example
2019-02-13T15:33:44.726534 Started database query for table users
2019-02-13T15:33:44.038472 Completed database query for table users
2019-02-13T15:33:43.234543 Received request from 102.23.55.32 for /example
2019-02-13T15:33:44.726534 Started database query for table users
2019-02-13T15:33:44.038472 Completed database query for table users
2019-02-13T15:33:43.234543 Received request from 102.23.55.32 for /example
2019-02-13T15:33:44.726534 Started database query for table users
2019-02-13T15:33:44.038472 Completed database query for table users
2019-02-13T15:33:43.234543 Received request from 102.23.55.32 for /example
2019-02-13T15:33:44.726534 Started database query for table users
2019-02-13T15:33:44.038472 Completed database query for table users
2019-02-13T15:33:43.234543 Received request from 102.23.55.32 for /example
2019-02-13T15:33:44.726534 Started database query for table users
2019-02-13T15:33:44.038472 Completed database query for table users
2019-02-13T15:33:43.234543 Received request from 102.23.55.32 for /example
2019-02-13T15:33:44.726534 Started database query for table users
2019-02-13T15:33:44.038472 Completed database query for table users
2019-02-13T15:33:43.234543 Received request from 102.23.55.32 for /example
2019-02-13T15:33:44.726534 Started database query for table users
2019-02-13T15:33:44.038472 Completed database query for table users
2019-02-13T15:33:43.234543 Received request from 102.23.55.32 for /example
2019-02-13T15:33:44.726534 Started database query for table users
2019-02-13T15:33:44.038472 Completed database query for table users
2019-02-13T15:33:43.234543 Received request from 102.23.55.32 for /example
2006-02-13T15:33:44.726534 Started database query for table users
2019-02-13T15:33:44.038472 Completed database query for table users
2019-02-13T15:33:43.234543 Received request from 102.23.55.32 for /example
2009-02-13T15:33:44.726534 Started database query for table users
2019-02-13T15:33:44.038472 Completed database query for table users
2019-02-13T15:33:43.234543 Received request from 102.23.55.32 for /example
2018-02-13T15:33:44.726534 Started database query for table users
2019-02-13T15:33:44.038472 Completed database query for table users
2019-02-13T15:33:43.234543 Received request from 102.23.55.32 for /example
2012-02-13T15:33:44.726534 Started database query for table users
2019-02-13T15:33:44.038472 Completed database query for table users
2019-02-13T15:33:43.234543 Received request from 102.23.55.32 for /example
2019-02-13T15:33:44.726534 Started database query for table users
2019-02-13T15:33:44.038472 Completed database query for table users
2015-02-13T15:33:43.234543 Received request from 102.23.55.32 for /example
2019-02-13T15:33:44.726534 Started database query for table users
2019-02-13T15:33:44.038472 Completed database query for table users
2019-02-13T15:33:43.234543 Received request from 102.23.55.32 for /example
2019-02-13T15:33:44.726534 Started database query for table users
2019-02-13T15:33:44.038472 Completed database query for table users
2019-02-13T15:33:43.234543 Received request from 102.23.55.32 for /example
2019-02-13T15:33:44.726534 Started database query for table users
2019-02-13T15:33:44.038472 Completed database query for table users
2019-02-13T15:33:43.234543 Received request from 102.23.55.32 for /example
2019-02-13T15:33:44.726534 Started database query for table users
2019-02-13T15:33:44.038472 Completed database query for table users
2019-02-13T15:33:43.234543 Received request from 102.23.55.32 for /example
2019-02-13T15:33:44.726534 Started database query for table users
2019-02-13T15:33:44.038472 Completed database query for table users
2019-02-13T15:33:43.234543 Received request from 102.23.55.32 for /example
2019-02-13T15:33:44.726534 Started database query for table users
2019-02-13T15:33:44.038472 Completed database query for table users
2019-02-13T15:33:43.234543 Received request from 102.23.55.32 for /example
2019-02-13T15:33:44.726534 Started database query for table users
2019-02-13T15:33:44.038472 Completed database query for table users
2019-02-13T15:33:43.234543 Received request from 102.23.55.32 for /example
2019-02-13T15:33:44.726534 Started database query for table users
2019-02-13T15:33:44.038472 Completed database query for table users
2019-02-13T15:33:43.234543 Received request from 102.23.55.32 for /example
2006-02-13T15:33:44.726534 Started database query for table users
2019-02-13T15:33:44.038472 Completed database query for table users
2019-02-13T15:33:43.234543 Received request from 102.23.55.32 for /example
2009-02-13T15:33:44.726534 Started database query for table users
2019-02-13T15:33:44.038472 Completed database query for table users
2019-02-13T15:33:43.234543 Received request from 102.23.55.32 for /example
2018-02-13T15:33:44.726534 Started database query for table users
2019-02-13T15:33:44.038472 Completed database query for table users
2019-02-13T15:33:43.234543 Received request from 102.23.55.32 for /example
2012-02-13T15:33:44.726534 Started database query for table users
2019-02-13T15:33:44.038472 Completed database query for table users
2019-02-13T15:33:43.234543 Received request from 102.23.55.32 for /example
2019-02-13T15:33:44.726534 Started database query for table users
2019-02-13T15:33:44.038472 Completed database query for table users
2015-02-13T15:33:43.234543 Received request from 102.23.55.32 for /example
2019-02-13T15:33:44.726534 Started database query for table users
2019-02-13T15:33:44.038472 Completed database query for table users
2019-02-13T15:33:43.234543 Received request from 102.23.55.32 for /example
2019-02-13T15:33:44.726534 Started database query for table users
2019-02-13T15:33:44.038472 Completed database query for table users
2019-02-13T15:33:43.234543 Received request from 102.23.55.32 for /example
2019-02-13T15:33:44.726534 Started database query for table users
2019-02-13T15:33:44.038472 Completed database query for table users
2019-02-13T15:33:43.234543 Received request from 102.23.55.32 for /example
2019-02-13T15:33:44.726534 Started database query for table users
2019-02-13T15:33:44.038472 Completed database query for table users
2019-02-13T15:33:43.234543 Received request from 102.23.55.32 for /example
2019-02-13T15:33:44.726534 Started database query for table users
2019-02-13T15:33:44.038472 Completed database query for table users
2019-02-13T15:33:43.234543 Received request from 102.23.55.32 for /example
2019-02-13T15:33:44.726534 Started database query for table users
2019-02-13T15:33:44.038472 Completed database query for table users
2019-02-13T15:33:43.234543 Received request from 102.23.55.32 for /example
2019-02-13T15:33:44.726534 Started database query for table users
2019-02-13T15:33:44.038472 Completed database query for table users
2019-02-13T15:33:43.234543 Received request from 102.23.55.32 for /example
2019-02-13T15:33:44.726534 Started database query for table users
2019-02-13T15:33:44.038472 Completed database query for table users
2019-02-13T15:33:43.234543 Received request from 102.23.55.32 for /example
2006-02-13T15:33:44.726534 Started database query for table users
2019-02-13T15:33:44.038472 Completed database query for table users
2019-02-13T15:33:43.234543 Received request from 102.23.55.32 for /example
2009-02-13T15:33:44.726534 Started database query for table users
2019-02-13T15:33:44.038472 Completed database query for table users
2019-02-13T15:33:43.234543 Received request from 102.23.55.32 for /example
2018-02-13T15:33:44.726534 Started database query for table users
2019-02-13T15:33:44.038472 Completed database query for table users
2019-02-13T15:33:43.234543 Received request from 102.23.55.32 for /example
2012-02-13T15:33:44.726534 Started database query for table users
2019-02-13T15:33:44.038472 Completed database query for table users
2019-02-13T15:33:43.234543 Received request from 102.23.55.32 for /example
2019-02-13T15:33:44.726534 Started database query for table users
2019-02-13T15:33:44.038472 Completed database query for table users
2015-02-13T15:33:43.234543 Received request from 102.23.55.32 for /example
2019-02-13T15:33:44.726534 Started database query for table users
2019-02-13T15:33:44.038472 Completed database query for table users
2019-02-13T15:33:43.234543 Received request from 102.23.55.32 for /example
2019-02-13T15:33:44.726534 Started database query for table users
2019-02-13T15:33:44.038472 Completed database query for table users
2019-02-13T15:33:43.234543 Received request from 102.23.55.32 for /example
2019-02-13T15:33:44.726534 Started database query for table users
2019-02-13T15:33:44.038472 Completed database query for table users
2019-02-13T15:33:43.234543 Received request from 102.23.55.32 for /example
2019-02-13T15:33:44.726534 Started database query for table users
2019-02-13T15:33:44.038472 Completed database query for table users
2019-02-13T15:33:43.234543 Received request from 102.23.55.32 for /example
2019-02-13T15:33:44.726534 Started database query for table users
2019-02-13T15:33:44.038472 Completed database query for table users
2019-02-13T15:33:43.234543 Received request from 102.23.55.32 for /example
2019-02-13T15:33:44.726534 Started database query for table users
2019-02-13T15:33:44.038472 Completed database query for table users
2019-02-13T15:33:43.234543 Received request from 102.23.55.32 for /example
2019-02-13T15:33:44.726534 Started database query for table users
2019-02-13T15:33:44.038472 Completed database query for table users
2019-02-13T15:33:43.234543 Received request from 102.23.55.32 for /example
2019-02-13T15:33:44.726534 Started database query for table users
2019-02-13T15:33:44.038472 Completed database query for table users
2019-02-13T15:33:43.234543 Received request from 102.23.55.32 for /example
2006-02-13T15:33:44.726534 Started database query for table users
2019-02-13T15:33:44.038472 Completed database query for table users
2019-02-13T15:33:43.234543 Received request from 102.23.55.32 for /example
2009-02-13T15:33:44.726534 Started database query for table users
2019-02-13T15:33:44.038472 Completed database query for table users
2019-02-13T15:33:43.234543 Received request from 102.23.55.32 for /example
2018-02-13T15:33:44.726534 Started database query for table users
2019-02-13T15:33:44.038472 Completed database query for table users
2019-02-13T15:33:43.234543 Received request from 102.23.55.32 for /example
2012-02-13T15:33:44.726534 Started database query for table users
2019-02-13T15:33:44.038472 Completed database query for table users
2019-02-13T15:33:43.234543 Received request from 102.23.55.32 for /example
2019-02-13T15:33:44.726534 Started database query for table users
2019-02-13T15:33:44.038472 Completed database query for table users
2015-02-13T15:33:43.234543 Received request from 102.23.55.32 for /example
2019-02-13T15:33:44.726534 Started database query for table users
2019-02-13T15:33:44.038472 Completed database query for table users
2019-02-13T15:33:43.234543 Received request from 102.23.55.32 for /example
2019-02-13T15:33:44.726534 Started database query for table users
2019-02-13T15:33:44.038472 Completed database query for table users
2019-02-13T15:33:43.234543 Received request from 102.23.55.32 for /example
2019-02-13T15:33:44.726534 Started database query for table users
2019-02-13T15:33:44.038472 Completed database query for table users
2019-02-13T15:33:43.234543 Received request from 102.23.55.32 for /example
2019-02-13T15:33:44.726534 Started database query for table users
2019-02-13T15:33:44.038472 Completed database query for table users
2019-02-13T15:33:43.234543 Received request from 102.23.55.32 for /example
2019-02-13T15:33:44.726534 Started database query for table users
2019-02-13T15:33:44.038472 Completed database query for table users
2019-02-13T15:33:43.234543 Received request from 102.23.55.32 for /example
2019-02-13T15:33:44.726534 Started database query for table users
2019-02-13T15:33:44.038472 Completed database query for table users
2019-02-13T15:33:43.234543 Received request from 102.23.55.32 for /example
2019-02-13T15:33:44.726534 Started database query for table users
2019-02-13T15:33:44.038472 Completed database query for table users
2019-02-13T15:33:43.234543 Received request from 102.23.55.32 for /example
2019-02-13T15:33:44.726534 Started database query for table users
2019-02-13T15:33:44.038472 Completed database query for table users
2019-02-13T15:33:43.234543 Received request from 102.23.55.32 for /example
2006-02-13T15:33:44.726534 Started database query for table users
2019-02-13T15:33:44.038472 Completed database query for table users
2019-02-13T15:33:43.234543 Received request from 102.23.55.32 for /example
2009-02-13T15:33:44.726534 Started database query for table users
2019-02-13T15:33:44.038472 Completed database query for table users
2019-02-13T15:33:43.234543 Received request from 102.23.55.32 for /example
2018-02-13T15:33:44.726534 Started database query for table users
2019-02-13T15:33:44.038472 Completed database query for table users
2019-02-13T15:33:43.234543 Received request from 102.23.55.32 for /example
2012-02-13T15:33:44.726534 Started database query for table users
2019-02-13T15:33:44.038472 Completed database query for table users
2019-02-13T15:33:43.234543 Received request from 102.23.55.32 for /example
2019-02-13T15:33:44.726534 Started database query for table users
2019-02-13T15:33:44.038472 Completed database query for table users
2015-02-13T15:33:43.234543 Received request from 102.23.55.32 for /example
2019-02-13T15:33:44.726534 Started database query for table users
2019-02-13T15:33:44.038472 Completed database query for table users
2019-02-13T15:33:43.234543 Received request from 102.23.55.32 for /example
2019-02-13T15:33:44.726534 Started database query for table users
2019-02-13T15:33:44.038472 Completed database query for table users
2019-02-13T15:33:43.234543 Received request from 102.23.55.32 for /example
2019-02-13T15:33:44.726534 Started database query for table users
2019-02-13T15:33:44.038472 Completed database query for table users
2019-02-13T15:33:43.234543 Received request from 102.23.55.32 for /example
2019-02-13T15:33:44.726534 Started database query for table users
2019-02-13T15:33:44.038472 Completed database query for table users
2019-02-13T15:33:43.234543 Received request from 102.23.55.32 for /example
2019-02-13T15:33:44.726534 Started database query for table users
2019-02-13T15:33:44.038472 Completed database query for table users
2019-02-13T15:33:43.234543 Received request from 102.23.55.32 for /example
2019-02-13T15:33:44.726534 Started database query for table users
2019-02-13T15:33:44.038472 Completed database query for table users
2019-02-13T15:33:43.234543 Received request from 102.23.55.32 for /example
2019-02-13T15:33:44.726534 Started database query for table users
2019-02-13T15:33:44.038472 Completed database query for table users
2019-02-13T15:33:43.234543 Received request from 102.23.55.32 for /example
2019-02-13T15:33:44.726534 Started database query for table users
2019-02-13T15:33:44.038472 Completed database query for table users
2019-02-13T15:33:43.234543 Received request from 102.23.55.32 for /example
2006-02-13T15:33:44.726534 Started database query for table users
2019-02-13T15:33:44.038472 Completed database query for table users
2019-02-13T15:33:43.234543 Received request from 102.23.55.32 for /example
2009-02-13T15:33:44.726534 Started database query for table users
2019-02-13T15:33:44.038472 Completed database query for table users
2019-02-13T15:33:43.234543 Received request from 102.23.55.32 for /example
2018-02-13T15:33:44.726534 Started database query for table users
2019-02-13T15:33:44.038472 Completed database query for table users
2019-02-13T15:33:43.234543 Received request from 102.23.55.32 for /example
2012-02-13T15:33:44.726534 Started database query for table users
2019-02-13T15:33:44.038472 Completed database query for table users
2019-02-13T15:33:43.234543 Received request from 102.23.55.32 for /example
2019-02-13T15:33:44.726534 Started database query for table users
2019-02-13T15:33:44.038472 Completed database query for table users
2015-02-13T15:33:43.234543 Received request from 102.23.55.32 for /example
2019-02-13T15:33:44.726534 Started database query for table users
2019-02-13T15:33:44.038472 Completed database query for table users
2019-02-13T15:33:43.234543 Received request from 102.23.55.32 for /example
2019-02-13T15:33:44.726534 Started database query for table users
2019-02-13T15:33:44.038472 Completed database query for table users
2019-02-13T15:33:43.234543 Received request from 102.23.55.32 for /example
2019-02-13T15:33:44.726534 Started database query for table users
2019-02-13T15:33:44.038472 Completed database query for table users
2019-02-13T15:33:43.234543 Received request from 102.23.55.32 for /example
2019-02-13T15:33:44.726534 Started database query for table users
2019-02-13T15:33:44.038472 Completed database query for table users
2019-02-13T15:33:43.234543 Received request from 102.23.55.32 for /example
2019-02-13T15:33:44.726534 Started database query for table users
2019-02-13T15:33:44.038472 Completed database query for table users
2019-02-13T15:33:43.234543 Received request from 102.23.55.32 for /example
2019-02-13T15:33:44.726534 Started database query for table users
2019-02-13T15:33:44.038472 Completed database query for table users
2019-02-13T15:33:43.234543 Received request from 102.23.55.32 for /example
2019-02-13T15:33:44.726534 Started database query for table users
2019-02-13T15:33:44.038472 Completed database query for table users
2019-02-13T15:33:43.234543 Received request from 102.23.55.32 for /example
2019-02-13T15:33:44.726534 Started database query for table users
2019-02-13T15:33:44.038472 Completed database query for table users
2019-02-13T15:33:43.234543 Received request from 102.23.55.32 for /example
2006-02-13T15:33:44.726534 Started database query for table users
2019-02-13T15:33:44.038472 Completed database query for table users
2019-02-13T15:33:43.234543 Received request from 102.23.55.32 for /example
2009-02-13T15:33:44.726534 Started database query for table users
2019-02-13T15:33:44.038472 Completed database query for table users
2019-02-13T15:33:43.234543 Received request from 102.23.55.32 for /example
2018-02-13T15:33:44.726534 Started database query for table users
2019-02-13T15:33:44.038472 Completed database query for table users
2019-02-13T15:33:43.234543 Received request from 102.23.55.32 for /example
2012-02-13T15:33:44.726534 Started database query for table users
2019-02-13T15:33:44.038472 Completed database query for table users
2019-02-13T15:33:43.234543 Received request from 102.23.55.32 for /example
2019-02-13T15:33:44.726534 Started database query for table users
2019-02-13T15:33:44.038472 Completed database query for table users
2015-02-13T15:33:43.234543 Received request from 102.23.55.32 for /example
2019-02-13T15:33:44.726534 Started database query for table users
2019-02-13T15:33:44.038472 Completed database query for table users
2019-02-13T15:33:43.234543 Received request from 102.23.55.32 for /example
2019-02-13T15:33:44.726534 Started database query for table users
2019-02-13T15:33:44.038472 Completed database query for table users
2019-02-13T15:33:43.234543 Received request from 102.23.55.32 for /example
2019-02-13T15:33:44.726534 Started database query for table users
2019-02-13T15:33:44.038472 Completed database query for table users
2019-02-13T15:33:43.234543 Received request from 102.23.55.32 for /example
2019-02-13T15:33:44.726534 Started database query for table users
2019-02-13T15:33:44.038472 Completed database query for table users
2019-02-13T15:33:43.234543 Received request from 102.23.55.32 for /example
2019-02-13T15:33:44.726534 Started database query for table users
2019-02-13T15:33:44.038472 Completed database query for table users
2019-02-13T15:33:43.234543 Received request from 102.23.55.32 for /example
2019-02-13T15:33:44.726534 Started database query for table users
2019-02-13T15:33:44.038472 Completed database query for table users
2019-02-13T15:33:43.234543 Received request from 102.23.55.32 for /example
2019-02-13T15:33:44.726534 Started database query for table users
2019-02-13T15:33:44.038472 Completed database query for table users
2019-02-13T15:33:43.234543 Received request from 102.23.55.32 for /example
2019-02-13T15:33:44.726534 Started database query for table users
2019-02-13T15:33:44.038472 Completed database query for table users
2019-02-13T15:33:43.234543 Received request from 102.23.55.32 for /example
2006-02-13T15:33:44.726534 Started database query for table users
2019-02-13T15:33:44.038472 Completed database query for table users
2019-02-13T15:33:43.234543 Received request from 102.23.55.32 for /example
2009-02-13T15:33:44.726534 Started database query for table users
2019-02-13T15:33:44.038472 Completed database query for table users
2019-02-13T15:33:43.234543 Received request from 102.23.55.32 for /example
2018-02-13T15:33:44.726534 Started database query for table users
2019-02-13T15:33:44.038472 Completed database query for table users
2019-02-13T15:33:43.234543 Received request from 102.23.55.32 for /example
2012-02-13T15:33:44.726534 Started database query for table users
2019-02-13T15:33:44.038472 Completed database query for table users
2019-02-13T15:33:43.234543 Received request from 102.23.55.32 for /example
2019-02-13T15:33:44.726534 Started database query for table users
2019-02-13T15:33:44.038472 Completed database query for table users
2015-02-13T15:33:43.234543 Received request from 102.23.55.32 for /example
2019-02-13T15:33:44.726534 Started database query for table users
2019-02-13T15:33:44.038472 Completed database query for table users
2019-02-13T15:33:43.234543 Received request from 102.23.55.32 for /example
2019-02-13T15:33:44.726534 Started database query for table users
2019-02-13T15:33:44.038472 Completed database query for table users
2019-02-13T15:33:43.234543 Received request from 102.23.55.32 for /example
2019-02-13T15:33:44.726534 Started database query for table users
2019-02-13T15:33:44.038472 Completed database query for table users
2019-02-13T15:33:43.234543 Received request from 102.23.55.32 for /example
2019-02-13T15:33:44.726534 Started database query for table users
2019-02-13T15:33:44.038472 Completed database query for table users
2019-02-13T15:33:43.234543 Received request from 102.23.55.32 for /example
2019-02-13T15:33:44.726534 Started database query for table users
2019-02-13T15:33:44.038472 Completed database query for table users
2019-02-13T15:33:43.234543 Received request from 102.23.55.32 for /example
2019-02-13T15:33:44.726534 Started database query for table users
2019-02-13T15:33:44.038472 Completed database query for table users
2019-02-13T15:33:43.234543 Received request from 102.23.55.32 for /example
2019-02-13T15:33:44.726534 Started database query for table users
2019-02-13T15:33:44.038472 Completed database query for table users
2019-02-13T15:33:43.234543 Received request from 102.23.55.32 for /example
2019-02-13T15:33:44.726534 Started database query for table users
2019-02-13T15:33:44.038472 Completed database query for table users
2019-02-13T15:33:43.234543 Received request from 102.23.55.32 for /example
2006-02-13T15:33:44.726534 Started database query for table users
2019-02-13T15:33:44.038472 Completed database query for table users
2019-02-13T15:33:43.234543 Received request from 102.23.55.32 for /example
2009-02-13T15:33:44.726534 Started database query for table users
2019-02-13T15:33:44.038472 Completed database query for table users
2019-02-13T15:33:43.234543 Received request from 102.23.55.32 for /example
2018-02-13T15:33:44.726534 Started database query for table users
2019-02-13T15:33:44.038472 Completed database query for table users
2019-02-13T15:33:43.234543 Received request from 102.23.55.32 for /example
2012-02-13T15:33:44.726534 Started database query for table users
2019-02-13T15:33:44.038472 Completed database query for table users
2019-02-13T15:33:43.234543 Received request from 102.23.55.32 for /example
2019-02-13T15:33:44.726534 Started database query for table users
2019-02-13T15:33:44.038472 Completed database query for table users
2015-02-13T15:33:43.234543 Received request from 102.23.55.32 for /example
2019-02-13T15:33:44.726534 Started database query for table users
2019-02-13T15:33:44.038472 Completed database query for table users
2019-02-13T15:33:43.234543 Received request from 102.23.55.32 for /example
2019-02-13T15:33:44.726534 Started database query for table users
2019-02-13T15:33:44.038472 Completed database query for table users
2019-02-13T15:33:43.234543 Received request from 102.23.55.32 for /example
2019-02-13T15:33:44.726534 Started database query for table users
2019-02-13T15:33:44.038472 Completed database query for table users
2019-02-13T15:33:43.234543 Received request from 102.23.55.32 for /example
2019-02-13T15:33:44.726534 Started database query for table users
2019-02-13T15:33:44.038472 Completed database query for table users
2019-02-13T15:33:43.234543 Received request from 102.23.55.32 for /example
2019-02-13T15:33:44.726534 Started database query for table users
2019-02-13T15:33:44.038472 Completed database query for table users
2019-02-13T15:33:43.234543 Received request from 102.23.55.32 for /example
2019-02-13T15:33:44.726534 Started database query for table users
2019-02-13T15:33:44.038472 Completed database query for table users
2019-02-13T15:33:43.234543 Received request from 102.23.55.32 for /example
2019-02-13T15:33:44.726534 Started database query for table users
2019-02-13T15:33:44.038472 Completed database query for table users
2019-02-13T15:33:43.234543 Received request from 102.23.55.32 for /example
2019-02-13T15:33:44.726534 Started database query for table users
2019-02-13T15:33:44.038472 Completed database query for table users
2019-02-13T15:33:43.234543 Received request from 102.23.55.32 for /example
2006-02-13T15:33:44.726534 Started database query for table users
2019-02-13T15:33:44.038472 Completed database query for table users
2019-02-13T15:33:43.234543 Received request from 102.23.55.32 for /example
2009-02-13T15:33:44.726534 Started database query for table users
2019-02-13T15:33:44.038472 Completed database query for table users
2019-02-13T15:33:43.234543 Received request from 102.23.55.32 for /example
2018-02-13T15:33:44.726534 Started database query for table users
2019-02-13T15:33:44.038472 Completed database query for table users
2019-02-13T15:33:43.234543 Received request from 102.23.55.32 for /example
2012-02-13T15:33:44.726534 Started database query for table users
2019-02-13T15:33:44.038472 Completed database query for table users
2019-02-13T15:33:43.234543 Received request from 102.23.55.32 for /example
2019-02-13T15:33:44.726534 Started database query for table users
2019-02-13T15:33:44.038472 Completed database query for table users
2015-02-13T15:33:43.234543 Received request from 102.23.55.32 for /example
2019-02-13T15:33:44.726534 Started database query for table users
2019-02-13T15:33:44.038472 Completed database query for table users
2019-02-13T15:33:43.234543 Received request from 102.23.55.32 for /example
2019-02-13T15:33:44.726534 Started database query for table users
2019-02-13T15:33:44.038472 Completed database query for table users
2019-02-13T15:33:43.234543 Received request from 102.23.55.32 for /example
2019-02-13T15:33:44.726534 Started database query for table users
2019-02-13T15:33:44.038472 Completed database query for table users
2019-02-13T15:33:43.234543 Received request from 102.23.55.32 for /example
2019-02-13T15:33:44.726534 Started database query for table users
2019-02-13T15:33:44.038472 Completed database query for table users
2019-02-13T15:33:43.234543 Received request from 102.23.55.32 for /example
2019-02-13T15:33:44.726534 Started database query for table users
2019-02-13T15:33:44.038472 Completed database query for table users
2019-02-13T15:33:43.234543 Received request from 102.23.55.32 for /example
2019-02-13T15:33:44.726534 Started database query for table users
2019-02-13T15:33:44.038472 Completed database query for table users
2019-02-13T15:33:43.234543 Received request from 102.23.55.32 for /example
2019-02-13T15:33:44.726534 Started database query for table users
2019-02-13T15:33:44.038472 Completed database query for table users
2019-02-13T15:33:43.234543 Received request from 102.23.55.32 for /example
2019-02-13T15:33:44.726534 Started database query for table users
2019-02-13T15:33:44.038472 Completed database query for table users
2019-02-13T15:33:43.234543 Received request from 102.23.55.32 for /example
2006-02-13T15:33:44.726534 Started database query for table users
2019-02-13T15:33:44.038472 Completed database query for table users
2019-02-13T15:33:43.234543 Received request from 102.23.55.32 for /example
2009-02-13T15:33:44.726534 Started database query for table users
2019-02-13T15:33:44.038472 Completed database query for table users
2019-02-13T15:33:43.234543 Received request from 102.23.55.32 for /example
2018-02-13T15:33:44.726534 Started database query for table users
2019-02-13T15:33:44.038472 Completed database query for table users
2019-02-13T15:33:43.234543 Received request from 102.23.55.32 for /example
2012-02-13T15:33:44.726534 Started database query for table users
2019-02-13T15:33:44.038472 Completed database query for table users
2019-02-13T15:33:43.234543 Received request from 102.23.55.32 for /example
2019-02-13T15:33:44.726534 Started database query for table users
2019-02-13T15:33:44.038472 Completed database query for table users
2015-02-13T15:33:43.234543 Received request from 102.23.55.32 for /example
2019-02-13T15:33:44.726534 Started database query for table users
2019-02-13T15:33:44.038472 Completed database query for table users
2019-02-13T15:33:43.234543 Received request from 102.23.55.32 for /example
2019-02-13T15:33:44.726534 Started database query for table users
2019-02-13T15:33:44.038472 Completed database query for table users
2019-02-13T15:33:43.234543 Received request from 102.23.55.32 for /example
2019-02-13T15:33:44.726534 Started database query for table users
2019-02-13T15:33:44.038472 Completed database query for table users
2019-02-13T15:33:43.234543 Received request from 102.23.55.32 for /example
2019-02-13T15:33:44.726534 Started database query for table users
2019-02-13T15:33:44.038472 Completed database query for table users
2019-02-13T15:33:43.234543 Received request from 102.23.55.32 for /example
2019-02-13T15:33:44.726534 Started database query for table users
2019-02-13T15:33:44.038472 Completed database query for table users
2019-02-13T15:33:43.234543 Received request from 102.23.55.32 for /example
2019-02-13T15:33:44.726534 Started database query for table users
2019-02-13T15:33:44.038472 Completed database query for table users
2019-02-13T15:33:43.234543 Received request from 102.23.55.32 for /example
2019-02-13T15:33:44.726534 Started database query for table users
2019-02-13T15:33:44.038472 Completed database query for table users
2019-02-13T15:33:43.234543 Received request from 102.23.55.32 for /example
2019-02-13T15:33:44.726534 Started database query for table users
2019-02-13T15:33:44.038472 Completed database query for table users
2019-02-13T15:33:43.234543 Received request from 102.23.55.32 for /example
2006-02-13T15:33:44.726534 Started database query for table users
2019-02-13T15:33:44.038472 Completed database query for table users
2019-02-13T15:33:43.234543 Received request from 102.23.55.32 for /example
2009-02-13T15:33:44.726534 Started database query for table users
2019-02-13T15:33:44.038472 Completed database query for table users
2019-02-13T15:33:43.234543 Received request from 102.23.55.32 for /example
2018-02-13T15:33:44.726534 Started database query for table users
2019-02-13T15:33:44.038472 Completed database query for table users
2019-02-13T15:33:43.234543 Received request from 102.23.55.32 for /example
2012-02-13T15:33:44.726534 Started database query for table users
2019-02-13T15:33:44.038472 Completed database query for table users
2019-02-13T15:33:43.234543 Received request from 102.23.55.32 for /example
2019-02-13T15:33:44.726534 Started database query for table users
2019-02-13T15:33:44.038472 Completed database query for table users
2015-02-13T15:33:43.234543 Received request from 102.23.55.32 for /example
2019-02-13T15:33:44.726534 Started database query for table users
2019-02-13T15:33:44.038472 Completed database query for table users
2019-02-13T15:33:43.234543 Received request from 102.23.55.32 for /example
2019-02-13T15:33:44.726534 Started database query for table users
2019-02-13T15:33:44.038472 Completed database query for table users
2019-02-13T15:33:43.234543 Received request from 102.23.55.32 for /example
2019-02-13T15:33:44.726534 Started database query for table users
2019-02-13T15:33:44.038472 Completed database query for table users
2019-02-13T15:33:43.234543 Received request from 102.23.55.32 for /example
2019-02-13T15:33:44.726534 Started database query for table users
2019-02-13T15:33:44.038472 Completed database query for table users
2019-02-13T15:33:43.234543 Received request from 102.23.55.32 for /example
2019-02-13T15:33:44.726534 Started database query for table users
2019-02-13T15:33:44.038472 Completed database query for table users
2019-02-13T15:33:43.234543 Received request from 102.23.55.32 for /example
2019-02-13T15:33:44.726534 Started database query for table users
2019-02-13T15:33:44.038472 Completed database query for table users
2019-02-13T15:33:43.234543 Received request from 102.23.55.32 for /example
2019-02-13T15:33:44.726534 Started database query for table users
2019-02-13T15:33:44.038472 Completed database query for table users
2019-02-13T15:33:43.234543 Received request from 102.23.55.32 for /example
2019-02-13T15:33:44.726534 Started database query for table users
2019-02-13T15:33:44.038472 Completed database query for table users
2019-02-13T15:33:43.234543 Received request from 102.23.55.32 for /example
2006-02-13T15:33:44.726534 Started database query for table users
2019-02-13T15:33:44.038472 Completed database query for table users
2019-02-13T15:33:43.234543 Received request from 102.23.55.32 for /example
2009-02-13T15:33:44.726534 Started database query for table users
2019-02-13T15:33:44.038472 Completed database query for table users
2019-02-13T15:33:43.234543 Received request from 102.23.55.32 for /example
2018-02-13T15:33:44.726534 Started database query for table users
2019-02-13T15:33:44.038472 Completed database query for table users
2019-02-13T15:33:43.234543 Received request from 102.23.55.32 for /example
2012-02-13T15:33:44.726534 Started database query for table users
2019-02-13T15:33:44.038472 Completed database query for table users
2019-02-13T15:33:43.234543 Received request from 102.23.55.32 for /example
2019-02-13T15:33:44.726534 Started database query for table users
2019-02-13T15:33:44.038472 Completed database query for table users
2015-02-13T15:33:43.234543 Received request from 102.23.55.32 for /example
2019-02-13T15:33:44.726534 Started database query for table users
2019-02-13T15:33:44.038472 Completed database query for table users
2019-02-13T15:33:43.234543 Received request from 102.23.55.32 for /example
2019-02-13T15:33:44.726534 Started database query for table users
2019-02-13T15:33:44.038472 Completed database query for table users
2019-02-13T15:33:43.234543 Received request from 102.23.55.32 for /example
2019-02-13T15:33:44.726534 Started database query for table users
2019-02-13T15:33:44.038472 Completed database query for table users
2019-02-13T15:33:43.234543 Received request from 102.23.55.32 for /example
2019-02-13T15:33:44.726534 Started database query for table users
2019-02-13T15:33:44.038472 Completed database query for table users
2019-02-13T15:33:43.234543 Received request from 102.23.55.32 for /example
2019-02-13T15:33:44.726534 Started database query for table users
2019-02-13T15:33:44.038472 Completed database query for table users
2019-02-13T15:33:43.234543 Received request from 102.23.55.32 for /example
2019-02-13T15:33:44.726534 Started database query for table users
2019-02-13T15:33:44.038472 Completed database query for table users
2019-02-13T15:33:43.234543 Received request from 102.23.55.32 for /example
2019-02-13T15:33:44.726534 Started database query for table users
2019-02-13T15:33:44.038472 Completed database query for table users
2019-02-13T15:33:43.234543 Received request from 102.23.55.32 for /example
2019-02-13T15:33:44.726534 Started database query for table users
2019-02-13T15:33:44.038472 Completed database query for table users
2019-02-13T15:33:43.234543 Received request from 102.23.55.32 for /example
2006-02-13T15:33:44.726534 Started database query for table users
2019-02-13T15:33:44.038472 Completed database query for table users
2019-02-13T15:33:43.234543 Received request from 102.23.55.32 for /example
2009-02-13T15:33:44.726534 Started database query for table users
2019-02-13T15:33:44.038472 Completed database query for table users
2019-02-13T15:33:43.234543 Received request from 102.23.55.32 for /example
2018-02-13T15:33:44.726534 Started database query for table users
2019-02-13T15:33:44.038472 Completed database query for table users
2019-02-13T15:33:43.234543 Received request from 102.23.55.32 for /example
2012-02-13T15:33:44.726534 Started database query for table users
2019-02-13T15:33:44.038472 Completed database query for table users
2019-02-13T15:33:43.234543 Received request from 102.23.55.32 for /example
2019-02-13T15:33:44.726534 Started database query for table users
2019-02-13T15:33:44.038472 Completed database query for table users
2015-02-13T15:33:43.234543 Received request from 102.23.55.32 for /example
2019-02-13T15:33:44.726534 Started database query for table users
2019-02-13T15:33:44.038472 Completed database query for table users
2019-02-13T15:33:43.234543 Received request from 102.23.55.32 for /example
2019-02-13T15:33:44.726534 Started database query for table users
2019-02-13T15:33:44.038472 Completed database query for table users
2019-02-13T15:33:43.234543 Received request from 102.23.55.32 for /example
2019-02-13T15:33:44.726534 Started database query for table users
2019-02-13T15:33:44.038472 Completed database query for table users
2019-02-13T15:33:43.234543 Received request from 102.23.55.32 for /example
2019-02-13T15:33:44.726534 Started database query for table users
2019-02-13T15:33:44.038472 Completed database query for table users
2019-02-13T15:33:43.234543 Received request from 102.23.55.32 for /example
2019-02-13T15:33:44.726534 Started database query for table users
2019-02-13T15:33:44.038472 Completed database query for table users
2019-02-13T15:33:43.234543 Received request from 102.23.55.32 for /example
2019-02-13T15:33:44.726534 Started database query for table users
2019-02-13T15:33:44.038472 Completed database query for table users
2019-02-13T15:33:43.234543 Received request from 102.23.55.32 for /example
2019-02-13T15:33:44.726534 Started database query for table users
2019-02-13T15:33:44.038472 Completed database query for table users
2019-02-13T15:33:43.234543 Received request from 102.23.55.32 for /example
2019-02-13T15:33:44.726534 Started database query for table users
2019-02-13T15:33:44.038472 Completed database query for table users
2019-02-13T15:33:43.234543 Received request from 102.23.55.32 for /example
2006-02-13T15:33:44.726534 Started database query for table users
2019-02-13T15:33:44.038472 Completed database query for table users
2019-02-13T15:33:43.234543 Received request from 102.23.55.32 for /example
2009-02-13T15:33:44.726534 Started database query for table users
2019-02-13T15:33:44.038472 Completed database query for table users
2019-02-13T15:33:43.234543 Received request from 102.23.55.32 for /example
2018-02-13T15:33:44.726534 Started database query for table users
2019-02-13T15:33:44.038472 Completed database query for table users
2019-02-13T15:33:43.234543 Received request from 102.23.55.32 for /example
2012-02-13T15:33:44.726534 Started database query for table users
2019-02-13T15:33:44.038472 Completed database query for table users
2019-02-13T15:33:43.234543 Received request from 102.23.55.32 for /example
2019-02-13T15:33:44.726534 Started database query for table users
2019-02-13T15:33:44.038472 Completed database query for table users
2015-02-13T15:33:43.234543 Received request from 102.23.55.32 for /example
2019-02-13T15:33:44.726534 Started database query for table users
2019-02-13T15:33:44.038472 Completed database query for table users
2019-02-13T15:33:43.234543 Received request from 102.23.55.32 for /example
2019-02-13T15:33:44.726534 Started database query for table users
2019-02-13T15:33:44.038472 Completed database query for table users
2019-02-13T15:33:43.234543 Received request from 102.23.55.32 for /example
2019-02-13T15:33:44.726534 Started database query for table users
2019-02-13T15:33:44.038472 Completed database query for table users
2019-02-13T15:33:43.234543 Received request from 102.23.55.32 for /example
2019-02-13T15:33:44.726534 Started database query for table users
2019-02-13T15:33:44.038472 Completed database query for table users
2019-02-13T15:33:43.234543 Received request from 102.23.55.32 for /example
2019-02-13T15:33:44.726534 Started database query for table users
2019-02-13T15:33:44.038472 Completed database query for table users
2019-02-13T15:33:43.234543 Received request from 102.23.55.32 for /example
2019-02-13T15:33:44.726534 Started database query for table users
2019-02-13T15:33:44.038472 Completed database query for table users
2019-02-13T15:33:43.234543 Received request from 102.23.55.32 for /example
2019-02-13T15:33:44.726534 Started database query for table users
2019-02-13T15:33:44.038472 Completed database query for table users
2019-02-13T15:33:43.234543 Received request from 102.23.55.32 for /example
2019-02-13T15:33:44.726534 Started database query for table users
2019-02-13T15:33:44.038472 Completed database query for table users
2019-02-13T15:33:43.234543 Received request from 102.23.55.32 for /example
2006-02-13T15:33:44.726534 Started database query for table users
2019-02-13T15:33:44.038472 Completed database query for table users
2019-02-13T15:33:43.234543 Received request from 102.23.55.32 for /example
2009-02-13T15:33:44.726534 Started database query for table users
2019-02-13T15:33:44.038472 Completed database query for table users
2019-02-13T15:33:43.234543 Received request from 102.23.55.32 for /example
2018-02-13T15:33:44.726534 Started database query for table users
2019-02-13T15:33:44.038472 Completed database query for table users
2019-02-13T15:33:43.234543 Received request from 102.23.55.32 for /example
2012-02-13T15:33:44.726534 Started database query for table users
2019-02-13T15:33:44.038472 Completed database query for table users
2019-02-13T15:33:43.234543 Received request from 102.23.55.32 for /example
2019-02-13T15:33:44.726534 Started database query for table users
2019-02-13T15:33:44.038472 Completed database query for table users
2015-02-13T15:33:43.234543 Received request from 102.23.55.32 for /example
2019-02-13T15:33:44.726534 Started database query for table users
2019-02-13T15:33:44.038472 Completed database query for table users
2019-02-13T15:33:43.234543 Received request from 102.23.55.32 for /example
2019-02-13T15:33:44.726534 Started database query for table users
2019-02-13T15:33:44.038472 Completed database query for table users
2019-02-13T15:33:43.234543 Received request from 102.23.55.32 for /example
2019-02-13T15:33:44.726534 Started database query for table users
2019-02-13T15:33:44.038472 Completed database query for table users
2019-02-13T15:33:43.234543 Received request from 102.23.55.32 for /example
2019-02-13T15:33:44.726534 Started database query for table users
2019-02-13T15:33:44.038472 Completed database query for table users
2019-02-13T15:33:43.234543 Received request from 102.23.55.32 for /example
2019-02-13T15:33:44.726534 Started database query for table users
2019-02-13T15:33:44.038472 Completed database query for table users
2019-02-13T15:33:43.234543 Received request from 102.23.55.32 for /example
2019-02-13T15:33:44.726534 Started database query for table users
2019-02-13T15:33:44.038472 Completed database query for table users
2019-02-13T15:33:43.234543 Received request from 102.23.55.32 for /example
2019-02-13T15:33:44.726534 Started database query for table users
2019-02-13T15:33:44.038472 Completed database query for table users
2019-02-13T15:33:43.234543 Received request from 102.23.55.32 for /example
2019-02-13T15:33:44.726534 Started database query for table users
2019-02-13T15:33:44.038472 Completed database query for table users
2019-02-13T15:33:43.234543 Received request from 102.23.55.32 for /example
2006-02-13T15:33:44.726534 Started database query for table users
2019-02-13T15:33:44.038472 Completed database query for table users
2019-02-13T15:33:43.234543 Received request from 102.23.55.32 for /example
2009-02-13T15:33:44.726534 Started database query for table users
2019-02-13T15:33:44.038472 Completed database query for table users
2019-02-13T15:33:43.234543 Received request from 102.23.55.32 for /example
2018-02-13T15:33:44.726534 Started database query for table users
2019-02-13T15:33:44.038472 Completed database query for table users
2019-02-13T15:33:43.234543 Received request from 102.23.55.32 for /example
2012-02-13T15:33:44.726534 Started database query for table users
2019-02-13T15:33:44.038472 Completed database query for table users
2019-02-13T15:33:43.234543 Received request from 102.23.55.32 for /example
2019-02-13T15:33:44.726534 Started database query for table users
2019-02-13T15:33:44.038472 Completed database query for table users
2015-02-13T15:33:43.234543 Received request from 102.23.55.32 for /example
2019-02-13T15:33:44.726534 Started database query for table users
2019-02-13T15:33:44.038472 Completed database query for table users
2019-02-13T15:33:43.234543 Received request from 102.23.55.32 for /example
2019-02-13T15:33:44.726534 Started database query for table users
2019-02-13T15:33:44.038472 Completed database query for table users
2019-02-13T15:33:43.234543 Received request from 102.23.55.32 for /example
2019-02-13T15:33:44.726534 Started database query for table users
2019-02-13T15:33:44.038472 Completed database query for table users
2019-02-13T15:33:43.234543 Received request from 102.23.55.32 for /example
2019-02-13T15:33:44.726534 Started database query for table users
2019-02-13T15:33:44.038472 Completed database query for table users
2019-02-13T15:33:43.234543 Received request from 102.23.55.32 for /example
2019-02-13T15:33:44.726534 Started database query for table users
2019-02-13T15:33:44.038472 Completed database query for table users
2019-02-13T15:33:43.234543 Received request from 102.23.55.32 for /example
2019-02-13T15:33:44.726534 Started database query for table users
2019-02-13T15:33:44.038472 Completed database query for table users
2019-02-13T15:33:43.234543 Received request from 102.23.55.32 for /example
2019-02-13T15:33:44.726534 Started database query for table users
2019-02-13T15:33:44.038472 Completed database query for table users
2019-02-13T15:33:43.234543 Received request from 102.23.55.32 for /example
2019-02-13T15:33:44.726534 Started database query for table users
2019-02-13T15:33:44.038472 Completed database query for table users
2019-02-13T15:33:43.234543 Received request from 102.23.55.32 for /example
2006-02-13T15:33:44.726534 Started database query for table users
2019-02-13T15:33:44.038472 Completed database query for table users
2019-02-13T15:33:43.234543 Received request from 102.23.55.32 for /example
2009-02-13T15:33:44.726534 Started database query for table users
2019-02-13T15:33:44.038472 Completed database query for table users
2019-02-13T15:33:43.234543 Received request from 102.23.55.32 for /example
2018-02-13T15:33:44.726534 Started database query for table users
2019-02-13T15:33:44.038472 Completed database query for table users
2019-02-13T15:33:43.234543 Received request from 102.23.55.32 for /example
2012-02-13T15:33:44.726534 Started database query for table users
2019-02-13T15:33:44.038472 Completed database query for table users
2019-02-13T15:33:43.234543 Received request from 102.23.55.32 for /example
2019-02-13T15:33:44.726534 Started database query for table users
2019-02-13T15:33:44.038472 Completed database query for table users
2015-02-13T15:33:43.234543 Received request from 102.23.55.32 for /example
2019-02-13T15:33:44.726534 Started database query for table users
2019-02-13T15:33:44.038472 Completed database query for table users
2019-02-13T15:33:43.234543 Received request from 102.23.55.32 for /example
2019-02-13T15:33:44.726534 Started database query for table users
2019-02-13T15:33:44.038472 Completed database query for table users
2019-02-13T15:33:43.234543 Received request from 102.23.55.32 for /example
2019-02-13T15:33:44.726534 Started database query for table users
2019-02-13T15:33:44.038472 Completed database query for table users
2019-02-13T15:33:43.234543 Received request from 102.23.55.32 for /example
2019-02-13T15:33:44.726534 Started database query for table users
2019-02-13T15:33:44.038472 Completed database query for table users
2019-02-13T15:33:43.234543 Received request from 102.23.55.32 for /example
2019-02-13T15:33:44.726534 Started database query for table users
2019-02-13T15:33:44.038472 Completed database query for table users
2019-02-13T15:33:43.234543 Received request from 102.23.55.32 for /example
2019-02-13T15:33:44.726534 Started database query for table users
2019-02-13T15:33:44.038472 Completed database query for table users
2019-02-13T15:33:43.234543 Received request from 102.23.55.32 for /example
2019-02-13T15:33:44.726534 Started database query for table users
2019-02-13T15:33:44.038472 Completed database query for table users
2019-02-13T15:33:43.234543 Received request from 102.23.55.32 for /example
2019-02-13T15:33:44.726534 Started database query for table users
2019-02-13T15:33:44.038472 Completed database query for table users
2019-02-13T15:33:43.234543 Received request from 102.23.55.32 for /example
2006-02-13T15:33:44.726534 Started database query for table users
2019-02-13T15:33:44.038472 Completed database query for table users
2019-02-13T15:33:43.234543 Received request from 102.23.55.32 for /example
2009-02-13T15:33:44.726534 Started database query for table users
2019-02-13T15:33:44.038472 Completed database query for table users
2019-02-13T15:33:43.234543 Received request from 102.23.55.32 for /example
2018-02-13T15:33:44.726534 Started database query for table users
2019-02-13T15:33:44.038472 Completed database query for table users
2019-02-13T15:33:43.234543 Received request from 102.23.55.32 for /example
2012-02-13T15:33:44.726534 Started database query for table users
2019-02-13T15:33:44.038472 Completed database query for table users
2019-02-13T15:33:43.234543 Received request from 102.23.55.32 for /example
2019-02-13T15:33:44.726534 Started database query for table users
2019-02-13T15:33:44.038472 Completed database query for table users
2015-02-13T15:33:43.234543 Received request from 102.23.55.32 for /example
2019-02-13T15:33:44.726534 Started database query for table users
2019-02-13T15:33:44.038472 Completed database query for table users
2019-02-13T15:33:43.234543 Received request from 102.23.55.32 for /example
2019-02-13T15:33:44.726534 Started database query for table users
2019-02-13T15:33:44.038472 Completed database query for table users
2019-02-13T15:33:43.234543 Received request from 102.23.55.32 for /example
2019-02-13T15:33:44.726534 Started database query for table users
2019-02-13T15:33:44.038472 Completed database query for table users
2019-02-13T15:33:43.234543 Received request from 102.23.55.32 for /example
2019-02-13T15:33:44.726534 Started database query for table users
2019-02-13T15:33:44.038472 Completed database query for table users
2019-02-13T15:33:43.234543 Received request from 102.23.55.32 for /example
2019-02-13T15:33:44.726534 Started database query for table users
2019-02-13T15:33:44.038472 Completed database query for table users
2019-02-13T15:33:43.234543 Received request from 102.23.55.32 for /example
2019-02-13T15:33:44.726534 Started database query for table users
2019-02-13T15:33:44.038472 Completed database query for table users
2019-02-13T15:33:43.234543 Received request from 102.23.55.32 for /example
2019-02-13T15:33:44.726534 Started database query for table users
2019-02-13T15:33:44.038472 Completed database query for table users
2019-02-13T15:33:43.234543 Received request from 102.23.55.32 for /example
2019-02-13T15:33:44.726534 Started database query for table users
2019-02-13T15:33:44.038472 Completed database query for table users
2019-02-13T15:33:43.234543 Received request from 102.23.55.32 for /example
2006-02-13T15:33:44.726534 Started database query for table users
2019-02-13T15:33:44.038472 Completed database query for table users
2019-02-13T15:33:43.234543 Received request from 102.23.55.32 for /example
2009-02-13T15:33:44.726534 Started database query for table users
2019-02-13T15:33:44.038472 Completed database query for table users
2019-02-13T15:33:43.234543 Received request from 102.23.55.32 for /example
2018-02-13T15:33:44.726534 Started database query for table users
2019-02-13T15:33:44.038472 Completed database query for table users
2019-02-13T15:33:43.234543 Received request from 102.23.55.32 for /example
2012-02-13T15:33:44.726534 Started database query for table users
2019-02-13T15:33:44.038472 Completed database query for table users
2019-02-13T15:33:43.234543 Received request from 102.23.55.32 for /example
2019-02-13T15:33:44.726534 Started database query for table users
2019-02-13T15:33:44.038472 Completed database query for table users
2015-02-13T15:33:43.234543 Received request from 102.23.55.32 for /example
2019-02-13T15:33:44.726534 Started database query for table users
2019-02-13T15:33:44.038472 Completed database query for table users
2019-02-13T15:33:43.234543 Received request from 102.23.55.32 for /example
2019-02-13T15:33:44.726534 Started database query for table users
2019-02-13T15:33:44.038472 Completed database query for table users
2019-02-13T15:33:43.234543 Received request from 102.23.55.32 for /example
2019-02-13T15:33:44.726534 Started database query for table users
2019-02-13T15:33:44.038472 Completed database query for table users
2019-02-13T15:33:43.234543 Received request from 102.23.55.32 for /example
2019-02-13T15:33:44.726534 Started database query for table users
2019-02-13T15:33:44.038472 Completed database query for table users
2019-02-13T15:33:43.234543 Received request from 102.23.55.32 for /example
2019-02-13T15:33:44.726534 Started database query for table users
2019-02-13T15:33:44.038472 Completed database query for table users
2019-02-13T15:33:43.234543 Received request from 102.23.55.32 for /example
2019-02-13T15:33:44.726534 Started database query for table users
2019-02-13T15:33:44.038472 Completed database query for table users
2019-02-13T15:33:43.234543 Received request from 102.23.55.32 for /example
2019-02-13T15:33:44.726534 Started database query for table users
2019-02-13T15:33:44.038472 Completed database query for table users
2019-02-13T15:33:43.234543 Received request from 102.23.55.32 for /example
2019-02-13T15:33:44.726534 Started database query for table users
2019-02-13T15:33:44.038472 Completed database query for table users
2019-02-13T15:33:43.234543 Received request from 102.23.55.32 for /example
2006-02-13T15:33:44.726534 Started database query for table users
2019-02-13T15:33:44.038472 Completed database query for table users
2019-02-13T15:33:43.234543 Received request from 102.23.55.32 for /example
2009-02-13T15:33:44.726534 Started database query for table users
2019-02-13T15:33:44.038472 Completed database query for table users
2019-02-13T15:33:43.234543 Received request from 102.23.55.32 for /example
2018-02-13T15:33:44.726534 Started database query for table users
2019-02-13T15:33:44.038472 Completed database query for table users
2019-02-13T15:33:43.234543 Received request from 102.23.55.32 for /example
2012-02-13T15:33:44.726534 Started database query for table users
2019-02-13T15:33:44.038472 Completed database query for table users
2019-02-13T15:33:43.234543 Received request from 102.23.55.32 for /example
2019-02-13T15:33:44.726534 Started database query for table users
2019-02-13T15:33:44.038472 Completed database query for table users
2015-02-13T15:33:43.234543 Received request from 102.23.55.32 for /example
2019-02-13T15:33:44.726534 Started database query for table users
2019-02-13T15:33:44.038472 Completed database query for table users
2019-02-13T15:33:43.234543 Received request from 102.23.55.32 for /example
2019-02-13T15:33:44.726534 Started database query for table users
2019-02-13T15:33:44.038472 Completed database query for table users
2019-02-13T15:33:43.234543 Received request from 102.23.55.32 for /example
2019-02-13T15:33:44.726534 Started database query for table users
2019-02-13T15:33:44.038472 Completed database query for table users
2019-02-13T15:33:43.234543 Received request from 102.23.55.32 for /example
2019-02-13T15:33:44.726534 Started database query for table users
2019-02-13T15:33:44.038472 Completed database query for table users
2019-02-13T15:33:43.234543 Received request from 102.23.55.32 for /example
2019-02-13T15:33:44.726534 Started database query for table users
2019-02-13T15:33:44.038472 Completed database query for table users
2019-02-13T15:33:43.234543 Received request from 102.23.55.32 for /example
2019-02-13T15:33:44.726534 Started database query for table users
2019-02-13T15:33:44.038472 Completed database query for table users
2019-02-13T15:33:43.234543 Received request from 102.23.55.32 for /example
2019-02-13T15:33:44.726534 Started database query for table users
2019-02-13T15:33:44.038472 Completed database query for table users
2019-02-13T15:33:43.234543 Received request from 102.23.55.32 for /example
2019-02-13T15:33:44.726534 Started database query for table users
2019-02-13T15:33:44.038472 Completed database query for table users
2019-02-13T15:33:43.234543 Received request from 102.23.55.32 for /example
2006-02-13T15:33:44.726534 Started database query for table users
2019-02-13T15:33:44.038472 Completed database query for table users
2019-02-13T15:33:43.234543 Received request from 102.23.55.32 for /example
2009-02-13T15:33:44.726534 Started database query for table users
2019-02-13T15:33:44.038472 Completed database query for table users
2019-02-13T15:33:43.234543 Received request from 102.23.55.32 for /example
2018-02-13T15:33:44.726534 Started database query for table users
2019-02-13T15:33:44.038472 Completed database query for table users
2019-02-13T15:33:43.234543 Received request from 102.23.55.32 for /example
2012-02-13T15:33:44.726534 Started database query for table users
2019-02-13T15:33:44.038472 Completed database query for table users
2019-02-13T15:33:43.234543 Received request from 102.23.55.32 for /example
2019-02-13T15:33:44.726534 Started database query for table users
2019-02-13T15:33:44.038472 Completed database query for table users
2015-02-13T15:33:43.234543 Received request from 102.23.55.32 for /example
2019-02-13T15:33:44.726534 Started database query for table users
2019-02-13T15:33:44.038472 Completed database query for table users
2019-02-13T15:33:43.234543 Received request from 102.23.55.32 for /example
2019-02-13T15:33:44.726534 Started database query for table users
2019-02-13T15:33:44.038472 Completed database query for table users
2019-02-13T15:33:43.234543 Received request from 102.23.55.32 for /example
2019-02-13T15:33:44.726534 Started database query for table users
2019-02-13T15:33:44.038472 Completed database query for table users
2019-02-13T15:33:43.234543 Received request from 102.23.55.32 for /example
2019-02-13T15:33:44.726534 Started database query for table users
2019-02-13T15:33:44.038472 Completed database query for table users
2019-02-13T15:33:43.234543 Received request from 102.23.55.32 for /example
2019-02-13T15:33:44.726534 Started database query for table users
2019-02-13T15:33:44.038472 Completed database query for table users
2019-02-13T15:33:43.234543 Received request from 102.23.55.32 for /example
2019-02-13T15:33:44.726534 Started database query for table users
2019-02-13T15:33:44.038472 Completed database query for table users
2019-02-13T15:33:43.234543 Received request from 102.23.55.32 for /example
2019-02-13T15:33:44.726534 Started database query for table users
2019-02-13T15:33:44.038472 Completed database query for table users
2019-02-13T15:33:43.234543 Received request from 102.23.55.32 for /example
2019-02-13T15:33:44.726534 Started database query for table users
2019-02-13T15:33:44.038472 Completed database query for table users
2019-02-13T15:33:43.234543 Received request from 102.23.55.32 for /example
2006-02-13T15:33:44.726534 Started database query for table users
2019-02-13T15:33:44.038472 Completed database query for table users
2019-02-13T15:33:43.234543 Received request from 102.23.55.32 for /example
2009-02-13T15:33:44.726534 Started database query for table users
2019-02-13T15:33:44.038472 Completed database query for table users
2019-02-13T15:33:43.234543 Received request from 102.23.55.32 for /example
2018-02-13T15:33:44.726534 Started database query for table users
2019-02-13T15:33:44.038472 Completed database query for table users
2019-02-13T15:33:43.234543 Received request from 102.23.55.32 for /example
2012-02-13T15:33:44.726534 Started database query for table users
2019-02-13T15:33:44.038472 Completed database query for table users
2019-02-13T15:33:43.234543 Received request from 102.23.55.32 for /example
2019-02-13T15:33:44.726534 Started database query for table users
2019-02-13T15:33:44.038472 Completed database query for table users
2015-02-13T15:33:43.234543 Received request from 102.23.55.32 for /example
2019-02-13T15:33:44.726534 Started database query for table users
2019-02-13T15:33:44.038472 Completed database query for table users
2019-02-13T15:33:43.234543 Received request from 102.23.55.32 for /example
2019-02-13T15:33:44.726534 Started database query for table users
2019-02-13T15:33:44.038472 Completed database query for table users
2019-02-13T15:33:43.234543 Received request from 102.23.55.32 for /example
2019-02-13T15:33:44.726534 Started database query for table users
2019-02-13T15:33:44.038472 Completed database query for table users
2019-02-13T15:33:43.234543 Received request from 102.23.55.32 for /example
2019-02-13T15:33:44.726534 Started database query for table users
2019-02-13T15:33:44.038472 Completed database query for table users
2019-02-13T15:33:43.234543 Received request from 102.23.55.32 for /example
2019-02-13T15:33:44.726534 Started database query for table users
2019-02-13T15:33:44.038472 Completed database query for table users
2019-02-13T15:33:43.234543 Received request from 102.23.55.32 for /example
2019-02-13T15:33:44.726534 Started database query for table users
2019-02-13T15:33:44.038472 Completed database query for table users
2019-02-13T15:33:43.234543 Received request from 102.23.55.32 for /example
2019-02-13T15:33:44.726534 Started database query for table users
2019-02-13T15:33:44.038472 Completed database query for table users
2019-02-13T15:33:43.234543 Received request from 102.23.55.32 for /example
2019-02-13T15:33:44.726534 Started database query for table users
2019-02-13T15:33:44.038472 Completed database query for table users
2019-02-13T15:33:43.234543 Received request from 102.23.55.32 for /example
2006-02-13T15:33:44.726534 Started database query for table users
2019-02-13T15:33:44.038472 Completed database query for table users
2019-02-13T15:33:43.234543 Received request from 102.23.55.32 for /example
2009-02-13T15:33:44.726534 Started database query for table users
2019-02-13T15:33:44.038472 Completed database query for table users
2019-02-13T15:33:43.234543 Received request from 102.23.55.32 for /example
2018-02-13T15:33:44.726534 Started database query for table users
2019-02-13T15:33:44.038472 Completed database query for table users
2019-02-13T15:33:43.234543 Received request from 102.23.55.32 for /example
2012-02-13T15:33:44.726534 Started database query for table users
2019-02-13T15:33:44.038472 Completed database query for table users
2019-02-13T15:33:43.234543 Received request from 102.23.55.32 for /example
2019-02-13T15:33:44.726534 Started database query for table users
2019-02-13T15:33:44.038472 Completed database query for table users
2015-02-13T15:33:43.234543 Received request from 102.23.55.32 for /example
2019-02-13T15:33:44.726534 Started database query for table users
2019-02-13T15:33:44.038472 Completed database query for table users
2019-02-13T15:33:43.234543 Received request from 102.23.55.32 for /example
2019-02-13T15:33:44.726534 Started database query for table users
2019-02-13T15:33:44.038472 Completed database query for table users
2019-02-13T15:33:43.234543 Received request from 102.23.55.32 for /example
2019-02-13T15:33:44.726534 Started database query for table users
2019-02-13T15:33:44.038472 Completed database query for table users
2019-02-13T15:33:43.234543 Received request from 102.23.55.32 for /example
2019-02-13T15:33:44.726534 Started database query for table users
2019-02-13T15:33:44.038472 Completed database query for table users
2019-02-13T15:33:43.234543 Received request from 102.23.55.32 for /example
2019-02-13T15:33:44.726534 Started database query for table users
2019-02-13T15:33:44.038472 Completed database query for table users
2019-02-13T15:33:43.234543 Received request from 102.23.55.32 for /example
2019-02-13T15:33:44.726534 Started database query for table users
2019-02-13T15:33:44.038472 Completed database query for table users
2019-02-13T15:33:43.234543 Received request from 102.23.55.32 for /example
2019-02-13T15:33:44.726534 Started database query for table users
2019-02-13T15:33:44.038472 Completed database query for table users
2019-02-13T15:33:43.234543 Received request from 102.23.55.32 for /example
2019-02-13T15:33:44.726534 Started database query for table users
2019-02-13T15:33:44.038472 Completed database query for table users
2019-02-13T15:33:43.234543 Received request from 102.23.55.32 for /example
2006-02-13T15:33:44.726534 Started database query for table users
2019-02-13T15:33:44.038472 Completed database query for table users
2019-02-13T15:33:43.234543 Received request from 102.23.55.32 for /example
2009-02-13T15:33:44.726534 Started database query for table users
2019-02-13T15:33:44.038472 Completed database query for table users
2019-02-13T15:33:43.234543 Received request from 102.23.55.32 for /example
2018-02-13T15:33:44.726534 Started database query for table users
2019-02-13T15:33:44.038472 Completed database query for table users
2019-02-13T15:33:43.234543 Received request from 102.23.55.32 for /example
2012-02-13T15:33:44.726534 Started database query for table users
2019-02-13T15:33:44.038472 Completed database query for table users
2019-02-13T15:33:43.234543 Received request from 102.23.55.32 for /example
2019-02-13T15:33:44.726534 Started database query for table users
2019-02-13T15:33:44.038472 Completed database query for table users
2015-02-13T15:33:43.234543 Received request from 102.23.55.32 for /example
2019-02-13T15:33:44.726534 Started database query for table users
2019-02-13T15:33:44.038472 Completed database query for table users
2019-02-13T15:33:43.234543 Received request from 102.23.55.32 for /example
2019-02-13T15:33:44.726534 Started database query for table users
2019-02-13T15:33:44.038472 Completed database query for table users
2019-02-13T15:33:43.234543 Received request from 102.23.55.32 for /example
2019-02-13T15:33:44.726534 Started database query for table users
2019-02-13T15:33:44.038472 Completed database query for table users
2019-02-13T15:33:43.234543 Received request from 102.23.55.32 for /example
2019-02-13T15:33:44.726534 Started database query for table users
2019-02-13T15:33:44.038472 Completed database query for table users
2019-02-13T15:33:43.234543 Received request from 102.23.55.32 for /example
2019-02-13T15:33:44.726534 Started database query for table users
2019-02-13T15:33:44.038472 Completed database query for table users
2019-02-13T15:33:43.234543 Received request from 102.23.55.32 for /example
2019-02-13T15:33:44.726534 Started database query for table users
2019-02-13T15:33:44.038472 Completed database query for table users
2019-02-13T15:33:43.234543 Received request from 102.23.55.32 for /example
2019-02-13T15:33:44.726534 Started database query for table users
2019-02-13T15:33:44.038472 Completed database query for table users
2019-02-13T15:33:43.234543 Received request from 102.23.55.32 for /example
2019-02-13T15:33:44.726534 Started database query for table users
2019-02-13T15:33:44.038472 Completed database query for table users
2019-02-13T15:33:43.234543 Received request from 102.23.55.32 for /example
2006-02-13T15:33:44.726534 Started database query for table users
2019-02-13T15:33:44.038472 Completed database query for table users
2019-02-13T15:33:43.234543 Received request from 102.23.55.32 for /example
2009-02-13T15:33:44.726534 Started database query for table users
2019-02-13T15:33:44.038472 Completed database query for table users
2019-02-13T15:33:43.234543 Received request from 102.23.55.32 for /example
2018-02-13T15:33:44.726534 Started database query for table users
2019-02-13T15:33:44.038472 Completed database query for table users
2019-02-13T15:33:43.234543 Received request from 102.23.55.32 for /example
2012-02-13T15:33:44.726534 Started database query for table users
2019-02-13T15:33:44.038472 Completed database query for table users
2019-02-13T15:33:43.234543 Received request from 102.23.55.32 for /example
2019-02-13T15:33:44.726534 Started database query for table users
2019-02-13T15:33:44.038472 Completed database query for table users
2015-02-13T15:33:43.234543 Received request from 102.23.55.32 for /example
2019-02-13T15:33:44.726534 Started database query for table users
2019-02-13T15:33:44.038472 Completed database query for table users
2019-02-13T15:33:43.234543 Received request from 102.23.55.32 for /example
2019-02-13T15:33:44.726534 Started database query for table users
2019-02-13T15:33:44.038472 Completed database query for table users
2019-02-13T15:33:43.234543 Received request from 102.23.55.32 for /example
2019-02-13T15:33:44.726534 Started database query for table users
2019-02-13T15:33:44.038472 Completed database query for table users
2019-02-13T15:33:43.234543 Received request from 102.23.55.32 for /example
2019-02-13T15:33:44.726534 Started database query for table users
2019-02-13T15:33:44.038472 Completed database query for table users
2019-02-13T15:33:43.234543 Received request from 102.23.55.32 for /example
2019-02-13T15:33:44.726534 Started database query for table users
2019-02-13T15:33:44.038472 Completed database query for table users
2019-02-13T15:33:43.234543 Received request from 102.23.55.32 for /example
2019-02-13T15:33:44.726534 Started database query for table users
2019-02-13T15:33:44.038472 Completed database query for table users
2019-02-13T15:33:43.234543 Received request from 102.23.55.32 for /example
2019-02-13T15:33:44.726534 Started database query for table users
2019-02-13T15:33:44.038472 Completed database query for table users
2019-02-13T15:33:43.234543 Received request from 102.23.55.32 for /example
2019-02-13T15:33:44.726534 Started database query for table users
2019-02-13T15:33:44.038472 Completed database query for table users
2019-02-13T15:33:43.234543 Received request from 102.23.55.32 for /example
2006-02-13T15:33:44.726534 Started database query for table users
2019-02-13T15:33:44.038472 Completed database query for table users
2019-02-13T15:33:43.234543 Received request from 102.23.55.32 for /example
2009-02-13T15:33:44.726534 Started database query for table users
2019-02-13T15:33:44.038472 Completed database query for table users
2019-02-13T15:33:43.234543 Received request from 102.23.55.32 for /example
2018-02-13T15:33:44.726534 Started database query for table users
2019-02-13T15:33:44.038472 Completed database query for table users
2019-02-13T15:33:43.234543 Received request from 102.23.55.32 for /example
2012-02-13T15:33:44.726534 Started database query for table users
2019-02-13T15:33:44.038472 Completed database query for table users
2019-02-13T15:33:43.234543 Received request from 102.23.55.32 for /example
2019-02-13T15:33:44.726534 Started database query for table users
2019-02-13T15:33:44.038472 Completed database query for table users
2015-02-13T15:33:43.234543 Received request from 102.23.55.32 for /example
2019-02-13T15:33:44.726534 Started database query for table users
2019-02-13T15:33:44.038472 Completed database query for table users
2019-02-13T15:33:43.234543 Received request from 102.23.55.32 for /example
2019-02-13T15:33:44.726534 Started database query for table users
2019-02-13T15:33:44.038472 Completed database query for table users
2019-02-13T15:33:43.234543 Received request from 102.23.55.32 for /example
2019-02-13T15:33:44.726534 Started database query for table users
2019-02-13T15:33:44.038472 Completed database query for table users
2019-02-13T15:33:43.234543 Received request from 102.23.55.32 for /example
2019-02-13T15:33:44.726534 Started database query for table users
2019-02-13T15:33:44.038472 Completed database query for table users
2019-02-13T15:33:43.234543 Received request from 102.23.55.32 for /example
2019-02-13T15:33:44.726534 Started database query for table users
2019-02-13T15:33:44.038472 Completed database query for table users
2019-02-13T15:33:43.234543 Received request from 102.23.55.32 for /example
2019-02-13T15:33:44.726534 Started database query for table users
2019-02-13T15:33:44.038472 Completed database query for table users
2019-02-13T15:33:43.234543 Received request from 102.23.55.32 for /example
2019-02-13T15:33:44.726534 Started database query for table users
2019-02-13T15:33:44.038472 Completed database query for table users
2019-02-13T15:33:43.234543 Received request from 102.23.55.32 for /example
2019-02-13T15:33:44.726534 Started database query for table users
2019-02-13T15:33:44.038472 Completed database query for table users
2019-02-13T15:33:43.234543 Received request from 102.23.55.32 for /example
2006-02-13T15:33:44.726534 Started database query for table users
2019-02-13T15:33:44.038472 Completed database query for table users
2019-02-13T15:33:43.234543 Received request from 102.23.55.32 for /example
2009-02-13T15:33:44.726534 Started database query for table users
2019-02-13T15:33:44.038472 Completed database query for table users
2019-02-13T15:33:43.234543 Received request from 102.23.55.32 for /example
2018-02-13T15:33:44.726534 Started database query for table users
2019-02-13T15:33:44.038472 Completed database query for table users
2019-02-13T15:33:43.234543 Received request from 102.23.55.32 for /example
2012-02-13T15:33:44.726534 Started database query for table users
2019-02-13T15:33:44.038472 Completed database query for table users
2019-02-13T15:33:43.234543 Received request from 102.23.55.32 for /example
2019-02-13T15:33:44.726534 Started database query for table users
2019-02-13T15:33:44.038472 Completed database query for table users
2015-02-13T15:33:43.234543 Received request from 102.23.55.32 for /example
2019-02-13T15:33:44.726534 Started database query for table users
2019-02-13T15:33:44.038472 Completed database query for table users
2019-02-13T15:33:43.234543 Received request from 102.23.55.32 for /example
2019-02-13T15:33:44.726534 Started database query for table users
2019-02-13T15:33:44.038472 Completed database query for table users
2019-02-13T15:33:43.234543 Received request from 102.23.55.32 for /example
2019-02-13T15:33:44.726534 Started database query for table users
2019-02-13T15:33:44.038472 Completed database query for table users
2019-02-13T15:33:43.234543 Received request from 102.23.55.32 for /example
2019-02-13T15:33:44.726534 Started database query for table users
2019-02-13T15:33:44.038472 Completed database query for table users
2019-02-13T15:33:43.234543 Received request from 102.23.55.32 for /example
2019-02-13T15:33:44.726534 Started database query for table users
2019-02-13T15:33:44.038472 Completed database query for table users
2019-02-13T15:33:43.234543 Received request from 102.23.55.32 for /example
2019-02-13T15:33:44.726534 Started database query for table users
2019-02-13T15:33:44.038472 Completed database query for table users
2019-02-13T15:33:43.234543 Received request from 102.23.55.32 for /example
2019-02-13T15:33:44.726534 Started database query for table users
2019-02-13T15:33:44.038472 Completed database query for table users
2019-02-13T15:33:43.234543 Received request from 102.23.55.32 for /example
2019-02-13T15:33:44.726534 Started database query for table users
2019-02-13T15:33:44.038472 Completed database query for table users
2019-02-13T15:33:43.234543 Received request from 102.23.55.32 for /example
2006-02-13T15:33:44.726534 Started database query for table users
2019-02-13T15:33:44.038472 Completed database query for table users
2019-02-13T15:33:43.234543 Received request from 102.23.55.32 for /example
2009-02-13T15:33:44.726534 Started database query for table users
2019-02-13T15:33:44.038472 Completed database query for table users
2019-02-13T15:33:43.234543 Received request from 102.23.55.32 for /example
2018-02-13T15:33:44.726534 Started database query for table users
2019-02-13T15:33:44.038472 Completed database query for table users
2019-02-13T15:33:43.234543 Received request from 102.23.55.32 for /example
2012-02-13T15:33:44.726534 Started database query for table users
2019-02-13T15:33:44.038472 Completed database query for table users
2019-02-13T15:33:43.234543 Received request from 102.23.55.32 for /example
2019-02-13T15:33:44.726534 Started database query for table users
2019-02-13T15:33:44.038472 Completed database query for table users
2015-02-13T15:33:43.234543 Received request from 102.23.55.32 for /example
2019-02-13T15:33:44.726534 Started database query for table users
2019-02-13T15:33:44.038472 Completed database query for table users
2019-02-13T15:33:43.234543 Received request from 102.23.55.32 for /example
2019-02-13T15:33:44.726534 Started database query for table users
2019-02-13T15:33:44.038472 Completed database query for table users
2019-02-13T15:33:43.234543 Received request from 102.23.55.32 for /example
2019-02-13T15:33:44.726534 Started database query for table users
2019-02-13T15:33:44.038472 Completed database query for table users
2019-02-13T15:33:43.234543 Received request from 102.23.55.32 for /example
2019-02-13T15:33:44.726534 Started database query for table users
2019-02-13T15:33:44.038472 Completed database query for table users
2019-02-13T15:33:43.234543 Received request from 102.23.55.32 for /example
2019-02-13T15:33:44.726534 Started database query for table users
2019-02-13T15:33:44.038472 Completed database query for table users
2019-02-13T15:33:43.234543 Received request from 102.23.55.32 for /example
2019-02-13T15:33:44.726534 Started database query for table users
2019-02-13T15:33:44.038472 Completed database query for table users
2019-02-13T15:33:43.234543 Received request from 102.23.55.32 for /example
2019-02-13T15:33:44.726534 Started database query for table users
2019-02-13T15:33:44.038472 Completed database query for table users
2019-02-13T15:33:43.234543 Received request from 102.23.55.32 for /example
2019-02-13T15:33:44.726534 Started database query for table users
2019-02-13T15:33:44.038472 Completed database query for table users
2019-02-13T15:33:43.234543 Received request from 102.23.55.32 for /example
2006-02-13T15:33:44.726534 Started database query for table users
2019-02-13T15:33:44.038472 Completed database query for table users
2019-02-13T15:33:43.234543 Received request from 102.23.55.32 for /example
2009-02-13T15:33:44.726534 Started database query for table users
2019-02-13T15:33:44.038472 Completed database query for table users
2019-02-13T15:33:43.234543 Received request from 102.23.55.32 for /example
2018-02-13T15:33:44.726534 Started database query for table users
2019-02-13T15:33:44.038472 Completed database query for table users
2019-02-13T15:33:43.234543 Received request from 102.23.55.32 for /example
2012-02-13T15:33:44.726534 Started database query for table users
2019-02-13T15:33:44.038472 Completed database query for table users
2019-02-13T15:33:43.234543 Received request from 102.23.55.32 for /example
2019-02-13T15:33:44.726534 Started database query for table users
2019-02-13T15:33:44.038472 Completed database query for table users
2015-02-13T15:33:43.234543 Received request from 102.23.55.32 for /example
2019-02-13T15:33:44.726534 Started database query for table users
2019-02-13T15:33:44.038472 Completed database query for table users
2019-02-13T15:33:43.234543 Received request from 102.23.55.32 for /example
2019-02-13T15:33:44.726534 Started database query for table users
2019-02-13T15:33:44.038472 Completed database query for table users
2019-02-13T15:33:43.234543 Received request from 102.23.55.32 for /example
2019-02-13T15:33:44.726534 Started database query for table users
2019-02-13T15:33:44.038472 Completed database query for table users
2019-02-13T15:33:43.234543 Received request from 102.23.55.32 for /example
2019-02-13T15:33:44.726534 Started database query for table users
2019-02-13T15:33:44.038472 Completed database query for table users
2019-02-13T15:33:43.234543 Received request from 102.23.55.32 for /example
2019-02-13T15:33:44.726534 Started database query for table users
2019-02-13T15:33:44.038472 Completed database query for table users
2019-02-13T15:33:43.234543 Received request from 102.23.55.32 for /example
2019-02-13T15:33:44.726534 Started database query for table users
2019-02-13T15:33:44.038472 Completed database query for table users
2019-02-13T15:33:43.234543 Received request from 102.23.55.32 for /example
2019-02-13T15:33:44.726534 Started database query for table users
2019-02-13T15:33:44.038472 Completed database query for table users
2019-02-13T15:33:43.234543 Received request from 102.23.55.32 for /example
2019-02-13T15:33:44.726534 Started database query for table users
2019-02-13T15:33:44.038472 Completed database query for table users
2019-02-13T15:33:43.234543 Received request from 102.23.55.32 for /example
2006-02-13T15:33:44.726534 Started database query for table users
2019-02-13T15:33:44.038472 Completed database query for table users
2019-02-13T15:33:43.234543 Received request from 102.23.55.32 for /example
2009-02-13T15:33:44.726534 Started database query for table users
2019-02-13T15:33:44.038472 Completed database query for table users
2019-02-13T15:33:43.234543 Received request from 102.23.55.32 for /example
2018-02-13T15:33:44.726534 Started database query for table users
2019-02-13T15:33:44.038472 Completed database query for table users
2019-02-13T15:33:43.234543 Received request from 102.23.55.32 for /example
2012-02-13T15:33:44.726534 Started database query for table users
2019-02-13T15:33:44.038472 Completed database query for table users
2019-02-13T15:33:43.234543 Received request from 102.23.55.32 for /example
2019-02-13T15:33:44.726534 Started database query for table users
2019-02-13T15:33:44.038472 Completed database query for table users
2015-02-13T15:33:43.234543 Received request from 102.23.55.32 for /example
2019-02-13T15:33:44.726534 Started database query for table users
2019-02-13T15:33:44.038472 Completed database query for table users
2019-02-13T15:33:43.234543 Received request from 102.23.55.32 for /example
2019-02-13T15:33:44.726534 Started database query for table users
2019-02-13T15:33:44.038472 Completed database query for table users
2019-02-13T15:33:43.234543 Received request from 102.23.55.32 for /example
2019-02-13T15:33:44.726534 Started database query for table users
2019-02-13T15:33:44.038472 Completed database query for table users
2019-02-13T15:33:43.234543 Received request from 102.23.55.32 for /example
2019-02-13T15:33:44.726534 Started database query for table users
2019-02-13T15:33:44.038472 Completed database query for table users
2019-02-13T15:33:43.234543 Received request from 102.23.55.32 for /example
2019-02-13T15:33:44.726534 Started database query for table users
2019-02-13T15:33:44.038472 Completed database query for table users
2019-02-13T15:33:43.234543 Received request from 102.23.55.32 for /example
2019-02-13T15:33:44.726534 Started database query for table users
2019-02-13T15:33:44.038472 Completed database query for table users
2019-02-13T15:33:43.234543 Received request from 102.23.55.32 for /example
2019-02-13T15:33:44.726534 Started database query for table users
2019-02-13T15:33:44.038472 Completed database query for table users
2019-02-13T15:33:43.234543 Received request from 102.23.55.32 for /example
2019-02-13T15:33:44.726534 Started database query for table users
2019-02-13T15:33:44.038472 Completed database query for table users
2019-02-13T15:33:43.234543 Received request from 102.23.55.32 for /example
2006-02-13T15:33:44.726534 Started database query for table users
2019-02-13T15:33:44.038472 Completed database query for table users
2019-02-13T15:33:43.234543 Received request from 102.23.55.32 for /example
2009-02-13T15:33:44.726534 Started database query for table users
2019-02-13T15:33:44.038472 Completed database query for table users
2019-02-13T15:33:43.234543 Received request from 102.23.55.32 for /example
2018-02-13T15:33:44.726534 Started database query for table users
2019-02-13T15:33:44.038472 Completed database query for table users
2019-02-13T15:33:43.234543 Received request from 102.23.55.32 for /example
2012-02-13T15:33:44.726534 Started database query for table users
2019-02-13T15:33:44.038472 Completed database query for table users
2019-02-13T15:33:43.234543 Received request from 102.23.55.32 for /example
2019-02-13T15:33:44.726534 Started database query for table users
2019-02-13T15:33:44.038472 Completed database query for table users
2015-02-13T15:33:43.234543 Received request from 102.23.55.32 for /example
2019-02-13T15:33:44.726534 Started database query for table users
2019-02-13T15:33:44.038472 Completed database query for table users
2019-02-13T15:33:43.234543 Received request from 102.23.55.32 for /example
2019-02-13T15:33:44.726534 Started database query for table users
2019-02-13T15:33:44.038472 Completed database query for table users
2019-02-13T15:33:43.234543 Received request from 102.23.55.32 for /example
2019-02-13T15:33:44.726534 Started database query for table users
2019-02-13T15:33:44.038472 Completed database query for table users
2019-02-13T15:33:43.234543 Received request from 102.23.55.32 for /example
2019-02-13T15:33:44.726534 Started database query for table users
2019-02-13T15:33:44.038472 Completed database query for table users
2019-02-13T15:33:43.234543 Received request from 102.23.55.32 for /example
2019-02-13T15:33:44.726534 Started database query for table users
2019-02-13T15:33:44.038472 Completed database query for table users
2019-02-13T15:33:43.234543 Received request from 102.23.55.32 for /example
2019-02-13T15:33:44.726534 Started database query for table users
2019-02-13T15:33:44.038472 Completed database query for table users
2019-02-13T15:33:43.234543 Received request from 102.23.55.32 for /example
2019-02-13T15:33:44.726534 Started database query for table users
2019-02-13T15:33:44.038472 Completed database query for table users
2019-02-13T15:33:43.234543 Received request from 102.23.55.32 for /example
2019-02-13T15:33:44.726534 Started database query for table users
2019-02-13T15:33:44.038472 Completed database query for table users
2019-02-13T15:33:43.234543 Received request from 102.23.55.32 for /example
2006-02-13T15:33:44.726534 Started database query for table users
2019-02-13T15:33:44.038472 Completed database query for table users
2019-02-13T15:33:43.234543 Received request from 102.23.55.32 for /example
2009-02-13T15:33:44.726534 Started database query for table users
2019-02-13T15:33:44.038472 Completed database query for table users
2019-02-13T15:33:43.234543 Received request from 102.23.55.32 for /example
2018-02-13T15:33:44.726534 Started database query for table users
2019-02-13T15:33:44.038472 Completed database query for table users
2019-02-13T15:33:43.234543 Received request from 102.23.55.32 for /example
2012-02-13T15:33:44.726534 Started database query for table users
2019-02-13T15:33:44.038472 Completed database query for table users
2019-02-13T15:33:43.234543 Received request from 102.23.55.32 for /example
2019-02-13T15:33:44.726534 Started database query for table users
2019-02-13T15:33:44.038472 Completed database query for table users
2015-02-13T15:33:43.234543 Received request from 102.23.55.32 for /example
2019-02-13T15:33:44.726534 Started database query for table users
2019-02-13T15:33:44.038472 Completed database query for table users
2019-02-13T15:33:43.234543 Received request from 102.23.55.32 for /example
2019-02-13T15:33:44.726534 Started database query for table users
2019-02-13T15:33:44.038472 Completed database query for table users
2019-02-13T15:33:43.234543 Received request from 102.23.55.32 for /example
2019-02-13T15:33:44.726534 Started database query for table users
2019-02-13T15:33:44.038472 Completed database query for table users
2019-02-13T15:33:43.234543 Received request from 102.23.55.32 for /example
2019-02-13T15:33:44.726534 Started database query for table users
2019-02-13T15:33:44.038472 Completed database query for table users
2019-02-13T15:33:43.234543 Received request from 102.23.55.32 for /example
2019-02-13T15:33:44.726534 Started database query for table users
2019-02-13T15:33:44.038472 Completed database query for table users
2019-02-13T15:33:43.234543 Received request from 102.23.55.32 for /example
2019-02-13T15:33:44.726534 Started database query for table users
2019-02-13T15:33:44.038472 Completed database query for table users
2019-02-13T15:33:43.234543 Received request from 102.23.55.32 for /example
2019-02-13T15:33:44.726534 Started database query for table users
2019-02-13T15:33:44.038472 Completed database query for table users
2019-02-13T15:33:43.234543 Received request from 102.23.55.32 for /example
2019-02-13T15:33:44.726534 Started database query for table users
2019-02-13T15:33:44.038472 Completed database query for table users
2019-02-13T15:33:43.234543 Received request from 102.23.55.32 for /example
2006-02-13T15:33:44.726534 Started database query for table users
2019-02-13T15:33:44.038472 Completed database query for table users
2019-02-13T15:33:43.234543 Received request from 102.23.55.32 for /example
2009-02-13T15:33:44.726534 Started database query for table users
2019-02-13T15:33:44.038472 Completed database query for table users
2019-02-13T15:33:43.234543 Received request from 102.23.55.32 for /example
2018-02-13T15:33:44.726534 Started database query for table users
2019-02-13T15:33:44.038472 Completed database query for table users
2019-02-13T15:33:43.234543 Received request from 102.23.55.32 for /example
2012-02-13T15:33:44.726534 Started database query for table users
2019-02-13T15:33:44.038472 Completed database query for table users
2019-02-13T15:33:43.234543 Received request from 102.23.55.32 for /example
2019-02-13T15:33:44.726534 Started database query for table users
2019-02-13T15:33:44.038472 Completed database query for table users
2015-02-13T15:33:43.234543 Received request from 102.23.55.32 for /example
2019-02-13T15:33:44.726534 Started database query for table users
2019-02-13T15:33:44.038472 Completed database query for table users
2019-02-13T15:33:43.234543 Received request from 102.23.55.32 for /example
2019-02-13T15:33:44.726534 Started database query for table users
2019-02-13T15:33:44.038472 Completed database query for table users
2019-02-13T15:33:43.234543 Received request from 102.23.55.32 for /example
2019-02-13T15:33:44.726534 Started database query for table users
2019-02-13T15:33:44.038472 Completed database query for table users
2019-02-13T15:33:43.234543 Received request from 102.23.55.32 for /example
2019-02-13T15:33:44.726534 Started database query for table users
2019-02-13T15:33:44.038472 Completed database query for table users
2019-02-13T15:33:43.234543 Received request from 102.23.55.32 for /example
2019-02-13T15:33:44.726534 Started database query for table users
2019-02-13T15:33:44.038472 Completed database query for table users
2019-02-13T15:33:43.234543 Received request from 102.23.55.32 for /example
2019-02-13T15:33:44.726534 Started database query for table users
2019-02-13T15:33:44.038472 Completed database query for table users
2019-02-13T15:33:43.234543 Received request from 102.23.55.32 for /example
2019-02-13T15:33:44.726534 Started database query for table users
2019-02-13T15:33:44.038472 Completed database query for table users
2019-02-13T15:33:43.234543 Received request from 102.23.55.32 for /example
2019-02-13T15:33:44.726534 Started database query for table users
2019-02-13T15:33:44.038472 Completed database query for table users
2019-02-13T15:33:43.234543 Received request from 102.23.55.32 for /example
2006-02-13T15:33:44.726534 Started database query for table users
2019-02-13T15:33:44.038472 Completed database query for table users
2019-02-13T15:33:43.234543 Received request from 102.23.55.32 for /example
2009-02-13T15:33:44.726534 Started database query for table users
2019-02-13T15:33:44.038472 Completed database query for table users
2019-02-13T15:33:43.234543 Received request from 102.23.55.32 for /example
2018-02-13T15:33:44.726534 Started database query for table users
2019-02-13T15:33:44.038472 Completed database query for table users
2019-02-13T15:33:43.234543 Received request from 102.23.55.32 for /example
2012-02-13T15:33:44.726534 Started database query for table users
2019-02-13T15:33:44.038472 Completed database query for table users
2019-02-13T15:33:43.234543 Received request from 102.23.55.32 for /example
2019-02-13T15:33:44.726534 Started database query for table users
2019-02-13T15:33:44.038472 Completed database query for table users
2015-02-13T15:33:43.234543 Received request from 102.23.55.32 for /example
2019-02-13T15:33:44.726534 Started database query for table users
2019-02-13T15:33:44.038472 Completed database query for table users
2019-02-13T15:33:43.234543 Received request from 102.23.55.32 for /example
2019-02-13T15:33:44.726534 Started database query for table users
2019-02-13T15:33:44.038472 Completed database query for table users
2019-02-13T15:33:43.234543 Received request from 102.23.55.32 for /example
2019-02-13T15:33:44.726534 Started database query for table users
2019-02-13T15:33:44.038472 Completed database query for table users
2019-02-13T15:33:43.234543 Received request from 102.23.55.32 for /example
2019-02-13T15:33:44.726534 Started database query for table users
2019-02-13T15:33:44.038472 Completed database query for table users
2019-02-13T15:33:43.234543 Received request from 102.23.55.32 for /example
2019-02-13T15:33:44.726534 Started database query for table users
2019-02-13T15:33:44.038472 Completed database query for table users
2019-02-13T15:33:43.234543 Received request from 102.23.55.32 for /example
2019-02-13T15:33:44.726534 Started database query for table users
2019-02-13T15:33:44.038472 Completed database query for table users
2019-02-13T15:33:43.234543 Received request from 102.23.55.32 for /example
2019-02-13T15:33:44.726534 Started database query for table users
2019-02-13T15:33:44.038472 Completed database query for table users
2019-02-13T15:33:43.234543 Received request from 102.23.55.32 for /example
2019-02-13T15:33:44.726534 Started database query for table users
2019-02-13T15:33:44.038472 Completed database query for table users
2019-02-13T15:33:43.234543 Received request from 102.23.55.32 for /example
2006-02-13T15:33:44.726534 Started database query for table users
2019-02-13T15:33:44.038472 Completed database query for table users
2019-02-13T15:33:43.234543 Received request from 102.23.55.32 for /example
2009-02-13T15:33:44.726534 Started database query for table users
2019-02-13T15:33:44.038472 Completed database query for table users
2019-02-13T15:33:43.234543 Received request from 102.23.55.32 for /example
2018-02-13T15:33:44.726534 Started database query for table users
2019-02-13T15:33:44.038472 Completed database query for table users
2019-02-13T15:33:43.234543 Received request from 102.23.55.32 for /example
2012-02-13T15:33:44.726534 Started database query for table users
2019-02-13T15:33:44.038472 Completed database query for table users
2019-02-13T15:33:43.234543 Received request from 102.23.55.32 for /example
2019-02-13T15:33:44.726534 Started database query for table users
2019-02-13T15:33:44.038472 Completed database query for table users
2015-02-13T15:33:43.234543 Received request from 102.23.55.32 for /example
2019-02-13T15:33:44.726534 Started database query for table users
2019-02-13T15:33:44.038472 Completed database query for table users
2019-02-13T15:33:43.234543 Received request from 102.23.55.32 for /example
2019-02-13T15:33:44.726534 Started database query for table users
2019-02-13T15:33:44.038472 Completed database query for table users
2019-02-13T15:33:43.234543 Received request from 102.23.55.32 for /example
2019-02-13T15:33:44.726534 Started database query for table users
2019-02-13T15:33:44.038472 Completed database query for table users
2019-02-13T15:33:43.234543 Received request from 102.23.55.32 for /example
2019-02-13T15:33:44.726534 Started database query for table users
2019-02-13T15:33:44.038472 Completed database query for table users
2019-02-13T15:33:43.234543 Received request from 102.23.55.32 for /example
2019-02-13T15:33:44.726534 Started database query for table users
2019-02-13T15:33:44.038472 Completed database query for table users
2019-02-13T15:33:43.234543 Received request from 102.23.55.32 for /example
2019-02-13T15:33:44.726534 Started database query for table users
2019-02-13T15:33:44.038472 Completed database query for table users
2019-02-13T15:33:43.234543 Received request from 102.23.55.32 for /example
2019-02-13T15:33:44.726534 Started database query for table users
2019-02-13T15:33:44.038472 Completed database query for table users
2019-02-13T15:33:43.234543 Received request from 102.23.55.32 for /example
2019-02-13T15:33:44.726534 Started database query for table users
2019-02-13T15:33:44.038472 Completed database query for table users
2019-02-13T15:33:43.234543 Received request from 102.23.55.32 for /example
2006-02-13T15:33:44.726534 Started database query for table users
2019-02-13T15:33:44.038472 Completed database query for table users
2019-02-13T15:33:43.234543 Received request from 102.23.55.32 for /example
2009-02-13T15:33:44.726534 Started database query for table users
2019-02-13T15:33:44.038472 Completed database query for table users
2019-02-13T15:33:43.234543 Received request from 102.23.55.32 for /example
2018-02-13T15:33:44.726534 Started database query for table users
2019-02-13T15:33:44.038472 Completed database query for table users
2019-02-13T15:33:43.234543 Received request from 102.23.55.32 for /example
2012-02-13T15:33:44.726534 Started database query for table users
2019-02-13T15:33:44.038472 Completed database query for table users
2019-02-13T15:33:43.234543 Received request from 102.23.55.32 for /example
2019-02-13T15:33:44.726534 Started database query for table users
2019-02-13T15:33:44.038472 Completed database query for table users
2015-02-13T15:33:43.234543 Received request from 102.23.55.32 for /example
2019-02-13T15:33:44.726534 Started database query for table users
2019-02-13T15:33:44.038472 Completed database query for table users
2019-02-13T15:33:43.234543 Received request from 102.23.55.32 for /example
2019-02-13T15:33:44.726534 Started database query for table users
2019-02-13T15:33:44.038472 Completed database query for table users
2019-02-13T15:33:43.234543 Received request from 102.23.55.32 for /example
2019-02-13T15:33:44.726534 Started database query for table users
2019-02-13T15:33:44.038472 Completed database query for table users
2019-02-13T15:33:43.234543 Received request from 102.23.55.32 for /example
2019-02-13T15:33:44.726534 Started database query for table users
2019-02-13T15:33:44.038472 Completed database query for table users
2019-02-13T15:33:43.234543 Received request from 102.23.55.32 for /example
2019-02-13T15:33:44.726534 Started database query for table users
2019-02-13T15:33:44.038472 Completed database query for table users
2019-02-13T15:33:43.234543 Received request from 102.23.55.32 for /example
2019-02-13T15:33:44.726534 Started database query for table users
2019-02-13T15:33:44.038472 Completed database query for table users
2019-02-13T15:33:43.234543 Received request from 102.23.55.32 for /example
2019-02-13T15:33:44.726534 Started database query for table users
2019-02-13T15:33:44.038472 Completed database query for table users
2019-02-13T15:33:43.234543 Received request from 102.23.55.32 for /example
2019-02-13T15:33:44.726534 Started database query for table users
2019-02-13T15:33:44.038472 Completed database query for table users
2019-02-13T15:33:43.234543 Received request from 102.23.55.32 for /example
2006-02-13T15:33:44.726534 Started database query for table users
2019-02-13T15:33:44.038472 Completed database query for table users
2019-02-13T15:33:43.234543 Received request from 102.23.55.32 for /example
2009-02-13T15:33:44.726534 Started database query for table users
2019-02-13T15:33:44.038472 Completed database query for table users
2019-02-13T15:33:43.234543 Received request from 102.23.55.32 for /example
2018-02-13T15:33:44.726534 Started database query for table users
2019-02-13T15:33:44.038472 Completed database query for table users
2019-02-13T15:33:43.234543 Received request from 102.23.55.32 for /example
2012-02-13T15:33:44.726534 Started database query for table users
2019-02-13T15:33:44.038472 Completed database query for table users
2019-02-13T15:33:43.234543 Received request from 102.23.55.32 for /example
2019-02-13T15:33:44.726534 Started database query for table users
2019-02-13T15:33:44.038472 Completed database query for table users
2015-02-13T15:33:43.234543 Received request from 102.23.55.32 for /example
2019-02-13T15:33:44.726534 Started database query for table users
2019-02-13T15:33:44.038472 Completed database query for table users
2019-02-13T15:33:43.234543 Received request from 102.23.55.32 for /example
2019-02-13T15:33:44.726534 Started database query for table users
2019-02-13T15:33:44.038472 Completed database query for table users
2019-02-13T15:33:43.234543 Received request from 102.23.55.32 for /example
2019-02-13T15:33:44.726534 Started database query for table users
2019-02-13T15:33:44.038472 Completed database query for table users
2019-02-13T15:33:43.234543 Received request from 102.23.55.32 for /example
2019-02-13T15:33:44.726534 Started database query for table users
2019-02-13T15:33:44.038472 Completed database query for table users
2019-02-13T15:33:43.234543 Received request from 102.23.55.32 for /example
2019-02-13T15:33:44.726534 Started database query for table users
2019-02-13T15:33:44.038472 Completed database query for table users
2019-02-13T15:33:43.234543 Received request from 102.23.55.32 for /example
2019-02-13T15:33:44.726534 Started database query for table users
2019-02-13T15:33:44.038472 Completed database query for table users
2019-02-13T15:33:43.234543 Received request from 102.23.55.32 for /example
2019-02-13T15:33:44.726534 Started database query for table users
2019-02-13T15:33:44.038472 Completed database query for table users
2019-02-13T15:33:43.234543 Received request from 102.23.55.32 for /example
2019-02-13T15:33:44.726534 Started database query for table users
2019-02-13T15:33:44.038472 Completed database query for table users
2019-02-13T15:33:43.234543 Received request from 102.23.55.32 for /example
2006-02-13T15:33:44.726534 Started database query for table users
2019-02-13T15:33:44.038472 Completed database query for table users
2019-02-13T15:33:43.234543 Received request from 102.23.55.32 for /example
2009-02-13T15:33:44.726534 Started database query for table users
2019-02-13T15:33:44.038472 Completed database query for table users
2019-02-13T15:33:43.234543 Received request from 102.23.55.32 for /example
2018-02-13T15:33:44.726534 Started database query for table users
2019-02-13T15:33:44.038472 Completed database query for table users
2019-02-13T15:33:43.234543 Received request from 102.23.55.32 for /example
2012-02-13T15:33:44.726534 Started database query for table users
2019-02-13T15:33:44.038472 Completed database query for table users
2019-02-13T15:33:43.234543 Received request from 102.23.55.32 for /example
2019-02-13T15:33:44.726534 Started database query for table users
2019-02-13T15:33:44.038472 Completed database query for table users
2015-02-13T15:33:43.234543 Received request from 102.23.55.32 for /example
2019-02-13T15:33:44.726534 Started database query for table users
2019-02-13T15:33:44.038472 Completed database query for table users
2019-02-13T15:33:43.234543 Received request from 102.23.55.32 for /example
2019-02-13T15:33:44.726534 Started database query for table users
2019-02-13T15:33:44.038472 Completed database query for table users
2019-02-13T15:33:43.234543 Received request from 102.23.55.32 for /example
2019-02-13T15:33:44.726534 Started database query for table users
2019-02-13T15:33:44.038472 Completed database query for table users
2019-02-13T15:33:43.234543 Received request from 102.23.55.32 for /example
2019-02-13T15:33:44.726534 Started database query for table users
2019-02-13T15:33:44.038472 Completed database query for table users
2019-02-13T15:33:43.234543 Received request from 102.23.55.32 for /example
2019-02-13T15:33:44.726534 Started database query for table users
2019-02-13T15:33:44.038472 Completed database query for table users
2019-02-13T15:33:43.234543 Received request from 102.23.55.32 for /example
2019-02-13T15:33:44.726534 Started database query for table users
2019-02-13T15:33:44.038472 Completed database query for table users
2019-02-13T15:33:43.234543 Received request from 102.23.55.32 for /example
2019-02-13T15:33:44.726534 Started database query for table users
2019-02-13T15:33:44.038472 Completed database query for table users
2019-02-13T15:33:43.234543 Received request from 102.23.55.32 for /example
2019-02-13T15:33:44.726534 Started database query for table users
2019-02-13T15:33:44.038472 Completed database query for table users
2019-02-13T15:33:43.234543 Received request from 102.23.55.32 for /example
2006-02-13T15:33:44.726534 Started database query for table users
2019-02-13T15:33:44.038472 Completed database query for table users
2019-02-13T15:33:43.234543 Received request from 102.23.55.32 for /example
2009-02-13T15:33:44.726534 Started database query for table users
2019-02-13T15:33:44.038472 Completed database query for table users
2019-02-13T15:33:43.234543 Received request from 102.23.55.32 for /example
2018-02-13T15:33:44.726534 Started database query for table users
2019-02-13T15:33:44.038472 Completed database query for table users
2019-02-13T15:33:43.234543 Received request from 102.23.55.32 for /example
2012-02-13T15:33:44.726534 Started database query for table users
2019-02-13T15:33:44.038472 Completed database query for table users
2019-02-13T15:33:43.234543 Received request from 102.23.55.32 for /example
2019-02-13T15:33:44.726534 Started database query for table users
2019-02-13T15:33:44.038472 Completed database query for table users
2015-02-13T15:33:43.234543 Received request from 102.23.55.32 for /example
2019-02-13T15:33:44.726534 Started database query for table users
2019-02-13T15:33:44.038472 Completed database query for table users
2019-02-13T15:33:43.234543 Received request from 102.23.55.32 for /example
2019-02-13T15:33:44.726534 Started database query for table users
2019-02-13T15:33:44.038472 Completed database query for table users
2019-02-13T15:33:43.234543 Received request from 102.23.55.32 for /example
2019-02-13T15:33:44.726534 Started database query for table users
2019-02-13T15:33:44.038472 Completed database query for table users
2019-02-13T15:33:43.234543 Received request from 102.23.55.32 for /example
2019-02-13T15:33:44.726534 Started database query for table users
2019-02-13T15:33:44.038472 Completed database query for table users
2019-02-13T15:33:43.234543 Received request from 102.23.55.32 for /example
2019-02-13T15:33:44.726534 Started database query for table users
2019-02-13T15:33:44.038472 Completed database query for table users
2019-02-13T15:33:43.234543 Received request from 102.23.55.32 for /example
2019-02-13T15:33:44.726534 Started database query for table users
2019-02-13T15:33:44.038472 Completed database query for table users
2019-02-13T15:33:43.234543 Received request from 102.23.55.32 for /example
2019-02-13T15:33:44.726534 Started database query for table users
2019-02-13T15:33:44.038472 Completed database query for table users
2019-02-13T15:33:43.234543 Received request from 102.23.55.32 for /example
2019-02-13T15:33:44.726534 Started database query for table users
2019-02-13T15:33:44.038472 Completed database query for table users
2019-02-13T15:33:43.234543 Received request from 102.23.55.32 for /example
2006-02-13T15:33:44.726534 Started database query for table users
2019-02-13T15:33:44.038472 Completed database query for table users
2019-02-13T15:33:43.234543 Received request from 102.23.55.32 for /example
2009-02-13T15:33:44.726534 Started database query for table users
2019-02-13T15:33:44.038472 Completed database query for table users
2019-02-13T15:33:43.234543 Received request from 102.23.55.32 for /example
2018-02-13T15:33:44.726534 Started database query for table users
2019-02-13T15:33:44.038472 Completed database query for table users
2019-02-13T15:33:43.234543 Received request from 102.23.55.32 for /example
2012-02-13T15:33:44.726534 Started database query for table users
2019-02-13T15:33:44.038472 Completed database query for table users
2019-02-13T15:33:43.234543 Received request from 102.23.55.32 for /example
2019-02-13T15:33:44.726534 Started database query for table users
2019-02-13T15:33:44.038472 Completed database query for table users
2015-02-13T15:33:43.234543 Received request from 102.23.55.32 for /example
2019-02-13T15:33:44.726534 Started database query for table users
2019-02-13T15:33:44.038472 Completed database query for table users
2019-02-13T15:33:43.234543 Received request from 102.23.55.32 for /example
2019-02-13T15:33:44.726534 Started database query for table users
2019-02-13T15:33:44.038472 Completed database query for table users
2019-02-13T15:33:43.234543 Received request from 102.23.55.32 for /example
2019-02-13T15:33:44.726534 Started database query for table users
2019-02-13T15:33:44.038472 Completed database query for table users
2019-02-13T15:33:43.234543 Received request from 102.23.55.32 for /example
2019-02-13T15:33:44.726534 Started database query for table users
2019-02-13T15:33:44.038472 Completed database query for table users
2019-02-13T15:33:43.234543 Received request from 102.23.55.32 for /example
2019-02-13T15:33:44.726534 Started database query for table users
2019-02-13T15:33:44.038472 Completed database query for table users
2019-02-13T15:33:43.234543 Received request from 102.23.55.32 for /example
2019-02-13T15:33:44.726534 Started database query for table users
2019-02-13T15:33:44.038472 Completed database query for table users
2019-02-13T15:33:43.234543 Received request from 102.23.55.32 for /example
2019-02-13T15:33:44.726534 Started database query for table users
2019-02-13T15:33:44.038472 Completed database query for table users
2019-02-13T15:33:43.234543 Received request from 102.23.55.32 for /example
2019-02-13T15:33:44.726534 Started database query for table users
2019-02-13T15:33:44.038472 Completed database query for table users
2019-02-13T15:33:43.234543 Received request from 102.23.55.32 for /example
2006-02-13T15:33:44.726534 Started database query for table users
2019-02-13T15:33:44.038472 Completed database query for table users
2019-02-13T15:33:43.234543 Received request from 102.23.55.32 for /example
2009-02-13T15:33:44.726534 Started database query for table users
2019-02-13T15:33:44.038472 Completed database query for table users
2019-02-13T15:33:43.234543 Received request from 102.23.55.32 for /example
2018-02-13T15:33:44.726534 Started database query for table users
2019-02-13T15:33:44.038472 Completed database query for table users
2019-02-13T15:33:43.234543 Received request from 102.23.55.32 for /example
2012-02-13T15:33:44.726534 Started database query for table users
2019-02-13T15:33:44.038472 Completed database query for table users
2019-02-13T15:33:43.234543 Received request from 102.23.55.32 for /example
2019-02-13T15:33:44.726534 Started database query for table users
2019-02-13T15:33:44.038472 Completed database query for table users
2015-02-13T15:33:43.234543 Received request from 102.23.55.32 for /example
2019-02-13T15:33:44.726534 Started database query for table users
2019-02-13T15:33:44.038472 Completed database query for table users
2019-02-13T15:33:43.234543 Received request from 102.23.55.32 for /example
2019-02-13T15:33:44.726534 Started database query for table users
2019-02-13T15:33:44.038472 Completed database query for table users
2019-02-13T15:33:43.234543 Received request from 102.23.55.32 for /example
2019-02-13T15:33:44.726534 Started database query for table users
2019-02-13T15:33:44.038472 Completed database query for table users
2019-02-13T15:33:43.234543 Received request from 102.23.55.32 for /example
2019-02-13T15:33:44.726534 Started database query for table users
2019-02-13T15:33:44.038472 Completed database query for table users
2019-02-13T15:33:43.234543 Received request from 102.23.55.32 for /example
2019-02-13T15:33:44.726534 Started database query for table users
2019-02-13T15:33:44.038472 Completed database query for table users
2019-02-13T15:33:43.234543 Received request from 102.23.55.32 for /example
2019-02-13T15:33:44.726534 Started database query for table users
2019-02-13T15:33:44.038472 Completed database query for table users
2019-02-13T15:33:43.234543 Received request from 102.23.55.32 for /example
2019-02-13T15:33:44.726534 Started database query for table users
2019-02-13T15:33:44.038472 Completed database query for table users
2019-02-13T15:33:43.234543 Received request from 102.23.55.32 for /example
2019-02-13T15:33:44.726534 Started database query for table users
2019-02-13T15:33:44.038472 Completed database query for table users
2019-02-13T15:33:43.234543 Received request from 102.23.55.32 for /example
2006-02-13T15:33:44.726534 Started database query for table users
2019-02-13T15:33:44.038472 Completed database query for table users
2019-02-13T15:33:43.234543 Received request from 102.23.55.32 for /example
2009-02-13T15:33:44.726534 Started database query for table users
2019-02-13T15:33:44.038472 Completed database query for table users
2019-02-13T15:33:43.234543 Received request from 102.23.55.32 for /example
2018-02-13T15:33:44.726534 Started database query for table users
2019-02-13T15:33:44.038472 Completed database query for table users
2019-02-13T15:33:43.234543 Received request from 102.23.55.32 for /example
2012-02-13T15:33:44.726534 Started database query for table users
2019-02-13T15:33:44.038472 Completed database query for table users
2019-02-13T15:33:43.234543 Received request from 102.23.55.32 for /example
2019-02-13T15:33:44.726534 Started database query for table users
2019-02-13T15:33:44.038472 Completed database query for table users
2015-02-13T15:33:43.234543 Received request from 102.23.55.32 for /example
2019-02-13T15:33:44.726534 Started database query for table users
2019-02-13T15:33:44.038472 Completed database query for table users
2019-02-13T15:33:43.234543 Received request from 102.23.55.32 for /example
2019-02-13T15:33:44.726534 Started database query for table users
2019-02-13T15:33:44.038472 Completed database query for table users
2019-02-13T15:33:43.234543 Received request from 102.23.55.32 for /example
2019-02-13T15:33:44.726534 Started database query for table users
2019-02-13T15:33:44.038472 Completed database query for table users
2019-02-13T15:33:43.234543 Received request from 102.23.55.32 for /example
2019-02-13T15:33:44.726534 Started database query for table users
2019-02-13T15:33:44.038472 Completed database query for table users
2019-02-13T15:33:43.234543 Received request from 102.23.55.32 for /example
2019-02-13T15:33:44.726534 Started database query for table users
2019-02-13T15:33:44.038472 Completed database query for table users
2019-02-13T15:33:43.234543 Received request from 102.23.55.32 for /example
2019-02-13T15:33:44.726534 Started database query for table users
2019-02-13T15:33:44.038472 Completed database query for table users
2019-02-13T15:33:43.234543 Received request from 102.23.55.32 for /example
2019-02-13T15:33:44.726534 Started database query for table users
2019-02-13T15:33:44.038472 Completed database query for table users
2019-02-13T15:33:43.234543 Received request from 102.23.55.32 for /example
2019-02-13T15:33:44.726534 Started database query for table users
2019-02-13T15:33:44.038472 Completed database query for table users
2019-02-13T15:33:43.234543 Received request from 102.23.55.32 for /example
2006-02-13T15:33:44.726534 Started database query for table users
2019-02-13T15:33:44.038472 Completed database query for table users
2019-02-13T15:33:43.234543 Received request from 102.23.55.32 for /example
2009-02-13T15:33:44.726534 Started database query for table users
2019-02-13T15:33:44.038472 Completed database query for table users
2019-02-13T15:33:43.234543 Received request from 102.23.55.32 for /example
2018-02-13T15:33:44.726534 Started database query for table users
2019-02-13T15:33:44.038472 Completed database query for table users
2019-02-13T15:33:43.234543 Received request from 102.23.55.32 for /example
2012-02-13T15:33:44.726534 Started database query for table users
2019-02-13T15:33:44.038472 Completed database query for table users
2019-02-13T15:33:43.234543 Received request from 102.23.55.32 for /example
2019-02-13T15:33:44.726534 Started database query for table users
2019-02-13T15:33:44.038472 Completed database query for table users
2015-02-13T15:33:43.234543 Received request from 102.23.55.32 for /example
2019-02-13T15:33:44.726534 Started database query for table users
2019-02-13T15:33:44.038472 Completed database query for table users
2019-02-13T15:33:43.234543 Received request from 102.23.55.32 for /example
2019-02-13T15:33:44.726534 Started database query for table users
2019-02-13T15:33:44.038472 Completed database query for table users
2019-02-13T15:33:43.234543 Received request from 102.23.55.32 for /example
2019-02-13T15:33:44.726534 Started database query for table users
2019-02-13T15:33:44.038472 Completed database query for table users
2019-02-13T15:33:43.234543 Received request from 102.23.55.32 for /example
2019-02-13T15:33:44.726534 Started database query for table users
2019-02-13T15:33:44.038472 Completed database query for table users
2019-02-13T15:33:43.234543 Received request from 102.23.55.32 for /example
2019-02-13T15:33:44.726534 Started database query for table users
2019-02-13T15:33:44.038472 Completed database query for table users
2019-02-13T15:33:43.234543 Received request from 102.23.55.32 for /example
2019-02-13T15:33:44.726534 Started database query for table users
2019-02-13T15:33:44.038472 Completed database query for table users
2019-02-13T15:33:43.234543 Received request from 102.23.55.32 for /example
2019-02-13T15:33:44.726534 Started database query for table users
2019-02-13T15:33:44.038472 Completed database query for table users
2019-02-13T15:33:43.234543 Received request from 102.23.55.32 for /example
2019-02-13T15:33:44.726534 Started database query for table users
2019-02-13T15:33:44.038472 Completed database query for table users
2019-02-13T15:33:43.234543 Received request from 102.23.55.32 for /example
2006-02-13T15:33:44.726534 Started database query for table users
2019-02-13T15:33:44.038472 Completed database query for table users
2019-02-13T15:33:43.234543 Received request from 102.23.55.32 for /example
2009-02-13T15:33:44.726534 Started database query for table users
2019-02-13T15:33:44.038472 Completed database query for table users
2019-02-13T15:33:43.234543 Received request from 102.23.55.32 for /example
2018-02-13T15:33:44.726534 Started database query for table users
2019-02-13T15:33:44.038472 Completed database query for table users
2019-02-13T15:33:43.234543 Received request from 102.23.55.32 for /example
2012-02-13T15:33:44.726534 Started database query for table users
2019-02-13T15:33:44.038472 Completed database query for table users
2019-02-13T15:33:43.234543 Received request from 102.23.55.32 for /example
2019-02-13T15:33:44.726534 Started database query for table users
2019-02-13T15:33:44.038472 Completed database query for table users
2015-02-13T15:33:43.234543 Received request from 102.23.55.32 for /example
2019-02-13T15:33:44.726534 Started database query for table users
2019-02-13T15:33:44.038472 Completed database query for table users
2019-02-13T15:33:43.234543 Received request from 102.23.55.32 for /example
2019-02-13T15:33:44.726534 Started database query for table users
2019-02-13T15:33:44.038472 Completed database query for table users
2019-02-13T15:33:43.234543 Received request from 102.23.55.32 for /example
2019-02-13T15:33:44.726534 Started database query for table users
2019-02-13T15:33:44.038472 Completed database query for table users
2019-02-13T15:33:43.234543 Received request from 102.23.55.32 for /example
2019-02-13T15:33:44.726534 Started database query for table users
2019-02-13T15:33:44.038472 Completed database query for table users
2019-02-13T15:33:43.234543 Received request from 102.23.55.32 for /example
2019-02-13T15:33:44.726534 Started database query for table users
2019-02-13T15:33:44.038472 Completed database query for table users
2019-02-13T15:33:43.234543 Received request from 102.23.55.32 for /example
2019-02-13T15:33:44.726534 Started database query for table users
2019-02-13T15:33:44.038472 Completed database query for table users
2019-02-13T15:33:43.234543 Received request from 102.23.55.32 for /example
2019-02-13T15:33:44.726534 Started database query for table users
2019-02-13T15:33:44.038472 Completed database query for table users
2019-02-13T15:33:43.234543 Received request from 102.23.55.32 for /example
2019-02-13T15:33:44.726534 Started database query for table users
2019-02-13T15:33:44.038472 Completed database query for table users
2019-02-13T15:33:43.234543 Received request from 102.23.55.32 for /example
2006-02-13T15:33:44.726534 Started database query for table users
2019-02-13T15:33:44.038472 Completed database query for table users
2019-02-13T15:33:43.234543 Received request from 102.23.55.32 for /example
2009-02-13T15:33:44.726534 Started database query for table users
2019-02-13T15:33:44.038472 Completed database query for table users
2019-02-13T15:33:43.234543 Received request from 102.23.55.32 for /example
2018-02-13T15:33:44.726534 Started database query for table users
2019-02-13T15:33:44.038472 Completed database query for table users
2019-02-13T15:33:43.234543 Received request from 102.23.55.32 for /example
2012-02-13T15:33:44.726534 Started database query for table users
2019-02-13T15:33:44.038472 Completed database query for table users
2019-02-13T15:33:43.234543 Received request from 102.23.55.32 for /example
2019-02-13T15:33:44.726534 Started database query for table users
2019-02-13T15:33:44.038472 Completed database query for table users
2015-02-13T15:33:43.234543 Received request from 102.23.55.32 for /example
2019-02-13T15:33:44.726534 Started database query for table users
2019-02-13T15:33:44.038472 Completed database query for table users
2019-02-13T15:33:43.234543 Received request from 102.23.55.32 for /example
2019-02-13T15:33:44.726534 Started database query for table users
2019-02-13T15:33:44.038472 Completed database query for table users
2019-02-13T15:33:43.234543 Received request from 102.23.55.32 for /example
2019-02-13T15:33:44.726534 Started database query for table users
2019-02-13T15:33:44.038472 Completed database query for table users
2019-02-13T15:33:43.234543 Received request from 102.23.55.32 for /example
2019-02-13T15:33:44.726534 Started database query for table users
2019-02-13T15:33:44.038472 Completed database query for table users
2019-02-13T15:33:43.234543 Received request from 102.23.55.32 for /example
2019-02-13T15:33:44.726534 Started database query for table users
2019-02-13T15:33:44.038472 Completed database query for table users
2019-02-13T15:33:43.234543 Received request from 102.23.55.32 for /example
2019-02-13T15:33:44.726534 Started database query for table users
2019-02-13T15:33:44.038472 Completed database query for table users
2019-02-13T15:33:43.234543 Received request from 102.23.55.32 for /example
2019-02-13T15:33:44.726534 Started database query for table users
2019-02-13T15:33:44.038472 Completed database query for table users
2019-02-13T15:33:43.234543 Received request from 102.23.55.32 for /example
2019-02-13T15:33:44.726534 Started database query for table users
2019-02-13T15:33:44.038472 Completed database query for table users
2019-02-13T15:33:43.234543 Received request from 102.23.55.32 for /example
2006-02-13T15:33:44.726534 Started database query for table users
2019-02-13T15:33:44.038472 Completed database query for table users
2019-02-13T15:33:43.234543 Received request from 102.23.55.32 for /example
2009-02-13T15:33:44.726534 Started database query for table users
2019-02-13T15:33:44.038472 Completed database query for table users
2019-02-13T15:33:43.234543 Received request from 102.23.55.32 for /example
2018-02-13T15:33:44.726534 Started database query for table users
2019-02-13T15:33:44.038472 Completed database query for table users
2019-02-13T15:33:43.234543 Received request from 102.23.55.32 for /example
2012-02-13T15:33:44.726534 Started database query for table users
2019-02-13T15:33:44.038472 Completed database query for table users
2019-02-13T15:33:43.234543 Received request from 102.23.55.32 for /example
2019-02-13T15:33:44.726534 Started database query for table users
2019-02-13T15:33:44.038472 Completed database query for table users
2015-02-13T15:33:43.234543 Received request from 102.23.55.32 for /example
2019-02-13T15:33:44.726534 Started database query for table users
2019-02-13T15:33:44.038472 Completed database query for table users
2019-02-13T15:33:43.234543 Received request from 102.23.55.32 for /example
2019-02-13T15:33:44.726534 Started database query for table users
2019-02-13T15:33:44.038472 Completed database query for table users
2019-02-13T15:33:43.234543 Received request from 102.23.55.32 for /example
2019-02-13T15:33:44.726534 Started database query for table users
2019-02-13T15:33:44.038472 Completed database query for table users
2019-02-13T15:33:43.234543 Received request from 102.23.55.32 for /example
2019-02-13T15:33:44.726534 Started database query for table users
2019-02-13T15:33:44.038472 Completed database query for table users
2019-02-13T15:33:43.234543 Received request from 102.23.55.32 for /example
2019-02-13T15:33:44.726534 Started database query for table users
2019-02-13T15:33:44.038472 Completed database query for table users
2019-02-13T15:33:43.234543 Received request from 102.23.55.32 for /example
2019-02-13T15:33:44.726534 Started database query for table users
2019-02-13T15:33:44.038472 Completed database query for table users
2019-02-13T15:33:43.234543 Received request from 102.23.55.32 for /example
2019-02-13T15:33:44.726534 Started database query for table users
2019-02-13T15:33:44.038472 Completed database query for table users
2019-02-13T15:33:43.234543 Received request from 102.23.55.32 for /example
2019-02-13T15:33:44.726534 Started database query for table users
2019-02-13T15:33:44.038472 Completed database query for table users
2019-02-13T15:33:43.234543 Received request from 102.23.55.32 for /example
2006-02-13T15:33:44.726534 Started database query for table users
2019-02-13T15:33:44.038472 Completed database query for table users
2019-02-13T15:33:43.234543 Received request from 102.23.55.32 for /example
2009-02-13T15:33:44.726534 Started database query for table users
2019-02-13T15:33:44.038472 Completed database query for table users
2019-02-13T15:33:43.234543 Received request from 102.23.55.32 for /example
2018-02-13T15:33:44.726534 Started database query for table users
2019-02-13T15:33:44.038472 Completed database query for table users
2019-02-13T15:33:43.234543 Received request from 102.23.55.32 for /example
2012-02-13T15:33:44.726534 Started database query for table users
2019-02-13T15:33:44.038472 Completed database query for table users
2019-02-13T15:33:43.234543 Received request from 102.23.55.32 for /example
2019-02-13T15:33:44.726534 Started database query for table users
2019-02-13T15:33:44.038472 Completed database query for table users
2015-02-13T15:33:43.234543 Received request from 102.23.55.32 for /example
2019-02-13T15:33:44.726534 Started database query for table users
2019-02-13T15:33:44.038472 Completed database query for table users
2019-02-13T15:33:43.234543 Received request from 102.23.55.32 for /example
2019-02-13T15:33:44.726534 Started database query for table users
2019-02-13T15:33:44.038472 Completed database query for table users
2019-02-13T15:33:43.234543 Received request from 102.23.55.32 for /example
2019-02-13T15:33:44.726534 Started database query for table users
2019-02-13T15:33:44.038472 Completed database query for table users
2019-02-13T15:33:43.234543 Received request from 102.23.55.32 for /example
2019-02-13T15:33:44.726534 Started database query for table users
2019-02-13T15:33:44.038472 Completed database query for table users
2019-02-13T15:33:43.234543 Received request from 102.23.55.32 for /example
2019-02-13T15:33:44.726534 Started database query for table users
2019-02-13T15:33:44.038472 Completed database query for table users
2019-02-13T15:33:43.234543 Received request from 102.23.55.32 for /example
2019-02-13T15:33:44.726534 Started database query for table users
2019-02-13T15:33:44.038472 Completed database query for table users
2019-02-13T15:33:43.234543 Received request from 102.23.55.32 for /example
2019-02-13T15:33:44.726534 Started database query for table users
2019-02-13T15:33:44.038472 Completed database query for table users
2019-02-13T15:33:43.234543 Received request from 102.23.55.32 for /example
2019-02-13T15:33:44.726534 Started database query for table users
2019-02-13T15:33:44.038472 Completed database query for table users
2019-02-13T15:33:43.234543 Received request from 102.23.55.32 for /example
2006-02-13T15:33:44.726534 Started database query for table users
2019-02-13T15:33:44.038472 Completed database query for table users
2019-02-13T15:33:43.234543 Received request from 102.23.55.32 for /example
2009-02-13T15:33:44.726534 Started database query for table users
2019-02-13T15:33:44.038472 Completed database query for table users
2019-02-13T15:33:43.234543 Received request from 102.23.55.32 for /example
2018-02-13T15:33:44.726534 Started database query for table users
2019-02-13T15:33:44.038472 Completed database query for table users
2019-02-13T15:33:43.234543 Received request from 102.23.55.32 for /example
2012-02-13T15:33:44.726534 Started database query for table users
2019-02-13T15:33:44.038472 Completed database query for table users
2019-02-13T15:33:43.234543 Received request from 102.23.55.32 for /example
2019-02-13T15:33:44.726534 Started database query for table users
2019-02-13T15:33:44.038472 Completed database query for table users
2015-02-13T15:33:43.234543 Received request from 102.23.55.32 for /example
2019-02-13T15:33:44.726534 Started database query for table users
2019-02-13T15:33:44.038472 Completed database query for table users
2019-02-13T15:33:43.234543 Received request from 102.23.55.32 for /example
2019-02-13T15:33:44.726534 Started database query for table users
2019-02-13T15:33:44.038472 Completed database query for table users
2019-02-13T15:33:43.234543 Received request from 102.23.55.32 for /example
2019-02-13T15:33:44.726534 Started database query for table users
2019-02-13T15:33:44.038472 Completed database query for table users
2019-02-13T15:33:43.234543 Received request from 102.23.55.32 for /example
2019-02-13T15:33:44.726534 Started database query for table users
2019-02-13T15:33:44.038472 Completed database query for table users
2019-02-13T15:33:43.234543 Received request from 102.23.55.32 for /example
2019-02-13T15:33:44.726534 Started database query for table users
2019-02-13T15:33:44.038472 Completed database query for table users
2019-02-13T15:33:43.234543 Received request from 102.23.55.32 for /example
2019-02-13T15:33:44.726534 Started database query for table users
2019-02-13T15:33:44.038472 Completed database query for table users
2019-02-13T15:33:43.234543 Received request from 102.23.55.32 for /example
2019-02-13T15:33:44.726534 Started database query for table users
2019-02-13T15:33:44.038472 Completed database query for table users
2019-02-13T15:33:43.234543 Received request from 102.23.55.32 for /example
2019-02-13T15:33:44.726534 Started database query for table users
2019-02-13T15:33:44.038472 Completed database query for table users
2019-02-13T15:33:43.234543 Received request from 102.23.55.32 for /example
2006-02-13T15:33:44.726534 Started database query for table users
2019-02-13T15:33:44.038472 Completed database query for table users
2019-02-13T15:33:43.234543 Received request from 102.23.55.32 for /example
2009-02-13T15:33:44.726534 Started database query for table users
2019-02-13T15:33:44.038472 Completed database query for table users
2019-02-13T15:33:43.234543 Received request from 102.23.55.32 for /example
2018-02-13T15:33:44.726534 Started database query for table users
2019-02-13T15:33:44.038472 Completed database query for table users
2019-02-13T15:33:43.234543 Received request from 102.23.55.32 for /example
2012-02-13T15:33:44.726534 Started database query for table users
2019-02-13T15:33:44.038472 Completed database query for table users
2019-02-13T15:33:43.234543 Received request from 102.23.55.32 for /example
2019-02-13T15:33:44.726534 Started database query for table users
2019-02-13T15:33:44.038472 Completed database query for table users
2015-02-13T15:33:43.234543 Received request from 102.23.55.32 for /example
2019-02-13T15:33:44.726534 Started database query for table users
2019-02-13T15:33:44.038472 Completed database query for table users
2019-02-13T15:33:43.234543 Received request from 102.23.55.32 for /example
2019-02-13T15:33:44.726534 Started database query for table users
2019-02-13T15:33:44.038472 Completed database query for table users
2019-02-13T15:33:43.234543 Received request from 102.23.55.32 for /example
2019-02-13T15:33:44.726534 Started database query for table users
2019-02-13T15:33:44.038472 Completed database query for table users
2019-02-13T15:33:43.234543 Received request from 102.23.55.32 for /example
2019-02-13T15:33:44.726534 Started database query for table users
2019-02-13T15:33:44.038472 Completed database query for table users
2019-02-13T15:33:43.234543 Received request from 102.23.55.32 for /example
2019-02-13T15:33:44.726534 Started database query for table users
2019-02-13T15:33:44.038472 Completed database query for table users
2019-02-13T15:33:43.234543 Received request from 102.23.55.32 for /example
2019-02-13T15:33:44.726534 Started database query for table users
2019-02-13T15:33:44.038472 Completed database query for table users
2019-02-13T15:33:43.234543 Received request from 102.23.55.32 for /example
2019-02-13T15:33:44.726534 Started database query for table users
2019-02-13T15:33:44.038472 Completed database query for table users
2019-02-13T15:33:43.234543 Received request from 102.23.55.32 for /example
2019-02-13T15:33:44.726534 Started database query for table users
2019-02-13T15:33:44.038472 Completed database query for table users
2019-02-13T15:33:43.234543 Received request from 102.23.55.32 for /example
2006-02-13T15:33:44.726534 Started database query for table users
2019-02-13T15:33:44.038472 Completed database query for table users
2019-02-13T15:33:43.234543 Received request from 102.23.55.32 for /example
2009-02-13T15:33:44.726534 Started database query for table users
2019-02-13T15:33:44.038472 Completed database query for table users
2019-02-13T15:33:43.234543 Received request from 102.23.55.32 for /example
2018-02-13T15:33:44.726534 Started database query for table users
2019-02-13T15:33:44.038472 Completed database query for table users
2019-02-13T15:33:43.234543 Received request from 102.23.55.32 for /example
2012-02-13T15:33:44.726534 Started database query for table users
2019-02-13T15:33:44.038472 Completed database query for table users
2019-02-13T15:33:43.234543 Received request from 102.23.55.32 for /example
2019-02-13T15:33:44.726534 Started database query for table users
2019-02-13T15:33:44.038472 Completed database query for table users
2015-02-13T15:33:43.234543 Received request from 102.23.55.32 for /example
2019-02-13T15:33:44.726534 Started database query for table users
2019-02-13T15:33:44.038472 Completed database query for table users
2019-02-13T15:33:43.234543 Received request from 102.23.55.32 for /example
2019-02-13T15:33:44.726534 Started database query for table users
2019-02-13T15:33:44.038472 Completed database query for table users
2019-02-13T15:33:43.234543 Received request from 102.23.55.32 for /example
2019-02-13T15:33:44.726534 Started database query for table users
2019-02-13T15:33:44.038472 Completed database query for table users
2019-02-13T15:33:43.234543 Received request from 102.23.55.32 for /example
2019-02-13T15:33:44.726534 Started database query for table users
2019-02-13T15:33:44.038472 Completed database query for table users
2019-02-13T15:33:43.234543 Received request from 102.23.55.32 for /example
2019-02-13T15:33:44.726534 Started database query for table users
2019-02-13T15:33:44.038472 Completed database query for table users
2019-02-13T15:33:43.234543 Received request from 102.23.55.32 for /example
2019-02-13T15:33:44.726534 Started database query for table users
2019-02-13T15:33:44.038472 Completed database query for table users
2019-02-13T15:33:43.234543 Received request from 102.23.55.32 for /example
2019-02-13T15:33:44.726534 Started database query for table users
2019-02-13T15:33:44.038472 Completed database query for table users
2019-02-13T15:33:43.234543 Received request from 102.23.55.32 for /example
2019-02-13T15:33:44.726534 Started database query for table users
2019-02-13T15:33:44.038472 Completed database query for table users
2019-02-13T15:33:43.234543 Received request from 102.23.55.32 for /example
2006-02-13T15:33:44.726534 Started database query for table users
2019-02-13T15:33:44.038472 Completed database query for table users
2019-02-13T15:33:43.234543 Received request from 102.23.55.32 for /example
2009-02-13T15:33:44.726534 Started database query for table users
2019-02-13T15:33:44.038472 Completed database query for table users
2019-02-13T15:33:43.234543 Received request from 102.23.55.32 for /example
2018-02-13T15:33:44.726534 Started database query for table users
2019-02-13T15:33:44.038472 Completed database query for table users
2019-02-13T15:33:43.234543 Received request from 102.23.55.32 for /example
2012-02-13T15:33:44.726534 Started database query for table users
2019-02-13T15:33:44.038472 Completed database query for table users
2019-02-13T15:33:43.234543 Received request from 102.23.55.32 for /example
2019-02-13T15:33:44.726534 Started database query for table users
2019-02-13T15:33:44.038472 Completed database query for table users
2015-02-13T15:33:43.234543 Received request from 102.23.55.32 for /example
2019-02-13T15:33:44.726534 Started database query for table users
2019-02-13T15:33:44.038472 Completed database query for table users
2019-02-13T15:33:43.234543 Received request from 102.23.55.32 for /example
2019-02-13T15:33:44.726534 Started database query for table users
2019-02-13T15:33:44.038472 Completed database query for table users
2019-02-13T15:33:43.234543 Received request from 102.23.55.32 for /example
2019-02-13T15:33:44.726534 Started database query for table users
2019-02-13T15:33:44.038472 Completed database query for table users
2019-02-13T15:33:43.234543 Received request from 102.23.55.32 for /example
2019-02-13T15:33:44.726534 Started database query for table users
2019-02-13T15:33:44.038472 Completed database query for table users
2019-02-13T15:33:43.234543 Received request from 102.23.55.32 for /example
2019-02-13T15:33:44.726534 Started database query for table users
2019-02-13T15:33:44.038472 Completed database query for table users
2019-02-13T15:33:43.234543 Received request from 102.23.55.32 for /example
2019-02-13T15:33:44.726534 Started database query for table users
2019-02-13T15:33:44.038472 Completed database query for table users
2019-02-13T15:33:43.234543 Received request from 102.23.55.32 for /example
2019-02-13T15:33:44.726534 Started database query for table users
2019-02-13T15:33:44.038472 Completed database query for table users
2019-02-13T15:33:43.234543 Received request from 102.23.55.32 for /example
2019-02-13T15:33:44.726534 Started database query for table users
2019-02-13T15:33:44.038472 Completed database query for table users
2019-02-13T15:33:43.234543 Received request from 102.23.55.32 for /example
2006-02-13T15:33:44.726534 Started database query for table users
2019-02-13T15:33:44.038472 Completed database query for table users
2019-02-13T15:33:43.234543 Received request from 102.23.55.32 for /example
2009-02-13T15:33:44.726534 Started database query for table users
2019-02-13T15:33:44.038472 Completed database query for table users
2019-02-13T15:33:43.234543 Received request from 102.23.55.32 for /example
2018-02-13T15:33:44.726534 Started database query for table users
2019-02-13T15:33:44.038472 Completed database query for table users
2019-02-13T15:33:43.234543 Received request from 102.23.55.32 for /example
2012-02-13T15:33:44.726534 Started database query for table users
2019-02-13T15:33:44.038472 Completed database query for table users
2019-02-13T15:33:43.234543 Received request from 102.23.55.32 for /example
2019-02-13T15:33:44.726534 Started database query for table users
2019-02-13T15:33:44.038472 Completed database query for table users
2015-02-13T15:33:43.234543 Received request from 102.23.55.32 for /example
2019-02-13T15:33:44.726534 Started database query for table users
2019-02-13T15:33:44.038472 Completed database query for table users
2019-02-13T15:33:43.234543 Received request from 102.23.55.32 for /example
2019-02-13T15:33:44.726534 Started database query for table users
2019-02-13T15:33:44.038472 Completed database query for table users
2019-02-13T15:33:43.234543 Received request from 102.23.55.32 for /example
2019-02-13T15:33:44.726534 Started database query for table users
2019-02-13T15:33:44.038472 Completed database query for table users
2019-02-13T15:33:43.234543 Received request from 102.23.55.32 for /example
2019-02-13T15:33:44.726534 Started database query for table users
2019-02-13T15:33:44.038472 Completed database query for table users
2019-02-13T15:33:43.234543 Received request from 102.23.55.32 for /example
2019-02-13T15:33:44.726534 Started database query for table users
2019-02-13T15:33:44.038472 Completed database query for table users
2019-02-13T15:33:43.234543 Received request from 102.23.55.32 for /example
2019-02-13T15:33:44.726534 Started database query for table users
2019-02-13T15:33:44.038472 Completed database query for table users
2019-02-13T15:33:43.234543 Received request from 102.23.55.32 for /example
2019-02-13T15:33:44.726534 Started database query for table users
2019-02-13T15:33:44.038472 Completed database query for table users
2019-02-13T15:33:43.234543 Received request from 102.23.55.32 for /example
2019-02-13T15:33:44.726534 Started database query for table users
2019-02-13T15:33:44.038472 Completed database query for table users
2019-02-13T15:33:43.234543 Received request from 102.23.55.32 for /example
2006-02-13T15:33:44.726534 Started database query for table users
2019-02-13T15:33:44.038472 Completed database query for table users
2019-02-13T15:33:43.234543 Received request from 102.23.55.32 for /example
2009-02-13T15:33:44.726534 Started database query for table users
2019-02-13T15:33:44.038472 Completed database query for table users
2019-02-13T15:33:43.234543 Received request from 102.23.55.32 for /example
2018-02-13T15:33:44.726534 Started database query for table users
2019-02-13T15:33:44.038472 Completed database query for table users
2019-02-13T15:33:43.234543 Received request from 102.23.55.32 for /example
2012-02-13T15:33:44.726534 Started database query for table users
2019-02-13T15:33:44.038472 Completed database query for table users
2019-02-13T15:33:43.234543 Received request from 102.23.55.32 for /example
2019-02-13T15:33:44.726534 Started database query for table users
2019-02-13T15:33:44.038472 Completed database query for table users
2015-02-13T15:33:43.234543 Received request from 102.23.55.32 for /example
2019-02-13T15:33:44.726534 Started database query for table users
2019-02-13T15:33:44.038472 Completed database query for table users
2019-02-13T15:33:43.234543 Received request from 102.23.55.32 for /example
2019-02-13T15:33:44.726534 Started database query for table users
2019-02-13T15:33:44.038472 Completed database query for table users
2019-02-13T15:33:43.234543 Received request from 102.23.55.32 for /example
2019-02-13T15:33:44.726534 Started database query for table users
2019-02-13T15:33:44.038472 Completed database query for table users
2019-02-13T15:33:43.234543 Received request from 102.23.55.32 for /example
2019-02-13T15:33:44.726534 Started database query for table users
2019-02-13T15:33:44.038472 Completed database query for table users
2019-02-13T15:33:43.234543 Received request from 102.23.55.32 for /example
2019-02-13T15:33:44.726534 Started database query for table users
2019-02-13T15:33:44.038472 Completed database query for table users
2019-02-13T15:33:43.234543 Received request from 102.23.55.32 for /example
2019-02-13T15:33:44.726534 Started database query for table users
2019-02-13T15:33:44.038472 Completed database query for table users
2019-02-13T15:33:43.234543 Received request from 102.23.55.32 for /example
2019-02-13T15:33:44.726534 Started database query for table users
2019-02-13T15:33:44.038472 Completed database query for table users
2019-02-13T15:33:43.234543 Received request from 102.23.55.32 for /example
2019-02-13T15:33:44.726534 Started database query for table users
2019-02-13T15:33:44.038472 Completed database query for table users
2019-02-13T15:33:43.234543 Received request from 102.23.55.32 for /example
2006-02-13T15:33:44.726534 Started database query for table users
2019-02-13T15:33:44.038472 Completed database query for table users
2019-02-13T15:33:43.234543 Received request from 102.23.55.32 for /example
2009-02-13T15:33:44.726534 Started database query for table users
2019-02-13T15:33:44.038472 Completed database query for table users
2019-02-13T15:33:43.234543 Received request from 102.23.55.32 for /example
2018-02-13T15:33:44.726534 Started database query for table users
2019-02-13T15:33:44.038472 Completed database query for table users
2019-02-13T15:33:43.234543 Received request from 102.23.55.32 for /example
2012-02-13T15:33:44.726534 Started database query for table users
2019-02-13T15:33:44.038472 Completed database query for table users
2019-02-13T15:33:43.234543 Received request from 102.23.55.32 for /example
2019-02-13T15:33:44.726534 Started database query for table users
2019-02-13T15:33:44.038472 Completed database query for table users
2015-02-13T15:33:43.234543 Received request from 102.23.55.32 for /example
2019-02-13T15:33:44.726534 Started database query for table users
2019-02-13T15:33:44.038472 Completed database query for table users
2019-02-13T15:33:43.234543 Received request from 102.23.55.32 for /example
2019-02-13T15:33:44.726534 Started database query for table users
2019-02-13T15:33:44.038472 Completed database query for table users
2019-02-13T15:33:43.234543 Received request from 102.23.55.32 for /example
2019-02-13T15:33:44.726534 Started database query for table users
2019-02-13T15:33:44.038472 Completed database query for table users
2019-02-13T15:33:43.234543 Received request from 102.23.55.32 for /example
2019-02-13T15:33:44.726534 Started database query for table users
2019-02-13T15:33:44.038472 Completed database query for table users
2019-02-13T15:33:43.234543 Received request from 102.23.55.32 for /example
2019-02-13T15:33:44.726534 Started database query for table users
2019-02-13T15:33:44.038472 Completed database query for table users
2019-02-13T15:33:43.234543 Received request from 102.23.55.32 for /example
2019-02-13T15:33:44.726534 Started database query for table users
2019-02-13T15:33:44.038472 Completed database query for table users
2019-02-13T15:33:43.234543 Received request from 102.23.55.32 for /example
2019-02-13T15:33:44.726534 Started database query for table users
2019-02-13T15:33:44.038472 Completed database query for table users
2019-02-13T15:33:43.234543 Received request from 102.23.55.32 for /example
2019-02-13T15:33:44.726534 Started database query for table users
2019-02-13T15:33:44.038472 Completed database query for table users
2019-02-13T15:33:43.234543 Received request from 102.23.55.32 for /example
2006-02-13T15:33:44.726534 Started database query for table users
2019-02-13T15:33:44.038472 Completed database query for table users
2019-02-13T15:33:43.234543 Received request from 102.23.55.32 for /example
2009-02-13T15:33:44.726534 Started database query for table users
2019-02-13T15:33:44.038472 Completed database query for table users
2019-02-13T15:33:43.234543 Received request from 102.23.55.32 for /example
2018-02-13T15:33:44.726534 Started database query for table users
2019-02-13T15:33:44.038472 Completed database query for table users
2019-02-13T15:33:43.234543 Received request from 102.23.55.32 for /example
2012-02-13T15:33:44.726534 Started database query for table users
2019-02-13T15:33:44.038472 Completed database query for table users
2019-02-13T15:33:43.234543 Received request from 102.23.55.32 for /example
2019-02-13T15:33:44.726534 Started database query for table users
2019-02-13T15:33:44.038472 Completed database query for table users
2015-02-13T15:33:43.234543 Received request from 102.23.55.32 for /example
2019-02-13T15:33:44.726534 Started database query for table users
2019-02-13T15:33:44.038472 Completed database query for table users
2019-02-13T15:33:43.234543 Received request from 102.23.55.32 for /example
2019-02-13T15:33:44.726534 Started database query for table users
2019-02-13T15:33:44.038472 Completed database query for table users
2019-02-13T15:33:43.234543 Received request from 102.23.55.32 for /example
2019-02-13T15:33:44.726534 Started database query for table users
2019-02-13T15:33:44.038472 Completed database query for table users
2019-02-13T15:33:43.234543 Received request from 102.23.55.32 for /example
2019-02-13T15:33:44.726534 Started database query for table users
2019-02-13T15:33:44.038472 Completed database query for table users
2019-02-13T15:33:43.234543 Received request from 102.23.55.32 for /example
2019-02-13T15:33:44.726534 Started database query for table users
2019-02-13T15:33:44.038472 Completed database query for table users
2019-02-13T15:33:43.234543 Received request from 102.23.55.32 for /example
2019-02-13T15:33:44.726534 Started database query for table users
2019-02-13T15:33:44.038472 Completed database query for table users
2019-02-13T15:33:43.234543 Received request from 102.23.55.32 for /example
2019-02-13T15:33:44.726534 Started database query for table users
2019-02-13T15:33:44.038472 Completed database query for table users
2019-02-13T15:33:43.234543 Received request from 102.23.55.32 for /example
2019-02-13T15:33:44.726534 Started database query for table users
2019-02-13T15:33:44.038472 Completed database query for table users
2019-02-13T15:33:43.234543 Received request from 102.23.55.32 for /example
2006-02-13T15:33:44.726534 Started database query for table users
2019-02-13T15:33:44.038472 Completed database query for table users
2019-02-13T15:33:43.234543 Received request from 102.23.55.32 for /example
2009-02-13T15:33:44.726534 Started database query for table users
2019-02-13T15:33:44.038472 Completed database query for table users
2019-02-13T15:33:43.234543 Received request from 102.23.55.32 for /example
2018-02-13T15:33:44.726534 Started database query for table users
2019-02-13T15:33:44.038472 Completed database query for table users
2019-02-13T15:33:43.234543 Received request from 102.23.55.32 for /example
2012-02-13T15:33:44.726534 Started database query for table users
2019-02-13T15:33:44.038472 Completed database query for table users
2019-02-13T15:33:43.234543 Received request from 102.23.55.32 for /example
2019-02-13T15:33:44.726534 Started database query for table users
2019-02-13T15:33:44.038472 Completed database query for table users
2015-02-13T15:33:43.234543 Received request from 102.23.55.32 for /example
2019-02-13T15:33:44.726534 Started database query for table users
2019-02-13T15:33:44.038472 Completed database query for table users
2019-02-13T15:33:43.234543 Received request from 102.23.55.32 for /example
2019-02-13T15:33:44.726534 Started database query for table users
2019-02-13T15:33:44.038472 Completed database query for table users
2019-02-13T15:33:43.234543 Received request from 102.23.55.32 for /example
2019-02-13T15:33:44.726534 Started database query for table users
2019-02-13T15:33:44.038472 Completed database query for table users
2019-02-13T15:33:43.234543 Received request from 102.23.55.32 for /example
2019-02-13T15:33:44.726534 Started database query for table users
2019-02-13T15:33:44.038472 Completed database query for table users
2019-02-13T15:33:43.234543 Received request from 102.23.55.32 for /example
2019-02-13T15:33:44.726534 Started database query for table users
2019-02-13T15:33:44.038472 Completed database query for table users
2019-02-13T15:33:43.234543 Received request from 102.23.55.32 for /example
2019-02-13T15:33:44.726534 Started database query for table users
2019-02-13T15:33:44.038472 Completed database query for table users
2019-02-13T15:33:43.234543 Received request from 102.23.55.32 for /example
2019-02-13T15:33:44.726534 Started database query for table users
2019-02-13T15:33:44.038472 Completed database query for table users
2019-02-13T15:33:43.234543 Received request from 102.23.55.32 for /example
2019-02-13T15:33:44.726534 Started database query for table users
2019-02-13T15:33:44.038472 Completed database query for table users
2019-02-13T15:33:43.234543 Received request from 102.23.55.32 for /example
2006-02-13T15:33:44.726534 Started database query for table users
2019-02-13T15:33:44.038472 Completed database query for table users
2019-02-13T15:33:43.234543 Received request from 102.23.55.32 for /example
2009-02-13T15:33:44.726534 Started database query for table users
2019-02-13T15:33:44.038472 Completed database query for table users
2019-02-13T15:33:43.234543 Received request from 102.23.55.32 for /example
2018-02-13T15:33:44.726534 Started database query for table users
2019-02-13T15:33:44.038472 Completed database query for table users
2019-02-13T15:33:43.234543 Received request from 102.23.55.32 for /example
2012-02-13T15:33:44.726534 Started database query for table users
2019-02-13T15:33:44.038472 Completed database query for table users
2019-02-13T15:33:43.234543 Received request from 102.23.55.32 for /example
2019-02-13T15:33:44.726534 Started database query for table users
2019-02-13T15:33:44.038472 Completed database query for table users
2015-02-13T15:33:43.234543 Received request from 102.23.55.32 for /example
2019-02-13T15:33:44.726534 Started database query for table users
2019-02-13T15:33:44.038472 Completed database query for table users
2019-02-13T15:33:43.234543 Received request from 102.23.55.32 for /example
2019-02-13T15:33:44.726534 Started database query for table users
2019-02-13T15:33:44.038472 Completed database query for table users
2019-02-13T15:33:43.234543 Received request from 102.23.55.32 for /example
2019-02-13T15:33:44.726534 Started database query for table users
2019-02-13T15:33:44.038472 Completed database query for table users
2019-02-13T15:33:43.234543 Received request from 102.23.55.32 for /example
2019-02-13T15:33:44.726534 Started database query for table users
2019-02-13T15:33:44.038472 Completed database query for table users
2019-02-13T15:33:43.234543 Received request from 102.23.55.32 for /example
2019-02-13T15:33:44.726534 Started database query for table users
2019-02-13T15:33:44.038472 Completed database query for table users
2019-02-13T15:33:43.234543 Received request from 102.23.55.32 for /example
2019-02-13T15:33:44.726534 Started database query for table users
2019-02-13T15:33:44.038472 Completed database query for table users
2019-02-13T15:33:43.234543 Received request from 102.23.55.32 for /example
2019-02-13T15:33:44.726534 Started database query for table users
2019-02-13T15:33:44.038472 Completed database query for table users
2019-02-13T15:33:43.234543 Received request from 102.23.55.32 for /example
2019-02-13T15:33:44.726534 Started database query for table users
2019-02-13T15:33:44.038472 Completed database query for table users
2019-02-13T15:33:43.234543 Received request from 102.23.55.32 for /example
2006-02-13T15:33:44.726534 Started database query for table users
2019-02-13T15:33:44.038472 Completed database query for table users
2019-02-13T15:33:43.234543 Received request from 102.23.55.32 for /example
2009-02-13T15:33:44.726534 Started database query for table users
2019-02-13T15:33:44.038472 Completed database query for table users
2019-02-13T15:33:43.234543 Received request from 102.23.55.32 for /example
2018-02-13T15:33:44.726534 Started database query for table users
2019-02-13T15:33:44.038472 Completed database query for table users
2019-02-13T15:33:43.234543 Received request from 102.23.55.32 for /example
2012-02-13T15:33:44.726534 Started database query for table users
2019-02-13T15:33:44.038472 Completed database query for table users
2019-02-13T15:33:43.234543 Received request from 102.23.55.32 for /example
2019-02-13T15:33:44.726534 Started database query for table users
2019-02-13T15:33:44.038472 Completed database query for table users
2015-02-13T15:33:43.234543 Received request from 102.23.55.32 for /example
2019-02-13T15:33:44.726534 Started database query for table users
2019-02-13T15:33:44.038472 Completed database query for table users
2019-02-13T15:33:43.234543 Received request from 102.23.55.32 for /example
2019-02-13T15:33:44.726534 Started database query for table users
2019-02-13T15:33:44.038472 Completed database query for table users
2019-02-13T15:33:43.234543 Received request from 102.23.55.32 for /example
2019-02-13T15:33:44.726534 Started database query for table users
2019-02-13T15:33:44.038472 Completed database query for table users
2019-02-13T15:33:43.234543 Received request from 102.23.55.32 for /example
2019-02-13T15:33:44.726534 Started database query for table users
2019-02-13T15:33:44.038472 Completed database query for table users
2019-02-13T15:33:43.234543 Received request from 102.23.55.32 for /example
2019-02-13T15:33:44.726534 Started database query for table users
2019-02-13T15:33:44.038472 Completed database query for table users
2019-02-13T15:33:43.234543 Received request from 102.23.55.32 for /example
2019-02-13T15:33:44.726534 Started database query for table users
2019-02-13T15:33:44.038472 Completed database query for table users
2019-02-13T15:33:43.234543 Received request from 102.23.55.32 for /example
2019-02-13T15:33:44.726534 Started database query for table users
2019-02-13T15:33:44.038472 Completed database query for table users
2019-02-13T15:33:43.234543 Received request from 102.23.55.32 for /example
2019-02-13T15:33:44.726534 Started database query for table users
2019-02-13T15:33:44.038472 Completed database query for table users
2019-02-13T15:33:43.234543 Received request from 102.23.55.32 for /example
2006-02-13T15:33:44.726534 Started database query for table users
2019-02-13T15:33:44.038472 Completed database query for table users
2019-02-13T15:33:43.234543 Received request from 102.23.55.32 for /example
2009-02-13T15:33:44.726534 Started database query for table users
2019-02-13T15:33:44.038472 Completed database query for table users
2019-02-13T15:33:43.234543 Received request from 102.23.55.32 for /example
2018-02-13T15:33:44.726534 Started database query for table users
2019-02-13T15:33:44.038472 Completed database query for table users
2019-02-13T15:33:43.234543 Received request from 102.23.55.32 for /example
2012-02-13T15:33:44.726534 Started database query for table users
2019-02-13T15:33:44.038472 Completed database query for table users
2019-02-13T15:33:43.234543 Received request from 102.23.55.32 for /example
2019-02-13T15:33:44.726534 Started database query for table users
2019-02-13T15:33:44.038472 Completed database query for table users
2015-02-13T15:33:43.234543 Received request from 102.23.55.32 for /example
2019-02-13T15:33:44.726534 Started database query for table users
2019-02-13T15:33:44.038472 Completed database query for table users
2019-02-13T15:33:43.234543 Received request from 102.23.55.32 for /example
2019-02-13T15:33:44.726534 Started database query for table users
2019-02-13T15:33:44.038472 Completed database query for table users
2019-02-13T15:33:43.234543 Received request from 102.23.55.32 for /example
2019-02-13T15:33:44.726534 Started database query for table users
2019-02-13T15:33:44.038472 Completed database query for table users
2019-02-13T15:33:43.234543 Received request from 102.23.55.32 for /example
2019-02-13T15:33:44.726534 Started database query for table users
2019-02-13T15:33:44.038472 Completed database query for table users
2019-02-13T15:33:43.234543 Received request from 102.23.55.32 for /example
2019-02-13T15:33:44.726534 Started database query for table users
2019-02-13T15:33:44.038472 Completed database query for table users
2019-02-13T15:33:43.234543 Received request from 102.23.55.32 for /example
2019-02-13T15:33:44.726534 Started database query for table users
2019-02-13T15:33:44.038472 Completed database query for table users
2019-02-13T15:33:43.234543 Received request from 102.23.55.32 for /example
2019-02-13T15:33:44.726534 Started database query for table users
2019-02-13T15:33:44.038472 Completed database query for table users
2019-02-13T15:33:43.234543 Received request from 102.23.55.32 for /example
2019-02-13T15:33:44.726534 Started database query for table users
2019-02-13T15:33:44.038472 Completed database query for table users
2019-02-13T15:33:43.234543 Received request from 102.23.55.32 for /example
2006-02-13T15:33:44.726534 Started database query for table users
2019-02-13T15:33:44.038472 Completed database query for table users
2019-02-13T15:33:43.234543 Received request from 102.23.55.32 for /example
2009-02-13T15:33:44.726534 Started database query for table users
2019-02-13T15:33:44.038472 Completed database query for table users
2019-02-13T15:33:43.234543 Received request from 102.23.55.32 for /example
2018-02-13T15:33:44.726534 Started database query for table users
2019-02-13T15:33:44.038472 Completed database query for table users
2019-02-13T15:33:43.234543 Received request from 102.23.55.32 for /example
2012-02-13T15:33:44.726534 Started database query for table users
2019-02-13T15:33:44.038472 Completed database query for table users
2019-02-13T15:33:43.234543 Received request from 102.23.55.32 for /example
2019-02-13T15:33:44.726534 Started database query for table users
2019-02-13T15:33:44.038472 Completed database query for table users
2015-02-13T15:33:43.234543 Received request from 102.23.55.32 for /example
2019-02-13T15:33:44.726534 Started database query for table users
2019-02-13T15:33:44.038472 Completed database query for table users
2019-02-13T15:33:43.234543 Received request from 102.23.55.32 for /example
2019-02-13T15:33:44.726534 Started database query for table users
2019-02-13T15:33:44.038472 Completed database query for table users
2019-02-13T15:33:43.234543 Received request from 102.23.55.32 for /example
2019-02-13T15:33:44.726534 Started database query for table users
2019-02-13T15:33:44.038472 Completed database query for table users
2019-02-13T15:33:43.234543 Received request from 102.23.55.32 for /example
2019-02-13T15:33:44.726534 Started database query for table users
2019-02-13T15:33:44.038472 Completed database query for table users
2019-02-13T15:33:43.234543 Received request from 102.23.55.32 for /example
2019-02-13T15:33:44.726534 Started database query for table users
2019-02-13T15:33:44.038472 Completed database query for table users
2019-02-13T15:33:43.234543 Received request from 102.23.55.32 for /example
2019-02-13T15:33:44.726534 Started database query for table users
2019-02-13T15:33:44.038472 Completed database query for table users
2019-02-13T15:33:43.234543 Received request from 102.23.55.32 for /example
2019-02-13T15:33:44.726534 Started database query for table users
2019-02-13T15:33:44.038472 Completed database query for table users
2019-02-13T15:33:43.234543 Received request from 102.23.55.32 for /example
2019-02-13T15:33:44.726534 Started database query for table users
2019-02-13T15:33:44.038472 Completed database query for table users
2019-02-13T15:33:43.234543 Received request from 102.23.55.32 for /example
2006-02-13T15:33:44.726534 Started database query for table users
2019-02-13T15:33:44.038472 Completed database query for table users
2019-02-13T15:33:43.234543 Received request from 102.23.55.32 for /example
2009-02-13T15:33:44.726534 Started database query for table users
2019-02-13T15:33:44.038472 Completed database query for table users
2019-02-13T15:33:43.234543 Received request from 102.23.55.32 for /example
2018-02-13T15:33:44.726534 Started database query for table users
2019-02-13T15:33:44.038472 Completed database query for table users
2019-02-13T15:33:43.234543 Received request from 102.23.55.32 for /example
2012-02-13T15:33:44.726534 Started database query for table users
2019-02-13T15:33:44.038472 Completed database query for table users
2019-02-13T15:33:43.234543 Received request from 102.23.55.32 for /example
2019-02-13T15:33:44.726534 Started database query for table users
2019-02-13T15:33:44.038472 Completed database query for table users
2015-02-13T15:33:43.234543 Received request from 102.23.55.32 for /example
2019-02-13T15:33:44.726534 Started database query for table users
2019-02-13T15:33:44.038472 Completed database query for table users
2019-02-13T15:33:43.234543 Received request from 102.23.55.32 for /example
2019-02-13T15:33:44.726534 Started database query for table users
2019-02-13T15:33:44.038472 Completed database query for table users
2019-02-13T15:33:43.234543 Received request from 102.23.55.32 for /example
2019-02-13T15:33:44.726534 Started database query for table users
2019-02-13T15:33:44.038472 Completed database query for table users
2019-02-13T15:33:43.234543 Received request from 102.23.55.32 for /example
2019-02-13T15:33:44.726534 Started database query for table users
2019-02-13T15:33:44.038472 Completed database query for table users
2019-02-13T15:33:43.234543 Received request from 102.23.55.32 for /example
2019-02-13T15:33:44.726534 Started database query for table users
2019-02-13T15:33:44.038472 Completed database query for table users
2019-02-13T15:33:43.234543 Received request from 102.23.55.32 for /example
2019-02-13T15:33:44.726534 Started database query for table users
2019-02-13T15:33:44.038472 Completed database query for table users
2019-02-13T15:33:43.234543 Received request from 102.23.55.32 for /example
2019-02-13T15:33:44.726534 Started database query for table users
2019-02-13T15:33:44.038472 Completed database query for table users
2019-02-13T15:33:43.234543 Received request from 102.23.55.32 for /example
2019-02-13T15:33:44.726534 Started database query for table users
2019-02-13T15:33:44.038472 Completed database query for table users
2019-02-13T15:33:43.234543 Received request from 102.23.55.32 for /example
2006-02-13T15:33:44.726534 Started database query for table users
2019-02-13T15:33:44.038472 Completed database query for table users
2019-02-13T15:33:43.234543 Received request from 102.23.55.32 for /example
2009-02-13T15:33:44.726534 Started database query for table users
2019-02-13T15:33:44.038472 Completed database query for table users
2019-02-13T15:33:43.234543 Received request from 102.23.55.32 for /example
2018-02-13T15:33:44.726534 Started database query for table users
2019-02-13T15:33:44.038472 Completed database query for table users
2019-02-13T15:33:43.234543 Received request from 102.23.55.32 for /example
2012-02-13T15:33:44.726534 Started database query for table users
2019-02-13T15:33:44.038472 Completed database query for table users
2019-02-13T15:33:43.234543 Received request from 102.23.55.32 for /example
2019-02-13T15:33:44.726534 Started database query for table users
2019-02-13T15:33:44.038472 Completed database query for table users
2015-02-13T15:33:43.234543 Received request from 102.23.55.32 for /example
2019-02-13T15:33:44.726534 Started database query for table users
2019-02-13T15:33:44.038472 Completed database query for table users
2019-02-13T15:33:43.234543 Received request from 102.23.55.32 for /example
2019-02-13T15:33:44.726534 Started database query for table users
2019-02-13T15:33:44.038472 Completed database query for table users
2019-02-13T15:33:43.234543 Received request from 102.23.55.32 for /example
2019-02-13T15:33:44.726534 Started database query for table users
2019-02-13T15:33:44.038472 Completed database query for table users
2019-02-13T15:33:43.234543 Received request from 102.23.55.32 for /example
2019-02-13T15:33:44.726534 Started database query for table users
2019-02-13T15:33:44.038472 Completed database query for table users
2019-02-13T15:33:43.234543 Received request from 102.23.55.32 for /example
2019-02-13T15:33:44.726534 Started database query for table users
2019-02-13T15:33:44.038472 Completed database query for table users
2019-02-13T15:33:43.234543 Received request from 102.23.55.32 for /example
2019-02-13T15:33:44.726534 Started database query for table users
2019-02-13T15:33:44.038472 Completed database query for table users
2019-02-13T15:33:43.234543 Received request from 102.23.55.32 for /example
2019-02-13T15:33:44.726534 Started database query for table users
2019-02-13T15:33:44.038472 Completed database query for table users
2019-02-13T15:33:43.234543 Received request from 102.23.55.32 for /example
2019-02-13T15:33:44.726534 Started database query for table users
2019-02-13T15:33:44.038472 Completed database query for table users
2019-02-13T15:33:43.234543 Received request from 102.23.55.32 for /example
2006-02-13T15:33:44.726534 Started database query for table users
2019-02-13T15:33:44.038472 Completed database query for table users
2019-02-13T15:33:43.234543 Received request from 102.23.55.32 for /example
2009-02-13T15:33:44.726534 Started database query for table users
2019-02-13T15:33:44.038472 Completed database query for table users
2019-02-13T15:33:43.234543 Received request from 102.23.55.32 for /example
2018-02-13T15:33:44.726534 Started database query for table users
2019-02-13T15:33:44.038472 Completed database query for table users
2019-02-13T15:33:43.234543 Received request from 102.23.55.32 for /example
2012-02-13T15:33:44.726534 Started database query for table users
2019-02-13T15:33:44.038472 Completed database query for table users
2019-02-13T15:33:43.234543 Received request from 102.23.55.32 for /example
2019-02-13T15:33:44.726534 Started database query for table users
2019-02-13T15:33:44.038472 Completed database query for table users
2015-02-13T15:33:43.234543 Received request from 102.23.55.32 for /example
2019-02-13T15:33:44.726534 Started database query for table users
2019-02-13T15:33:44.038472 Completed database query for table users
2019-02-13T15:33:43.234543 Received request from 102.23.55.32 for /example
2019-02-13T15:33:44.726534 Started database query for table users
2019-02-13T15:33:44.038472 Completed database query for table users
2019-02-13T15:33:43.234543 Received request from 102.23.55.32 for /example
2019-02-13T15:33:44.726534 Started database query for table users
2019-02-13T15:33:44.038472 Completed database query for table users
2019-02-13T15:33:43.234543 Received request from 102.23.55.32 for /example
2019-02-13T15:33:44.726534 Started database query for table users
2019-02-13T15:33:44.038472 Completed database query for table users
2019-02-13T15:33:43.234543 Received request from 102.23.55.32 for /example
2019-02-13T15:33:44.726534 Started database query for table users
2019-02-13T15:33:44.038472 Completed database query for table users
2019-02-13T15:33:43.234543 Received request from 102.23.55.32 for /example
2019-02-13T15:33:44.726534 Started database query for table users
2019-02-13T15:33:44.038472 Completed database query for table users
2019-02-13T15:33:43.234543 Received request from 102.23.55.32 for /example
2019-02-13T15:33:44.726534 Started database query for table users
2019-02-13T15:33:44.038472 Completed database query for table users
2019-02-13T15:33:43.234543 Received request from 102.23.55.32 for /example
2019-02-13T15:33:44.726534 Started database query for table users
2019-02-13T15:33:44.038472 Completed database query for table users
2019-02-13T15:33:43.234543 Received request from 102.23.55.32 for /example
2006-02-13T15:33:44.726534 Started database query for table users
2019-02-13T15:33:44.038472 Completed database query for table users
2019-02-13T15:33:43.234543 Received request from 102.23.55.32 for /example
2009-02-13T15:33:44.726534 Started database query for table users
2019-02-13T15:33:44.038472 Completed database query for table users
2019-02-13T15:33:43.234543 Received request from 102.23.55.32 for /example
2018-02-13T15:33:44.726534 Started database query for table users
2019-02-13T15:33:44.038472 Completed database query for table users
2019-02-13T15:33:43.234543 Received request from 102.23.55.32 for /example
2012-02-13T15:33:44.726534 Started database query for table users
2019-02-13T15:33:44.038472 Completed database query for table users
2019-02-13T15:33:43.234543 Received request from 102.23.55.32 for /example
2019-02-13T15:33:44.726534 Started database query for table users
2019-02-13T15:33:44.038472 Completed database query for table users
2015-02-13T15:33:43.234543 Received request from 102.23.55.32 for /example
2019-02-13T15:33:44.726534 Started database query for table users
2019-02-13T15:33:44.038472 Completed database query for table users
2019-02-13T15:33:43.234543 Received request from 102.23.55.32 for /example
2019-02-13T15:33:44.726534 Started database query for table users
2019-02-13T15:33:44.038472 Completed database query for table users
2019-02-13T15:33:43.234543 Received request from 102.23.55.32 for /example
2019-02-13T15:33:44.726534 Started database query for table users
2019-02-13T15:33:44.038472 Completed database query for table users
2019-02-13T15:33:43.234543 Received request from 102.23.55.32 for /example
2019-02-13T15:33:44.726534 Started database query for table users
2019-02-13T15:33:44.038472 Completed database query for table users
2019-02-13T15:33:43.234543 Received request from 102.23.55.32 for /example
2019-02-13T15:33:44.726534 Started database query for table users
2019-02-13T15:33:44.038472 Completed database query for table users
2019-02-13T15:33:43.234543 Received request from 102.23.55.32 for /example
2019-02-13T15:33:44.726534 Started database query for table users
2019-02-13T15:33:44.038472 Completed database query for table users
2019-02-13T15:33:43.234543 Received request from 102.23.55.32 for /example
2019-02-13T15:33:44.726534 Started database query for table users
2019-02-13T15:33:44.038472 Completed database query for table users
2019-02-13T15:33:43.234543 Received request from 102.23.55.32 for /example
2019-02-13T15:33:44.726534 Started database query for table users
2019-02-13T15:33:44.038472 Completed database query for table users
2019-02-13T15:33:43.234543 Received request from 102.23.55.32 for /example
2006-02-13T15:33:44.726534 Started database query for table users
2019-02-13T15:33:44.038472 Completed database query for table users
2019-02-13T15:33:43.234543 Received request from 102.23.55.32 for /example
2009-02-13T15:33:44.726534 Started database query for table users
2019-02-13T15:33:44.038472 Completed database query for table users
2019-02-13T15:33:43.234543 Received request from 102.23.55.32 for /example
2018-02-13T15:33:44.726534 Started database query for table users
2019-02-13T15:33:44.038472 Completed database query for table users
2019-02-13T15:33:43.234543 Received request from 102.23.55.32 for /example
2012-02-13T15:33:44.726534 Started database query for table users
2019-02-13T15:33:44.038472 Completed database query for table users
2019-02-13T15:33:43.234543 Received request from 102.23.55.32 for /example
2019-02-13T15:33:44.726534 Started database query for table users
2019-02-13T15:33:44.038472 Completed database query for table users
2015-02-13T15:33:43.234543 Received request from 102.23.55.32 for /example
2019-02-13T15:33:44.726534 Started database query for table users
2019-02-13T15:33:44.038472 Completed database query for table users
2019-02-13T15:33:43.234543 Received request from 102.23.55.32 for /example
2019-02-13T15:33:44.726534 Started database query for table users
2019-02-13T15:33:44.038472 Completed database query for table users
2019-02-13T15:33:43.234543 Received request from 102.23.55.32 for /example
2019-02-13T15:33:44.726534 Started database query for table users
2019-02-13T15:33:44.038472 Completed database query for table users
2019-02-13T15:33:43.234543 Received request from 102.23.55.32 for /example
2019-02-13T15:33:44.726534 Started database query for table users
2019-02-13T15:33:44.038472 Completed database query for table users
2019-02-13T15:33:43.234543 Received request from 102.23.55.32 for /example
2019-02-13T15:33:44.726534 Started database query for table users
2019-02-13T15:33:44.038472 Completed database query for table users
2019-02-13T15:33:43.234543 Received request from 102.23.55.32 for /example
2019-02-13T15:33:44.726534 Started database query for table users
2019-02-13T15:33:44.038472 Completed database query for table users
2019-02-13T15:33:43.234543 Received request from 102.23.55.32 for /example
2019-02-13T15:33:44.726534 Started database query for table users
2019-02-13T15:33:44.038472 Completed database query for table users
2019-02-13T15:33:43.234543 Received request from 102.23.55.32 for /example
2019-02-13T15:33:44.726534 Started database query for table users
2019-02-13T15:33:44.038472 Completed database query for table users
2019-02-13T15:33:43.234543 Received request from 102.23.55.32 for /example
2006-02-13T15:33:44.726534 Started database query for table users
2019-02-13T15:33:44.038472 Completed database query for table users
2019-02-13T15:33:43.234543 Received request from 102.23.55.32 for /example
2009-02-13T15:33:44.726534 Started database query for table users
2019-02-13T15:33:44.038472 Completed database query for table users
2019-02-13T15:33:43.234543 Received request from 102.23.55.32 for /example
2018-02-13T15:33:44.726534 Started database query for table users
2019-02-13T15:33:44.038472 Completed database query for table users
2019-02-13T15:33:43.234543 Received request from 102.23.55.32 for /example
2012-02-13T15:33:44.726534 Started database query for table users
2019-02-13T15:33:44.038472 Completed database query for table users
2019-02-13T15:33:43.234543 Received request from 102.23.55.32 for /example
2019-02-13T15:33:44.726534 Started database query for table users
2019-02-13T15:33:44.038472 Completed database query for table users
2015-02-13T15:33:43.234543 Received request from 102.23.55.32 for /example
2019-02-13T15:33:44.726534 Started database query for table users
2019-02-13T15:33:44.038472 Completed database query for table users
2019-02-13T15:33:43.234543 Received request from 102.23.55.32 for /example
2019-02-13T15:33:44.726534 Started database query for table users
2019-02-13T15:33:44.038472 Completed database query for table users
2019-02-13T15:33:43.234543 Received request from 102.23.55.32 for /example
2019-02-13T15:33:44.726534 Started database query for table users
2019-02-13T15:33:44.038472 Completed database query for table users
2019-02-13T15:33:43.234543 Received request from 102.23.55.32 for /example
2019-02-13T15:33:44.726534 Started database query for table users
2019-02-13T15:33:44.038472 Completed database query for table users
2019-02-13T15:33:43.234543 Received request from 102.23.55.32 for /example
2019-02-13T15:33:44.726534 Started database query for table users
2019-02-13T15:33:44.038472 Completed database query for table users
2019-02-13T15:33:43.234543 Received request from 102.23.55.32 for /example
2019-02-13T15:33:44.726534 Started database query for table users
2019-02-13T15:33:44.038472 Completed database query for table users
2019-02-13T15:33:43.234543 Received request from 102.23.55.32 for /example
2019-02-13T15:33:44.726534 Started database query for table users
2019-02-13T15:33:44.038472 Completed database query for table users
2019-02-13T15:33:43.234543 Received request from 102.23.55.32 for /example
2019-02-13T15:33:44.726534 Started database query for table users
2019-02-13T15:33:44.038472 Completed database query for table users
2019-02-13T15:33:43.234543 Received request from 102.23.55.32 for /example
2006-02-13T15:33:44.726534 Started database query for table users
2019-02-13T15:33:44.038472 Completed database query for table users
2019-02-13T15:33:43.234543 Received request from 102.23.55.32 for /example
2009-02-13T15:33:44.726534 Started database query for table users
2019-02-13T15:33:44.038472 Completed database query for table users
2019-02-13T15:33:43.234543 Received request from 102.23.55.32 for /example
2018-02-13T15:33:44.726534 Started database query for table users
2019-02-13T15:33:44.038472 Completed database query for table users
2019-02-13T15:33:43.234543 Received request from 102.23.55.32 for /example
2012-02-13T15:33:44.726534 Started database query for table users
2019-02-13T15:33:44.038472 Completed database query for table users
2019-02-13T15:33:43.234543 Received request from 102.23.55.32 for /example
2019-02-13T15:33:44.726534 Started database query for table users
2019-02-13T15:33:44.038472 Completed database query for table users
2015-02-13T15:33:43.234543 Received request from 102.23.55.32 for /example
2019-02-13T15:33:44.726534 Started database query for table users
2019-02-13T15:33:44.038472 Completed database query for table users
2019-02-13T15:33:43.234543 Received request from 102.23.55.32 for /example
2019-02-13T15:33:44.726534 Started database query for table users
2019-02-13T15:33:44.038472 Completed database query for table users
2019-02-13T15:33:43.234543 Received request from 102.23.55.32 for /example
2019-02-13T15:33:44.726534 Started database query for table users
2019-02-13T15:33:44.038472 Completed database query for table users
2019-02-13T15:33:43.234543 Received request from 102.23.55.32 for /example
2019-02-13T15:33:44.726534 Started database query for table users
2019-02-13T15:33:44.038472 Completed database query for table users
2019-02-13T15:33:43.234543 Received request from 102.23.55.32 for /example
2019-02-13T15:33:44.726534 Started database query for table users
2019-02-13T15:33:44.038472 Completed database query for table users
2019-02-13T15:33:43.234543 Received request from 102.23.55.32 for /example
2019-02-13T15:33:44.726534 Started database query for table users
2019-02-13T15:33:44.038472 Completed database query for table users
2019-02-13T15:33:43.234543 Received request from 102.23.55.32 for /example
2019-02-13T15:33:44.726534 Started database query for table users
2019-02-13T15:33:44.038472 Completed database query for table users
2019-02-13T15:33:43.234543 Received request from 102.23.55.32 for /example
2019-02-13T15:33:44.726534 Started database query for table users
2019-02-13T15:33:44.038472 Completed database query for table users
2019-02-13T15:33:43.234543 Received request from 102.23.55.32 for /example
2006-02-13T15:33:44.726534 Started database query for table users
2019-02-13T15:33:44.038472 Completed database query for table users
2019-02-13T15:33:43.234543 Received request from 102.23.55.32 for /example
2009-02-13T15:33:44.726534 Started database query for table users
2019-02-13T15:33:44.038472 Completed database query for table users
2019-02-13T15:33:43.234543 Received request from 102.23.55.32 for /example
2018-02-13T15:33:44.726534 Started database query for table users
2019-02-13T15:33:44.038472 Completed database query for table users
2019-02-13T15:33:43.234543 Received request from 102.23.55.32 for /example
2012-02-13T15:33:44.726534 Started database query for table users
2019-02-13T15:33:44.038472 Completed database query for table users
2019-02-13T15:33:43.234543 Received request from 102.23.55.32 for /example
2019-02-13T15:33:44.726534 Started database query for table users
2019-02-13T15:33:44.038472 Completed database query for table users
2015-02-13T15:33:43.234543 Received request from 102.23.55.32 for /example
2019-02-13T15:33:44.726534 Started database query for table users
2019-02-13T15:33:44.038472 Completed database query for table users
2019-02-13T15:33:43.234543 Received request from 102.23.55.32 for /example
2019-02-13T15:33:44.726534 Started database query for table users
2019-02-13T15:33:44.038472 Completed database query for table users
2019-02-13T15:33:43.234543 Received request from 102.23.55.32 for /example
2019-02-13T15:33:44.726534 Started database query for table users
2019-02-13T15:33:44.038472 Completed database query for table users
2019-02-13T15:33:43.234543 Received request from 102.23.55.32 for /example
2019-02-13T15:33:44.726534 Started database query for table users
2019-02-13T15:33:44.038472 Completed database query for table users
2019-02-13T15:33:43.234543 Received request from 102.23.55.32 for /example
2019-02-13T15:33:44.726534 Started database query for table users
2019-02-13T15:33:44.038472 Completed database query for table users
2019-02-13T15:33:43.234543 Received request from 102.23.55.32 for /example
2019-02-13T15:33:44.726534 Started database query for table users
2019-02-13T15:33:44.038472 Completed database query for table users
2019-02-13T15:33:43.234543 Received request from 102.23.55.32 for /example
2019-02-13T15:33:44.726534 Started database query for table users
2019-02-13T15:33:44.038472 Completed database query for table users
2019-02-13T15:33:43.234543 Received request from 102.23.55.32 for /example
2019-02-13T15:33:44.726534 Started database query for table users
2019-02-13T15:33:44.038472 Completed database query for table users
2019-02-13T15:33:43.234543 Received request from 102.23.55.32 for /example
2006-02-13T15:33:44.726534 Started database query for table users
2019-02-13T15:33:44.038472 Completed database query for table users
2019-02-13T15:33:43.234543 Received request from 102.23.55.32 for /example
2009-02-13T15:33:44.726534 Started database query for table users
2019-02-13T15:33:44.038472 Completed database query for table users
2019-02-13T15:33:43.234543 Received request from 102.23.55.32 for /example
2018-02-13T15:33:44.726534 Started database query for table users
2019-02-13T15:33:44.038472 Completed database query for table users
2019-02-13T15:33:43.234543 Received request from 102.23.55.32 for /example
2012-02-13T15:33:44.726534 Started database query for table users
2019-02-13T15:33:44.038472 Completed database query for table users
2019-02-13T15:33:43.234543 Received request from 102.23.55.32 for /example
2019-02-13T15:33:44.726534 Started database query for table users
2019-02-13T15:33:44.038472 Completed database query for table users
2015-02-13T15:33:43.234543 Received request from 102.23.55.32 for /example
2019-02-13T15:33:44.726534 Started database query for table users
2019-02-13T15:33:44.038472 Completed database query for table users
2019-02-13T15:33:43.234543 Received request from 102.23.55.32 for /example
2019-02-13T15:33:44.726534 Started database query for table users
2019-02-13T15:33:44.038472 Completed database query for table users
2019-02-13T15:33:43.234543 Received request from 102.23.55.32 for /example
2019-02-13T15:33:44.726534 Started database query for table users
2019-02-13T15:33:44.038472 Completed database query for table users
2019-02-13T15:33:43.234543 Received request from 102.23.55.32 for /example
2019-02-13T15:33:44.726534 Started database query for table users
2019-02-13T15:33:44.038472 Completed database query for table users
2019-02-13T15:33:43.234543 Received request from 102.23.55.32 for /example
2019-02-13T15:33:44.726534 Started database query for table users
2019-02-13T15:33:44.038472 Completed database query for table users
2019-02-13T15:33:43.234543 Received request from 102.23.55.32 for /example
2019-02-13T15:33:44.726534 Started database query for table users
2019-02-13T15:33:44.038472 Completed database query for table users
2019-02-13T15:33:43.234543 Received request from 102.23.55.32 for /example
2019-02-13T15:33:44.726534 Started database query for table users
2019-02-13T15:33:44.038472 Completed database query for table users
2019-02-13T15:33:43.234543 Received request from 102.23.55.32 for /example
2019-02-13T15:33:44.726534 Started database query for table users
2019-02-13T15:33:44.038472 Completed database query for table users
2019-02-13T15:33:43.234543 Received request from 102.23.55.32 for /example
2006-02-13T15:33:44.726534 Started database query for table users
2019-02-13T15:33:44.038472 Completed database query for table users
2019-02-13T15:33:43.234543 Received request from 102.23.55.32 for /example
2009-02-13T15:33:44.726534 Started database query for table users
2019-02-13T15:33:44.038472 Completed database query for table users
2019-02-13T15:33:43.234543 Received request from 102.23.55.32 for /example
2018-02-13T15:33:44.726534 Started database query for table users
2019-02-13T15:33:44.038472 Completed database query for table users
2019-02-13T15:33:43.234543 Received request from 102.23.55.32 for /example
2012-02-13T15:33:44.726534 Started database query for table users
2019-02-13T15:33:44.038472 Completed database query for table users
2019-02-13T15:33:43.234543 Received request from 102.23.55.32 for /example
2019-02-13T15:33:44.726534 Started database query for table users
2019-02-13T15:33:44.038472 Completed database query for table users
2015-02-13T15:33:43.234543 Received request from 102.23.55.32 for /example
2019-02-13T15:33:44.726534 Started database query for table users
2019-02-13T15:33:44.038472 Completed database query for table users
2019-02-13T15:33:43.234543 Received request from 102.23.55.32 for /example
2019-02-13T15:33:44.726534 Started database query for table users
2019-02-13T15:33:44.038472 Completed database query for table users
2019-02-13T15:33:43.234543 Received request from 102.23.55.32 for /example
2019-02-13T15:33:44.726534 Started database query for table users
2019-02-13T15:33:44.038472 Completed database query for table users
2019-02-13T15:33:43.234543 Received request from 102.23.55.32 for /example
2019-02-13T15:33:44.726534 Started database query for table users
2019-02-13T15:33:44.038472 Completed database query for table users
2019-02-13T15:33:43.234543 Received request from 102.23.55.32 for /example
2019-02-13T15:33:44.726534 Started database query for table users
2019-02-13T15:33:44.038472 Completed database query for table users
2019-02-13T15:33:43.234543 Received request from 102.23.55.32 for /example
2019-02-13T15:33:44.726534 Started database query for table users
2019-02-13T15:33:44.038472 Completed database query for table users
2019-02-13T15:33:43.234543 Received request from 102.23.55.32 for /example
2019-02-13T15:33:44.726534 Started database query for table users
2019-02-13T15:33:44.038472 Completed database query for table users
2019-02-13T15:33:43.234543 Received request from 102.23.55.32 for /example
2019-02-13T15:33:44.726534 Started database query for table users
2019-02-13T15:33:44.038472 Completed database query for table users
2019-02-13T15:33:43.234543 Received request from 102.23.55.32 for /example
2006-02-13T15:33:44.726534 Started database query for table users
2019-02-13T15:33:44.038472 Completed database query for table users
2019-02-13T15:33:43.234543 Received request from 102.23.55.32 for /example
2009-02-13T15:33:44.726534 Started database query for table users
2019-02-13T15:33:44.038472 Completed database query for table users
2019-02-13T15:33:43.234543 Received request from 102.23.55.32 for /example
2018-02-13T15:33:44.726534 Started database query for table users
2019-02-13T15:33:44.038472 Completed database query for table users
2019-02-13T15:33:43.234543 Received request from 102.23.55.32 for /example
2012-02-13T15:33:44.726534 Started database query for table users
2019-02-13T15:33:44.038472 Completed database query for table users
2019-02-13T15:33:43.234543 Received request from 102.23.55.32 for /example
2019-02-13T15:33:44.726534 Started database query for table users
2019-02-13T15:33:44.038472 Completed database query for table users
2015-02-13T15:33:43.234543 Received request from 102.23.55.32 for /example
2019-02-13T15:33:44.726534 Started database query for table users
2019-02-13T15:33:44.038472 Completed database query for table users
2019-02-13T15:33:43.234543 Received request from 102.23.55.32 for /example
2019-02-13T15:33:44.726534 Started database query for table users
2019-02-13T15:33:44.038472 Completed database query for table users
2019-02-13T15:33:43.234543 Received request from 102.23.55.32 for /example
2019-02-13T15:33:44.726534 Started database query for table users
2019-02-13T15:33:44.038472 Completed database query for table users
2019-02-13T15:33:43.234543 Received request from 102.23.55.32 for /example
2019-02-13T15:33:44.726534 Started database query for table users
2019-02-13T15:33:44.038472 Completed database query for table users
2019-02-13T15:33:43.234543 Received request from 102.23.55.32 for /example
2019-02-13T15:33:44.726534 Started database query for table users
2019-02-13T15:33:44.038472 Completed database query for table users
2019-02-13T15:33:43.234543 Received request from 102.23.55.32 for /example
2019-02-13T15:33:44.726534 Started database query for table users
2019-02-13T15:33:44.038472 Completed database query for table users
2019-02-13T15:33:43.234543 Received request from 102.23.55.32 for /example
2019-02-13T15:33:44.726534 Started database query for table users
2019-02-13T15:33:44.038472 Completed database query for table users
2019-02-13T15:33:43.234543 Received request from 102.23.55.32 for /example
2019-02-13T15:33:44.726534 Started database query for table users
2019-02-13T15:33:44.038472 Completed database query for table users
2019-02-13T15:33:43.234543 Received request from 102.23.55.32 for /example
2006-02-13T15:33:44.726534 Started database query for table users
2019-02-13T15:33:44.038472 Completed database query for table users
2019-02-13T15:33:43.234543 Received request from 102.23.55.32 for /example
2009-02-13T15:33:44.726534 Started database query for table users
2019-02-13T15:33:44.038472 Completed database query for table users
2019-02-13T15:33:43.234543 Received request from 102.23.55.32 for /example
2018-02-13T15:33:44.726534 Started database query for table users
2019-02-13T15:33:44.038472 Completed database query for table users
2019-02-13T15:33:43.234543 Received request from 102.23.55.32 for /example
2012-02-13T15:33:44.726534 Started database query for table users
2019-02-13T15:33:44.038472 Completed database query for table users
2019-02-13T15:33:43.234543 Received request from 102.23.55.32 for /example
2019-02-13T15:33:44.726534 Started database query for table users
2019-02-13T15:33:44.038472 Completed database query for table users
2015-02-13T15:33:43.234543 Received request from 102.23.55.32 for /example
2019-02-13T15:33:44.726534 Started database query for table users
2019-02-13T15:33:44.038472 Completed database query for table users
2019-02-13T15:33:43.234543 Received request from 102.23.55.32 for /example
2019-02-13T15:33:44.726534 Started database query for table users
2019-02-13T15:33:44.038472 Completed database query for table users
2019-02-13T15:33:43.234543 Received request from 102.23.55.32 for /example
2019-02-13T15:33:44.726534 Started database query for table users
2019-02-13T15:33:44.038472 Completed database query for table users
2019-02-13T15:33:43.234543 Received request from 102.23.55.32 for /example
2019-02-13T15:33:44.726534 Started database query for table users
2019-02-13T15:33:44.038472 Completed database query for table users
2019-02-13T15:33:43.234543 Received request from 102.23.55.32 for /example
2019-02-13T15:33:44.726534 Started database query for table users
2019-02-13T15:33:44.038472 Completed database query for table users
2019-02-13T15:33:43.234543 Received request from 102.23.55.32 for /example
2019-02-13T15:33:44.726534 Started database query for table users
2019-02-13T15:33:44.038472 Completed database query for table users
2019-02-13T15:33:43.234543 Received request from 102.23.55.32 for /example
2019-02-13T15:33:44.726534 Started database query for table users
2019-02-13T15:33:44.038472 Completed database query for table users
2019-02-13T15:33:43.234543 Received request from 102.23.55.32 for /example
2019-02-13T15:33:44.726534 Started database query for table users
2019-02-13T15:33:44.038472 Completed database query for table users
2019-02-13T15:33:43.234543 Received request from 102.23.55.32 for /example
2006-02-13T15:33:44.726534 Started database query for table users
2019-02-13T15:33:44.038472 Completed database query for table users
2019-02-13T15:33:43.234543 Received request from 102.23.55.32 for /example
2009-02-13T15:33:44.726534 Started database query for table users
2019-02-13T15:33:44.038472 Completed database query for table users
2019-02-13T15:33:43.234543 Received request from 102.23.55.32 for /example
2018-02-13T15:33:44.726534 Started database query for table users
2019-02-13T15:33:44.038472 Completed database query for table users
2019-02-13T15:33:43.234543 Received request from 102.23.55.32 for /example
2012-02-13T15:33:44.726534 Started database query for table users
2019-02-13T15:33:44.038472 Completed database query for table users
2019-02-13T15:33:43.234543 Received request from 102.23.55.32 for /example
2019-02-13T15:33:44.726534 Started database query for table users
2019-02-13T15:33:44.038472 Completed database query for table users
2015-02-13T15:33:43.234543 Received request from 102.23.55.32 for /example
2019-02-13T15:33:44.726534 Started database query for table users
2019-02-13T15:33:44.038472 Completed database query for table users
2019-02-13T15:33:43.234543 Received request from 102.23.55.32 for /example
2019-02-13T15:33:44.726534 Started database query for table users
2019-02-13T15:33:44.038472 Completed database query for table users
2019-02-13T15:33:43.234543 Received request from 102.23.55.32 for /example
2019-02-13T15:33:44.726534 Started database query for table users
2019-02-13T15:33:44.038472 Completed database query for table users
2019-02-13T15:33:43.234543 Received request from 102.23.55.32 for /example
2019-02-13T15:33:44.726534 Started database query for table users
2019-02-13T15:33:44.038472 Completed database query for table users
2019-02-13T15:33:43.234543 Received request from 102.23.55.32 for /example
2019-02-13T15:33:44.726534 Started database query for table users
2019-02-13T15:33:44.038472 Completed database query for table users
2019-02-13T15:33:43.234543 Received request from 102.23.55.32 for /example
2019-02-13T15:33:44.726534 Started database query for table users
2019-02-13T15:33:44.038472 Completed database query for table users
2019-02-13T15:33:43.234543 Received request from 102.23.55.32 for /example
2019-02-13T15:33:44.726534 Started database query for table users
2019-02-13T15:33:44.038472 Completed database query for table users
2019-02-13T15:33:43.234543 Received request from 102.23.55.32 for /example
2019-02-13T15:33:44.726534 Started database query for table users
2019-02-13T15:33:44.038472 Completed database query for table users
2019-02-13T15:33:43.234543 Received request from 102.23.55.32 for /example
2006-02-13T15:33:44.726534 Started database query for table users
2019-02-13T15:33:44.038472 Completed database query for table users
2019-02-13T15:33:43.234543 Received request from 102.23.55.32 for /example
2009-02-13T15:33:44.726534 Started database query for table users
2019-02-13T15:33:44.038472 Completed database query for table users
2019-02-13T15:33:43.234543 Received request from 102.23.55.32 for /example
2018-02-13T15:33:44.726534 Started database query for table users
2019-02-13T15:33:44.038472 Completed database query for table users
2019-02-13T15:33:43.234543 Received request from 102.23.55.32 for /example
2012-02-13T15:33:44.726534 Started database query for table users
2019-02-13T15:33:44.038472 Completed database query for table users
2019-02-13T15:33:43.234543 Received request from 102.23.55.32 for /example
2019-02-13T15:33:44.726534 Started database query for table users
2019-02-13T15:33:44.038472 Completed database query for table users
2015-02-13T15:33:43.234543 Received request from 102.23.55.32 for /example
2019-02-13T15:33:44.726534 Started database query for table users
2019-02-13T15:33:44.038472 Completed database query for table users
2019-02-13T15:33:43.234543 Received request from 102.23.55.32 for /example
2019-02-13T15:33:44.726534 Started database query for table users
2019-02-13T15:33:44.038472 Completed database query for table users
2019-02-13T15:33:43.234543 Received request from 102.23.55.32 for /example
2019-02-13T15:33:44.726534 Started database query for table users
2019-02-13T15:33:44.038472 Completed database query for table users
2019-02-13T15:33:43.234543 Received request from 102.23.55.32 for /example
2019-02-13T15:33:44.726534 Started database query for table users
2019-02-13T15:33:44.038472 Completed database query for table users
2019-02-13T15:33:43.234543 Received request from 102.23.55.32 for /example
2019-02-13T15:33:44.726534 Started database query for table users
2019-02-13T15:33:44.038472 Completed database query for table users
2019-02-13T15:33:43.234543 Received request from 102.23.55.32 for /example
2019-02-13T15:33:44.726534 Started database query for table users
2019-02-13T15:33:44.038472 Completed database query for table users
2019-02-13T15:33:43.234543 Received request from 102.23.55.32 for /example
2019-02-13T15:33:44.726534 Started database query for table users
2019-02-13T15:33:44.038472 Completed database query for table users
2019-02-13T15:33:43.234543 Received request from 102.23.55.32 for /example
2019-02-13T15:33:44.726534 Started database query for table users
2019-02-13T15:33:44.038472 Completed database query for table users
2019-02-13T15:33:43.234543 Received request from 102.23.55.32 for /example
2006-02-13T15:33:44.726534 Started database query for table users
2019-02-13T15:33:44.038472 Completed database query for table users
2019-02-13T15:33:43.234543 Received request from 102.23.55.32 for /example
2009-02-13T15:33:44.726534 Started database query for table users
2019-02-13T15:33:44.038472 Completed database query for table users
2019-02-13T15:33:43.234543 Received request from 102.23.55.32 for /example
2018-02-13T15:33:44.726534 Started database query for table users
2019-02-13T15:33:44.038472 Completed database query for table users
2019-02-13T15:33:43.234543 Received request from 102.23.55.32 for /example
2012-02-13T15:33:44.726534 Started database query for table users
2019-02-13T15:33:44.038472 Completed database query for table users
2019-02-13T15:33:43.234543 Received request from 102.23.55.32 for /example
2019-02-13T15:33:44.726534 Started database query for table users
2019-02-13T15:33:44.038472 Completed database query for table users
2015-02-13T15:33:43.234543 Received request from 102.23.55.32 for /example
2019-02-13T15:33:44.726534 Started database query for table users
2019-02-13T15:33:44.038472 Completed database query for table users
2019-02-13T15:33:43.234543 Received request from 102.23.55.32 for /example
2019-02-13T15:33:44.726534 Started database query for table users
2019-02-13T15:33:44.038472 Completed database query for table users
2019-02-13T15:33:43.234543 Received request from 102.23.55.32 for /example
2019-02-13T15:33:44.726534 Started database query for table users
2019-02-13T15:33:44.038472 Completed database query for table users
2019-02-13T15:33:43.234543 Received request from 102.23.55.32 for /example
2019-02-13T15:33:44.726534 Started database query for table users
2019-02-13T15:33:44.038472 Completed database query for table users
2019-02-13T15:33:43.234543 Received request from 102.23.55.32 for /example
2019-02-13T15:33:44.726534 Started database query for table users
2019-02-13T15:33:44.038472 Completed database query for table users
2019-02-13T15:33:43.234543 Received request from 102.23.55.32 for /example
2019-02-13T15:33:44.726534 Started database query for table users
2019-02-13T15:33:44.038472 Completed database query for table users
2019-02-13T15:33:43.234543 Received request from 102.23.55.32 for /example
2019-02-13T15:33:44.726534 Started database query for table users
2019-02-13T15:33:44.038472 Completed database query for table users
2019-02-13T15:33:43.234543 Received request from 102.23.55.32 for /example
2019-02-13T15:33:44.726534 Started database query for table users
2019-02-13T15:33:44.038472 Completed database query for table users
2019-02-13T15:33:43.234543 Received request from 102.23.55.32 for /example
2006-02-13T15:33:44.726534 Started database query for table users
2019-02-13T15:33:44.038472 Completed database query for table users
2019-02-13T15:33:43.234543 Received request from 102.23.55.32 for /example
2009-02-13T15:33:44.726534 Started database query for table users
2019-02-13T15:33:44.038472 Completed database query for table users
2019-02-13T15:33:43.234543 Received request from 102.23.55.32 for /example
2018-02-13T15:33:44.726534 Started database query for table users
2019-02-13T15:33:44.038472 Completed database query for table users
2019-02-13T15:33:43.234543 Received request from 102.23.55.32 for /example
2012-02-13T15:33:44.726534 Started database query for table users
2019-02-13T15:33:44.038472 Completed database query for table users
2019-02-13T15:33:43.234543 Received request from 102.23.55.32 for /example
2019-02-13T15:33:44.726534 Started database query for table users
2019-02-13T15:33:44.038472 Completed database query for table users
2015-02-13T15:33:43.234543 Received request from 102.23.55.32 for /example
2019-02-13T15:33:44.726534 Started database query for table users
2019-02-13T15:33:44.038472 Completed database query for table users
2019-02-13T15:33:43.234543 Received request from 102.23.55.32 for /example
2019-02-13T15:33:44.726534 Started database query for table users
2019-02-13T15:33:44.038472 Completed database query for table users
2019-02-13T15:33:43.234543 Received request from 102.23.55.32 for /example
2019-02-13T15:33:44.726534 Started database query for table users
2019-02-13T15:33:44.038472 Completed database query for table users
2019-02-13T15:33:43.234543 Received request from 102.23.55.32 for /example
2019-02-13T15:33:44.726534 Started database query for table users
2019-02-13T15:33:44.038472 Completed database query for table users
2019-02-13T15:33:43.234543 Received request from 102.23.55.32 for /example
2019-02-13T15:33:44.726534 Started database query for table users
2019-02-13T15:33:44.038472 Completed database query for table users
2019-02-13T15:33:43.234543 Received request from 102.23.55.32 for /example
2019-02-13T15:33:44.726534 Started database query for table users
2019-02-13T15:33:44.038472 Completed database query for table users
2019-02-13T15:33:43.234543 Received request from 102.23.55.32 for /example
2019-02-13T15:33:44.726534 Started database query for table users
2019-02-13T15:33:44.038472 Completed database query for table users
2019-02-13T15:33:43.234543 Received request from 102.23.55.32 for /example
2019-02-13T15:33:44.726534 Started database query for table users
2019-02-13T15:33:44.038472 Completed database query for table users
2019-02-13T15:33:43.234543 Received request from 102.23.55.32 for /example
2006-02-13T15:33:44.726534 Started database query for table users
2019-02-13T15:33:44.038472 Completed database query for table users
2019-02-13T15:33:43.234543 Received request from 102.23.55.32 for /example
2009-02-13T15:33:44.726534 Started database query for table users
2019-02-13T15:33:44.038472 Completed database query for table users
2019-02-13T15:33:43.234543 Received request from 102.23.55.32 for /example
2018-02-13T15:33:44.726534 Started database query for table users
2019-02-13T15:33:44.038472 Completed database query for table users
2019-02-13T15:33:43.234543 Received request from 102.23.55.32 for /example
2012-02-13T15:33:44.726534 Started database query for table users
2019-02-13T15:33:44.038472 Completed database query for table users
2019-02-13T15:33:43.234543 Received request from 102.23.55.32 for /example
2019-02-13T15:33:44.726534 Started database query for table users
2019-02-13T15:33:44.038472 Completed database query for table users
2015-02-13T15:33:43.234543 Received request from 102.23.55.32 for /example
2019-02-13T15:33:44.726534 Started database query for table users
2019-02-13T15:33:44.038472 Completed database query for table users
2019-02-13T15:33:43.234543 Received request from 102.23.55.32 for /example
2019-02-13T15:33:44.726534 Started database query for table users
2019-02-13T15:33:44.038472 Completed database query for table users
2019-02-13T15:33:43.234543 Received request from 102.23.55.32 for /example
2019-02-13T15:33:44.726534 Started database query for table users
2019-02-13T15:33:44.038472 Completed database query for table users
2019-02-13T15:33:43.234543 Received request from 102.23.55.32 for /example
2019-02-13T15:33:44.726534 Started database query for table users
2019-02-13T15:33:44.038472 Completed database query for table users
2019-02-13T15:33:43.234543 Received request from 102.23.55.32 for /example
2019-02-13T15:33:44.726534 Started database query for table users
2019-02-13T15:33:44.038472 Completed database query for table users
2019-02-13T15:33:43.234543 Received request from 102.23.55.32 for /example
2019-02-13T15:33:44.726534 Started database query for table users
2019-02-13T15:33:44.038472 Completed database query for table users
2019-02-13T15:33:43.234543 Received request from 102.23.55.32 for /example
2019-02-13T15:33:44.726534 Started database query for table users
2019-02-13T15:33:44.038472 Completed database query for table users
2019-02-13T15:33:43.234543 Received request from 102.23.55.32 for /example
2019-02-13T15:33:44.726534 Started database query for table users
2019-02-13T15:33:44.038472 Completed database query for table users
2019-02-13T15:33:43.234543 Received request from 102.23.55.32 for /example
2006-02-13T15:33:44.726534 Started database query for table users
2019-02-13T15:33:44.038472 Completed database query for table users
2019-02-13T15:33:43.234543 Received request from 102.23.55.32 for /example
2009-02-13T15:33:44.726534 Started database query for table users
2019-02-13T15:33:44.038472 Completed database query for table users
2019-02-13T15:33:43.234543 Received request from 102.23.55.32 for /example
2018-02-13T15:33:44.726534 Started database query for table users
2019-02-13T15:33:44.038472 Completed database query for table users
2019-02-13T15:33:43.234543 Received request from 102.23.55.32 for /example
2012-02-13T15:33:44.726534 Started database query for table users
2019-02-13T15:33:44.038472 Completed database query for table users
2019-02-13T15:33:43.234543 Received request from 102.23.55.32 for /example
2019-02-13T15:33:44.726534 Started database query for table users
2019-02-13T15:33:44.038472 Completed database query for table users
2015-02-13T15:33:43.234543 Received request from 102.23.55.32 for /example
2019-02-13T15:33:44.726534 Started database query for table users
2019-02-13T15:33:44.038472 Completed database query for table users
2019-02-13T15:33:43.234543 Received request from 102.23.55.32 for /example
2019-02-13T15:33:44.726534 Started database query for table users
2019-02-13T15:33:44.038472 Completed database query for table users
2019-02-13T15:33:43.234543 Received request from 102.23.55.32 for /example
2019-02-13T15:33:44.726534 Started database query for table users
2019-02-13T15:33:44.038472 Completed database query for table users
2019-02-13T15:33:43.234543 Received request from 102.23.55.32 for /example
2019-02-13T15:33:44.726534 Started database query for table users
2019-02-13T15:33:44.038472 Completed database query for table users
2019-02-13T15:33:43.234543 Received request from 102.23.55.32 for /example
2019-02-13T15:33:44.726534 Started database query for table users
2019-02-13T15:33:44.038472 Completed database query for table users
2019-02-13T15:33:43.234543 Received request from 102.23.55.32 for /example
2019-02-13T15:33:44.726534 Started database query for table users
2019-02-13T15:33:44.038472 Completed database query for table users
2019-02-13T15:33:43.234543 Received request from 102.23.55.32 for /example
2019-02-13T15:33:44.726534 Started database query for table users
2019-02-13T15:33:44.038472 Completed database query for table users
2019-02-13T15:33:43.234543 Received request from 102.23.55.32 for /example
2019-02-13T15:33:44.726534 Started database query for table users
2019-02-13T15:33:44.038472 Completed database query for table users
2019-02-13T15:33:43.234543 Received request from 102.23.55.32 for /example
2006-02-13T15:33:44.726534 Started database query for table users
2019-02-13T15:33:44.038472 Completed database query for table users
2019-02-13T15:33:43.234543 Received request from 102.23.55.32 for /example
2009-02-13T15:33:44.726534 Started database query for table users
2019-02-13T15:33:44.038472 Completed database query for table users
2019-02-13T15:33:43.234543 Received request from 102.23.55.32 for /example
2018-02-13T15:33:44.726534 Started database query for table users
2019-02-13T15:33:44.038472 Completed database query for table users
2019-02-13T15:33:43.234543 Received request from 102.23.55.32 for /example
2012-02-13T15:33:44.726534 Started database query for table users
2019-02-13T15:33:44.038472 Completed database query for table users
2019-02-13T15:33:43.234543 Received request from 102.23.55.32 for /example
2019-02-13T15:33:44.726534 Started database query for table users
2019-02-13T15:33:44.038472 Completed database query for table users
2015-02-13T15:33:43.234543 Received request from 102.23.55.32 for /example
2019-02-13T15:33:44.726534 Started database query for table users
2019-02-13T15:33:44.038472 Completed database query for table users
2019-02-13T15:33:43.234543 Received request from 102.23.55.32 for /example
2019-02-13T15:33:44.726534 Started database query for table users
2019-02-13T15:33:44.038472 Completed database query for table users
2019-02-13T15:33:43.234543 Received request from 102.23.55.32 for /example
2019-02-13T15:33:44.726534 Started database query for table users
2019-02-13T15:33:44.038472 Completed database query for table users
2019-02-13T15:33:43.234543 Received request from 102.23.55.32 for /example
2019-02-13T15:33:44.726534 Started database query for table users
2019-02-13T15:33:44.038472 Completed database query for table users
2019-02-13T15:33:43.234543 Received request from 102.23.55.32 for /example
2019-02-13T15:33:44.726534 Started database query for table users
2019-02-13T15:33:44.038472 Completed database query for table users
2019-02-13T15:33:43.234543 Received request from 102.23.55.32 for /example
2019-02-13T15:33:44.726534 Started database query for table users
2019-02-13T15:33:44.038472 Completed database query for table users
2019-02-13T15:33:43.234543 Received request from 102.23.55.32 for /example
2019-02-13T15:33:44.726534 Started database query for table users
2019-02-13T15:33:44.038472 Completed database query for table users
2019-02-13T15:33:43.234543 Received request from 102.23.55.32 for /example
2019-02-13T15:33:44.726534 Started database query for table users
2019-02-13T15:33:44.038472 Completed database query for table users
2019-02-13T15:33:43.234543 Received request from 102.23.55.32 for /example
2006-02-13T15:33:44.726534 Started database query for table users
2019-02-13T15:33:44.038472 Completed database query for table users
2019-02-13T15:33:43.234543 Received request from 102.23.55.32 for /example
2009-02-13T15:33:44.726534 Started database query for table users
2019-02-13T15:33:44.038472 Completed database query for table users
2019-02-13T15:33:43.234543 Received request from 102.23.55.32 for /example
2018-02-13T15:33:44.726534 Started database query for table users
2019-02-13T15:33:44.038472 Completed database query for table users
2019-02-13T15:33:43.234543 Received request from 102.23.55.32 for /example
2012-02-13T15:33:44.726534 Started database query for table users
2019-02-13T15:33:44.038472 Completed database query for table users
2019-02-13T15:33:43.234543 Received request from 102.23.55.32 for /example
2019-02-13T15:33:44.726534 Started database query for table users
2019-02-13T15:33:44.038472 Completed database query for table users
2015-02-13T15:33:43.234543 Received request from 102.23.55.32 for /example
2019-02-13T15:33:44.726534 Started database query for table users
2019-02-13T15:33:44.038472 Completed database query for table users
2019-02-13T15:33:43.234543 Received request from 102.23.55.32 for /example
2019-02-13T15:33:44.726534 Started database query for table users
2019-02-13T15:33:44.038472 Completed database query for table users
2019-02-13T15:33:43.234543 Received request from 102.23.55.32 for /example
2019-02-13T15:33:44.726534 Started database query for table users
2019-02-13T15:33:44.038472 Completed database query for table users
2019-02-13T15:33:43.234543 Received request from 102.23.55.32 for /example
2019-02-13T15:33:44.726534 Started database query for table users
2019-02-13T15:33:44.038472 Completed database query for table users
2019-02-13T15:33:43.234543 Received request from 102.23.55.32 for /example
2019-02-13T15:33:44.726534 Started database query for table users
2019-02-13T15:33:44.038472 Completed database query for table users
2019-02-13T15:33:43.234543 Received request from 102.23.55.32 for /example
2019-02-13T15:33:44.726534 Started database query for table users
2019-02-13T15:33:44.038472 Completed database query for table users
2019-02-13T15:33:43.234543 Received request from 102.23.55.32 for /example
2019-02-13T15:33:44.726534 Started database query for table users
2019-02-13T15:33:44.038472 Completed database query for table users
2019-02-13T15:33:43.234543 Received request from 102.23.55.32 for /example
2019-02-13T15:33:44.726534 Started database query for table users
2019-02-13T15:33:44.038472 Completed database query for table users
2019-02-13T15:33:43.234543 Received request from 102.23.55.32 for /example
2006-02-13T15:33:44.726534 Started database query for table users
2019-02-13T15:33:44.038472 Completed database query for table users
2019-02-13T15:33:43.234543 Received request from 102.23.55.32 for /example
2009-02-13T15:33:44.726534 Started database query for table users
2019-02-13T15:33:44.038472 Completed database query for table users
2019-02-13T15:33:43.234543 Received request from 102.23.55.32 for /example
2018-02-13T15:33:44.726534 Started database query for table users
2019-02-13T15:33:44.038472 Completed database query for table users
2019-02-13T15:33:43.234543 Received request from 102.23.55.32 for /example
2012-02-13T15:33:44.726534 Started database query for table users
2019-02-13T15:33:44.038472 Completed database query for table users
2019-02-13T15:33:43.234543 Received request from 102.23.55.32 for /example
2019-02-13T15:33:44.726534 Started database query for table users
2019-02-13T15:33:44.038472 Completed database query for table users
2015-02-13T15:33:43.234543 Received request from 102.23.55.32 for /example
2019-02-13T15:33:44.726534 Started database query for table users
2019-02-13T15:33:44.038472 Completed database query for table users
2019-02-13T15:33:43.234543 Received request from 102.23.55.32 for /example
2019-02-13T15:33:44.726534 Started database query for table users
2019-02-13T15:33:44.038472 Completed database query for table users
2019-02-13T15:33:43.234543 Received request from 102.23.55.32 for /example
2019-02-13T15:33:44.726534 Started database query for table users
2019-02-13T15:33:44.038472 Completed database query for table users
2019-02-13T15:33:43.234543 Received request from 102.23.55.32 for /example
2019-02-13T15:33:44.726534 Started database query for table users
2019-02-13T15:33:44.038472 Completed database query for table users
2019-02-13T15:33:43.234543 Received request from 102.23.55.32 for /example
2019-02-13T15:33:44.726534 Started database query for table users
2019-02-13T15:33:44.038472 Completed database query for table users
2019-02-13T15:33:43.234543 Received request from 102.23.55.32 for /example
2019-02-13T15:33:44.726534 Started database query for table users
2019-02-13T15:33:44.038472 Completed database query for table users
2019-02-13T15:33:43.234543 Received request from 102.23.55.32 for /example
2019-02-13T15:33:44.726534 Started database query for table users
2019-02-13T15:33:44.038472 Completed database query for table users
2019-02-13T15:33:43.234543 Received request from 102.23.55.32 for /example
2019-02-13T15:33:44.726534 Started database query for table users
2019-02-13T15:33:44.038472 Completed database query for table users
2019-02-13T15:33:43.234543 Received request from 102.23.55.32 for /example
2006-02-13T15:33:44.726534 Started database query for table users
2019-02-13T15:33:44.038472 Completed database query for table users
2019-02-13T15:33:43.234543 Received request from 102.23.55.32 for /example
2009-02-13T15:33:44.726534 Started database query for table users
2019-02-13T15:33:44.038472 Completed database query for table users
2019-02-13T15:33:43.234543 Received request from 102.23.55.32 for /example
2018-02-13T15:33:44.726534 Started database query for table users
2019-02-13T15:33:44.038472 Completed database query for table users
2019-02-13T15:33:43.234543 Received request from 102.23.55.32 for /example
2012-02-13T15:33:44.726534 Started database query for table users
2019-02-13T15:33:44.038472 Completed database query for table users
2019-02-13T15:33:43.234543 Received request from 102.23.55.32 for /example
2019-02-13T15:33:44.726534 Started database query for table users
2019-02-13T15:33:44.038472 Completed database query for table users
2015-02-13T15:33:43.234543 Received request from 102.23.55.32 for /example
2019-02-13T15:33:44.726534 Started database query for table users
2019-02-13T15:33:44.038472 Completed database query for table users
2019-02-13T15:33:43.234543 Received request from 102.23.55.32 for /example
2019-02-13T15:33:44.726534 Started database query for table users
2019-02-13T15:33:44.038472 Completed database query for table users
2019-02-13T15:33:43.234543 Received request from 102.23.55.32 for /example
2019-02-13T15:33:44.726534 Started database query for table users
2019-02-13T15:33:44.038472 Completed database query for table users
2019-02-13T15:33:43.234543 Received request from 102.23.55.32 for /example
2019-02-13T15:33:44.726534 Started database query for table users
2019-02-13T15:33:44.038472 Completed database query for table users
2019-02-13T15:33:43.234543 Received request from 102.23.55.32 for /example
2019-02-13T15:33:44.726534 Started database query for table users
2019-02-13T15:33:44.038472 Completed database query for table users
2019-02-13T15:33:43.234543 Received request from 102.23.55.32 for /example
2019-02-13T15:33:44.726534 Started database query for table users
2019-02-13T15:33:44.038472 Completed database query for table users
2019-02-13T15:33:43.234543 Received request from 102.23.55.32 for /example
2019-02-13T15:33:44.726534 Started database query for table users
2019-02-13T15:33:44.038472 Completed database query for table users
2019-02-13T15:33:43.234543 Received request from 102.23.55.32 for /example
2019-02-13T15:33:44.726534 Started database query for table users
2019-02-13T15:33:44.038472 Completed database query for table users
2019-02-13T15:33:43.234543 Received request from 102.23.55.32 for /example
2006-02-13T15:33:44.726534 Started database query for table users
2019-02-13T15:33:44.038472 Completed database query for table users
2019-02-13T15:33:43.234543 Received request from 102.23.55.32 for /example
2009-02-13T15:33:44.726534 Started database query for table users
2019-02-13T15:33:44.038472 Completed database query for table users
2019-02-13T15:33:43.234543 Received request from 102.23.55.32 for /example
2018-02-13T15:33:44.726534 Started database query for table users
2019-02-13T15:33:44.038472 Completed database query for table users
2019-02-13T15:33:43.234543 Received request from 102.23.55.32 for /example
2012-02-13T15:33:44.726534 Started database query for table users
2019-02-13T15:33:44.038472 Completed database query for table users
2019-02-13T15:33:43.234543 Received request from 102.23.55.32 for /example
2019-02-13T15:33:44.726534 Started database query for table users
2019-02-13T15:33:44.038472 Completed database query for table users
2015-02-13T15:33:43.234543 Received request from 102.23.55.32 for /example
2019-02-13T15:33:44.726534 Started database query for table users
2019-02-13T15:33:44.038472 Completed database query for table users
2019-02-13T15:33:43.234543 Received request from 102.23.55.32 for /example
2019-02-13T15:33:44.726534 Started database query for table users
2019-02-13T15:33:44.038472 Completed database query for table users
2019-02-13T15:33:43.234543 Received request from 102.23.55.32 for /example
2019-02-13T15:33:44.726534 Started database query for table users
2019-02-13T15:33:44.038472 Completed database query for table users
2019-02-13T15:33:43.234543 Received request from 102.23.55.32 for /example
2019-02-13T15:33:44.726534 Started database query for table users
2019-02-13T15:33:44.038472 Completed database query for table users
2019-02-13T15:33:43.234543 Received request from 102.23.55.32 for /example
2019-02-13T15:33:44.726534 Started database query for table users
2019-02-13T15:33:44.038472 Completed database query for table users
2019-02-13T15:33:43.234543 Received request from 102.23.55.32 for /example
2019-02-13T15:33:44.726534 Started database query for table users
2019-02-13T15:33:44.038472 Completed database query for table users
2019-02-13T15:33:43.234543 Received request from 102.23.55.32 for /example
2019-02-13T15:33:44.726534 Started database query for table users
2019-02-13T15:33:44.038472 Completed database query for table users
2019-02-13T15:33:43.234543 Received request from 102.23.55.32 for /example
2019-02-13T15:33:44.726534 Started database query for table users
2019-02-13T15:33:44.038472 Completed database query for table users
2019-02-13T15:33:43.234543 Received request from 102.23.55.32 for /example
2006-02-13T15:33:44.726534 Started database query for table users
2019-02-13T15:33:44.038472 Completed database query for table users
2019-02-13T15:33:43.234543 Received request from 102.23.55.32 for /example
2009-02-13T15:33:44.726534 Started database query for table users
2019-02-13T15:33:44.038472 Completed database query for table users
2019-02-13T15:33:43.234543 Received request from 102.23.55.32 for /example
2018-02-13T15:33:44.726534 Started database query for table users
2019-02-13T15:33:44.038472 Completed database query for table users
2019-02-13T15:33:43.234543 Received request from 102.23.55.32 for /example
2012-02-13T15:33:44.726534 Started database query for table users
2019-02-13T15:33:44.038472 Completed database query for table users
2019-02-13T15:33:43.234543 Received request from 102.23.55.32 for /example
2019-02-13T15:33:44.726534 Started database query for table users
2019-02-13T15:33:44.038472 Completed database query for table users
2015-02-13T15:33:43.234543 Received request from 102.23.55.32 for /example
2019-02-13T15:33:44.726534 Started database query for table users
2019-02-13T15:33:44.038472 Completed database query for table users
2019-02-13T15:33:43.234543 Received request from 102.23.55.32 for /example
2019-02-13T15:33:44.726534 Started database query for table users
2019-02-13T15:33:44.038472 Completed database query for table users
2019-02-13T15:33:43.234543 Received request from 102.23.55.32 for /example
2019-02-13T15:33:44.726534 Started database query for table users
2019-02-13T15:33:44.038472 Completed database query for table users
2019-02-13T15:33:43.234543 Received request from 102.23.55.32 for /example
2019-02-13T15:33:44.726534 Started database query for table users
2019-02-13T15:33:44.038472 Completed database query for table users
2019-02-13T15:33:43.234543 Received request from 102.23.55.32 for /example
2019-02-13T15:33:44.726534 Started database query for table users
2019-02-13T15:33:44.038472 Completed database query for table users
2019-02-13T15:33:43.234543 Received request from 102.23.55.32 for /example
2019-02-13T15:33:44.726534 Started database query for table users
2019-02-13T15:33:44.038472 Completed database query for table users
2019-02-13T15:33:43.234543 Received request from 102.23.55.32 for /example
2019-02-13T15:33:44.726534 Started database query for table users
2019-02-13T15:33:44.038472 Completed database query for table users
2019-02-13T15:33:43.234543 Received request from 102.23.55.32 for /example
2019-02-13T15:33:44.726534 Started database query for table users
2019-02-13T15:33:44.038472 Completed database query for table users
2019-02-13T15:33:43.234543 Received request from 102.23.55.32 for /example
2006-02-13T15:33:44.726534 Started database query for table users
2019-02-13T15:33:44.038472 Completed database query for table users
2019-02-13T15:33:43.234543 Received request from 102.23.55.32 for /example
2009-02-13T15:33:44.726534 Started database query for table users
2019-02-13T15:33:44.038472 Completed database query for table users
2019-02-13T15:33:43.234543 Received request from 102.23.55.32 for /example
2018-02-13T15:33:44.726534 Started database query for table users
2019-02-13T15:33:44.038472 Completed database query for table users
2019-02-13T15:33:43.234543 Received request from 102.23.55.32 for /example
2012-02-13T15:33:44.726534 Started database query for table users
2019-02-13T15:33:44.038472 Completed database query for table users
2019-02-13T15:33:43.234543 Received request from 102.23.55.32 for /example
2019-02-13T15:33:44.726534 Started database query for table users
2019-02-13T15:33:44.038472 Completed database query for table users
2015-02-13T15:33:43.234543 Received request from 102.23.55.32 for /example
2019-02-13T15:33:44.726534 Started database query for table users
2019-02-13T15:33:44.038472 Completed database query for table users
2019-02-13T15:33:43.234543 Received request from 102.23.55.32 for /example
2019-02-13T15:33:44.726534 Started database query for table users
2019-02-13T15:33:44.038472 Completed database query for table users
2019-02-13T15:33:43.234543 Received request from 102.23.55.32 for /example
2019-02-13T15:33:44.726534 Started database query for table users
2019-02-13T15:33:44.038472 Completed database query for table users
2019-02-13T15:33:43.234543 Received request from 102.23.55.32 for /example
2019-02-13T15:33:44.726534 Started database query for table users
2019-02-13T15:33:44.038472 Completed database query for table users
2019-02-13T15:33:43.234543 Received request from 102.23.55.32 for /example
2019-02-13T15:33:44.726534 Started database query for table users
2019-02-13T15:33:44.038472 Completed database query for table users
2019-02-13T15:33:43.234543 Received request from 102.23.55.32 for /example
2019-02-13T15:33:44.726534 Started database query for table users
2019-02-13T15:33:44.038472 Completed database query for table users
2019-02-13T15:33:43.234543 Received request from 102.23.55.32 for /example
2019-02-13T15:33:44.726534 Started database query for table users
2019-02-13T15:33:44.038472 Completed database query for table users
2019-02-13T15:33:43.234543 Received request from 102.23.55.32 for /example
2019-02-13T15:33:44.726534 Started database query for table users
2019-02-13T15:33:44.038472 Completed database query for table users
2019-02-13T15:33:43.234543 Received request from 102.23.55.32 for /example
2006-02-13T15:33:44.726534 Started database query for table users
2019-02-13T15:33:44.038472 Completed database query for table users
2019-02-13T15:33:43.234543 Received request from 102.23.55.32 for /example
2009-02-13T15:33:44.726534 Started database query for table users
2019-02-13T15:33:44.038472 Completed database query for table users
2019-02-13T15:33:43.234543 Received request from 102.23.55.32 for /example
2018-02-13T15:33:44.726534 Started database query for table users
2019-02-13T15:33:44.038472 Completed database query for table users
2019-02-13T15:33:43.234543 Received request from 102.23.55.32 for /example
2012-02-13T15:33:44.726534 Started database query for table users
2019-02-13T15:33:44.038472 Completed database query for table users
2019-02-13T15:33:43.234543 Received request from 102.23.55.32 for /example
2019-02-13T15:33:44.726534 Started database query for table users
2019-02-13T15:33:44.038472 Completed database query for table users
2015-02-13T15:33:43.234543 Received request from 102.23.55.32 for /example
2019-02-13T15:33:44.726534 Started database query for table users
2019-02-13T15:33:44.038472 Completed database query for table users
2019-02-13T15:33:43.234543 Received request from 102.23.55.32 for /example
2019-02-13T15:33:44.726534 Started database query for table users
2019-02-13T15:33:44.038472 Completed database query for table users
2019-02-13T15:33:43.234543 Received request from 102.23.55.32 for /example
2019-02-13T15:33:44.726534 Started database query for table users
2019-02-13T15:33:44.038472 Completed database query for table users
2019-02-13T15:33:43.234543 Received request from 102.23.55.32 for /example
2019-02-13T15:33:44.726534 Started database query for table users
2019-02-13T15:33:44.038472 Completed database query for table users
2019-02-13T15:33:43.234543 Received request from 102.23.55.32 for /example
2019-02-13T15:33:44.726534 Started database query for table users
2019-02-13T15:33:44.038472 Completed database query for table users
2019-02-13T15:33:43.234543 Received request from 102.23.55.32 for /example
2019-02-13T15:33:44.726534 Started database query for table users
2019-02-13T15:33:44.038472 Completed database query for table users
2019-02-13T15:33:43.234543 Received request from 102.23.55.32 for /example
2019-02-13T15:33:44.726534 Started database query for table users
2019-02-13T15:33:44.038472 Completed database query for table users
2019-02-13T15:33:43.234543 Received request from 102.23.55.32 for /example
2019-02-13T15:33:44.726534 Started database query for table users
2019-02-13T15:33:44.038472 Completed database query for table users
2019-02-13T15:33:43.234543 Received request from 102.23.55.32 for /example
2006-02-13T15:33:44.726534 Started database query for table users
2019-02-13T15:33:44.038472 Completed database query for table users
2019-02-13T15:33:43.234543 Received request from 102.23.55.32 for /example
2009-02-13T15:33:44.726534 Started database query for table users
2019-02-13T15:33:44.038472 Completed database query for table users
2019-02-13T15:33:43.234543 Received request from 102.23.55.32 for /example
2018-02-13T15:33:44.726534 Started database query for table users
2019-02-13T15:33:44.038472 Completed database query for table users
2019-02-13T15:33:43.234543 Received request from 102.23.55.32 for /example
2012-02-13T15:33:44.726534 Started database query for table users
2019-02-13T15:33:44.038472 Completed database query for table users
2019-02-13T15:33:43.234543 Received request from 102.23.55.32 for /example
2019-02-13T15:33:44.726534 Started database query for table users
2019-02-13T15:33:44.038472 Completed database query for table users
2015-02-13T15:33:43.234543 Received request from 102.23.55.32 for /example
2019-02-13T15:33:44.726534 Started database query for table users
2019-02-13T15:33:44.038472 Completed database query for table users
2019-02-13T15:33:43.234543 Received request from 102.23.55.32 for /example
2019-02-13T15:33:44.726534 Started database query for table users
2019-02-13T15:33:44.038472 Completed database query for table users
2019-02-13T15:33:43.234543 Received request from 102.23.55.32 for /example
2019-02-13T15:33:44.726534 Started database query for table users
2019-02-13T15:33:44.038472 Completed database query for table users
2019-02-13T15:33:43.234543 Received request from 102.23.55.32 for /example
2019-02-13T15:33:44.726534 Started database query for table users
2019-02-13T15:33:44.038472 Completed database query for table users
2019-02-13T15:33:43.234543 Received request from 102.23.55.32 for /example
2019-02-13T15:33:44.726534 Started database query for table users
2019-02-13T15:33:44.038472 Completed database query for table users
2019-02-13T15:33:43.234543 Received request from 102.23.55.32 for /example
2019-02-13T15:33:44.726534 Started database query for table users
2019-02-13T15:33:44.038472 Completed database query for table users
2019-02-13T15:33:43.234543 Received request from 102.23.55.32 for /example
2019-02-13T15:33:44.726534 Started database query for table users
2019-02-13T15:33:44.038472 Completed database query for table users
2019-02-13T15:33:43.234543 Received request from 102.23.55.32 for /example
2019-02-13T15:33:44.726534 Started database query for table users
2019-02-13T15:33:44.038472 Completed database query for table users
2019-02-13T15:33:43.234543 Received request from 102.23.55.32 for /example
2006-02-13T15:33:44.726534 Started database query for table users
2019-02-13T15:33:44.038472 Completed database query for table users
2019-02-13T15:33:43.234543 Received request from 102.23.55.32 for /example
2009-02-13T15:33:44.726534 Started database query for table users
2019-02-13T15:33:44.038472 Completed database query for table users
2019-02-13T15:33:43.234543 Received request from 102.23.55.32 for /example
2018-02-13T15:33:44.726534 Started database query for table users
2019-02-13T15:33:44.038472 Completed database query for table users
2019-02-13T15:33:43.234543 Received request from 102.23.55.32 for /example
2012-02-13T15:33:44.726534 Started database query for table users
2019-02-13T15:33:44.038472 Completed database query for table users
2019-02-13T15:33:43.234543 Received request from 102.23.55.32 for /example
2019-02-13T15:33:44.726534 Started database query for table users
2019-02-13T15:33:44.038472 Completed database query for table users
2015-02-13T15:33:43.234543 Received request from 102.23.55.32 for /example
2019-02-13T15:33:44.726534 Started database query for table users
2019-02-13T15:33:44.038472 Completed database query for table users
2019-02-13T15:33:43.234543 Received request from 102.23.55.32 for /example
2019-02-13T15:33:44.726534 Started database query for table users
2019-02-13T15:33:44.038472 Completed database query for table users
2019-02-13T15:33:43.234543 Received request from 102.23.55.32 for /example
2019-02-13T15:33:44.726534 Started database query for table users
2019-02-13T15:33:44.038472 Completed database query for table users
2019-02-13T15:33:43.234543 Received request from 102.23.55.32 for /example
2019-02-13T15:33:44.726534 Started database query for table users
2019-02-13T15:33:44.038472 Completed database query for table users
2019-02-13T15:33:43.234543 Received request from 102.23.55.32 for /example
2019-02-13T15:33:44.726534 Started database query for table users
2019-02-13T15:33:44.038472 Completed database query for table users
2019-02-13T15:33:43.234543 Received request from 102.23.55.32 for /example
2019-02-13T15:33:44.726534 Started database query for table users
2019-02-13T15:33:44.038472 Completed database query for table users
2019-02-13T15:33:43.234543 Received request from 102.23.55.32 for /example
2019-02-13T15:33:44.726534 Started database query for table users
2019-02-13T15:33:44.038472 Completed database query for table users
2019-02-13T15:33:43.234543 Received request from 102.23.55.32 for /example
2019-02-13T15:33:44.726534 Started database query for table users
2019-02-13T15:33:44.038472 Completed database query for table users
2019-02-13T15:33:43.234543 Received request from 102.23.55.32 for /example
2006-02-13T15:33:44.726534 Started database query for table users
2019-02-13T15:33:44.038472 Completed database query for table users
2019-02-13T15:33:43.234543 Received request from 102.23.55.32 for /example
2009-02-13T15:33:44.726534 Started database query for table users
2019-02-13T15:33:44.038472 Completed database query for table users
2019-02-13T15:33:43.234543 Received request from 102.23.55.32 for /example
2018-02-13T15:33:44.726534 Started database query for table users
2019-02-13T15:33:44.038472 Completed database query for table users
2019-02-13T15:33:43.234543 Received request from 102.23.55.32 for /example
2012-02-13T15:33:44.726534 Started database query for table users
2019-02-13T15:33:44.038472 Completed database query for table users
2019-02-13T15:33:43.234543 Received request from 102.23.55.32 for /example
2019-02-13T15:33:44.726534 Started database query for table users
2019-02-13T15:33:44.038472 Completed database query for table users
2015-02-13T15:33:43.234543 Received request from 102.23.55.32 for /example
2019-02-13T15:33:44.726534 Started database query for table users
2019-02-13T15:33:44.038472 Completed database query for table users
2019-02-13T15:33:43.234543 Received request from 102.23.55.32 for /example
2019-02-13T15:33:44.726534 Started database query for table users
2019-02-13T15:33:44.038472 Completed database query for table users
2019-02-13T15:33:43.234543 Received request from 102.23.55.32 for /example
2019-02-13T15:33:44.726534 Started database query for table users
2019-02-13T15:33:44.038472 Completed database query for table users
2019-02-13T15:33:43.234543 Received request from 102.23.55.32 for /example
2019-02-13T15:33:44.726534 Started database query for table users
2019-02-13T15:33:44.038472 Completed database query for table users
2019-02-13T15:33:43.234543 Received request from 102.23.55.32 for /example
2019-02-13T15:33:44.726534 Started database query for table users
2019-02-13T15:33:44.038472 Completed database query for table users
2019-02-13T15:33:43.234543 Received request from 102.23.55.32 for /example
2019-02-13T15:33:44.726534 Started database query for table users
2019-02-13T15:33:44.038472 Completed database query for table users
2019-02-13T15:33:43.234543 Received request from 102.23.55.32 for /example
2019-02-13T15:33:44.726534 Started database query for table users
2019-02-13T15:33:44.038472 Completed database query for table users
2019-02-13T15:33:43.234543 Received request from 102.23.55.32 for /example
2019-02-13T15:33:44.726534 Started database query for table users
2019-02-13T15:33:44.038472 Completed database query for table users
2019-02-13T15:33:43.234543 Received request from 102.23.55.32 for /example
2006-02-13T15:33:44.726534 Started database query for table users
2019-02-13T15:33:44.038472 Completed database query for table users
2019-02-13T15:33:43.234543 Received request from 102.23.55.32 for /example
2009-02-13T15:33:44.726534 Started database query for table users
2019-02-13T15:33:44.038472 Completed database query for table users
2019-02-13T15:33:43.234543 Received request from 102.23.55.32 for /example
2018-02-13T15:33:44.726534 Started database query for table users
2019-02-13T15:33:44.038472 Completed database query for table users
2019-02-13T15:33:43.234543 Received request from 102.23.55.32 for /example
2012-02-13T15:33:44.726534 Started database query for table users
2019-02-13T15:33:44.038472 Completed database query for table users
2019-02-13T15:33:43.234543 Received request from 102.23.55.32 for /example
2019-02-13T15:33:44.726534 Started database query for table users
2019-02-13T15:33:44.038472 Completed database query for table users
2015-02-13T15:33:43.234543 Received request from 102.23.55.32 for /example
2019-02-13T15:33:44.726534 Started database query for table users
2019-02-13T15:33:44.038472 Completed database query for table users
2019-02-13T15:33:43.234543 Received request from 102.23.55.32 for /example
2019-02-13T15:33:44.726534 Started database query for table users
2019-02-13T15:33:44.038472 Completed database query for table users
2019-02-13T15:33:43.234543 Received request from 102.23.55.32 for /example
2019-02-13T15:33:44.726534 Started database query for table users
2019-02-13T15:33:44.038472 Completed database query for table users
2019-02-13T15:33:43.234543 Received request from 102.23.55.32 for /example
2019-02-13T15:33:44.726534 Started database query for table users
2019-02-13T15:33:44.038472 Completed database query for table users
2019-02-13T15:33:43.234543 Received request from 102.23.55.32 for /example
2019-02-13T15:33:44.726534 Started database query for table users
2019-02-13T15:33:44.038472 Completed database query for table users
2019-02-13T15:33:43.234543 Received request from 102.23.55.32 for /example
2019-02-13T15:33:44.726534 Started database query for table users
2019-02-13T15:33:44.038472 Completed database query for table users
2019-02-13T15:33:43.234543 Received request from 102.23.55.32 for /example
2019-02-13T15:33:44.726534 Started database query for table users
2019-02-13T15:33:44.038472 Completed database query for table users
2019-02-13T15:33:43.234543 Received request from 102.23.55.32 for /example
2019-02-13T15:33:44.726534 Started database query for table users
2019-02-13T15:33:44.038472 Completed database query for table users
2019-02-13T15:33:43.234543 Received request from 102.23.55.32 for /example
2006-02-13T15:33:44.726534 Started database query for table users
2019-02-13T15:33:44.038472 Completed database query for table users
2019-02-13T15:33:43.234543 Received request from 102.23.55.32 for /example
2009-02-13T15:33:44.726534 Started database query for table users
2019-02-13T15:33:44.038472 Completed database query for table users
2019-02-13T15:33:43.234543 Received request from 102.23.55.32 for /example
2018-02-13T15:33:44.726534 Started database query for table users
2019-02-13T15:33:44.038472 Completed database query for table users
2019-02-13T15:33:43.234543 Received request from 102.23.55.32 for /example
2012-02-13T15:33:44.726534 Started database query for table users
2019-02-13T15:33:44.038472 Completed database query for table users
2019-02-13T15:33:43.234543 Received request from 102.23.55.32 for /example
2019-02-13T15:33:44.726534 Started database query for table users
2019-02-13T15:33:44.038472 Completed database query for table users
2015-02-13T15:33:43.234543 Received request from 102.23.55.32 for /example
2019-02-13T15:33:44.726534 Started database query for table users
2019-02-13T15:33:44.038472 Completed database query for table users
2019-02-13T15:33:43.234543 Received request from 102.23.55.32 for /example
2019-02-13T15:33:44.726534 Started database query for table users
2019-02-13T15:33:44.038472 Completed database query for table users
2019-02-13T15:33:43.234543 Received request from 102.23.55.32 for /example
2019-02-13T15:33:44.726534 Started database query for table users
2019-02-13T15:33:44.038472 Completed database query for table users
2019-02-13T15:33:43.234543 Received request from 102.23.55.32 for /example
2019-02-13T15:33:44.726534 Started database query for table users
2019-02-13T15:33:44.038472 Completed database query for table users
2019-02-13T15:33:43.234543 Received request from 102.23.55.32 for /example
2019-02-13T15:33:44.726534 Started database query for table users
2019-02-13T15:33:44.038472 Completed database query for table users
2019-02-13T15:33:43.234543 Received request from 102.23.55.32 for /example
2019-02-13T15:33:44.726534 Started database query for table users
2019-02-13T15:33:44.038472 Completed database query for table users
2019-02-13T15:33:43.234543 Received request from 102.23.55.32 for /example
2019-02-13T15:33:44.726534 Started database query for table users
2019-02-13T15:33:44.038472 Completed database query for table users
2019-02-13T15:33:43.234543 Received request from 102.23.55.32 for /example
2019-02-13T15:33:44.726534 Started database query for table users
2019-02-13T15:33:44.038472 Completed database query for table users
2019-02-13T15:33:43.234543 Received request from 102.23.55.32 for /example
2006-02-13T15:33:44.726534 Started database query for table users
2019-02-13T15:33:44.038472 Completed database query for table users
2019-02-13T15:33:43.234543 Received request from 102.23.55.32 for /example
2009-02-13T15:33:44.726534 Started database query for table users
2019-02-13T15:33:44.038472 Completed database query for table users
2019-02-13T15:33:43.234543 Received request from 102.23.55.32 for /example
2018-02-13T15:33:44.726534 Started database query for table users
2019-02-13T15:33:44.038472 Completed database query for table users
2019-02-13T15:33:43.234543 Received request from 102.23.55.32 for /example
2012-02-13T15:33:44.726534 Started database query for table users
2019-02-13T15:33:44.038472 Completed database query for table users
2019-02-13T15:33:43.234543 Received request from 102.23.55.32 for /example
2019-02-13T15:33:44.726534 Started database query for table users
2019-02-13T15:33:44.038472 Completed database query for table users
2015-02-13T15:33:43.234543 Received request from 102.23.55.32 for /example
2019-02-13T15:33:44.726534 Started database query for table users
2019-02-13T15:33:44.038472 Completed database query for table users
2019-02-13T15:33:43.234543 Received request from 102.23.55.32 for /example
2019-02-13T15:33:44.726534 Started database query for table users
2019-02-13T15:33:44.038472 Completed database query for table users
2019-02-13T15:33:43.234543 Received request from 102.23.55.32 for /example
2019-02-13T15:33:44.726534 Started database query for table users
2019-02-13T15:33:44.038472 Completed database query for table users
2019-02-13T15:33:43.234543 Received request from 102.23.55.32 for /example
2019-02-13T15:33:44.726534 Started database query for table users
2019-02-13T15:33:44.038472 Completed database query for table users
2019-02-13T15:33:43.234543 Received request from 102.23.55.32 for /example
2019-02-13T15:33:44.726534 Started database query for table users
2019-02-13T15:33:44.038472 Completed database query for table users
2019-02-13T15:33:43.234543 Received request from 102.23.55.32 for /example
2019-02-13T15:33:44.726534 Started database query for table users
2019-02-13T15:33:44.038472 Completed database query for table users
2019-02-13T15:33:43.234543 Received request from 102.23.55.32 for /example
2019-02-13T15:33:44.726534 Started database query for table users
2019-02-13T15:33:44.038472 Completed database query for table users
2019-02-13T15:33:43.234543 Received request from 102.23.55.32 for /example
2019-02-13T15:33:44.726534 Started database query for table users
2019-02-13T15:33:44.038472 Completed database query for table users
2019-02-13T15:33:43.234543 Received request from 102.23.55.32 for /example
2006-02-13T15:33:44.726534 Started database query for table users
2019-02-13T15:33:44.038472 Completed database query for table users
2019-02-13T15:33:43.234543 Received request from 102.23.55.32 for /example
2009-02-13T15:33:44.726534 Started database query for table users
2019-02-13T15:33:44.038472 Completed database query for table users
2019-02-13T15:33:43.234543 Received request from 102.23.55.32 for /example
2018-02-13T15:33:44.726534 Started database query for table users
2019-02-13T15:33:44.038472 Completed database query for table users
2019-02-13T15:33:43.234543 Received request from 102.23.55.32 for /example
2012-02-13T15:33:44.726534 Started database query for table users
2019-02-13T15:33:44.038472 Completed database query for table users
2019-02-13T15:33:43.234543 Received request from 102.23.55.32 for /example
2019-02-13T15:33:44.726534 Started database query for table users
2019-02-13T15:33:44.038472 Completed database query for table users
2015-02-13T15:33:43.234543 Received request from 102.23.55.32 for /example
2019-02-13T15:33:44.726534 Started database query for table users
2019-02-13T15:33:44.038472 Completed database query for table users
2019-02-13T15:33:43.234543 Received request from 102.23.55.32 for /example
2019-02-13T15:33:44.726534 Started database query for table users
2019-02-13T15:33:44.038472 Completed database query for table users
2019-02-13T15:33:43.234543 Received request from 102.23.55.32 for /example
2019-02-13T15:33:44.726534 Started database query for table users
2019-02-13T15:33:44.038472 Completed database query for table users
2019-02-13T15:33:43.234543 Received request from 102.23.55.32 for /example
2019-02-13T15:33:44.726534 Started database query for table users
2019-02-13T15:33:44.038472 Completed database query for table users
2019-02-13T15:33:43.234543 Received request from 102.23.55.32 for /example
2019-02-13T15:33:44.726534 Started database query for table users
2019-02-13T15:33:44.038472 Completed database query for table users
2019-02-13T15:33:43.234543 Received request from 102.23.55.32 for /example
2019-02-13T15:33:44.726534 Started database query for table users
2019-02-13T15:33:44.038472 Completed database query for table users
2019-02-13T15:33:43.234543 Received request from 102.23.55.32 for /example
2019-02-13T15:33:44.726534 Started database query for table users
2019-02-13T15:33:44.038472 Completed database query for table users
2019-02-13T15:33:43.234543 Received request from 102.23.55.32 for /example
2019-02-13T15:33:44.726534 Started database query for table users
2019-02-13T15:33:44.038472 Completed database query for table users
2019-02-13T15:33:43.234543 Received request from 102.23.55.32 for /example
2006-02-13T15:33:44.726534 Started database query for table users
2019-02-13T15:33:44.038472 Completed database query for table users
2019-02-13T15:33:43.234543 Received request from 102.23.55.32 for /example
2009-02-13T15:33:44.726534 Started database query for table users
2019-02-13T15:33:44.038472 Completed database query for table users
2019-02-13T15:33:43.234543 Received request from 102.23.55.32 for /example
2018-02-13T15:33:44.726534 Started database query for table users
2019-02-13T15:33:44.038472 Completed database query for table users
2019-02-13T15:33:43.234543 Received request from 102.23.55.32 for /example
2012-02-13T15:33:44.726534 Started database query for table users
2019-02-13T15:33:44.038472 Completed database query for table users
2019-02-13T15:33:43.234543 Received request from 102.23.55.32 for /example
2019-02-13T15:33:44.726534 Started database query for table users
2019-02-13T15:33:44.038472 Completed database query for table users
2015-02-13T15:33:43.234543 Received request from 102.23.55.32 for /example
2019-02-13T15:33:44.726534 Started database query for table users
2019-02-13T15:33:44.038472 Completed database query for table users
2019-02-13T15:33:43.234543 Received request from 102.23.55.32 for /example
2019-02-13T15:33:44.726534 Started database query for table users
2019-02-13T15:33:44.038472 Completed database query for table users
2019-02-13T15:33:43.234543 Received request from 102.23.55.32 for /example
2019-02-13T15:33:44.726534 Started database query for table users
2019-02-13T15:33:44.038472 Completed database query for table users
2019-02-13T15:33:43.234543 Received request from 102.23.55.32 for /example
2019-02-13T15:33:44.726534 Started database query for table users
2019-02-13T15:33:44.038472 Completed database query for table users
2019-02-13T15:33:43.234543 Received request from 102.23.55.32 for /example
2019-02-13T15:33:44.726534 Started database query for table users
2019-02-13T15:33:44.038472 Completed database query for table users
2019-02-13T15:33:43.234543 Received request from 102.23.55.32 for /example
2019-02-13T15:33:44.726534 Started database query for table users
2019-02-13T15:33:44.038472 Completed database query for table users
2019-02-13T15:33:43.234543 Received request from 102.23.55.32 for /example
2019-02-13T15:33:44.726534 Started database query for table users
2019-02-13T15:33:44.038472 Completed database query for table users
2019-02-13T15:33:43.234543 Received request from 102.23.55.32 for /example
2019-02-13T15:33:44.726534 Started database query for table users
2019-02-13T15:33:44.038472 Completed database query for table users
2019-02-13T15:33:43.234543 Received request from 102.23.55.32 for /example
2006-02-13T15:33:44.726534 Started database query for table users
2019-02-13T15:33:44.038472 Completed database query for table users
2019-02-13T15:33:43.234543 Received request from 102.23.55.32 for /example
2009-02-13T15:33:44.726534 Started database query for table users
2019-02-13T15:33:44.038472 Completed database query for table users
2019-02-13T15:33:43.234543 Received request from 102.23.55.32 for /example
2018-02-13T15:33:44.726534 Started database query for table users
2019-02-13T15:33:44.038472 Completed database query for table users
2019-02-13T15:33:43.234543 Received request from 102.23.55.32 for /example
2012-02-13T15:33:44.726534 Started database query for table users
2019-02-13T15:33:44.038472 Completed database query for table users
2019-02-13T15:33:43.234543 Received request from 102.23.55.32 for /example
2019-02-13T15:33:44.726534 Started database query for table users
2019-02-13T15:33:44.038472 Completed database query for table users
2015-02-13T15:33:43.234543 Received request from 102.23.55.32 for /example
2019-02-13T15:33:44.726534 Started database query for table users
2019-02-13T15:33:44.038472 Completed database query for table users
2019-02-13T15:33:43.234543 Received request from 102.23.55.32 for /example
2019-02-13T15:33:44.726534 Started database query for table users
2019-02-13T15:33:44.038472 Completed database query for table users
2019-02-13T15:33:43.234543 Received request from 102.23.55.32 for /example
2019-02-13T15:33:44.726534 Started database query for table users
2019-02-13T15:33:44.038472 Completed database query for table users
2019-02-13T15:33:43.234543 Received request from 102.23.55.32 for /example
2019-02-13T15:33:44.726534 Started database query for table users
2019-02-13T15:33:44.038472 Completed database query for table users
2019-02-13T15:33:43.234543 Received request from 102.23.55.32 for /example
2019-02-13T15:33:44.726534 Started database query for table users
2019-02-13T15:33:44.038472 Completed database query for table users
2019-02-13T15:33:43.234543 Received request from 102.23.55.32 for /example
2019-02-13T15:33:44.726534 Started database query for table users
2019-02-13T15:33:44.038472 Completed database query for table users
2019-02-13T15:33:43.234543 Received request from 102.23.55.32 for /example
2019-02-13T15:33:44.726534 Started database query for table users
2019-02-13T15:33:44.038472 Completed database query for table users
2019-02-13T15:33:43.234543 Received request from 102.23.55.32 for /example
2019-02-13T15:33:44.726534 Started database query for table users
2019-02-13T15:33:44.038472 Completed database query for table users
2019-02-13T15:33:43.234543 Received request from 102.23.55.32 for /example
2006-02-13T15:33:44.726534 Started database query for table users
2019-02-13T15:33:44.038472 Completed database query for table users
2019-02-13T15:33:43.234543 Received request from 102.23.55.32 for /example
2009-02-13T15:33:44.726534 Started database query for table users
2019-02-13T15:33:44.038472 Completed database query for table users
2019-02-13T15:33:43.234543 Received request from 102.23.55.32 for /example
2018-02-13T15:33:44.726534 Started database query for table users
2019-02-13T15:33:44.038472 Completed database query for table users
2019-02-13T15:33:43.234543 Received request from 102.23.55.32 for /example
2012-02-13T15:33:44.726534 Started database query for table users
2019-02-13T15:33:44.038472 Completed database query for table users
2019-02-13T15:33:43.234543 Received request from 102.23.55.32 for /example
2019-02-13T15:33:44.726534 Started database query for table users
2019-02-13T15:33:44.038472 Completed database query for table users
2015-02-13T15:33:43.234543 Received request from 102.23.55.32 for /example
2019-02-13T15:33:44.726534 Started database query for table users
2019-02-13T15:33:44.038472 Completed database query for table users
2019-02-13T15:33:43.234543 Received request from 102.23.55.32 for /example
2019-02-13T15:33:44.726534 Started database query for table users
2019-02-13T15:33:44.038472 Completed database query for table users
2019-02-13T15:33:43.234543 Received request from 102.23.55.32 for /example
2019-02-13T15:33:44.726534 Started database query for table users
2019-02-13T15:33:44.038472 Completed database query for table users
2019-02-13T15:33:43.234543 Received request from 102.23.55.32 for /example
2019-02-13T15:33:44.726534 Started database query for table users
2019-02-13T15:33:44.038472 Completed database query for table users
2019-02-13T15:33:43.234543 Received request from 102.23.55.32 for /example
2019-02-13T15:33:44.726534 Started database query for table users
2019-02-13T15:33:44.038472 Completed database query for table users
2019-02-13T15:33:43.234543 Received request from 102.23.55.32 for /example
2019-02-13T15:33:44.726534 Started database query for table users
2019-02-13T15:33:44.038472 Completed database query for table users
2019-02-13T15:33:43.234543 Received request from 102.23.55.32 for /example
2019-02-13T15:33:44.726534 Started database query for table users
2019-02-13T15:33:44.038472 Completed database query for table users
2019-02-13T15:33:43.234543 Received request from 102.23.55.32 for /example
2019-02-13T15:33:44.726534 Started database query for table users
2019-02-13T15:33:44.038472 Completed database query for table users
2019-02-13T15:33:43.234543 Received request from 102.23.55.32 for /example
2006-02-13T15:33:44.726534 Started database query for table users
2019-02-13T15:33:44.038472 Completed database query for table users
2019-02-13T15:33:43.234543 Received request from 102.23.55.32 for /example
2009-02-13T15:33:44.726534 Started database query for table users
2019-02-13T15:33:44.038472 Completed database query for table users
2019-02-13T15:33:43.234543 Received request from 102.23.55.32 for /example
2018-02-13T15:33:44.726534 Started database query for table users
2019-02-13T15:33:44.038472 Completed database query for table users
2019-02-13T15:33:43.234543 Received request from 102.23.55.32 for /example
2012-02-13T15:33:44.726534 Started database query for table users
2019-02-13T15:33:44.038472 Completed database query for table users
2019-02-13T15:33:43.234543 Received request from 102.23.55.32 for /example
2019-02-13T15:33:44.726534 Started database query for table users
2019-02-13T15:33:44.038472 Completed database query for table users
2015-02-13T15:33:43.234543 Received request from 102.23.55.32 for /example
2019-02-13T15:33:44.726534 Started database query for table users
2019-02-13T15:33:44.038472 Completed database query for table users
2019-02-13T15:33:43.234543 Received request from 102.23.55.32 for /example
2019-02-13T15:33:44.726534 Started database query for table users
2019-02-13T15:33:44.038472 Completed database query for table users
2019-02-13T15:33:43.234543 Received request from 102.23.55.32 for /example
2019-02-13T15:33:44.726534 Started database query for table users
2019-02-13T15:33:44.038472 Completed database query for table users
2019-02-13T15:33:43.234543 Received request from 102.23.55.32 for /example
2019-02-13T15:33:44.726534 Started database query for table users
2019-02-13T15:33:44.038472 Completed database query for table users
2019-02-13T15:33:43.234543 Received request from 102.23.55.32 for /example
2019-02-13T15:33:44.726534 Started database query for table users
2019-02-13T15:33:44.038472 Completed database query for table users
2019-02-13T15:33:43.234543 Received request from 102.23.55.32 for /example
2019-02-13T15:33:44.726534 Started database query for table users
2019-02-13T15:33:44.038472 Completed database query for table users
2019-02-13T15:33:43.234543 Received request from 102.23.55.32 for /example
2019-02-13T15:33:44.726534 Started database query for table users
2019-02-13T15:33:44.038472 Completed database query for table users
2019-02-13T15:33:43.234543 Received request from 102.23.55.32 for /example
2019-02-13T15:33:44.726534 Started database query for table users
2019-02-13T15:33:44.038472 Completed database query for table users
2019-02-13T15:33:43.234543 Received request from 102.23.55.32 for /example
2006-02-13T15:33:44.726534 Started database query for table users
2019-02-13T15:33:44.038472 Completed database query for table users
2019-02-13T15:33:43.234543 Received request from 102.23.55.32 for /example
2009-02-13T15:33:44.726534 Started database query for table users
2019-02-13T15:33:44.038472 Completed database query for table users
2019-02-13T15:33:43.234543 Received request from 102.23.55.32 for /example
2018-02-13T15:33:44.726534 Started database query for table users
2019-02-13T15:33:44.038472 Completed database query for table users
2019-02-13T15:33:43.234543 Received request from 102.23.55.32 for /example
2012-02-13T15:33:44.726534 Started database query for table users
2019-02-13T15:33:44.038472 Completed database query for table users
2019-02-13T15:33:43.234543 Received request from 102.23.55.32 for /example
2019-02-13T15:33:44.726534 Started database query for table users
2019-02-13T15:33:44.038472 Completed database query for table users
2015-02-13T15:33:43.234543 Received request from 102.23.55.32 for /example
2019-02-13T15:33:44.726534 Started database query for table users
2019-02-13T15:33:44.038472 Completed database query for table users
2019-02-13T15:33:43.234543 Received request from 102.23.55.32 for /example
2019-02-13T15:33:44.726534 Started database query for table users
2019-02-13T15:33:44.038472 Completed database query for table users
2019-02-13T15:33:43.234543 Received request from 102.23.55.32 for /example
2019-02-13T15:33:44.726534 Started database query for table users
2019-02-13T15:33:44.038472 Completed database query for table users
2019-02-13T15:33:43.234543 Received request from 102.23.55.32 for /example
2019-02-13T15:33:44.726534 Started database query for table users
2019-02-13T15:33:44.038472 Completed database query for table users
2019-02-13T15:33:43.234543 Received request from 102.23.55.32 for /example
2019-02-13T15:33:44.726534 Started database query for table users
2019-02-13T15:33:44.038472 Completed database query for table users
2019-02-13T15:33:43.234543 Received request from 102.23.55.32 for /example
2019-02-13T15:33:44.726534 Started database query for table users
2019-02-13T15:33:44.038472 Completed database query for table users
2019-02-13T15:33:43.234543 Received request from 102.23.55.32 for /example
2019-02-13T15:33:44.726534 Started database query for table users
2019-02-13T15:33:44.038472 Completed database query for table users
2019-02-13T15:33:43.234543 Received request from 102.23.55.32 for /example
2019-02-13T15:33:44.726534 Started database query for table users
2019-02-13T15:33:44.038472 Completed database query for table users
2019-02-13T15:33:43.234543 Received request from 102.23.55.32 for /example
2006-02-13T15:33:44.726534 Started database query for table users
2019-02-13T15:33:44.038472 Completed database query for table users
2019-02-13T15:33:43.234543 Received request from 102.23.55.32 for /example
2009-02-13T15:33:44.726534 Started database query for table users
2019-02-13T15:33:44.038472 Completed database query for table users
2019-02-13T15:33:43.234543 Received request from 102.23.55.32 for /example
2018-02-13T15:33:44.726534 Started database query for table users
2019-02-13T15:33:44.038472 Completed database query for table users
2019-02-13T15:33:43.234543 Received request from 102.23.55.32 for /example
2012-02-13T15:33:44.726534 Started database query for table users
2019-02-13T15:33:44.038472 Completed database query for table users
2019-02-13T15:33:43.234543 Received request from 102.23.55.32 for /example
2019-02-13T15:33:44.726534 Started database query for table users
2019-02-13T15:33:44.038472 Completed database query for table users
2015-02-13T15:33:43.234543 Received request from 102.23.55.32 for /example
2019-02-13T15:33:44.726534 Started database query for table users
2019-02-13T15:33:44.038472 Completed database query for table users
2019-02-13T15:33:43.234543 Received request from 102.23.55.32 for /example
2019-02-13T15:33:44.726534 Started database query for table users
2019-02-13T15:33:44.038472 Completed database query for table users
2019-02-13T15:33:43.234543 Received request from 102.23.55.32 for /example
2019-02-13T15:33:44.726534 Started database query for table users
2019-02-13T15:33:44.038472 Completed database query for table users
2019-02-13T15:33:43.234543 Received request from 102.23.55.32 for /example
2019-02-13T15:33:44.726534 Started database query for table users
2019-02-13T15:33:44.038472 Completed database query for table users
2019-02-13T15:33:43.234543 Received request from 102.23.55.32 for /example
2019-02-13T15:33:44.726534 Started database query for table users
2019-02-13T15:33:44.038472 Completed database query for table users
2019-02-13T15:33:43.234543 Received request from 102.23.55.32 for /example
2019-02-13T15:33:44.726534 Started database query for table users
2019-02-13T15:33:44.038472 Completed database query for table users
2019-02-13T15:33:43.234543 Received request from 102.23.55.32 for /example
2019-02-13T15:33:44.726534 Started database query for table users
2019-02-13T15:33:44.038472 Completed database query for table users
2019-02-13T15:33:43.234543 Received request from 102.23.55.32 for /example
2019-02-13T15:33:44.726534 Started database query for table users
2019-02-13T15:33:44.038472 Completed database query for table users
2019-02-13T15:33:43.234543 Received request from 102.23.55.32 for /example
2006-02-13T15:33:44.726534 Started database query for table users
2019-02-13T15:33:44.038472 Completed database query for table users
2019-02-13T15:33:43.234543 Received request from 102.23.55.32 for /example
2009-02-13T15:33:44.726534 Started database query for table users
2019-02-13T15:33:44.038472 Completed database query for table users
2019-02-13T15:33:43.234543 Received request from 102.23.55.32 for /example
2018-02-13T15:33:44.726534 Started database query for table users
2019-02-13T15:33:44.038472 Completed database query for table users
2019-02-13T15:33:43.234543 Received request from 102.23.55.32 for /example
2012-02-13T15:33:44.726534 Started database query for table users
2019-02-13T15:33:44.038472 Completed database query for table users
2019-02-13T15:33:43.234543 Received request from 102.23.55.32 for /example
2019-02-13T15:33:44.726534 Started database query for table users
2019-02-13T15:33:44.038472 Completed database query for table users
2015-02-13T15:33:43.234543 Received request from 102.23.55.32 for /example
2019-02-13T15:33:44.726534 Started database query for table users
2019-02-13T15:33:44.038472 Completed database query for table users
2019-02-13T15:33:43.234543 Received request from 102.23.55.32 for /example
2019-02-13T15:33:44.726534 Started database query for table users
2019-02-13T15:33:44.038472 Completed database query for table users
2019-02-13T15:33:43.234543 Received request from 102.23.55.32 for /example
2019-02-13T15:33:44.726534 Started database query for table users
2019-02-13T15:33:44.038472 Completed database query for table users
2019-02-13T15:33:43.234543 Received request from 102.23.55.32 for /example
2019-02-13T15:33:44.726534 Started database query for table users
2019-02-13T15:33:44.038472 Completed database query for table users
2019-02-13T15:33:43.234543 Received request from 102.23.55.32 for /example
2019-02-13T15:33:44.726534 Started database query for table users
2019-02-13T15:33:44.038472 Completed database query for table users
2019-02-13T15:33:43.234543 Received request from 102.23.55.32 for /example
2019-02-13T15:33:44.726534 Started database query for table users
2019-02-13T15:33:44.038472 Completed database query for table users
2019-02-13T15:33:43.234543 Received request from 102.23.55.32 for /example
2019-02-13T15:33:44.726534 Started database query for table users
2019-02-13T15:33:44.038472 Completed database query for table users
2019-02-13T15:33:43.234543 Received request from 102.23.55.32 for /example
2019-02-13T15:33:44.726534 Started database query for table users
2019-02-13T15:33:44.038472 Completed database query for table users
2019-02-13T15:33:43.234543 Received request from 102.23.55.32 for /example
2006-02-13T15:33:44.726534 Started database query for table users
2019-02-13T15:33:44.038472 Completed database query for table users
2019-02-13T15:33:43.234543 Received request from 102.23.55.32 for /example
2009-02-13T15:33:44.726534 Started database query for table users
2019-02-13T15:33:44.038472 Completed database query for table users
2019-02-13T15:33:43.234543 Received request from 102.23.55.32 for /example
2018-02-13T15:33:44.726534 Started database query for table users
2019-02-13T15:33:44.038472 Completed database query for table users
2019-02-13T15:33:43.234543 Received request from 102.23.55.32 for /example
2012-02-13T15:33:44.726534 Started database query for table users
2019-02-13T15:33:44.038472 Completed database query for table users
2019-02-13T15:33:43.234543 Received request from 102.23.55.32 for /example
2019-02-13T15:33:44.726534 Started database query for table users
2019-02-13T15:33:44.038472 Completed database query for table users
2015-02-13T15:33:43.234543 Received request from 102.23.55.32 for /example
2019-02-13T15:33:44.726534 Started database query for table users
2019-02-13T15:33:44.038472 Completed database query for table users
2019-02-13T15:33:43.234543 Received request from 102.23.55.32 for /example
2019-02-13T15:33:44.726534 Started database query for table users
2019-02-13T15:33:44.038472 Completed database query for table users
2019-02-13T15:33:43.234543 Received request from 102.23.55.32 for /example
2019-02-13T15:33:44.726534 Started database query for table users
2019-02-13T15:33:44.038472 Completed database query for table users
2019-02-13T15:33:43.234543 Received request from 102.23.55.32 for /example
2019-02-13T15:33:44.726534 Started database query for table users
2019-02-13T15:33:44.038472 Completed database query for table users
2019-02-13T15:33:43.234543 Received request from 102.23.55.32 for /example
2019-02-13T15:33:44.726534 Started database query for table users
2019-02-13T15:33:44.038472 Completed database query for table users
2019-02-13T15:33:43.234543 Received request from 102.23.55.32 for /example
2019-02-13T15:33:44.726534 Started database query for table users
2019-02-13T15:33:44.038472 Completed database query for table users
2019-02-13T15:33:43.234543 Received request from 102.23.55.32 for /example
2019-02-13T15:33:44.726534 Started database query for table users
2019-02-13T15:33:44.038472 Completed database query for table users
2019-02-13T15:33:43.234543 Received request from 102.23.55.32 for /example
2019-02-13T15:33:44.726534 Started database query for table users
2019-02-13T15:33:44.038472 Completed database query for table users
2019-02-13T15:33:43.234543 Received request from 102.23.55.32 for /example
2006-02-13T15:33:44.726534 Started database query for table users
2019-02-13T15:33:44.038472 Completed database query for table users
2019-02-13T15:33:43.234543 Received request from 102.23.55.32 for /example
2009-02-13T15:33:44.726534 Started database query for table users
2019-02-13T15:33:44.038472 Completed database query for table users
2019-02-13T15:33:43.234543 Received request from 102.23.55.32 for /example
2018-02-13T15:33:44.726534 Started database query for table users
2019-02-13T15:33:44.038472 Completed database query for table users
2019-02-13T15:33:43.234543 Received request from 102.23.55.32 for /example
2012-02-13T15:33:44.726534 Started database query for table users
2019-02-13T15:33:44.038472 Completed database query for table users
2019-02-13T15:33:43.234543 Received request from 102.23.55.32 for /example
2019-02-13T15:33:44.726534 Started database query for table users
2019-02-13T15:33:44.038472 Completed database query for table users
2015-02-13T15:33:43.234543 Received request from 102.23.55.32 for /example
2019-02-13T15:33:44.726534 Started database query for table users
2019-02-13T15:33:44.038472 Completed database query for table users
2019-02-13T15:33:43.234543 Received request from 102.23.55.32 for /example
2019-02-13T15:33:44.726534 Started database query for table users
2019-02-13T15:33:44.038472 Completed database query for table users
2019-02-13T15:33:43.234543 Received request from 102.23.55.32 for /example
2019-02-13T15:33:44.726534 Started database query for table users
2019-02-13T15:33:44.038472 Completed database query for table users
2019-02-13T15:33:43.234543 Received request from 102.23.55.32 for /example
2019-02-13T15:33:44.726534 Started database query for table users
2019-02-13T15:33:44.038472 Completed database query for table users
2019-02-13T15:33:43.234543 Received request from 102.23.55.32 for /example
2019-02-13T15:33:44.726534 Started database query for table users
2019-02-13T15:33:44.038472 Completed database query for table users
2019-02-13T15:33:43.234543 Received request from 102.23.55.32 for /example
2019-02-13T15:33:44.726534 Started database query for table users
2019-02-13T15:33:44.038472 Completed database query for table users
2019-02-13T15:33:43.234543 Received request from 102.23.55.32 for /example
2019-02-13T15:33:44.726534 Started database query for table users
2019-02-13T15:33:44.038472 Completed database query for table users
2019-02-13T15:33:43.234543 Received request from 102.23.55.32 for /example
2019-02-13T15:33:44.726534 Started database query for table users
2019-02-13T15:33:44.038472 Completed database query for table users
2019-02-13T15:33:43.234543 Received request from 102.23.55.32 for /example
2006-02-13T15:33:44.726534 Started database query for table users
2019-02-13T15:33:44.038472 Completed database query for table users
2019-02-13T15:33:43.234543 Received request from 102.23.55.32 for /example
2009-02-13T15:33:44.726534 Started database query for table users
2019-02-13T15:33:44.038472 Completed database query for table users
2019-02-13T15:33:43.234543 Received request from 102.23.55.32 for /example
2018-02-13T15:33:44.726534 Started database query for table users
2019-02-13T15:33:44.038472 Completed database query for table users
2019-02-13T15:33:43.234543 Received request from 102.23.55.32 for /example
2012-02-13T15:33:44.726534 Started database query for table users
2019-02-13T15:33:44.038472 Completed database query for table users
2019-02-13T15:33:43.234543 Received request from 102.23.55.32 for /example
2019-02-13T15:33:44.726534 Started database query for table users
2019-02-13T15:33:44.038472 Completed database query for table users
2015-02-13T15:33:43.234543 Received request from 102.23.55.32 for /example
2019-02-13T15:33:44.726534 Started database query for table users
2019-02-13T15:33:44.038472 Completed database query for table users
2019-02-13T15:33:43.234543 Received request from 102.23.55.32 for /example
2019-02-13T15:33:44.726534 Started database query for table users
2019-02-13T15:33:44.038472 Completed database query for table users
2019-02-13T15:33:43.234543 Received request from 102.23.55.32 for /example
2019-02-13T15:33:44.726534 Started database query for table users
2019-02-13T15:33:44.038472 Completed database query for table users
2019-02-13T15:33:43.234543 Received request from 102.23.55.32 for /example
2019-02-13T15:33:44.726534 Started database query for table users
2019-02-13T15:33:44.038472 Completed database query for table users
2019-02-13T15:33:43.234543 Received request from 102.23.55.32 for /example
2019-02-13T15:33:44.726534 Started database query for table users
2019-02-13T15:33:44.038472 Completed database query for table users
2019-02-13T15:33:43.234543 Received request from 102.23.55.32 for /example
2019-02-13T15:33:44.726534 Started database query for table users
2019-02-13T15:33:44.038472 Completed database query for table users
2019-02-13T15:33:43.234543 Received request from 102.23.55.32 for /example
2019-02-13T15:33:44.726534 Started database query for table users
2019-02-13T15:33:44.038472 Completed database query for table users
2019-02-13T15:33:43.234543 Received request from 102.23.55.32 for /example
2019-02-13T15:33:44.726534 Started database query for table users
2019-02-13T15:33:44.038472 Completed database query for table users
2019-02-13T15:33:43.234543 Received request from 102.23.55.32 for /example
2006-02-13T15:33:44.726534 Started database query for table users
2019-02-13T15:33:44.038472 Completed database query for table users
2019-02-13T15:33:43.234543 Received request from 102.23.55.32 for /example
2009-02-13T15:33:44.726534 Started database query for table users
2019-02-13T15:33:44.038472 Completed database query for table users
2019-02-13T15:33:43.234543 Received request from 102.23.55.32 for /example
2018-02-13T15:33:44.726534 Started database query for table users
2019-02-13T15:33:44.038472 Completed database query for table users
2019-02-13T15:33:43.234543 Received request from 102.23.55.32 for /example
2012-02-13T15:33:44.726534 Started database query for table users
2019-02-13T15:33:44.038472 Completed database query for table users
2019-02-13T15:33:43.234543 Received request from 102.23.55.32 for /example
2019-02-13T15:33:44.726534 Started database query for table users
2019-02-13T15:33:44.038472 Completed database query for table users
2015-02-13T15:33:43.234543 Received request from 102.23.55.32 for /example
2019-02-13T15:33:44.726534 Started database query for table users
2019-02-13T15:33:44.038472 Completed database query for table users
2019-02-13T15:33:43.234543 Received request from 102.23.55.32 for /example
2019-02-13T15:33:44.726534 Started database query for table users
2019-02-13T15:33:44.038472 Completed database query for table users
2019-02-13T15:33:43.234543 Received request from 102.23.55.32 for /example
2019-02-13T15:33:44.726534 Started database query for table users
2019-02-13T15:33:44.038472 Completed database query for table users
2019-02-13T15:33:43.234543 Received request from 102.23.55.32 for /example
2019-02-13T15:33:44.726534 Started database query for table users
2019-02-13T15:33:44.038472 Completed database query for table users
2019-02-13T15:33:43.234543 Received request from 102.23.55.32 for /example
2019-02-13T15:33:44.726534 Started database query for table users
2019-02-13T15:33:44.038472 Completed database query for table users
2019-02-13T15:33:43.234543 Received request from 102.23.55.32 for /example
2019-02-13T15:33:44.726534 Started database query for table users
2019-02-13T15:33:44.038472 Completed database query for table users
2019-02-13T15:33:43.234543 Received request from 102.23.55.32 for /example
2019-02-13T15:33:44.726534 Started database query for table users
2019-02-13T15:33:44.038472 Completed database query for table users
2019-02-13T15:33:43.234543 Received request from 102.23.55.32 for /example
2019-02-13T15:33:44.726534 Started database query for table users
2019-02-13T15:33:44.038472 Completed database query for table users
2019-02-13T15:33:43.234543 Received request from 102.23.55.32 for /example
2006-02-13T15:33:44.726534 Started database query for table users
2019-02-13T15:33:44.038472 Completed database query for table users
2019-02-13T15:33:43.234543 Received request from 102.23.55.32 for /example
2009-02-13T15:33:44.726534 Started database query for table users
2019-02-13T15:33:44.038472 Completed database query for table users
2019-02-13T15:33:43.234543 Received request from 102.23.55.32 for /example
2018-02-13T15:33:44.726534 Started database query for table users
2019-02-13T15:33:44.038472 Completed database query for table users
2019-02-13T15:33:43.234543 Received request from 102.23.55.32 for /example
2012-02-13T15:33:44.726534 Started database query for table users
2019-02-13T15:33:44.038472 Completed database query for table users
2019-02-13T15:33:43.234543 Received request from 102.23.55.32 for /example
2019-02-13T15:33:44.726534 Started database query for table users
2019-02-13T15:33:44.038472 Completed database query for table users
2015-02-13T15:33:43.234543 Received request from 102.23.55.32 for /example
2019-02-13T15:33:44.726534 Started database query for table users
2019-02-13T15:33:44.038472 Completed database query for table users
2019-02-13T15:33:43.234543 Received request from 102.23.55.32 for /example
2019-02-13T15:33:44.726534 Started database query for table users
2019-02-13T15:33:44.038472 Completed database query for table users
2019-02-13T15:33:43.234543 Received request from 102.23.55.32 for /example
2019-02-13T15:33:44.726534 Started database query for table users
2019-02-13T15:33:44.038472 Completed database query for table users
2019-02-13T15:33:43.234543 Received request from 102.23.55.32 for /example
2019-02-13T15:33:44.726534 Started database query for table users
2019-02-13T15:33:44.038472 Completed database query for table users
2019-02-13T15:33:43.234543 Received request from 102.23.55.32 for /example
2019-02-13T15:33:44.726534 Started database query for table users
2019-02-13T15:33:44.038472 Completed database query for table users
2019-02-13T15:33:43.234543 Received request from 102.23.55.32 for /example
2019-02-13T15:33:44.726534 Started database query for table users
2019-02-13T15:33:44.038472 Completed database query for table users
2019-02-13T15:33:43.234543 Received request from 102.23.55.32 for /example
2019-02-13T15:33:44.726534 Started database query for table users
2019-02-13T15:33:44.038472 Completed database query for table users
2019-02-13T15:33:43.234543 Received request from 102.23.55.32 for /example
2019-02-13T15:33:44.726534 Started database query for table users
2019-02-13T15:33:44.038472 Completed database query for table users
2019-02-13T15:33:43.234543 Received request from 102.23.55.32 for /example
2006-02-13T15:33:44.726534 Started database query for table users
2019-02-13T15:33:44.038472 Completed database query for table users
2019-02-13T15:33:43.234543 Received request from 102.23.55.32 for /example
2009-02-13T15:33:44.726534 Started database query for table users
2019-02-13T15:33:44.038472 Completed database query for table users
2019-02-13T15:33:43.234543 Received request from 102.23.55.32 for /example
2018-02-13T15:33:44.726534 Started database query for table users
2019-02-13T15:33:44.038472 Completed database query for table users
2019-02-13T15:33:43.234543 Received request from 102.23.55.32 for /example
2012-02-13T15:33:44.726534 Started database query for table users
2019-02-13T15:33:44.038472 Completed database query for table users
2019-02-13T15:33:43.234543 Received request from 102.23.55.32 for /example
2019-02-13T15:33:44.726534 Started database query for table users
2019-02-13T15:33:44.038472 Completed database query for table users
2015-02-13T15:33:43.234543 Received request from 102.23.55.32 for /example
2019-02-13T15:33:44.726534 Started database query for table users
2019-02-13T15:33:44.038472 Completed database query for table users
2019-02-13T15:33:43.234543 Received request from 102.23.55.32 for /example
2019-02-13T15:33:44.726534 Started database query for table users
2019-02-13T15:33:44.038472 Completed database query for table users
2019-02-13T15:33:43.234543 Received request from 102.23.55.32 for /example
2019-02-13T15:33:44.726534 Started database query for table users
2019-02-13T15:33:44.038472 Completed database query for table users
2019-02-13T15:33:43.234543 Received request from 102.23.55.32 for /example
2019-02-13T15:33:44.726534 Started database query for table users
2019-02-13T15:33:44.038472 Completed database query for table users
2019-02-13T15:33:43.234543 Received request from 102.23.55.32 for /example
2019-02-13T15:33:44.726534 Started database query for table users
2019-02-13T15:33:44.038472 Completed database query for table users
2019-02-13T15:33:43.234543 Received request from 102.23.55.32 for /example
2019-02-13T15:33:44.726534 Started database query for table users
2019-02-13T15:33:44.038472 Completed database query for table users
2019-02-13T15:33:43.234543 Received request from 102.23.55.32 for /example
2019-02-13T15:33:44.726534 Started database query for table users
2019-02-13T15:33:44.038472 Completed database query for table users
2019-02-13T15:33:43.234543 Received request from 102.23.55.32 for /example
2019-02-13T15:33:44.726534 Started database query for table users
2019-02-13T15:33:44.038472 Completed database query for table users
2019-02-13T15:33:43.234543 Received request from 102.23.55.32 for /example
2006-02-13T15:33:44.726534 Started database query for table users
2019-02-13T15:33:44.038472 Completed database query for table users
2019-02-13T15:33:43.234543 Received request from 102.23.55.32 for /example
2009-02-13T15:33:44.726534 Started database query for table users
2019-02-13T15:33:44.038472 Completed database query for table users
2019-02-13T15:33:43.234543 Received request from 102.23.55.32 for /example
2018-02-13T15:33:44.726534 Started database query for table users
2019-02-13T15:33:44.038472 Completed database query for table users
2019-02-13T15:33:43.234543 Received request from 102.23.55.32 for /example
2012-02-13T15:33:44.726534 Started database query for table users
2019-02-13T15:33:44.038472 Completed database query for table users
2019-02-13T15:33:43.234543 Received request from 102.23.55.32 for /example
2019-02-13T15:33:44.726534 Started database query for table users
2019-02-13T15:33:44.038472 Completed database query for table users
2015-02-13T15:33:43.234543 Received request from 102.23.55.32 for /example
2019-02-13T15:33:44.726534 Started database query for table users
2019-02-13T15:33:44.038472 Completed database query for table users
2019-02-13T15:33:43.234543 Received request from 102.23.55.32 for /example
2019-02-13T15:33:44.726534 Started database query for table users
2019-02-13T15:33:44.038472 Completed database query for table users
2019-02-13T15:33:43.234543 Received request from 102.23.55.32 for /example
2019-02-13T15:33:44.726534 Started database query for table users
2019-02-13T15:33:44.038472 Completed database query for table users
2019-02-13T15:33:43.234543 Received request from 102.23.55.32 for /example
2019-02-13T15:33:44.726534 Started database query for table users
2019-02-13T15:33:44.038472 Completed database query for table users
2019-02-13T15:33:43.234543 Received request from 102.23.55.32 for /example
2019-02-13T15:33:44.726534 Started database query for table users
2019-02-13T15:33:44.038472 Completed database query for table users
2019-02-13T15:33:43.234543 Received request from 102.23.55.32 for /example
2019-02-13T15:33:44.726534 Started database query for table users
2019-02-13T15:33:44.038472 Completed database query for table users
2019-02-13T15:33:43.234543 Received request from 102.23.55.32 for /example
2019-02-13T15:33:44.726534 Started database query for table users
2019-02-13T15:33:44.038472 Completed database query for table users
2019-02-13T15:33:43.234543 Received request from 102.23.55.32 for /example
2019-02-13T15:33:44.726534 Started database query for table users
2019-02-13T15:33:44.038472 Completed database query for table users
2019-02-13T15:33:43.234543 Received request from 102.23.55.32 for /example
2006-02-13T15:33:44.726534 Started database query for table users
2019-02-13T15:33:44.038472 Completed database query for table users
2019-02-13T15:33:43.234543 Received request from 102.23.55.32 for /example
2009-02-13T15:33:44.726534 Started database query for table users
2019-02-13T15:33:44.038472 Completed database query for table users
2019-02-13T15:33:43.234543 Received request from 102.23.55.32 for /example
2018-02-13T15:33:44.726534 Started database query for table users
2019-02-13T15:33:44.038472 Completed database query for table users
2019-02-13T15:33:43.234543 Received request from 102.23.55.32 for /example
2012-02-13T15:33:44.726534 Started database query for table users
2019-02-13T15:33:44.038472 Completed database query for table users
2019-02-13T15:33:43.234543 Received request from 102.23.55.32 for /example
2019-02-13T15:33:44.726534 Started database query for table users
2019-02-13T15:33:44.038472 Completed database query for table users
2015-02-13T15:33:43.234543 Received request from 102.23.55.32 for /example
2019-02-13T15:33:44.726534 Started database query for table users
2019-02-13T15:33:44.038472 Completed database query for table users
2019-02-13T15:33:43.234543 Received request from 102.23.55.32 for /example
2019-02-13T15:33:44.726534 Started database query for table users
2019-02-13T15:33:44.038472 Completed database query for table users
2019-02-13T15:33:43.234543 Received request from 102.23.55.32 for /example
2019-02-13T15:33:44.726534 Started database query for table users
2019-02-13T15:33:44.038472 Completed database query for table users
2019-02-13T15:33:43.234543 Received request from 102.23.55.32 for /example
2019-02-13T15:33:44.726534 Started database query for table users
2019-02-13T15:33:44.038472 Completed database query for table users
2019-02-13T15:33:43.234543 Received request from 102.23.55.32 for /example
2019-02-13T15:33:44.726534 Started database query for table users
2019-02-13T15:33:44.038472 Completed database query for table users
2019-02-13T15:33:43.234543 Received request from 102.23.55.32 for /example
2019-02-13T15:33:44.726534 Started database query for table users
2019-02-13T15:33:44.038472 Completed database query for table users
2019-02-13T15:33:43.234543 Received request from 102.23.55.32 for /example
2019-02-13T15:33:44.726534 Started database query for table users
2019-02-13T15:33:44.038472 Completed database query for table users
2019-02-13T15:33:43.234543 Received request from 102.23.55.32 for /example
2019-02-13T15:33:44.726534 Started database query for table users
2019-02-13T15:33:44.038472 Completed database query for table users
2019-02-13T15:33:43.234543 Received request from 102.23.55.32 for /example
2006-02-13T15:33:44.726534 Started database query for table users
2019-02-13T15:33:44.038472 Completed database query for table users
2019-02-13T15:33:43.234543 Received request from 102.23.55.32 for /example
2009-02-13T15:33:44.726534 Started database query for table users
2019-02-13T15:33:44.038472 Completed database query for table users
2019-02-13T15:33:43.234543 Received request from 102.23.55.32 for /example
2018-02-13T15:33:44.726534 Started database query for table users
2019-02-13T15:33:44.038472 Completed database query for table users
2019-02-13T15:33:43.234543 Received request from 102.23.55.32 for /example
2012-02-13T15:33:44.726534 Started database query for table users
2019-02-13T15:33:44.038472 Completed database query for table users
2019-02-13T15:33:43.234543 Received request from 102.23.55.32 for /example
2019-02-13T15:33:44.726534 Started database query for table users
2019-02-13T15:33:44.038472 Completed database query for table users
2015-02-13T15:33:43.234543 Received request from 102.23.55.32 for /example
2019-02-13T15:33:44.726534 Started database query for table users
2019-02-13T15:33:44.038472 Completed database query for table users
2019-02-13T15:33:43.234543 Received request from 102.23.55.32 for /example
2019-02-13T15:33:44.726534 Started database query for table users
2019-02-13T15:33:44.038472 Completed database query for table users
2019-02-13T15:33:43.234543 Received request from 102.23.55.32 for /example
2019-02-13T15:33:44.726534 Started database query for table users
2019-02-13T15:33:44.038472 Completed database query for table users
2019-02-13T15:33:43.234543 Received request from 102.23.55.32 for /example
2019-02-13T15:33:44.726534 Started database query for table users
2019-02-13T15:33:44.038472 Completed database query for table users
2019-02-13T15:33:43.234543 Received request from 102.23.55.32 for /example
2019-02-13T15:33:44.726534 Started database query for table users
2019-02-13T15:33:44.038472 Completed database query for table users
2019-02-13T15:33:43.234543 Received request from 102.23.55.32 for /example
2019-02-13T15:33:44.726534 Started database query for table users
2019-02-13T15:33:44.038472 Completed database query for table users
2019-02-13T15:33:43.234543 Received request from 102.23.55.32 for /example
2019-02-13T15:33:44.726534 Started database query for table users
2019-02-13T15:33:44.038472 Completed database query for table users
2019-02-13T15:33:43.234543 Received request from 102.23.55.32 for /example
2019-02-13T15:33:44.726534 Started database query for table users
2019-02-13T15:33:44.038472 Completed database query for table users
2019-02-13T15:33:43.234543 Received request from 102.23.55.32 for /example
2006-02-13T15:33:44.726534 Started database query for table users
2019-02-13T15:33:44.038472 Completed database query for table users
2019-02-13T15:33:43.234543 Received request from 102.23.55.32 for /example
2009-02-13T15:33:44.726534 Started database query for table users
2019-02-13T15:33:44.038472 Completed database query for table users
2019-02-13T15:33:43.234543 Received request from 102.23.55.32 for /example
2018-02-13T15:33:44.726534 Started database query for table users
2019-02-13T15:33:44.038472 Completed database query for table users
2019-02-13T15:33:43.234543 Received request from 102.23.55.32 for /example
2012-02-13T15:33:44.726534 Started database query for table users
2019-02-13T15:33:44.038472 Completed database query for table users
2019-02-13T15:33:43.234543 Received request from 102.23.55.32 for /example
2019-02-13T15:33:44.726534 Started database query for table users
2019-02-13T15:33:44.038472 Completed database query for table users
2015-02-13T15:33:43.234543 Received request from 102.23.55.32 for /example
2019-02-13T15:33:44.726534 Started database query for table users
2019-02-13T15:33:44.038472 Completed database query for table users
2019-02-13T15:33:43.234543 Received request from 102.23.55.32 for /example
2019-02-13T15:33:44.726534 Started database query for table users
2019-02-13T15:33:44.038472 Completed database query for table users
2019-02-13T15:33:43.234543 Received request from 102.23.55.32 for /example
2019-02-13T15:33:44.726534 Started database query for table users
2019-02-13T15:33:44.038472 Completed database query for table users
2019-02-13T15:33:43.234543 Received request from 102.23.55.32 for /example
2019-02-13T15:33:44.726534 Started database query for table users
2019-02-13T15:33:44.038472 Completed database query for table users
2019-02-13T15:33:43.234543 Received request from 102.23.55.32 for /example
2019-02-13T15:33:44.726534 Started database query for table users
2019-02-13T15:33:44.038472 Completed database query for table users
2019-02-13T15:33:43.234543 Received request from 102.23.55.32 for /example
2019-02-13T15:33:44.726534 Started database query for table users
2019-02-13T15:33:44.038472 Completed database query for table users
2019-02-13T15:33:43.234543 Received request from 102.23.55.32 for /example
2019-02-13T15:33:44.726534 Started database query for table users
2019-02-13T15:33:44.038472 Completed database query for table users
2019-02-13T15:33:43.234543 Received request from 102.23.55.32 for /example
2019-02-13T15:33:44.726534 Started database query for table users
2019-02-13T15:33:44.038472 Completed database query for table users
2019-02-13T15:33:43.234543 Received request from 102.23.55.32 for /example
2006-02-13T15:33:44.726534 Started database query for table users
2019-02-13T15:33:44.038472 Completed database query for table users
2019-02-13T15:33:43.234543 Received request from 102.23.55.32 for /example
2009-02-13T15:33:44.726534 Started database query for table users
2019-02-13T15:33:44.038472 Completed database query for table users
2019-02-13T15:33:43.234543 Received request from 102.23.55.32 for /example
2018-02-13T15:33:44.726534 Started database query for table users
2019-02-13T15:33:44.038472 Completed database query for table users
2019-02-13T15:33:43.234543 Received request from 102.23.55.32 for /example
2012-02-13T15:33:44.726534 Started database query for table users
2019-02-13T15:33:44.038472 Completed database query for table users
2019-02-13T15:33:43.234543 Received request from 102.23.55.32 for /example
2019-02-13T15:33:44.726534 Started database query for table users
2019-02-13T15:33:44.038472 Completed database query for table users
2015-02-13T15:33:43.234543 Received request from 102.23.55.32 for /example
2019-02-13T15:33:44.726534 Started database query for table users
2019-02-13T15:33:44.038472 Completed database query for table users
2019-02-13T15:33:43.234543 Received request from 102.23.55.32 for /example
2019-02-13T15:33:44.726534 Started database query for table users
2019-02-13T15:33:44.038472 Completed database query for table users
2019-02-13T15:33:43.234543 Received request from 102.23.55.32 for /example
2019-02-13T15:33:44.726534 Started database query for table users
2019-02-13T15:33:44.038472 Completed database query for table users
2019-02-13T15:33:43.234543 Received request from 102.23.55.32 for /example
2019-02-13T15:33:44.726534 Started database query for table users
2019-02-13T15:33:44.038472 Completed database query for table users
2019-02-13T15:33:43.234543 Received request from 102.23.55.32 for /example
2019-02-13T15:33:44.726534 Started database query for table users
2019-02-13T15:33:44.038472 Completed database query for table users
2019-02-13T15:33:43.234543 Received request from 102.23.55.32 for /example
2019-02-13T15:33:44.726534 Started database query for table users
2019-02-13T15:33:44.038472 Completed database query for table users
2019-02-13T15:33:43.234543 Received request from 102.23.55.32 for /example
2019-02-13T15:33:44.726534 Started database query for table users
2019-02-13T15:33:44.038472 Completed database query for table users
2019-02-13T15:33:43.234543 Received request from 102.23.55.32 for /example
2019-02-13T15:33:44.726534 Started database query for table users
2019-02-13T15:33:44.038472 Completed database query for table users
2019-02-13T15:33:43.234543 Received request from 102.23.55.32 for /example
2006-02-13T15:33:44.726534 Started database query for table users
2019-02-13T15:33:44.038472 Completed database query for table users
2019-02-13T15:33:43.234543 Received request from 102.23.55.32 for /example
2009-02-13T15:33:44.726534 Started database query for table users
2019-02-13T15:33:44.038472 Completed database query for table users
2019-02-13T15:33:43.234543 Received request from 102.23.55.32 for /example
2018-02-13T15:33:44.726534 Started database query for table users
2019-02-13T15:33:44.038472 Completed database query for table users
2019-02-13T15:33:43.234543 Received request from 102.23.55.32 for /example
2012-02-13T15:33:44.726534 Started database query for table users
2019-02-13T15:33:44.038472 Completed database query for table users
2019-02-13T15:33:43.234543 Received request from 102.23.55.32 for /example
2019-02-13T15:33:44.726534 Started database query for table users
2019-02-13T15:33:44.038472 Completed database query for table users
2015-02-13T15:33:43.234543 Received request from 102.23.55.32 for /example
2019-02-13T15:33:44.726534 Started database query for table users
2019-02-13T15:33:44.038472 Completed database query for table users
2019-02-13T15:33:43.234543 Received request from 102.23.55.32 for /example
2019-02-13T15:33:44.726534 Started database query for table users
2019-02-13T15:33:44.038472 Completed database query for table users
2019-02-13T15:33:43.234543 Received request from 102.23.55.32 for /example
2019-02-13T15:33:44.726534 Started database query for table users
2019-02-13T15:33:44.038472 Completed database query for table users
2019-02-13T15:33:43.234543 Received request from 102.23.55.32 for /example
2019-02-13T15:33:44.726534 Started database query for table users
2019-02-13T15:33:44.038472 Completed database query for table users
2019-02-13T15:33:43.234543 Received request from 102.23.55.32 for /example
2019-02-13T15:33:44.726534 Started database query for table users
2019-02-13T15:33:44.038472 Completed database query for table users
2019-02-13T15:33:43.234543 Received request from 102.23.55.32 for /example
2019-02-13T15:33:44.726534 Started database query for table users
2019-02-13T15:33:44.038472 Completed database query for table users
2019-02-13T15:33:43.234543 Received request from 102.23.55.32 for /example
2019-02-13T15:33:44.726534 Started database query for table users
2019-02-13T15:33:44.038472 Completed database query for table users
2019-02-13T15:33:43.234543 Received request from 102.23.55.32 for /example
2019-02-13T15:33:44.726534 Started database query for table users
2019-02-13T15:33:44.038472 Completed database query for table users
2019-02-13T15:33:43.234543 Received request from 102.23.55.32 for /example
2006-02-13T15:33:44.726534 Started database query for table users
2019-02-13T15:33:44.038472 Completed database query for table users
2019-02-13T15:33:43.234543 Received request from 102.23.55.32 for /example
2009-02-13T15:33:44.726534 Started database query for table users
2019-02-13T15:33:44.038472 Completed database query for table users
2019-02-13T15:33:43.234543 Received request from 102.23.55.32 for /example
2018-02-13T15:33:44.726534 Started database query for table users
2019-02-13T15:33:44.038472 Completed database query for table users
2019-02-13T15:33:43.234543 Received request from 102.23.55.32 for /example
2012-02-13T15:33:44.726534 Started database query for table users
2019-02-13T15:33:44.038472 Completed database query for table users
2019-02-13T15:33:43.234543 Received request from 102.23.55.32 for /example
2019-02-13T15:33:44.726534 Started database query for table users
2019-02-13T15:33:44.038472 Completed database query for table users
2015-02-13T15:33:43.234543 Received request from 102.23.55.32 for /example
2019-02-13T15:33:44.726534 Started database query for table users
2019-02-13T15:33:44.038472 Completed database query for table users
2019-02-13T15:33:43.234543 Received request from 102.23.55.32 for /example
2019-02-13T15:33:44.726534 Started database query for table users
2019-02-13T15:33:44.038472 Completed database query for table users
2019-02-13T15:33:43.234543 Received request from 102.23.55.32 for /example
2019-02-13T15:33:44.726534 Started database query for table users
2019-02-13T15:33:44.038472 Completed database query for table users
2019-02-13T15:33:43.234543 Received request from 102.23.55.32 for /example
2019-02-13T15:33:44.726534 Started database query for table users
2019-02-13T15:33:44.038472 Completed database query for table users
2019-02-13T15:33:43.234543 Received request from 102.23.55.32 for /example
2019-02-13T15:33:44.726534 Started database query for table users
2019-02-13T15:33:44.038472 Completed database query for table users
2019-02-13T15:33:43.234543 Received request from 102.23.55.32 for /example
2019-02-13T15:33:44.726534 Started database query for table users
2019-02-13T15:33:44.038472 Completed database query for table users
2019-02-13T15:33:43.234543 Received request from 102.23.55.32 for /example
2019-02-13T15:33:44.726534 Started database query for table users
2019-02-13T15:33:44.038472 Completed database query for table users
2019-02-13T15:33:43.234543 Received request from 102.23.55.32 for /example
2019-02-13T15:33:44.726534 Started database query for table users
2019-02-13T15:33:44.038472 Completed database query for table users
2019-02-13T15:33:43.234543 Received request from 102.23.55.32 for /example
2006-02-13T15:33:44.726534 Started database query for table users
2019-02-13T15:33:44.038472 Completed database query for table users
2019-02-13T15:33:43.234543 Received request from 102.23.55.32 for /example
2009-02-13T15:33:44.726534 Started database query for table users
2019-02-13T15:33:44.038472 Completed database query for table users
2019-02-13T15:33:43.234543 Received request from 102.23.55.32 for /example
2018-02-13T15:33:44.726534 Started database query for table users
2019-02-13T15:33:44.038472 Completed database query for table users
2019-02-13T15:33:43.234543 Received request from 102.23.55.32 for /example
2012-02-13T15:33:44.726534 Started database query for table users
2019-02-13T15:33:44.038472 Completed database query for table users
2019-02-13T15:33:43.234543 Received request from 102.23.55.32 for /example
2019-02-13T15:33:44.726534 Started database query for table users
2019-02-13T15:33:44.038472 Completed database query for table users
2015-02-13T15:33:43.234543 Received request from 102.23.55.32 for /example
2019-02-13T15:33:44.726534 Started database query for table users
2019-02-13T15:33:44.038472 Completed database query for table users
2019-02-13T15:33:43.234543 Received request from 102.23.55.32 for /example
2019-02-13T15:33:44.726534 Started database query for table users
2019-02-13T15:33:44.038472 Completed database query for table users
2019-02-13T15:33:43.234543 Received request from 102.23.55.32 for /example
2019-02-13T15:33:44.726534 Started database query for table users
2019-02-13T15:33:44.038472 Completed database query for table users
2019-02-13T15:33:43.234543 Received request from 102.23.55.32 for /example
2019-02-13T15:33:44.726534 Started database query for table users
2019-02-13T15:33:44.038472 Completed database query for table users
2019-02-13T15:33:43.234543 Received request from 102.23.55.32 for /example
2019-02-13T15:33:44.726534 Started database query for table users
2019-02-13T15:33:44.038472 Completed database query for table users
2019-02-13T15:33:43.234543 Received request from 102.23.55.32 for /example
2019-02-13T15:33:44.726534 Started database query for table users
2019-02-13T15:33:44.038472 Completed database query for table users
2019-02-13T15:33:43.234543 Received request from 102.23.55.32 for /example
2019-02-13T15:33:44.726534 Started database query for table users
2019-02-13T15:33:44.038472 Completed database query for table users
2019-02-13T15:33:43.234543 Received request from 102.23.55.32 for /example
2019-02-13T15:33:44.726534 Started database query for table users
2019-02-13T15:33:44.038472 Completed database query for table users
2019-02-13T15:33:43.234543 Received request from 102.23.55.32 for /example
2006-02-13T15:33:44.726534 Started database query for table users
2019-02-13T15:33:44.038472 Completed database query for table users
2019-02-13T15:33:43.234543 Received request from 102.23.55.32 for /example
2009-02-13T15:33:44.726534 Started database query for table users
2019-02-13T15:33:44.038472 Completed database query for table users
2019-02-13T15:33:43.234543 Received request from 102.23.55.32 for /example
2018-02-13T15:33:44.726534 Started database query for table users
2019-02-13T15:33:44.038472 Completed database query for table users
2019-02-13T15:33:43.234543 Received request from 102.23.55.32 for /example
2012-02-13T15:33:44.726534 Started database query for table users
2019-02-13T15:33:44.038472 Completed database query for table users
2019-02-13T15:33:43.234543 Received request from 102.23.55.32 for /example
2019-02-13T15:33:44.726534 Started database query for table users
2019-02-13T15:33:44.038472 Completed database query for table users
2015-02-13T15:33:43.234543 Received request from 102.23.55.32 for /example
2019-02-13T15:33:44.726534 Started database query for table users
2019-02-13T15:33:44.038472 Completed database query for table users
2019-02-13T15:33:43.234543 Received request from 102.23.55.32 for /example
2019-02-13T15:33:44.726534 Started database query for table users
2019-02-13T15:33:44.038472 Completed database query for table users
2019-02-13T15:33:43.234543 Received request from 102.23.55.32 for /example
2019-02-13T15:33:44.726534 Started database query for table users
2019-02-13T15:33:44.038472 Completed database query for table users
2019-02-13T15:33:43.234543 Received request from 102.23.55.32 for /example
2019-02-13T15:33:44.726534 Started database query for table users
2019-02-13T15:33:44.038472 Completed database query for table users
2019-02-13T15:33:43.234543 Received request from 102.23.55.32 for /example
2019-02-13T15:33:44.726534 Started database query for table users
2019-02-13T15:33:44.038472 Completed database query for table users
2019-02-13T15:33:43.234543 Received request from 102.23.55.32 for /example
2019-02-13T15:33:44.726534 Started database query for table users
2019-02-13T15:33:44.038472 Completed database query for table users
2019-02-13T15:33:43.234543 Received request from 102.23.55.32 for /example
2019-02-13T15:33:44.726534 Started database query for table users
2019-02-13T15:33:44.038472 Completed database query for table users
2019-02-13T15:33:43.234543 Received request from 102.23.55.32 for /example
2019-02-13T15:33:44.726534 Started database query for table users
2019-02-13T15:33:44.038472 Completed database query for table users
2019-02-13T15:33:43.234543 Received request from 102.23.55.32 for /example
2006-02-13T15:33:44.726534 Started database query for table users
2019-02-13T15:33:44.038472 Completed database query for table users
2019-02-13T15:33:43.234543 Received request from 102.23.55.32 for /example
2009-02-13T15:33:44.726534 Started database query for table users
2019-02-13T15:33:44.038472 Completed database query for table users
2019-02-13T15:33:43.234543 Received request from 102.23.55.32 for /example
2018-02-13T15:33:44.726534 Started database query for table users
2019-02-13T15:33:44.038472 Completed database query for table users
2019-02-13T15:33:43.234543 Received request from 102.23.55.32 for /example
2012-02-13T15:33:44.726534 Started database query for table users
2019-02-13T15:33:44.038472 Completed database query for table users
2019-02-13T15:33:43.234543 Received request from 102.23.55.32 for /example
2019-02-13T15:33:44.726534 Started database query for table users
2019-02-13T15:33:44.038472 Completed database query for table users
2015-02-13T15:33:43.234543 Received request from 102.23.55.32 for /example
2019-02-13T15:33:44.726534 Started database query for table users
2019-02-13T15:33:44.038472 Completed database query for table users
2019-02-13T15:33:43.234543 Received request from 102.23.55.32 for /example
2019-02-13T15:33:44.726534 Started database query for table users
2019-02-13T15:33:44.038472 Completed database query for table users
2019-02-13T15:33:43.234543 Received request from 102.23.55.32 for /example
2019-02-13T15:33:44.726534 Started database query for table users
2019-02-13T15:33:44.038472 Completed database query for table users
2019-02-13T15:33:43.234543 Received request from 102.23.55.32 for /example
2019-02-13T15:33:44.726534 Started database query for table users
2019-02-13T15:33:44.038472 Completed database query for table users
2019-02-13T15:33:43.234543 Received request from 102.23.55.32 for /example
2019-02-13T15:33:44.726534 Started database query for table users
2019-02-13T15:33:44.038472 Completed database query for table users
2019-02-13T15:33:43.234543 Received request from 102.23.55.32 for /example
2019-02-13T15:33:44.726534 Started database query for table users
2019-02-13T15:33:44.038472 Completed database query for table users
2019-02-13T15:33:43.234543 Received request from 102.23.55.32 for /example
2019-02-13T15:33:44.726534 Started database query for table users
2019-02-13T15:33:44.038472 Completed database query for table users
2019-02-13T15:33:43.234543 Received request from 102.23.55.32 for /example
2019-02-13T15:33:44.726534 Started database query for table users
2019-02-13T15:33:44.038472 Completed database query for table users
2019-02-13T15:33:43.234543 Received request from 102.23.55.32 for /example
2006-02-13T15:33:44.726534 Started database query for table users
2019-02-13T15:33:44.038472 Completed database query for table users
2019-02-13T15:33:43.234543 Received request from 102.23.55.32 for /example
2009-02-13T15:33:44.726534 Started database query for table users
2019-02-13T15:33:44.038472 Completed database query for table users
2019-02-13T15:33:43.234543 Received request from 102.23.55.32 for /example
2018-02-13T15:33:44.726534 Started database query for table users
2019-02-13T15:33:44.038472 Completed database query for table users
2019-02-13T15:33:43.234543 Received request from 102.23.55.32 for /example
2012-02-13T15:33:44.726534 Started database query for table users
2019-02-13T15:33:44.038472 Completed database query for table users
2019-02-13T15:33:43.234543 Received request from 102.23.55.32 for /example
2019-02-13T15:33:44.726534 Started database query for table users
2019-02-13T15:33:44.038472 Completed database query for table users
2015-02-13T15:33:43.234543 Received request from 102.23.55.32 for /example
2019-02-13T15:33:44.726534 Started database query for table users
2019-02-13T15:33:44.038472 Completed database query for table users
2019-02-13T15:33:43.234543 Received request from 102.23.55.32 for /example
2019-02-13T15:33:44.726534 Started database query for table users
2019-02-13T15:33:44.038472 Completed database query for table users
2019-02-13T15:33:43.234543 Received request from 102.23.55.32 for /example
2019-02-13T15:33:44.726534 Started database query for table users
2019-02-13T15:33:44.038472 Completed database query for table users
2019-02-13T15:33:43.234543 Received request from 102.23.55.32 for /example
2019-02-13T15:33:44.726534 Started database query for table users
2019-02-13T15:33:44.038472 Completed database query for table users
2019-02-13T15:33:43.234543 Received request from 102.23.55.32 for /example
2019-02-13T15:33:44.726534 Started database query for table users
2019-02-13T15:33:44.038472 Completed database query for table users
2019-02-13T15:33:43.234543 Received request from 102.23.55.32 for /example
2019-02-13T15:33:44.726534 Started database query for table users
2019-02-13T15:33:44.038472 Completed database query for table users
2019-02-13T15:33:43.234543 Received request from 102.23.55.32 for /example
2019-02-13T15:33:44.726534 Started database query for table users
2019-02-13T15:33:44.038472 Completed database query for table users
2019-02-13T15:33:43.234543 Received request from 102.23.55.32 for /example
2019-02-13T15:33:44.726534 Started database query for table users
2019-02-13T15:33:44.038472 Completed database query for table users
2019-02-13T15:33:43.234543 Received request from 102.23.55.32 for /example
2006-02-13T15:33:44.726534 Started database query for table users
2019-02-13T15:33:44.038472 Completed database query for table users
2019-02-13T15:33:43.234543 Received request from 102.23.55.32 for /example
2009-02-13T15:33:44.726534 Started database query for table users
2019-02-13T15:33:44.038472 Completed database query for table users
2019-02-13T15:33:43.234543 Received request from 102.23.55.32 for /example
2018-02-13T15:33:44.726534 Started database query for table users
2019-02-13T15:33:44.038472 Completed database query for table users
2019-02-13T15:33:43.234543 Received request from 102.23.55.32 for /example
2012-02-13T15:33:44.726534 Started database query for table users
2019-02-13T15:33:44.038472 Completed database query for table users
2019-02-13T15:33:43.234543 Received request from 102.23.55.32 for /example
2019-02-13T15:33:44.726534 Started database query for table users
2019-02-13T15:33:44.038472 Completed database query for table users
2015-02-13T15:33:43.234543 Received request from 102.23.55.32 for /example
2019-02-13T15:33:44.726534 Started database query for table users
2019-02-13T15:33:44.038472 Completed database query for table users
2019-02-13T15:33:43.234543 Received request from 102.23.55.32 for /example
2019-02-13T15:33:44.726534 Started database query for table users
2019-02-13T15:33:44.038472 Completed database query for table users
2019-02-13T15:33:43.234543 Received request from 102.23.55.32 for /example
2019-02-13T15:33:44.726534 Started database query for table users
2019-02-13T15:33:44.038472 Completed database query for table users
2019-02-13T15:33:43.234543 Received request from 102.23.55.32 for /example
2019-02-13T15:33:44.726534 Started database query for table users
2019-02-13T15:33:44.038472 Completed database query for table users
2019-02-13T15:33:43.234543 Received request from 102.23.55.32 for /example
2019-02-13T15:33:44.726534 Started database query for table users
2019-02-13T15:33:44.038472 Completed database query for table users
2019-02-13T15:33:43.234543 Received request from 102.23.55.32 for /example
2019-02-13T15:33:44.726534 Started database query for table users
2019-02-13T15:33:44.038472 Completed database query for table users
2019-02-13T15:33:43.234543 Received request from 102.23.55.32 for /example
2019-02-13T15:33:44.726534 Started database query for table users
2019-02-13T15:33:44.038472 Completed database query for table users
2019-02-13T15:33:43.234543 Received request from 102.23.55.32 for /example
2019-02-13T15:33:44.726534 Started database query for table users
2019-02-13T15:33:44.038472 Completed database query for table users
2019-02-13T15:33:43.234543 Received request from 102.23.55.32 for /example
2006-02-13T15:33:44.726534 Started database query for table users
2019-02-13T15:33:44.038472 Completed database query for table users
2019-02-13T15:33:43.234543 Received request from 102.23.55.32 for /example
2009-02-13T15:33:44.726534 Started database query for table users
2019-02-13T15:33:44.038472 Completed database query for table users
2019-02-13T15:33:43.234543 Received request from 102.23.55.32 for /example
2018-02-13T15:33:44.726534 Started database query for table users
2019-02-13T15:33:44.038472 Completed database query for table users
2019-02-13T15:33:43.234543 Received request from 102.23.55.32 for /example
2012-02-13T15:33:44.726534 Started database query for table users
2019-02-13T15:33:44.038472 Completed database query for table users
2019-02-13T15:33:43.234543 Received request from 102.23.55.32 for /example
2019-02-13T15:33:44.726534 Started database query for table users
2019-02-13T15:33:44.038472 Completed database query for table users
2015-02-13T15:33:43.234543 Received request from 102.23.55.32 for /example
2019-02-13T15:33:44.726534 Started database query for table users
2019-02-13T15:33:44.038472 Completed database query for table users
2019-02-13T15:33:43.234543 Received request from 102.23.55.32 for /example
2019-02-13T15:33:44.726534 Started database query for table users
2019-02-13T15:33:44.038472 Completed database query for table users
2019-02-13T15:33:43.234543 Received request from 102.23.55.32 for /example
2019-02-13T15:33:44.726534 Started database query for table users
2019-02-13T15:33:44.038472 Completed database query for table users
2019-02-13T15:33:43.234543 Received request from 102.23.55.32 for /example
2019-02-13T15:33:44.726534 Started database query for table users
2019-02-13T15:33:44.038472 Completed database query for table users
2019-02-13T15:33:43.234543 Received request from 102.23.55.32 for /example
2019-02-13T15:33:44.726534 Started database query for table users
2019-02-13T15:33:44.038472 Completed database query for table users
2019-02-13T15:33:43.234543 Received request from 102.23.55.32 for /example
2019-02-13T15:33:44.726534 Started database query for table users
2019-02-13T15:33:44.038472 Completed database query for table users
2019-02-13T15:33:43.234543 Received request from 102.23.55.32 for /example
2019-02-13T15:33:44.726534 Started database query for table users
2019-02-13T15:33:44.038472 Completed database query for table users
2019-02-13T15:33:43.234543 Received request from 102.23.55.32 for /example
2019-02-13T15:33:44.726534 Started database query for table users
2019-02-13T15:33:44.038472 Completed database query for table users
2019-02-13T15:33:43.234543 Received request from 102.23.55.32 for /example
2006-02-13T15:33:44.726534 Started database query for table users
2019-02-13T15:33:44.038472 Completed database query for table users
2019-02-13T15:33:43.234543 Received request from 102.23.55.32 for /example
2009-02-13T15:33:44.726534 Started database query for table users
2019-02-13T15:33:44.038472 Completed database query for table users
2019-02-13T15:33:43.234543 Received request from 102.23.55.32 for /example
2018-02-13T15:33:44.726534 Started database query for table users
2019-02-13T15:33:44.038472 Completed database query for table users
2019-02-13T15:33:43.234543 Received request from 102.23.55.32 for /example
2012-02-13T15:33:44.726534 Started database query for table users
2019-02-13T15:33:44.038472 Completed database query for table users
2019-02-13T15:33:43.234543 Received request from 102.23.55.32 for /example
2019-02-13T15:33:44.726534 Started database query for table users
2019-02-13T15:33:44.038472 Completed database query for table users
2015-02-13T15:33:43.234543 Received request from 102.23.55.32 for /example
2019-02-13T15:33:44.726534 Started database query for table users
2019-02-13T15:33:44.038472 Completed database query for table users
2019-02-13T15:33:43.234543 Received request from 102.23.55.32 for /example
2019-02-13T15:33:44.726534 Started database query for table users
2019-02-13T15:33:44.038472 Completed database query for table users
2019-02-13T15:33:43.234543 Received request from 102.23.55.32 for /example
2019-02-13T15:33:44.726534 Started database query for table users
2019-02-13T15:33:44.038472 Completed database query for table users
2019-02-13T15:33:43.234543 Received request from 102.23.55.32 for /example
2019-02-13T15:33:44.726534 Started database query for table users
2019-02-13T15:33:44.038472 Completed database query for table users
2019-02-13T15:33:43.234543 Received request from 102.23.55.32 for /example
2019-02-13T15:33:44.726534 Started database query for table users
2019-02-13T15:33:44.038472 Completed database query for table users
2019-02-13T15:33:43.234543 Received request from 102.23.55.32 for /example
2019-02-13T15:33:44.726534 Started database query for table users
2019-02-13T15:33:44.038472 Completed database query for table users
2019-02-13T15:33:43.234543 Received request from 102.23.55.32 for /example
2019-02-13T15:33:44.726534 Started database query for table users
2019-02-13T15:33:44.038472 Completed database query for table users
2019-02-13T15:33:43.234543 Received request from 102.23.55.32 for /example
2019-02-13T15:33:44.726534 Started database query for table users
2019-02-13T15:33:44.038472 Completed database query for table users
2019-02-13T15:33:43.234543 Received request from 102.23.55.32 for /example
2006-02-13T15:33:44.726534 Started database query for table users
2019-02-13T15:33:44.038472 Completed database query for table users
2019-02-13T15:33:43.234543 Received request from 102.23.55.32 for /example
2009-02-13T15:33:44.726534 Started database query for table users
2019-02-13T15:33:44.038472 Completed database query for table users
2019-02-13T15:33:43.234543 Received request from 102.23.55.32 for /example
2018-02-13T15:33:44.726534 Started database query for table users
2019-02-13T15:33:44.038472 Completed database query for table users
2019-02-13T15:33:43.234543 Received request from 102.23.55.32 for /example
2012-02-13T15:33:44.726534 Started database query for table users
2019-02-13T15:33:44.038472 Completed database query for table users
2019-02-13T15:33:43.234543 Received request from 102.23.55.32 for /example
2019-02-13T15:33:44.726534 Started database query for table users
2019-02-13T15:33:44.038472 Completed database query for table users
2015-02-13T15:33:43.234543 Received request from 102.23.55.32 for /example
2019-02-13T15:33:44.726534 Started database query for table users
2019-02-13T15:33:44.038472 Completed database query for table users
2019-02-13T15:33:43.234543 Received request from 102.23.55.32 for /example
2019-02-13T15:33:44.726534 Started database query for table users
2019-02-13T15:33:44.038472 Completed database query for table users
2019-02-13T15:33:43.234543 Received request from 102.23.55.32 for /example
2019-02-13T15:33:44.726534 Started database query for table users
2019-02-13T15:33:44.038472 Completed database query for table users
2019-02-13T15:33:43.234543 Received request from 102.23.55.32 for /example
2019-02-13T15:33:44.726534 Started database query for table users
2019-02-13T15:33:44.038472 Completed database query for table users
2019-02-13T15:33:43.234543 Received request from 102.23.55.32 for /example
2019-02-13T15:33:44.726534 Started database query for table users
2019-02-13T15:33:44.038472 Completed database query for table users
2019-02-13T15:33:43.234543 Received request from 102.23.55.32 for /example
2019-02-13T15:33:44.726534 Started database query for table users
2019-02-13T15:33:44.038472 Completed database query for table users
2019-02-13T15:33:43.234543 Received request from 102.23.55.32 for /example
2019-02-13T15:33:44.726534 Started database query for table users
2019-02-13T15:33:44.038472 Completed database query for table users
2019-02-13T15:33:43.234543 Received request from 102.23.55.32 for /example
2019-02-13T15:33:44.726534 Started database query for table users
2019-02-13T15:33:44.038472 Completed database query for table users
2019-02-13T15:33:43.234543 Received request from 102.23.55.32 for /example
2006-02-13T15:33:44.726534 Started database query for table users
2019-02-13T15:33:44.038472 Completed database query for table users
2019-02-13T15:33:43.234543 Received request from 102.23.55.32 for /example
2009-02-13T15:33:44.726534 Started database query for table users
2019-02-13T15:33:44.038472 Completed database query for table users
2019-02-13T15:33:43.234543 Received request from 102.23.55.32 for /example
2018-02-13T15:33:44.726534 Started database query for table users
2019-02-13T15:33:44.038472 Completed database query for table users
2019-02-13T15:33:43.234543 Received request from 102.23.55.32 for /example
2012-02-13T15:33:44.726534 Started database query for table users
2019-02-13T15:33:44.038472 Completed database query for table users
2019-02-13T15:33:43.234543 Received request from 102.23.55.32 for /example
2019-02-13T15:33:44.726534 Started database query for table users
2019-02-13T15:33:44.038472 Completed database query for table users
2015-02-13T15:33:43.234543 Received request from 102.23.55.32 for /example
2019-02-13T15:33:44.726534 Started database query for table users
2019-02-13T15:33:44.038472 Completed database query for table users
2019-02-13T15:33:43.234543 Received request from 102.23.55.32 for /example
2019-02-13T15:33:44.726534 Started database query for table users
2019-02-13T15:33:44.038472 Completed database query for table users
2019-02-13T15:33:43.234543 Received request from 102.23.55.32 for /example
2019-02-13T15:33:44.726534 Started database query for table users
2019-02-13T15:33:44.038472 Completed database query for table users
2019-02-13T15:33:43.234543 Received request from 102.23.55.32 for /example
2019-02-13T15:33:44.726534 Started database query for table users
2019-02-13T15:33:44.038472 Completed database query for table users
2019-02-13T15:33:43.234543 Received request from 102.23.55.32 for /example
2019-02-13T15:33:44.726534 Started database query for table users
2019-02-13T15:33:44.038472 Completed database query for table users
2019-02-13T15:33:43.234543 Received request from 102.23.55.32 for /example
2019-02-13T15:33:44.726534 Started database query for table users
2019-02-13T15:33:44.038472 Completed database query for table users
2019-02-13T15:33:43.234543 Received request from 102.23.55.32 for /example
2019-02-13T15:33:44.726534 Started database query for table users
2019-02-13T15:33:44.038472 Completed database query for table users
2019-02-13T15:33:43.234543 Received request from 102.23.55.32 for /example
2019-02-13T15:33:44.726534 Started database query for table users
2019-02-13T15:33:44.038472 Completed database query for table users
2019-02-13T15:33:43.234543 Received request from 102.23.55.32 for /example
2006-02-13T15:33:44.726534 Started database query for table users
2019-02-13T15:33:44.038472 Completed database query for table users
2019-02-13T15:33:43.234543 Received request from 102.23.55.32 for /example
2009-02-13T15:33:44.726534 Started database query for table users
2019-02-13T15:33:44.038472 Completed database query for table users
2019-02-13T15:33:43.234543 Received request from 102.23.55.32 for /example
2018-02-13T15:33:44.726534 Started database query for table users
2019-02-13T15:33:44.038472 Completed database query for table users
2019-02-13T15:33:43.234543 Received request from 102.23.55.32 for /example
2012-02-13T15:33:44.726534 Started database query for table users
2019-02-13T15:33:44.038472 Completed database query for table users
2019-02-13T15:33:43.234543 Received request from 102.23.55.32 for /example
2019-02-13T15:33:44.726534 Started database query for table users
2019-02-13T15:33:44.038472 Completed database query for table users
2015-02-13T15:33:43.234543 Received request from 102.23.55.32 for /example
2019-02-13T15:33:44.726534 Started database query for table users
2019-02-13T15:33:44.038472 Completed database query for table users
2019-02-13T15:33:43.234543 Received request from 102.23.55.32 for /example
2019-02-13T15:33:44.726534 Started database query for table users
2019-02-13T15:33:44.038472 Completed database query for table users
2019-02-13T15:33:43.234543 Received request from 102.23.55.32 for /example
2019-02-13T15:33:44.726534 Started database query for table users
2019-02-13T15:33:44.038472 Completed database query for table users
2019-02-13T15:33:43.234543 Received request from 102.23.55.32 for /example
2019-02-13T15:33:44.726534 Started database query for table users
2019-02-13T15:33:44.038472 Completed database query for table users
2019-02-13T15:33:43.234543 Received request from 102.23.55.32 for /example
2019-02-13T15:33:44.726534 Started database query for table users
2019-02-13T15:33:44.038472 Completed database query for table users
2019-02-13T15:33:43.234543 Received request from 102.23.55.32 for /example
2019-02-13T15:33:44.726534 Started database query for table users
2019-02-13T15:33:44.038472 Completed database query for table users
2019-02-13T15:33:43.234543 Received request from 102.23.55.32 for /example
2019-02-13T15:33:44.726534 Started database query for table users
2019-02-13T15:33:44.038472 Completed database query for table users
2019-02-13T15:33:43.234543 Received request from 102.23.55.32 for /example
2019-02-13T15:33:44.726534 Started database query for table users
2019-02-13T15:33:44.038472 Completed database query for table users
2019-02-13T15:33:43.234543 Received request from 102.23.55.32 for /example
2006-02-13T15:33:44.726534 Started database query for table users
2019-02-13T15:33:44.038472 Completed database query for table users
2019-02-13T15:33:43.234543 Received request from 102.23.55.32 for /example
2009-02-13T15:33:44.726534 Started database query for table users
2019-02-13T15:33:44.038472 Completed database query for table users
2019-02-13T15:33:43.234543 Received request from 102.23.55.32 for /example
2018-02-13T15:33:44.726534 Started database query for table users
2019-02-13T15:33:44.038472 Completed database query for table users
2019-02-13T15:33:43.234543 Received request from 102.23.55.32 for /example
2012-02-13T15:33:44.726534 Started database query for table users
2019-02-13T15:33:44.038472 Completed database query for table users
2019-02-13T15:33:43.234543 Received request from 102.23.55.32 for /example
2019-02-13T15:33:44.726534 Started database query for table users
2019-02-13T15:33:44.038472 Completed database query for table users
2015-02-13T15:33:43.234543 Received request from 102.23.55.32 for /example
2019-02-13T15:33:44.726534 Started database query for table users
2019-02-13T15:33:44.038472 Completed database query for table users
2019-02-13T15:33:43.234543 Received request from 102.23.55.32 for /example
2019-02-13T15:33:44.726534 Started database query for table users
2019-02-13T15:33:44.038472 Completed database query for table users
2019-02-13T15:33:43.234543 Received request from 102.23.55.32 for /example
2019-02-13T15:33:44.726534 Started database query for table users
2019-02-13T15:33:44.038472 Completed database query for table users
2019-02-13T15:33:43.234543 Received request from 102.23.55.32 for /example
2019-02-13T15:33:44.726534 Started database query for table users
2019-02-13T15:33:44.038472 Completed database query for table users
2019-02-13T15:33:43.234543 Received request from 102.23.55.32 for /example
2019-02-13T15:33:44.726534 Started database query for table users
2019-02-13T15:33:44.038472 Completed database query for table users
2019-02-13T15:33:43.234543 Received request from 102.23.55.32 for /example
2019-02-13T15:33:44.726534 Started database query for table users
2019-02-13T15:33:44.038472 Completed database query for table users
2019-02-13T15:33:43.234543 Received request from 102.23.55.32 for /example
2019-02-13T15:33:44.726534 Started database query for table users
2019-02-13T15:33:44.038472 Completed database query for table users
2019-02-13T15:33:43.234543 Received request from 102.23.55.32 for /example
2019-02-13T15:33:44.726534 Started database query for table users
2019-02-13T15:33:44.038472 Completed database query for table users
2019-02-13T15:33:43.234543 Received request from 102.23.55.32 for /example
2006-02-13T15:33:44.726534 Started database query for table users
2019-02-13T15:33:44.038472 Completed database query for table users
2019-02-13T15:33:43.234543 Received request from 102.23.55.32 for /example
2009-02-13T15:33:44.726534 Started database query for table users
2019-02-13T15:33:44.038472 Completed database query for table users
2019-02-13T15:33:43.234543 Received request from 102.23.55.32 for /example
2018-02-13T15:33:44.726534 Started database query for table users
2019-02-13T15:33:44.038472 Completed database query for table users
2019-02-13T15:33:43.234543 Received request from 102.23.55.32 for /example
2012-02-13T15:33:44.726534 Started database query for table users
2019-02-13T15:33:44.038472 Completed database query for table users
2019-02-13T15:33:43.234543 Received request from 102.23.55.32 for /example
2019-02-13T15:33:44.726534 Started database query for table users
2019-02-13T15:33:44.038472 Completed database query for table users
2015-02-13T15:33:43.234543 Received request from 102.23.55.32 for /example
2019-02-13T15:33:44.726534 Started database query for table users
2019-02-13T15:33:44.038472 Completed database query for table users
2019-02-13T15:33:43.234543 Received request from 102.23.55.32 for /example
2019-02-13T15:33:44.726534 Started database query for table users
2019-02-13T15:33:44.038472 Completed database query for table users
2019-02-13T15:33:43.234543 Received request from 102.23.55.32 for /example
2019-02-13T15:33:44.726534 Started database query for table users
2019-02-13T15:33:44.038472 Completed database query for table users
2019-02-13T15:33:43.234543 Received request from 102.23.55.32 for /example
2019-02-13T15:33:44.726534 Started database query for table users
2019-02-13T15:33:44.038472 Completed database query for table users
2019-02-13T15:33:43.234543 Received request from 102.23.55.32 for /example
2019-02-13T15:33:44.726534 Started database query for table users
2019-02-13T15:33:44.038472 Completed database query for table users
2019-02-13T15:33:43.234543 Received request from 102.23.55.32 for /example
2019-02-13T15:33:44.726534 Started database query for table users
2019-02-13T15:33:44.038472 Completed database query for table users
2019-02-13T15:33:43.234543 Received request from 102.23.55.32 for /example
2019-02-13T15:33:44.726534 Started database query for table users
2019-02-13T15:33:44.038472 Completed database query for table users
2019-02-13T15:33:43.234543 Received request from 102.23.55.32 for /example
2019-02-13T15:33:44.726534 Started database query for table users
2019-02-13T15:33:44.038472 Completed database query for table users
2019-02-13T15:33:43.234543 Received request from 102.23.55.32 for /example
2006-02-13T15:33:44.726534 Started database query for table users
2019-02-13T15:33:44.038472 Completed database query for table users
2019-02-13T15:33:43.234543 Received request from 102.23.55.32 for /example
2009-02-13T15:33:44.726534 Started database query for table users
2019-02-13T15:33:44.038472 Completed database query for table users
2019-02-13T15:33:43.234543 Received request from 102.23.55.32 for /example
2018-02-13T15:33:44.726534 Started database query for table users
2019-02-13T15:33:44.038472 Completed database query for table users
2019-02-13T15:33:43.234543 Received request from 102.23.55.32 for /example
2012-02-13T15:33:44.726534 Started database query for table users
2019-02-13T15:33:44.038472 Completed database query for table users
2019-02-13T15:33:43.234543 Received request from 102.23.55.32 for /example
2019-02-13T15:33:44.726534 Started database query for table users
2019-02-13T15:33:44.038472 Completed database query for table users
2015-02-13T15:33:43.234543 Received request from 102.23.55.32 for /example
2019-02-13T15:33:44.726534 Started database query for table users
2019-02-13T15:33:44.038472 Completed database query for table users
2019-02-13T15:33:43.234543 Received request from 102.23.55.32 for /example
2019-02-13T15:33:44.726534 Started database query for table users
2019-02-13T15:33:44.038472 Completed database query for table users
2019-02-13T15:33:43.234543 Received request from 102.23.55.32 for /example
2019-02-13T15:33:44.726534 Started database query for table users
2019-02-13T15:33:44.038472 Completed database query for table users
2019-02-13T15:33:43.234543 Received request from 102.23.55.32 for /example
2019-02-13T15:33:44.726534 Started database query for table users
2019-02-13T15:33:44.038472 Completed database query for table users
2019-02-13T15:33:43.234543 Received request from 102.23.55.32 for /example
2019-02-13T15:33:44.726534 Started database query for table users
2019-02-13T15:33:44.038472 Completed database query for table users
2019-02-13T15:33:43.234543 Received request from 102.23.55.32 for /example
2019-02-13T15:33:44.726534 Started database query for table users
2019-02-13T15:33:44.038472 Completed database query for table users
2019-02-13T15:33:43.234543 Received request from 102.23.55.32 for /example
2019-02-13T15:33:44.726534 Started database query for table users
2019-02-13T15:33:44.038472 Completed database query for table users
2019-02-13T15:33:43.234543 Received request from 102.23.55.32 for /example
2019-02-13T15:33:44.726534 Started database query for table users
2019-02-13T15:33:44.038472 Completed database query for table users
2019-02-13T15:33:43.234543 Received request from 102.23.55.32 for /example
2006-02-13T15:33:44.726534 Started database query for table users
2019-02-13T15:33:44.038472 Completed database query for table users
2019-02-13T15:33:43.234543 Received request from 102.23.55.32 for /example
2009-02-13T15:33:44.726534 Started database query for table users
2019-02-13T15:33:44.038472 Completed database query for table users
2019-02-13T15:33:43.234543 Received request from 102.23.55.32 for /example
2018-02-13T15:33:44.726534 Started database query for table users
2019-02-13T15:33:44.038472 Completed database query for table users
2019-02-13T15:33:43.234543 Received request from 102.23.55.32 for /example
2012-02-13T15:33:44.726534 Started database query for table users
2019-02-13T15:33:44.038472 Completed database query for table users
2019-02-13T15:33:43.234543 Received request from 102.23.55.32 for /example
2019-02-13T15:33:44.726534 Started database query for table users
2019-02-13T15:33:44.038472 Completed database query for table users
2015-02-13T15:33:43.234543 Received request from 102.23.55.32 for /example
2019-02-13T15:33:44.726534 Started database query for table users
2019-02-13T15:33:44.038472 Completed database query for table users
2019-02-13T15:33:43.234543 Received request from 102.23.55.32 for /example
2019-02-13T15:33:44.726534 Started database query for table users
2019-02-13T15:33:44.038472 Completed database query for table users
2019-02-13T15:33:43.234543 Received request from 102.23.55.32 for /example
2019-02-13T15:33:44.726534 Started database query for table users
2019-02-13T15:33:44.038472 Completed database query for table users
2019-02-13T15:33:43.234543 Received request from 102.23.55.32 for /example
2019-02-13T15:33:44.726534 Started database query for table users
2019-02-13T15:33:44.038472 Completed database query for table users
2019-02-13T15:33:43.234543 Received request from 102.23.55.32 for /example
2019-02-13T15:33:44.726534 Started database query for table users
2019-02-13T15:33:44.038472 Completed database query for table users
2019-02-13T15:33:43.234543 Received request from 102.23.55.32 for /example
2019-02-13T15:33:44.726534 Started database query for table users
2019-02-13T15:33:44.038472 Completed database query for table users
2019-02-13T15:33:43.234543 Received request from 102.23.55.32 for /example
2019-02-13T15:33:44.726534 Started database query for table users
2019-02-13T15:33:44.038472 Completed database query for table users
2019-02-13T15:33:43.234543 Received request from 102.23.55.32 for /example
2019-02-13T15:33:44.726534 Started database query for table users
2019-02-13T15:33:44.038472 Completed database query for table users
2019-02-13T15:33:43.234543 Received request from 102.23.55.32 for /example
2006-02-13T15:33:44.726534 Started database query for table users
2019-02-13T15:33:44.038472 Completed database query for table users
2019-02-13T15:33:43.234543 Received request from 102.23.55.32 for /example
2009-02-13T15:33:44.726534 Started database query for table users
2019-02-13T15:33:44.038472 Completed database query for table users
2019-02-13T15:33:43.234543 Received request from 102.23.55.32 for /example
2018-02-13T15:33:44.726534 Started database query for table users
2019-02-13T15:33:44.038472 Completed database query for table users
2019-02-13T15:33:43.234543 Received request from 102.23.55.32 for /example
2012-02-13T15:33:44.726534 Started database query for table users
2019-02-13T15:33:44.038472 Completed database query for table users
2019-02-13T15:33:43.234543 Received request from 102.23.55.32 for /example
2019-02-13T15:33:44.726534 Started database query for table users
2019-02-13T15:33:44.038472 Completed database query for table users
2015-02-13T15:33:43.234543 Received request from 102.23.55.32 for /example
2019-02-13T15:33:44.726534 Started database query for table users
2019-02-13T15:33:44.038472 Completed database query for table users
2019-02-13T15:33:43.234543 Received request from 102.23.55.32 for /example
2019-02-13T15:33:44.726534 Started database query for table users
2019-02-13T15:33:44.038472 Completed database query for table users
2019-02-13T15:33:43.234543 Received request from 102.23.55.32 for /example
2019-02-13T15:33:44.726534 Started database query for table users
2019-02-13T15:33:44.038472 Completed database query for table users
2019-02-13T15:33:43.234543 Received request from 102.23.55.32 for /example
2019-02-13T15:33:44.726534 Started database query for table users
2019-02-13T15:33:44.038472 Completed database query for table users
2019-02-13T15:33:43.234543 Received request from 102.23.55.32 for /example
2019-02-13T15:33:44.726534 Started database query for table users
2019-02-13T15:33:44.038472 Completed database query for table users
2019-02-13T15:33:43.234543 Received request from 102.23.55.32 for /example
2019-02-13T15:33:44.726534 Started database query for table users
2019-02-13T15:33:44.038472 Completed database query for table users
2019-02-13T15:33:43.234543 Received request from 102.23.55.32 for /example
2019-02-13T15:33:44.726534 Started database query for table users
2019-02-13T15:33:44.038472 Completed database query for table users
2019-02-13T15:33:43.234543 Received request from 102.23.55.32 for /example
2019-02-13T15:33:44.726534 Started database query for table users
2019-02-13T15:33:44.038472 Completed database query for table users
2019-02-13T15:33:43.234543 Received request from 102.23.55.32 for /example
2006-02-13T15:33:44.726534 Started database query for table users
2019-02-13T15:33:44.038472 Completed database query for table users
2019-02-13T15:33:43.234543 Received request from 102.23.55.32 for /example
2009-02-13T15:33:44.726534 Started database query for table users
2019-02-13T15:33:44.038472 Completed database query for table users
2019-02-13T15:33:43.234543 Received request from 102.23.55.32 for /example
2018-02-13T15:33:44.726534 Started database query for table users
2019-02-13T15:33:44.038472 Completed database query for table users
2019-02-13T15:33:43.234543 Received request from 102.23.55.32 for /example
2012-02-13T15:33:44.726534 Started database query for table users
2019-02-13T15:33:44.038472 Completed database query for table users
2019-02-13T15:33:43.234543 Received request from 102.23.55.32 for /example
2019-02-13T15:33:44.726534 Started database query for table users
2019-02-13T15:33:44.038472 Completed database query for table users
2015-02-13T15:33:43.234543 Received request from 102.23.55.32 for /example
2019-02-13T15:33:44.726534 Started database query for table users
2019-02-13T15:33:44.038472 Completed database query for table users
2019-02-13T15:33:43.234543 Received request from 102.23.55.32 for /example
2019-02-13T15:33:44.726534 Started database query for table users
2019-02-13T15:33:44.038472 Completed database query for table users
2019-02-13T15:33:43.234543 Received request from 102.23.55.32 for /example
2019-02-13T15:33:44.726534 Started database query for table users
2019-02-13T15:33:44.038472 Completed database query for table users
2019-02-13T15:33:43.234543 Received request from 102.23.55.32 for /example
2019-02-13T15:33:44.726534 Started database query for table users
2019-02-13T15:33:44.038472 Completed database query for table users
2019-02-13T15:33:43.234543 Received request from 102.23.55.32 for /example
2019-02-13T15:33:44.726534 Started database query for table users
2019-02-13T15:33:44.038472 Completed database query for table users
2019-02-13T15:33:43.234543 Received request from 102.23.55.32 for /example
2019-02-13T15:33:44.726534 Started database query for table users
2019-02-13T15:33:44.038472 Completed database query for table users
2019-02-13T15:33:43.234543 Received request from 102.23.55.32 for /example
2019-02-13T15:33:44.726534 Started database query for table users
2019-02-13T15:33:44.038472 Completed database query for table users
2019-02-13T15:33:43.234543 Received request from 102.23.55.32 for /example
2019-02-13T15:33:44.726534 Started database query for table users
2019-02-13T15:33:44.038472 Completed database query for table users
2019-02-13T15:33:43.234543 Received request from 102.23.55.32 for /example
2006-02-13T15:33:44.726534 Started database query for table users
2019-02-13T15:33:44.038472 Completed database query for table users
2019-02-13T15:33:43.234543 Received request from 102.23.55.32 for /example
2009-02-13T15:33:44.726534 Started database query for table users
2019-02-13T15:33:44.038472 Completed database query for table users
2019-02-13T15:33:43.234543 Received request from 102.23.55.32 for /example
2018-02-13T15:33:44.726534 Started database query for table users
2019-02-13T15:33:44.038472 Completed database query for table users
2019-02-13T15:33:43.234543 Received request from 102.23.55.32 for /example
2012-02-13T15:33:44.726534 Started database query for table users
2019-02-13T15:33:44.038472 Completed database query for table users
2019-02-13T15:33:43.234543 Received request from 102.23.55.32 for /example
2019-02-13T15:33:44.726534 Started database query for table users
2019-02-13T15:33:44.038472 Completed database query for table users
2015-02-13T15:33:43.234543 Received request from 102.23.55.32 for /example
2019-02-13T15:33:44.726534 Started database query for table users
2019-02-13T15:33:44.038472 Completed database query for table users
2019-02-13T15:33:43.234543 Received request from 102.23.55.32 for /example
2019-02-13T15:33:44.726534 Started database query for table users
2019-02-13T15:33:44.038472 Completed database query for table users
2019-02-13T15:33:43.234543 Received request from 102.23.55.32 for /example
2019-02-13T15:33:44.726534 Started database query for table users
2019-02-13T15:33:44.038472 Completed database query for table users
2019-02-13T15:33:43.234543 Received request from 102.23.55.32 for /example
2019-02-13T15:33:44.726534 Started database query for table users
2019-02-13T15:33:44.038472 Completed database query for table users
2019-02-13T15:33:43.234543 Received request from 102.23.55.32 for /example
2019-02-13T15:33:44.726534 Started database query for table users
2019-02-13T15:33:44.038472 Completed database query for table users
2019-02-13T15:33:43.234543 Received request from 102.23.55.32 for /example
2019-02-13T15:33:44.726534 Started database query for table users
2019-02-13T15:33:44.038472 Completed database query for table users
2019-02-13T15:33:43.234543 Received request from 102.23.55.32 for /example
2019-02-13T15:33:44.726534 Started database query for table users
2019-02-13T15:33:44.038472 Completed database query for table users
2019-02-13T15:33:43.234543 Received request from 102.23.55.32 for /example
2019-02-13T15:33:44.726534 Started database query for table users
2019-02-13T15:33:44.038472 Completed database query for table users
2019-02-13T15:33:43.234543 Received request from 102.23.55.32 for /example
2006-02-13T15:33:44.726534 Started database query for table users
2019-02-13T15:33:44.038472 Completed database query for table users
2019-02-13T15:33:43.234543 Received request from 102.23.55.32 for /example
2009-02-13T15:33:44.726534 Started database query for table users
2019-02-13T15:33:44.038472 Completed database query for table users
2019-02-13T15:33:43.234543 Received request from 102.23.55.32 for /example
2018-02-13T15:33:44.726534 Started database query for table users
2019-02-13T15:33:44.038472 Completed database query for table users
2019-02-13T15:33:43.234543 Received request from 102.23.55.32 for /example
2012-02-13T15:33:44.726534 Started database query for table users
2019-02-13T15:33:44.038472 Completed database query for table users
2019-02-13T15:33:43.234543 Received request from 102.23.55.32 for /example
2019-02-13T15:33:44.726534 Started database query for table users
2019-02-13T15:33:44.038472 Completed database query for table users
2015-02-13T15:33:43.234543 Received request from 102.23.55.32 for /example
2019-02-13T15:33:44.726534 Started database query for table users
2019-02-13T15:33:44.038472 Completed database query for table users
2019-02-13T15:33:43.234543 Received request from 102.23.55.32 for /example
2019-02-13T15:33:44.726534 Started database query for table users
2019-02-13T15:33:44.038472 Completed database query for table users
2019-02-13T15:33:43.234543 Received request from 102.23.55.32 for /example
2019-02-13T15:33:44.726534 Started database query for table users
2019-02-13T15:33:44.038472 Completed database query for table users
2019-02-13T15:33:43.234543 Received request from 102.23.55.32 for /example
2019-02-13T15:33:44.726534 Started database query for table users
2019-02-13T15:33:44.038472 Completed database query for table users
2019-02-13T15:33:43.234543 Received request from 102.23.55.32 for /example
2019-02-13T15:33:44.726534 Started database query for table users
2019-02-13T15:33:44.038472 Completed database query for table users
2019-02-13T15:33:43.234543 Received request from 102.23.55.32 for /example
2019-02-13T15:33:44.726534 Started database query for table users
2019-02-13T15:33:44.038472 Completed database query for table users
2019-02-13T15:33:43.234543 Received request from 102.23.55.32 for /example
2019-02-13T15:33:44.726534 Started database query for table users
2019-02-13T15:33:44.038472 Completed database query for table users
2019-02-13T15:33:43.234543 Received request from 102.23.55.32 for /example
2019-02-13T15:33:44.726534 Started database query for table users
2019-02-13T15:33:44.038472 Completed database query for table users
2019-02-13T15:33:43.234543 Received request from 102.23.55.32 for /example
2006-02-13T15:33:44.726534 Started database query for table users
2019-02-13T15:33:44.038472 Completed database query for table users
2019-02-13T15:33:43.234543 Received request from 102.23.55.32 for /example
2009-02-13T15:33:44.726534 Started database query for table users
2019-02-13T15:33:44.038472 Completed database query for table users
2019-02-13T15:33:43.234543 Received request from 102.23.55.32 for /example
2018-02-13T15:33:44.726534 Started database query for table users
2019-02-13T15:33:44.038472 Completed database query for table users
2019-02-13T15:33:43.234543 Received request from 102.23.55.32 for /example
2012-02-13T15:33:44.726534 Started database query for table users
2019-02-13T15:33:44.038472 Completed database query for table users
2019-02-13T15:33:43.234543 Received request from 102.23.55.32 for /example
2019-02-13T15:33:44.726534 Started database query for table users
2019-02-13T15:33:44.038472 Completed database query for table users
2015-02-13T15:33:43.234543 Received request from 102.23.55.32 for /example
2019-02-13T15:33:44.726534 Started database query for table users
2019-02-13T15:33:44.038472 Completed database query for table users
2019-02-13T15:33:43.234543 Received request from 102.23.55.32 for /example
2019-02-13T15:33:44.726534 Started database query for table users
2019-02-13T15:33:44.038472 Completed database query for table users
2019-02-13T15:33:43.234543 Received request from 102.23.55.32 for /example
2019-02-13T15:33:44.726534 Started database query for table users
2019-02-13T15:33:44.038472 Completed database query for table users
2019-02-13T15:33:43.234543 Received request from 102.23.55.32 for /example
2019-02-13T15:33:44.726534 Started database query for table users
2019-02-13T15:33:44.038472 Completed database query for table users
2019-02-13T15:33:43.234543 Received request from 102.23.55.32 for /example
2019-02-13T15:33:44.726534 Started database query for table users
2019-02-13T15:33:44.038472 Completed database query for table users
2019-02-13T15:33:43.234543 Received request from 102.23.55.32 for /example
2019-02-13T15:33:44.726534 Started database query for table users
2019-02-13T15:33:44.038472 Completed database query for table users
2019-02-13T15:33:43.234543 Received request from 102.23.55.32 for /example
2019-02-13T15:33:44.726534 Started database query for table users
2019-02-13T15:33:44.038472 Completed database query for table users
2019-02-13T15:33:43.234543 Received request from 102.23.55.32 for /example
2019-02-13T15:33:44.726534 Started database query for table users
2019-02-13T15:33:44.038472 Completed database query for table users
2019-02-13T15:33:43.234543 Received request from 102.23.55.32 for /example
2006-02-13T15:33:44.726534 Started database query for table users
2019-02-13T15:33:44.038472 Completed database query for table users
2019-02-13T15:33:43.234543 Received request from 102.23.55.32 for /example
2009-02-13T15:33:44.726534 Started database query for table users
2019-02-13T15:33:44.038472 Completed database query for table users
2019-02-13T15:33:43.234543 Received request from 102.23.55.32 for /example
2018-02-13T15:33:44.726534 Started database query for table users
2019-02-13T15:33:44.038472 Completed database query for table users
2019-02-13T15:33:43.234543 Received request from 102.23.55.32 for /example
2012-02-13T15:33:44.726534 Started database query for table users
2019-02-13T15:33:44.038472 Completed database query for table users
2019-02-13T15:33:43.234543 Received request from 102.23.55.32 for /example
2019-02-13T15:33:44.726534 Started database query for table users
2019-02-13T15:33:44.038472 Completed database query for table users
2015-02-13T15:33:43.234543 Received request from 102.23.55.32 for /example
2019-02-13T15:33:44.726534 Started database query for table users
2019-02-13T15:33:44.038472 Completed database query for table users
2019-02-13T15:33:43.234543 Received request from 102.23.55.32 for /example
2019-02-13T15:33:44.726534 Started database query for table users
2019-02-13T15:33:44.038472 Completed database query for table users
2019-02-13T15:33:43.234543 Received request from 102.23.55.32 for /example
2019-02-13T15:33:44.726534 Started database query for table users
2019-02-13T15:33:44.038472 Completed database query for table users
2019-02-13T15:33:43.234543 Received request from 102.23.55.32 for /example
2019-02-13T15:33:44.726534 Started database query for table users
2019-02-13T15:33:44.038472 Completed database query for table users
2019-02-13T15:33:43.234543 Received request from 102.23.55.32 for /example
2019-02-13T15:33:44.726534 Started database query for table users
2019-02-13T15:33:44.038472 Completed database query for table users
2019-02-13T15:33:43.234543 Received request from 102.23.55.32 for /example
2019-02-13T15:33:44.726534 Started database query for table users
2019-02-13T15:33:44.038472 Completed database query for table users
2019-02-13T15:33:43.234543 Received request from 102.23.55.32 for /example
2019-02-13T15:33:44.726534 Started database query for table users
2019-02-13T15:33:44.038472 Completed database query for table users
2019-02-13T15:33:43.234543 Received request from 102.23.55.32 for /example
2019-02-13T15:33:44.726534 Started database query for table users
2019-02-13T15:33:44.038472 Completed database query for table users
2019-02-13T15:33:43.234543 Received request from 102.23.55.32 for /example
2006-02-13T15:33:44.726534 Started database query for table users
2019-02-13T15:33:44.038472 Completed database query for table users
2019-02-13T15:33:43.234543 Received request from 102.23.55.32 for /example
2009-02-13T15:33:44.726534 Started database query for table users
2019-02-13T15:33:44.038472 Completed database query for table users
2019-02-13T15:33:43.234543 Received request from 102.23.55.32 for /example
2018-02-13T15:33:44.726534 Started database query for table users
2019-02-13T15:33:44.038472 Completed database query for table users
2019-02-13T15:33:43.234543 Received request from 102.23.55.32 for /example
2012-02-13T15:33:44.726534 Started database query for table users
2019-02-13T15:33:44.038472 Completed database query for table users
2019-02-13T15:33:43.234543 Received request from 102.23.55.32 for /example
2019-02-13T15:33:44.726534 Started database query for table users
2019-02-13T15:33:44.038472 Completed database query for table users
2015-02-13T15:33:43.234543 Received request from 102.23.55.32 for /example
2019-02-13T15:33:44.726534 Started database query for table users
2019-02-13T15:33:44.038472 Completed database query for table users
2019-02-13T15:33:43.234543 Received request from 102.23.55.32 for /example
2019-02-13T15:33:44.726534 Started database query for table users
2019-02-13T15:33:44.038472 Completed database query for table users
2019-02-13T15:33:43.234543 Received request from 102.23.55.32 for /example
2019-02-13T15:33:44.726534 Started database query for table users
2019-02-13T15:33:44.038472 Completed database query for table users
2019-02-13T15:33:43.234543 Received request from 102.23.55.32 for /example
2019-02-13T15:33:44.726534 Started database query for table users
2019-02-13T15:33:44.038472 Completed database query for table users
2019-02-13T15:33:43.234543 Received request from 102.23.55.32 for /example
2019-02-13T15:33:44.726534 Started database query for table users
2019-02-13T15:33:44.038472 Completed database query for table users
2019-02-13T15:33:43.234543 Received request from 102.23.55.32 for /example
2019-02-13T15:33:44.726534 Started database query for table users
2019-02-13T15:33:44.038472 Completed database query for table users
2019-02-13T15:33:43.234543 Received request from 102.23.55.32 for /example
2019-02-13T15:33:44.726534 Started database query for table users
2019-02-13T15:33:44.038472 Completed database query for table users
2019-02-13T15:33:43.234543 Received request from 102.23.55.32 for /example
2019-02-13T15:33:44.726534 Started database query for table users
2019-02-13T15:33:44.038472 Completed database query for table users
2019-02-13T15:33:43.234543 Received request from 102.23.55.32 for /example
2006-02-13T15:33:44.726534 Started database query for table users
2019-02-13T15:33:44.038472 Completed database query for table users
2019-02-13T15:33:43.234543 Received request from 102.23.55.32 for /example
2009-02-13T15:33:44.726534 Started database query for table users
2019-02-13T15:33:44.038472 Completed database query for table users
2019-02-13T15:33:43.234543 Received request from 102.23.55.32 for /example
2018-02-13T15:33:44.726534 Started database query for table users
2019-02-13T15:33:44.038472 Completed database query for table users
2019-02-13T15:33:43.234543 Received request from 102.23.55.32 for /example
2012-02-13T15:33:44.726534 Started database query for table users
2019-02-13T15:33:44.038472 Completed database query for table users
2019-02-13T15:33:43.234543 Received request from 102.23.55.32 for /example
2019-02-13T15:33:44.726534 Started database query for table users
2019-02-13T15:33:44.038472 Completed database query for table users
2015-02-13T15:33:43.234543 Received request from 102.23.55.32 for /example
2019-02-13T15:33:44.726534 Started database query for table users
2019-02-13T15:33:44.038472 Completed database query for table users
2019-02-13T15:33:43.234543 Received request from 102.23.55.32 for /example
2019-02-13T15:33:44.726534 Started database query for table users
2019-02-13T15:33:44.038472 Completed database query for table users
2019-02-13T15:33:43.234543 Received request from 102.23.55.32 for /example
2019-02-13T15:33:44.726534 Started database query for table users
2019-02-13T15:33:44.038472 Completed database query for table users
2019-02-13T15:33:43.234543 Received request from 102.23.55.32 for /example
2019-02-13T15:33:44.726534 Started database query for table users
2019-02-13T15:33:44.038472 Completed database query for table users
2019-02-13T15:33:43.234543 Received request from 102.23.55.32 for /example
2019-02-13T15:33:44.726534 Started database query for table users
2019-02-13T15:33:44.038472 Completed database query for table users
2019-02-13T15:33:43.234543 Received request from 102.23.55.32 for /example
2019-02-13T15:33:44.726534 Started database query for table users
2019-02-13T15:33:44.038472 Completed database query for table users
2019-02-13T15:33:43.234543 Received request from 102.23.55.32 for /example
2019-02-13T15:33:44.726534 Started database query for table users
2019-02-13T15:33:44.038472 Completed database query for table users
2019-02-13T15:33:43.234543 Received request from 102.23.55.32 for /example
2019-02-13T15:33:44.726534 Started database query for table users
2019-02-13T15:33:44.038472 Completed database query for table users
2019-02-13T15:33:43.234543 Received request from 102.23.55.32 for /example
2006-02-13T15:33:44.726534 Started database query for table users
2019-02-13T15:33:44.038472 Completed database query for table users
2019-02-13T15:33:43.234543 Received request from 102.23.55.32 for /example
2009-02-13T15:33:44.726534 Started database query for table users
2019-02-13T15:33:44.038472 Completed database query for table users
2019-02-13T15:33:43.234543 Received request from 102.23.55.32 for /example
2018-02-13T15:33:44.726534 Started database query for table users
2019-02-13T15:33:44.038472 Completed database query for table users
2019-02-13T15:33:43.234543 Received request from 102.23.55.32 for /example
2012-02-13T15:33:44.726534 Started database query for table users
2019-02-13T15:33:44.038472 Completed database query for table users
2019-02-13T15:33:43.234543 Received request from 102.23.55.32 for /example
2019-02-13T15:33:44.726534 Started database query for table users
2019-02-13T15:33:44.038472 Completed database query for table users
2015-02-13T15:33:43.234543 Received request from 102.23.55.32 for /example
2019-02-13T15:33:44.726534 Started database query for table users
2019-02-13T15:33:44.038472 Completed database query for table users
2019-02-13T15:33:43.234543 Received request from 102.23.55.32 for /example
2019-02-13T15:33:44.726534 Started database query for table users
2019-02-13T15:33:44.038472 Completed database query for table users
2019-02-13T15:33:43.234543 Received request from 102.23.55.32 for /example
2019-02-13T15:33:44.726534 Started database query for table users
2019-02-13T15:33:44.038472 Completed database query for table users
2019-02-13T15:33:43.234543 Received request from 102.23.55.32 for /example
2019-02-13T15:33:44.726534 Started database query for table users
2019-02-13T15:33:44.038472 Completed database query for table users
2019-02-13T15:33:43.234543 Received request from 102.23.55.32 for /example
2019-02-13T15:33:44.726534 Started database query for table users
2019-02-13T15:33:44.038472 Completed database query for table users
2019-02-13T15:33:43.234543 Received request from 102.23.55.32 for /example
2019-02-13T15:33:44.726534 Started database query for table users
2019-02-13T15:33:44.038472 Completed database query for table users
2019-02-13T15:33:43.234543 Received request from 102.23.55.32 for /example
2019-02-13T15:33:44.726534 Started database query for table users
2019-02-13T15:33:44.038472 Completed database query for table users
2019-02-13T15:33:43.234543 Received request from 102.23.55.32 for /example
2019-02-13T15:33:44.726534 Started database query for table users
2019-02-13T15:33:44.038472 Completed database query for table users
2019-02-13T15:33:43.234543 Received request from 102.23.55.32 for /example
2006-02-13T15:33:44.726534 Started database query for table users
2019-02-13T15:33:44.038472 Completed database query for table users
2019-02-13T15:33:43.234543 Received request from 102.23.55.32 for /example
2009-02-13T15:33:44.726534 Started database query for table users
2019-02-13T15:33:44.038472 Completed database query for table users
2019-02-13T15:33:43.234543 Received request from 102.23.55.32 for /example
2018-02-13T15:33:44.726534 Started database query for table users
2019-02-13T15:33:44.038472 Completed database query for table users
2019-02-13T15:33:43.234543 Received request from 102.23.55.32 for /example
2012-02-13T15:33:44.726534 Started database query for table users
2019-02-13T15:33:44.038472 Completed database query for table users
2019-02-13T15:33:43.234543 Received request from 102.23.55.32 for /example
2019-02-13T15:33:44.726534 Started database query for table users
2019-02-13T15:33:44.038472 Completed database query for table users
2015-02-13T15:33:43.234543 Received request from 102.23.55.32 for /example
2019-02-13T15:33:44.726534 Started database query for table users
2019-02-13T15:33:44.038472 Completed database query for table users
2019-02-13T15:33:43.234543 Received request from 102.23.55.32 for /example
2019-02-13T15:33:44.726534 Started database query for table users
2019-02-13T15:33:44.038472 Completed database query for table users
2019-02-13T15:33:43.234543 Received request from 102.23.55.32 for /example
2019-02-13T15:33:44.726534 Started database query for table users
2019-02-13T15:33:44.038472 Completed database query for table users
2019-02-13T15:33:43.234543 Received request from 102.23.55.32 for /example
2019-02-13T15:33:44.726534 Started database query for table users
2019-02-13T15:33:44.038472 Completed database query for table users
2019-02-13T15:33:43.234543 Received request from 102.23.55.32 for /example
2019-02-13T15:33:44.726534 Started database query for table users
2019-02-13T15:33:44.038472 Completed database query for table users
2019-02-13T15:33:43.234543 Received request from 102.23.55.32 for /example
2019-02-13T15:33:44.726534 Started database query for table users
2019-02-13T15:33:44.038472 Completed database query for table users
2019-02-13T15:33:43.234543 Received request from 102.23.55.32 for /example
2019-02-13T15:33:44.726534 Started database query for table users
2019-02-13T15:33:44.038472 Completed database query for table users
2019-02-13T15:33:43.234543 Received request from 102.23.55.32 for /example
2019-02-13T15:33:44.726534 Started database query for table users
2019-02-13T15:33:44.038472 Completed database query for table users
2019-02-13T15:33:43.234543 Received request from 102.23.55.32 for /example
2006-02-13T15:33:44.726534 Started database query for table users
2019-02-13T15:33:44.038472 Completed database query for table users
2019-02-13T15:33:43.234543 Received request from 102.23.55.32 for /example
2009-02-13T15:33:44.726534 Started database query for table users
2019-02-13T15:33:44.038472 Completed database query for table users
2019-02-13T15:33:43.234543 Received request from 102.23.55.32 for /example
2018-02-13T15:33:44.726534 Started database query for table users
2019-02-13T15:33:44.038472 Completed database query for table users
2019-02-13T15:33:43.234543 Received request from 102.23.55.32 for /example
2012-02-13T15:33:44.726534 Started database query for table users
2019-02-13T15:33:44.038472 Completed database query for table users
2019-02-13T15:33:43.234543 Received request from 102.23.55.32 for /example
2019-02-13T15:33:44.726534 Started database query for table users
2019-02-13T15:33:44.038472 Completed database query for table users
2015-02-13T15:33:43.234543 Received request from 102.23.55.32 for /example
2019-02-13T15:33:44.726534 Started database query for table users
2019-02-13T15:33:44.038472 Completed database query for table users
2019-02-13T15:33:43.234543 Received request from 102.23.55.32 for /example
2019-02-13T15:33:44.726534 Started database query for table users
2019-02-13T15:33:44.038472 Completed database query for table users
2019-02-13T15:33:43.234543 Received request from 102.23.55.32 for /example
2019-02-13T15:33:44.726534 Started database query for table users
2019-02-13T15:33:44.038472 Completed database query for table users
2019-02-13T15:33:43.234543 Received request from 102.23.55.32 for /example
2019-02-13T15:33:44.726534 Started database query for table users
2019-02-13T15:33:44.038472 Completed database query for table users
2019-02-13T15:33:43.234543 Received request from 102.23.55.32 for /example
2019-02-13T15:33:44.726534 Started database query for table users
2019-02-13T15:33:44.038472 Completed database query for table users
2019-02-13T15:33:43.234543 Received request from 102.23.55.32 for /example
2019-02-13T15:33:44.726534 Started database query for table users
2019-02-13T15:33:44.038472 Completed database query for table users
2019-02-13T15:33:43.234543 Received request from 102.23.55.32 for /example
2019-02-13T15:33:44.726534 Started database query for table users
2019-02-13T15:33:44.038472 Completed database query for table users
2019-02-13T15:33:43.234543 Received request from 102.23.55.32 for /example
2019-02-13T15:33:44.726534 Started database query for table users
2019-02-13T15:33:44.038472 Completed database query for table users
2019-02-13T15:33:43.234543 Received request from 102.23.55.32 for /example
2006-02-13T15:33:44.726534 Started database query for table users
2019-02-13T15:33:44.038472 Completed database query for table users
2019-02-13T15:33:43.234543 Received request from 102.23.55.32 for /example
2009-02-13T15:33:44.726534 Started database query for table users
2019-02-13T15:33:44.038472 Completed database query for table users
2019-02-13T15:33:43.234543 Received request from 102.23.55.32 for /example
2018-02-13T15:33:44.726534 Started database query for table users
2019-02-13T15:33:44.038472 Completed database query for table users
2019-02-13T15:33:43.234543 Received request from 102.23.55.32 for /example
2012-02-13T15:33:44.726534 Started database query for table users
2019-02-13T15:33:44.038472 Completed database query for table users
2019-02-13T15:33:43.234543 Received request from 102.23.55.32 for /example
2019-02-13T15:33:44.726534 Started database query for table users
2019-02-13T15:33:44.038472 Completed database query for table users
2015-02-13T15:33:43.234543 Received request from 102.23.55.32 for /example
2019-02-13T15:33:44.726534 Started database query for table users
2019-02-13T15:33:44.038472 Completed database query for table users
2019-02-13T15:33:43.234543 Received request from 102.23.55.32 for /example
2019-02-13T15:33:44.726534 Started database query for table users
2019-02-13T15:33:44.038472 Completed database query for table users
2019-02-13T15:33:43.234543 Received request from 102.23.55.32 for /example
2019-02-13T15:33:44.726534 Started database query for table users
2019-02-13T15:33:44.038472 Completed database query for table users
2019-02-13T15:33:43.234543 Received request from 102.23.55.32 for /example
2019-02-13T15:33:44.726534 Started database query for table users
2019-02-13T15:33:44.038472 Completed database query for table users
2019-02-13T15:33:43.234543 Received request from 102.23.55.32 for /example
2019-02-13T15:33:44.726534 Started database query for table users
2019-02-13T15:33:44.038472 Completed database query for table users
2019-02-13T15:33:43.234543 Received request from 102.23.55.32 for /example
2019-02-13T15:33:44.726534 Started database query for table users
2019-02-13T15:33:44.038472 Completed database query for table users
2019-02-13T15:33:43.234543 Received request from 102.23.55.32 for /example
2019-02-13T15:33:44.726534 Started database query for table users
2019-02-13T15:33:44.038472 Completed database query for table users
2019-02-13T15:33:43.234543 Received request from 102.23.55.32 for /example
2019-02-13T15:33:44.726534 Started database query for table users
2019-02-13T15:33:44.038472 Completed database query for table users
2019-02-13T15:33:43.234543 Received request from 102.23.55.32 for /example
2006-02-13T15:33:44.726534 Started database query for table users
2019-02-13T15:33:44.038472 Completed database query for table users
2019-02-13T15:33:43.234543 Received request from 102.23.55.32 for /example
2009-02-13T15:33:44.726534 Started database query for table users
2019-02-13T15:33:44.038472 Completed database query for table users
2019-02-13T15:33:43.234543 Received request from 102.23.55.32 for /example
2018-02-13T15:33:44.726534 Started database query for table users
2019-02-13T15:33:44.038472 Completed database query for table users
2019-02-13T15:33:43.234543 Received request from 102.23.55.32 for /example
2012-02-13T15:33:44.726534 Started database query for table users
2019-02-13T15:33:44.038472 Completed database query for table users
2019-02-13T15:33:43.234543 Received request from 102.23.55.32 for /example
2019-02-13T15:33:44.726534 Started database query for table users
2019-02-13T15:33:44.038472 Completed database query for table users
2015-02-13T15:33:43.234543 Received request from 102.23.55.32 for /example
2019-02-13T15:33:44.726534 Started database query for table users
2019-02-13T15:33:44.038472 Completed database query for table users
2019-02-13T15:33:43.234543 Received request from 102.23.55.32 for /example
2019-02-13T15:33:44.726534 Started database query for table users
2019-02-13T15:33:44.038472 Completed database query for table users
2019-02-13T15:33:43.234543 Received request from 102.23.55.32 for /example
2019-02-13T15:33:44.726534 Started database query for table users
2019-02-13T15:33:44.038472 Completed database query for table users
2019-02-13T15:33:43.234543 Received request from 102.23.55.32 for /example
2019-02-13T15:33:44.726534 Started database query for table users
2019-02-13T15:33:44.038472 Completed database query for table users
2019-02-13T15:33:43.234543 Received request from 102.23.55.32 for /example
2019-02-13T15:33:44.726534 Started database query for table users
2019-02-13T15:33:44.038472 Completed database query for table users
2019-02-13T15:33:43.234543 Received request from 102.23.55.32 for /example
2019-02-13T15:33:44.726534 Started database query for table users
2019-02-13T15:33:44.038472 Completed database query for table users
2019-02-13T15:33:43.234543 Received request from 102.23.55.32 for /example
2019-02-13T15:33:44.726534 Started database query for table users
2019-02-13T15:33:44.038472 Completed database query for table users
2019-02-13T15:33:43.234543 Received request from 102.23.55.32 for /example
2019-02-13T15:33:44.726534 Started database query for table users
2019-02-13T15:33:44.038472 Completed database query for table users
2019-02-13T15:33:43.234543 Received request from 102.23.55.32 for /example
2006-02-13T15:33:44.726534 Started database query for table users
2019-02-13T15:33:44.038472 Completed database query for table users
2019-02-13T15:33:43.234543 Received request from 102.23.55.32 for /example
2009-02-13T15:33:44.726534 Started database query for table users
2019-02-13T15:33:44.038472 Completed database query for table users
2019-02-13T15:33:43.234543 Received request from 102.23.55.32 for /example
2018-02-13T15:33:44.726534 Started database query for table users
2019-02-13T15:33:44.038472 Completed database query for table users
2019-02-13T15:33:43.234543 Received request from 102.23.55.32 for /example
2012-02-13T15:33:44.726534 Started database query for table users
2019-02-13T15:33:44.038472 Completed database query for table users
2019-02-13T15:33:43.234543 Received request from 102.23.55.32 for /example
2019-02-13T15:33:44.726534 Started database query for table users
2019-02-13T15:33:44.038472 Completed database query for table users
2015-02-13T15:33:43.234543 Received request from 102.23.55.32 for /example
2019-02-13T15:33:44.726534 Started database query for table users
2019-02-13T15:33:44.038472 Completed database query for table users
2019-02-13T15:33:43.234543 Received request from 102.23.55.32 for /example
2019-02-13T15:33:44.726534 Started database query for table users
2019-02-13T15:33:44.038472 Completed database query for table users
2019-02-13T15:33:43.234543 Received request from 102.23.55.32 for /example
2019-02-13T15:33:44.726534 Started database query for table users
2019-02-13T15:33:44.038472 Completed database query for table users
2019-02-13T15:33:43.234543 Received request from 102.23.55.32 for /example
2019-02-13T15:33:44.726534 Started database query for table users
2019-02-13T15:33:44.038472 Completed database query for table users
2019-02-13T15:33:43.234543 Received request from 102.23.55.32 for /example
2019-02-13T15:33:44.726534 Started database query for table users
2019-02-13T15:33:44.038472 Completed database query for table users
2019-02-13T15:33:43.234543 Received request from 102.23.55.32 for /example
2019-02-13T15:33:44.726534 Started database query for table users
2019-02-13T15:33:44.038472 Completed database query for table users
2019-02-13T15:33:43.234543 Received request from 102.23.55.32 for /example
2019-02-13T15:33:44.726534 Started database query for table users
2019-02-13T15:33:44.038472 Completed database query for table users
2019-02-13T15:33:43.234543 Received request from 102.23.55.32 for /example
2019-02-13T15:33:44.726534 Started database query for table users
2019-02-13T15:33:44.038472 Completed database query for table users
2019-02-13T15:33:43.234543 Received request from 102.23.55.32 for /example
2006-02-13T15:33:44.726534 Started database query for table users
2019-02-13T15:33:44.038472 Completed database query for table users
2019-02-13T15:33:43.234543 Received request from 102.23.55.32 for /example
2009-02-13T15:33:44.726534 Started database query for table users
2019-02-13T15:33:44.038472 Completed database query for table users
2019-02-13T15:33:43.234543 Received request from 102.23.55.32 for /example
2018-02-13T15:33:44.726534 Started database query for table users
2019-02-13T15:33:44.038472 Completed database query for table users
2019-02-13T15:33:43.234543 Received request from 102.23.55.32 for /example
2012-02-13T15:33:44.726534 Started database query for table users
2019-02-13T15:33:44.038472 Completed database query for table users
2019-02-13T15:33:43.234543 Received request from 102.23.55.32 for /example
2019-02-13T15:33:44.726534 Started database query for table users
2019-02-13T15:33:44.038472 Completed database query for table users
2015-02-13T15:33:43.234543 Received request from 102.23.55.32 for /example
2019-02-13T15:33:44.726534 Started database query for table users
2019-02-13T15:33:44.038472 Completed database query for table users
2019-02-13T15:33:43.234543 Received request from 102.23.55.32 for /example
2019-02-13T15:33:44.726534 Started database query for table users
2019-02-13T15:33:44.038472 Completed database query for table users
2019-02-13T15:33:43.234543 Received request from 102.23.55.32 for /example
2019-02-13T15:33:44.726534 Started database query for table users
2019-02-13T15:33:44.038472 Completed database query for table users
2019-02-13T15:33:43.234543 Received request from 102.23.55.32 for /example
2019-02-13T15:33:44.726534 Started database query for table users
2019-02-13T15:33:44.038472 Completed database query for table users
2019-02-13T15:33:43.234543 Received request from 102.23.55.32 for /example
2019-02-13T15:33:44.726534 Started database query for table users
2019-02-13T15:33:44.038472 Completed database query for table users
2019-02-13T15:33:43.234543 Received request from 102.23.55.32 for /example
2019-02-13T15:33:44.726534 Started database query for table users
2019-02-13T15:33:44.038472 Completed database query for table users
2019-02-13T15:33:43.234543 Received request from 102.23.55.32 for /example
2019-02-13T15:33:44.726534 Started database query for table users
2019-02-13T15:33:44.038472 Completed database query for table users
2019-02-13T15:33:43.234543 Received request from 102.23.55.32 for /example
2019-02-13T15:33:44.726534 Started database query for table users
2019-02-13T15:33:44.038472 Completed database query for table users
2019-02-13T15:33:43.234543 Received request from 102.23.55.32 for /example
2006-02-13T15:33:44.726534 Started database query for table users
2019-02-13T15:33:44.038472 Completed database query for table users
2019-02-13T15:33:43.234543 Received request from 102.23.55.32 for /example
2009-02-13T15:33:44.726534 Started database query for table users
2019-02-13T15:33:44.038472 Completed database query for table users
2019-02-13T15:33:43.234543 Received request from 102.23.55.32 for /example
2018-02-13T15:33:44.726534 Started database query for table users
2019-02-13T15:33:44.038472 Completed database query for table users
2019-02-13T15:33:43.234543 Received request from 102.23.55.32 for /example
2012-02-13T15:33:44.726534 Started database query for table users
2019-02-13T15:33:44.038472 Completed database query for table users
2019-02-13T15:33:43.234543 Received request from 102.23.55.32 for /example
2019-02-13T15:33:44.726534 Started database query for table users
2019-02-13T15:33:44.038472 Completed database query for table users
2015-02-13T15:33:43.234543 Received request from 102.23.55.32 for /example
2019-02-13T15:33:44.726534 Started database query for table users
2019-02-13T15:33:44.038472 Completed database query for table users
2019-02-13T15:33:43.234543 Received request from 102.23.55.32 for /example
2019-02-13T15:33:44.726534 Started database query for table users
2019-02-13T15:33:44.038472 Completed database query for table users
2019-02-13T15:33:43.234543 Received request from 102.23.55.32 for /example
2019-02-13T15:33:44.726534 Started database query for table users
2019-02-13T15:33:44.038472 Completed database query for table users
2019-02-13T15:33:43.234543 Received request from 102.23.55.32 for /example
2019-02-13T15:33:44.726534 Started database query for table users
2019-02-13T15:33:44.038472 Completed database query for table users
2019-02-13T15:33:43.234543 Received request from 102.23.55.32 for /example
2019-02-13T15:33:44.726534 Started database query for table users
2019-02-13T15:33:44.038472 Completed database query for table users
2019-02-13T15:33:43.234543 Received request from 102.23.55.32 for /example
2019-02-13T15:33:44.726534 Started database query for table users
2019-02-13T15:33:44.038472 Completed database query for table users
2019-02-13T15:33:43.234543 Received request from 102.23.55.32 for /example
2019-02-13T15:33:44.726534 Started database query for table users
2019-02-13T15:33:44.038472 Completed database query for table users
2019-02-13T15:33:43.234543 Received request from 102.23.55.32 for /example
2019-02-13T15:33:44.726534 Started database query for table users
2019-02-13T15:33:44.038472 Completed database query for table users
2019-02-13T15:33:43.234543 Received request from 102.23.55.32 for /example
2006-02-13T15:33:44.726534 Started database query for table users
2019-02-13T15:33:44.038472 Completed database query for table users
2019-02-13T15:33:43.234543 Received request from 102.23.55.32 for /example
2009-02-13T15:33:44.726534 Started database query for table users
2019-02-13T15:33:44.038472 Completed database query for table users
2019-02-13T15:33:43.234543 Received request from 102.23.55.32 for /example
2018-02-13T15:33:44.726534 Started database query for table users
2019-02-13T15:33:44.038472 Completed database query for table users
2019-02-13T15:33:43.234543 Received request from 102.23.55.32 for /example
2012-02-13T15:33:44.726534 Started database query for table users
2019-02-13T15:33:44.038472 Completed database query for table users
2019-02-13T15:33:43.234543 Received request from 102.23.55.32 for /example
2019-02-13T15:33:44.726534 Started database query for table users
2019-02-13T15:33:44.038472 Completed database query for table users
2015-02-13T15:33:43.234543 Received request from 102.23.55.32 for /example
2019-02-13T15:33:44.726534 Started database query for table users
2019-02-13T15:33:44.038472 Completed database query for table users
2019-02-13T15:33:43.234543 Received request from 102.23.55.32 for /example
2019-02-13T15:33:44.726534 Started database query for table users
2019-02-13T15:33:44.038472 Completed database query for table users
2019-02-13T15:33:43.234543 Received request from 102.23.55.32 for /example
2019-02-13T15:33:44.726534 Started database query for table users
2019-02-13T15:33:44.038472 Completed database query for table users
2019-02-13T15:33:43.234543 Received request from 102.23.55.32 for /example
2019-02-13T15:33:44.726534 Started database query for table users
2019-02-13T15:33:44.038472 Completed database query for table users
2019-02-13T15:33:43.234543 Received request from 102.23.55.32 for /example
2019-02-13T15:33:44.726534 Started database query for table users
2019-02-13T15:33:44.038472 Completed database query for table users
2019-02-13T15:33:43.234543 Received request from 102.23.55.32 for /example
2019-02-13T15:33:44.726534 Started database query for table users
2019-02-13T15:33:44.038472 Completed database query for table users
2019-02-13T15:33:43.234543 Received request from 102.23.55.32 for /example
2019-02-13T15:33:44.726534 Started database query for table users
2019-02-13T15:33:44.038472 Completed database query for table users
2019-02-13T15:33:43.234543 Received request from 102.23.55.32 for /example
2019-02-13T15:33:44.726534 Started database query for table users
2019-02-13T15:33:44.038472 Completed database query for table users
2019-02-13T15:33:43.234543 Received request from 102.23.55.32 for /example
2006-02-13T15:33:44.726534 Started database query for table users
2019-02-13T15:33:44.038472 Completed database query for table users
2019-02-13T15:33:43.234543 Received request from 102.23.55.32 for /example
2009-02-13T15:33:44.726534 Started database query for table users
2019-02-13T15:33:44.038472 Completed database query for table users
2019-02-13T15:33:43.234543 Received request from 102.23.55.32 for /example
2018-02-13T15:33:44.726534 Started database query for table users
2019-02-13T15:33:44.038472 Completed database query for table users
2019-02-13T15:33:43.234543 Received request from 102.23.55.32 for /example
2012-02-13T15:33:44.726534 Started database query for table users
2019-02-13T15:33:44.038472 Completed database query for table users
2019-02-13T15:33:43.234543 Received request from 102.23.55.32 for /example
2019-02-13T15:33:44.726534 Started database query for table users
2019-02-13T15:33:44.038472 Completed database query for table users
2015-02-13T15:33:43.234543 Received request from 102.23.55.32 for /example
2019-02-13T15:33:44.726534 Started database query for table users
2019-02-13T15:33:44.038472 Completed database query for table users
2019-02-13T15:33:43.234543 Received request from 102.23.55.32 for /example
2019-02-13T15:33:44.726534 Started database query for table users
2019-02-13T15:33:44.038472 Completed database query for table users
2019-02-13T15:33:43.234543 Received request from 102.23.55.32 for /example
2019-02-13T15:33:44.726534 Started database query for table users
2019-02-13T15:33:44.038472 Completed database query for table users
2019-02-13T15:33:43.234543 Received request from 102.23.55.32 for /example
2019-02-13T15:33:44.726534 Started database query for table users
2019-02-13T15:33:44.038472 Completed database query for table users
2019-02-13T15:33:43.234543 Received request from 102.23.55.32 for /example
2019-02-13T15:33:44.726534 Started database query for table users
2019-02-13T15:33:44.038472 Completed database query for table users
2019-02-13T15:33:43.234543 Received request from 102.23.55.32 for /example
2019-02-13T15:33:44.726534 Started database query for table users
2019-02-13T15:33:44.038472 Completed database query for table users
2019-02-13T15:33:43.234543 Received request from 102.23.55.32 for /example
2019-02-13T15:33:44.726534 Started database query for table users
2019-02-13T15:33:44.038472 Completed database query for table users
2019-02-13T15:33:43.234543 Received request from 102.23.55.32 for /example
2019-02-13T15:33:44.726534 Started database query for table users
2019-02-13T15:33:44.038472 Completed database query for table users
2019-02-13T15:33:43.234543 Received request from 102.23.55.32 for /example
2006-02-13T15:33:44.726534 Started database query for table users
2019-02-13T15:33:44.038472 Completed database query for table users
2019-02-13T15:33:43.234543 Received request from 102.23.55.32 for /example
2009-02-13T15:33:44.726534 Started database query for table users
2019-02-13T15:33:44.038472 Completed database query for table users
2019-02-13T15:33:43.234543 Received request from 102.23.55.32 for /example
2018-02-13T15:33:44.726534 Started database query for table users
2019-02-13T15:33:44.038472 Completed database query for table users
2019-02-13T15:33:43.234543 Received request from 102.23.55.32 for /example
2012-02-13T15:33:44.726534 Started database query for table users
2019-02-13T15:33:44.038472 Completed database query for table users
2019-02-13T15:33:43.234543 Received request from 102.23.55.32 for /example
2019-02-13T15:33:44.726534 Started database query for table users
2019-02-13T15:33:44.038472 Completed database query for table users
2015-02-13T15:33:43.234543 Received request from 102.23.55.32 for /example
2019-02-13T15:33:44.726534 Started database query for table users
2019-02-13T15:33:44.038472 Completed database query for table users
2019-02-13T15:33:43.234543 Received request from 102.23.55.32 for /example
2019-02-13T15:33:44.726534 Started database query for table users
2019-02-13T15:33:44.038472 Completed database query for table users
2019-02-13T15:33:43.234543 Received request from 102.23.55.32 for /example
2019-02-13T15:33:44.726534 Started database query for table users
2019-02-13T15:33:44.038472 Completed database query for table users
2019-02-13T15:33:43.234543 Received request from 102.23.55.32 for /example
2019-02-13T15:33:44.726534 Started database query for table users
2019-02-13T15:33:44.038472 Completed database query for table users
2019-02-13T15:33:43.234543 Received request from 102.23.55.32 for /example
2019-02-13T15:33:44.726534 Started database query for table users
2019-02-13T15:33:44.038472 Completed database query for table users
2019-02-13T15:33:43.234543 Received request from 102.23.55.32 for /example
2019-02-13T15:33:44.726534 Started database query for table users
2019-02-13T15:33:44.038472 Completed database query for table users
2019-02-13T15:33:43.234543 Received request from 102.23.55.32 for /example
2019-02-13T15:33:44.726534 Started database query for table users
2019-02-13T15:33:44.038472 Completed database query for table users
2019-02-13T15:33:43.234543 Received request from 102.23.55.32 for /example
2019-02-13T15:33:44.726534 Started database query for table users
2019-02-13T15:33:44.038472 Completed database query for table users
2019-02-13T15:33:43.234543 Received request from 102.23.55.32 for /example
2006-02-13T15:33:44.726534 Started database query for table users
2019-02-13T15:33:44.038472 Completed database query for table users
2019-02-13T15:33:43.234543 Received request from 102.23.55.32 for /example
2009-02-13T15:33:44.726534 Started database query for table users
2019-02-13T15:33:44.038472 Completed database query for table users
2019-02-13T15:33:43.234543 Received request from 102.23.55.32 for /example
2018-02-13T15:33:44.726534 Started database query for table users
2019-02-13T15:33:44.038472 Completed database query for table users
2019-02-13T15:33:43.234543 Received request from 102.23.55.32 for /example
2012-02-13T15:33:44.726534 Started database query for table users
2019-02-13T15:33:44.038472 Completed database query for table users
2019-02-13T15:33:43.234543 Received request from 102.23.55.32 for /example
2019-02-13T15:33:44.726534 Started database query for table users
2019-02-13T15:33:44.038472 Completed database query for table users
2015-02-13T15:33:43.234543 Received request from 102.23.55.32 for /example
2019-02-13T15:33:44.726534 Started database query for table users
2019-02-13T15:33:44.038472 Completed database query for table users
2019-02-13T15:33:43.234543 Received request from 102.23.55.32 for /example
2019-02-13T15:33:44.726534 Started database query for table users
2019-02-13T15:33:44.038472 Completed database query for table users
2019-02-13T15:33:43.234543 Received request from 102.23.55.32 for /example
2019-02-13T15:33:44.726534 Started database query for table users
2019-02-13T15:33:44.038472 Completed database query for table users
2019-02-13T15:33:43.234543 Received request from 102.23.55.32 for /example
2019-02-13T15:33:44.726534 Started database query for table users
2019-02-13T15:33:44.038472 Completed database query for table users
2019-02-13T15:33:43.234543 Received request from 102.23.55.32 for /example
2019-02-13T15:33:44.726534 Started database query for table users
2019-02-13T15:33:44.038472 Completed database query for table users
2019-02-13T15:33:43.234543 Received request from 102.23.55.32 for /example
2019-02-13T15:33:44.726534 Started database query for table users
2019-02-13T15:33:44.038472 Completed database query for table users
2019-02-13T15:33:43.234543 Received request from 102.23.55.32 for /example
2019-02-13T15:33:44.726534 Started database query for table users
2019-02-13T15:33:44.038472 Completed database query for table users
2019-02-13T15:33:43.234543 Received request from 102.23.55.32 for /example
2019-02-13T15:33:44.726534 Started database query for table users
2019-02-13T15:33:44.038472 Completed database query for table users
2019-02-13T15:33:43.234543 Received request from 102.23.55.32 for /example
2006-02-13T15:33:44.726534 Started database query for table users
2019-02-13T15:33:44.038472 Completed database query for table users
2019-02-13T15:33:43.234543 Received request from 102.23.55.32 for /example
2009-02-13T15:33:44.726534 Started database query for table users
2019-02-13T15:33:44.038472 Completed database query for table users
2019-02-13T15:33:43.234543 Received request from 102.23.55.32 for /example
2018-02-13T15:33:44.726534 Started database query for table users
2019-02-13T15:33:44.038472 Completed database query for table users
2019-02-13T15:33:43.234543 Received request from 102.23.55.32 for /example
2012-02-13T15:33:44.726534 Started database query for table users
2019-02-13T15:33:44.038472 Completed database query for table users
2019-02-13T15:33:43.234543 Received request from 102.23.55.32 for /example
2019-02-13T15:33:44.726534 Started database query for table users
2019-02-13T15:33:44.038472 Completed database query for table users
2015-02-13T15:33:43.234543 Received request from 102.23.55.32 for /example
2019-02-13T15:33:44.726534 Started database query for table users
2019-02-13T15:33:44.038472 Completed database query for table users
2019-02-13T15:33:43.234543 Received request from 102.23.55.32 for /example
2019-02-13T15:33:44.726534 Started database query for table users
2019-02-13T15:33:44.038472 Completed database query for table users
2019-02-13T15:33:43.234543 Received request from 102.23.55.32 for /example
2019-02-13T15:33:44.726534 Started database query for table users
2019-02-13T15:33:44.038472 Completed database query for table users
2019-02-13T15:33:43.234543 Received request from 102.23.55.32 for /example
2019-02-13T15:33:44.726534 Started database query for table users
2019-02-13T15:33:44.038472 Completed database query for table users
2019-02-13T15:33:43.234543 Received request from 102.23.55.32 for /example
2019-02-13T15:33:44.726534 Started database query for table users
2019-02-13T15:33:44.038472 Completed database query for table users
2019-02-13T15:33:43.234543 Received request from 102.23.55.32 for /example
2019-02-13T15:33:44.726534 Started database query for table users
2019-02-13T15:33:44.038472 Completed database query for table users
2019-02-13T15:33:43.234543 Received request from 102.23.55.32 for /example
2019-02-13T15:33:44.726534 Started database query for table users
2019-02-13T15:33:44.038472 Completed database query for table users
2019-02-13T15:33:43.234543 Received request from 102.23.55.32 for /example
2019-02-13T15:33:44.726534 Started database query for table users
2019-02-13T15:33:44.038472 Completed database query for table users
2019-02-13T15:33:43.234543 Received request from 102.23.55.32 for /example
2006-02-13T15:33:44.726534 Started database query for table users
2019-02-13T15:33:44.038472 Completed database query for table users
2019-02-13T15:33:43.234543 Received request from 102.23.55.32 for /example
2009-02-13T15:33:44.726534 Started database query for table users
2019-02-13T15:33:44.038472 Completed database query for table users
2019-02-13T15:33:43.234543 Received request from 102.23.55.32 for /example
2018-02-13T15:33:44.726534 Started database query for table users
2019-02-13T15:33:44.038472 Completed database query for table users
2019-02-13T15:33:43.234543 Received request from 102.23.55.32 for /example
2012-02-13T15:33:44.726534 Started database query for table users
2019-02-13T15:33:44.038472 Completed database query for table users
2019-02-13T15:33:43.234543 Received request from 102.23.55.32 for /example
2019-02-13T15:33:44.726534 Started database query for table users
2019-02-13T15:33:44.038472 Completed database query for table users
2015-02-13T15:33:43.234543 Received request from 102.23.55.32 for /example
2019-02-13T15:33:44.726534 Started database query for table users
2019-02-13T15:33:44.038472 Completed database query for table users
2019-02-13T15:33:43.234543 Received request from 102.23.55.32 for /example
2019-02-13T15:33:44.726534 Started database query for table users
2019-02-13T15:33:44.038472 Completed database query for table users
2019-02-13T15:33:43.234543 Received request from 102.23.55.32 for /example
2019-02-13T15:33:44.726534 Started database query for table users
2019-02-13T15:33:44.038472 Completed database query for table users
2019-02-13T15:33:43.234543 Received request from 102.23.55.32 for /example
2019-02-13T15:33:44.726534 Started database query for table users
2019-02-13T15:33:44.038472 Completed database query for table users
2019-02-13T15:33:43.234543 Received request from 102.23.55.32 for /example
2019-02-13T15:33:44.726534 Started database query for table users
2019-02-13T15:33:44.038472 Completed database query for table users
2019-02-13T15:33:43.234543 Received request from 102.23.55.32 for /example
2019-02-13T15:33:44.726534 Started database query for table users
2019-02-13T15:33:44.038472 Completed database query for table users
2019-02-13T15:33:43.234543 Received request from 102.23.55.32 for /example
2019-02-13T15:33:44.726534 Started database query for table users
2019-02-13T15:33:44.038472 Completed database query for table users
2019-02-13T15:33:43.234543 Received request from 102.23.55.32 for /example
2019-02-13T15:33:44.726534 Started database query for table users
2019-02-13T15:33:44.038472 Completed database query for table users
2019-02-13T15:33:43.234543 Received request from 102.23.55.32 for /example
2006-02-13T15:33:44.726534 Started database query for table users
2019-02-13T15:33:44.038472 Completed database query for table users
2019-02-13T15:33:43.234543 Received request from 102.23.55.32 for /example
2009-02-13T15:33:44.726534 Started database query for table users
2019-02-13T15:33:44.038472 Completed database query for table users
2019-02-13T15:33:43.234543 Received request from 102.23.55.32 for /example
2018-02-13T15:33:44.726534 Started database query for table users
2019-02-13T15:33:44.038472 Completed database query for table users
2019-02-13T15:33:43.234543 Received request from 102.23.55.32 for /example
2012-02-13T15:33:44.726534 Started database query for table users
2019-02-13T15:33:44.038472 Completed database query for table users
2019-02-13T15:33:43.234543 Received request from 102.23.55.32 for /example
2019-02-13T15:33:44.726534 Started database query for table users
2019-02-13T15:33:44.038472 Completed database query for table users
2015-02-13T15:33:43.234543 Received request from 102.23.55.32 for /example
2019-02-13T15:33:44.726534 Started database query for table users
2019-02-13T15:33:44.038472 Completed database query for table users
2019-02-13T15:33:43.234543 Received request from 102.23.55.32 for /example
2019-02-13T15:33:44.726534 Started database query for table users
2019-02-13T15:33:44.038472 Completed database query for table users
2019-02-13T15:33:43.234543 Received request from 102.23.55.32 for /example
2019-02-13T15:33:44.726534 Started database query for table users
2019-02-13T15:33:44.038472 Completed database query for table users
2019-02-13T15:33:43.234543 Received request from 102.23.55.32 for /example
2019-02-13T15:33:44.726534 Started database query for table users
2019-02-13T15:33:44.038472 Completed database query for table users
2019-02-13T15:33:43.234543 Received request from 102.23.55.32 for /example
2019-02-13T15:33:44.726534 Started database query for table users
2019-02-13T15:33:44.038472 Completed database query for table users
2019-02-13T15:33:43.234543 Received request from 102.23.55.32 for /example
2019-02-13T15:33:44.726534 Started database query for table users
2019-02-13T15:33:44.038472 Completed database query for table users
2019-02-13T15:33:43.234543 Received request from 102.23.55.32 for /example
2019-02-13T15:33:44.726534 Started database query for table users
2019-02-13T15:33:44.038472 Completed database query for table users
2019-02-13T15:33:43.234543 Received request from 102.23.55.32 for /example
2019-02-13T15:33:44.726534 Started database query for table users
2019-02-13T15:33:44.038472 Completed database query for table users
2019-02-13T15:33:43.234543 Received request from 102.23.55.32 for /example
2006-02-13T15:33:44.726534 Started database query for table users
2019-02-13T15:33:44.038472 Completed database query for table users
2019-02-13T15:33:43.234543 Received request from 102.23.55.32 for /example
2009-02-13T15:33:44.726534 Started database query for table users
2019-02-13T15:33:44.038472 Completed database query for table users
2019-02-13T15:33:43.234543 Received request from 102.23.55.32 for /example
2018-02-13T15:33:44.726534 Started database query for table users
2019-02-13T15:33:44.038472 Completed database query for table users
2019-02-13T15:33:43.234543 Received request from 102.23.55.32 for /example
2012-02-13T15:33:44.726534 Started database query for table users
2019-02-13T15:33:44.038472 Completed database query for table users
2019-02-13T15:33:43.234543 Received request from 102.23.55.32 for /example
2019-02-13T15:33:44.726534 Started database query for table users
2019-02-13T15:33:44.038472 Completed database query for table users
2015-02-13T15:33:43.234543 Received request from 102.23.55.32 for /example
2019-02-13T15:33:44.726534 Started database query for table users
2019-02-13T15:33:44.038472 Completed database query for table users
2019-02-13T15:33:43.234543 Received request from 102.23.55.32 for /example
2019-02-13T15:33:44.726534 Started database query for table users
2019-02-13T15:33:44.038472 Completed database query for table users
2019-02-13T15:33:43.234543 Received request from 102.23.55.32 for /example
2019-02-13T15:33:44.726534 Started database query for table users
2019-02-13T15:33:44.038472 Completed database query for table users
2019-02-13T15:33:43.234543 Received request from 102.23.55.32 for /example
2019-02-13T15:33:44.726534 Started database query for table users
2019-02-13T15:33:44.038472 Completed database query for table users
2019-02-13T15:33:43.234543 Received request from 102.23.55.32 for /example
2019-02-13T15:33:44.726534 Started database query for table users
2019-02-13T15:33:44.038472 Completed database query for table users
2019-02-13T15:33:43.234543 Received request from 102.23.55.32 for /example
2019-02-13T15:33:44.726534 Started database query for table users
2019-02-13T15:33:44.038472 Completed database query for table users
2019-02-13T15:33:43.234543 Received request from 102.23.55.32 for /example
2019-02-13T15:33:44.726534 Started database query for table users
2019-02-13T15:33:44.038472 Completed database query for table users
2019-02-13T15:33:43.234543 Received request from 102.23.55.32 for /example
2019-02-13T15:33:44.726534 Started database query for table users
2019-02-13T15:33:44.038472 Completed database query for table users
2019-02-13T15:33:43.234543 Received request from 102.23.55.32 for /example
2006-02-13T15:33:44.726534 Started database query for table users
2019-02-13T15:33:44.038472 Completed database query for table users
2019-02-13T15:33:43.234543 Received request from 102.23.55.32 for /example
2009-02-13T15:33:44.726534 Started database query for table users
2019-02-13T15:33:44.038472 Completed database query for table users
2019-02-13T15:33:43.234543 Received request from 102.23.55.32 for /example
2018-02-13T15:33:44.726534 Started database query for table users
2019-02-13T15:33:44.038472 Completed database query for table users
2019-02-13T15:33:43.234543 Received request from 102.23.55.32 for /example
2012-02-13T15:33:44.726534 Started database query for table users
2019-02-13T15:33:44.038472 Completed database query for table users
2019-02-13T15:33:43.234543 Received request from 102.23.55.32 for /example
2019-02-13T15:33:44.726534 Started database query for table users
2019-02-13T15:33:44.038472 Completed database query for table users
2015-02-13T15:33:43.234543 Received request from 102.23.55.32 for /example
2019-02-13T15:33:44.726534 Started database query for table users
2019-02-13T15:33:44.038472 Completed database query for table users
2019-02-13T15:33:43.234543 Received request from 102.23.55.32 for /example
2019-02-13T15:33:44.726534 Started database query for table users
2019-02-13T15:33:44.038472 Completed database query for table users
2019-02-13T15:33:43.234543 Received request from 102.23.55.32 for /example
2019-02-13T15:33:44.726534 Started database query for table users
2019-02-13T15:33:44.038472 Completed database query for table users
2019-02-13T15:33:43.234543 Received request from 102.23.55.32 for /example
2019-02-13T15:33:44.726534 Started database query for table users
2019-02-13T15:33:44.038472 Completed database query for table users
2019-02-13T15:33:43.234543 Received request from 102.23.55.32 for /example
2019-02-13T15:33:44.726534 Started database query for table users
2019-02-13T15:33:44.038472 Completed database query for table users
2019-02-13T15:33:43.234543 Received request from 102.23.55.32 for /example
2019-02-13T15:33:44.726534 Started database query for table users
2019-02-13T15:33:44.038472 Completed database query for table users
2019-02-13T15:33:43.234543 Received request from 102.23.55.32 for /example
2019-02-13T15:33:44.726534 Started database query for table users
2019-02-13T15:33:44.038472 Completed database query for table users
2019-02-13T15:33:43.234543 Received request from 102.23.55.32 for /example
2019-02-13T15:33:44.726534 Started database query for table users
2019-02-13T15:33:44.038472 Completed database query for table users
2019-02-13T15:33:43.234543 Received request from 102.23.55.32 for /example
2006-02-13T15:33:44.726534 Started database query for table users
2019-02-13T15:33:44.038472 Completed database query for table users
2019-02-13T15:33:43.234543 Received request from 102.23.55.32 for /example
2009-02-13T15:33:44.726534 Started database query for table users
2019-02-13T15:33:44.038472 Completed database query for table users
2019-02-13T15:33:43.234543 Received request from 102.23.55.32 for /example
2018-02-13T15:33:44.726534 Started database query for table users
2019-02-13T15:33:44.038472 Completed database query for table users
2019-02-13T15:33:43.234543 Received request from 102.23.55.32 for /example
2012-02-13T15:33:44.726534 Started database query for table users
2019-02-13T15:33:44.038472 Completed database query for table users
2019-02-13T15:33:43.234543 Received request from 102.23.55.32 for /example
2019-02-13T15:33:44.726534 Started database query for table users
2019-02-13T15:33:44.038472 Completed database query for table users
2015-02-13T15:33:43.234543 Received request from 102.23.55.32 for /example
2019-02-13T15:33:44.726534 Started database query for table users
2019-02-13T15:33:44.038472 Completed database query for table users
2019-02-13T15:33:43.234543 Received request from 102.23.55.32 for /example
2019-02-13T15:33:44.726534 Started database query for table users
2019-02-13T15:33:44.038472 Completed database query for table users
2019-02-13T15:33:43.234543 Received request from 102.23.55.32 for /example
2019-02-13T15:33:44.726534 Started database query for table users
2019-02-13T15:33:44.038472 Completed database query for table users
2019-02-13T15:33:43.234543 Received request from 102.23.55.32 for /example
2019-02-13T15:33:44.726534 Started database query for table users
2019-02-13T15:33:44.038472 Completed database query for table users
2019-02-13T15:33:43.234543 Received request from 102.23.55.32 for /example
2019-02-13T15:33:44.726534 Started database query for table users
2019-02-13T15:33:44.038472 Completed database query for table users
2019-02-13T15:33:43.234543 Received request from 102.23.55.32 for /example
2019-02-13T15:33:44.726534 Started database query for table users
2019-02-13T15:33:44.038472 Completed database query for table users
2019-02-13T15:33:43.234543 Received request from 102.23.55.32 for /example
2019-02-13T15:33:44.726534 Started database query for table users
2019-02-13T15:33:44.038472 Completed database query for table users
2019-02-13T15:33:43.234543 Received request from 102.23.55.32 for /example
2019-02-13T15:33:44.726534 Started database query for table users
2019-02-13T15:33:44.038472 Completed database query for table users
2019-02-13T15:33:43.234543 Received request from 102.23.55.32 for /example
2006-02-13T15:33:44.726534 Started database query for table users
2019-02-13T15:33:44.038472 Completed database query for table users
2019-02-13T15:33:43.234543 Received request from 102.23.55.32 for /example
2009-02-13T15:33:44.726534 Started database query for table users
2019-02-13T15:33:44.038472 Completed database query for table users
2019-02-13T15:33:43.234543 Received request from 102.23.55.32 for /example
2018-02-13T15:33:44.726534 Started database query for table users
2019-02-13T15:33:44.038472 Completed database query for table users
2019-02-13T15:33:43.234543 Received request from 102.23.55.32 for /example
2012-02-13T15:33:44.726534 Started database query for table users
2019-02-13T15:33:44.038472 Completed database query for table users
2019-02-13T15:33:43.234543 Received request from 102.23.55.32 for /example
2019-02-13T15:33:44.726534 Started database query for table users
2019-02-13T15:33:44.038472 Completed database query for table users
2015-02-13T15:33:43.234543 Received request from 102.23.55.32 for /example
2019-02-13T15:33:44.726534 Started database query for table users
2019-02-13T15:33:44.038472 Completed database query for table users
2019-02-13T15:33:43.234543 Received request from 102.23.55.32 for /example
2019-02-13T15:33:44.726534 Started database query for table users
2019-02-13T15:33:44.038472 Completed database query for table users
2019-02-13T15:33:43.234543 Received request from 102.23.55.32 for /example
2019-02-13T15:33:44.726534 Started database query for table users
2019-02-13T15:33:44.038472 Completed database query for table users
2019-02-13T15:33:43.234543 Received request from 102.23.55.32 for /example
2019-02-13T15:33:44.726534 Started database query for table users
2019-02-13T15:33:44.038472 Completed database query for table users
2019-02-13T15:33:43.234543 Received request from 102.23.55.32 for /example
2019-02-13T15:33:44.726534 Started database query for table users
2019-02-13T15:33:44.038472 Completed database query for table users
2019-02-13T15:33:43.234543 Received request from 102.23.55.32 for /example
2019-02-13T15:33:44.726534 Started database query for table users
2019-02-13T15:33:44.038472 Completed database query for table users
2019-02-13T15:33:43.234543 Received request from 102.23.55.32 for /example
2019-02-13T15:33:44.726534 Started database query for table users
2019-02-13T15:33:44.038472 Completed database query for table users
2019-02-13T15:33:43.234543 Received request from 102.23.55.32 for /example
2019-02-13T15:33:44.726534 Started database query for table users
2019-02-13T15:33:44.038472 Completed database query for table users
2019-02-13T15:33:43.234543 Received request from 102.23.55.32 for /example
2006-02-13T15:33:44.726534 Started database query for table users
2019-02-13T15:33:44.038472 Completed database query for table users
2019-02-13T15:33:43.234543 Received request from 102.23.55.32 for /example
2009-02-13T15:33:44.726534 Started database query for table users
2019-02-13T15:33:44.038472 Completed database query for table users
2019-02-13T15:33:43.234543 Received request from 102.23.55.32 for /example
2018-02-13T15:33:44.726534 Started database query for table users
2019-02-13T15:33:44.038472 Completed database query for table users
2019-02-13T15:33:43.234543 Received request from 102.23.55.32 for /example
2012-02-13T15:33:44.726534 Started database query for table users
2019-02-13T15:33:44.038472 Completed database query for table users
2019-02-13T15:33:43.234543 Received request from 102.23.55.32 for /example
2019-02-13T15:33:44.726534 Started database query for table users
2019-02-13T15:33:44.038472 Completed database query for table users
2015-02-13T15:33:43.234543 Received request from 102.23.55.32 for /example
2019-02-13T15:33:44.726534 Started database query for table users
2019-02-13T15:33:44.038472 Completed database query for table users
2019-02-13T15:33:43.234543 Received request from 102.23.55.32 for /example
2019-02-13T15:33:44.726534 Started database query for table users
2019-02-13T15:33:44.038472 Completed database query for table users
2019-02-13T15:33:43.234543 Received request from 102.23.55.32 for /example
2019-02-13T15:33:44.726534 Started database query for table users
2019-02-13T15:33:44.038472 Completed database query for table users
2019-02-13T15:33:43.234543 Received request from 102.23.55.32 for /example
2019-02-13T15:33:44.726534 Started database query for table users
2019-02-13T15:33:44.038472 Completed database query for table users
2019-02-13T15:33:43.234543 Received request from 102.23.55.32 for /example
2019-02-13T15:33:44.726534 Started database query for table users
2019-02-13T15:33:44.038472 Completed database query for table users
2019-02-13T15:33:43.234543 Received request from 102.23.55.32 for /example
2019-02-13T15:33:44.726534 Started database query for table users
2019-02-13T15:33:44.038472 Completed database query for table users
2019-02-13T15:33:43.234543 Received request from 102.23.55.32 for /example
2019-02-13T15:33:44.726534 Started database query for table users
2019-02-13T15:33:44.038472 Completed database query for table users
2019-02-13T15:33:43.234543 Received request from 102.23.55.32 for /example
2019-02-13T15:33:44.726534 Started database query for table users
2019-02-13T15:33:44.038472 Completed database query for table users
2019-02-13T15:33:43.234543 Received request from 102.23.55.32 for /example
2006-02-13T15:33:44.726534 Started database query for table users
2019-02-13T15:33:44.038472 Completed database query for table users
2019-02-13T15:33:43.234543 Received request from 102.23.55.32 for /example
2009-02-13T15:33:44.726534 Started database query for table users
2019-02-13T15:33:44.038472 Completed database query for table users
2019-02-13T15:33:43.234543 Received request from 102.23.55.32 for /example
2018-02-13T15:33:44.726534 Started database query for table users
2019-02-13T15:33:44.038472 Completed database query for table users
2019-02-13T15:33:43.234543 Received request from 102.23.55.32 for /example
2012-02-13T15:33:44.726534 Started database query for table users
2019-02-13T15:33:44.038472 Completed database query for table users
2019-02-13T15:33:43.234543 Received request from 102.23.55.32 for /example
2019-02-13T15:33:44.726534 Started database query for table users
2019-02-13T15:33:44.038472 Completed database query for table users
2015-02-13T15:33:43.234543 Received request from 102.23.55.32 for /example
2019-02-13T15:33:44.726534 Started database query for table users
2019-02-13T15:33:44.038472 Completed database query for table users
2019-02-13T15:33:43.234543 Received request from 102.23.55.32 for /example
2019-02-13T15:33:44.726534 Started database query for table users
2019-02-13T15:33:44.038472 Completed database query for table users
2019-02-13T15:33:43.234543 Received request from 102.23.55.32 for /example
2019-02-13T15:33:44.726534 Started database query for table users
2019-02-13T15:33:44.038472 Completed database query for table users
2019-02-13T15:33:43.234543 Received request from 102.23.55.32 for /example
2019-02-13T15:33:44.726534 Started database query for table users
2019-02-13T15:33:44.038472 Completed database query for table users
2019-02-13T15:33:43.234543 Received request from 102.23.55.32 for /example
2019-02-13T15:33:44.726534 Started database query for table users
2019-02-13T15:33:44.038472 Completed database query for table users
2019-02-13T15:33:43.234543 Received request from 102.23.55.32 for /example
2019-02-13T15:33:44.726534 Started database query for table users
2019-02-13T15:33:44.038472 Completed database query for table users
2019-02-13T15:33:43.234543 Received request from 102.23.55.32 for /example
2019-02-13T15:33:44.726534 Started database query for table users
2019-02-13T15:33:44.038472 Completed database query for table users
2019-02-13T15:33:43.234543 Received request from 102.23.55.32 for /example
2019-02-13T15:33:44.726534 Started database query for table users
2019-02-13T15:33:44.038472 Completed database query for table users
2019-02-13T15:33:43.234543 Received request from 102.23.55.32 for /example
2006-02-13T15:33:44.726534 Started database query for table users
2019-02-13T15:33:44.038472 Completed database query for table users
2019-02-13T15:33:43.234543 Received request from 102.23.55.32 for /example
2009-02-13T15:33:44.726534 Started database query for table users
2019-02-13T15:33:44.038472 Completed database query for table users
2019-02-13T15:33:43.234543 Received request from 102.23.55.32 for /example
2018-02-13T15:33:44.726534 Started database query for table users
2019-02-13T15:33:44.038472 Completed database query for table users
2019-02-13T15:33:43.234543 Received request from 102.23.55.32 for /example
2012-02-13T15:33:44.726534 Started database query for table users
2019-02-13T15:33:44.038472 Completed database query for table users
2019-02-13T15:33:43.234543 Received request from 102.23.55.32 for /example
2019-02-13T15:33:44.726534 Started database query for table users
2019-02-13T15:33:44.038472 Completed database query for table users
2015-02-13T15:33:43.234543 Received request from 102.23.55.32 for /example
2019-02-13T15:33:44.726534 Started database query for table users
2019-02-13T15:33:44.038472 Completed database query for table users
2019-02-13T15:33:43.234543 Received request from 102.23.55.32 for /example
2019-02-13T15:33:44.726534 Started database query for table users
2019-02-13T15:33:44.038472 Completed database query for table users
2019-02-13T15:33:43.234543 Received request from 102.23.55.32 for /example
2019-02-13T15:33:44.726534 Started database query for table users
2019-02-13T15:33:44.038472 Completed database query for table users
2019-02-13T15:33:43.234543 Received request from 102.23.55.32 for /example
2019-02-13T15:33:44.726534 Started database query for table users
2019-02-13T15:33:44.038472 Completed database query for table users
2019-02-13T15:33:43.234543 Received request from 102.23.55.32 for /example
2019-02-13T15:33:44.726534 Started database query for table users
2019-02-13T15:33:44.038472 Completed database query for table users
2019-02-13T15:33:43.234543 Received request from 102.23.55.32 for /example
2019-02-13T15:33:44.726534 Started database query for table users
2019-02-13T15:33:44.038472 Completed database query for table users
2019-02-13T15:33:43.234543 Received request from 102.23.55.32 for /example
2019-02-13T15:33:44.726534 Started database query for table users
2019-02-13T15:33:44.038472 Completed database query for table users
2019-02-13T15:33:43.234543 Received request from 102.23.55.32 for /example
2019-02-13T15:33:44.726534 Started database query for table users
2019-02-13T15:33:44.038472 Completed database query for table users
2019-02-13T15:33:43.234543 Received request from 102.23.55.32 for /example
2006-02-13T15:33:44.726534 Started database query for table users
2019-02-13T15:33:44.038472 Completed database query for table users
2019-02-13T15:33:43.234543 Received request from 102.23.55.32 for /example
2009-02-13T15:33:44.726534 Started database query for table users
2019-02-13T15:33:44.038472 Completed database query for table users
2019-02-13T15:33:43.234543 Received request from 102.23.55.32 for /example
2018-02-13T15:33:44.726534 Started database query for table users
2019-02-13T15:33:44.038472 Completed database query for table users
2019-02-13T15:33:43.234543 Received request from 102.23.55.32 for /example
2012-02-13T15:33:44.726534 Started database query for table users
2019-02-13T15:33:44.038472 Completed database query for table users
2019-02-13T15:33:43.234543 Received request from 102.23.55.32 for /example
2019-02-13T15:33:44.726534 Started database query for table users
2019-02-13T15:33:44.038472 Completed database query for table users
2015-02-13T15:33:43.234543 Received request from 102.23.55.32 for /example
2019-02-13T15:33:44.726534 Started database query for table users
2019-02-13T15:33:44.038472 Completed database query for table users
2019-02-13T15:33:43.234543 Received request from 102.23.55.32 for /example
2019-02-13T15:33:44.726534 Started database query for table users
2019-02-13T15:33:44.038472 Completed database query for table users
2019-02-13T15:33:43.234543 Received request from 102.23.55.32 for /example
2019-02-13T15:33:44.726534 Started database query for table users
2019-02-13T15:33:44.038472 Completed database query for table users
2019-02-13T15:33:43.234543 Received request from 102.23.55.32 for /example
2019-02-13T15:33:44.726534 Started database query for table users
2019-02-13T15:33:44.038472 Completed database query for table users
2019-02-13T15:33:43.234543 Received request from 102.23.55.32 for /example
2019-02-13T15:33:44.726534 Started database query for table users
2019-02-13T15:33:44.038472 Completed database query for table users
2019-02-13T15:33:43.234543 Received request from 102.23.55.32 for /example
2019-02-13T15:33:44.726534 Started database query for table users
2019-02-13T15:33:44.038472 Completed database query for table users
2019-02-13T15:33:43.234543 Received request from 102.23.55.32 for /example
2019-02-13T15:33:44.726534 Started database query for table users
2019-02-13T15:33:44.038472 Completed database query for table users
2019-02-13T15:33:43.234543 Received request from 102.23.55.32 for /example
2019-02-13T15:33:44.726534 Started database query for table users
2019-02-13T15:33:44.038472 Completed database query for table users
2019-02-13T15:33:43.234543 Received request from 102.23.55.32 for /example
2006-02-13T15:33:44.726534 Started database query for table users
2019-02-13T15:33:44.038472 Completed database query for table users
2019-02-13T15:33:43.234543 Received request from 102.23.55.32 for /example
2009-02-13T15:33:44.726534 Started database query for table users
2019-02-13T15:33:44.038472 Completed database query for table users
2019-02-13T15:33:43.234543 Received request from 102.23.55.32 for /example
2018-02-13T15:33:44.726534 Started database query for table users
2019-02-13T15:33:44.038472 Completed database query for table users
2019-02-13T15:33:43.234543 Received request from 102.23.55.32 for /example
2012-02-13T15:33:44.726534 Started database query for table users
2019-02-13T15:33:44.038472 Completed database query for table users
2019-02-13T15:33:43.234543 Received request from 102.23.55.32 for /example
2019-02-13T15:33:44.726534 Started database query for table users
2019-02-13T15:33:44.038472 Completed database query for table users
2015-02-13T15:33:43.234543 Received request from 102.23.55.32 for /example
2019-02-13T15:33:44.726534 Started database query for table users
2019-02-13T15:33:44.038472 Completed database query for table users
2019-02-13T15:33:43.234543 Received request from 102.23.55.32 for /example
2019-02-13T15:33:44.726534 Started database query for table users
2019-02-13T15:33:44.038472 Completed database query for table users
2019-02-13T15:33:43.234543 Received request from 102.23.55.32 for /example
2019-02-13T15:33:44.726534 Started database query for table users
2019-02-13T15:33:44.038472 Completed database query for table users
2019-02-13T15:33:43.234543 Received request from 102.23.55.32 for /example
2019-02-13T15:33:44.726534 Started database query for table users
2019-02-13T15:33:44.038472 Completed database query for table users
2019-02-13T15:33:43.234543 Received request from 102.23.55.32 for /example
2019-02-13T15:33:44.726534 Started database query for table users
2019-02-13T15:33:44.038472 Completed database query for table users
2019-02-13T15:33:43.234543 Received request from 102.23.55.32 for /example
2019-02-13T15:33:44.726534 Started database query for table users
2019-02-13T15:33:44.038472 Completed database query for table users
2019-02-13T15:33:43.234543 Received request from 102.23.55.32 for /example
2019-02-13T15:33:44.726534 Started database query for table users
2019-02-13T15:33:44.038472 Completed database query for table users
2019-02-13T15:33:43.234543 Received request from 102.23.55.32 for /example
2019-02-13T15:33:44.726534 Started database query for table users
2019-02-13T15:33:44.038472 Completed database query for table users
2019-02-13T15:33:43.234543 Received request from 102.23.55.32 for /example
2006-02-13T15:33:44.726534 Started database query for table users
2019-02-13T15:33:44.038472 Completed database query for table users
2019-02-13T15:33:43.234543 Received request from 102.23.55.32 for /example
2009-02-13T15:33:44.726534 Started database query for table users
2019-02-13T15:33:44.038472 Completed database query for table users
2019-02-13T15:33:43.234543 Received request from 102.23.55.32 for /example
2018-02-13T15:33:44.726534 Started database query for table users
2019-02-13T15:33:44.038472 Completed database query for table users
2019-02-13T15:33:43.234543 Received request from 102.23.55.32 for /example
2012-02-13T15:33:44.726534 Started database query for table users
2019-02-13T15:33:44.038472 Completed database query for table users
2019-02-13T15:33:43.234543 Received request from 102.23.55.32 for /example
2019-02-13T15:33:44.726534 Started database query for table users
2019-02-13T15:33:44.038472 Completed database query for table users
2015-02-13T15:33:43.234543 Received request from 102.23.55.32 for /example
2019-02-13T15:33:44.726534 Started database query for table users
2019-02-13T15:33:44.038472 Completed database query for table users
2019-02-13T15:33:43.234543 Received request from 102.23.55.32 for /example
2019-02-13T15:33:44.726534 Started database query for table users
2019-02-13T15:33:44.038472 Completed database query for table users
2019-02-13T15:33:43.234543 Received request from 102.23.55.32 for /example
2019-02-13T15:33:44.726534 Started database query for table users
2019-02-13T15:33:44.038472 Completed database query for table users
2019-02-13T15:33:43.234543 Received request from 102.23.55.32 for /example
2019-02-13T15:33:44.726534 Started database query for table users
2019-02-13T15:33:44.038472 Completed database query for table users
2019-02-13T15:33:43.234543 Received request from 102.23.55.32 for /example
2019-02-13T15:33:44.726534 Started database query for table users
2019-02-13T15:33:44.038472 Completed database query for table users
2019-02-13T15:33:43.234543 Received request from 102.23.55.32 for /example
2019-02-13T15:33:44.726534 Started database query for table users
2019-02-13T15:33:44.038472 Completed database query for table users
2019-02-13T15:33:43.234543 Received request from 102.23.55.32 for /example
2019-02-13T15:33:44.726534 Started database query for table users
2019-02-13T15:33:44.038472 Completed database query for table users
2019-02-13T15:33:43.234543 Received request from 102.23.55.32 for /example
2019-02-13T15:33:44.726534 Started database query for table users
2019-02-13T15:33:44.038472 Completed database query for table users
2019-02-13T15:33:43.234543 Received request from 102.23.55.32 for /example
2006-02-13T15:33:44.726534 Started database query for table users
2019-02-13T15:33:44.038472 Completed database query for table users
2019-02-13T15:33:43.234543 Received request from 102.23.55.32 for /example
2009-02-13T15:33:44.726534 Started database query for table users
2019-02-13T15:33:44.038472 Completed database query for table users
2019-02-13T15:33:43.234543 Received request from 102.23.55.32 for /example
2018-02-13T15:33:44.726534 Started database query for table users
2019-02-13T15:33:44.038472 Completed database query for table users
2019-02-13T15:33:43.234543 Received request from 102.23.55.32 for /example
2012-02-13T15:33:44.726534 Started database query for table users
2019-02-13T15:33:44.038472 Completed database query for table users
2019-02-13T15:33:43.234543 Received request from 102.23.55.32 for /example
2019-02-13T15:33:44.726534 Started database query for table users
2019-02-13T15:33:44.038472 Completed database query for table users
2015-02-13T15:33:43.234543 Received request from 102.23.55.32 for /example
2019-02-13T15:33:44.726534 Started database query for table users
2019-02-13T15:33:44.038472 Completed database query for table users
2019-02-13T15:33:43.234543 Received request from 102.23.55.32 for /example
2019-02-13T15:33:44.726534 Started database query for table users
2019-02-13T15:33:44.038472 Completed database query for table users
2019-02-13T15:33:43.234543 Received request from 102.23.55.32 for /example
2019-02-13T15:33:44.726534 Started database query for table users
2019-02-13T15:33:44.038472 Completed database query for table users
2019-02-13T15:33:43.234543 Received request from 102.23.55.32 for /example
2019-02-13T15:33:44.726534 Started database query for table users
2019-02-13T15:33:44.038472 Completed database query for table users
2019-02-13T15:33:43.234543 Received request from 102.23.55.32 for /example
2019-02-13T15:33:44.726534 Started database query for table users
2019-02-13T15:33:44.038472 Completed database query for table users
2019-02-13T15:33:43.234543 Received request from 102.23.55.32 for /example
2019-02-13T15:33:44.726534 Started database query for table users
2019-02-13T15:33:44.038472 Completed database query for table users
2019-02-13T15:33:43.234543 Received request from 102.23.55.32 for /example
2019-02-13T15:33:44.726534 Started database query for table users
2019-02-13T15:33:44.038472 Completed database query for table users
2019-02-13T15:33:43.234543 Received request from 102.23.55.32 for /example
2019-02-13T15:33:44.726534 Started database query for table users
2019-02-13T15:33:44.038472 Completed database query for table users
2019-02-13T15:33:43.234543 Received request from 102.23.55.32 for /example
2006-02-13T15:33:44.726534 Started database query for table users
2019-02-13T15:33:44.038472 Completed database query for table users
2019-02-13T15:33:43.234543 Received request from 102.23.55.32 for /example
2009-02-13T15:33:44.726534 Started database query for table users
2019-02-13T15:33:44.038472 Completed database query for table users
2019-02-13T15:33:43.234543 Received request from 102.23.55.32 for /example
2018-02-13T15:33:44.726534 Started database query for table users
2019-02-13T15:33:44.038472 Completed database query for table users
2019-02-13T15:33:43.234543 Received request from 102.23.55.32 for /example
2012-02-13T15:33:44.726534 Started database query for table users
2019-02-13T15:33:44.038472 Completed database query for table users
2019-02-13T15:33:43.234543 Received request from 102.23.55.32 for /example
2019-02-13T15:33:44.726534 Started database query for table users
2019-02-13T15:33:44.038472 Completed database query for table users
2015-02-13T15:33:43.234543 Received request from 102.23.55.32 for /example
2019-02-13T15:33:44.726534 Started database query for table users
2019-02-13T15:33:44.038472 Completed database query for table users
2019-02-13T15:33:43.234543 Received request from 102.23.55.32 for /example
2019-02-13T15:33:44.726534 Started database query for table users
2019-02-13T15:33:44.038472 Completed database query for table users
2019-02-13T15:33:43.234543 Received request from 102.23.55.32 for /example
2019-02-13T15:33:44.726534 Started database query for table users
2019-02-13T15:33:44.038472 Completed database query for table users
2019-02-13T15:33:43.234543 Received request from 102.23.55.32 for /example
2019-02-13T15:33:44.726534 Started database query for table users
2019-02-13T15:33:44.038472 Completed database query for table users
2019-02-13T15:33:43.234543 Received request from 102.23.55.32 for /example
2019-02-13T15:33:44.726534 Started database query for table users
2019-02-13T15:33:44.038472 Completed database query for table users
2019-02-13T15:33:43.234543 Received request from 102.23.55.32 for /example
2019-02-13T15:33:44.726534 Started database query for table users
2019-02-13T15:33:44.038472 Completed database query for table users
2019-02-13T15:33:43.234543 Received request from 102.23.55.32 for /example
2019-02-13T15:33:44.726534 Started database query for table users
2019-02-13T15:33:44.038472 Completed database query for table users
2019-02-13T15:33:43.234543 Received request from 102.23.55.32 for /example
2019-02-13T15:33:44.726534 Started database query for table users
2019-02-13T15:33:44.038472 Completed database query for table users
2019-02-13T15:33:43.234543 Received request from 102.23.55.32 for /example
2006-02-13T15:33:44.726534 Started database query for table users
2019-02-13T15:33:44.038472 Completed database query for table users
2019-02-13T15:33:43.234543 Received request from 102.23.55.32 for /example
2009-02-13T15:33:44.726534 Started database query for table users
2019-02-13T15:33:44.038472 Completed database query for table users
2019-02-13T15:33:43.234543 Received request from 102.23.55.32 for /example
2018-02-13T15:33:44.726534 Started database query for table users
2019-02-13T15:33:44.038472 Completed database query for table users
2019-02-13T15:33:43.234543 Received request from 102.23.55.32 for /example
2012-02-13T15:33:44.726534 Started database query for table users
2019-02-13T15:33:44.038472 Completed database query for table users
2019-02-13T15:33:43.234543 Received request from 102.23.55.32 for /example
2019-02-13T15:33:44.726534 Started database query for table users
2019-02-13T15:33:44.038472 Completed database query for table users
2015-02-13T15:33:43.234543 Received request from 102.23.55.32 for /example
2019-02-13T15:33:44.726534 Started database query for table users
2019-02-13T15:33:44.038472 Completed database query for table users
2019-02-13T15:33:43.234543 Received request from 102.23.55.32 for /example
2019-02-13T15:33:44.726534 Started database query for table users
2019-02-13T15:33:44.038472 Completed database query for table users
2019-02-13T15:33:43.234543 Received request from 102.23.55.32 for /example
2019-02-13T15:33:44.726534 Started database query for table users
2019-02-13T15:33:44.038472 Completed database query for table users
2019-02-13T15:33:43.234543 Received request from 102.23.55.32 for /example
2019-02-13T15:33:44.726534 Started database query for table users
2019-02-13T15:33:44.038472 Completed database query for table users
2019-02-13T15:33:43.234543 Received request from 102.23.55.32 for /example
2019-02-13T15:33:44.726534 Started database query for table users
2019-02-13T15:33:44.038472 Completed database query for table users
2019-02-13T15:33:43.234543 Received request from 102.23.55.32 for /example
2019-02-13T15:33:44.726534 Started database query for table users
2019-02-13T15:33:44.038472 Completed database query for table users
2019-02-13T15:33:43.234543 Received request from 102.23.55.32 for /example
2019-02-13T15:33:44.726534 Started database query for table users
2019-02-13T15:33:44.038472 Completed database query for table users
2019-02-13T15:33:43.234543 Received request from 102.23.55.32 for /example
2019-02-13T15:33:44.726534 Started database query for table users
2019-02-13T15:33:44.038472 Completed database query for table users
2019-02-13T15:33:43.234543 Received request from 102.23.55.32 for /example
2006-02-13T15:33:44.726534 Started database query for table users
2019-02-13T15:33:44.038472 Completed database query for table users
2019-02-13T15:33:43.234543 Received request from 102.23.55.32 for /example
2009-02-13T15:33:44.726534 Started database query for table users
2019-02-13T15:33:44.038472 Completed database query for table users
2019-02-13T15:33:43.234543 Received request from 102.23.55.32 for /example
2018-02-13T15:33:44.726534 Started database query for table users
2019-02-13T15:33:44.038472 Completed database query for table users
2019-02-13T15:33:43.234543 Received request from 102.23.55.32 for /example
2012-02-13T15:33:44.726534 Started database query for table users
2019-02-13T15:33:44.038472 Completed database query for table users
2019-02-13T15:33:43.234543 Received request from 102.23.55.32 for /example
2019-02-13T15:33:44.726534 Started database query for table users
2019-02-13T15:33:44.038472 Completed database query for table users
2015-02-13T15:33:43.234543 Received request from 102.23.55.32 for /example
2019-02-13T15:33:44.726534 Started database query for table users
2019-02-13T15:33:44.038472 Completed database query for table users
2019-02-13T15:33:43.234543 Received request from 102.23.55.32 for /example
2019-02-13T15:33:44.726534 Started database query for table users
2019-02-13T15:33:44.038472 Completed database query for table users
2019-02-13T15:33:43.234543 Received request from 102.23.55.32 for /example
2019-02-13T15:33:44.726534 Started database query for table users
2019-02-13T15:33:44.038472 Completed database query for table users
2019-02-13T15:33:43.234543 Received request from 102.23.55.32 for /example
2019-02-13T15:33:44.726534 Started database query for table users
2019-02-13T15:33:44.038472 Completed database query for table users
2019-02-13T15:33:43.234543 Received request from 102.23.55.32 for /example
2019-02-13T15:33:44.726534 Started database query for table users
2019-02-13T15:33:44.038472 Completed database query for table users
2019-02-13T15:33:43.234543 Received request from 102.23.55.32 for /example
2019-02-13T15:33:44.726534 Started database query for table users
2019-02-13T15:33:44.038472 Completed database query for table users
2019-02-13T15:33:43.234543 Received request from 102.23.55.32 for /example
2019-02-13T15:33:44.726534 Started database query for table users
2019-02-13T15:33:44.038472 Completed database query for table users
2019-02-13T15:33:43.234543 Received request from 102.23.55.32 for /example
2019-02-13T15:33:44.726534 Started database query for table users
2019-02-13T15:33:44.038472 Completed database query for table users
2019-02-13T15:33:43.234543 Received request from 102.23.55.32 for /example
2006-02-13T15:33:44.726534 Started database query for table users
2019-02-13T15:33:44.038472 Completed database query for table users
2019-02-13T15:33:43.234543 Received request from 102.23.55.32 for /example
2009-02-13T15:33:44.726534 Started database query for table users
2019-02-13T15:33:44.038472 Completed database query for table users
2019-02-13T15:33:43.234543 Received request from 102.23.55.32 for /example
2018-02-13T15:33:44.726534 Started database query for table users
2019-02-13T15:33:44.038472 Completed database query for table users
2019-02-13T15:33:43.234543 Received request from 102.23.55.32 for /example
2012-02-13T15:33:44.726534 Started database query for table users
2019-02-13T15:33:44.038472 Completed database query for table users
2019-02-13T15:33:43.234543 Received request from 102.23.55.32 for /example
2019-02-13T15:33:44.726534 Started database query for table users
2019-02-13T15:33:44.038472 Completed database query for table users
2015-02-13T15:33:43.234543 Received request from 102.23.55.32 for /example
2019-02-13T15:33:44.726534 Started database query for table users
2019-02-13T15:33:44.038472 Completed database query for table users
2019-02-13T15:33:43.234543 Received request from 102.23.55.32 for /example
2019-02-13T15:33:44.726534 Started database query for table users
2019-02-13T15:33:44.038472 Completed database query for table users
2019-02-13T15:33:43.234543 Received request from 102.23.55.32 for /example
2019-02-13T15:33:44.726534 Started database query for table users
2019-02-13T15:33:44.038472 Completed database query for table users
2019-02-13T15:33:43.234543 Received request from 102.23.55.32 for /example
2019-02-13T15:33:44.726534 Started database query for table users
2019-02-13T15:33:44.038472 Completed database query for table users
2019-02-13T15:33:43.234543 Received request from 102.23.55.32 for /example
2019-02-13T15:33:44.726534 Started database query for table users
2019-02-13T15:33:44.038472 Completed database query for table users
2019-02-13T15:33:43.234543 Received request from 102.23.55.32 for /example
2019-02-13T15:33:44.726534 Started database query for table users
2019-02-13T15:33:44.038472 Completed database query for table users
2019-02-13T15:33:43.234543 Received request from 102.23.55.32 for /example
2019-02-13T15:33:44.726534 Started database query for table users
2019-02-13T15:33:44.038472 Completed database query for table users
2019-02-13T15:33:43.234543 Received request from 102.23.55.32 for /example
2019-02-13T15:33:44.726534 Started database query for table users
2019-02-13T15:33:44.038472 Completed database query for table users
2019-02-13T15:33:43.234543 Received request from 102.23.55.32 for /example
2006-02-13T15:33:44.726534 Started database query for table users
2019-02-13T15:33:44.038472 Completed database query for table users
2019-02-13T15:33:43.234543 Received request from 102.23.55.32 for /example
2009-02-13T15:33:44.726534 Started database query for table users
2019-02-13T15:33:44.038472 Completed database query for table users
2019-02-13T15:33:43.234543 Received request from 102.23.55.32 for /example
2018-02-13T15:33:44.726534 Started database query for table users
2019-02-13T15:33:44.038472 Completed database query for table users
2019-02-13T15:33:43.234543 Received request from 102.23.55.32 for /example
2012-02-13T15:33:44.726534 Started database query for table users
2019-02-13T15:33:44.038472 Completed database query for table users
2019-02-13T15:33:43.234543 Received request from 102.23.55.32 for /example
2019-02-13T15:33:44.726534 Started database query for table users
2019-02-13T15:33:44.038472 Completed database query for table users
2015-02-13T15:33:43.234543 Received request from 102.23.55.32 for /example
2019-02-13T15:33:44.726534 Started database query for table users
2019-02-13T15:33:44.038472 Completed database query for table users
2019-02-13T15:33:43.234543 Received request from 102.23.55.32 for /example
2019-02-13T15:33:44.726534 Started database query for table users
2019-02-13T15:33:44.038472 Completed database query for table users
2019-02-13T15:33:43.234543 Received request from 102.23.55.32 for /example
2019-02-13T15:33:44.726534 Started database query for table users
2019-02-13T15:33:44.038472 Completed database query for table users
2019-02-13T15:33:43.234543 Received request from 102.23.55.32 for /example
2019-02-13T15:33:44.726534 Started database query for table users
2019-02-13T15:33:44.038472 Completed database query for table users
2019-02-13T15:33:43.234543 Received request from 102.23.55.32 for /example
2019-02-13T15:33:44.726534 Started database query for table users
2019-02-13T15:33:44.038472 Completed database query for table users
2019-02-13T15:33:43.234543 Received request from 102.23.55.32 for /example
2019-02-13T15:33:44.726534 Started database query for table users
2019-02-13T15:33:44.038472 Completed database query for table users
2019-02-13T15:33:43.234543 Received request from 102.23.55.32 for /example
2019-02-13T15:33:44.726534 Started database query for table users
2019-02-13T15:33:44.038472 Completed database query for table users
2019-02-13T15:33:43.234543 Received request from 102.23.55.32 for /example
2019-02-13T15:33:44.726534 Started database query for table users
2019-02-13T15:33:44.038472 Completed database query for table users
2019-02-13T15:33:43.234543 Received request from 102.23.55.32 for /example
2006-02-13T15:33:44.726534 Started database query for table users
2019-02-13T15:33:44.038472 Completed database query for table users
2019-02-13T15:33:43.234543 Received request from 102.23.55.32 for /example
2009-02-13T15:33:44.726534 Started database query for table users
2019-02-13T15:33:44.038472 Completed database query for table users
2019-02-13T15:33:43.234543 Received request from 102.23.55.32 for /example
2018-02-13T15:33:44.726534 Started database query for table users
2019-02-13T15:33:44.038472 Completed database query for table users
2019-02-13T15:33:43.234543 Received request from 102.23.55.32 for /example
2012-02-13T15:33:44.726534 Started database query for table users
2019-02-13T15:33:44.038472 Completed database query for table users
2019-02-13T15:33:43.234543 Received request from 102.23.55.32 for /example
2019-02-13T15:33:44.726534 Started database query for table users
2019-02-13T15:33:44.038472 Completed database query for table users
2015-02-13T15:33:43.234543 Received request from 102.23.55.32 for /example
2019-02-13T15:33:44.726534 Started database query for table users
2019-02-13T15:33:44.038472 Completed database query for table users
2019-02-13T15:33:43.234543 Received request from 102.23.55.32 for /example
2019-02-13T15:33:44.726534 Started database query for table users
2019-02-13T15:33:44.038472 Completed database query for table users
2019-02-13T15:33:43.234543 Received request from 102.23.55.32 for /example
2019-02-13T15:33:44.726534 Started database query for table users
2019-02-13T15:33:44.038472 Completed database query for table users
2019-02-13T15:33:43.234543 Received request from 102.23.55.32 for /example
2019-02-13T15:33:44.726534 Started database query for table users
2019-02-13T15:33:44.038472 Completed database query for table users
2019-02-13T15:33:43.234543 Received request from 102.23.55.32 for /example
2019-02-13T15:33:44.726534 Started database query for table users
2019-02-13T15:33:44.038472 Completed database query for table users
2019-02-13T15:33:43.234543 Received request from 102.23.55.32 for /example
2019-02-13T15:33:44.726534 Started database query for table users
2019-02-13T15:33:44.038472 Completed database query for table users
2019-02-13T15:33:43.234543 Received request from 102.23.55.32 for /example
2019-02-13T15:33:44.726534 Started database query for table users
2019-02-13T15:33:44.038472 Completed database query for table users
2019-02-13T15:33:43.234543 Received request from 102.23.55.32 for /example
2019-02-13T15:33:44.726534 Started database query for table users
2019-02-13T15:33:44.038472 Completed database query for table users
2019-02-13T15:33:43.234543 Received request from 102.23.55.32 for /example
2006-02-13T15:33:44.726534 Started database query for table users
2019-02-13T15:33:44.038472 Completed database query for table users
2019-02-13T15:33:43.234543 Received request from 102.23.55.32 for /example
2009-02-13T15:33:44.726534 Started database query for table users
2019-02-13T15:33:44.038472 Completed database query for table users
2019-02-13T15:33:43.234543 Received request from 102.23.55.32 for /example
2018-02-13T15:33:44.726534 Started database query for table users
2019-02-13T15:33:44.038472 Completed database query for table users
2019-02-13T15:33:43.234543 Received request from 102.23.55.32 for /example
2012-02-13T15:33:44.726534 Started database query for table users
2019-02-13T15:33:44.038472 Completed database query for table users
2019-02-13T15:33:43.234543 Received request from 102.23.55.32 for /example
2019-02-13T15:33:44.726534 Started database query for table users
2019-02-13T15:33:44.038472 Completed database query for table users
2015-02-13T15:33:43.234543 Received request from 102.23.55.32 for /example
2019-02-13T15:33:44.726534 Started database query for table users
2019-02-13T15:33:44.038472 Completed database query for table users
2019-02-13T15:33:43.234543 Received request from 102.23.55.32 for /example
2019-02-13T15:33:44.726534 Started database query for table users
2019-02-13T15:33:44.038472 Completed database query for table users
2019-02-13T15:33:43.234543 Received request from 102.23.55.32 for /example
2019-02-13T15:33:44.726534 Started database query for table users
2019-02-13T15:33:44.038472 Completed database query for table users
2019-02-13T15:33:43.234543 Received request from 102.23.55.32 for /example
2019-02-13T15:33:44.726534 Started database query for table users
2019-02-13T15:33:44.038472 Completed database query for table users
2019-02-13T15:33:43.234543 Received request from 102.23.55.32 for /example
2019-02-13T15:33:44.726534 Started database query for table users
2019-02-13T15:33:44.038472 Completed database query for table users
2019-02-13T15:33:43.234543 Received request from 102.23.55.32 for /example
2019-02-13T15:33:44.726534 Started database query for table users
2019-02-13T15:33:44.038472 Completed database query for table users
2019-02-13T15:33:43.234543 Received request from 102.23.55.32 for /example
2019-02-13T15:33:44.726534 Started database query for table users
2019-02-13T15:33:44.038472 Completed database query for table users
2019-02-13T15:33:43.234543 Received request from 102.23.55.32 for /example
2019-02-13T15:33:44.726534 Started database query for table users
2019-02-13T15:33:44.038472 Completed database query for table users
2019-02-13T15:33:43.234543 Received request from 102.23.55.32 for /example
2006-02-13T15:33:44.726534 Started database query for table users
2019-02-13T15:33:44.038472 Completed database query for table users
2019-02-13T15:33:43.234543 Received request from 102.23.55.32 for /example
2009-02-13T15:33:44.726534 Started database query for table users
2019-02-13T15:33:44.038472 Completed database query for table users
2019-02-13T15:33:43.234543 Received request from 102.23.55.32 for /example
2018-02-13T15:33:44.726534 Started database query for table users
2019-02-13T15:33:44.038472 Completed database query for table users
2019-02-13T15:33:43.234543 Received request from 102.23.55.32 for /example
2012-02-13T15:33:44.726534 Started database query for table users
2019-02-13T15:33:44.038472 Completed database query for table users
2019-02-13T15:33:43.234543 Received request from 102.23.55.32 for /example
2019-02-13T15:33:44.726534 Started database query for table users
2019-02-13T15:33:44.038472 Completed database query for table users
2015-02-13T15:33:43.234543 Received request from 102.23.55.32 for /example
2019-02-13T15:33:44.726534 Started database query for table users
2019-02-13T15:33:44.038472 Completed database query for table users
2019-02-13T15:33:43.234543 Received request from 102.23.55.32 for /example
2019-02-13T15:33:44.726534 Started database query for table users
2019-02-13T15:33:44.038472 Completed database query for table users
2019-02-13T15:33:43.234543 Received request from 102.23.55.32 for /example
2019-02-13T15:33:44.726534 Started database query for table users
2019-02-13T15:33:44.038472 Completed database query for table users
2019-02-13T15:33:43.234543 Received request from 102.23.55.32 for /example
2019-02-13T15:33:44.726534 Started database query for table users
2019-02-13T15:33:44.038472 Completed database query for table users
2019-02-13T15:33:43.234543 Received request from 102.23.55.32 for /example
2019-02-13T15:33:44.726534 Started database query for table users
2019-02-13T15:33:44.038472 Completed database query for table users
2019-02-13T15:33:43.234543 Received request from 102.23.55.32 for /example
2019-02-13T15:33:44.726534 Started database query for table users
2019-02-13T15:33:44.038472 Completed database query for table users
2019-02-13T15:33:43.234543 Received request from 102.23.55.32 for /example
2019-02-13T15:33:44.726534 Started database query for table users
2019-02-13T15:33:44.038472 Completed database query for table users
2019-02-13T15:33:43.234543 Received request from 102.23.55.32 for /example
2019-02-13T15:33:44.726534 Started database query for table users
2019-02-13T15:33:44.038472 Completed database query for table users
2019-02-13T15:33:43.234543 Received request from 102.23.55.32 for /example
2006-02-13T15:33:44.726534 Started database query for table users
2019-02-13T15:33:44.038472 Completed database query for table users
2019-02-13T15:33:43.234543 Received request from 102.23.55.32 for /example
2009-02-13T15:33:44.726534 Started database query for table users
2019-02-13T15:33:44.038472 Completed database query for table users
2019-02-13T15:33:43.234543 Received request from 102.23.55.32 for /example
2018-02-13T15:33:44.726534 Started database query for table users
2019-02-13T15:33:44.038472 Completed database query for table users
2019-02-13T15:33:43.234543 Received request from 102.23.55.32 for /example
2012-02-13T15:33:44.726534 Started database query for table users
2019-02-13T15:33:44.038472 Completed database query for table users
2019-02-13T15:33:43.234543 Received request from 102.23.55.32 for /example
2019-02-13T15:33:44.726534 Started database query for table users
2019-02-13T15:33:44.038472 Completed database query for table users
2015-02-13T15:33:43.234543 Received request from 102.23.55.32 for /example
2019-02-13T15:33:44.726534 Started database query for table users
2019-02-13T15:33:44.038472 Completed database query for table users
2019-02-13T15:33:43.234543 Received request from 102.23.55.32 for /example
2019-02-13T15:33:44.726534 Started database query for table users
2019-02-13T15:33:44.038472 Completed database query for table users
2019-02-13T15:33:43.234543 Received request from 102.23.55.32 for /example
2019-02-13T15:33:44.726534 Started database query for table users
2019-02-13T15:33:44.038472 Completed database query for table users
2019-02-13T15:33:43.234543 Received request from 102.23.55.32 for /example
2019-02-13T15:33:44.726534 Started database query for table users
2019-02-13T15:33:44.038472 Completed database query for table users
2019-02-13T15:33:43.234543 Received request from 102.23.55.32 for /example
2019-02-13T15:33:44.726534 Started database query for table users
2019-02-13T15:33:44.038472 Completed database query for table users
2019-02-13T15:33:43.234543 Received request from 102.23.55.32 for /example
2019-02-13T15:33:44.726534 Started database query for table users
2019-02-13T15:33:44.038472 Completed database query for table users
2019-02-13T15:33:43.234543 Received request from 102.23.55.32 for /example
2019-02-13T15:33:44.726534 Started database query for table users
2019-02-13T15:33:44.038472 Completed database query for table users
2019-02-13T15:33:43.234543 Received request from 102.23.55.32 for /example
2019-02-13T15:33:44.726534 Started database query for table users
2019-02-13T15:33:44.038472 Completed database query for table users
2019-02-13T15:33:43.234543 Received request from 102.23.55.32 for /example
2006-02-13T15:33:44.726534 Started database query for table users
2019-02-13T15:33:44.038472 Completed database query for table users
2019-02-13T15:33:43.234543 Received request from 102.23.55.32 for /example
2009-02-13T15:33:44.726534 Started database query for table users
2019-02-13T15:33:44.038472 Completed database query for table users
2019-02-13T15:33:43.234543 Received request from 102.23.55.32 for /example
2018-02-13T15:33:44.726534 Started database query for table users
2019-02-13T15:33:44.038472 Completed database query for table users
2019-02-13T15:33:43.234543 Received request from 102.23.55.32 for /example
2012-02-13T15:33:44.726534 Started database query for table users
2019-02-13T15:33:44.038472 Completed database query for table users
2019-02-13T15:33:43.234543 Received request from 102.23.55.32 for /example
2019-02-13T15:33:44.726534 Started database query for table users
2019-02-13T15:33:44.038472 Completed database query for table users
2015-02-13T15:33:43.234543 Received request from 102.23.55.32 for /example
2019-02-13T15:33:44.726534 Started database query for table users
2019-02-13T15:33:44.038472 Completed database query for table users
2019-02-13T15:33:43.234543 Received request from 102.23.55.32 for /example
2019-02-13T15:33:44.726534 Started database query for table users
2019-02-13T15:33:44.038472 Completed database query for table users
2019-02-13T15:33:43.234543 Received request from 102.23.55.32 for /example
2019-02-13T15:33:44.726534 Started database query for table users
2019-02-13T15:33:44.038472 Completed database query for table users
2019-02-13T15:33:43.234543 Received request from 102.23.55.32 for /example
2019-02-13T15:33:44.726534 Started database query for table users
2019-02-13T15:33:44.038472 Completed database query for table users
2019-02-13T15:33:43.234543 Received request from 102.23.55.32 for /example
2019-02-13T15:33:44.726534 Started database query for table users
2019-02-13T15:33:44.038472 Completed database query for table users
2019-02-13T15:33:43.234543 Received request from 102.23.55.32 for /example
2019-02-13T15:33:44.726534 Started database query for table users
2019-02-13T15:33:44.038472 Completed database query for table users
2019-02-13T15:33:43.234543 Received request from 102.23.55.32 for /example
2019-02-13T15:33:44.726534 Started database query for table users
2019-02-13T15:33:44.038472 Completed database query for table users
2019-02-13T15:33:43.234543 Received request from 102.23.55.32 for /example
2019-02-13T15:33:44.726534 Started database query for table users
2019-02-13T15:33:44.038472 Completed database query for table users
2019-02-13T15:33:43.234543 Received request from 102.23.55.32 for /example
2006-02-13T15:33:44.726534 Started database query for table users
2019-02-13T15:33:44.038472 Completed database query for table users
2019-02-13T15:33:43.234543 Received request from 102.23.55.32 for /example
2009-02-13T15:33:44.726534 Started database query for table users
2019-02-13T15:33:44.038472 Completed database query for table users
2019-02-13T15:33:43.234543 Received request from 102.23.55.32 for /example
2018-02-13T15:33:44.726534 Started database query for table users
2019-02-13T15:33:44.038472 Completed database query for table users
2019-02-13T15:33:43.234543 Received request from 102.23.55.32 for /example
2012-02-13T15:33:44.726534 Started database query for table users
2019-02-13T15:33:44.038472 Completed database query for table users
2019-02-13T15:33:43.234543 Received request from 102.23.55.32 for /example
2019-02-13T15:33:44.726534 Started database query for table users
2019-02-13T15:33:44.038472 Completed database query for table users
2015-02-13T15:33:43.234543 Received request from 102.23.55.32 for /example
2019-02-13T15:33:44.726534 Started database query for table users
2019-02-13T15:33:44.038472 Completed database query for table users
2019-02-13T15:33:43.234543 Received request from 102.23.55.32 for /example
2019-02-13T15:33:44.726534 Started database query for table users
2019-02-13T15:33:44.038472 Completed database query for table users
2019-02-13T15:33:43.234543 Received request from 102.23.55.32 for /example
2019-02-13T15:33:44.726534 Started database query for table users
2019-02-13T15:33:44.038472 Completed database query for table users
2019-02-13T15:33:43.234543 Received request from 102.23.55.32 for /example
2019-02-13T15:33:44.726534 Started database query for table users
2019-02-13T15:33:44.038472 Completed database query for table users
2019-02-13T15:33:43.234543 Received request from 102.23.55.32 for /example
2019-02-13T15:33:44.726534 Started database query for table users
2019-02-13T15:33:44.038472 Completed database query for table users
2019-02-13T15:33:43.234543 Received request from 102.23.55.32 for /example
2019-02-13T15:33:44.726534 Started database query for table users
2019-02-13T15:33:44.038472 Completed database query for table users
2019-02-13T15:33:43.234543 Received request from 102.23.55.32 for /example
2019-02-13T15:33:44.726534 Started database query for table users
2019-02-13T15:33:44.038472 Completed database query for table users
2019-02-13T15:33:43.234543 Received request from 102.23.55.32 for /example
2019-02-13T15:33:44.726534 Started database query for table users
2019-02-13T15:33:44.038472 Completed database query for table users
2019-02-13T15:33:43.234543 Received request from 102.23.55.32 for /example
2006-02-13T15:33:44.726534 Started database query for table users
2019-02-13T15:33:44.038472 Completed database query for table users
2019-02-13T15:33:43.234543 Received request from 102.23.55.32 for /example
2009-02-13T15:33:44.726534 Started database query for table users
2019-02-13T15:33:44.038472 Completed database query for table users
2019-02-13T15:33:43.234543 Received request from 102.23.55.32 for /example
2018-02-13T15:33:44.726534 Started database query for table users
2019-02-13T15:33:44.038472 Completed database query for table users
2019-02-13T15:33:43.234543 Received request from 102.23.55.32 for /example
2012-02-13T15:33:44.726534 Started database query for table users
2019-02-13T15:33:44.038472 Completed database query for table users
2019-02-13T15:33:43.234543 Received request from 102.23.55.32 for /example
2019-02-13T15:33:44.726534 Started database query for table users
2019-02-13T15:33:44.038472 Completed database query for table users
2015-02-13T15:33:43.234543 Received request from 102.23.55.32 for /example
2019-02-13T15:33:44.726534 Started database query for table users
2019-02-13T15:33:44.038472 Completed database query for table users
2019-02-13T15:33:43.234543 Received request from 102.23.55.32 for /example
2019-02-13T15:33:44.726534 Started database query for table users
2019-02-13T15:33:44.038472 Completed database query for table users
2019-02-13T15:33:43.234543 Received request from 102.23.55.32 for /example
2019-02-13T15:33:44.726534 Started database query for table users
2019-02-13T15:33:44.038472 Completed database query for table users
2019-02-13T15:33:43.234543 Received request from 102.23.55.32 for /example
2019-02-13T15:33:44.726534 Started database query for table users
2019-02-13T15:33:44.038472 Completed database query for table users
2019-02-13T15:33:43.234543 Received request from 102.23.55.32 for /example
2019-02-13T15:33:44.726534 Started database query for table users
2019-02-13T15:33:44.038472 Completed database query for table users
2019-02-13T15:33:43.234543 Received request from 102.23.55.32 for /example
2019-02-13T15:33:44.726534 Started database query for table users
2019-02-13T15:33:44.038472 Completed database query for table users
2019-02-13T15:33:43.234543 Received request from 102.23.55.32 for /example
2019-02-13T15:33:44.726534 Started database query for table users
2019-02-13T15:33:44.038472 Completed database query for table users
2019-02-13T15:33:43.234543 Received request from 102.23.55.32 for /example
2019-02-13T15:33:44.726534 Started database query for table users
2019-02-13T15:33:44.038472 Completed database query for table users
2019-02-13T15:33:43.234543 Received request from 102.23.55.32 for /example
2006-02-13T15:33:44.726534 Started database query for table users
2019-02-13T15:33:44.038472 Completed database query for table users
2019-02-13T15:33:43.234543 Received request from 102.23.55.32 for /example
2009-02-13T15:33:44.726534 Started database query for table users
2019-02-13T15:33:44.038472 Completed database query for table users
2019-02-13T15:33:43.234543 Received request from 102.23.55.32 for /example
2018-02-13T15:33:44.726534 Started database query for table users
2019-02-13T15:33:44.038472 Completed database query for table users
2019-02-13T15:33:43.234543 Received request from 102.23.55.32 for /example
2012-02-13T15:33:44.726534 Started database query for table users
2019-02-13T15:33:44.038472 Completed database query for table users
2019-02-13T15:33:43.234543 Received request from 102.23.55.32 for /example
2019-02-13T15:33:44.726534 Started database query for table users
2019-02-13T15:33:44.038472 Completed database query for table users
2015-02-13T15:33:43.234543 Received request from 102.23.55.32 for /example
2019-02-13T15:33:44.726534 Started database query for table users
2019-02-13T15:33:44.038472 Completed database query for table users
2019-02-13T15:33:43.234543 Received request from 102.23.55.32 for /example
2019-02-13T15:33:44.726534 Started database query for table users
2019-02-13T15:33:44.038472 Completed database query for table users
2019-02-13T15:33:43.234543 Received request from 102.23.55.32 for /example
2019-02-13T15:33:44.726534 Started database query for table users
2019-02-13T15:33:44.038472 Completed database query for table users
2019-02-13T15:33:43.234543 Received request from 102.23.55.32 for /example
2019-02-13T15:33:44.726534 Started database query for table users
2019-02-13T15:33:44.038472 Completed database query for table users
2019-02-13T15:33:43.234543 Received request from 102.23.55.32 for /example
2019-02-13T15:33:44.726534 Started database query for table users
2019-02-13T15:33:44.038472 Completed database query for table users
2019-02-13T15:33:43.234543 Received request from 102.23.55.32 for /example
2019-02-13T15:33:44.726534 Started database query for table users
2019-02-13T15:33:44.038472 Completed database query for table users
2019-02-13T15:33:43.234543 Received request from 102.23.55.32 for /example
2019-02-13T15:33:44.726534 Started database query for table users
2019-02-13T15:33:44.038472 Completed database query for table users
2019-02-13T15:33:43.234543 Received request from 102.23.55.32 for /example
2019-02-13T15:33:44.726534 Started database query for table users
2019-02-13T15:33:44.038472 Completed database query for table users
2019-02-13T15:33:43.234543 Received request from 102.23.55.32 for /example
2006-02-13T15:33:44.726534 Started database query for table users
2019-02-13T15:33:44.038472 Completed database query for table users
2019-02-13T15:33:43.234543 Received request from 102.23.55.32 for /example
2009-02-13T15:33:44.726534 Started database query for table users
2019-02-13T15:33:44.038472 Completed database query for table users
2019-02-13T15:33:43.234543 Received request from 102.23.55.32 for /example
2018-02-13T15:33:44.726534 Started database query for table users
2019-02-13T15:33:44.038472 Completed database query for table users
2019-02-13T15:33:43.234543 Received request from 102.23.55.32 for /example
2012-02-13T15:33:44.726534 Started database query for table users
2019-02-13T15:33:44.038472 Completed database query for table users
2019-02-13T15:33:43.234543 Received request from 102.23.55.32 for /example
2019-02-13T15:33:44.726534 Started database query for table users
2019-02-13T15:33:44.038472 Completed database query for table users
2015-02-13T15:33:43.234543 Received request from 102.23.55.32 for /example
2019-02-13T15:33:44.726534 Started database query for table users
2019-02-13T15:33:44.038472 Completed database query for table users
2019-02-13T15:33:43.234543 Received request from 102.23.55.32 for /example
2019-02-13T15:33:44.726534 Started database query for table users
2019-02-13T15:33:44.038472 Completed database query for table users
2019-02-13T15:33:43.234543 Received request from 102.23.55.32 for /example
2019-02-13T15:33:44.726534 Started database query for table users
2019-02-13T15:33:44.038472 Completed database query for table users
2019-02-13T15:33:43.234543 Received request from 102.23.55.32 for /example
2019-02-13T15:33:44.726534 Started database query for table users
2019-02-13T15:33:44.038472 Completed database query for table users
2019-02-13T15:33:43.234543 Received request from 102.23.55.32 for /example
2019-02-13T15:33:44.726534 Started database query for table users
2019-02-13T15:33:44.038472 Completed database query for table users
2019-02-13T15:33:43.234543 Received request from 102.23.55.32 for /example
2019-02-13T15:33:44.726534 Started database query for table users
2019-02-13T15:33:44.038472 Completed database query for table users
2019-02-13T15:33:43.234543 Received request from 102.23.55.32 for /example
2019-02-13T15:33:44.726534 Started database query for table users
2019-02-13T15:33:44.038472 Completed database query for table users
2019-02-13T15:33:43.234543 Received request from 102.23.55.32 for /example
2019-02-13T15:33:44.726534 Started database query for table users
2019-02-13T15:33:44.038472 Completed database query for table users
2019-02-13T15:33:43.234543 Received request from 102.23.55.32 for /example
2006-02-13T15:33:44.726534 Started database query for table users
2019-02-13T15:33:44.038472 Completed database query for table users
2019-02-13T15:33:43.234543 Received request from 102.23.55.32 for /example
2009-02-13T15:33:44.726534 Started database query for table users
2019-02-13T15:33:44.038472 Completed database query for table users
2019-02-13T15:33:43.234543 Received request from 102.23.55.32 for /example
2018-02-13T15:33:44.726534 Started database query for table users
2019-02-13T15:33:44.038472 Completed database query for table users
2019-02-13T15:33:43.234543 Received request from 102.23.55.32 for /example
2012-02-13T15:33:44.726534 Started database query for table users
2019-02-13T15:33:44.038472 Completed database query for table users
2019-02-13T15:33:43.234543 Received request from 102.23.55.32 for /example
2019-02-13T15:33:44.726534 Started database query for table users
2019-02-13T15:33:44.038472 Completed database query for table users
2015-02-13T15:33:43.234543 Received request from 102.23.55.32 for /example
2019-02-13T15:33:44.726534 Started database query for table users
2019-02-13T15:33:44.038472 Completed database query for table users
2019-02-13T15:33:43.234543 Received request from 102.23.55.32 for /example
2019-02-13T15:33:44.726534 Started database query for table users
2019-02-13T15:33:44.038472 Completed database query for table users
2019-02-13T15:33:43.234543 Received request from 102.23.55.32 for /example
2019-02-13T15:33:44.726534 Started database query for table users
2019-02-13T15:33:44.038472 Completed database query for table users
2019-02-13T15:33:43.234543 Received request from 102.23.55.32 for /example
2019-02-13T15:33:44.726534 Started database query for table users
2019-02-13T15:33:44.038472 Completed database query for table users
2019-02-13T15:33:43.234543 Received request from 102.23.55.32 for /example
2019-02-13T15:33:44.726534 Started database query for table users
2019-02-13T15:33:44.038472 Completed database query for table users
2019-02-13T15:33:43.234543 Received request from 102.23.55.32 for /example
2019-02-13T15:33:44.726534 Started database query for table users
2019-02-13T15:33:44.038472 Completed database query for table users
2019-02-13T15:33:43.234543 Received request from 102.23.55.32 for /example
2019-02-13T15:33:44.726534 Started database query for table users
2019-02-13T15:33:44.038472 Completed database query for table users
2019-02-13T15:33:43.234543 Received request from 102.23.55.32 for /example
2019-02-13T15:33:44.726534 Started database query for table users
2019-02-13T15:33:44.038472 Completed database query for table users
2019-02-13T15:33:43.234543 Received request from 102.23.55.32 for /example
2006-02-13T15:33:44.726534 Started database query for table users
2019-02-13T15:33:44.038472 Completed database query for table users
2019-02-13T15:33:43.234543 Received request from 102.23.55.32 for /example
2009-02-13T15:33:44.726534 Started database query for table users
2019-02-13T15:33:44.038472 Completed database query for table users
2019-02-13T15:33:43.234543 Received request from 102.23.55.32 for /example
2018-02-13T15:33:44.726534 Started database query for table users
2019-02-13T15:33:44.038472 Completed database query for table users
2019-02-13T15:33:43.234543 Received request from 102.23.55.32 for /example
2012-02-13T15:33:44.726534 Started database query for table users
2019-02-13T15:33:44.038472 Completed database query for table users
2019-02-13T15:33:43.234543 Received request from 102.23.55.32 for /example
2019-02-13T15:33:44.726534 Started database query for table users
2019-02-13T15:33:44.038472 Completed database query for table users
2015-02-13T15:33:43.234543 Received request from 102.23.55.32 for /example
2019-02-13T15:33:44.726534 Started database query for table users
2019-02-13T15:33:44.038472 Completed database query for table users
2019-02-13T15:33:43.234543 Received request from 102.23.55.32 for /example
2019-02-13T15:33:44.726534 Started database query for table users
2019-02-13T15:33:44.038472 Completed database query for table users
2019-02-13T15:33:43.234543 Received request from 102.23.55.32 for /example
2019-02-13T15:33:44.726534 Started database query for table users
2019-02-13T15:33:44.038472 Completed database query for table users
2019-02-13T15:33:43.234543 Received request from 102.23.55.32 for /example
2019-02-13T15:33:44.726534 Started database query for table users
2019-02-13T15:33:44.038472 Completed database query for table users
2019-02-13T15:33:43.234543 Received request from 102.23.55.32 for /example
2019-02-13T15:33:44.726534 Started database query for table users
2019-02-13T15:33:44.038472 Completed database query for table users
2019-02-13T15:33:43.234543 Received request from 102.23.55.32 for /example
2019-02-13T15:33:44.726534 Started database query for table users
2019-02-13T15:33:44.038472 Completed database query for table users
2019-02-13T15:33:43.234543 Received request from 102.23.55.32 for /example
2019-02-13T15:33:44.726534 Started database query for table users
2019-02-13T15:33:44.038472 Completed database query for table users
2019-02-13T15:33:43.234543 Received request from 102.23.55.32 for /example
2019-02-13T15:33:44.726534 Started database query for table users
2019-02-13T15:33:44.038472 Completed database query for table users
2019-02-13T15:33:43.234543 Received request from 102.23.55.32 for /example
2006-02-13T15:33:44.726534 Started database query for table users
2019-02-13T15:33:44.038472 Completed database query for table users
2019-02-13T15:33:43.234543 Received request from 102.23.55.32 for /example
2009-02-13T15:33:44.726534 Started database query for table users
2019-02-13T15:33:44.038472 Completed database query for table users
2019-02-13T15:33:43.234543 Received request from 102.23.55.32 for /example
2018-02-13T15:33:44.726534 Started database query for table users
2019-02-13T15:33:44.038472 Completed database query for table users
2019-02-13T15:33:43.234543 Received request from 102.23.55.32 for /example
2012-02-13T15:33:44.726534 Started database query for table users
2019-02-13T15:33:44.038472 Completed database query for table users
2019-02-13T15:33:43.234543 Received request from 102.23.55.32 for /example
2019-02-13T15:33:44.726534 Started database query for table users
2019-02-13T15:33:44.038472 Completed database query for table users
2015-02-13T15:33:43.234543 Received request from 102.23.55.32 for /example
2019-02-13T15:33:44.726534 Started database query for table users
2019-02-13T15:33:44.038472 Completed database query for table users
2019-02-13T15:33:43.234543 Received request from 102.23.55.32 for /example
2019-02-13T15:33:44.726534 Started database query for table users
2019-02-13T15:33:44.038472 Completed database query for table users
2019-02-13T15:33:43.234543 Received request from 102.23.55.32 for /example
2019-02-13T15:33:44.726534 Started database query for table users
2019-02-13T15:33:44.038472 Completed database query for table users
2019-02-13T15:33:43.234543 Received request from 102.23.55.32 for /example
2019-02-13T15:33:44.726534 Started database query for table users
2019-02-13T15:33:44.038472 Completed database query for table users
2019-02-13T15:33:43.234543 Received request from 102.23.55.32 for /example
2019-02-13T15:33:44.726534 Started database query for table users
2019-02-13T15:33:44.038472 Completed database query for table users
2019-02-13T15:33:43.234543 Received request from 102.23.55.32 for /example
2019-02-13T15:33:44.726534 Started database query for table users
2019-02-13T15:33:44.038472 Completed database query for table users
2019-02-13T15:33:43.234543 Received request from 102.23.55.32 for /example
2019-02-13T15:33:44.726534 Started database query for table users
2019-02-13T15:33:44.038472 Completed database query for table users
2019-02-13T15:33:43.234543 Received request from 102.23.55.32 for /example
2019-02-13T15:33:44.726534 Started database query for table users
2019-02-13T15:33:44.038472 Completed database query for table users
2019-02-13T15:33:43.234543 Received request from 102.23.55.32 for /example
2006-02-13T15:33:44.726534 Started database query for table users
2019-02-13T15:33:44.038472 Completed database query for table users
2019-02-13T15:33:43.234543 Received request from 102.23.55.32 for /example
2009-02-13T15:33:44.726534 Started database query for table users
2019-02-13T15:33:44.038472 Completed database query for table users
2019-02-13T15:33:43.234543 Received request from 102.23.55.32 for /example
2018-02-13T15:33:44.726534 Started database query for table users
2019-02-13T15:33:44.038472 Completed database query for table users
2019-02-13T15:33:43.234543 Received request from 102.23.55.32 for /example
2012-02-13T15:33:44.726534 Started database query for table users
2019-02-13T15:33:44.038472 Completed database query for table users
2019-02-13T15:33:43.234543 Received request from 102.23.55.32 for /example
2019-02-13T15:33:44.726534 Started database query for table users
2019-02-13T15:33:44.038472 Completed database query for table users
2015-02-13T15:33:43.234543 Received request from 102.23.55.32 for /example
2019-02-13T15:33:44.726534 Started database query for table users
2019-02-13T15:33:44.038472 Completed database query for table users
2019-02-13T15:33:43.234543 Received request from 102.23.55.32 for /example
2019-02-13T15:33:44.726534 Started database query for table users
2019-02-13T15:33:44.038472 Completed database query for table users
2019-02-13T15:33:43.234543 Received request from 102.23.55.32 for /example
2019-02-13T15:33:44.726534 Started database query for table users
2019-02-13T15:33:44.038472 Completed database query for table users
2019-02-13T15:33:43.234543 Received request from 102.23.55.32 for /example
2019-02-13T15:33:44.726534 Started database query for table users
2019-02-13T15:33:44.038472 Completed database query for table users
2019-02-13T15:33:43.234543 Received request from 102.23.55.32 for /example
2019-02-13T15:33:44.726534 Started database query for table users
2019-02-13T15:33:44.038472 Completed database query for table users
2019-02-13T15:33:43.234543 Received request from 102.23.55.32 for /example
2019-02-13T15:33:44.726534 Started database query for table users
2019-02-13T15:33:44.038472 Completed database query for table users
2019-02-13T15:33:43.234543 Received request from 102.23.55.32 for /example
2019-02-13T15:33:44.726534 Started database query for table users
2019-02-13T15:33:44.038472 Completed database query for table users
2019-02-13T15:33:43.234543 Received request from 102.23.55.32 for /example
2019-02-13T15:33:44.726534 Started database query for table users
2019-02-13T15:33:44.038472 Completed database query for table users
2019-02-13T15:33:43.234543 Received request from 102.23.55.32 for /example
2006-02-13T15:33:44.726534 Started database query for table users
2019-02-13T15:33:44.038472 Completed database query for table users
2019-02-13T15:33:43.234543 Received request from 102.23.55.32 for /example
2009-02-13T15:33:44.726534 Started database query for table users
2019-02-13T15:33:44.038472 Completed database query for table users
2019-02-13T15:33:43.234543 Received request from 102.23.55.32 for /example
2018-02-13T15:33:44.726534 Started database query for table users
2019-02-13T15:33:44.038472 Completed database query for table users
2019-02-13T15:33:43.234543 Received request from 102.23.55.32 for /example
2012-02-13T15:33:44.726534 Started database query for table users
2019-02-13T15:33:44.038472 Completed database query for table users
2019-02-13T15:33:43.234543 Received request from 102.23.55.32 for /example
2019-02-13T15:33:44.726534 Started database query for table users
2019-02-13T15:33:44.038472 Completed database query for table users
2015-02-13T15:33:43.234543 Received request from 102.23.55.32 for /example
2019-02-13T15:33:44.726534 Started database query for table users
2019-02-13T15:33:44.038472 Completed database query for table users
2019-02-13T15:33:43.234543 Received request from 102.23.55.32 for /example
2019-02-13T15:33:44.726534 Started database query for table users
2019-02-13T15:33:44.038472 Completed database query for table users
2019-02-13T15:33:43.234543 Received request from 102.23.55.32 for /example
2019-02-13T15:33:44.726534 Started database query for table users
2019-02-13T15:33:44.038472 Completed database query for table users
2019-02-13T15:33:43.234543 Received request from 102.23.55.32 for /example
2019-02-13T15:33:44.726534 Started database query for table users
2019-02-13T15:33:44.038472 Completed database query for table users
2019-02-13T15:33:43.234543 Received request from 102.23.55.32 for /example
2019-02-13T15:33:44.726534 Started database query for table users
2019-02-13T15:33:44.038472 Completed database query for table users
2019-02-13T15:33:43.234543 Received request from 102.23.55.32 for /example
2019-02-13T15:33:44.726534 Started database query for table users
2019-02-13T15:33:44.038472 Completed database query for table users
2019-02-13T15:33:43.234543 Received request from 102.23.55.32 for /example
2019-02-13T15:33:44.726534 Started database query for table users
2019-02-13T15:33:44.038472 Completed database query for table users
2019-02-13T15:33:43.234543 Received request from 102.23.55.32 for /example
2019-02-13T15:33:44.726534 Started database query for table users
2019-02-13T15:33:44.038472 Completed database query for table users
2019-02-13T15:33:43.234543 Received request from 102.23.55.32 for /example
2006-02-13T15:33:44.726534 Started database query for table users
2019-02-13T15:33:44.038472 Completed database query for table users
2019-02-13T15:33:43.234543 Received request from 102.23.55.32 for /example
2009-02-13T15:33:44.726534 Started database query for table users
2019-02-13T15:33:44.038472 Completed database query for table users
2019-02-13T15:33:43.234543 Received request from 102.23.55.32 for /example
2018-02-13T15:33:44.726534 Started database query for table users
2019-02-13T15:33:44.038472 Completed database query for table users
2019-02-13T15:33:43.234543 Received request from 102.23.55.32 for /example
2012-02-13T15:33:44.726534 Started database query for table users
2019-02-13T15:33:44.038472 Completed database query for table users
2019-02-13T15:33:43.234543 Received request from 102.23.55.32 for /example
2019-02-13T15:33:44.726534 Started database query for table users
2019-02-13T15:33:44.038472 Completed database query for table users
2015-02-13T15:33:43.234543 Received request from 102.23.55.32 for /example
2019-02-13T15:33:44.726534 Started database query for table users
2019-02-13T15:33:44.038472 Completed database query for table users
2019-02-13T15:33:43.234543 Received request from 102.23.55.32 for /example
2019-02-13T15:33:44.726534 Started database query for table users
2019-02-13T15:33:44.038472 Completed database query for table users
2019-02-13T15:33:43.234543 Received request from 102.23.55.32 for /example
2019-02-13T15:33:44.726534 Started database query for table users
2019-02-13T15:33:44.038472 Completed database query for table users
2019-02-13T15:33:43.234543 Received request from 102.23.55.32 for /example
2019-02-13T15:33:44.726534 Started database query for table users
2019-02-13T15:33:44.038472 Completed database query for table users
2019-02-13T15:33:43.234543 Received request from 102.23.55.32 for /example
2019-02-13T15:33:44.726534 Started database query for table users
2019-02-13T15:33:44.038472 Completed database query for table users
2019-02-13T15:33:43.234543 Received request from 102.23.55.32 for /example
2019-02-13T15:33:44.726534 Started database query for table users
2019-02-13T15:33:44.038472 Completed database query for table users
2019-02-13T15:33:43.234543 Received request from 102.23.55.32 for /example
2019-02-13T15:33:44.726534 Started database query for table users
2019-02-13T15:33:44.038472 Completed database query for table users
2019-02-13T15:33:43.234543 Received request from 102.23.55.32 for /example
2019-02-13T15:33:44.726534 Started database query for table users
2019-02-13T15:33:44.038472 Completed database query for table users
2019-02-13T15:33:43.234543 Received request from 102.23.55.32 for /example
2006-02-13T15:33:44.726534 Started database query for table users
2019-02-13T15:33:44.038472 Completed database query for table users
2019-02-13T15:33:43.234543 Received request from 102.23.55.32 for /example
2009-02-13T15:33:44.726534 Started database query for table users
2019-02-13T15:33:44.038472 Completed database query for table users
2019-02-13T15:33:43.234543 Received request from 102.23.55.32 for /example
2018-02-13T15:33:44.726534 Started database query for table users
2019-02-13T15:33:44.038472 Completed database query for table users
2019-02-13T15:33:43.234543 Received request from 102.23.55.32 for /example
2012-02-13T15:33:44.726534 Started database query for table users
2019-02-13T15:33:44.038472 Completed database query for table users
2019-02-13T15:33:43.234543 Received request from 102.23.55.32 for /example
2019-02-13T15:33:44.726534 Started database query for table users
2019-02-13T15:33:44.038472 Completed database query for table users
2015-02-13T15:33:43.234543 Received request from 102.23.55.32 for /example
2019-02-13T15:33:44.726534 Started database query for table users
2019-02-13T15:33:44.038472 Completed database query for table users
2019-02-13T15:33:43.234543 Received request from 102.23.55.32 for /example
2019-02-13T15:33:44.726534 Started database query for table users
2019-02-13T15:33:44.038472 Completed database query for table users
2019-02-13T15:33:43.234543 Received request from 102.23.55.32 for /example
2019-02-13T15:33:44.726534 Started database query for table users
2019-02-13T15:33:44.038472 Completed database query for table users
2019-02-13T15:33:43.234543 Received request from 102.23.55.32 for /example
2019-02-13T15:33:44.726534 Started database query for table users
2019-02-13T15:33:44.038472 Completed database query for table users
2019-02-13T15:33:43.234543 Received request from 102.23.55.32 for /example
2019-02-13T15:33:44.726534 Started database query for table users
2019-02-13T15:33:44.038472 Completed database query for table users
2019-02-13T15:33:43.234543 Received request from 102.23.55.32 for /example
2019-02-13T15:33:44.726534 Started database query for table users
2019-02-13T15:33:44.038472 Completed database query for table users
2019-02-13T15:33:43.234543 Received request from 102.23.55.32 for /example
2019-02-13T15:33:44.726534 Started database query for table users
2019-02-13T15:33:44.038472 Completed database query for table users
2019-02-13T15:33:43.234543 Received request from 102.23.55.32 for /example
2019-02-13T15:33:44.726534 Started database query for table users
2019-02-13T15:33:44.038472 Completed database query for table users
2019-02-13T15:33:43.234543 Received request from 102.23.55.32 for /example
2006-02-13T15:33:44.726534 Started database query for table users
2019-02-13T15:33:44.038472 Completed database query for table users
2019-02-13T15:33:43.234543 Received request from 102.23.55.32 for /example
2009-02-13T15:33:44.726534 Started database query for table users
2019-02-13T15:33:44.038472 Completed database query for table users
2019-02-13T15:33:43.234543 Received request from 102.23.55.32 for /example
2018-02-13T15:33:44.726534 Started database query for table users
2019-02-13T15:33:44.038472 Completed database query for table users
2019-02-13T15:33:43.234543 Received request from 102.23.55.32 for /example
2012-02-13T15:33:44.726534 Started database query for table users
2019-02-13T15:33:44.038472 Completed database query for table users
2019-02-13T15:33:43.234543 Received request from 102.23.55.32 for /example
2019-02-13T15:33:44.726534 Started database query for table users
2019-02-13T15:33:44.038472 Completed database query for table users
2015-02-13T15:33:43.234543 Received request from 102.23.55.32 for /example
2019-02-13T15:33:44.726534 Started database query for table users
2019-02-13T15:33:44.038472 Completed database query for table users
2019-02-13T15:33:43.234543 Received request from 102.23.55.32 for /example
2019-02-13T15:33:44.726534 Started database query for table users
2019-02-13T15:33:44.038472 Completed database query for table users
2019-02-13T15:33:43.234543 Received request from 102.23.55.32 for /example
2019-02-13T15:33:44.726534 Started database query for table users
2019-02-13T15:33:44.038472 Completed database query for table users
2019-02-13T15:33:43.234543 Received request from 102.23.55.32 for /example
2019-02-13T15:33:44.726534 Started database query for table users
2019-02-13T15:33:44.038472 Completed database query for table users
2019-02-13T15:33:43.234543 Received request from 102.23.55.32 for /example
2019-02-13T15:33:44.726534 Started database query for table users
2019-02-13T15:33:44.038472 Completed database query for table users
2019-02-13T15:33:43.234543 Received request from 102.23.55.32 for /example
2019-02-13T15:33:44.726534 Started database query for table users
2019-02-13T15:33:44.038472 Completed database query for table users
2019-02-13T15:33:43.234543 Received request from 102.23.55.32 for /example
2019-02-13T15:33:44.726534 Started database query for table users
2019-02-13T15:33:44.038472 Completed database query for table users
2019-02-13T15:33:43.234543 Received request from 102.23.55.32 for /example
2019-02-13T15:33:44.726534 Started database query for table users
2019-02-13T15:33:44.038472 Completed database query for table users
2019-02-13T15:33:43.234543 Received request from 102.23.55.32 for /example
2006-02-13T15:33:44.726534 Started database query for table users
2019-02-13T15:33:44.038472 Completed database query for table users
2019-02-13T15:33:43.234543 Received request from 102.23.55.32 for /example
2009-02-13T15:33:44.726534 Started database query for table users
2019-02-13T15:33:44.038472 Completed database query for table users
2019-02-13T15:33:43.234543 Received request from 102.23.55.32 for /example
2018-02-13T15:33:44.726534 Started database query for table users
2019-02-13T15:33:44.038472 Completed database query for table users
2019-02-13T15:33:43.234543 Received request from 102.23.55.32 for /example
2012-02-13T15:33:44.726534 Started database query for table users
2019-02-13T15:33:44.038472 Completed database query for table users
2019-02-13T15:33:43.234543 Received request from 102.23.55.32 for /example
2019-02-13T15:33:44.726534 Started database query for table users
2019-02-13T15:33:44.038472 Completed database query for table users
2015-02-13T15:33:43.234543 Received request from 102.23.55.32 for /example
2019-02-13T15:33:44.726534 Started database query for table users
2019-02-13T15:33:44.038472 Completed database query for table users
2019-02-13T15:33:43.234543 Received request from 102.23.55.32 for /example
2019-02-13T15:33:44.726534 Started database query for table users
2019-02-13T15:33:44.038472 Completed database query for table users
2019-02-13T15:33:43.234543 Received request from 102.23.55.32 for /example
2019-02-13T15:33:44.726534 Started database query for table users
2019-02-13T15:33:44.038472 Completed database query for table users
2019-02-13T15:33:43.234543 Received request from 102.23.55.32 for /example
2019-02-13T15:33:44.726534 Started database query for table users
2019-02-13T15:33:44.038472 Completed database query for table users
2019-02-13T15:33:43.234543 Received request from 102.23.55.32 for /example
2019-02-13T15:33:44.726534 Started database query for table users
2019-02-13T15:33:44.038472 Completed database query for table users
2019-02-13T15:33:43.234543 Received request from 102.23.55.32 for /example
2019-02-13T15:33:44.726534 Started database query for table users
2019-02-13T15:33:44.038472 Completed database query for table users
2019-02-13T15:33:43.234543 Received request from 102.23.55.32 for /example
2019-02-13T15:33:44.726534 Started database query for table users
2019-02-13T15:33:44.038472 Completed database query for table users
2019-02-13T15:33:43.234543 Received request from 102.23.55.32 for /example
2019-02-13T15:33:44.726534 Started database query for table users
2019-02-13T15:33:44.038472 Completed database query for table users
2019-02-13T15:33:43.234543 Received request from 102.23.55.32 for /example
2006-02-13T15:33:44.726534 Started database query for table users
2019-02-13T15:33:44.038472 Completed database query for table users
2019-02-13T15:33:43.234543 Received request from 102.23.55.32 for /example
2009-02-13T15:33:44.726534 Started database query for table users
2019-02-13T15:33:44.038472 Completed database query for table users
2019-02-13T15:33:43.234543 Received request from 102.23.55.32 for /example
2018-02-13T15:33:44.726534 Started database query for table users
2019-02-13T15:33:44.038472 Completed database query for table users
2019-02-13T15:33:43.234543 Received request from 102.23.55.32 for /example
2012-02-13T15:33:44.726534 Started database query for table users
2019-02-13T15:33:44.038472 Completed database query for table users
2019-02-13T15:33:43.234543 Received request from 102.23.55.32 for /example
2019-02-13T15:33:44.726534 Started database query for table users
2019-02-13T15:33:44.038472 Completed database query for table users
2015-02-13T15:33:43.234543 Received request from 102.23.55.32 for /example
2019-02-13T15:33:44.726534 Started database query for table users
2019-02-13T15:33:44.038472 Completed database query for table users
2019-02-13T15:33:43.234543 Received request from 102.23.55.32 for /example
2019-02-13T15:33:44.726534 Started database query for table users
2019-02-13T15:33:44.038472 Completed database query for table users
2019-02-13T15:33:43.234543 Received request from 102.23.55.32 for /example
2019-02-13T15:33:44.726534 Started database query for table users
2019-02-13T15:33:44.038472 Completed database query for table users
2019-02-13T15:33:43.234543 Received request from 102.23.55.32 for /example
2019-02-13T15:33:44.726534 Started database query for table users
2019-02-13T15:33:44.038472 Completed database query for table users
2019-02-13T15:33:43.234543 Received request from 102.23.55.32 for /example
2019-02-13T15:33:44.726534 Started database query for table users
2019-02-13T15:33:44.038472 Completed database query for table users
2019-02-13T15:33:43.234543 Received request from 102.23.55.32 for /example
2019-02-13T15:33:44.726534 Started database query for table users
2019-02-13T15:33:44.038472 Completed database query for table users
2019-02-13T15:33:43.234543 Received request from 102.23.55.32 for /example
2019-02-13T15:33:44.726534 Started database query for table users
2019-02-13T15:33:44.038472 Completed database query for table users
2019-02-13T15:33:43.234543 Received request from 102.23.55.32 for /example
2019-02-13T15:33:44.726534 Started database query for table users
2019-02-13T15:33:44.038472 Completed database query for table users
2019-02-13T15:33:43.234543 Received request from 102.23.55.32 for /example
2006-02-13T15:33:44.726534 Started database query for table users
2019-02-13T15:33:44.038472 Completed database query for table users
2019-02-13T15:33:43.234543 Received request from 102.23.55.32 for /example
2009-02-13T15:33:44.726534 Started database query for table users
2019-02-13T15:33:44.038472 Completed database query for table users
2019-02-13T15:33:43.234543 Received request from 102.23.55.32 for /example
2018-02-13T15:33:44.726534 Started database query for table users
2019-02-13T15:33:44.038472 Completed database query for table users
2019-02-13T15:33:43.234543 Received request from 102.23.55.32 for /example
2012-02-13T15:33:44.726534 Started database query for table users
2019-02-13T15:33:44.038472 Completed database query for table users
2019-02-13T15:33:43.234543 Received request from 102.23.55.32 for /example
2019-02-13T15:33:44.726534 Started database query for table users
2019-02-13T15:33:44.038472 Completed database query for table users
2015-02-13T15:33:43.234543 Received request from 102.23.55.32 for /example
2019-02-13T15:33:44.726534 Started database query for table users
2019-02-13T15:33:44.038472 Completed database query for table users
2019-02-13T15:33:43.234543 Received request from 102.23.55.32 for /example
2019-02-13T15:33:44.726534 Started database query for table users
2019-02-13T15:33:44.038472 Completed database query for table users
2019-02-13T15:33:43.234543 Received request from 102.23.55.32 for /example
2019-02-13T15:33:44.726534 Started database query for table users
2019-02-13T15:33:44.038472 Completed database query for table users
2019-02-13T15:33:43.234543 Received request from 102.23.55.32 for /example
2019-02-13T15:33:44.726534 Started database query for table users
2019-02-13T15:33:44.038472 Completed database query for table users
2019-02-13T15:33:43.234543 Received request from 102.23.55.32 for /example
2019-02-13T15:33:44.726534 Started database query for table users
2019-02-13T15:33:44.038472 Completed database query for table users
2019-02-13T15:33:43.234543 Received request from 102.23.55.32 for /example
2019-02-13T15:33:44.726534 Started database query for table users
2019-02-13T15:33:44.038472 Completed database query for table users
2019-02-13T15:33:43.234543 Received request from 102.23.55.32 for /example
2019-02-13T15:33:44.726534 Started database query for table users
2019-02-13T15:33:44.038472 Completed database query for table users
2019-02-13T15:33:43.234543 Received request from 102.23.55.32 for /example
2019-02-13T15:33:44.726534 Started database query for table users
2019-02-13T15:33:44.038472 Completed database query for table users
2019-02-13T15:33:43.234543 Received request from 102.23.55.32 for /example
2006-02-13T15:33:44.726534 Started database query for table users
2019-02-13T15:33:44.038472 Completed database query for table users
2019-02-13T15:33:43.234543 Received request from 102.23.55.32 for /example
2009-02-13T15:33:44.726534 Started database query for table users
2019-02-13T15:33:44.038472 Completed database query for table users
2019-02-13T15:33:43.234543 Received request from 102.23.55.32 for /example
2018-02-13T15:33:44.726534 Started database query for table users
2019-02-13T15:33:44.038472 Completed database query for table users
2019-02-13T15:33:43.234543 Received request from 102.23.55.32 for /example
2012-02-13T15:33:44.726534 Started database query for table users
2019-02-13T15:33:44.038472 Completed database query for table users
2019-02-13T15:33:43.234543 Received request from 102.23.55.32 for /example
2019-02-13T15:33:44.726534 Started database query for table users
2019-02-13T15:33:44.038472 Completed database query for table users
2015-02-13T15:33:43.234543 Received request from 102.23.55.32 for /example
2019-02-13T15:33:44.726534 Started database query for table users
2019-02-13T15:33:44.038472 Completed database query for table users
2019-02-13T15:33:43.234543 Received request from 102.23.55.32 for /example
2019-02-13T15:33:44.726534 Started database query for table users
2019-02-13T15:33:44.038472 Completed database query for table users
2019-02-13T15:33:43.234543 Received request from 102.23.55.32 for /example
2019-02-13T15:33:44.726534 Started database query for table users
2019-02-13T15:33:44.038472 Completed database query for table users
2019-02-13T15:33:43.234543 Received request from 102.23.55.32 for /example
2019-02-13T15:33:44.726534 Started database query for table users
2019-02-13T15:33:44.038472 Completed database query for table users
2019-02-13T15:33:43.234543 Received request from 102.23.55.32 for /example
2019-02-13T15:33:44.726534 Started database query for table users
2019-02-13T15:33:44.038472 Completed database query for table users
2019-02-13T15:33:43.234543 Received request from 102.23.55.32 for /example
2019-02-13T15:33:44.726534 Started database query for table users
2019-02-13T15:33:44.038472 Completed database query for table users
2019-02-13T15:33:43.234543 Received request from 102.23.55.32 for /example
2019-02-13T15:33:44.726534 Started database query for table users
2019-02-13T15:33:44.038472 Completed database query for table users
2019-02-13T15:33:43.234543 Received request from 102.23.55.32 for /example
2019-02-13T15:33:44.726534 Started database query for table users
2019-02-13T15:33:44.038472 Completed database query for table users
2019-02-13T15:33:43.234543 Received request from 102.23.55.32 for /example
2006-02-13T15:33:44.726534 Started database query for table users
2019-02-13T15:33:44.038472 Completed database query for table users
2019-02-13T15:33:43.234543 Received request from 102.23.55.32 for /example
2009-02-13T15:33:44.726534 Started database query for table users
2019-02-13T15:33:44.038472 Completed database query for table users
2019-02-13T15:33:43.234543 Received request from 102.23.55.32 for /example
2018-02-13T15:33:44.726534 Started database query for table users
2019-02-13T15:33:44.038472 Completed database query for table users
2019-02-13T15:33:43.234543 Received request from 102.23.55.32 for /example
2012-02-13T15:33:44.726534 Started database query for table users
2019-02-13T15:33:44.038472 Completed database query for table users
2019-02-13T15:33:43.234543 Received request from 102.23.55.32 for /example
2019-02-13T15:33:44.726534 Started database query for table users
2019-02-13T15:33:44.038472 Completed database query for table users
2015-02-13T15:33:43.234543 Received request from 102.23.55.32 for /example
2019-02-13T15:33:44.726534 Started database query for table users
2019-02-13T15:33:44.038472 Completed database query for table users
2019-02-13T15:33:43.234543 Received request from 102.23.55.32 for /example
2019-02-13T15:33:44.726534 Started database query for table users
2019-02-13T15:33:44.038472 Completed database query for table users
2019-02-13T15:33:43.234543 Received request from 102.23.55.32 for /example
2019-02-13T15:33:44.726534 Started database query for table users
2019-02-13T15:33:44.038472 Completed database query for table users
2019-02-13T15:33:43.234543 Received request from 102.23.55.32 for /example
2019-02-13T15:33:44.726534 Started database query for table users
2019-02-13T15:33:44.038472 Completed database query for table users
2019-02-13T15:33:43.234543 Received request from 102.23.55.32 for /example
2019-02-13T15:33:44.726534 Started database query for table users
2019-02-13T15:33:44.038472 Completed database query for table users
2019-02-13T15:33:43.234543 Received request from 102.23.55.32 for /example
2019-02-13T15:33:44.726534 Started database query for table users
2019-02-13T15:33:44.038472 Completed database query for table users
2019-02-13T15:33:43.234543 Received request from 102.23.55.32 for /example
2019-02-13T15:33:44.726534 Started database query for table users
2019-02-13T15:33:44.038472 Completed database query for table users
2019-02-13T15:33:43.234543 Received request from 102.23.55.32 for /example
2019-02-13T15:33:44.726534 Started database query for table users
2019-02-13T15:33:44.038472 Completed database query for table users
2019-02-13T15:33:43.234543 Received request from 102.23.55.32 for /example
2006-02-13T15:33:44.726534 Started database query for table users
2019-02-13T15:33:44.038472 Completed database query for table users
2019-02-13T15:33:43.234543 Received request from 102.23.55.32 for /example
2009-02-13T15:33:44.726534 Started database query for table users
2019-02-13T15:33:44.038472 Completed database query for table users
2019-02-13T15:33:43.234543 Received request from 102.23.55.32 for /example
2018-02-13T15:33:44.726534 Started database query for table users
2019-02-13T15:33:44.038472 Completed database query for table users
2019-02-13T15:33:43.234543 Received request from 102.23.55.32 for /example
2012-02-13T15:33:44.726534 Started database query for table users
2019-02-13T15:33:44.038472 Completed database query for table users
2019-02-13T15:33:43.234543 Received request from 102.23.55.32 for /example
2019-02-13T15:33:44.726534 Started database query for table users
2019-02-13T15:33:44.038472 Completed database query for table users
2015-02-13T15:33:43.234543 Received request from 102.23.55.32 for /example
2019-02-13T15:33:44.726534 Started database query for table users
2019-02-13T15:33:44.038472 Completed database query for table users
2019-02-13T15:33:43.234543 Received request from 102.23.55.32 for /example
2019-02-13T15:33:44.726534 Started database query for table users
2019-02-13T15:33:44.038472 Completed database query for table users
2019-02-13T15:33:43.234543 Received request from 102.23.55.32 for /example
2019-02-13T15:33:44.726534 Started database query for table users
2019-02-13T15:33:44.038472 Completed database query for table users
2019-02-13T15:33:43.234543 Received request from 102.23.55.32 for /example
2019-02-13T15:33:44.726534 Started database query for table users
2019-02-13T15:33:44.038472 Completed database query for table users
2019-02-13T15:33:43.234543 Received request from 102.23.55.32 for /example
2019-02-13T15:33:44.726534 Started database query for table users
2019-02-13T15:33:44.038472 Completed database query for table users
2019-02-13T15:33:43.234543 Received request from 102.23.55.32 for /example
2019-02-13T15:33:44.726534 Started database query for table users
2019-02-13T15:33:44.038472 Completed database query for table users
2019-02-13T15:33:43.234543 Received request from 102.23.55.32 for /example
2019-02-13T15:33:44.726534 Started database query for table users
2019-02-13T15:33:44.038472 Completed database query for table users
2019-02-13T15:33:43.234543 Received request from 102.23.55.32 for /example
2019-02-13T15:33:44.726534 Started database query for table users
2019-02-13T15:33:44.038472 Completed database query for table users
2019-02-13T15:33:43.234543 Received request from 102.23.55.32 for /example
2006-02-13T15:33:44.726534 Started database query for table users
2019-02-13T15:33:44.038472 Completed database query for table users
2019-02-13T15:33:43.234543 Received request from 102.23.55.32 for /example
2009-02-13T15:33:44.726534 Started database query for table users
2019-02-13T15:33:44.038472 Completed database query for table users
2019-02-13T15:33:43.234543 Received request from 102.23.55.32 for /example
2018-02-13T15:33:44.726534 Started database query for table users
2019-02-13T15:33:44.038472 Completed database query for table users
2019-02-13T15:33:43.234543 Received request from 102.23.55.32 for /example
2012-02-13T15:33:44.726534 Started database query for table users
2019-02-13T15:33:44.038472 Completed database query for table users
2019-02-13T15:33:43.234543 Received request from 102.23.55.32 for /example
2019-02-13T15:33:44.726534 Started database query for table users
2019-02-13T15:33:44.038472 Completed database query for table users
2015-02-13T15:33:43.234543 Received request from 102.23.55.32 for /example
2019-02-13T15:33:44.726534 Started database query for table users
2019-02-13T15:33:44.038472 Completed database query for table users
2019-02-13T15:33:43.234543 Received request from 102.23.55.32 for /example
2019-02-13T15:33:44.726534 Started database query for table users
2019-02-13T15:33:44.038472 Completed database query for table users
2019-02-13T15:33:43.234543 Received request from 102.23.55.32 for /example
2019-02-13T15:33:44.726534 Started database query for table users
2019-02-13T15:33:44.038472 Completed database query for table users
2019-02-13T15:33:43.234543 Received request from 102.23.55.32 for /example
2019-02-13T15:33:44.726534 Started database query for table users
2019-02-13T15:33:44.038472 Completed database query for table users
2019-02-13T15:33:43.234543 Received request from 102.23.55.32 for /example
2019-02-13T15:33:44.726534 Started database query for table users
2019-02-13T15:33:44.038472 Completed database query for table users
2019-02-13T15:33:43.234543 Received request from 102.23.55.32 for /example
2019-02-13T15:33:44.726534 Started database query for table users
2019-02-13T15:33:44.038472 Completed database query for table users
2019-02-13T15:33:43.234543 Received request from 102.23.55.32 for /example
2019-02-13T15:33:44.726534 Started database query for table users
2019-02-13T15:33:44.038472 Completed database query for table users
2019-02-13T15:33:43.234543 Received request from 102.23.55.32 for /example
2019-02-13T15:33:44.726534 Started database query for table users
2019-02-13T15:33:44.038472 Completed database query for table users
2019-02-13T15:33:43.234543 Received request from 102.23.55.32 for /example
2006-02-13T15:33:44.726534 Started database query for table users
2019-02-13T15:33:44.038472 Completed database query for table users
2019-02-13T15:33:43.234543 Received request from 102.23.55.32 for /example
2009-02-13T15:33:44.726534 Started database query for table users
2019-02-13T15:33:44.038472 Completed database query for table users
2019-02-13T15:33:43.234543 Received request from 102.23.55.32 for /example
2018-02-13T15:33:44.726534 Started database query for table users
2019-02-13T15:33:44.038472 Completed database query for table users
2019-02-13T15:33:43.234543 Received request from 102.23.55.32 for /example
2012-02-13T15:33:44.726534 Started database query for table users
2019-02-13T15:33:44.038472 Completed database query for table users
2019-02-13T15:33:43.234543 Received request from 102.23.55.32 for /example
2019-02-13T15:33:44.726534 Started database query for table users
2019-02-13T15:33:44.038472 Completed database query for table users
2015-02-13T15:33:43.234543 Received request from 102.23.55.32 for /example
2019-02-13T15:33:44.726534 Started database query for table users
2019-02-13T15:33:44.038472 Completed database query for table users
2019-02-13T15:33:43.234543 Received request from 102.23.55.32 for /example
2019-02-13T15:33:44.726534 Started database query for table users
2019-02-13T15:33:44.038472 Completed database query for table users
2019-02-13T15:33:43.234543 Received request from 102.23.55.32 for /example
2019-02-13T15:33:44.726534 Started database query for table users
2019-02-13T15:33:44.038472 Completed database query for table users
2019-02-13T15:33:43.234543 Received request from 102.23.55.32 for /example
2019-02-13T15:33:44.726534 Started database query for table users
2019-02-13T15:33:44.038472 Completed database query for table users
2019-02-13T15:33:43.234543 Received request from 102.23.55.32 for /example
2019-02-13T15:33:44.726534 Started database query for table users
2019-02-13T15:33:44.038472 Completed database query for table users
2019-02-13T15:33:43.234543 Received request from 102.23.55.32 for /example
2019-02-13T15:33:44.726534 Started database query for table users
2019-02-13T15:33:44.038472 Completed database query for table users
2019-02-13T15:33:43.234543 Received request from 102.23.55.32 for /example
2019-02-13T15:33:44.726534 Started database query for table users
2019-02-13T15:33:44.038472 Completed database query for table users
2019-02-13T15:33:43.234543 Received request from 102.23.55.32 for /example
2019-02-13T15:33:44.726534 Started database query for table users
2019-02-13T15:33:44.038472 Completed database query for table users
2019-02-13T15:33:43.234543 Received request from 102.23.55.32 for /example
2006-02-13T15:33:44.726534 Started database query for table users
2019-02-13T15:33:44.038472 Completed database query for table users
2019-02-13T15:33:43.234543 Received request from 102.23.55.32 for /example
2009-02-13T15:33:44.726534 Started database query for table users
2019-02-13T15:33:44.038472 Completed database query for table users
2019-02-13T15:33:43.234543 Received request from 102.23.55.32 for /example
2018-02-13T15:33:44.726534 Started database query for table users
2019-02-13T15:33:44.038472 Completed database query for table users
2019-02-13T15:33:43.234543 Received request from 102.23.55.32 for /example
2012-02-13T15:33:44.726534 Started database query for table users
2019-02-13T15:33:44.038472 Completed database query for table users
2019-02-13T15:33:43.234543 Received request from 102.23.55.32 for /example
2019-02-13T15:33:44.726534 Started database query for table users
2019-02-13T15:33:44.038472 Completed database query for table users
2015-02-13T15:33:43.234543 Received request from 102.23.55.32 for /example
2019-02-13T15:33:44.726534 Started database query for table users
2019-02-13T15:33:44.038472 Completed database query for table users
2019-02-13T15:33:43.234543 Received request from 102.23.55.32 for /example
2019-02-13T15:33:44.726534 Started database query for table users
2019-02-13T15:33:44.038472 Completed database query for table users
2019-02-13T15:33:43.234543 Received request from 102.23.55.32 for /example
2019-02-13T15:33:44.726534 Started database query for table users
2019-02-13T15:33:44.038472 Completed database query for table users
2019-02-13T15:33:43.234543 Received request from 102.23.55.32 for /example
2019-02-13T15:33:44.726534 Started database query for table users
2019-02-13T15:33:44.038472 Completed database query for table users
2019-02-13T15:33:43.234543 Received request from 102.23.55.32 for /example
2019-02-13T15:33:44.726534 Started database query for table users
2019-02-13T15:33:44.038472 Completed database query for table users
2019-02-13T15:33:43.234543 Received request from 102.23.55.32 for /example
2019-02-13T15:33:44.726534 Started database query for table users
2019-02-13T15:33:44.038472 Completed database query for table users
2019-02-13T15:33:43.234543 Received request from 102.23.55.32 for /example
2019-02-13T15:33:44.726534 Started database query for table users
2019-02-13T15:33:44.038472 Completed database query for table users
2019-02-13T15:33:43.234543 Received request from 102.23.55.32 for /example
2019-02-13T15:33:44.726534 Started database query for table users
2019-02-13T15:33:44.038472 Completed database query for table users
2019-02-13T15:33:43.234543 Received request from 102.23.55.32 for /example
2006-02-13T15:33:44.726534 Started database query for table users
2019-02-13T15:33:44.038472 Completed database query for table users
2019-02-13T15:33:43.234543 Received request from 102.23.55.32 for /example
2009-02-13T15:33:44.726534 Started database query for table users
2019-02-13T15:33:44.038472 Completed database query for table users
2019-02-13T15:33:43.234543 Received request from 102.23.55.32 for /example
2018-02-13T15:33:44.726534 Started database query for table users
2019-02-13T15:33:44.038472 Completed database query for table users
2019-02-13T15:33:43.234543 Received request from 102.23.55.32 for /example
2012-02-13T15:33:44.726534 Started database query for table users
2019-02-13T15:33:44.038472 Completed database query for table users
2019-02-13T15:33:43.234543 Received request from 102.23.55.32 for /example
2019-02-13T15:33:44.726534 Started database query for table users
2019-02-13T15:33:44.038472 Completed database query for table users
2015-02-13T15:33:43.234543 Received request from 102.23.55.32 for /example
2019-02-13T15:33:44.726534 Started database query for table users
2019-02-13T15:33:44.038472 Completed database query for table users
2019-02-13T15:33:43.234543 Received request from 102.23.55.32 for /example
2019-02-13T15:33:44.726534 Started database query for table users
2019-02-13T15:33:44.038472 Completed database query for table users
2019-02-13T15:33:43.234543 Received request from 102.23.55.32 for /example
2019-02-13T15:33:44.726534 Started database query for table users
2019-02-13T15:33:44.038472 Completed database query for table users
2019-02-13T15:33:43.234543 Received request from 102.23.55.32 for /example
2019-02-13T15:33:44.726534 Started database query for table users
2019-02-13T15:33:44.038472 Completed database query for table users
2019-02-13T15:33:43.234543 Received request from 102.23.55.32 for /example
2019-02-13T15:33:44.726534 Started database query for table users
2019-02-13T15:33:44.038472 Completed database query for table users
2019-02-13T15:33:43.234543 Received request from 102.23.55.32 for /example
2019-02-13T15:33:44.726534 Started database query for table users
2019-02-13T15:33:44.038472 Completed database query for table users
2019-02-13T15:33:43.234543 Received request from 102.23.55.32 for /example
2019-02-13T15:33:44.726534 Started database query for table users
2019-02-13T15:33:44.038472 Completed database query for table users
2019-02-13T15:33:43.234543 Received request from 102.23.55.32 for /example
2019-02-13T15:33:44.726534 Started database query for table users
2019-02-13T15:33:44.038472 Completed database query for table users
2019-02-13T15:33:43.234543 Received request from 102.23.55.32 for /example
2006-02-13T15:33:44.726534 Started database query for table users
2019-02-13T15:33:44.038472 Completed database query for table users
2019-02-13T15:33:43.234543 Received request from 102.23.55.32 for /example
2009-02-13T15:33:44.726534 Started database query for table users
2019-02-13T15:33:44.038472 Completed database query for table users
2019-02-13T15:33:43.234543 Received request from 102.23.55.32 for /example
2018-02-13T15:33:44.726534 Started database query for table users
2019-02-13T15:33:44.038472 Completed database query for table users
2019-02-13T15:33:43.234543 Received request from 102.23.55.32 for /example
2012-02-13T15:33:44.726534 Started database query for table users
2019-02-13T15:33:44.038472 Completed database query for table users
2019-02-13T15:33:43.234543 Received request from 102.23.55.32 for /example
2019-02-13T15:33:44.726534 Started database query for table users
2019-02-13T15:33:44.038472 Completed database query for table users
2015-02-13T15:33:43.234543 Received request from 102.23.55.32 for /example
2019-02-13T15:33:44.726534 Started database query for table users
2019-02-13T15:33:44.038472 Completed database query for table users
2019-02-13T15:33:43.234543 Received request from 102.23.55.32 for /example
2019-02-13T15:33:44.726534 Started database query for table users
2019-02-13T15:33:44.038472 Completed database query for table users
2019-02-13T15:33:43.234543 Received request from 102.23.55.32 for /example
2019-02-13T15:33:44.726534 Started database query for table users
2019-02-13T15:33:44.038472 Completed database query for table users
2019-02-13T15:33:43.234543 Received request from 102.23.55.32 for /example
2019-02-13T15:33:44.726534 Started database query for table users
2019-02-13T15:33:44.038472 Completed database query for table users
2019-02-13T15:33:43.234543 Received request from 102.23.55.32 for /example
2019-02-13T15:33:44.726534 Started database query for table users
2019-02-13T15:33:44.038472 Completed database query for table users
2019-02-13T15:33:43.234543 Received request from 102.23.55.32 for /example
2019-02-13T15:33:44.726534 Started database query for table users
2019-02-13T15:33:44.038472 Completed database query for table users
2019-02-13T15:33:43.234543 Received request from 102.23.55.32 for /example
2019-02-13T15:33:44.726534 Started database query for table users
2019-02-13T15:33:44.038472 Completed database query for table users
2019-02-13T15:33:43.234543 Received request from 102.23.55.32 for /example
2019-02-13T15:33:44.726534 Started database query for table users
2019-02-13T15:33:44.038472 Completed database query for table users
2019-02-13T15:33:43.234543 Received request from 102.23.55.32 for /example
2006-02-13T15:33:44.726534 Started database query for table users
2019-02-13T15:33:44.038472 Completed database query for table users
2019-02-13T15:33:43.234543 Received request from 102.23.55.32 for /example
2009-02-13T15:33:44.726534 Started database query for table users
2019-02-13T15:33:44.038472 Completed database query for table users
2019-02-13T15:33:43.234543 Received request from 102.23.55.32 for /example
2018-02-13T15:33:44.726534 Started database query for table users
2019-02-13T15:33:44.038472 Completed database query for table users
2019-02-13T15:33:43.234543 Received request from 102.23.55.32 for /example
2012-02-13T15:33:44.726534 Started database query for table users
2019-02-13T15:33:44.038472 Completed database query for table users
2019-02-13T15:33:43.234543 Received request from 102.23.55.32 for /example
2019-02-13T15:33:44.726534 Started database query for table users
2019-02-13T15:33:44.038472 Completed database query for table users
2015-02-13T15:33:43.234543 Received request from 102.23.55.32 for /example
2019-02-13T15:33:44.726534 Started database query for table users
2019-02-13T15:33:44.038472 Completed database query for table users
2019-02-13T15:33:43.234543 Received request from 102.23.55.32 for /example
2019-02-13T15:33:44.726534 Started database query for table users
2019-02-13T15:33:44.038472 Completed database query for table users
2019-02-13T15:33:43.234543 Received request from 102.23.55.32 for /example
2019-02-13T15:33:44.726534 Started database query for table users
2019-02-13T15:33:44.038472 Completed database query for table users
2019-02-13T15:33:43.234543 Received request from 102.23.55.32 for /example
2019-02-13T15:33:44.726534 Started database query for table users
2019-02-13T15:33:44.038472 Completed database query for table users
2019-02-13T15:33:43.234543 Received request from 102.23.55.32 for /example
2019-02-13T15:33:44.726534 Started database query for table users
2019-02-13T15:33:44.038472 Completed database query for table users
2019-02-13T15:33:43.234543 Received request from 102.23.55.32 for /example
2019-02-13T15:33:44.726534 Started database query for table users
2019-02-13T15:33:44.038472 Completed database query for table users
2019-02-13T15:33:43.234543 Received request from 102.23.55.32 for /example
2019-02-13T15:33:44.726534 Started database query for table users
2019-02-13T15:33:44.038472 Completed database query for table users
2019-02-13T15:33:43.234543 Received request from 102.23.55.32 for /example
2019-02-13T15:33:44.726534 Started database query for table users
2019-02-13T15:33:44.038472 Completed database query for table users
2019-02-13T15:33:43.234543 Received request from 102.23.55.32 for /example
2006-02-13T15:33:44.726534 Started database query for table users
2019-02-13T15:33:44.038472 Completed database query for table users
2019-02-13T15:33:43.234543 Received request from 102.23.55.32 for /example
2009-02-13T15:33:44.726534 Started database query for table users
2019-02-13T15:33:44.038472 Completed database query for table users
2019-02-13T15:33:43.234543 Received request from 102.23.55.32 for /example
2018-02-13T15:33:44.726534 Started database query for table users
2019-02-13T15:33:44.038472 Completed database query for table users
2019-02-13T15:33:43.234543 Received request from 102.23.55.32 for /example
2012-02-13T15:33:44.726534 Started database query for table users
2019-02-13T15:33:44.038472 Completed database query for table users
2019-02-13T15:33:43.234543 Received request from 102.23.55.32 for /example
2019-02-13T15:33:44.726534 Started database query for table users
2019-02-13T15:33:44.038472 Completed database query for table users
2015-02-13T15:33:43.234543 Received request from 102.23.55.32 for /example
2019-02-13T15:33:44.726534 Started database query for table users
2019-02-13T15:33:44.038472 Completed database query for table users
2019-02-13T15:33:43.234543 Received request from 102.23.55.32 for /example
2019-02-13T15:33:44.726534 Started database query for table users
2019-02-13T15:33:44.038472 Completed database query for table users
2019-02-13T15:33:43.234543 Received request from 102.23.55.32 for /example
2019-02-13T15:33:44.726534 Started database query for table users
2019-02-13T15:33:44.038472 Completed database query for table users
2019-02-13T15:33:43.234543 Received request from 102.23.55.32 for /example
2019-02-13T15:33:44.726534 Started database query for table users
2019-02-13T15:33:44.038472 Completed database query for table users
2019-02-13T15:33:43.234543 Received request from 102.23.55.32 for /example
2019-02-13T15:33:44.726534 Started database query for table users
2019-02-13T15:33:44.038472 Completed database query for table users
2019-02-13T15:33:43.234543 Received request from 102.23.55.32 for /example
2019-02-13T15:33:44.726534 Started database query for table users
2019-02-13T15:33:44.038472 Completed database query for table users
2019-02-13T15:33:43.234543 Received request from 102.23.55.32 for /example
2019-02-13T15:33:44.726534 Started database query for table users
2019-02-13T15:33:44.038472 Completed database query for table users
2019-02-13T15:33:43.234543 Received request from 102.23.55.32 for /example
2019-02-13T15:33:44.726534 Started database query for table users
2019-02-13T15:33:44.038472 Completed database query for table users
2019-02-13T15:33:43.234543 Received request from 102.23.55.32 for /example
2006-02-13T15:33:44.726534 Started database query for table users
2019-02-13T15:33:44.038472 Completed database query for table users
2019-02-13T15:33:43.234543 Received request from 102.23.55.32 for /example
2009-02-13T15:33:44.726534 Started database query for table users
2019-02-13T15:33:44.038472 Completed database query for table users
2019-02-13T15:33:43.234543 Received request from 102.23.55.32 for /example
2018-02-13T15:33:44.726534 Started database query for table users
2019-02-13T15:33:44.038472 Completed database query for table users
2019-02-13T15:33:43.234543 Received request from 102.23.55.32 for /example
2012-02-13T15:33:44.726534 Started database query for table users
2019-02-13T15:33:44.038472 Completed database query for table users
2019-02-13T15:33:43.234543 Received request from 102.23.55.32 for /example
2019-02-13T15:33:44.726534 Started database query for table users
2019-02-13T15:33:44.038472 Completed database query for table users
2015-02-13T15:33:43.234543 Received request from 102.23.55.32 for /example
2019-02-13T15:33:44.726534 Started database query for table users
2019-02-13T15:33:44.038472 Completed database query for table users
2019-02-13T15:33:43.234543 Received request from 102.23.55.32 for /example
2019-02-13T15:33:44.726534 Started database query for table users
2019-02-13T15:33:44.038472 Completed database query for table users
2019-02-13T15:33:43.234543 Received request from 102.23.55.32 for /example
2019-02-13T15:33:44.726534 Started database query for table users
2019-02-13T15:33:44.038472 Completed database query for table users
2019-02-13T15:33:43.234543 Received request from 102.23.55.32 for /example
2019-02-13T15:33:44.726534 Started database query for table users
2019-02-13T15:33:44.038472 Completed database query for table users
2019-02-13T15:33:43.234543 Received request from 102.23.55.32 for /example
2019-02-13T15:33:44.726534 Started database query for table users
2019-02-13T15:33:44.038472 Completed database query for table users
2019-02-13T15:33:43.234543 Received request from 102.23.55.32 for /example
2019-02-13T15:33:44.726534 Started database query for table users
2019-02-13T15:33:44.038472 Completed database query for table users
2019-02-13T15:33:43.234543 Received request from 102.23.55.32 for /example
2019-02-13T15:33:44.726534 Started database query for table users
2019-02-13T15:33:44.038472 Completed database query for table users
2019-02-13T15:33:43.234543 Received request from 102.23.55.32 for /example
2019-02-13T15:33:44.726534 Started database query for table users
2019-02-13T15:33:44.038472 Completed database query for table users
2019-02-13T15:33:43.234543 Received request from 102.23.55.32 for /example
2006-02-13T15:33:44.726534 Started database query for table users
2019-02-13T15:33:44.038472 Completed database query for table users
2019-02-13T15:33:43.234543 Received request from 102.23.55.32 for /example
2009-02-13T15:33:44.726534 Started database query for table users
2019-02-13T15:33:44.038472 Completed database query for table users
2019-02-13T15:33:43.234543 Received request from 102.23.55.32 for /example
2018-02-13T15:33:44.726534 Started database query for table users
2019-02-13T15:33:44.038472 Completed database query for table users
2019-02-13T15:33:43.234543 Received request from 102.23.55.32 for /example
2012-02-13T15:33:44.726534 Started database query for table users
2019-02-13T15:33:44.038472 Completed database query for table users
2019-02-13T15:33:43.234543 Received request from 102.23.55.32 for /example
2019-02-13T15:33:44.726534 Started database query for table users
2019-02-13T15:33:44.038472 Completed database query for table users
2015-02-13T15:33:43.234543 Received request from 102.23.55.32 for /example
2019-02-13T15:33:44.726534 Started database query for table users
2019-02-13T15:33:44.038472 Completed database query for table users
2019-02-13T15:33:43.234543 Received request from 102.23.55.32 for /example
2019-02-13T15:33:44.726534 Started database query for table users
2019-02-13T15:33:44.038472 Completed database query for table users
2019-02-13T15:33:43.234543 Received request from 102.23.55.32 for /example
2019-02-13T15:33:44.726534 Started database query for table users
2019-02-13T15:33:44.038472 Completed database query for table users
2019-02-13T15:33:43.234543 Received request from 102.23.55.32 for /example
2019-02-13T15:33:44.726534 Started database query for table users
2019-02-13T15:33:44.038472 Completed database query for table users
2019-02-13T15:33:43.234543 Received request from 102.23.55.32 for /example
2019-02-13T15:33:44.726534 Started database query for table users
2019-02-13T15:33:44.038472 Completed database query for table users
2019-02-13T15:33:43.234543 Received request from 102.23.55.32 for /example
2019-02-13T15:33:44.726534 Started database query for table users
2019-02-13T15:33:44.038472 Completed database query for table users
2019-02-13T15:33:43.234543 Received request from 102.23.55.32 for /example
2019-02-13T15:33:44.726534 Started database query for table users
2019-02-13T15:33:44.038472 Completed database query for table users
2019-02-13T15:33:43.234543 Received request from 102.23.55.32 for /example
2019-02-13T15:33:44.726534 Started database query for table users
2019-02-13T15:33:44.038472 Completed database query for table users
2019-02-13T15:33:43.234543 Received request from 102.23.55.32 for /example
2006-02-13T15:33:44.726534 Started database query for table users
2019-02-13T15:33:44.038472 Completed database query for table users
2019-02-13T15:33:43.234543 Received request from 102.23.55.32 for /example
2009-02-13T15:33:44.726534 Started database query for table users
2019-02-13T15:33:44.038472 Completed database query for table users
2019-02-13T15:33:43.234543 Received request from 102.23.55.32 for /example
2018-02-13T15:33:44.726534 Started database query for table users
2019-02-13T15:33:44.038472 Completed database query for table users
2019-02-13T15:33:43.234543 Received request from 102.23.55.32 for /example
2012-02-13T15:33:44.726534 Started database query for table users
2019-02-13T15:33:44.038472 Completed database query for table users
2019-02-13T15:33:43.234543 Received request from 102.23.55.32 for /example
2019-02-13T15:33:44.726534 Started database query for table users
2019-02-13T15:33:44.038472 Completed database query for table users
2015-02-13T15:33:43.234543 Received request from 102.23.55.32 for /example
2019-02-13T15:33:44.726534 Started database query for table users
2019-02-13T15:33:44.038472 Completed database query for table users
2019-02-13T15:33:43.234543 Received request from 102.23.55.32 for /example
2019-02-13T15:33:44.726534 Started database query for table users
2019-02-13T15:33:44.038472 Completed database query for table users
2019-02-13T15:33:43.234543 Received request from 102.23.55.32 for /example
2019-02-13T15:33:44.726534 Started database query for table users
2019-02-13T15:33:44.038472 Completed database query for table users
2019-02-13T15:33:43.234543 Received request from 102.23.55.32 for /example
2019-02-13T15:33:44.726534 Started database query for table users
2019-02-13T15:33:44.038472 Completed database query for table users
2019-02-13T15:33:43.234543 Received request from 102.23.55.32 for /example
2019-02-13T15:33:44.726534 Started database query for table users
2019-02-13T15:33:44.038472 Completed database query for table users
2019-02-13T15:33:43.234543 Received request from 102.23.55.32 for /example
2019-02-13T15:33:44.726534 Started database query for table users
2019-02-13T15:33:44.038472 Completed database query for table users
2019-02-13T15:33:43.234543 Received request from 102.23.55.32 for /example
2019-02-13T15:33:44.726534 Started database query for table users
2019-02-13T15:33:44.038472 Completed database query for table users
2019-02-13T15:33:43.234543 Received request from 102.23.55.32 for /example
2019-02-13T15:33:44.726534 Started database query for table users
2019-02-13T15:33:44.038472 Completed database query for table users
2019-02-13T15:33:43.234543 Received request from 102.23.55.32 for /example
2006-02-13T15:33:44.726534 Started database query for table users
2019-02-13T15:33:44.038472 Completed database query for table users
2019-02-13T15:33:43.234543 Received request from 102.23.55.32 for /example
2009-02-13T15:33:44.726534 Started database query for table users
2019-02-13T15:33:44.038472 Completed database query for table users
2019-02-13T15:33:43.234543 Received request from 102.23.55.32 for /example
2018-02-13T15:33:44.726534 Started database query for table users
2019-02-13T15:33:44.038472 Completed database query for table users
2019-02-13T15:33:43.234543 Received request from 102.23.55.32 for /example
2012-02-13T15:33:44.726534 Started database query for table users
2019-02-13T15:33:44.038472 Completed database query for table users
2019-02-13T15:33:43.234543 Received request from 102.23.55.32 for /example
2019-02-13T15:33:44.726534 Started database query for table users
2019-02-13T15:33:44.038472 Completed database query for table users
2015-02-13T15:33:43.234543 Received request from 102.23.55.32 for /example
2019-02-13T15:33:44.726534 Started database query for table users
2019-02-13T15:33:44.038472 Completed database query for table users
2019-02-13T15:33:43.234543 Received request from 102.23.55.32 for /example
2019-02-13T15:33:44.726534 Started database query for table users
2019-02-13T15:33:44.038472 Completed database query for table users
2019-02-13T15:33:43.234543 Received request from 102.23.55.32 for /example
2019-02-13T15:33:44.726534 Started database query for table users
2019-02-13T15:33:44.038472 Completed database query for table users
2019-02-13T15:33:43.234543 Received request from 102.23.55.32 for /example
2019-02-13T15:33:44.726534 Started database query for table users
2019-02-13T15:33:44.038472 Completed database query for table users
2019-02-13T15:33:43.234543 Received request from 102.23.55.32 for /example
2019-02-13T15:33:44.726534 Started database query for table users
2019-02-13T15:33:44.038472 Completed database query for table users
2019-02-13T15:33:43.234543 Received request from 102.23.55.32 for /example
2019-02-13T15:33:44.726534 Started database query for table users
2019-02-13T15:33:44.038472 Completed database query for table users
2019-02-13T15:33:43.234543 Received request from 102.23.55.32 for /example
2019-02-13T15:33:44.726534 Started database query for table users
2019-02-13T15:33:44.038472 Completed database query for table users
2019-02-13T15:33:43.234543 Received request from 102.23.55.32 for /example
2019-02-13T15:33:44.726534 Started database query for table users
2019-02-13T15:33:44.038472 Completed database query for table users
2019-02-13T15:33:43.234543 Received request from 102.23.55.32 for /example
2006-02-13T15:33:44.726534 Started database query for table users
2019-02-13T15:33:44.038472 Completed database query for table users
2019-02-13T15:33:43.234543 Received request from 102.23.55.32 for /example
2009-02-13T15:33:44.726534 Started database query for table users
2019-02-13T15:33:44.038472 Completed database query for table users
2019-02-13T15:33:43.234543 Received request from 102.23.55.32 for /example
2018-02-13T15:33:44.726534 Started database query for table users
2019-02-13T15:33:44.038472 Completed database query for table users
2019-02-13T15:33:43.234543 Received request from 102.23.55.32 for /example
2012-02-13T15:33:44.726534 Started database query for table users
2019-02-13T15:33:44.038472 Completed database query for table users
2019-02-13T15:33:43.234543 Received request from 102.23.55.32 for /example
2019-02-13T15:33:44.726534 Started database query for table users
2019-02-13T15:33:44.038472 Completed database query for table users
2015-02-13T15:33:43.234543 Received request from 102.23.55.32 for /example
2019-02-13T15:33:44.726534 Started database query for table users
2019-02-13T15:33:44.038472 Completed database query for table users
2019-02-13T15:33:43.234543 Received request from 102.23.55.32 for /example
2019-02-13T15:33:44.726534 Started database query for table users
2019-02-13T15:33:44.038472 Completed database query for table users
2019-02-13T15:33:43.234543 Received request from 102.23.55.32 for /example
2019-02-13T15:33:44.726534 Started database query for table users
2019-02-13T15:33:44.038472 Completed database query for table users
2019-02-13T15:33:43.234543 Received request from 102.23.55.32 for /example
2019-02-13T15:33:44.726534 Started database query for table users
2019-02-13T15:33:44.038472 Completed database query for table users
2019-02-13T15:33:43.234543 Received request from 102.23.55.32 for /example
2019-02-13T15:33:44.726534 Started database query for table users
2019-02-13T15:33:44.038472 Completed database query for table users
2019-02-13T15:33:43.234543 Received request from 102.23.55.32 for /example
2019-02-13T15:33:44.726534 Started database query for table users
2019-02-13T15:33:44.038472 Completed database query for table users
2019-02-13T15:33:43.234543 Received request from 102.23.55.32 for /example
2019-02-13T15:33:44.726534 Started database query for table users
2019-02-13T15:33:44.038472 Completed database query for table users
2019-02-13T15:33:43.234543 Received request from 102.23.55.32 for /example
2019-02-13T15:33:44.726534 Started database query for table users
2019-02-13T15:33:44.038472 Completed database query for table users
2019-02-13T15:33:43.234543 Received request from 102.23.55.32 for /example
2006-02-13T15:33:44.726534 Started database query for table users
2019-02-13T15:33:44.038472 Completed database query for table users
2019-02-13T15:33:43.234543 Received request from 102.23.55.32 for /example
2009-02-13T15:33:44.726534 Started database query for table users
2019-02-13T15:33:44.038472 Completed database query for table users
2019-02-13T15:33:43.234543 Received request from 102.23.55.32 for /example
2018-02-13T15:33:44.726534 Started database query for table users
2019-02-13T15:33:44.038472 Completed database query for table users
2019-02-13T15:33:43.234543 Received request from 102.23.55.32 for /example
2012-02-13T15:33:44.726534 Started database query for table users
2019-02-13T15:33:44.038472 Completed database query for table users
2019-02-13T15:33:43.234543 Received request from 102.23.55.32 for /example
2019-02-13T15:33:44.726534 Started database query for table users
2019-02-13T15:33:44.038472 Completed database query for table users
2015-02-13T15:33:43.234543 Received request from 102.23.55.32 for /example
2019-02-13T15:33:44.726534 Started database query for table users
2019-02-13T15:33:44.038472 Completed database query for table users
2019-02-13T15:33:43.234543 Received request from 102.23.55.32 for /example
2019-02-13T15:33:44.726534 Started database query for table users
2019-02-13T15:33:44.038472 Completed database query for table users
2019-02-13T15:33:43.234543 Received request from 102.23.55.32 for /example
2019-02-13T15:33:44.726534 Started database query for table users
2019-02-13T15:33:44.038472 Completed database query for table users
2019-02-13T15:33:43.234543 Received request from 102.23.55.32 for /example
2019-02-13T15:33:44.726534 Started database query for table users
2019-02-13T15:33:44.038472 Completed database query for table users
2019-02-13T15:33:43.234543 Received request from 102.23.55.32 for /example
2019-02-13T15:33:44.726534 Started database query for table users
2019-02-13T15:33:44.038472 Completed database query for table users
2019-02-13T15:33:43.234543 Received request from 102.23.55.32 for /example
2019-02-13T15:33:44.726534 Started database query for table users
2019-02-13T15:33:44.038472 Completed database query for table users
2019-02-13T15:33:43.234543 Received request from 102.23.55.32 for /example
2019-02-13T15:33:44.726534 Started database query for table users
2019-02-13T15:33:44.038472 Completed database query for table users
2019-02-13T15:33:43.234543 Received request from 102.23.55.32 for /example
2019-02-13T15:33:44.726534 Started database query for table users
2019-02-13T15:33:44.038472 Completed database query for table users
2019-02-13T15:33:43.234543 Received request from 102.23.55.32 for /example
2006-02-13T15:33:44.726534 Started database query for table users
2019-02-13T15:33:44.038472 Completed database query for table users
2019-02-13T15:33:43.234543 Received request from 102.23.55.32 for /example
2009-02-13T15:33:44.726534 Started database query for table users
2019-02-13T15:33:44.038472 Completed database query for table users
2019-02-13T15:33:43.234543 Received request from 102.23.55.32 for /example
2018-02-13T15:33:44.726534 Started database query for table users
2019-02-13T15:33:44.038472 Completed database query for table users
2019-02-13T15:33:43.234543 Received request from 102.23.55.32 for /example
2012-02-13T15:33:44.726534 Started database query for table users
2019-02-13T15:33:44.038472 Completed database query for table users
2019-02-13T15:33:43.234543 Received request from 102.23.55.32 for /example
2019-02-13T15:33:44.726534 Started database query for table users
2019-02-13T15:33:44.038472 Completed database query for table users
2015-02-13T15:33:43.234543 Received request from 102.23.55.32 for /example
2019-02-13T15:33:44.726534 Started database query for table users
2019-02-13T15:33:44.038472 Completed database query for table users
2019-02-13T15:33:43.234543 Received request from 102.23.55.32 for /example
2019-02-13T15:33:44.726534 Started database query for table users
2019-02-13T15:33:44.038472 Completed database query for table users
2019-02-13T15:33:43.234543 Received request from 102.23.55.32 for /example
2019-02-13T15:33:44.726534 Started database query for table users
2019-02-13T15:33:44.038472 Completed database query for table users
2019-02-13T15:33:43.234543 Received request from 102.23.55.32 for /example
2019-02-13T15:33:44.726534 Started database query for table users
2019-02-13T15:33:44.038472 Completed database query for table users
2019-02-13T15:33:43.234543 Received request from 102.23.55.32 for /example
2019-02-13T15:33:44.726534 Started database query for table users
2019-02-13T15:33:44.038472 Completed database query for table users
2019-02-13T15:33:43.234543 Received request from 102.23.55.32 for /example
2019-02-13T15:33:44.726534 Started database query for table users
2019-02-13T15:33:44.038472 Completed database query for table users
2019-02-13T15:33:43.234543 Received request from 102.23.55.32 for /example
2019-02-13T15:33:44.726534 Started database query for table users
2019-02-13T15:33:44.038472 Completed database query for table users
2019-02-13T15:33:43.234543 Received request from 102.23.55.32 for /example
2019-02-13T15:33:44.726534 Started database query for table users
2019-02-13T15:33:44.038472 Completed database query for table users
2019-02-13T15:33:43.234543 Received request from 102.23.55.32 for /example
2006-02-13T15:33:44.726534 Started database query for table users
2019-02-13T15:33:44.038472 Completed database query for table users
2019-02-13T15:33:43.234543 Received request from 102.23.55.32 for /example
2009-02-13T15:33:44.726534 Started database query for table users
2019-02-13T15:33:44.038472 Completed database query for table users
2019-02-13T15:33:43.234543 Received request from 102.23.55.32 for /example
2018-02-13T15:33:44.726534 Started database query for table users
2019-02-13T15:33:44.038472 Completed database query for table users
2019-02-13T15:33:43.234543 Received request from 102.23.55.32 for /example
2012-02-13T15:33:44.726534 Started database query for table users
2019-02-13T15:33:44.038472 Completed database query for table users
2019-02-13T15:33:43.234543 Received request from 102.23.55.32 for /example
2019-02-13T15:33:44.726534 Started database query for table users
2019-02-13T15:33:44.038472 Completed database query for table users
2015-02-13T15:33:43.234543 Received request from 102.23.55.32 for /example
2019-02-13T15:33:44.726534 Started database query for table users
2019-02-13T15:33:44.038472 Completed database query for table users
2019-02-13T15:33:43.234543 Received request from 102.23.55.32 for /example
2019-02-13T15:33:44.726534 Started database query for table users
2019-02-13T15:33:44.038472 Completed database query for table users
2019-02-13T15:33:43.234543 Received request from 102.23.55.32 for /example
2019-02-13T15:33:44.726534 Started database query for table users
2019-02-13T15:33:44.038472 Completed database query for table users
2019-02-13T15:33:43.234543 Received request from 102.23.55.32 for /example
2019-02-13T15:33:44.726534 Started database query for table users
2019-02-13T15:33:44.038472 Completed database query for table users
2019-02-13T15:33:43.234543 Received request from 102.23.55.32 for /example
2019-02-13T15:33:44.726534 Started database query for table users
2019-02-13T15:33:44.038472 Completed database query for table users
2019-02-13T15:33:43.234543 Received request from 102.23.55.32 for /example
2019-02-13T15:33:44.726534 Started database query for table users
2019-02-13T15:33:44.038472 Completed database query for table users
2019-02-13T15:33:43.234543 Received request from 102.23.55.32 for /example
2019-02-13T15:33:44.726534 Started database query for table users
2019-02-13T15:33:44.038472 Completed database query for table users
2019-02-13T15:33:43.234543 Received request from 102.23.55.32 for /example
2019-02-13T15:33:44.726534 Started database query for table users
2019-02-13T15:33:44.038472 Completed database query for table users
2019-02-13T15:33:43.234543 Received request from 102.23.55.32 for /example
2006-02-13T15:33:44.726534 Started database query for table users
2019-02-13T15:33:44.038472 Completed database query for table users
2019-02-13T15:33:43.234543 Received request from 102.23.55.32 for /example
2009-02-13T15:33:44.726534 Started database query for table users
2019-02-13T15:33:44.038472 Completed database query for table users
2019-02-13T15:33:43.234543 Received request from 102.23.55.32 for /example
2018-02-13T15:33:44.726534 Started database query for table users
2019-02-13T15:33:44.038472 Completed database query for table users
2019-02-13T15:33:43.234543 Received request from 102.23.55.32 for /example
2012-02-13T15:33:44.726534 Started database query for table users
2019-02-13T15:33:44.038472 Completed database query for table users
2019-02-13T15:33:43.234543 Received request from 102.23.55.32 for /example
2019-02-13T15:33:44.726534 Started database query for table users
2019-02-13T15:33:44.038472 Completed database query for table users
2015-02-13T15:33:43.234543 Received request from 102.23.55.32 for /example
2019-02-13T15:33:44.726534 Started database query for table users
2019-02-13T15:33:44.038472 Completed database query for table users
2019-02-13T15:33:43.234543 Received request from 102.23.55.32 for /example
2019-02-13T15:33:44.726534 Started database query for table users
2019-02-13T15:33:44.038472 Completed database query for table users
2019-02-13T15:33:43.234543 Received request from 102.23.55.32 for /example
2019-02-13T15:33:44.726534 Started database query for table users
2019-02-13T15:33:44.038472 Completed database query for table users
2019-02-13T15:33:43.234543 Received request from 102.23.55.32 for /example
2019-02-13T15:33:44.726534 Started database query for table users
2019-02-13T15:33:44.038472 Completed database query for table users
2019-02-13T15:33:43.234543 Received request from 102.23.55.32 for /example
2019-02-13T15:33:44.726534 Started database query for table users
2019-02-13T15:33:44.038472 Completed database query for table users
2019-02-13T15:33:43.234543 Received request from 102.23.55.32 for /example
2019-02-13T15:33:44.726534 Started database query for table users
2019-02-13T15:33:44.038472 Completed database query for table users
2019-02-13T15:33:43.234543 Received request from 102.23.55.32 for /example
2019-02-13T15:33:44.726534 Started database query for table users
2019-02-13T15:33:44.038472 Completed database query for table users
2019-02-13T15:33:43.234543 Received request from 102.23.55.32 for /example
2019-02-13T15:33:44.726534 Started database query for table users
2019-02-13T15:33:44.038472 Completed database query for table users
2019-02-13T15:33:43.234543 Received request from 102.23.55.32 for /example
2006-02-13T15:33:44.726534 Started database query for table users
2019-02-13T15:33:44.038472 Completed database query for table users
2019-02-13T15:33:43.234543 Received request from 102.23.55.32 for /example
2009-02-13T15:33:44.726534 Started database query for table users
2019-02-13T15:33:44.038472 Completed database query for table users
2019-02-13T15:33:43.234543 Received request from 102.23.55.32 for /example
2018-02-13T15:33:44.726534 Started database query for table users
2019-02-13T15:33:44.038472 Completed database query for table users
2019-02-13T15:33:43.234543 Received request from 102.23.55.32 for /example
2012-02-13T15:33:44.726534 Started database query for table users
2019-02-13T15:33:44.038472 Completed database query for table users
2019-02-13T15:33:43.234543 Received request from 102.23.55.32 for /example
2019-02-13T15:33:44.726534 Started database query for table users
2019-02-13T15:33:44.038472 Completed database query for table users
2015-02-13T15:33:43.234543 Received request from 102.23.55.32 for /example
2019-02-13T15:33:44.726534 Started database query for table users
2019-02-13T15:33:44.038472 Completed database query for table users
2019-02-13T15:33:43.234543 Received request from 102.23.55.32 for /example
2019-02-13T15:33:44.726534 Started database query for table users
2019-02-13T15:33:44.038472 Completed database query for table users
2019-02-13T15:33:43.234543 Received request from 102.23.55.32 for /example
2019-02-13T15:33:44.726534 Started database query for table users
2019-02-13T15:33:44.038472 Completed database query for table users
2019-02-13T15:33:43.234543 Received request from 102.23.55.32 for /example
2019-02-13T15:33:44.726534 Started database query for table users
2019-02-13T15:33:44.038472 Completed database query for table users
2019-02-13T15:33:43.234543 Received request from 102.23.55.32 for /example
2019-02-13T15:33:44.726534 Started database query for table users
2019-02-13T15:33:44.038472 Completed database query for table users
2019-02-13T15:33:43.234543 Received request from 102.23.55.32 for /example
2019-02-13T15:33:44.726534 Started database query for table users
2019-02-13T15:33:44.038472 Completed database query for table users
2019-02-13T15:33:43.234543 Received request from 102.23.55.32 for /example
2019-02-13T15:33:44.726534 Started database query for table users
2019-02-13T15:33:44.038472 Completed database query for table users
2019-02-13T15:33:43.234543 Received request from 102.23.55.32 for /example
2019-02-13T15:33:44.726534 Started database query for table users
2019-02-13T15:33:44.038472 Completed database query for table users
2019-02-13T15:33:43.234543 Received request from 102.23.55.32 for /example
2006-02-13T15:33:44.726534 Started database query for table users
2019-02-13T15:33:44.038472 Completed database query for table users
2019-02-13T15:33:43.234543 Received request from 102.23.55.32 for /example
2009-02-13T15:33:44.726534 Started database query for table users
2019-02-13T15:33:44.038472 Completed database query for table users
2019-02-13T15:33:43.234543 Received request from 102.23.55.32 for /example
2018-02-13T15:33:44.726534 Started database query for table users
2019-02-13T15:33:44.038472 Completed database query for table users
2019-02-13T15:33:43.234543 Received request from 102.23.55.32 for /example
2012-02-13T15:33:44.726534 Started database query for table users
2019-02-13T15:33:44.038472 Completed database query for table users
2019-02-13T15:33:43.234543 Received request from 102.23.55.32 for /example
2019-02-13T15:33:44.726534 Started database query for table users
2019-02-13T15:33:44.038472 Completed database query for table users
2015-02-13T15:33:43.234543 Received request from 102.23.55.32 for /example
2019-02-13T15:33:44.726534 Started database query for table users
2019-02-13T15:33:44.038472 Completed database query for table users
2019-02-13T15:33:43.234543 Received request from 102.23.55.32 for /example
2019-02-13T15:33:44.726534 Started database query for table users
2019-02-13T15:33:44.038472 Completed database query for table users
2019-02-13T15:33:43.234543 Received request from 102.23.55.32 for /example
2019-02-13T15:33:44.726534 Started database query for table users
2019-02-13T15:33:44.038472 Completed database query for table users
2019-02-13T15:33:43.234543 Received request from 102.23.55.32 for /example
2019-02-13T15:33:44.726534 Started database query for table users
2019-02-13T15:33:44.038472 Completed database query for table users
2019-02-13T15:33:43.234543 Received request from 102.23.55.32 for /example
2019-02-13T15:33:44.726534 Started database query for table users
2019-02-13T15:33:44.038472 Completed database query for table users
2019-02-13T15:33:43.234543 Received request from 102.23.55.32 for /example
2019-02-13T15:33:44.726534 Started database query for table users
2019-02-13T15:33:44.038472 Completed database query for table users
2019-02-13T15:33:43.234543 Received request from 102.23.55.32 for /example
2019-02-13T15:33:44.726534 Started database query for table users
2019-02-13T15:33:44.038472 Completed database query for table users
2019-02-13T15:33:43.234543 Received request from 102.23.55.32 for /example
2019-02-13T15:33:44.726534 Started database query for table users
2019-02-13T15:33:44.038472 Completed database query for table users
2019-02-13T15:33:43.234543 Received request from 102.23.55.32 for /example
2006-02-13T15:33:44.726534 Started database query for table users
2019-02-13T15:33:44.038472 Completed database query for table users
2019-02-13T15:33:43.234543 Received request from 102.23.55.32 for /example
2009-02-13T15:33:44.726534 Started database query for table users
2019-02-13T15:33:44.038472 Completed database query for table users
2019-02-13T15:33:43.234543 Received request from 102.23.55.32 for /example
2018-02-13T15:33:44.726534 Started database query for table users
2019-02-13T15:33:44.038472 Completed database query for table users
2019-02-13T15:33:43.234543 Received request from 102.23.55.32 for /example
2012-02-13T15:33:44.726534 Started database query for table users
2019-02-13T15:33:44.038472 Completed database query for table users
2019-02-13T15:33:43.234543 Received request from 102.23.55.32 for /example
2019-02-13T15:33:44.726534 Started database query for table users
2019-02-13T15:33:44.038472 Completed database query for table users
2015-02-13T15:33:43.234543 Received request from 102.23.55.32 for /example
2019-02-13T15:33:44.726534 Started database query for table users
2019-02-13T15:33:44.038472 Completed database query for table users
2019-02-13T15:33:43.234543 Received request from 102.23.55.32 for /example
2019-02-13T15:33:44.726534 Started database query for table users
2019-02-13T15:33:44.038472 Completed database query for table users
2019-02-13T15:33:43.234543 Received request from 102.23.55.32 for /example
2019-02-13T15:33:44.726534 Started database query for table users
2019-02-13T15:33:44.038472 Completed database query for table users
2019-02-13T15:33:43.234543 Received request from 102.23.55.32 for /example
2019-02-13T15:33:44.726534 Started database query for table users
2019-02-13T15:33:44.038472 Completed database query for table users
2019-02-13T15:33:43.234543 Received request from 102.23.55.32 for /example
2019-02-13T15:33:44.726534 Started database query for table users
2019-02-13T15:33:44.038472 Completed database query for table users
2019-02-13T15:33:43.234543 Received request from 102.23.55.32 for /example
2019-02-13T15:33:44.726534 Started database query for table users
2019-02-13T15:33:44.038472 Completed database query for table users
2019-02-13T15:33:43.234543 Received request from 102.23.55.32 for /example
2019-02-13T15:33:44.726534 Started database query for table users
2019-02-13T15:33:44.038472 Completed database query for table users
2019-02-13T15:33:43.234543 Received request from 102.23.55.32 for /example
2019-02-13T15:33:44.726534 Started database query for table users
2019-02-13T15:33:44.038472 Completed database query for table users
2019-02-13T15:33:43.234543 Received request from 102.23.55.32 for /example
2006-02-13T15:33:44.726534 Started database query for table users
2019-02-13T15:33:44.038472 Completed database query for table users
2019-02-13T15:33:43.234543 Received request from 102.23.55.32 for /example
2009-02-13T15:33:44.726534 Started database query for table users
2019-02-13T15:33:44.038472 Completed database query for table users
2019-02-13T15:33:43.234543 Received request from 102.23.55.32 for /example
2018-02-13T15:33:44.726534 Started database query for table users
2019-02-13T15:33:44.038472 Completed database query for table users
2019-02-13T15:33:43.234543 Received request from 102.23.55.32 for /example
2012-02-13T15:33:44.726534 Started database query for table users
2019-02-13T15:33:44.038472 Completed database query for table users
2019-02-13T15:33:43.234543 Received request from 102.23.55.32 for /example
2019-02-13T15:33:44.726534 Started database query for table users
2019-02-13T15:33:44.038472 Completed database query for table users
2015-02-13T15:33:43.234543 Received request from 102.23.55.32 for /example
2019-02-13T15:33:44.726534 Started database query for table users
2019-02-13T15:33:44.038472 Completed database query for table users
2019-02-13T15:33:43.234543 Received request from 102.23.55.32 for /example
2019-02-13T15:33:44.726534 Started database query for table users
2019-02-13T15:33:44.038472 Completed database query for table users
2019-02-13T15:33:43.234543 Received request from 102.23.55.32 for /example
2019-02-13T15:33:44.726534 Started database query for table users
2019-02-13T15:33:44.038472 Completed database query for table users
2019-02-13T15:33:43.234543 Received request from 102.23.55.32 for /example
2019-02-13T15:33:44.726534 Started database query for table users
2019-02-13T15:33:44.038472 Completed database query for table users
2019-02-13T15:33:43.234543 Received request from 102.23.55.32 for /example
2019-02-13T15:33:44.726534 Started database query for table users
2019-02-13T15:33:44.038472 Completed database query for table users
2019-02-13T15:33:43.234543 Received request from 102.23.55.32 for /example
2019-02-13T15:33:44.726534 Started database query for table users
2019-02-13T15:33:44.038472 Completed database query for table users
2019-02-13T15:33:43.234543 Received request from 102.23.55.32 for /example
2019-02-13T15:33:44.726534 Started database query for table users
2019-02-13T15:33:44.038472 Completed database query for table users
2019-02-13T15:33:43.234543 Received request from 102.23.55.32 for /example
2019-02-13T15:33:44.726534 Started database query for table users
2019-02-13T15:33:44.038472 Completed database query for table users
2019-02-13T15:33:43.234543 Received request from 102.23.55.32 for /example
2006-02-13T15:33:44.726534 Started database query for table users
2019-02-13T15:33:44.038472 Completed database query for table users
2019-02-13T15:33:43.234543 Received request from 102.23.55.32 for /example
2009-02-13T15:33:44.726534 Started database query for table users
2019-02-13T15:33:44.038472 Completed database query for table users
2019-02-13T15:33:43.234543 Received request from 102.23.55.32 for /example
2018-02-13T15:33:44.726534 Started database query for table users
2019-02-13T15:33:44.038472 Completed database query for table users
2019-02-13T15:33:43.234543 Received request from 102.23.55.32 for /example
2012-02-13T15:33:44.726534 Started database query for table users
2019-02-13T15:33:44.038472 Completed database query for table users
2019-02-13T15:33:43.234543 Received request from 102.23.55.32 for /example
2019-02-13T15:33:44.726534 Started database query for table users
2019-02-13T15:33:44.038472 Completed database query for table users
2015-02-13T15:33:43.234543 Received request from 102.23.55.32 for /example
2019-02-13T15:33:44.726534 Started database query for table users
2019-02-13T15:33:44.038472 Completed database query for table users
2019-02-13T15:33:43.234543 Received request from 102.23.55.32 for /example
2019-02-13T15:33:44.726534 Started database query for table users
2019-02-13T15:33:44.038472 Completed database query for table users
2019-02-13T15:33:43.234543 Received request from 102.23.55.32 for /example
2019-02-13T15:33:44.726534 Started database query for table users
2019-02-13T15:33:44.038472 Completed database query for table users
2019-02-13T15:33:43.234543 Received request from 102.23.55.32 for /example
2019-02-13T15:33:44.726534 Started database query for table users
2019-02-13T15:33:44.038472 Completed database query for table users
2019-02-13T15:33:43.234543 Received request from 102.23.55.32 for /example
2019-02-13T15:33:44.726534 Started database query for table users
2019-02-13T15:33:44.038472 Completed database query for table users
2019-02-13T15:33:43.234543 Received request from 102.23.55.32 for /example
2019-02-13T15:33:44.726534 Started database query for table users
2019-02-13T15:33:44.038472 Completed database query for table users
2019-02-13T15:33:43.234543 Received request from 102.23.55.32 for /example
2019-02-13T15:33:44.726534 Started database query for table users
2019-02-13T15:33:44.038472 Completed database query for table users
2019-02-13T15:33:43.234543 Received request from 102.23.55.32 for /example
2019-02-13T15:33:44.726534 Started database query for table users
2019-02-13T15:33:44.038472 Completed database query for table users
2019-02-13T15:33:43.234543 Received request from 102.23.55.32 for /example
2006-02-13T15:33:44.726534 Started database query for table users
2019-02-13T15:33:44.038472 Completed database query for table users
2019-02-13T15:33:43.234543 Received request from 102.23.55.32 for /example
2009-02-13T15:33:44.726534 Started database query for table users
2019-02-13T15:33:44.038472 Completed database query for table users
2019-02-13T15:33:43.234543 Received request from 102.23.55.32 for /example
2018-02-13T15:33:44.726534 Started database query for table users
2019-02-13T15:33:44.038472 Completed database query for table users
2019-02-13T15:33:43.234543 Received request from 102.23.55.32 for /example
2012-02-13T15:33:44.726534 Started database query for table users
2019-02-13T15:33:44.038472 Completed database query for table users
2019-02-13T15:33:43.234543 Received request from 102.23.55.32 for /example
2019-02-13T15:33:44.726534 Started database query for table users
2019-02-13T15:33:44.038472 Completed database query for table users
2015-02-13T15:33:43.234543 Received request from 102.23.55.32 for /example
2019-02-13T15:33:44.726534 Started database query for table users
2019-02-13T15:33:44.038472 Completed database query for table users
2019-02-13T15:33:43.234543 Received request from 102.23.55.32 for /example
2019-02-13T15:33:44.726534 Started database query for table users
2019-02-13T15:33:44.038472 Completed database query for table users
2019-02-13T15:33:43.234543 Received request from 102.23.55.32 for /example
2019-02-13T15:33:44.726534 Started database query for table users
2019-02-13T15:33:44.038472 Completed database query for table users
2019-02-13T15:33:43.234543 Received request from 102.23.55.32 for /example
2019-02-13T15:33:44.726534 Started database query for table users
2019-02-13T15:33:44.038472 Completed database query for table users
2019-02-13T15:33:43.234543 Received request from 102.23.55.32 for /example
2019-02-13T15:33:44.726534 Started database query for table users
2019-02-13T15:33:44.038472 Completed database query for table users
2019-02-13T15:33:43.234543 Received request from 102.23.55.32 for /example
2019-02-13T15:33:44.726534 Started database query for table users
2019-02-13T15:33:44.038472 Completed database query for table users
2019-02-13T15:33:43.234543 Received request from 102.23.55.32 for /example
2019-02-13T15:33:44.726534 Started database query for table users
2019-02-13T15:33:44.038472 Completed database query for table users
2019-02-13T15:33:43.234543 Received request from 102.23.55.32 for /example
2019-02-13T15:33:44.726534 Started database query for table users
2019-02-13T15:33:44.038472 Completed database query for table users
2019-02-13T15:33:43.234543 Received request from 102.23.55.32 for /example
2006-02-13T15:33:44.726534 Started database query for table users
2019-02-13T15:33:44.038472 Completed database query for table users
2019-02-13T15:33:43.234543 Received request from 102.23.55.32 for /example
2009-02-13T15:33:44.726534 Started database query for table users
2019-02-13T15:33:44.038472 Completed database query for table users
2019-02-13T15:33:43.234543 Received request from 102.23.55.32 for /example
2018-02-13T15:33:44.726534 Started database query for table users
2019-02-13T15:33:44.038472 Completed database query for table users
2019-02-13T15:33:43.234543 Received request from 102.23.55.32 for /example
2012-02-13T15:33:44.726534 Started database query for table users
2019-02-13T15:33:44.038472 Completed database query for table users
2019-02-13T15:33:43.234543 Received request from 102.23.55.32 for /example
2019-02-13T15:33:44.726534 Started database query for table users
2019-02-13T15:33:44.038472 Completed database query for table users
2015-02-13T15:33:43.234543 Received request from 102.23.55.32 for /example
2019-02-13T15:33:44.726534 Started database query for table users
2019-02-13T15:33:44.038472 Completed database query for table users
2019-02-13T15:33:43.234543 Received request from 102.23.55.32 for /example
2019-02-13T15:33:44.726534 Started database query for table users
2019-02-13T15:33:44.038472 Completed database query for table users
2019-02-13T15:33:43.234543 Received request from 102.23.55.32 for /example
2019-02-13T15:33:44.726534 Started database query for table users
2019-02-13T15:33:44.038472 Completed database query for table users
2019-02-13T15:33:43.234543 Received request from 102.23.55.32 for /example
2019-02-13T15:33:44.726534 Started database query for table users
2019-02-13T15:33:44.038472 Completed database query for table users
2019-02-13T15:33:43.234543 Received request from 102.23.55.32 for /example
2019-02-13T15:33:44.726534 Started database query for table users
2019-02-13T15:33:44.038472 Completed database query for table users
2019-02-13T15:33:43.234543 Received request from 102.23.55.32 for /example
2019-02-13T15:33:44.726534 Started database query for table users
2019-02-13T15:33:44.038472 Completed database query for table users
2019-02-13T15:33:43.234543 Received request from 102.23.55.32 for /example
2019-02-13T15:33:44.726534 Started database query for table users
2019-02-13T15:33:44.038472 Completed database query for table users
2019-02-13T15:33:43.234543 Received request from 102.23.55.32 for /example
2019-02-13T15:33:44.726534 Started database query for table users
2019-02-13T15:33:44.038472 Completed database query for table users
2019-02-13T15:33:43.234543 Received request from 102.23.55.32 for /example
2006-02-13T15:33:44.726534 Started database query for table users
2019-02-13T15:33:44.038472 Completed database query for table users
2019-02-13T15:33:43.234543 Received request from 102.23.55.32 for /example
2009-02-13T15:33:44.726534 Started database query for table users
2019-02-13T15:33:44.038472 Completed database query for table users
2019-02-13T15:33:43.234543 Received request from 102.23.55.32 for /example
2018-02-13T15:33:44.726534 Started database query for table users
2019-02-13T15:33:44.038472 Completed database query for table users
2019-02-13T15:33:43.234543 Received request from 102.23.55.32 for /example
2012-02-13T15:33:44.726534 Started database query for table users
2019-02-13T15:33:44.038472 Completed database query for table users
2019-02-13T15:33:43.234543 Received request from 102.23.55.32 for /example
2019-02-13T15:33:44.726534 Started database query for table users
2019-02-13T15:33:44.038472 Completed database query for table users
2015-02-13T15:33:43.234543 Received request from 102.23.55.32 for /example
2019-02-13T15:33:44.726534 Started database query for table users
2019-02-13T15:33:44.038472 Completed database query for table users
2019-02-13T15:33:43.234543 Received request from 102.23.55.32 for /example
2019-02-13T15:33:44.726534 Started database query for table users
2019-02-13T15:33:44.038472 Completed database query for table users
2019-02-13T15:33:43.234543 Received request from 102.23.55.32 for /example
2019-02-13T15:33:44.726534 Started database query for table users
2019-02-13T15:33:44.038472 Completed database query for table users
2019-02-13T15:33:43.234543 Received request from 102.23.55.32 for /example
2019-02-13T15:33:44.726534 Started database query for table users
2019-02-13T15:33:44.038472 Completed database query for table users
2019-02-13T15:33:43.234543 Received request from 102.23.55.32 for /example
2019-02-13T15:33:44.726534 Started database query for table users
2019-02-13T15:33:44.038472 Completed database query for table users
2019-02-13T15:33:43.234543 Received request from 102.23.55.32 for /example
2019-02-13T15:33:44.726534 Started database query for table users
2019-02-13T15:33:44.038472 Completed database query for table users
2019-02-13T15:33:43.234543 Received request from 102.23.55.32 for /example
2019-02-13T15:33:44.726534 Started database query for table users
2019-02-13T15:33:44.038472 Completed database query for table users
2019-02-13T15:33:43.234543 Received request from 102.23.55.32 for /example
2019-02-13T15:33:44.726534 Started database query for table users
2019-02-13T15:33:44.038472 Completed database query for table users
2019-02-13T15:33:43.234543 Received request from 102.23.55.32 for /example
2006-02-13T15:33:44.726534 Started database query for table users
2019-02-13T15:33:44.038472 Completed database query for table users
2019-02-13T15:33:43.234543 Received request from 102.23.55.32 for /example
2009-02-13T15:33:44.726534 Started database query for table users
2019-02-13T15:33:44.038472 Completed database query for table users
2019-02-13T15:33:43.234543 Received request from 102.23.55.32 for /example
2018-02-13T15:33:44.726534 Started database query for table users
2019-02-13T15:33:44.038472 Completed database query for table users
2019-02-13T15:33:43.234543 Received request from 102.23.55.32 for /example
2012-02-13T15:33:44.726534 Started database query for table users
2019-02-13T15:33:44.038472 Completed database query for table users
2019-02-13T15:33:43.234543 Received request from 102.23.55.32 for /example
2019-02-13T15:33:44.726534 Started database query for table users
2019-02-13T15:33:44.038472 Completed database query for table users
2015-02-13T15:33:43.234543 Received request from 102.23.55.32 for /example
2019-02-13T15:33:44.726534 Started database query for table users
2019-02-13T15:33:44.038472 Completed database query for table users
2019-02-13T15:33:43.234543 Received request from 102.23.55.32 for /example
2019-02-13T15:33:44.726534 Started database query for table users
2019-02-13T15:33:44.038472 Completed database query for table users
2019-02-13T15:33:43.234543 Received request from 102.23.55.32 for /example
2019-02-13T15:33:44.726534 Started database query for table users
2019-02-13T15:33:44.038472 Completed database query for table users
2019-02-13T15:33:43.234543 Received request from 102.23.55.32 for /example
2019-02-13T15:33:44.726534 Started database query for table users
2019-02-13T15:33:44.038472 Completed database query for table users
2019-02-13T15:33:43.234543 Received request from 102.23.55.32 for /example
2019-02-13T15:33:44.726534 Started database query for table users
2019-02-13T15:33:44.038472 Completed database query for table users
2019-02-13T15:33:43.234543 Received request from 102.23.55.32 for /example
2019-02-13T15:33:44.726534 Started database query for table users
2019-02-13T15:33:44.038472 Completed database query for table users
2019-02-13T15:33:43.234543 Received request from 102.23.55.32 for /example
2019-02-13T15:33:44.726534 Started database query for table users
2019-02-13T15:33:44.038472 Completed database query for table users
2019-02-13T15:33:43.234543 Received request from 102.23.55.32 for /example
2019-02-13T15:33:44.726534 Started database query for table users
2019-02-13T15:33:44.038472 Completed database query for table users
2019-02-13T15:33:43.234543 Received request from 102.23.55.32 for /example
2006-02-13T15:33:44.726534 Started database query for table users
2019-02-13T15:33:44.038472 Completed database query for table users
2019-02-13T15:33:43.234543 Received request from 102.23.55.32 for /example
2009-02-13T15:33:44.726534 Started database query for table users
2019-02-13T15:33:44.038472 Completed database query for table users
2019-02-13T15:33:43.234543 Received request from 102.23.55.32 for /example
2018-02-13T15:33:44.726534 Started database query for table users
2019-02-13T15:33:44.038472 Completed database query for table users
2019-02-13T15:33:43.234543 Received request from 102.23.55.32 for /example
2012-02-13T15:33:44.726534 Started database query for table users
2019-02-13T15:33:44.038472 Completed database query for table users
2019-02-13T15:33:43.234543 Received request from 102.23.55.32 for /example
2019-02-13T15:33:44.726534 Started database query for table users
2019-02-13T15:33:44.038472 Completed database query for table users
2015-02-13T15:33:43.234543 Received request from 102.23.55.32 for /example
2019-02-13T15:33:44.726534 Started database query for table users
2019-02-13T15:33:44.038472 Completed database query for table users
2019-02-13T15:33:43.234543 Received request from 102.23.55.32 for /example
2019-02-13T15:33:44.726534 Started database query for table users
2019-02-13T15:33:44.038472 Completed database query for table users
2019-02-13T15:33:43.234543 Received request from 102.23.55.32 for /example
2019-02-13T15:33:44.726534 Started database query for table users
2019-02-13T15:33:44.038472 Completed database query for table users
2019-02-13T15:33:43.234543 Received request from 102.23.55.32 for /example
2019-02-13T15:33:44.726534 Started database query for table users
2019-02-13T15:33:44.038472 Completed database query for table users
2019-02-13T15:33:43.234543 Received request from 102.23.55.32 for /example
2019-02-13T15:33:44.726534 Started database query for table users
2019-02-13T15:33:44.038472 Completed database query for table users
2019-02-13T15:33:43.234543 Received request from 102.23.55.32 for /example
2019-02-13T15:33:44.726534 Started database query for table users
2019-02-13T15:33:44.038472 Completed database query for table users
2019-02-13T15:33:43.234543 Received request from 102.23.55.32 for /example
2019-02-13T15:33:44.726534 Started database query for table users
2019-02-13T15:33:44.038472 Completed database query for table users
2019-02-13T15:33:43.234543 Received request from 102.23.55.32 for /example
2019-02-13T15:33:44.726534 Started database query for table users
2019-02-13T15:33:44.038472 Completed database query for table users
2019-02-13T15:33:43.234543 Received request from 102.23.55.32 for /example
2006-02-13T15:33:44.726534 Started database query for table users
2019-02-13T15:33:44.038472 Completed database query for table users
2019-02-13T15:33:43.234543 Received request from 102.23.55.32 for /example
2009-02-13T15:33:44.726534 Started database query for table users
2019-02-13T15:33:44.038472 Completed database query for table users
2019-02-13T15:33:43.234543 Received request from 102.23.55.32 for /example
2018-02-13T15:33:44.726534 Started database query for table users
2019-02-13T15:33:44.038472 Completed database query for table users
2019-02-13T15:33:43.234543 Received request from 102.23.55.32 for /example
2012-02-13T15:33:44.726534 Started database query for table users
2019-02-13T15:33:44.038472 Completed database query for table users
2019-02-13T15:33:43.234543 Received request from 102.23.55.32 for /example
2019-02-13T15:33:44.726534 Started database query for table users
2019-02-13T15:33:44.038472 Completed database query for table users
2015-02-13T15:33:43.234543 Received request from 102.23.55.32 for /example
2019-02-13T15:33:44.726534 Started database query for table users
2019-02-13T15:33:44.038472 Completed database query for table users
2019-02-13T15:33:43.234543 Received request from 102.23.55.32 for /example
2019-02-13T15:33:44.726534 Started database query for table users
2019-02-13T15:33:44.038472 Completed database query for table users
2019-02-13T15:33:43.234543 Received request from 102.23.55.32 for /example
2019-02-13T15:33:44.726534 Started database query for table users
2019-02-13T15:33:44.038472 Completed database query for table users
2019-02-13T15:33:43.234543 Received request from 102.23.55.32 for /example
2019-02-13T15:33:44.726534 Started database query for table users
2019-02-13T15:33:44.038472 Completed database query for table users
2019-02-13T15:33:43.234543 Received request from 102.23.55.32 for /example
2019-02-13T15:33:44.726534 Started database query for table users
2019-02-13T15:33:44.038472 Completed database query for table users
2019-02-13T15:33:43.234543 Received request from 102.23.55.32 for /example
2019-02-13T15:33:44.726534 Started database query for table users
2019-02-13T15:33:44.038472 Completed database query for table users
2019-02-13T15:33:43.234543 Received request from 102.23.55.32 for /example
2019-02-13T15:33:44.726534 Started database query for table users
2019-02-13T15:33:44.038472 Completed database query for table users
2019-02-13T15:33:43.234543 Received request from 102.23.55.32 for /example
2019-02-13T15:33:44.726534 Started database query for table users
2019-02-13T15:33:44.038472 Completed database query for table users
2019-02-13T15:33:43.234543 Received request from 102.23.55.32 for /example
2006-02-13T15:33:44.726534 Started database query for table users
2019-02-13T15:33:44.038472 Completed database query for table users
2019-02-13T15:33:43.234543 Received request from 102.23.55.32 for /example
2009-02-13T15:33:44.726534 Started database query for table users
2019-02-13T15:33:44.038472 Completed database query for table users
2019-02-13T15:33:43.234543 Received request from 102.23.55.32 for /example
2018-02-13T15:33:44.726534 Started database query for table users
2019-02-13T15:33:44.038472 Completed database query for table users
2019-02-13T15:33:43.234543 Received request from 102.23.55.32 for /example
2012-02-13T15:33:44.726534 Started database query for table users
2019-02-13T15:33:44.038472 Completed database query for table users
2019-02-13T15:33:43.234543 Received request from 102.23.55.32 for /example
2019-02-13T15:33:44.726534 Started database query for table users
2019-02-13T15:33:44.038472 Completed database query for table users
2015-02-13T15:33:43.234543 Received request from 102.23.55.32 for /example
2019-02-13T15:33:44.726534 Started database query for table users
2019-02-13T15:33:44.038472 Completed database query for table users
2019-02-13T15:33:43.234543 Received request from 102.23.55.32 for /example
2019-02-13T15:33:44.726534 Started database query for table users
2019-02-13T15:33:44.038472 Completed database query for table users
2019-02-13T15:33:43.234543 Received request from 102.23.55.32 for /example
2019-02-13T15:33:44.726534 Started database query for table users
2019-02-13T15:33:44.038472 Completed database query for table users
2019-02-13T15:33:43.234543 Received request from 102.23.55.32 for /example
2019-02-13T15:33:44.726534 Started database query for table users
2019-02-13T15:33:44.038472 Completed database query for table users
2019-02-13T15:33:43.234543 Received request from 102.23.55.32 for /example
2019-02-13T15:33:44.726534 Started database query for table users
2019-02-13T15:33:44.038472 Completed database query for table users
2019-02-13T15:33:43.234543 Received request from 102.23.55.32 for /example
2019-02-13T15:33:44.726534 Started database query for table users
2019-02-13T15:33:44.038472 Completed database query for table users
2019-02-13T15:33:43.234543 Received request from 102.23.55.32 for /example
2019-02-13T15:33:44.726534 Started database query for table users
2019-02-13T15:33:44.038472 Completed database query for table users
2019-02-13T15:33:43.234543 Received request from 102.23.55.32 for /example
2019-02-13T15:33:44.726534 Started database query for table users
2019-02-13T15:33:44.038472 Completed database query for table users
2019-02-13T15:33:43.234543 Received request from 102.23.55.32 for /example
2006-02-13T15:33:44.726534 Started database query for table users
2019-02-13T15:33:44.038472 Completed database query for table users
2019-02-13T15:33:43.234543 Received request from 102.23.55.32 for /example
2009-02-13T15:33:44.726534 Started database query for table users
2019-02-13T15:33:44.038472 Completed database query for table users
2019-02-13T15:33:43.234543 Received request from 102.23.55.32 for /example
2018-02-13T15:33:44.726534 Started database query for table users
2019-02-13T15:33:44.038472 Completed database query for table users
2019-02-13T15:33:43.234543 Received request from 102.23.55.32 for /example
2012-02-13T15:33:44.726534 Started database query for table users
2019-02-13T15:33:44.038472 Completed database query for table users
2019-02-13T15:33:43.234543 Received request from 102.23.55.32 for /example
2019-02-13T15:33:44.726534 Started database query for table users
2019-02-13T15:33:44.038472 Completed database query for table users
2015-02-13T15:33:43.234543 Received request from 102.23.55.32 for /example
2019-02-13T15:33:44.726534 Started database query for table users
2019-02-13T15:33:44.038472 Completed database query for table users
2019-02-13T15:33:43.234543 Received request from 102.23.55.32 for /example
2019-02-13T15:33:44.726534 Started database query for table users
2019-02-13T15:33:44.038472 Completed database query for table users
2019-02-13T15:33:43.234543 Received request from 102.23.55.32 for /example
2019-02-13T15:33:44.726534 Started database query for table users
2019-02-13T15:33:44.038472 Completed database query for table users
2019-02-13T15:33:43.234543 Received request from 102.23.55.32 for /example
2019-02-13T15:33:44.726534 Started database query for table users
2019-02-13T15:33:44.038472 Completed database query for table users
2019-02-13T15:33:43.234543 Received request from 102.23.55.32 for /example
2019-02-13T15:33:44.726534 Started database query for table users
2019-02-13T15:33:44.038472 Completed database query for table users
2019-02-13T15:33:43.234543 Received request from 102.23.55.32 for /example
2019-02-13T15:33:44.726534 Started database query for table users
2019-02-13T15:33:44.038472 Completed database query for table users
2019-02-13T15:33:43.234543 Received request from 102.23.55.32 for /example
2019-02-13T15:33:44.726534 Started database query for table users
2019-02-13T15:33:44.038472 Completed database query for table users
2019-02-13T15:33:43.234543 Received request from 102.23.55.32 for /example
2019-02-13T15:33:44.726534 Started database query for table users
2019-02-13T15:33:44.038472 Completed database query for table users
2019-02-13T15:33:43.234543 Received request from 102.23.55.32 for /example
2006-02-13T15:33:44.726534 Started database query for table users
2019-02-13T15:33:44.038472 Completed database query for table users
2019-02-13T15:33:43.234543 Received request from 102.23.55.32 for /example
2009-02-13T15:33:44.726534 Started database query for table users
2019-02-13T15:33:44.038472 Completed database query for table users
2019-02-13T15:33:43.234543 Received request from 102.23.55.32 for /example
2018-02-13T15:33:44.726534 Started database query for table users
2019-02-13T15:33:44.038472 Completed database query for table users
2019-02-13T15:33:43.234543 Received request from 102.23.55.32 for /example
2012-02-13T15:33:44.726534 Started database query for table users
2019-02-13T15:33:44.038472 Completed database query for table users
2019-02-13T15:33:43.234543 Received request from 102.23.55.32 for /example
2019-02-13T15:33:44.726534 Started database query for table users
2019-02-13T15:33:44.038472 Completed database query for table users
2015-02-13T15:33:43.234543 Received request from 102.23.55.32 for /example
2019-02-13T15:33:44.726534 Started database query for table users
2019-02-13T15:33:44.038472 Completed database query for table users
2019-02-13T15:33:43.234543 Received request from 102.23.55.32 for /example
2019-02-13T15:33:44.726534 Started database query for table users
2019-02-13T15:33:44.038472 Completed database query for table users
2019-02-13T15:33:43.234543 Received request from 102.23.55.32 for /example
2019-02-13T15:33:44.726534 Started database query for table users
2019-02-13T15:33:44.038472 Completed database query for table users
2019-02-13T15:33:43.234543 Received request from 102.23.55.32 for /example
2019-02-13T15:33:44.726534 Started database query for table users
2019-02-13T15:33:44.038472 Completed database query for table users
2019-02-13T15:33:43.234543 Received request from 102.23.55.32 for /example
2019-02-13T15:33:44.726534 Started database query for table users
2019-02-13T15:33:44.038472 Completed database query for table users
2019-02-13T15:33:43.234543 Received request from 102.23.55.32 for /example
2019-02-13T15:33:44.726534 Started database query for table users
2019-02-13T15:33:44.038472 Completed database query for table users
2019-02-13T15:33:43.234543 Received request from 102.23.55.32 for /example
2019-02-13T15:33:44.726534 Started database query for table users
2019-02-13T15:33:44.038472 Completed database query for table users
2019-02-13T15:33:43.234543 Received request from 102.23.55.32 for /example
2019-02-13T15:33:44.726534 Started database query for table users
2019-02-13T15:33:44.038472 Completed database query for table users
2019-02-13T15:33:43.234543 Received request from 102.23.55.32 for /example
2006-02-13T15:33:44.726534 Started database query for table users
2019-02-13T15:33:44.038472 Completed database query for table users
2019-02-13T15:33:43.234543 Received request from 102.23.55.32 for /example
2009-02-13T15:33:44.726534 Started database query for table users
2019-02-13T15:33:44.038472 Completed database query for table users
2019-02-13T15:33:43.234543 Received request from 102.23.55.32 for /example
2018-02-13T15:33:44.726534 Started database query for table users
2019-02-13T15:33:44.038472 Completed database query for table users
2019-02-13T15:33:43.234543 Received request from 102.23.55.32 for /example
2012-02-13T15:33:44.726534 Started database query for table users
2019-02-13T15:33:44.038472 Completed database query for table users
2019-02-13T15:33:43.234543 Received request from 102.23.55.32 for /example
2019-02-13T15:33:44.726534 Started database query for table users
2019-02-13T15:33:44.038472 Completed database query for table users
2015-02-13T15:33:43.234543 Received request from 102.23.55.32 for /example
2019-02-13T15:33:44.726534 Started database query for table users
2019-02-13T15:33:44.038472 Completed database query for table users
2019-02-13T15:33:43.234543 Received request from 102.23.55.32 for /example
2019-02-13T15:33:44.726534 Started database query for table users
2019-02-13T15:33:44.038472 Completed database query for table users
2019-02-13T15:33:43.234543 Received request from 102.23.55.32 for /example
2019-02-13T15:33:44.726534 Started database query for table users
2019-02-13T15:33:44.038472 Completed database query for table users
2019-02-13T15:33:43.234543 Received request from 102.23.55.32 for /example
2019-02-13T15:33:44.726534 Started database query for table users
2019-02-13T15:33:44.038472 Completed database query for table users
2019-02-13T15:33:43.234543 Received request from 102.23.55.32 for /example
2019-02-13T15:33:44.726534 Started database query for table users
2019-02-13T15:33:44.038472 Completed database query for table users
2019-02-13T15:33:43.234543 Received request from 102.23.55.32 for /example
2019-02-13T15:33:44.726534 Started database query for table users
2019-02-13T15:33:44.038472 Completed database query for table users
2019-02-13T15:33:43.234543 Received request from 102.23.55.32 for /example
2019-02-13T15:33:44.726534 Started database query for table users
2019-02-13T15:33:44.038472 Completed database query for table users
2019-02-13T15:33:43.234543 Received request from 102.23.55.32 for /example
2019-02-13T15:33:44.726534 Started database query for table users
2019-02-13T15:33:44.038472 Completed database query for table users
2019-02-13T15:33:43.234543 Received request from 102.23.55.32 for /example
2006-02-13T15:33:44.726534 Started database query for table users
2019-02-13T15:33:44.038472 Completed database query for table users
2019-02-13T15:33:43.234543 Received request from 102.23.55.32 for /example
2009-02-13T15:33:44.726534 Started database query for table users
2019-02-13T15:33:44.038472 Completed database query for table users
2019-02-13T15:33:43.234543 Received request from 102.23.55.32 for /example
2018-02-13T15:33:44.726534 Started database query for table users
2019-02-13T15:33:44.038472 Completed database query for table users
2019-02-13T15:33:43.234543 Received request from 102.23.55.32 for /example
2012-02-13T15:33:44.726534 Started database query for table users
2019-02-13T15:33:44.038472 Completed database query for table users
2019-02-13T15:33:43.234543 Received request from 102.23.55.32 for /example
2019-02-13T15:33:44.726534 Started database query for table users
2019-02-13T15:33:44.038472 Completed database query for table users
2015-02-13T15:33:43.234543 Received request from 102.23.55.32 for /example
2019-02-13T15:33:44.726534 Started database query for table users
2019-02-13T15:33:44.038472 Completed database query for table users
2019-02-13T15:33:43.234543 Received request from 102.23.55.32 for /example
2019-02-13T15:33:44.726534 Started database query for table users
2019-02-13T15:33:44.038472 Completed database query for table users
2019-02-13T15:33:43.234543 Received request from 102.23.55.32 for /example
2019-02-13T15:33:44.726534 Started database query for table users
2019-02-13T15:33:44.038472 Completed database query for table users
2019-02-13T15:33:43.234543 Received request from 102.23.55.32 for /example
2019-02-13T15:33:44.726534 Started database query for table users
2019-02-13T15:33:44.038472 Completed database query for table users
2019-02-13T15:33:43.234543 Received request from 102.23.55.32 for /example
2019-02-13T15:33:44.726534 Started database query for table users
2019-02-13T15:33:44.038472 Completed database query for table users
2019-02-13T15:33:43.234543 Received request from 102.23.55.32 for /example
2019-02-13T15:33:44.726534 Started database query for table users
2019-02-13T15:33:44.038472 Completed database query for table users
2019-02-13T15:33:43.234543 Received request from 102.23.55.32 for /example
2019-02-13T15:33:44.726534 Started database query for table users
2019-02-13T15:33:44.038472 Completed database query for table users
2019-02-13T15:33:43.234543 Received request from 102.23.55.32 for /example
2019-02-13T15:33:44.726534 Started database query for table users
2019-02-13T15:33:44.038472 Completed database query for table users
2019-02-13T15:33:43.234543 Received request from 102.23.55.32 for /example
2006-02-13T15:33:44.726534 Started database query for table users
2019-02-13T15:33:44.038472 Completed database query for table users
2019-02-13T15:33:43.234543 Received request from 102.23.55.32 for /example
2009-02-13T15:33:44.726534 Started database query for table users
2019-02-13T15:33:44.038472 Completed database query for table users
2019-02-13T15:33:43.234543 Received request from 102.23.55.32 for /example
2018-02-13T15:33:44.726534 Started database query for table users
2019-02-13T15:33:44.038472 Completed database query for table users
2019-02-13T15:33:43.234543 Received request from 102.23.55.32 for /example
2012-02-13T15:33:44.726534 Started database query for table users
2019-02-13T15:33:44.038472 Completed database query for table users
2019-02-13T15:33:43.234543 Received request from 102.23.55.32 for /example
2019-02-13T15:33:44.726534 Started database query for table users
2019-02-13T15:33:44.038472 Completed database query for table users
2015-02-13T15:33:43.234543 Received request from 102.23.55.32 for /example
2019-02-13T15:33:44.726534 Started database query for table users
2019-02-13T15:33:44.038472 Completed database query for table users
2019-02-13T15:33:43.234543 Received request from 102.23.55.32 for /example
2019-02-13T15:33:44.726534 Started database query for table users
2019-02-13T15:33:44.038472 Completed database query for table users
2019-02-13T15:33:43.234543 Received request from 102.23.55.32 for /example
2019-02-13T15:33:44.726534 Started database query for table users
2019-02-13T15:33:44.038472 Completed database query for table users
2019-02-13T15:33:43.234543 Received request from 102.23.55.32 for /example
2019-02-13T15:33:44.726534 Started database query for table users
2019-02-13T15:33:44.038472 Completed database query for table users
2019-02-13T15:33:43.234543 Received request from 102.23.55.32 for /example
2019-02-13T15:33:44.726534 Started database query for table users
2019-02-13T15:33:44.038472 Completed database query for table users
2019-02-13T15:33:43.234543 Received request from 102.23.55.32 for /example
2019-02-13T15:33:44.726534 Started database query for table users
2019-02-13T15:33:44.038472 Completed database query for table users
2019-02-13T15:33:43.234543 Received request from 102.23.55.32 for /example
2019-02-13T15:33:44.726534 Started database query for table users
2019-02-13T15:33:44.038472 Completed database query for table users
2019-02-13T15:33:43.234543 Received request from 102.23.55.32 for /example
2019-02-13T15:33:44.726534 Started database query for table users
2019-02-13T15:33:44.038472 Completed database query for table users
2019-02-13T15:33:43.234543 Received request from 102.23.55.32 for /example
2006-02-13T15:33:44.726534 Started database query for table users
2019-02-13T15:33:44.038472 Completed database query for table users
2019-02-13T15:33:43.234543 Received request from 102.23.55.32 for /example
2009-02-13T15:33:44.726534 Started database query for table users
2019-02-13T15:33:44.038472 Completed database query for table users
2019-02-13T15:33:43.234543 Received request from 102.23.55.32 for /example
2018-02-13T15:33:44.726534 Started database query for table users
2019-02-13T15:33:44.038472 Completed database query for table users
2019-02-13T15:33:43.234543 Received request from 102.23.55.32 for /example
2012-02-13T15:33:44.726534 Started database query for table users
2019-02-13T15:33:44.038472 Completed database query for table users
2019-02-13T15:33:43.234543 Received request from 102.23.55.32 for /example
2019-02-13T15:33:44.726534 Started database query for table users
2019-02-13T15:33:44.038472 Completed database query for table users
2015-02-13T15:33:43.234543 Received request from 102.23.55.32 for /example
2019-02-13T15:33:44.726534 Started database query for table users
2019-02-13T15:33:44.038472 Completed database query for table users
2019-02-13T15:33:43.234543 Received request from 102.23.55.32 for /example
2019-02-13T15:33:44.726534 Started database query for table users
2019-02-13T15:33:44.038472 Completed database query for table users
2019-02-13T15:33:43.234543 Received request from 102.23.55.32 for /example
2019-02-13T15:33:44.726534 Started database query for table users
2019-02-13T15:33:44.038472 Completed database query for table users
2019-02-13T15:33:43.234543 Received request from 102.23.55.32 for /example
2019-02-13T15:33:44.726534 Started database query for table users
2019-02-13T15:33:44.038472 Completed database query for table users
2019-02-13T15:33:43.234543 Received request from 102.23.55.32 for /example
2019-02-13T15:33:44.726534 Started database query for table users
2019-02-13T15:33:44.038472 Completed database query for table users
2019-02-13T15:33:43.234543 Received request from 102.23.55.32 for /example
2019-02-13T15:33:44.726534 Started database query for table users
2019-02-13T15:33:44.038472 Completed database query for table users
2019-02-13T15:33:43.234543 Received request from 102.23.55.32 for /example
2019-02-13T15:33:44.726534 Started database query for table users
2019-02-13T15:33:44.038472 Completed database query for table users
2019-02-13T15:33:43.234543 Received request from 102.23.55.32 for /example
2019-02-13T15:33:44.726534 Started database query for table users
2019-02-13T15:33:44.038472 Completed database query for table users
2019-02-13T15:33:43.234543 Received request from 102.23.55.32 for /example
2006-02-13T15:33:44.726534 Started database query for table users
2019-02-13T15:33:44.038472 Completed database query for table users
2019-02-13T15:33:43.234543 Received request from 102.23.55.32 for /example
2009-02-13T15:33:44.726534 Started database query for table users
2019-02-13T15:33:44.038472 Completed database query for table users
2019-02-13T15:33:43.234543 Received request from 102.23.55.32 for /example
2018-02-13T15:33:44.726534 Started database query for table users
2019-02-13T15:33:44.038472 Completed database query for table users
2019-02-13T15:33:43.234543 Received request from 102.23.55.32 for /example
2012-02-13T15:33:44.726534 Started database query for table users
2019-02-13T15:33:44.038472 Completed database query for table users
2019-02-13T15:33:43.234543 Received request from 102.23.55.32 for /example
2019-02-13T15:33:44.726534 Started database query for table users
2019-02-13T15:33:44.038472 Completed database query for table users
2015-02-13T15:33:43.234543 Received request from 102.23.55.32 for /example
2019-02-13T15:33:44.726534 Started database query for table users
2019-02-13T15:33:44.038472 Completed database query for table users
2019-02-13T15:33:43.234543 Received request from 102.23.55.32 for /example
2019-02-13T15:33:44.726534 Started database query for table users
2019-02-13T15:33:44.038472 Completed database query for table users
2019-02-13T15:33:43.234543 Received request from 102.23.55.32 for /example
2019-02-13T15:33:44.726534 Started database query for table users
2019-02-13T15:33:44.038472 Completed database query for table users
2019-02-13T15:33:43.234543 Received request from 102.23.55.32 for /example
2019-02-13T15:33:44.726534 Started database query for table users
2019-02-13T15:33:44.038472 Completed database query for table users
2019-02-13T15:33:43.234543 Received request from 102.23.55.32 for /example
2019-02-13T15:33:44.726534 Started database query for table users
2019-02-13T15:33:44.038472 Completed database query for table users
2019-02-13T15:33:43.234543 Received request from 102.23.55.32 for /example
2019-02-13T15:33:44.726534 Started database query for table users
2019-02-13T15:33:44.038472 Completed database query for table users
2019-02-13T15:33:43.234543 Received request from 102.23.55.32 for /example
2019-02-13T15:33:44.726534 Started database query for table users
2019-02-13T15:33:44.038472 Completed database query for table users
2019-02-13T15:33:43.234543 Received request from 102.23.55.32 for /example
2019-02-13T15:33:44.726534 Started database query for table users
2019-02-13T15:33:44.038472 Completed database query for table users
2019-02-13T15:33:43.234543 Received request from 102.23.55.32 for /example
2006-02-13T15:33:44.726534 Started database query for table users
2019-02-13T15:33:44.038472 Completed database query for table users
2019-02-13T15:33:43.234543 Received request from 102.23.55.32 for /example
2009-02-13T15:33:44.726534 Started database query for table users
2019-02-13T15:33:44.038472 Completed database query for table users
2019-02-13T15:33:43.234543 Received request from 102.23.55.32 for /example
2018-02-13T15:33:44.726534 Started database query for table users
2019-02-13T15:33:44.038472 Completed database query for table users
2019-02-13T15:33:43.234543 Received request from 102.23.55.32 for /example
2012-02-13T15:33:44.726534 Started database query for table users
2019-02-13T15:33:44.038472 Completed database query for table users
2019-02-13T15:33:43.234543 Received request from 102.23.55.32 for /example
2019-02-13T15:33:44.726534 Started database query for table users
2019-02-13T15:33:44.038472 Completed database query for table users
2015-02-13T15:33:43.234543 Received request from 102.23.55.32 for /example
2019-02-13T15:33:44.726534 Started database query for table users
2019-02-13T15:33:44.038472 Completed database query for table users
2019-02-13T15:33:43.234543 Received request from 102.23.55.32 for /example
2019-02-13T15:33:44.726534 Started database query for table users
2019-02-13T15:33:44.038472 Completed database query for table users
2019-02-13T15:33:43.234543 Received request from 102.23.55.32 for /example
2019-02-13T15:33:44.726534 Started database query for table users
2019-02-13T15:33:44.038472 Completed database query for table users
2019-02-13T15:33:43.234543 Received request from 102.23.55.32 for /example
2019-02-13T15:33:44.726534 Started database query for table users
2019-02-13T15:33:44.038472 Completed database query for table users
2019-02-13T15:33:43.234543 Received request from 102.23.55.32 for /example
2019-02-13T15:33:44.726534 Started database query for table users
2019-02-13T15:33:44.038472 Completed database query for table users
2019-02-13T15:33:43.234543 Received request from 102.23.55.32 for /example
2019-02-13T15:33:44.726534 Started database query for table users
2019-02-13T15:33:44.038472 Completed database query for table users
2019-02-13T15:33:43.234543 Received request from 102.23.55.32 for /example
2019-02-13T15:33:44.726534 Started database query for table users
2019-02-13T15:33:44.038472 Completed database query for table users
2019-02-13T15:33:43.234543 Received request from 102.23.55.32 for /example
2019-02-13T15:33:44.726534 Started database query for table users
2019-02-13T15:33:44.038472 Completed database query for table users
2019-02-13T15:33:43.234543 Received request from 102.23.55.32 for /example
2006-02-13T15:33:44.726534 Started database query for table users
2019-02-13T15:33:44.038472 Completed database query for table users
2019-02-13T15:33:43.234543 Received request from 102.23.55.32 for /example
2009-02-13T15:33:44.726534 Started database query for table users
2019-02-13T15:33:44.038472 Completed database query for table users
2019-02-13T15:33:43.234543 Received request from 102.23.55.32 for /example
2018-02-13T15:33:44.726534 Started database query for table users
2019-02-13T15:33:44.038472 Completed database query for table users
2019-02-13T15:33:43.234543 Received request from 102.23.55.32 for /example
2012-02-13T15:33:44.726534 Started database query for table users
2019-02-13T15:33:44.038472 Completed database query for table users
2019-02-13T15:33:43.234543 Received request from 102.23.55.32 for /example
2019-02-13T15:33:44.726534 Started database query for table users
2019-02-13T15:33:44.038472 Completed database query for table users
2015-02-13T15:33:43.234543 Received request from 102.23.55.32 for /example
2019-02-13T15:33:44.726534 Started database query for table users
2019-02-13T15:33:44.038472 Completed database query for table users
2019-02-13T15:33:43.234543 Received request from 102.23.55.32 for /example
2019-02-13T15:33:44.726534 Started database query for table users
2019-02-13T15:33:44.038472 Completed database query for table users
2019-02-13T15:33:43.234543 Received request from 102.23.55.32 for /example
2019-02-13T15:33:44.726534 Started database query for table users
2019-02-13T15:33:44.038472 Completed database query for table users
2019-02-13T15:33:43.234543 Received request from 102.23.55.32 for /example
2019-02-13T15:33:44.726534 Started database query for table users
2019-02-13T15:33:44.038472 Completed database query for table users
2019-02-13T15:33:43.234543 Received request from 102.23.55.32 for /example
2019-02-13T15:33:44.726534 Started database query for table users
2019-02-13T15:33:44.038472 Completed database query for table users
2019-02-13T15:33:43.234543 Received request from 102.23.55.32 for /example
2019-02-13T15:33:44.726534 Started database query for table users
2019-02-13T15:33:44.038472 Completed database query for table users
2019-02-13T15:33:43.234543 Received request from 102.23.55.32 for /example
2019-02-13T15:33:44.726534 Started database query for table users
2019-02-13T15:33:44.038472 Completed database query for table users
2019-02-13T15:33:43.234543 Received request from 102.23.55.32 for /example
2019-02-13T15:33:44.726534 Started database query for table users
2019-02-13T15:33:44.038472 Completed database query for table users
2019-02-13T15:33:43.234543 Received request from 102.23.55.32 for /example
2006-02-13T15:33:44.726534 Started database query for table users
2019-02-13T15:33:44.038472 Completed database query for table users
2019-02-13T15:33:43.234543 Received request from 102.23.55.32 for /example
2009-02-13T15:33:44.726534 Started database query for table users
2019-02-13T15:33:44.038472 Completed database query for table users
2019-02-13T15:33:43.234543 Received request from 102.23.55.32 for /example
2018-02-13T15:33:44.726534 Started database query for table users
2019-02-13T15:33:44.038472 Completed database query for table users
2019-02-13T15:33:43.234543 Received request from 102.23.55.32 for /example
2012-02-13T15:33:44.726534 Started database query for table users
2019-02-13T15:33:44.038472 Completed database query for table users
2019-02-13T15:33:43.234543 Received request from 102.23.55.32 for /example
2019-02-13T15:33:44.726534 Started database query for table users
2019-02-13T15:33:44.038472 Completed database query for table users
2015-02-13T15:33:43.234543 Received request from 102.23.55.32 for /example
2019-02-13T15:33:44.726534 Started database query for table users
2019-02-13T15:33:44.038472 Completed database query for table users
2019-02-13T15:33:43.234543 Received request from 102.23.55.32 for /example
2019-02-13T15:33:44.726534 Started database query for table users
2019-02-13T15:33:44.038472 Completed database query for table users
2019-02-13T15:33:43.234543 Received request from 102.23.55.32 for /example
2019-02-13T15:33:44.726534 Started database query for table users
2019-02-13T15:33:44.038472 Completed database query for table users
2019-02-13T15:33:43.234543 Received request from 102.23.55.32 for /example
2019-02-13T15:33:44.726534 Started database query for table users
2019-02-13T15:33:44.038472 Completed database query for table users
2019-02-13T15:33:43.234543 Received request from 102.23.55.32 for /example
2019-02-13T15:33:44.726534 Started database query for table users
2019-02-13T15:33:44.038472 Completed database query for table users
2019-02-13T15:33:43.234543 Received request from 102.23.55.32 for /example
2019-02-13T15:33:44.726534 Started database query for table users
2019-02-13T15:33:44.038472 Completed database query for table users
2019-02-13T15:33:43.234543 Received request from 102.23.55.32 for /example
2019-02-13T15:33:44.726534 Started database query for table users
2019-02-13T15:33:44.038472 Completed database query for table users
2019-02-13T15:33:43.234543 Received request from 102.23.55.32 for /example
2019-02-13T15:33:44.726534 Started database query for table users
2019-02-13T15:33:44.038472 Completed database query for table users
2019-02-13T15:33:43.234543 Received request from 102.23.55.32 for /example
2006-02-13T15:33:44.726534 Started database query for table users
2019-02-13T15:33:44.038472 Completed database query for table users
2019-02-13T15:33:43.234543 Received request from 102.23.55.32 for /example
2009-02-13T15:33:44.726534 Started database query for table users
2019-02-13T15:33:44.038472 Completed database query for table users
2019-02-13T15:33:43.234543 Received request from 102.23.55.32 for /example
2018-02-13T15:33:44.726534 Started database query for table users
2019-02-13T15:33:44.038472 Completed database query for table users
2019-02-13T15:33:43.234543 Received request from 102.23.55.32 for /example
2012-02-13T15:33:44.726534 Started database query for table users
2019-02-13T15:33:44.038472 Completed database query for table users
2019-02-13T15:33:43.234543 Received request from 102.23.55.32 for /example
2019-02-13T15:33:44.726534 Started database query for table users
2019-02-13T15:33:44.038472 Completed database query for table users
2015-02-13T15:33:43.234543 Received request from 102.23.55.32 for /example
2019-02-13T15:33:44.726534 Started database query for table users
2019-02-13T15:33:44.038472 Completed database query for table users
2019-02-13T15:33:43.234543 Received request from 102.23.55.32 for /example
2019-02-13T15:33:44.726534 Started database query for table users
2019-02-13T15:33:44.038472 Completed database query for table users
2019-02-13T15:33:43.234543 Received request from 102.23.55.32 for /example
2019-02-13T15:33:44.726534 Started database query for table users
2019-02-13T15:33:44.038472 Completed database query for table users
2019-02-13T15:33:43.234543 Received request from 102.23.55.32 for /example
2019-02-13T15:33:44.726534 Started database query for table users
2019-02-13T15:33:44.038472 Completed database query for table users
2019-02-13T15:33:43.234543 Received request from 102.23.55.32 for /example
2019-02-13T15:33:44.726534 Started database query for table users
2019-02-13T15:33:44.038472 Completed database query for table users
2019-02-13T15:33:43.234543 Received request from 102.23.55.32 for /example
2019-02-13T15:33:44.726534 Started database query for table users
2019-02-13T15:33:44.038472 Completed database query for table users
2019-02-13T15:33:43.234543 Received request from 102.23.55.32 for /example
2019-02-13T15:33:44.726534 Started database query for table users
2019-02-13T15:33:44.038472 Completed database query for table users
2019-02-13T15:33:43.234543 Received request from 102.23.55.32 for /example
2019-02-13T15:33:44.726534 Started database query for table users
2019-02-13T15:33:44.038472 Completed database query for table users
2019-02-13T15:33:43.234543 Received request from 102.23.55.32 for /example
2006-02-13T15:33:44.726534 Started database query for table users
2019-02-13T15:33:44.038472 Completed database query for table users
2019-02-13T15:33:43.234543 Received request from 102.23.55.32 for /example
2009-02-13T15:33:44.726534 Started database query for table users
2019-02-13T15:33:44.038472 Completed database query for table users
2019-02-13T15:33:43.234543 Received request from 102.23.55.32 for /example
2018-02-13T15:33:44.726534 Started database query for table users
2019-02-13T15:33:44.038472 Completed database query for table users
2019-02-13T15:33:43.234543 Received request from 102.23.55.32 for /example
2012-02-13T15:33:44.726534 Started database query for table users
2019-02-13T15:33:44.038472 Completed database query for table users
2019-02-13T15:33:43.234543 Received request from 102.23.55.32 for /example
2019-02-13T15:33:44.726534 Started database query for table users
2019-02-13T15:33:44.038472 Completed database query for table users
2015-02-13T15:33:43.234543 Received request from 102.23.55.32 for /example
2019-02-13T15:33:44.726534 Started database query for table users
2019-02-13T15:33:44.038472 Completed database query for table users
2019-02-13T15:33:43.234543 Received request from 102.23.55.32 for /example
2019-02-13T15:33:44.726534 Started database query for table users
2019-02-13T15:33:44.038472 Completed database query for table users
2019-02-13T15:33:43.234543 Received request from 102.23.55.32 for /example
2019-02-13T15:33:44.726534 Started database query for table users
2019-02-13T15:33:44.038472 Completed database query for table users
2019-02-13T15:33:43.234543 Received request from 102.23.55.32 for /example
2019-02-13T15:33:44.726534 Started database query for table users
2019-02-13T15:33:44.038472 Completed database query for table users
2019-02-13T15:33:43.234543 Received request from 102.23.55.32 for /example
2019-02-13T15:33:44.726534 Started database query for table users
2019-02-13T15:33:44.038472 Completed database query for table users
2019-02-13T15:33:43.234543 Received request from 102.23.55.32 for /example
2019-02-13T15:33:44.726534 Started database query for table users
2019-02-13T15:33:44.038472 Completed database query for table users
2019-02-13T15:33:43.234543 Received request from 102.23.55.32 for /example
2019-02-13T15:33:44.726534 Started database query for table users
2019-02-13T15:33:44.038472 Completed database query for table users
2019-02-13T15:33:43.234543 Received request from 102.23.55.32 for /example
2019-02-13T15:33:44.726534 Started database query for table users
2019-02-13T15:33:44.038472 Completed database query for table users
2019-02-13T15:33:43.234543 Received request from 102.23.55.32 for /example
2006-02-13T15:33:44.726534 Started database query for table users
2019-02-13T15:33:44.038472 Completed database query for table users
2019-02-13T15:33:43.234543 Received request from 102.23.55.32 for /example
2009-02-13T15:33:44.726534 Started database query for table users
2019-02-13T15:33:44.038472 Completed database query for table users
2019-02-13T15:33:43.234543 Received request from 102.23.55.32 for /example
2018-02-13T15:33:44.726534 Started database query for table users
2019-02-13T15:33:44.038472 Completed database query for table users
2019-02-13T15:33:43.234543 Received request from 102.23.55.32 for /example
2012-02-13T15:33:44.726534 Started database query for table users
2019-02-13T15:33:44.038472 Completed database query for table users
2019-02-13T15:33:43.234543 Received request from 102.23.55.32 for /example
2019-02-13T15:33:44.726534 Started database query for table users
2019-02-13T15:33:44.038472 Completed database query for table users
2015-02-13T15:33:43.234543 Received request from 102.23.55.32 for /example
2019-02-13T15:33:44.726534 Started database query for table users
2019-02-13T15:33:44.038472 Completed database query for table users
2019-02-13T15:33:43.234543 Received request from 102.23.55.32 for /example
2019-02-13T15:33:44.726534 Started database query for table users
2019-02-13T15:33:44.038472 Completed database query for table users
2019-02-13T15:33:43.234543 Received request from 102.23.55.32 for /example
2019-02-13T15:33:44.726534 Started database query for table users
2019-02-13T15:33:44.038472 Completed database query for table users
2019-02-13T15:33:43.234543 Received request from 102.23.55.32 for /example
2019-02-13T15:33:44.726534 Started database query for table users
2019-02-13T15:33:44.038472 Completed database query for table users
2019-02-13T15:33:43.234543 Received request from 102.23.55.32 for /example
2019-02-13T15:33:44.726534 Started database query for table users
2019-02-13T15:33:44.038472 Completed database query for table users
2019-02-13T15:33:43.234543 Received request from 102.23.55.32 for /example
2019-02-13T15:33:44.726534 Started database query for table users
2019-02-13T15:33:44.038472 Completed database query for table users
2019-02-13T15:33:43.234543 Received request from 102.23.55.32 for /example
2019-02-13T15:33:44.726534 Started database query for table users
2019-02-13T15:33:44.038472 Completed database query for table users
2019-02-13T15:33:43.234543 Received request from 102.23.55.32 for /example
2019-02-13T15:33:44.726534 Started database query for table users
2019-02-13T15:33:44.038472 Completed database query for table users
2019-02-13T15:33:43.234543 Received request from 102.23.55.32 for /example
2006-02-13T15:33:44.726534 Started database query for table users
2019-02-13T15:33:44.038472 Completed database query for table users
2019-02-13T15:33:43.234543 Received request from 102.23.55.32 for /example
2009-02-13T15:33:44.726534 Started database query for table users
2019-02-13T15:33:44.038472 Completed database query for table users
2019-02-13T15:33:43.234543 Received request from 102.23.55.32 for /example
2018-02-13T15:33:44.726534 Started database query for table users
2019-02-13T15:33:44.038472 Completed database query for table users
2019-02-13T15:33:43.234543 Received request from 102.23.55.32 for /example
2012-02-13T15:33:44.726534 Started database query for table users
2019-02-13T15:33:44.038472 Completed database query for table users
2019-02-13T15:33:43.234543 Received request from 102.23.55.32 for /example
2019-02-13T15:33:44.726534 Started database query for table users
2019-02-13T15:33:44.038472 Completed database query for table users
2015-02-13T15:33:43.234543 Received request from 102.23.55.32 for /example
2019-02-13T15:33:44.726534 Started database query for table users
2019-02-13T15:33:44.038472 Completed database query for table users
2019-02-13T15:33:43.234543 Received request from 102.23.55.32 for /example
2019-02-13T15:33:44.726534 Started database query for table users
2019-02-13T15:33:44.038472 Completed database query for table users
2019-02-13T15:33:43.234543 Received request from 102.23.55.32 for /example
2019-02-13T15:33:44.726534 Started database query for table users
2019-02-13T15:33:44.038472 Completed database query for table users
2019-02-13T15:33:43.234543 Received request from 102.23.55.32 for /example
2019-02-13T15:33:44.726534 Started database query for table users
2019-02-13T15:33:44.038472 Completed database query for table users
2019-02-13T15:33:43.234543 Received request from 102.23.55.32 for /example
2019-02-13T15:33:44.726534 Started database query for table users
2019-02-13T15:33:44.038472 Completed database query for table users
2019-02-13T15:33:43.234543 Received request from 102.23.55.32 for /example
2019-02-13T15:33:44.726534 Started database query for table users
2019-02-13T15:33:44.038472 Completed database query for table users
2019-02-13T15:33:43.234543 Received request from 102.23.55.32 for /example
2019-02-13T15:33:44.726534 Started database query for table users
2019-02-13T15:33:44.038472 Completed database query for table users
2019-02-13T15:33:43.234543 Received request from 102.23.55.32 for /example
2019-02-13T15:33:44.726534 Started database query for table users
2019-02-13T15:33:44.038472 Completed database query for table users
2019-02-13T15:33:43.234543 Received request from 102.23.55.32 for /example
2006-02-13T15:33:44.726534 Started database query for table users
2019-02-13T15:33:44.038472 Completed database query for table users
2019-02-13T15:33:43.234543 Received request from 102.23.55.32 for /example
2009-02-13T15:33:44.726534 Started database query for table users
2019-02-13T15:33:44.038472 Completed database query for table users
2019-02-13T15:33:43.234543 Received request from 102.23.55.32 for /example
2018-02-13T15:33:44.726534 Started database query for table users
2019-02-13T15:33:44.038472 Completed database query for table users
2019-02-13T15:33:43.234543 Received request from 102.23.55.32 for /example
2012-02-13T15:33:44.726534 Started database query for table users
2019-02-13T15:33:44.038472 Completed database query for table users
2019-02-13T15:33:43.234543 Received request from 102.23.55.32 for /example
2019-02-13T15:33:44.726534 Started database query for table users
2019-02-13T15:33:44.038472 Completed database query for table users
2015-02-13T15:33:43.234543 Received request from 102.23.55.32 for /example
2019-02-13T15:33:44.726534 Started database query for table users
2019-02-13T15:33:44.038472 Completed database query for table users
2019-02-13T15:33:43.234543 Received request from 102.23.55.32 for /example
2019-02-13T15:33:44.726534 Started database query for table users
2019-02-13T15:33:44.038472 Completed database query for table users
2019-02-13T15:33:43.234543 Received request from 102.23.55.32 for /example
2019-02-13T15:33:44.726534 Started database query for table users
2019-02-13T15:33:44.038472 Completed database query for table users
2019-02-13T15:33:43.234543 Received request from 102.23.55.32 for /example
2019-02-13T15:33:44.726534 Started database query for table users
2019-02-13T15:33:44.038472 Completed database query for table users
2019-02-13T15:33:43.234543 Received request from 102.23.55.32 for /example
2019-02-13T15:33:44.726534 Started database query for table users
2019-02-13T15:33:44.038472 Completed database query for table users
2019-02-13T15:33:43.234543 Received request from 102.23.55.32 for /example
2019-02-13T15:33:44.726534 Started database query for table users
2019-02-13T15:33:44.038472 Completed database query for table users
2019-02-13T15:33:43.234543 Received request from 102.23.55.32 for /example
2019-02-13T15:33:44.726534 Started database query for table users
2019-02-13T15:33:44.038472 Completed database query for table users
2019-02-13T15:33:43.234543 Received request from 102.23.55.32 for /example
2019-02-13T15:33:44.726534 Started database query for table users
2019-02-13T15:33:44.038472 Completed database query for table users
2019-02-13T15:33:43.234543 Received request from 102.23.55.32 for /example
2006-02-13T15:33:44.726534 Started database query for table users
2019-02-13T15:33:44.038472 Completed database query for table users
2019-02-13T15:33:43.234543 Received request from 102.23.55.32 for /example
2009-02-13T15:33:44.726534 Started database query for table users
2019-02-13T15:33:44.038472 Completed database query for table users
2019-02-13T15:33:43.234543 Received request from 102.23.55.32 for /example
2018-02-13T15:33:44.726534 Started database query for table users
2019-02-13T15:33:44.038472 Completed database query for table users
2019-02-13T15:33:43.234543 Received request from 102.23.55.32 for /example
2012-02-13T15:33:44.726534 Started database query for table users
2019-02-13T15:33:44.038472 Completed database query for table users
2019-02-13T15:33:43.234543 Received request from 102.23.55.32 for /example
2019-02-13T15:33:44.726534 Started database query for table users
2019-02-13T15:33:44.038472 Completed database query for table users
2015-02-13T15:33:43.234543 Received request from 102.23.55.32 for /example
2019-02-13T15:33:44.726534 Started database query for table users
2019-02-13T15:33:44.038472 Completed database query for table users
2019-02-13T15:33:43.234543 Received request from 102.23.55.32 for /example
2019-02-13T15:33:44.726534 Started database query for table users
2019-02-13T15:33:44.038472 Completed database query for table users
2019-02-13T15:33:43.234543 Received request from 102.23.55.32 for /example
2019-02-13T15:33:44.726534 Started database query for table users
2019-02-13T15:33:44.038472 Completed database query for table users
2019-02-13T15:33:43.234543 Received request from 102.23.55.32 for /example
2019-02-13T15:33:44.726534 Started database query for table users
2019-02-13T15:33:44.038472 Completed database query for table users
2019-02-13T15:33:43.234543 Received request from 102.23.55.32 for /example
2019-02-13T15:33:44.726534 Started database query for table users
2019-02-13T15:33:44.038472 Completed database query for table users
2019-02-13T15:33:43.234543 Received request from 102.23.55.32 for /example
2019-02-13T15:33:44.726534 Started database query for table users
2019-02-13T15:33:44.038472 Completed database query for table users
2019-02-13T15:33:43.234543 Received request from 102.23.55.32 for /example
2019-02-13T15:33:44.726534 Started database query for table users
2019-02-13T15:33:44.038472 Completed database query for table users
2019-02-13T15:33:43.234543 Received request from 102.23.55.32 for /example
2019-02-13T15:33:44.726534 Started database query for table users
2019-02-13T15:33:44.038472 Completed database query for table users
2019-02-13T15:33:43.234543 Received request from 102.23.55.32 for /example
2006-02-13T15:33:44.726534 Started database query for table users
2019-02-13T15:33:44.038472 Completed database query for table users
2019-02-13T15:33:43.234543 Received request from 102.23.55.32 for /example
2009-02-13T15:33:44.726534 Started database query for table users
2019-02-13T15:33:44.038472 Completed database query for table users
2019-02-13T15:33:43.234543 Received request from 102.23.55.32 for /example
2018-02-13T15:33:44.726534 Started database query for table users
2019-02-13T15:33:44.038472 Completed database query for table users
2019-02-13T15:33:43.234543 Received request from 102.23.55.32 for /example
2012-02-13T15:33:44.726534 Started database query for table users
2019-02-13T15:33:44.038472 Completed database query for table users
2019-02-13T15:33:43.234543 Received request from 102.23.55.32 for /example
2019-02-13T15:33:44.726534 Started database query for table users
2019-02-13T15:33:44.038472 Completed database query for table users
2015-02-13T15:33:43.234543 Received request from 102.23.55.32 for /example
2019-02-13T15:33:44.726534 Started database query for table users
2019-02-13T15:33:44.038472 Completed database query for table users
2019-02-13T15:33:43.234543 Received request from 102.23.55.32 for /example
2019-02-13T15:33:44.726534 Started database query for table users
2019-02-13T15:33:44.038472 Completed database query for table users
2019-02-13T15:33:43.234543 Received request from 102.23.55.32 for /example
2019-02-13T15:33:44.726534 Started database query for table users
2019-02-13T15:33:44.038472 Completed database query for table users
2019-02-13T15:33:43.234543 Received request from 102.23.55.32 for /example
2019-02-13T15:33:44.726534 Started database query for table users
2019-02-13T15:33:44.038472 Completed database query for table users
2019-02-13T15:33:43.234543 Received request from 102.23.55.32 for /example
2019-02-13T15:33:44.726534 Started database query for table users
2019-02-13T15:33:44.038472 Completed database query for table users
2019-02-13T15:33:43.234543 Received request from 102.23.55.32 for /example
2019-02-13T15:33:44.726534 Started database query for table users
2019-02-13T15:33:44.038472 Completed database query for table users
2019-02-13T15:33:43.234543 Received request from 102.23.55.32 for /example
2019-02-13T15:33:44.726534 Started database query for table users
2019-02-13T15:33:44.038472 Completed database query for table users
2019-02-13T15:33:43.234543 Received request from 102.23.55.32 for /example
2019-02-13T15:33:44.726534 Started database query for table users
2019-02-13T15:33:44.038472 Completed database query for table users
2019-02-13T15:33:43.234543 Received request from 102.23.55.32 for /example
2006-02-13T15:33:44.726534 Started database query for table users
2019-02-13T15:33:44.038472 Completed database query for table users
2019-02-13T15:33:43.234543 Received request from 102.23.55.32 for /example
2009-02-13T15:33:44.726534 Started database query for table users
2019-02-13T15:33:44.038472 Completed database query for table users
2019-02-13T15:33:43.234543 Received request from 102.23.55.32 for /example
2018-02-13T15:33:44.726534 Started database query for table users
2019-02-13T15:33:44.038472 Completed database query for table users
2019-02-13T15:33:43.234543 Received request from 102.23.55.32 for /example
2012-02-13T15:33:44.726534 Started database query for table users
2019-02-13T15:33:44.038472 Completed database query for table users
2019-02-13T15:33:43.234543 Received request from 102.23.55.32 for /example
2019-02-13T15:33:44.726534 Started database query for table users
2019-02-13T15:33:44.038472 Completed database query for table users
2015-02-13T15:33:43.234543 Received request from 102.23.55.32 for /example
2019-02-13T15:33:44.726534 Started database query for table users
2019-02-13T15:33:44.038472 Completed database query for table users
2019-02-13T15:33:43.234543 Received request from 102.23.55.32 for /example
2019-02-13T15:33:44.726534 Started database query for table users
2019-02-13T15:33:44.038472 Completed database query for table users
2019-02-13T15:33:43.234543 Received request from 102.23.55.32 for /example
2019-02-13T15:33:44.726534 Started database query for table users
2019-02-13T15:33:44.038472 Completed database query for table users
2019-02-13T15:33:43.234543 Received request from 102.23.55.32 for /example
2019-02-13T15:33:44.726534 Started database query for table users
2019-02-13T15:33:44.038472 Completed database query for table users
2019-02-13T15:33:43.234543 Received request from 102.23.55.32 for /example
2019-02-13T15:33:44.726534 Started database query for table users
2019-02-13T15:33:44.038472 Completed database query for table users
2019-02-13T15:33:43.234543 Received request from 102.23.55.32 for /example
2019-02-13T15:33:44.726534 Started database query for table users
2019-02-13T15:33:44.038472 Completed database query for table users
2019-02-13T15:33:43.234543 Received request from 102.23.55.32 for /example
2019-02-13T15:33:44.726534 Started database query for table users
2019-02-13T15:33:44.038472 Completed database query for table users
2019-02-13T15:33:43.234543 Received request from 102.23.55.32 for /example
2019-02-13T15:33:44.726534 Started database query for table users
2019-02-13T15:33:44.038472 Completed database query for table users
2019-02-13T15:33:43.234543 Received request from 102.23.55.32 for /example
2006-02-13T15:33:44.726534 Started database query for table users
2019-02-13T15:33:44.038472 Completed database query for table users
2019-02-13T15:33:43.234543 Received request from 102.23.55.32 for /example
2009-02-13T15:33:44.726534 Started database query for table users
2019-02-13T15:33:44.038472 Completed database query for table users
2019-02-13T15:33:43.234543 Received request from 102.23.55.32 for /example
2018-02-13T15:33:44.726534 Started database query for table users
2019-02-13T15:33:44.038472 Completed database query for table users
2019-02-13T15:33:43.234543 Received request from 102.23.55.32 for /example
2012-02-13T15:33:44.726534 Started database query for table users
2019-02-13T15:33:44.038472 Completed database query for table users
2019-02-13T15:33:43.234543 Received request from 102.23.55.32 for /example
2019-02-13T15:33:44.726534 Started database query for table users
2019-02-13T15:33:44.038472 Completed database query for table users
2015-02-13T15:33:43.234543 Received request from 102.23.55.32 for /example
2019-02-13T15:33:44.726534 Started database query for table users
2019-02-13T15:33:44.038472 Completed database query for table users
2019-02-13T15:33:43.234543 Received request from 102.23.55.32 for /example
2019-02-13T15:33:44.726534 Started database query for table users
2019-02-13T15:33:44.038472 Completed database query for table users
2019-02-13T15:33:43.234543 Received request from 102.23.55.32 for /example
2019-02-13T15:33:44.726534 Started database query for table users
2019-02-13T15:33:44.038472 Completed database query for table users
2019-02-13T15:33:43.234543 Received request from 102.23.55.32 for /example
2019-02-13T15:33:44.726534 Started database query for table users
2019-02-13T15:33:44.038472 Completed database query for table users
2019-02-13T15:33:43.234543 Received request from 102.23.55.32 for /example
2019-02-13T15:33:44.726534 Started database query for table users
2019-02-13T15:33:44.038472 Completed database query for table users
2019-02-13T15:33:43.234543 Received request from 102.23.55.32 for /example
2019-02-13T15:33:44.726534 Started database query for table users
2019-02-13T15:33:44.038472 Completed database query for table users
2019-02-13T15:33:43.234543 Received request from 102.23.55.32 for /example
2019-02-13T15:33:44.726534 Started database query for table users
2019-02-13T15:33:44.038472 Completed database query for table users
2019-02-13T15:33:43.234543 Received request from 102.23.55.32 for /example
2019-02-13T15:33:44.726534 Started database query for table users
2019-02-13T15:33:44.038472 Completed database query for table users
2019-02-13T15:33:43.234543 Received request from 102.23.55.32 for /example
2006-02-13T15:33:44.726534 Started database query for table users
2019-02-13T15:33:44.038472 Completed database query for table users
2019-02-13T15:33:43.234543 Received request from 102.23.55.32 for /example
2009-02-13T15:33:44.726534 Started database query for table users
2019-02-13T15:33:44.038472 Completed database query for table users
2019-02-13T15:33:43.234543 Received request from 102.23.55.32 for /example
2018-02-13T15:33:44.726534 Started database query for table users
2019-02-13T15:33:44.038472 Completed database query for table users
2019-02-13T15:33:43.234543 Received request from 102.23.55.32 for /example
2012-02-13T15:33:44.726534 Started database query for table users
2019-02-13T15:33:44.038472 Completed database query for table users
2019-02-13T15:33:43.234543 Received request from 102.23.55.32 for /example
2019-02-13T15:33:44.726534 Started database query for table users
2019-02-13T15:33:44.038472 Completed database query for table users
2015-02-13T15:33:43.234543 Received request from 102.23.55.32 for /example
2019-02-13T15:33:44.726534 Started database query for table users
2019-02-13T15:33:44.038472 Completed database query for table users
2019-02-13T15:33:43.234543 Received request from 102.23.55.32 for /example
2019-02-13T15:33:44.726534 Started database query for table users
2019-02-13T15:33:44.038472 Completed database query for table users
2019-02-13T15:33:43.234543 Received request from 102.23.55.32 for /example
2019-02-13T15:33:44.726534 Started database query for table users
2019-02-13T15:33:44.038472 Completed database query for table users
2019-02-13T15:33:43.234543 Received request from 102.23.55.32 for /example
2019-02-13T15:33:44.726534 Started database query for table users
2019-02-13T15:33:44.038472 Completed database query for table users
2019-02-13T15:33:43.234543 Received request from 102.23.55.32 for /example
2019-02-13T15:33:44.726534 Started database query for table users
2019-02-13T15:33:44.038472 Completed database query for table users
2019-02-13T15:33:43.234543 Received request from 102.23.55.32 for /example
2019-02-13T15:33:44.726534 Started database query for table users
2019-02-13T15:33:44.038472 Completed database query for table users
2019-02-13T15:33:43.234543 Received request from 102.23.55.32 for /example
2019-02-13T15:33:44.726534 Started database query for table users
2019-02-13T15:33:44.038472 Completed database query for table users
2019-02-13T15:33:43.234543 Received request from 102.23.55.32 for /example
2019-02-13T15:33:44.726534 Started database query for table users
2019-02-13T15:33:44.038472 Completed database query for table users
2019-02-13T15:33:43.234543 Received request from 102.23.55.32 for /example
2006-02-13T15:33:44.726534 Started database query for table users
2019-02-13T15:33:44.038472 Completed database query for table users
2019-02-13T15:33:43.234543 Received request from 102.23.55.32 for /example
2009-02-13T15:33:44.726534 Started database query for table users
2019-02-13T15:33:44.038472 Completed database query for table users
2019-02-13T15:33:43.234543 Received request from 102.23.55.32 for /example
2018-02-13T15:33:44.726534 Started database query for table users
2019-02-13T15:33:44.038472 Completed database query for table users
2019-02-13T15:33:43.234543 Received request from 102.23.55.32 for /example
2012-02-13T15:33:44.726534 Started database query for table users
2019-02-13T15:33:44.038472 Completed database query for table users
2019-02-13T15:33:43.234543 Received request from 102.23.55.32 for /example
2019-02-13T15:33:44.726534 Started database query for table users
2019-02-13T15:33:44.038472 Completed database query for table users
2015-02-13T15:33:43.234543 Received request from 102.23.55.32 for /example
2019-02-13T15:33:44.726534 Started database query for table users
2019-02-13T15:33:44.038472 Completed database query for table users
2019-02-13T15:33:43.234543 Received request from 102.23.55.32 for /example
2019-02-13T15:33:44.726534 Started database query for table users
2019-02-13T15:33:44.038472 Completed database query for table users
2019-02-13T15:33:43.234543 Received request from 102.23.55.32 for /example
2019-02-13T15:33:44.726534 Started database query for table users
2019-02-13T15:33:44.038472 Completed database query for table users
2019-02-13T15:33:43.234543 Received request from 102.23.55.32 for /example
2019-02-13T15:33:44.726534 Started database query for table users
2019-02-13T15:33:44.038472 Completed database query for table users
2019-02-13T15:33:43.234543 Received request from 102.23.55.32 for /example
2019-02-13T15:33:44.726534 Started database query for table users
2019-02-13T15:33:44.038472 Completed database query for table users
2019-02-13T15:33:43.234543 Received request from 102.23.55.32 for /example
2019-02-13T15:33:44.726534 Started database query for table users
2019-02-13T15:33:44.038472 Completed database query for table users
2019-02-13T15:33:43.234543 Received request from 102.23.55.32 for /example
2019-02-13T15:33:44.726534 Started database query for table users
2019-02-13T15:33:44.038472 Completed database query for table users
2019-02-13T15:33:43.234543 Received request from 102.23.55.32 for /example
2019-02-13T15:33:44.726534 Started database query for table users
2019-02-13T15:33:44.038472 Completed database query for table users
2019-02-13T15:33:43.234543 Received request from 102.23.55.32 for /example
2006-02-13T15:33:44.726534 Started database query for table users
2019-02-13T15:33:44.038472 Completed database query for table users
2019-02-13T15:33:43.234543 Received request from 102.23.55.32 for /example
2009-02-13T15:33:44.726534 Started database query for table users
2019-02-13T15:33:44.038472 Completed database query for table users
2019-02-13T15:33:43.234543 Received request from 102.23.55.32 for /example
2018-02-13T15:33:44.726534 Started database query for table users
2019-02-13T15:33:44.038472 Completed database query for table users
2019-02-13T15:33:43.234543 Received request from 102.23.55.32 for /example
2012-02-13T15:33:44.726534 Started database query for table users
2019-02-13T15:33:44.038472 Completed database query for table users
2019-02-13T15:33:43.234543 Received request from 102.23.55.32 for /example
2019-02-13T15:33:44.726534 Started database query for table users
2019-02-13T15:33:44.038472 Completed database query for table users
2015-02-13T15:33:43.234543 Received request from 102.23.55.32 for /example
2019-02-13T15:33:44.726534 Started database query for table users
2019-02-13T15:33:44.038472 Completed database query for table users
2019-02-13T15:33:43.234543 Received request from 102.23.55.32 for /example
2019-02-13T15:33:44.726534 Started database query for table users
2019-02-13T15:33:44.038472 Completed database query for table users
2019-02-13T15:33:43.234543 Received request from 102.23.55.32 for /example
2019-02-13T15:33:44.726534 Started database query for table users
2019-02-13T15:33:44.038472 Completed database query for table users
2019-02-13T15:33:43.234543 Received request from 102.23.55.32 for /example
2019-02-13T15:33:44.726534 Started database query for table users
2019-02-13T15:33:44.038472 Completed database query for table users
2019-02-13T15:33:43.234543 Received request from 102.23.55.32 for /example
2019-02-13T15:33:44.726534 Started database query for table users
2019-02-13T15:33:44.038472 Completed database query for table users
2019-02-13T15:33:43.234543 Received request from 102.23.55.32 for /example
2019-02-13T15:33:44.726534 Started database query for table users
2019-02-13T15:33:44.038472 Completed database query for table users
2019-02-13T15:33:43.234543 Received request from 102.23.55.32 for /example
2019-02-13T15:33:44.726534 Started database query for table users
2019-02-13T15:33:44.038472 Completed database query for table users
2019-02-13T15:33:43.234543 Received request from 102.23.55.32 for /example
2019-02-13T15:33:44.726534 Started database query for table users
2019-02-13T15:33:44.038472 Completed database query for table users
2019-02-13T15:33:43.234543 Received request from 102.23.55.32 for /example
2006-02-13T15:33:44.726534 Started database query for table users
2019-02-13T15:33:44.038472 Completed database query for table users
2019-02-13T15:33:43.234543 Received request from 102.23.55.32 for /example
2009-02-13T15:33:44.726534 Started database query for table users
2019-02-13T15:33:44.038472 Completed database query for table users
2019-02-13T15:33:43.234543 Received request from 102.23.55.32 for /example
2018-02-13T15:33:44.726534 Started database query for table users
2019-02-13T15:33:44.038472 Completed database query for table users
2019-02-13T15:33:43.234543 Received request from 102.23.55.32 for /example
2012-02-13T15:33:44.726534 Started database query for table users
2019-02-13T15:33:44.038472 Completed database query for table users
2019-02-13T15:33:43.234543 Received request from 102.23.55.32 for /example
2019-02-13T15:33:44.726534 Started database query for table users
2019-02-13T15:33:44.038472 Completed database query for table users
2015-02-13T15:33:43.234543 Received request from 102.23.55.32 for /example
2019-02-13T15:33:44.726534 Started database query for table users
2019-02-13T15:33:44.038472 Completed database query for table users
2019-02-13T15:33:43.234543 Received request from 102.23.55.32 for /example
2019-02-13T15:33:44.726534 Started database query for table users
2019-02-13T15:33:44.038472 Completed database query for table users
2019-02-13T15:33:43.234543 Received request from 102.23.55.32 for /example
2019-02-13T15:33:44.726534 Started database query for table users
2019-02-13T15:33:44.038472 Completed database query for table users
2019-02-13T15:33:43.234543 Received request from 102.23.55.32 for /example
2019-02-13T15:33:44.726534 Started database query for table users
2019-02-13T15:33:44.038472 Completed database query for table users
2019-02-13T15:33:43.234543 Received request from 102.23.55.32 for /example
2019-02-13T15:33:44.726534 Started database query for table users
2019-02-13T15:33:44.038472 Completed database query for table users
2019-02-13T15:33:43.234543 Received request from 102.23.55.32 for /example
2019-02-13T15:33:44.726534 Started database query for table users
2019-02-13T15:33:44.038472 Completed database query for table users
2019-02-13T15:33:43.234543 Received request from 102.23.55.32 for /example
2019-02-13T15:33:44.726534 Started database query for table users
2019-02-13T15:33:44.038472 Completed database query for table users
2019-02-13T15:33:43.234543 Received request from 102.23.55.32 for /example
2019-02-13T15:33:44.726534 Started database query for table users
2019-02-13T15:33:44.038472 Completed database query for table users
2019-02-13T15:33:43.234543 Received request from 102.23.55.32 for /example
2006-02-13T15:33:44.726534 Started database query for table users
2019-02-13T15:33:44.038472 Completed database query for table users
2019-02-13T15:33:43.234543 Received request from 102.23.55.32 for /example
2009-02-13T15:33:44.726534 Started database query for table users
2019-02-13T15:33:44.038472 Completed database query for table users
2019-02-13T15:33:43.234543 Received request from 102.23.55.32 for /example
2018-02-13T15:33:44.726534 Started database query for table users
2019-02-13T15:33:44.038472 Completed database query for table users
2019-02-13T15:33:43.234543 Received request from 102.23.55.32 for /example
2012-02-13T15:33:44.726534 Started database query for table users
2019-02-13T15:33:44.038472 Completed database query for table users
2019-02-13T15:33:43.234543 Received request from 102.23.55.32 for /example
2019-02-13T15:33:44.726534 Started database query for table users
2019-02-13T15:33:44.038472 Completed database query for table users
2015-02-13T15:33:43.234543 Received request from 102.23.55.32 for /example
2019-02-13T15:33:44.726534 Started database query for table users
2019-02-13T15:33:44.038472 Completed database query for table users
2019-02-13T15:33:43.234543 Received request from 102.23.55.32 for /example
2019-02-13T15:33:44.726534 Started database query for table users
2019-02-13T15:33:44.038472 Completed database query for table users
2019-02-13T15:33:43.234543 Received request from 102.23.55.32 for /example
2019-02-13T15:33:44.726534 Started database query for table users
2019-02-13T15:33:44.038472 Completed database query for table users
2019-02-13T15:33:43.234543 Received request from 102.23.55.32 for /example
2019-02-13T15:33:44.726534 Started database query for table users
2019-02-13T15:33:44.038472 Completed database query for table users
2019-02-13T15:33:43.234543 Received request from 102.23.55.32 for /example
2019-02-13T15:33:44.726534 Started database query for table users
2019-02-13T15:33:44.038472 Completed database query for table users
2019-02-13T15:33:43.234543 Received request from 102.23.55.32 for /example
2019-02-13T15:33:44.726534 Started database query for table users
2019-02-13T15:33:44.038472 Completed database query for table users
2019-02-13T15:33:43.234543 Received request from 102.23.55.32 for /example
2019-02-13T15:33:44.726534 Started database query for table users
2019-02-13T15:33:44.038472 Completed database query for table users
2019-02-13T15:33:43.234543 Received request from 102.23.55.32 for /example
2019-02-13T15:33:44.726534 Started database query for table users
2019-02-13T15:33:44.038472 Completed database query for table users
2019-02-13T15:33:43.234543 Received request from 102.23.55.32 for /example
2006-02-13T15:33:44.726534 Started database query for table users
2019-02-13T15:33:44.038472 Completed database query for table users
2019-02-13T15:33:43.234543 Received request from 102.23.55.32 for /example
2009-02-13T15:33:44.726534 Started database query for table users
2019-02-13T15:33:44.038472 Completed database query for table users
2019-02-13T15:33:43.234543 Received request from 102.23.55.32 for /example
2018-02-13T15:33:44.726534 Started database query for table users
2019-02-13T15:33:44.038472 Completed database query for table users
2019-02-13T15:33:43.234543 Received request from 102.23.55.32 for /example
2012-02-13T15:33:44.726534 Started database query for table users
2019-02-13T15:33:44.038472 Completed database query for table users
2019-02-13T15:33:43.234543 Received request from 102.23.55.32 for /example
2019-02-13T15:33:44.726534 Started database query for table users
2019-02-13T15:33:44.038472 Completed database query for table users
2015-02-13T15:33:43.234543 Received request from 102.23.55.32 for /example
2019-02-13T15:33:44.726534 Started database query for table users
2019-02-13T15:33:44.038472 Completed database query for table users
2019-02-13T15:33:43.234543 Received request from 102.23.55.32 for /example
2019-02-13T15:33:44.726534 Started database query for table users
2019-02-13T15:33:44.038472 Completed database query for table users
2019-02-13T15:33:43.234543 Received request from 102.23.55.32 for /example
2019-02-13T15:33:44.726534 Started database query for table users
2019-02-13T15:33:44.038472 Completed database query for table users
2019-02-13T15:33:43.234543 Received request from 102.23.55.32 for /example
2019-02-13T15:33:44.726534 Started database query for table users
2019-02-13T15:33:44.038472 Completed database query for table users
2019-02-13T15:33:43.234543 Received request from 102.23.55.32 for /example
2019-02-13T15:33:44.726534 Started database query for table users
2019-02-13T15:33:44.038472 Completed database query for table users
2019-02-13T15:33:43.234543 Received request from 102.23.55.32 for /example
2019-02-13T15:33:44.726534 Started database query for table users
2019-02-13T15:33:44.038472 Completed database query for table users
2019-02-13T15:33:43.234543 Received request from 102.23.55.32 for /example
2019-02-13T15:33:44.726534 Started database query for table users
2019-02-13T15:33:44.038472 Completed database query for table users
2019-02-13T15:33:43.234543 Received request from 102.23.55.32 for /example
2019-02-13T15:33:44.726534 Started database query for table users
2019-02-13T15:33:44.038472 Completed database query for table users
2019-02-13T15:33:43.234543 Received request from 102.23.55.32 for /example
2006-02-13T15:33:44.726534 Started database query for table users
2019-02-13T15:33:44.038472 Completed database query for table users
2019-02-13T15:33:43.234543 Received request from 102.23.55.32 for /example
2009-02-13T15:33:44.726534 Started database query for table users
2019-02-13T15:33:44.038472 Completed database query for table users
2019-02-13T15:33:43.234543 Received request from 102.23.55.32 for /example
2018-02-13T15:33:44.726534 Started database query for table users
2019-02-13T15:33:44.038472 Completed database query for table users
2019-02-13T15:33:43.234543 Received request from 102.23.55.32 for /example
2012-02-13T15:33:44.726534 Started database query for table users
2019-02-13T15:33:44.038472 Completed database query for table users
2019-02-13T15:33:43.234543 Received request from 102.23.55.32 for /example
2019-02-13T15:33:44.726534 Started database query for table users
2019-02-13T15:33:44.038472 Completed database query for table users
2015-02-13T15:33:43.234543 Received request from 102.23.55.32 for /example
2019-02-13T15:33:44.726534 Started database query for table users
2019-02-13T15:33:44.038472 Completed database query for table users
2019-02-13T15:33:43.234543 Received request from 102.23.55.32 for /example
2019-02-13T15:33:44.726534 Started database query for table users
2019-02-13T15:33:44.038472 Completed database query for table users
2019-02-13T15:33:43.234543 Received request from 102.23.55.32 for /example
2019-02-13T15:33:44.726534 Started database query for table users
2019-02-13T15:33:44.038472 Completed database query for table users
2019-02-13T15:33:43.234543 Received request from 102.23.55.32 for /example
2019-02-13T15:33:44.726534 Started database query for table users
2019-02-13T15:33:44.038472 Completed database query for table users
2019-02-13T15:33:43.234543 Received request from 102.23.55.32 for /example
2019-02-13T15:33:44.726534 Started database query for table users
2019-02-13T15:33:44.038472 Completed database query for table users
2019-02-13T15:33:43.234543 Received request from 102.23.55.32 for /example
2019-02-13T15:33:44.726534 Started database query for table users
2019-02-13T15:33:44.038472 Completed database query for table users
2019-02-13T15:33:43.234543 Received request from 102.23.55.32 for /example
2019-02-13T15:33:44.726534 Started database query for table users
2019-02-13T15:33:44.038472 Completed database query for table users
2019-02-13T15:33:43.234543 Received request from 102.23.55.32 for /example
2019-02-13T15:33:44.726534 Started database query for table users
2019-02-13T15:33:44.038472 Completed database query for table users
2019-02-13T15:33:43.234543 Received request from 102.23.55.32 for /example
2006-02-13T15:33:44.726534 Started database query for table users
2019-02-13T15:33:44.038472 Completed database query for table users
2019-02-13T15:33:43.234543 Received request from 102.23.55.32 for /example
2009-02-13T15:33:44.726534 Started database query for table users
2019-02-13T15:33:44.038472 Completed database query for table users
2019-02-13T15:33:43.234543 Received request from 102.23.55.32 for /example
2018-02-13T15:33:44.726534 Started database query for table users
2019-02-13T15:33:44.038472 Completed database query for table users
2019-02-13T15:33:43.234543 Received request from 102.23.55.32 for /example
2012-02-13T15:33:44.726534 Started database query for table users
2019-02-13T15:33:44.038472 Completed database query for table users
2019-02-13T15:33:43.234543 Received request from 102.23.55.32 for /example
2019-02-13T15:33:44.726534 Started database query for table users
2019-02-13T15:33:44.038472 Completed database query for table users
2015-02-13T15:33:43.234543 Received request from 102.23.55.32 for /example
2019-02-13T15:33:44.726534 Started database query for table users
2019-02-13T15:33:44.038472 Completed database query for table users
2019-02-13T15:33:43.234543 Received request from 102.23.55.32 for /example
2019-02-13T15:33:44.726534 Started database query for table users
2019-02-13T15:33:44.038472 Completed database query for table users
2019-02-13T15:33:43.234543 Received request from 102.23.55.32 for /example
2019-02-13T15:33:44.726534 Started database query for table users
2019-02-13T15:33:44.038472 Completed database query for table users
2019-02-13T15:33:43.234543 Received request from 102.23.55.32 for /example
2019-02-13T15:33:44.726534 Started database query for table users
2019-02-13T15:33:44.038472 Completed database query for table users
2019-02-13T15:33:43.234543 Received request from 102.23.55.32 for /example
2019-02-13T15:33:44.726534 Started database query for table users
2019-02-13T15:33:44.038472 Completed database query for table users
2019-02-13T15:33:43.234543 Received request from 102.23.55.32 for /example
2019-02-13T15:33:44.726534 Started database query for table users
2019-02-13T15:33:44.038472 Completed database query for table users
2019-02-13T15:33:43.234543 Received request from 102.23.55.32 for /example
2019-02-13T15:33:44.726534 Started database query for table users
2019-02-13T15:33:44.038472 Completed database query for table users
2019-02-13T15:33:43.234543 Received request from 102.23.55.32 for /example
2019-02-13T15:33:44.726534 Started database query for table users
2019-02-13T15:33:44.038472 Completed database query for table users
2019-02-13T15:33:43.234543 Received request from 102.23.55.32 for /example
2006-02-13T15:33:44.726534 Started database query for table users
2019-02-13T15:33:44.038472 Completed database query for table users
2019-02-13T15:33:43.234543 Received request from 102.23.55.32 for /example
2009-02-13T15:33:44.726534 Started database query for table users
2019-02-13T15:33:44.038472 Completed database query for table users
2019-02-13T15:33:43.234543 Received request from 102.23.55.32 for /example
2018-02-13T15:33:44.726534 Started database query for table users
2019-02-13T15:33:44.038472 Completed database query for table users
2019-02-13T15:33:43.234543 Received request from 102.23.55.32 for /example
2012-02-13T15:33:44.726534 Started database query for table users
2019-02-13T15:33:44.038472 Completed database query for table users
2019-02-13T15:33:43.234543 Received request from 102.23.55.32 for /example
2019-02-13T15:33:44.726534 Started database query for table users
2019-02-13T15:33:44.038472 Completed database query for table users
2015-02-13T15:33:43.234543 Received request from 102.23.55.32 for /example
2019-02-13T15:33:44.726534 Started database query for table users
2019-02-13T15:33:44.038472 Completed database query for table users
2019-02-13T15:33:43.234543 Received request from 102.23.55.32 for /example
2019-02-13T15:33:44.726534 Started database query for table users
2019-02-13T15:33:44.038472 Completed database query for table users
2019-02-13T15:33:43.234543 Received request from 102.23.55.32 for /example
2019-02-13T15:33:44.726534 Started database query for table users
2019-02-13T15:33:44.038472 Completed database query for table users
2019-02-13T15:33:43.234543 Received request from 102.23.55.32 for /example
2019-02-13T15:33:44.726534 Started database query for table users
2019-02-13T15:33:44.038472 Completed database query for table users
2019-02-13T15:33:43.234543 Received request from 102.23.55.32 for /example
2019-02-13T15:33:44.726534 Started database query for table users
2019-02-13T15:33:44.038472 Completed database query for table users
2019-02-13T15:33:43.234543 Received request from 102.23.55.32 for /example
2019-02-13T15:33:44.726534 Started database query for table users
2019-02-13T15:33:44.038472 Completed database query for table users
2019-02-13T15:33:43.234543 Received request from 102.23.55.32 for /example
2019-02-13T15:33:44.726534 Started database query for table users
2019-02-13T15:33:44.038472 Completed database query for table users
2019-02-13T15:33:43.234543 Received request from 102.23.55.32 for /example
2019-02-13T15:33:44.726534 Started database query for table users
2019-02-13T15:33:44.038472 Completed database query for table users
2019-02-13T15:33:43.234543 Received request from 102.23.55.32 for /example
2006-02-13T15:33:44.726534 Started database query for table users
2019-02-13T15:33:44.038472 Completed database query for table users
2019-02-13T15:33:43.234543 Received request from 102.23.55.32 for /example
2009-02-13T15:33:44.726534 Started database query for table users
2019-02-13T15:33:44.038472 Completed database query for table users
2019-02-13T15:33:43.234543 Received request from 102.23.55.32 for /example
2018-02-13T15:33:44.726534 Started database query for table users
2019-02-13T15:33:44.038472 Completed database query for table users
2019-02-13T15:33:43.234543 Received request from 102.23.55.32 for /example
2012-02-13T15:33:44.726534 Started database query for table users
2019-02-13T15:33:44.038472 Completed database query for table users
2019-02-13T15:33:43.234543 Received request from 102.23.55.32 for /example
2019-02-13T15:33:44.726534 Started database query for table users
2019-02-13T15:33:44.038472 Completed database query for table users
2015-02-13T15:33:43.234543 Received request from 102.23.55.32 for /example
2019-02-13T15:33:44.726534 Started database query for table users
2019-02-13T15:33:44.038472 Completed database query for table users
2019-02-13T15:33:43.234543 Received request from 102.23.55.32 for /example
2019-02-13T15:33:44.726534 Started database query for table users
2019-02-13T15:33:44.038472 Completed database query for table users
2019-02-13T15:33:43.234543 Received request from 102.23.55.32 for /example
2019-02-13T15:33:44.726534 Started database query for table users
2019-02-13T15:33:44.038472 Completed database query for table users
2019-02-13T15:33:43.234543 Received request from 102.23.55.32 for /example
2019-02-13T15:33:44.726534 Started database query for table users
2019-02-13T15:33:44.038472 Completed database query for table users
2019-02-13T15:33:43.234543 Received request from 102.23.55.32 for /example
2019-02-13T15:33:44.726534 Started database query for table users
2019-02-13T15:33:44.038472 Completed database query for table users
2019-02-13T15:33:43.234543 Received request from 102.23.55.32 for /example
2019-02-13T15:33:44.726534 Started database query for table users
2019-02-13T15:33:44.038472 Completed database query for table users
2019-02-13T15:33:43.234543 Received request from 102.23.55.32 for /example
2019-02-13T15:33:44.726534 Started database query for table users
2019-02-13T15:33:44.038472 Completed database query for table users
2019-02-13T15:33:43.234543 Received request from 102.23.55.32 for /example
2019-02-13T15:33:44.726534 Started database query for table users
2019-02-13T15:33:44.038472 Completed database query for table users
2019-02-13T15:33:43.234543 Received request from 102.23.55.32 for /example
2006-02-13T15:33:44.726534 Started database query for table users
2019-02-13T15:33:44.038472 Completed database query for table users
2019-02-13T15:33:43.234543 Received request from 102.23.55.32 for /example
2009-02-13T15:33:44.726534 Started database query for table users
2019-02-13T15:33:44.038472 Completed database query for table users
2019-02-13T15:33:43.234543 Received request from 102.23.55.32 for /example
2018-02-13T15:33:44.726534 Started database query for table users
2019-02-13T15:33:44.038472 Completed database query for table users
2019-02-13T15:33:43.234543 Received request from 102.23.55.32 for /example
2012-02-13T15:33:44.726534 Started database query for table users
2019-02-13T15:33:44.038472 Completed database query for table users
2019-02-13T15:33:43.234543 Received request from 102.23.55.32 for /example
2019-02-13T15:33:44.726534 Started database query for table users
2019-02-13T15:33:44.038472 Completed database query for table users
2015-02-13T15:33:43.234543 Received request from 102.23.55.32 for /example
2019-02-13T15:33:44.726534 Started database query for table users
2019-02-13T15:33:44.038472 Completed database query for table users
2019-02-13T15:33:43.234543 Received request from 102.23.55.32 for /example
2019-02-13T15:33:44.726534 Started database query for table users
2019-02-13T15:33:44.038472 Completed database query for table users
2019-02-13T15:33:43.234543 Received request from 102.23.55.32 for /example
2019-02-13T15:33:44.726534 Started database query for table users
2019-02-13T15:33:44.038472 Completed database query for table users
2019-02-13T15:33:43.234543 Received request from 102.23.55.32 for /example
2019-02-13T15:33:44.726534 Started database query for table users
2019-02-13T15:33:44.038472 Completed database query for table users
2019-02-13T15:33:43.234543 Received request from 102.23.55.32 for /example
2019-02-13T15:33:44.726534 Started database query for table users
2019-02-13T15:33:44.038472 Completed database query for table users
2019-02-13T15:33:43.234543 Received request from 102.23.55.32 for /example
2019-02-13T15:33:44.726534 Started database query for table users
2019-02-13T15:33:44.038472 Completed database query for table users
2019-02-13T15:33:43.234543 Received request from 102.23.55.32 for /example
2019-02-13T15:33:44.726534 Started database query for table users
2019-02-13T15:33:44.038472 Completed database query for table users
2019-02-13T15:33:43.234543 Received request from 102.23.55.32 for /example
2019-02-13T15:33:44.726534 Started database query for table users
2019-02-13T15:33:44.038472 Completed database query for table users
2019-02-13T15:33:43.234543 Received request from 102.23.55.32 for /example
2006-02-13T15:33:44.726534 Started database query for table users
2019-02-13T15:33:44.038472 Completed database query for table users
2019-02-13T15:33:43.234543 Received request from 102.23.55.32 for /example
2009-02-13T15:33:44.726534 Started database query for table users
2019-02-13T15:33:44.038472 Completed database query for table users
2019-02-13T15:33:43.234543 Received request from 102.23.55.32 for /example
2018-02-13T15:33:44.726534 Started database query for table users
2019-02-13T15:33:44.038472 Completed database query for table users
2019-02-13T15:33:43.234543 Received request from 102.23.55.32 for /example
2012-02-13T15:33:44.726534 Started database query for table users
2019-02-13T15:33:44.038472 Completed database query for table users
2019-02-13T15:33:43.234543 Received request from 102.23.55.32 for /example
2019-02-13T15:33:44.726534 Started database query for table users
2019-02-13T15:33:44.038472 Completed database query for table users
2015-02-13T15:33:43.234543 Received request from 102.23.55.32 for /example
2019-02-13T15:33:44.726534 Started database query for table users
2019-02-13T15:33:44.038472 Completed database query for table users
2019-02-13T15:33:43.234543 Received request from 102.23.55.32 for /example
2019-02-13T15:33:44.726534 Started database query for table users
2019-02-13T15:33:44.038472 Completed database query for table users
2019-02-13T15:33:43.234543 Received request from 102.23.55.32 for /example
2019-02-13T15:33:44.726534 Started database query for table users
2019-02-13T15:33:44.038472 Completed database query for table users
2019-02-13T15:33:43.234543 Received request from 102.23.55.32 for /example
2019-02-13T15:33:44.726534 Started database query for table users
2019-02-13T15:33:44.038472 Completed database query for table users
2019-02-13T15:33:43.234543 Received request from 102.23.55.32 for /example
2019-02-13T15:33:44.726534 Started database query for table users
2019-02-13T15:33:44.038472 Completed database query for table users
2019-02-13T15:33:43.234543 Received request from 102.23.55.32 for /example
2019-02-13T15:33:44.726534 Started database query for table users
2019-02-13T15:33:44.038472 Completed database query for table users
2019-02-13T15:33:43.234543 Received request from 102.23.55.32 for /example
2019-02-13T15:33:44.726534 Started database query for table users
2019-02-13T15:33:44.038472 Completed database query for table users
2019-02-13T15:33:43.234543 Received request from 102.23.55.32 for /example
2019-02-13T15:33:44.726534 Started database query for table users
2019-02-13T15:33:44.038472 Completed database query for table users
2019-02-13T15:33:43.234543 Received request from 102.23.55.32 for /example
2006-02-13T15:33:44.726534 Started database query for table users
2019-02-13T15:33:44.038472 Completed database query for table users
2019-02-13T15:33:43.234543 Received request from 102.23.55.32 for /example
2009-02-13T15:33:44.726534 Started database query for table users
2019-02-13T15:33:44.038472 Completed database query for table users
2019-02-13T15:33:43.234543 Received request from 102.23.55.32 for /example
2018-02-13T15:33:44.726534 Started database query for table users
2019-02-13T15:33:44.038472 Completed database query for table users
2019-02-13T15:33:43.234543 Received request from 102.23.55.32 for /example
2012-02-13T15:33:44.726534 Started database query for table users
2019-02-13T15:33:44.038472 Completed database query for table users
2019-02-13T15:33:43.234543 Received request from 102.23.55.32 for /example
2019-02-13T15:33:44.726534 Started database query for table users
2019-02-13T15:33:44.038472 Completed database query for table users
2015-02-13T15:33:43.234543 Received request from 102.23.55.32 for /example
2019-02-13T15:33:44.726534 Started database query for table users
2019-02-13T15:33:44.038472 Completed database query for table users
2019-02-13T15:33:43.234543 Received request from 102.23.55.32 for /example
2019-02-13T15:33:44.726534 Started database query for table users
2019-02-13T15:33:44.038472 Completed database query for table users
2019-02-13T15:33:43.234543 Received request from 102.23.55.32 for /example
2019-02-13T15:33:44.726534 Started database query for table users
2019-02-13T15:33:44.038472 Completed database query for table users
2019-02-13T15:33:43.234543 Received request from 102.23.55.32 for /example
2019-02-13T15:33:44.726534 Started database query for table users
2019-02-13T15:33:44.038472 Completed database query for table users
2019-02-13T15:33:43.234543 Received request from 102.23.55.32 for /example
2019-02-13T15:33:44.726534 Started database query for table users
2019-02-13T15:33:44.038472 Completed database query for table users
2019-02-13T15:33:43.234543 Received request from 102.23.55.32 for /example
2019-02-13T15:33:44.726534 Started database query for table users
2019-02-13T15:33:44.038472 Completed database query for table users
2019-02-13T15:33:43.234543 Received request from 102.23.55.32 for /example
2019-02-13T15:33:44.726534 Started database query for table users
2019-02-13T15:33:44.038472 Completed database query for table users
2019-02-13T15:33:43.234543 Received request from 102.23.55.32 for /example
2019-02-13T15:33:44.726534 Started database query for table users
2019-02-13T15:33:44.038472 Completed database query for table users
2019-02-13T15:33:43.234543 Received request from 102.23.55.32 for /example
2006-02-13T15:33:44.726534 Started database query for table users
2019-02-13T15:33:44.038472 Completed database query for table users
2019-02-13T15:33:43.234543 Received request from 102.23.55.32 for /example
2009-02-13T15:33:44.726534 Started database query for table users
2019-02-13T15:33:44.038472 Completed database query for table users
2019-02-13T15:33:43.234543 Received request from 102.23.55.32 for /example
2018-02-13T15:33:44.726534 Started database query for table users
2019-02-13T15:33:44.038472 Completed database query for table users
2019-02-13T15:33:43.234543 Received request from 102.23.55.32 for /example
2012-02-13T15:33:44.726534 Started database query for table users
2019-02-13T15:33:44.038472 Completed database query for table users
2019-02-13T15:33:43.234543 Received request from 102.23.55.32 for /example
2019-02-13T15:33:44.726534 Started database query for table users
2019-02-13T15:33:44.038472 Completed database query for table users
2015-02-13T15:33:43.234543 Received request from 102.23.55.32 for /example
2019-02-13T15:33:44.726534 Started database query for table users
2019-02-13T15:33:44.038472 Completed database query for table users
2019-02-13T15:33:43.234543 Received request from 102.23.55.32 for /example
2019-02-13T15:33:44.726534 Started database query for table users
2019-02-13T15:33:44.038472 Completed database query for table users
2019-02-13T15:33:43.234543 Received request from 102.23.55.32 for /example
2019-02-13T15:33:44.726534 Started database query for table users
2019-02-13T15:33:44.038472 Completed database query for table users
2019-02-13T15:33:43.234543 Received request from 102.23.55.32 for /example
2019-02-13T15:33:44.726534 Started database query for table users
2019-02-13T15:33:44.038472 Completed database query for table users
2019-02-13T15:33:43.234543 Received request from 102.23.55.32 for /example
2019-02-13T15:33:44.726534 Started database query for table users
2019-02-13T15:33:44.038472 Completed database query for table users
2019-02-13T15:33:43.234543 Received request from 102.23.55.32 for /example
2019-02-13T15:33:44.726534 Started database query for table users
2019-02-13T15:33:44.038472 Completed database query for table users
2019-02-13T15:33:43.234543 Received request from 102.23.55.32 for /example
2019-02-13T15:33:44.726534 Started database query for table users
2019-02-13T15:33:44.038472 Completed database query for table users
2019-02-13T15:33:43.234543 Received request from 102.23.55.32 for /example
2019-02-13T15:33:44.726534 Started database query for table users
2019-02-13T15:33:44.038472 Completed database query for table users
2019-02-13T15:33:43.234543 Received request from 102.23.55.32 for /example
2006-02-13T15:33:44.726534 Started database query for table users
2019-02-13T15:33:44.038472 Completed database query for table users
2019-02-13T15:33:43.234543 Received request from 102.23.55.32 for /example
2009-02-13T15:33:44.726534 Started database query for table users
2019-02-13T15:33:44.038472 Completed database query for table users
2019-02-13T15:33:43.234543 Received request from 102.23.55.32 for /example
2018-02-13T15:33:44.726534 Started database query for table users
2019-02-13T15:33:44.038472 Completed database query for table users
2019-02-13T15:33:43.234543 Received request from 102.23.55.32 for /example
2012-02-13T15:33:44.726534 Started database query for table users
2019-02-13T15:33:44.038472 Completed database query for table users
2019-02-13T15:33:43.234543 Received request from 102.23.55.32 for /example
2019-02-13T15:33:44.726534 Started database query for table users
2019-02-13T15:33:44.038472 Completed database query for table users
2015-02-13T15:33:43.234543 Received request from 102.23.55.32 for /example
2019-02-13T15:33:44.726534 Started database query for table users
2019-02-13T15:33:44.038472 Completed database query for table users
2019-02-13T15:33:43.234543 Received request from 102.23.55.32 for /example
2019-02-13T15:33:44.726534 Started database query for table users
2019-02-13T15:33:44.038472 Completed database query for table users
2019-02-13T15:33:43.234543 Received request from 102.23.55.32 for /example
2019-02-13T15:33:44.726534 Started database query for table users
2019-02-13T15:33:44.038472 Completed database query for table users
2019-02-13T15:33:43.234543 Received request from 102.23.55.32 for /example
2019-02-13T15:33:44.726534 Started database query for table users
2019-02-13T15:33:44.038472 Completed database query for table users
2019-02-13T15:33:43.234543 Received request from 102.23.55.32 for /example
2019-02-13T15:33:44.726534 Started database query for table users
2019-02-13T15:33:44.038472 Completed database query for table users
2019-02-13T15:33:43.234543 Received request from 102.23.55.32 for /example
2019-02-13T15:33:44.726534 Started database query for table users
2019-02-13T15:33:44.038472 Completed database query for table users
2019-02-13T15:33:43.234543 Received request from 102.23.55.32 for /example
2019-02-13T15:33:44.726534 Started database query for table users
2019-02-13T15:33:44.038472 Completed database query for table users
2019-02-13T15:33:43.234543 Received request from 102.23.55.32 for /example
2019-02-13T15:33:44.726534 Started database query for table users
2019-02-13T15:33:44.038472 Completed database query for table users
2019-02-13T15:33:43.234543 Received request from 102.23.55.32 for /example
2006-02-13T15:33:44.726534 Started database query for table users
2019-02-13T15:33:44.038472 Completed database query for table users
2019-02-13T15:33:43.234543 Received request from 102.23.55.32 for /example
2009-02-13T15:33:44.726534 Started database query for table users
2019-02-13T15:33:44.038472 Completed database query for table users
2019-02-13T15:33:43.234543 Received request from 102.23.55.32 for /example
2018-02-13T15:33:44.726534 Started database query for table users
2019-02-13T15:33:44.038472 Completed database query for table users
2019-02-13T15:33:43.234543 Received request from 102.23.55.32 for /example
2012-02-13T15:33:44.726534 Started database query for table users
2019-02-13T15:33:44.038472 Completed database query for table users
2019-02-13T15:33:43.234543 Received request from 102.23.55.32 for /example
2019-02-13T15:33:44.726534 Started database query for table users
2019-02-13T15:33:44.038472 Completed database query for table users
2015-02-13T15:33:43.234543 Received request from 102.23.55.32 for /example
2019-02-13T15:33:44.726534 Started database query for table users
2019-02-13T15:33:44.038472 Completed database query for table users
2019-02-13T15:33:43.234543 Received request from 102.23.55.32 for /example
2019-02-13T15:33:44.726534 Started database query for table users
2019-02-13T15:33:44.038472 Completed database query for table users
2019-02-13T15:33:43.234543 Received request from 102.23.55.32 for /example
2019-02-13T15:33:44.726534 Started database query for table users
2019-02-13T15:33:44.038472 Completed database query for table users
2019-02-13T15:33:43.234543 Received request from 102.23.55.32 for /example
2019-02-13T15:33:44.726534 Started database query for table users
2019-02-13T15:33:44.038472 Completed database query for table users
2019-02-13T15:33:43.234543 Received request from 102.23.55.32 for /example
2019-02-13T15:33:44.726534 Started database query for table users
2019-02-13T15:33:44.038472 Completed database query for table users
2019-02-13T15:33:43.234543 Received request from 102.23.55.32 for /example
2019-02-13T15:33:44.726534 Started database query for table users
2019-02-13T15:33:44.038472 Completed database query for table users
2019-02-13T15:33:43.234543 Received request from 102.23.55.32 for /example
2019-02-13T15:33:44.726534 Started database query for table users
2019-02-13T15:33:44.038472 Completed database query for table users
2019-02-13T15:33:43.234543 Received request from 102.23.55.32 for /example
2019-02-13T15:33:44.726534 Started database query for table users
2019-02-13T15:33:44.038472 Completed database query for table users
2019-02-13T15:33:43.234543 Received request from 102.23.55.32 for /example
2006-02-13T15:33:44.726534 Started database query for table users
2019-02-13T15:33:44.038472 Completed database query for table users
2019-02-13T15:33:43.234543 Received request from 102.23.55.32 for /example
2009-02-13T15:33:44.726534 Started database query for table users
2019-02-13T15:33:44.038472 Completed database query for table users
2019-02-13T15:33:43.234543 Received request from 102.23.55.32 for /example
2018-02-13T15:33:44.726534 Started database query for table users
2019-02-13T15:33:44.038472 Completed database query for table users
2019-02-13T15:33:43.234543 Received request from 102.23.55.32 for /example
2012-02-13T15:33:44.726534 Started database query for table users
2019-02-13T15:33:44.038472 Completed database query for table users
2019-02-13T15:33:43.234543 Received request from 102.23.55.32 for /example
2019-02-13T15:33:44.726534 Started database query for table users
2019-02-13T15:33:44.038472 Completed database query for table users
2015-02-13T15:33:43.234543 Received request from 102.23.55.32 for /example
2019-02-13T15:33:44.726534 Started database query for table users
2019-02-13T15:33:44.038472 Completed database query for table users
2019-02-13T15:33:43.234543 Received request from 102.23.55.32 for /example
2019-02-13T15:33:44.726534 Started database query for table users
2019-02-13T15:33:44.038472 Completed database query for table users
2019-02-13T15:33:43.234543 Received request from 102.23.55.32 for /example
2019-02-13T15:33:44.726534 Started database query for table users
2019-02-13T15:33:44.038472 Completed database query for table users
2019-02-13T15:33:43.234543 Received request from 102.23.55.32 for /example
2019-02-13T15:33:44.726534 Started database query for table users
2019-02-13T15:33:44.038472 Completed database query for table users
2019-02-13T15:33:43.234543 Received request from 102.23.55.32 for /example
2019-02-13T15:33:44.726534 Started database query for table users
2019-02-13T15:33:44.038472 Completed database query for table users
2019-02-13T15:33:43.234543 Received request from 102.23.55.32 for /example
2019-02-13T15:33:44.726534 Started database query for table users
2019-02-13T15:33:44.038472 Completed database query for table users
2019-02-13T15:33:43.234543 Received request from 102.23.55.32 for /example
2019-02-13T15:33:44.726534 Started database query for table users
2019-02-13T15:33:44.038472 Completed database query for table users
2019-02-13T15:33:43.234543 Received request from 102.23.55.32 for /example
2019-02-13T15:33:44.726534 Started database query for table users
2019-02-13T15:33:44.038472 Completed database query for table users
2019-02-13T15:33:43.234543 Received request from 102.23.55.32 for /example
2006-02-13T15:33:44.726534 Started database query for table users
2019-02-13T15:33:44.038472 Completed database query for table users
2019-02-13T15:33:43.234543 Received request from 102.23.55.32 for /example
2009-02-13T15:33:44.726534 Started database query for table users
2019-02-13T15:33:44.038472 Completed database query for table users
2019-02-13T15:33:43.234543 Received request from 102.23.55.32 for /example
2018-02-13T15:33:44.726534 Started database query for table users
2019-02-13T15:33:44.038472 Completed database query for table users
2019-02-13T15:33:43.234543 Received request from 102.23.55.32 for /example
2012-02-13T15:33:44.726534 Started database query for table users
2019-02-13T15:33:44.038472 Completed database query for table users
2019-02-13T15:33:43.234543 Received request from 102.23.55.32 for /example
2019-02-13T15:33:44.726534 Started database query for table users
2019-02-13T15:33:44.038472 Completed database query for table users
2015-02-13T15:33:43.234543 Received request from 102.23.55.32 for /example
2019-02-13T15:33:44.726534 Started database query for table users
2019-02-13T15:33:44.038472 Completed database query for table users
2019-02-13T15:33:43.234543 Received request from 102.23.55.32 for /example
2019-02-13T15:33:44.726534 Started database query for table users
2019-02-13T15:33:44.038472 Completed database query for table users
2019-02-13T15:33:43.234543 Received request from 102.23.55.32 for /example
2019-02-13T15:33:44.726534 Started database query for table users
2019-02-13T15:33:44.038472 Completed database query for table users
2019-02-13T15:33:43.234543 Received request from 102.23.55.32 for /example
2019-02-13T15:33:44.726534 Started database query for table users
2019-02-13T15:33:44.038472 Completed database query for table users
2019-02-13T15:33:43.234543 Received request from 102.23.55.32 for /example
2019-02-13T15:33:44.726534 Started database query for table users
2019-02-13T15:33:44.038472 Completed database query for table users
2019-02-13T15:33:43.234543 Received request from 102.23.55.32 for /example
2019-02-13T15:33:44.726534 Started database query for table users
2019-02-13T15:33:44.038472 Completed database query for table users
2019-02-13T15:33:43.234543 Received request from 102.23.55.32 for /example
2019-02-13T15:33:44.726534 Started database query for table users
2019-02-13T15:33:44.038472 Completed database query for table users
2019-02-13T15:33:43.234543 Received request from 102.23.55.32 for /example
2019-02-13T15:33:44.726534 Started database query for table users
2019-02-13T15:33:44.038472 Completed database query for table users
2019-02-13T15:33:43.234543 Received request from 102.23.55.32 for /example
2006-02-13T15:33:44.726534 Started database query for table users
2019-02-13T15:33:44.038472 Completed database query for table users
2019-02-13T15:33:43.234543 Received request from 102.23.55.32 for /example
2009-02-13T15:33:44.726534 Started database query for table users
2019-02-13T15:33:44.038472 Completed database query for table users
2019-02-13T15:33:43.234543 Received request from 102.23.55.32 for /example
2018-02-13T15:33:44.726534 Started database query for table users
2019-02-13T15:33:44.038472 Completed database query for table users
2019-02-13T15:33:43.234543 Received request from 102.23.55.32 for /example
2012-02-13T15:33:44.726534 Started database query for table users
2019-02-13T15:33:44.038472 Completed database query for table users
2019-02-13T15:33:43.234543 Received request from 102.23.55.32 for /example
2019-02-13T15:33:44.726534 Started database query for table users
2019-02-13T15:33:44.038472 Completed database query for table users
2015-02-13T15:33:43.234543 Received request from 102.23.55.32 for /example
2019-02-13T15:33:44.726534 Started database query for table users
2019-02-13T15:33:44.038472 Completed database query for table users
2019-02-13T15:33:43.234543 Received request from 102.23.55.32 for /example
2019-02-13T15:33:44.726534 Started database query for table users
2019-02-13T15:33:44.038472 Completed database query for table users
2019-02-13T15:33:43.234543 Received request from 102.23.55.32 for /example
2019-02-13T15:33:44.726534 Started database query for table users
2019-02-13T15:33:44.038472 Completed database query for table users
2019-02-13T15:33:43.234543 Received request from 102.23.55.32 for /example
2019-02-13T15:33:44.726534 Started database query for table users
2019-02-13T15:33:44.038472 Completed database query for table users
2019-02-13T15:33:43.234543 Received request from 102.23.55.32 for /example
2019-02-13T15:33:44.726534 Started database query for table users
2019-02-13T15:33:44.038472 Completed database query for table users
2019-02-13T15:33:43.234543 Received request from 102.23.55.32 for /example
2019-02-13T15:33:44.726534 Started database query for table users
2019-02-13T15:33:44.038472 Completed database query for table users
2019-02-13T15:33:43.234543 Received request from 102.23.55.32 for /example
2019-02-13T15:33:44.726534 Started database query for table users
2019-02-13T15:33:44.038472 Completed database query for table users
2019-02-13T15:33:43.234543 Received request from 102.23.55.32 for /example
2019-02-13T15:33:44.726534 Started database query for table users
2019-02-13T15:33:44.038472 Completed database query for table users
2019-02-13T15:33:43.234543 Received request from 102.23.55.32 for /example
2006-02-13T15:33:44.726534 Started database query for table users
2019-02-13T15:33:44.038472 Completed database query for table users
2019-02-13T15:33:43.234543 Received request from 102.23.55.32 for /example
2009-02-13T15:33:44.726534 Started database query for table users
2019-02-13T15:33:44.038472 Completed database query for table users
2019-02-13T15:33:43.234543 Received request from 102.23.55.32 for /example
2018-02-13T15:33:44.726534 Started database query for table users
2019-02-13T15:33:44.038472 Completed database query for table users
2019-02-13T15:33:43.234543 Received request from 102.23.55.32 for /example
2012-02-13T15:33:44.726534 Started database query for table users
2019-02-13T15:33:44.038472 Completed database query for table users
2019-02-13T15:33:43.234543 Received request from 102.23.55.32 for /example
2019-02-13T15:33:44.726534 Started database query for table users
2019-02-13T15:33:44.038472 Completed database query for table users
2015-02-13T15:33:43.234543 Received request from 102.23.55.32 for /example
2019-02-13T15:33:44.726534 Started database query for table users
2019-02-13T15:33:44.038472 Completed database query for table users
2019-02-13T15:33:43.234543 Received request from 102.23.55.32 for /example
2019-02-13T15:33:44.726534 Started database query for table users
2019-02-13T15:33:44.038472 Completed database query for table users
2019-02-13T15:33:43.234543 Received request from 102.23.55.32 for /example
2019-02-13T15:33:44.726534 Started database query for table users
2019-02-13T15:33:44.038472 Completed database query for table users
2019-02-13T15:33:43.234543 Received request from 102.23.55.32 for /example
2019-02-13T15:33:44.726534 Started database query for table users
2019-02-13T15:33:44.038472 Completed database query for table users
2019-02-13T15:33:43.234543 Received request from 102.23.55.32 for /example
2019-02-13T15:33:44.726534 Started database query for table users
2019-02-13T15:33:44.038472 Completed database query for table users
2019-02-13T15:33:43.234543 Received request from 102.23.55.32 for /example
2019-02-13T15:33:44.726534 Started database query for table users
2019-02-13T15:33:44.038472 Completed database query for table users
2019-02-13T15:33:43.234543 Received request from 102.23.55.32 for /example
2019-02-13T15:33:44.726534 Started database query for table users
2019-02-13T15:33:44.038472 Completed database query for table users
2019-02-13T15:33:43.234543 Received request from 102.23.55.32 for /example
2019-02-13T15:33:44.726534 Started database query for table users
2019-02-13T15:33:44.038472 Completed database query for table users
2019-02-13T15:33:43.234543 Received request from 102.23.55.32 for /example
2006-02-13T15:33:44.726534 Started database query for table users
2019-02-13T15:33:44.038472 Completed database query for table users
2019-02-13T15:33:43.234543 Received request from 102.23.55.32 for /example
2009-02-13T15:33:44.726534 Started database query for table users
2019-02-13T15:33:44.038472 Completed database query for table users
2019-02-13T15:33:43.234543 Received request from 102.23.55.32 for /example
2018-02-13T15:33:44.726534 Started database query for table users
2019-02-13T15:33:44.038472 Completed database query for table users
2019-02-13T15:33:43.234543 Received request from 102.23.55.32 for /example
2012-02-13T15:33:44.726534 Started database query for table users
2019-02-13T15:33:44.038472 Completed database query for table users
2019-02-13T15:33:43.234543 Received request from 102.23.55.32 for /example
2019-02-13T15:33:44.726534 Started database query for table users
2019-02-13T15:33:44.038472 Completed database query for table users
2015-02-13T15:33:43.234543 Received request from 102.23.55.32 for /example
2019-02-13T15:33:44.726534 Started database query for table users
2019-02-13T15:33:44.038472 Completed database query for table users
2019-02-13T15:33:43.234543 Received request from 102.23.55.32 for /example
2019-02-13T15:33:44.726534 Started database query for table users
2019-02-13T15:33:44.038472 Completed database query for table users
2019-02-13T15:33:43.234543 Received request from 102.23.55.32 for /example
2019-02-13T15:33:44.726534 Started database query for table users
2019-02-13T15:33:44.038472 Completed database query for table users
2019-02-13T15:33:43.234543 Received request from 102.23.55.32 for /example
2019-02-13T15:33:44.726534 Started database query for table users
2019-02-13T15:33:44.038472 Completed database query for table users
2019-02-13T15:33:43.234543 Received request from 102.23.55.32 for /example
2019-02-13T15:33:44.726534 Started database query for table users
2019-02-13T15:33:44.038472 Completed database query for table users
2019-02-13T15:33:43.234543 Received request from 102.23.55.32 for /example
2019-02-13T15:33:44.726534 Started database query for table users
2019-02-13T15:33:44.038472 Completed database query for table users
2019-02-13T15:33:43.234543 Received request from 102.23.55.32 for /example
2019-02-13T15:33:44.726534 Started database query for table users
2019-02-13T15:33:44.038472 Completed database query for table users
2019-02-13T15:33:43.234543 Received request from 102.23.55.32 for /example
2019-02-13T15:33:44.726534 Started database query for table users
2019-02-13T15:33:44.038472 Completed database query for table users
2019-02-13T15:33:43.234543 Received request from 102.23.55.32 for /example
2006-02-13T15:33:44.726534 Started database query for table users
2019-02-13T15:33:44.038472 Completed database query for table users
2019-02-13T15:33:43.234543 Received request from 102.23.55.32 for /example
2009-02-13T15:33:44.726534 Started database query for table users
2019-02-13T15:33:44.038472 Completed database query for table users
2019-02-13T15:33:43.234543 Received request from 102.23.55.32 for /example
2018-02-13T15:33:44.726534 Started database query for table users
2019-02-13T15:33:44.038472 Completed database query for table users
2019-02-13T15:33:43.234543 Received request from 102.23.55.32 for /example
2012-02-13T15:33:44.726534 Started database query for table users
2019-02-13T15:33:44.038472 Completed database query for table users
2019-02-13T15:33:43.234543 Received request from 102.23.55.32 for /example
2019-02-13T15:33:44.726534 Started database query for table users
2019-02-13T15:33:44.038472 Completed database query for table users
2015-02-13T15:33:43.234543 Received request from 102.23.55.32 for /example
2019-02-13T15:33:44.726534 Started database query for table users
2019-02-13T15:33:44.038472 Completed database query for table users
2019-02-13T15:33:43.234543 Received request from 102.23.55.32 for /example
2019-02-13T15:33:44.726534 Started database query for table users
2019-02-13T15:33:44.038472 Completed database query for table users
2019-02-13T15:33:43.234543 Received request from 102.23.55.32 for /example
2019-02-13T15:33:44.726534 Started database query for table users
2019-02-13T15:33:44.038472 Completed database query for table users
2019-02-13T15:33:43.234543 Received request from 102.23.55.32 for /example
2019-02-13T15:33:44.726534 Started database query for table users
2019-02-13T15:33:44.038472 Completed database query for table users
2019-02-13T15:33:43.234543 Received request from 102.23.55.32 for /example
2019-02-13T15:33:44.726534 Started database query for table users
2019-02-13T15:33:44.038472 Completed database query for table users
2019-02-13T15:33:43.234543 Received request from 102.23.55.32 for /example
2019-02-13T15:33:44.726534 Started database query for table users
2019-02-13T15:33:44.038472 Completed database query for table users
2019-02-13T15:33:43.234543 Received request from 102.23.55.32 for /example
2019-02-13T15:33:44.726534 Started database query for table users
2019-02-13T15:33:44.038472 Completed database query for table users
2019-02-13T15:33:43.234543 Received request from 102.23.55.32 for /example
2019-02-13T15:33:44.726534 Started database query for table users
2019-02-13T15:33:44.038472 Completed database query for table users
2019-02-13T15:33:43.234543 Received request from 102.23.55.32 for /example
2006-02-13T15:33:44.726534 Started database query for table users
2019-02-13T15:33:44.038472 Completed database query for table users
2019-02-13T15:33:43.234543 Received request from 102.23.55.32 for /example
2009-02-13T15:33:44.726534 Started database query for table users
2019-02-13T15:33:44.038472 Completed database query for table users
2019-02-13T15:33:43.234543 Received request from 102.23.55.32 for /example
2018-02-13T15:33:44.726534 Started database query for table users
2019-02-13T15:33:44.038472 Completed database query for table users
2019-02-13T15:33:43.234543 Received request from 102.23.55.32 for /example
2012-02-13T15:33:44.726534 Started database query for table users
2019-02-13T15:33:44.038472 Completed database query for table users
2019-02-13T15:33:43.234543 Received request from 102.23.55.32 for /example
2019-02-13T15:33:44.726534 Started database query for table users
2019-02-13T15:33:44.038472 Completed database query for table users
2015-02-13T15:33:43.234543 Received request from 102.23.55.32 for /example
2019-02-13T15:33:44.726534 Started database query for table users
2019-02-13T15:33:44.038472 Completed database query for table users
2019-02-13T15:33:43.234543 Received request from 102.23.55.32 for /example
2019-02-13T15:33:44.726534 Started database query for table users
2019-02-13T15:33:44.038472 Completed database query for table users
2019-02-13T15:33:43.234543 Received request from 102.23.55.32 for /example
2019-02-13T15:33:44.726534 Started database query for table users
2019-02-13T15:33:44.038472 Completed database query for table users
2019-02-13T15:33:43.234543 Received request from 102.23.55.32 for /example
2019-02-13T15:33:44.726534 Started database query for table users
2019-02-13T15:33:44.038472 Completed database query for table users
2019-02-13T15:33:43.234543 Received request from 102.23.55.32 for /example
2019-02-13T15:33:44.726534 Started database query for table users
2019-02-13T15:33:44.038472 Completed database query for table users
2019-02-13T15:33:43.234543 Received request from 102.23.55.32 for /example
2019-02-13T15:33:44.726534 Started database query for table users
2019-02-13T15:33:44.038472 Completed database query for table users
2019-02-13T15:33:43.234543 Received request from 102.23.55.32 for /example
2019-02-13T15:33:44.726534 Started database query for table users
2019-02-13T15:33:44.038472 Completed database query for table users
2019-02-13T15:33:43.234543 Received request from 102.23.55.32 for /example
2019-02-13T15:33:44.726534 Started database query for table users
2019-02-13T15:33:44.038472 Completed database query for table users
2019-02-13T15:33:43.234543 Received request from 102.23.55.32 for /example
2006-02-13T15:33:44.726534 Started database query for table users
2019-02-13T15:33:44.038472 Completed database query for table users
2019-02-13T15:33:43.234543 Received request from 102.23.55.32 for /example
2009-02-13T15:33:44.726534 Started database query for table users
2019-02-13T15:33:44.038472 Completed database query for table users
2019-02-13T15:33:43.234543 Received request from 102.23.55.32 for /example
2018-02-13T15:33:44.726534 Started database query for table users
2019-02-13T15:33:44.038472 Completed database query for table users
2019-02-13T15:33:43.234543 Received request from 102.23.55.32 for /example
2012-02-13T15:33:44.726534 Started database query for table users
2019-02-13T15:33:44.038472 Completed database query for table users
2019-02-13T15:33:43.234543 Received request from 102.23.55.32 for /example
2019-02-13T15:33:44.726534 Started database query for table users
2019-02-13T15:33:44.038472 Completed database query for table users
2015-02-13T15:33:43.234543 Received request from 102.23.55.32 for /example
2019-02-13T15:33:44.726534 Started database query for table users
2019-02-13T15:33:44.038472 Completed database query for table users
2019-02-13T15:33:43.234543 Received request from 102.23.55.32 for /example
2019-02-13T15:33:44.726534 Started database query for table users
2019-02-13T15:33:44.038472 Completed database query for table users
2019-02-13T15:33:43.234543 Received request from 102.23.55.32 for /example
2019-02-13T15:33:44.726534 Started database query for table users
2019-02-13T15:33:44.038472 Completed database query for table users
2019-02-13T15:33:43.234543 Received request from 102.23.55.32 for /example
2019-02-13T15:33:44.726534 Started database query for table users
2019-02-13T15:33:44.038472 Completed database query for table users
2019-02-13T15:33:43.234543 Received request from 102.23.55.32 for /example
2019-02-13T15:33:44.726534 Started database query for table users
2019-02-13T15:33:44.038472 Completed database query for table users
2019-02-13T15:33:43.234543 Received request from 102.23.55.32 for /example
2019-02-13T15:33:44.726534 Started database query for table users
2019-02-13T15:33:44.038472 Completed database query for table users
2019-02-13T15:33:43.234543 Received request from 102.23.55.32 for /example
2019-02-13T15:33:44.726534 Started database query for table users
2019-02-13T15:33:44.038472 Completed database query for table users
2019-02-13T15:33:43.234543 Received request from 102.23.55.32 for /example
2019-02-13T15:33:44.726534 Started database query for table users
2019-02-13T15:33:44.038472 Completed database query for table users
2019-02-13T15:33:43.234543 Received request from 102.23.55.32 for /example
2006-02-13T15:33:44.726534 Started database query for table users
2019-02-13T15:33:44.038472 Completed database query for table users
2019-02-13T15:33:43.234543 Received request from 102.23.55.32 for /example
2009-02-13T15:33:44.726534 Started database query for table users
2019-02-13T15:33:44.038472 Completed database query for table users
2019-02-13T15:33:43.234543 Received request from 102.23.55.32 for /example
2018-02-13T15:33:44.726534 Started database query for table users
2019-02-13T15:33:44.038472 Completed database query for table users
2019-02-13T15:33:43.234543 Received request from 102.23.55.32 for /example
2012-02-13T15:33:44.726534 Started database query for table users
2019-02-13T15:33:44.038472 Completed database query for table users
2019-02-13T15:33:43.234543 Received request from 102.23.55.32 for /example
2019-02-13T15:33:44.726534 Started database query for table users
2019-02-13T15:33:44.038472 Completed database query for table users
2015-02-13T15:33:43.234543 Received request from 102.23.55.32 for /example
2019-02-13T15:33:44.726534 Started database query for table users
2019-02-13T15:33:44.038472 Completed database query for table users
2019-02-13T15:33:43.234543 Received request from 102.23.55.32 for /example
2019-02-13T15:33:44.726534 Started database query for table users
2019-02-13T15:33:44.038472 Completed database query for table users
2019-02-13T15:33:43.234543 Received request from 102.23.55.32 for /example
2019-02-13T15:33:44.726534 Started database query for table users
2019-02-13T15:33:44.038472 Completed database query for table users
2019-02-13T15:33:43.234543 Received request from 102.23.55.32 for /example
2019-02-13T15:33:44.726534 Started database query for table users
2019-02-13T15:33:44.038472 Completed database query for table users
2019-02-13T15:33:43.234543 Received request from 102.23.55.32 for /example
2019-02-13T15:33:44.726534 Started database query for table users
2019-02-13T15:33:44.038472 Completed database query for table users
2019-02-13T15:33:43.234543 Received request from 102.23.55.32 for /example
2019-02-13T15:33:44.726534 Started database query for table users
2019-02-13T15:33:44.038472 Completed database query for table users
2019-02-13T15:33:43.234543 Received request from 102.23.55.32 for /example
2019-02-13T15:33:44.726534 Started database query for table users
2019-02-13T15:33:44.038472 Completed database query for table users
2019-02-13T15:33:43.234543 Received request from 102.23.55.32 for /example
2019-02-13T15:33:44.726534 Started database query for table users
2019-02-13T15:33:44.038472 Completed database query for table users
2019-02-13T15:33:43.234543 Received request from 102.23.55.32 for /example
2006-02-13T15:33:44.726534 Started database query for table users
2019-02-13T15:33:44.038472 Completed database query for table users
2019-02-13T15:33:43.234543 Received request from 102.23.55.32 for /example
2009-02-13T15:33:44.726534 Started database query for table users
2019-02-13T15:33:44.038472 Completed database query for table users
2019-02-13T15:33:43.234543 Received request from 102.23.55.32 for /example
2018-02-13T15:33:44.726534 Started database query for table users
2019-02-13T15:33:44.038472 Completed database query for table users
2019-02-13T15:33:43.234543 Received request from 102.23.55.32 for /example
2012-02-13T15:33:44.726534 Started database query for table users
2019-02-13T15:33:44.038472 Completed database query for table users
2019-02-13T15:33:43.234543 Received request from 102.23.55.32 for /example
2019-02-13T15:33:44.726534 Started database query for table users
2019-02-13T15:33:44.038472 Completed database query for table users
2015-02-13T15:33:43.234543 Received request from 102.23.55.32 for /example
2019-02-13T15:33:44.726534 Started database query for table users
2019-02-13T15:33:44.038472 Completed database query for table users
2019-02-13T15:33:43.234543 Received request from 102.23.55.32 for /example
2019-02-13T15:33:44.726534 Started database query for table users
2019-02-13T15:33:44.038472 Completed database query for table users
2019-02-13T15:33:43.234543 Received request from 102.23.55.32 for /example
2019-02-13T15:33:44.726534 Started database query for table users
2019-02-13T15:33:44.038472 Completed database query for table users
2019-02-13T15:33:43.234543 Received request from 102.23.55.32 for /example
2019-02-13T15:33:44.726534 Started database query for table users
2019-02-13T15:33:44.038472 Completed database query for table users
2019-02-13T15:33:43.234543 Received request from 102.23.55.32 for /example
2019-02-13T15:33:44.726534 Started database query for table users
2019-02-13T15:33:44.038472 Completed database query for table users
2019-02-13T15:33:43.234543 Received request from 102.23.55.32 for /example
2019-02-13T15:33:44.726534 Started database query for table users
2019-02-13T15:33:44.038472 Completed database query for table users
2019-02-13T15:33:43.234543 Received request from 102.23.55.32 for /example
2019-02-13T15:33:44.726534 Started database query for table users
2019-02-13T15:33:44.038472 Completed database query for table users
2019-02-13T15:33:43.234543 Received request from 102.23.55.32 for /example
2019-02-13T15:33:44.726534 Started database query for table users
2019-02-13T15:33:44.038472 Completed database query for table users
2019-02-13T15:33:43.234543 Received request from 102.23.55.32 for /example
2006-02-13T15:33:44.726534 Started database query for table users
2019-02-13T15:33:44.038472 Completed database query for table users
2019-02-13T15:33:43.234543 Received request from 102.23.55.32 for /example
2009-02-13T15:33:44.726534 Started database query for table users
2019-02-13T15:33:44.038472 Completed database query for table users
2019-02-13T15:33:43.234543 Received request from 102.23.55.32 for /example
2018-02-13T15:33:44.726534 Started database query for table users
2019-02-13T15:33:44.038472 Completed database query for table users
2019-02-13T15:33:43.234543 Received request from 102.23.55.32 for /example
2012-02-13T15:33:44.726534 Started database query for table users
2019-02-13T15:33:44.038472 Completed database query for table users
2019-02-13T15:33:43.234543 Received request from 102.23.55.32 for /example
2019-02-13T15:33:44.726534 Started database query for table users
2019-02-13T15:33:44.038472 Completed database query for table users
2015-02-13T15:33:43.234543 Received request from 102.23.55.32 for /example
2019-02-13T15:33:44.726534 Started database query for table users
2019-02-13T15:33:44.038472 Completed database query for table users
2019-02-13T15:33:43.234543 Received request from 102.23.55.32 for /example
2019-02-13T15:33:44.726534 Started database query for table users
2019-02-13T15:33:44.038472 Completed database query for table users
2019-02-13T15:33:43.234543 Received request from 102.23.55.32 for /example
2019-02-13T15:33:44.726534 Started database query for table users
2019-02-13T15:33:44.038472 Completed database query for table users
2019-02-13T15:33:43.234543 Received request from 102.23.55.32 for /example
2019-02-13T15:33:44.726534 Started database query for table users
2019-02-13T15:33:44.038472 Completed database query for table users
2019-02-13T15:33:43.234543 Received request from 102.23.55.32 for /example
2019-02-13T15:33:44.726534 Started database query for table users
2019-02-13T15:33:44.038472 Completed database query for table users
2019-02-13T15:33:43.234543 Received request from 102.23.55.32 for /example
2019-02-13T15:33:44.726534 Started database query for table users
2019-02-13T15:33:44.038472 Completed database query for table users
2019-02-13T15:33:43.234543 Received request from 102.23.55.32 for /example
2019-02-13T15:33:44.726534 Started database query for table users
2019-02-13T15:33:44.038472 Completed database query for table users
2019-02-13T15:33:43.234543 Received request from 102.23.55.32 for /example
2019-02-13T15:33:44.726534 Started database query for table users
2019-02-13T15:33:44.038472 Completed database query for table users
2019-02-13T15:33:43.234543 Received request from 102.23.55.32 for /example
2006-02-13T15:33:44.726534 Started database query for table users
2019-02-13T15:33:44.038472 Completed database query for table users
2019-02-13T15:33:43.234543 Received request from 102.23.55.32 for /example
2009-02-13T15:33:44.726534 Started database query for table users
2019-02-13T15:33:44.038472 Completed database query for table users
2019-02-13T15:33:43.234543 Received request from 102.23.55.32 for /example
2018-02-13T15:33:44.726534 Started database query for table users
2019-02-13T15:33:44.038472 Completed database query for table users
2019-02-13T15:33:43.234543 Received request from 102.23.55.32 for /example
2012-02-13T15:33:44.726534 Started database query for table users
2019-02-13T15:33:44.038472 Completed database query for table users
2019-02-13T15:33:43.234543 Received request from 102.23.55.32 for /example
2019-02-13T15:33:44.726534 Started database query for table users
2019-02-13T15:33:44.038472 Completed database query for table users
2015-02-13T15:33:43.234543 Received request from 102.23.55.32 for /example
2019-02-13T15:33:44.726534 Started database query for table users
2019-02-13T15:33:44.038472 Completed database query for table users
2019-02-13T15:33:43.234543 Received request from 102.23.55.32 for /example
2019-02-13T15:33:44.726534 Started database query for table users
2019-02-13T15:33:44.038472 Completed database query for table users
2019-02-13T15:33:43.234543 Received request from 102.23.55.32 for /example
2019-02-13T15:33:44.726534 Started database query for table users
2019-02-13T15:33:44.038472 Completed database query for table users
2019-02-13T15:33:43.234543 Received request from 102.23.55.32 for /example
2019-02-13T15:33:44.726534 Started database query for table users
2019-02-13T15:33:44.038472 Completed database query for table users
2019-02-13T15:33:43.234543 Received request from 102.23.55.32 for /example
2019-02-13T15:33:44.726534 Started database query for table users
2019-02-13T15:33:44.038472 Completed database query for table users
2019-02-13T15:33:43.234543 Received request from 102.23.55.32 for /example
2019-02-13T15:33:44.726534 Started database query for table users
2019-02-13T15:33:44.038472 Completed database query for table users
2019-02-13T15:33:43.234543 Received request from 102.23.55.32 for /example
2019-02-13T15:33:44.726534 Started database query for table users
2019-02-13T15:33:44.038472 Completed database query for table users
2019-02-13T15:33:43.234543 Received request from 102.23.55.32 for /example
2019-02-13T15:33:44.726534 Started database query for table users
2019-02-13T15:33:44.038472 Completed database query for table users
2019-02-13T15:33:43.234543 Received request from 102.23.55.32 for /example
2006-02-13T15:33:44.726534 Started database query for table users
2019-02-13T15:33:44.038472 Completed database query for table users
2019-02-13T15:33:43.234543 Received request from 102.23.55.32 for /example
2009-02-13T15:33:44.726534 Started database query for table users
2019-02-13T15:33:44.038472 Completed database query for table users
2019-02-13T15:33:43.234543 Received request from 102.23.55.32 for /example
2018-02-13T15:33:44.726534 Started database query for table users
2019-02-13T15:33:44.038472 Completed database query for table users
2019-02-13T15:33:43.234543 Received request from 102.23.55.32 for /example
2012-02-13T15:33:44.726534 Started database query for table users
2019-02-13T15:33:44.038472 Completed database query for table users
2019-02-13T15:33:43.234543 Received request from 102.23.55.32 for /example
2019-02-13T15:33:44.726534 Started database query for table users
2019-02-13T15:33:44.038472 Completed database query for table users
2015-02-13T15:33:43.234543 Received request from 102.23.55.32 for /example
2019-02-13T15:33:44.726534 Started database query for table users
2019-02-13T15:33:44.038472 Completed database query for table users
2019-02-13T15:33:43.234543 Received request from 102.23.55.32 for /example
2019-02-13T15:33:44.726534 Started database query for table users
2019-02-13T15:33:44.038472 Completed database query for table users
2019-02-13T15:33:43.234543 Received request from 102.23.55.32 for /example
2019-02-13T15:33:44.726534 Started database query for table users
2019-02-13T15:33:44.038472 Completed database query for table users
2019-02-13T15:33:43.234543 Received request from 102.23.55.32 for /example
2019-02-13T15:33:44.726534 Started database query for table users
2019-02-13T15:33:44.038472 Completed database query for table users
2019-02-13T15:33:43.234543 Received request from 102.23.55.32 for /example
2019-02-13T15:33:44.726534 Started database query for table users
2019-02-13T15:33:44.038472 Completed database query for table users
2019-02-13T15:33:43.234543 Received request from 102.23.55.32 for /example
2019-02-13T15:33:44.726534 Started database query for table users
2019-02-13T15:33:44.038472 Completed database query for table users
2019-02-13T15:33:43.234543 Received request from 102.23.55.32 for /example
2019-02-13T15:33:44.726534 Started database query for table users
2019-02-13T15:33:44.038472 Completed database query for table users
2019-02-13T15:33:43.234543 Received request from 102.23.55.32 for /example
2019-02-13T15:33:44.726534 Started database query for table users
2019-02-13T15:33:44.038472 Completed database query for table users
2019-02-13T15:33:43.234543 Received request from 102.23.55.32 for /example
2006-02-13T15:33:44.726534 Started database query for table users
2019-02-13T15:33:44.038472 Completed database query for table users
2019-02-13T15:33:43.234543 Received request from 102.23.55.32 for /example
2009-02-13T15:33:44.726534 Started database query for table users
2019-02-13T15:33:44.038472 Completed database query for table users
2019-02-13T15:33:43.234543 Received request from 102.23.55.32 for /example
2018-02-13T15:33:44.726534 Started database query for table users
2019-02-13T15:33:44.038472 Completed database query for table users
2019-02-13T15:33:43.234543 Received request from 102.23.55.32 for /example
2012-02-13T15:33:44.726534 Started database query for table users
2019-02-13T15:33:44.038472 Completed database query for table users
2019-02-13T15:33:43.234543 Received request from 102.23.55.32 for /example
2019-02-13T15:33:44.726534 Started database query for table users
2019-02-13T15:33:44.038472 Completed database query for table users
2015-02-13T15:33:43.234543 Received request from 102.23.55.32 for /example
2019-02-13T15:33:44.726534 Started database query for table users
2019-02-13T15:33:44.038472 Completed database query for table users
2019-02-13T15:33:43.234543 Received request from 102.23.55.32 for /example
2019-02-13T15:33:44.726534 Started database query for table users
2019-02-13T15:33:44.038472 Completed database query for table users
2019-02-13T15:33:43.234543 Received request from 102.23.55.32 for /example
2019-02-13T15:33:44.726534 Started database query for table users
2019-02-13T15:33:44.038472 Completed database query for table users
2019-02-13T15:33:43.234543 Received request from 102.23.55.32 for /example
2019-02-13T15:33:44.726534 Started database query for table users
2019-02-13T15:33:44.038472 Completed database query for table users
2019-02-13T15:33:43.234543 Received request from 102.23.55.32 for /example
2019-02-13T15:33:44.726534 Started database query for table users
2019-02-13T15:33:44.038472 Completed database query for table users
2019-02-13T15:33:43.234543 Received request from 102.23.55.32 for /example
2019-02-13T15:33:44.726534 Started database query for table users
2019-02-13T15:33:44.038472 Completed database query for table users
2019-02-13T15:33:43.234543 Received request from 102.23.55.32 for /example
2019-02-13T15:33:44.726534 Started database query for table users
2019-02-13T15:33:44.038472 Completed database query for table users
2019-02-13T15:33:43.234543 Received request from 102.23.55.32 for /example
2019-02-13T15:33:44.726534 Started database query for table users
2019-02-13T15:33:44.038472 Completed database query for table users
2019-02-13T15:33:43.234543 Received request from 102.23.55.32 for /example
2006-02-13T15:33:44.726534 Started database query for table users
2019-02-13T15:33:44.038472 Completed database query for table users
2019-02-13T15:33:43.234543 Received request from 102.23.55.32 for /example
2009-02-13T15:33:44.726534 Started database query for table users
2019-02-13T15:33:44.038472 Completed database query for table users
2019-02-13T15:33:43.234543 Received request from 102.23.55.32 for /example
2018-02-13T15:33:44.726534 Started database query for table users
2019-02-13T15:33:44.038472 Completed database query for table users
2019-02-13T15:33:43.234543 Received request from 102.23.55.32 for /example
2012-02-13T15:33:44.726534 Started database query for table users
2019-02-13T15:33:44.038472 Completed database query for table users
2019-02-13T15:33:43.234543 Received request from 102.23.55.32 for /example
2019-02-13T15:33:44.726534 Started database query for table users
2019-02-13T15:33:44.038472 Completed database query for table users
2015-02-13T15:33:43.234543 Received request from 102.23.55.32 for /example
2019-02-13T15:33:44.726534 Started database query for table users
2019-02-13T15:33:44.038472 Completed database query for table users
2019-02-13T15:33:43.234543 Received request from 102.23.55.32 for /example
2019-02-13T15:33:44.726534 Started database query for table users
2019-02-13T15:33:44.038472 Completed database query for table users
2019-02-13T15:33:43.234543 Received request from 102.23.55.32 for /example
2019-02-13T15:33:44.726534 Started database query for table users
2019-02-13T15:33:44.038472 Completed database query for table users
2019-02-13T15:33:43.234543 Received request from 102.23.55.32 for /example
2019-02-13T15:33:44.726534 Started database query for table users
2019-02-13T15:33:44.038472 Completed database query for table users
2019-02-13T15:33:43.234543 Received request from 102.23.55.32 for /example
2019-02-13T15:33:44.726534 Started database query for table users
2019-02-13T15:33:44.038472 Completed database query for table users
2019-02-13T15:33:43.234543 Received request from 102.23.55.32 for /example
2019-02-13T15:33:44.726534 Started database query for table users
2019-02-13T15:33:44.038472 Completed database query for table users
2019-02-13T15:33:43.234543 Received request from 102.23.55.32 for /example
2019-02-13T15:33:44.726534 Started database query for table users
2019-02-13T15:33:44.038472 Completed database query for table users
2019-02-13T15:33:43.234543 Received request from 102.23.55.32 for /example
2019-02-13T15:33:44.726534 Started database query for table users
2019-02-13T15:33:44.038472 Completed database query for table users
2019-02-13T15:33:43.234543 Received request from 102.23.55.32 for /example
2006-02-13T15:33:44.726534 Started database query for table users
2019-02-13T15:33:44.038472 Completed database query for table users
2019-02-13T15:33:43.234543 Received request from 102.23.55.32 for /example
2009-02-13T15:33:44.726534 Started database query for table users
2019-02-13T15:33:44.038472 Completed database query for table users
2019-02-13T15:33:43.234543 Received request from 102.23.55.32 for /example
2018-02-13T15:33:44.726534 Started database query for table users
2019-02-13T15:33:44.038472 Completed database query for table users
2019-02-13T15:33:43.234543 Received request from 102.23.55.32 for /example
2012-02-13T15:33:44.726534 Started database query for table users
2019-02-13T15:33:44.038472 Completed database query for table users
2019-02-13T15:33:43.234543 Received request from 102.23.55.32 for /example
2019-02-13T15:33:44.726534 Started database query for table users
2019-02-13T15:33:44.038472 Completed database query for table users
2015-02-13T15:33:43.234543 Received request from 102.23.55.32 for /example
2019-02-13T15:33:44.726534 Started database query for table users
2019-02-13T15:33:44.038472 Completed database query for table users
2019-02-13T15:33:43.234543 Received request from 102.23.55.32 for /example
2019-02-13T15:33:44.726534 Started database query for table users
2019-02-13T15:33:44.038472 Completed database query for table users
2019-02-13T15:33:43.234543 Received request from 102.23.55.32 for /example
2019-02-13T15:33:44.726534 Started database query for table users
2019-02-13T15:33:44.038472 Completed database query for table users
2019-02-13T15:33:43.234543 Received request from 102.23.55.32 for /example
2019-02-13T15:33:44.726534 Started database query for table users
2019-02-13T15:33:44.038472 Completed database query for table users
2019-02-13T15:33:43.234543 Received request from 102.23.55.32 for /example
2019-02-13T15:33:44.726534 Started database query for table users
2019-02-13T15:33:44.038472 Completed database query for table users
2019-02-13T15:33:43.234543 Received request from 102.23.55.32 for /example
2019-02-13T15:33:44.726534 Started database query for table users
2019-02-13T15:33:44.038472 Completed database query for table users
2019-02-13T15:33:43.234543 Received request from 102.23.55.32 for /example
2019-02-13T15:33:44.726534 Started database query for table users
2019-02-13T15:33:44.038472 Completed database query for table users
2019-02-13T15:33:43.234543 Received request from 102.23.55.32 for /example
2019-02-13T15:33:44.726534 Started database query for table users
2019-02-13T15:33:44.038472 Completed database query for table users
2019-02-13T15:33:43.234543 Received request from 102.23.55.32 for /example
2006-02-13T15:33:44.726534 Started database query for table users
2019-02-13T15:33:44.038472 Completed database query for table users
2019-02-13T15:33:43.234543 Received request from 102.23.55.32 for /example
2009-02-13T15:33:44.726534 Started database query for table users
2019-02-13T15:33:44.038472 Completed database query for table users
2019-02-13T15:33:43.234543 Received request from 102.23.55.32 for /example
2018-02-13T15:33:44.726534 Started database query for table users
2019-02-13T15:33:44.038472 Completed database query for table users
2019-02-13T15:33:43.234543 Received request from 102.23.55.32 for /example
2012-02-13T15:33:44.726534 Started database query for table users
2019-02-13T15:33:44.038472 Completed database query for table users
2019-02-13T15:33:43.234543 Received request from 102.23.55.32 for /example
2019-02-13T15:33:44.726534 Started database query for table users
2019-02-13T15:33:44.038472 Completed database query for table users
2015-02-13T15:33:43.234543 Received request from 102.23.55.32 for /example
2019-02-13T15:33:44.726534 Started database query for table users
2019-02-13T15:33:44.038472 Completed database query for table users
2019-02-13T15:33:43.234543 Received request from 102.23.55.32 for /example
2019-02-13T15:33:44.726534 Started database query for table users
2019-02-13T15:33:44.038472 Completed database query for table users
2019-02-13T15:33:43.234543 Received request from 102.23.55.32 for /example
2019-02-13T15:33:44.726534 Started database query for table users
2019-02-13T15:33:44.038472 Completed database query for table users
2019-02-13T15:33:43.234543 Received request from 102.23.55.32 for /example
2019-02-13T15:33:44.726534 Started database query for table users
2019-02-13T15:33:44.038472 Completed database query for table users
2019-02-13T15:33:43.234543 Received request from 102.23.55.32 for /example
2019-02-13T15:33:44.726534 Started database query for table users
2019-02-13T15:33:44.038472 Completed database query for table users
2019-02-13T15:33:43.234543 Received request from 102.23.55.32 for /example
2019-02-13T15:33:44.726534 Started database query for table users
2019-02-13T15:33:44.038472 Completed database query for table users
2019-02-13T15:33:43.234543 Received request from 102.23.55.32 for /example
2019-02-13T15:33:44.726534 Started database query for table users
2019-02-13T15:33:44.038472 Completed database query for table users
2019-02-13T15:33:43.234543 Received request from 102.23.55.32 for /example
2019-02-13T15:33:44.726534 Started database query for table users
2019-02-13T15:33:44.038472 Completed database query for table users
2019-02-13T15:33:43.234543 Received request from 102.23.55.32 for /example
2006-02-13T15:33:44.726534 Started database query for table users
2019-02-13T15:33:44.038472 Completed database query for table users
2019-02-13T15:33:43.234543 Received request from 102.23.55.32 for /example
2009-02-13T15:33:44.726534 Started database query for table users
2019-02-13T15:33:44.038472 Completed database query for table users
2019-02-13T15:33:43.234543 Received request from 102.23.55.32 for /example
2018-02-13T15:33:44.726534 Started database query for table users
2019-02-13T15:33:44.038472 Completed database query for table users
2019-02-13T15:33:43.234543 Received request from 102.23.55.32 for /example
2012-02-13T15:33:44.726534 Started database query for table users
2019-02-13T15:33:44.038472 Completed database query for table users
2019-02-13T15:33:43.234543 Received request from 102.23.55.32 for /example
2019-02-13T15:33:44.726534 Started database query for table users
2019-02-13T15:33:44.038472 Completed database query for table users
2015-02-13T15:33:43.234543 Received request from 102.23.55.32 for /example
2019-02-13T15:33:44.726534 Started database query for table users
2019-02-13T15:33:44.038472 Completed database query for table users
2019-02-13T15:33:43.234543 Received request from 102.23.55.32 for /example
2019-02-13T15:33:44.726534 Started database query for table users
2019-02-13T15:33:44.038472 Completed database query for table users
2019-02-13T15:33:43.234543 Received request from 102.23.55.32 for /example
2019-02-13T15:33:44.726534 Started database query for table users
2019-02-13T15:33:44.038472 Completed database query for table users
2019-02-13T15:33:43.234543 Received request from 102.23.55.32 for /example
2019-02-13T15:33:44.726534 Started database query for table users
2019-02-13T15:33:44.038472 Completed database query for table users
2019-02-13T15:33:43.234543 Received request from 102.23.55.32 for /example
2019-02-13T15:33:44.726534 Started database query for table users
2019-02-13T15:33:44.038472 Completed database query for table users
2019-02-13T15:33:43.234543 Received request from 102.23.55.32 for /example
2019-02-13T15:33:44.726534 Started database query for table users
2019-02-13T15:33:44.038472 Completed database query for table users
2019-02-13T15:33:43.234543 Received request from 102.23.55.32 for /example
2019-02-13T15:33:44.726534 Started database query for table users
2019-02-13T15:33:44.038472 Completed database query for table users
2019-02-13T15:33:43.234543 Received request from 102.23.55.32 for /example
2019-02-13T15:33:44.726534 Started database query for table users
2019-02-13T15:33:44.038472 Completed database query for table users
2019-02-13T15:33:43.234543 Received request from 102.23.55.32 for /example
2006-02-13T15:33:44.726534 Started database query for table users
2019-02-13T15:33:44.038472 Completed database query for table users
2019-02-13T15:33:43.234543 Received request from 102.23.55.32 for /example
2009-02-13T15:33:44.726534 Started database query for table users
2019-02-13T15:33:44.038472 Completed database query for table users
2019-02-13T15:33:43.234543 Received request from 102.23.55.32 for /example
2018-02-13T15:33:44.726534 Started database query for table users
2019-02-13T15:33:44.038472 Completed database query for table users
2019-02-13T15:33:43.234543 Received request from 102.23.55.32 for /example
2012-02-13T15:33:44.726534 Started database query for table users
2019-02-13T15:33:44.038472 Completed database query for table users
2019-02-13T15:33:43.234543 Received request from 102.23.55.32 for /example
2019-02-13T15:33:44.726534 Started database query for table users
2019-02-13T15:33:44.038472 Completed database query for table users
2015-02-13T15:33:43.234543 Received request from 102.23.55.32 for /example
2019-02-13T15:33:44.726534 Started database query for table users
2019-02-13T15:33:44.038472 Completed database query for table users
2019-02-13T15:33:43.234543 Received request from 102.23.55.32 for /example
2019-02-13T15:33:44.726534 Started database query for table users
2019-02-13T15:33:44.038472 Completed database query for table users
2019-02-13T15:33:43.234543 Received request from 102.23.55.32 for /example
2019-02-13T15:33:44.726534 Started database query for table users
2019-02-13T15:33:44.038472 Completed database query for table users
2019-02-13T15:33:43.234543 Received request from 102.23.55.32 for /example
2019-02-13T15:33:44.726534 Started database query for table users
2019-02-13T15:33:44.038472 Completed database query for table users
2019-02-13T15:33:43.234543 Received request from 102.23.55.32 for /example
2019-02-13T15:33:44.726534 Started database query for table users
2019-02-13T15:33:44.038472 Completed database query for table users
2019-02-13T15:33:43.234543 Received request from 102.23.55.32 for /example
2019-02-13T15:33:44.726534 Started database query for table users
2019-02-13T15:33:44.038472 Completed database query for table users
2019-02-13T15:33:43.234543 Received request from 102.23.55.32 for /example
2019-02-13T15:33:44.726534 Started database query for table users
2019-02-13T15:33:44.038472 Completed database query for table users
2019-02-13T15:33:43.234543 Received request from 102.23.55.32 for /example
2019-02-13T15:33:44.726534 Started database query for table users
2019-02-13T15:33:44.038472 Completed database query for table users
2019-02-13T15:33:43.234543 Received request from 102.23.55.32 for /example
2006-02-13T15:33:44.726534 Started database query for table users
2019-02-13T15:33:44.038472 Completed database query for table users
2019-02-13T15:33:43.234543 Received request from 102.23.55.32 for /example
2009-02-13T15:33:44.726534 Started database query for table users
2019-02-13T15:33:44.038472 Completed database query for table users
2019-02-13T15:33:43.234543 Received request from 102.23.55.32 for /example
2018-02-13T15:33:44.726534 Started database query for table users
2019-02-13T15:33:44.038472 Completed database query for table users
2019-02-13T15:33:43.234543 Received request from 102.23.55.32 for /example
2012-02-13T15:33:44.726534 Started database query for table users
2019-02-13T15:33:44.038472 Completed database query for table users
2019-02-13T15:33:43.234543 Received request from 102.23.55.32 for /example
2019-02-13T15:33:44.726534 Started database query for table users
2019-02-13T15:33:44.038472 Completed database query for table users
2015-02-13T15:33:43.234543 Received request from 102.23.55.32 for /example
2019-02-13T15:33:44.726534 Started database query for table users
2019-02-13T15:33:44.038472 Completed database query for table users
2019-02-13T15:33:43.234543 Received request from 102.23.55.32 for /example
2019-02-13T15:33:44.726534 Started database query for table users
2019-02-13T15:33:44.038472 Completed database query for table users
2019-02-13T15:33:43.234543 Received request from 102.23.55.32 for /example
2019-02-13T15:33:44.726534 Started database query for table users
2019-02-13T15:33:44.038472 Completed database query for table users
2019-02-13T15:33:43.234543 Received request from 102.23.55.32 for /example
2019-02-13T15:33:44.726534 Started database query for table users
2019-02-13T15:33:44.038472 Completed database query for table users
2019-02-13T15:33:43.234543 Received request from 102.23.55.32 for /example
2019-02-13T15:33:44.726534 Started database query for table users
2019-02-13T15:33:44.038472 Completed database query for table users
2019-02-13T15:33:43.234543 Received request from 102.23.55.32 for /example
2019-02-13T15:33:44.726534 Started database query for table users
2019-02-13T15:33:44.038472 Completed database query for table users
2019-02-13T15:33:43.234543 Received request from 102.23.55.32 for /example
2019-02-13T15:33:44.726534 Started database query for table users
2019-02-13T15:33:44.038472 Completed database query for table users
2019-02-13T15:33:43.234543 Received request from 102.23.55.32 for /example
2019-02-13T15:33:44.726534 Started database query for table users
2019-02-13T15:33:44.038472 Completed database query for table users
2019-02-13T15:33:43.234543 Received request from 102.23.55.32 for /example
2006-02-13T15:33:44.726534 Started database query for table users
2019-02-13T15:33:44.038472 Completed database query for table users
2019-02-13T15:33:43.234543 Received request from 102.23.55.32 for /example
2009-02-13T15:33:44.726534 Started database query for table users
2019-02-13T15:33:44.038472 Completed database query for table users
2019-02-13T15:33:43.234543 Received request from 102.23.55.32 for /example
2018-02-13T15:33:44.726534 Started database query for table users
2019-02-13T15:33:44.038472 Completed database query for table users
2019-02-13T15:33:43.234543 Received request from 102.23.55.32 for /example
2012-02-13T15:33:44.726534 Started database query for table users
2019-02-13T15:33:44.038472 Completed database query for table users
2019-02-13T15:33:43.234543 Received request from 102.23.55.32 for /example
2019-02-13T15:33:44.726534 Started database query for table users
2019-02-13T15:33:44.038472 Completed database query for table users
2015-02-13T15:33:43.234543 Received request from 102.23.55.32 for /example
2019-02-13T15:33:44.726534 Started database query for table users
2019-02-13T15:33:44.038472 Completed database query for table users
2019-02-13T15:33:43.234543 Received request from 102.23.55.32 for /example
2019-02-13T15:33:44.726534 Started database query for table users
2019-02-13T15:33:44.038472 Completed database query for table users
2019-02-13T15:33:43.234543 Received request from 102.23.55.32 for /example
2019-02-13T15:33:44.726534 Started database query for table users
2019-02-13T15:33:44.038472 Completed database query for table users
2019-02-13T15:33:43.234543 Received request from 102.23.55.32 for /example
2019-02-13T15:33:44.726534 Started database query for table users
2019-02-13T15:33:44.038472 Completed database query for table users
2019-02-13T15:33:43.234543 Received request from 102.23.55.32 for /example
2019-02-13T15:33:44.726534 Started database query for table users
2019-02-13T15:33:44.038472 Completed database query for table users
2019-02-13T15:33:43.234543 Received request from 102.23.55.32 for /example
2019-02-13T15:33:44.726534 Started database query for table users
2019-02-13T15:33:44.038472 Completed database query for table users
2019-02-13T15:33:43.234543 Received request from 102.23.55.32 for /example
2019-02-13T15:33:44.726534 Started database query for table users
2019-02-13T15:33:44.038472 Completed database query for table users
2019-02-13T15:33:43.234543 Received request from 102.23.55.32 for /example
2019-02-13T15:33:44.726534 Started database query for table users
2019-02-13T15:33:44.038472 Completed database query for table users
2019-02-13T15:33:43.234543 Received request from 102.23.55.32 for /example
2006-02-13T15:33:44.726534 Started database query for table users
2019-02-13T15:33:44.038472 Completed database query for table users
2019-02-13T15:33:43.234543 Received request from 102.23.55.32 for /example
2009-02-13T15:33:44.726534 Started database query for table users
2019-02-13T15:33:44.038472 Completed database query for table users
2019-02-13T15:33:43.234543 Received request from 102.23.55.32 for /example
2018-02-13T15:33:44.726534 Started database query for table users
2019-02-13T15:33:44.038472 Completed database query for table users
2019-02-13T15:33:43.234543 Received request from 102.23.55.32 for /example
2012-02-13T15:33:44.726534 Started database query for table users
2019-02-13T15:33:44.038472 Completed database query for table users
2019-02-13T15:33:43.234543 Received request from 102.23.55.32 for /example
2019-02-13T15:33:44.726534 Started database query for table users
2019-02-13T15:33:44.038472 Completed database query for table users
2015-02-13T15:33:43.234543 Received request from 102.23.55.32 for /example
2019-02-13T15:33:44.726534 Started database query for table users
2019-02-13T15:33:44.038472 Completed database query for table users
2019-02-13T15:33:43.234543 Received request from 102.23.55.32 for /example
2019-02-13T15:33:44.726534 Started database query for table users
2019-02-13T15:33:44.038472 Completed database query for table users
2019-02-13T15:33:43.234543 Received request from 102.23.55.32 for /example
2019-02-13T15:33:44.726534 Started database query for table users
2019-02-13T15:33:44.038472 Completed database query for table users
2019-02-13T15:33:43.234543 Received request from 102.23.55.32 for /example
2019-02-13T15:33:44.726534 Started database query for table users
2019-02-13T15:33:44.038472 Completed database query for table users
2019-02-13T15:33:43.234543 Received request from 102.23.55.32 for /example
2019-02-13T15:33:44.726534 Started database query for table users
2019-02-13T15:33:44.038472 Completed database query for table users
2019-02-13T15:33:43.234543 Received request from 102.23.55.32 for /example
2019-02-13T15:33:44.726534 Started database query for table users
2019-02-13T15:33:44.038472 Completed database query for table users
2019-02-13T15:33:43.234543 Received request from 102.23.55.32 for /example
2019-02-13T15:33:44.726534 Started database query for table users
2019-02-13T15:33:44.038472 Completed database query for table users
2019-02-13T15:33:43.234543 Received request from 102.23.55.32 for /example
2019-02-13T15:33:44.726534 Started database query for table users
2019-02-13T15:33:44.038472 Completed database query for table users
2019-02-13T15:33:43.234543 Received request from 102.23.55.32 for /example
2006-02-13T15:33:44.726534 Started database query for table users
2019-02-13T15:33:44.038472 Completed database query for table users
2019-02-13T15:33:43.234543 Received request from 102.23.55.32 for /example
2009-02-13T15:33:44.726534 Started database query for table users
2019-02-13T15:33:44.038472 Completed database query for table users
2019-02-13T15:33:43.234543 Received request from 102.23.55.32 for /example
2018-02-13T15:33:44.726534 Started database query for table users
2019-02-13T15:33:44.038472 Completed database query for table users
2019-02-13T15:33:43.234543 Received request from 102.23.55.32 for /example
2012-02-13T15:33:44.726534 Started database query for table users
2019-02-13T15:33:44.038472 Completed database query for table users
2019-02-13T15:33:43.234543 Received request from 102.23.55.32 for /example
2019-02-13T15:33:44.726534 Started database query for table users
2019-02-13T15:33:44.038472 Completed database query for table users
2015-02-13T15:33:43.234543 Received request from 102.23.55.32 for /example
2019-02-13T15:33:44.726534 Started database query for table users
2019-02-13T15:33:44.038472 Completed database query for table users
2019-02-13T15:33:43.234543 Received request from 102.23.55.32 for /example
2019-02-13T15:33:44.726534 Started database query for table users
2019-02-13T15:33:44.038472 Completed database query for table users
2019-02-13T15:33:43.234543 Received request from 102.23.55.32 for /example
2019-02-13T15:33:44.726534 Started database query for table users
2019-02-13T15:33:44.038472 Completed database query for table users
2019-02-13T15:33:43.234543 Received request from 102.23.55.32 for /example
2019-02-13T15:33:44.726534 Started database query for table users
2019-02-13T15:33:44.038472 Completed database query for table users
2019-02-13T15:33:43.234543 Received request from 102.23.55.32 for /example
2019-02-13T15:33:44.726534 Started database query for table users
2019-02-13T15:33:44.038472 Completed database query for table users
2019-02-13T15:33:43.234543 Received request from 102.23.55.32 for /example
2019-02-13T15:33:44.726534 Started database query for table users
2019-02-13T15:33:44.038472 Completed database query for table users
2019-02-13T15:33:43.234543 Received request from 102.23.55.32 for /example
2019-02-13T15:33:44.726534 Started database query for table users
2019-02-13T15:33:44.038472 Completed database query for table users
2019-02-13T15:33:43.234543 Received request from 102.23.55.32 for /example
2019-02-13T15:33:44.726534 Started database query for table users
2019-02-13T15:33:44.038472 Completed database query for table users
2019-02-13T15:33:43.234543 Received request from 102.23.55.32 for /example
2006-02-13T15:33:44.726534 Started database query for table users
2019-02-13T15:33:44.038472 Completed database query for table users
2019-02-13T15:33:43.234543 Received request from 102.23.55.32 for /example
2009-02-13T15:33:44.726534 Started database query for table users
2019-02-13T15:33:44.038472 Completed database query for table users
2019-02-13T15:33:43.234543 Received request from 102.23.55.32 for /example
2018-02-13T15:33:44.726534 Started database query for table users
2019-02-13T15:33:44.038472 Completed database query for table users
2019-02-13T15:33:43.234543 Received request from 102.23.55.32 for /example
2012-02-13T15:33:44.726534 Started database query for table users
2019-02-13T15:33:44.038472 Completed database query for table users
2019-02-13T15:33:43.234543 Received request from 102.23.55.32 for /example
2019-02-13T15:33:44.726534 Started database query for table users
2019-02-13T15:33:44.038472 Completed database query for table users
2015-02-13T15:33:43.234543 Received request from 102.23.55.32 for /example
2019-02-13T15:33:44.726534 Started database query for table users
2019-02-13T15:33:44.038472 Completed database query for table users
2019-02-13T15:33:43.234543 Received request from 102.23.55.32 for /example
2019-02-13T15:33:44.726534 Started database query for table users
2019-02-13T15:33:44.038472 Completed database query for table users
2019-02-13T15:33:43.234543 Received request from 102.23.55.32 for /example
2019-02-13T15:33:44.726534 Started database query for table users
2019-02-13T15:33:44.038472 Completed database query for table users
2019-02-13T15:33:43.234543 Received request from 102.23.55.32 for /example
2019-02-13T15:33:44.726534 Started database query for table users
2019-02-13T15:33:44.038472 Completed database query for table users
2019-02-13T15:33:43.234543 Received request from 102.23.55.32 for /example
2019-02-13T15:33:44.726534 Started database query for table users
2019-02-13T15:33:44.038472 Completed database query for table users
2019-02-13T15:33:43.234543 Received request from 102.23.55.32 for /example
2019-02-13T15:33:44.726534 Started database query for table users
2019-02-13T15:33:44.038472 Completed database query for table users
2019-02-13T15:33:43.234543 Received request from 102.23.55.32 for /example
2019-02-13T15:33:44.726534 Started database query for table users
2019-02-13T15:33:44.038472 Completed database query for table users
2019-02-13T15:33:43.234543 Received request from 102.23.55.32 for /example
2019-02-13T15:33:44.726534 Started database query for table users
2019-02-13T15:33:44.038472 Completed database query for table users
2019-02-13T15:33:43.234543 Received request from 102.23.55.32 for /example
2006-02-13T15:33:44.726534 Started database query for table users
2019-02-13T15:33:44.038472 Completed database query for table users
2019-02-13T15:33:43.234543 Received request from 102.23.55.32 for /example
2009-02-13T15:33:44.726534 Started database query for table users
2019-02-13T15:33:44.038472 Completed database query for table users
2019-02-13T15:33:43.234543 Received request from 102.23.55.32 for /example
2018-02-13T15:33:44.726534 Started database query for table users
2019-02-13T15:33:44.038472 Completed database query for table users
2019-02-13T15:33:43.234543 Received request from 102.23.55.32 for /example
2012-02-13T15:33:44.726534 Started database query for table users
2019-02-13T15:33:44.038472 Completed database query for table users
2019-02-13T15:33:43.234543 Received request from 102.23.55.32 for /example
2019-02-13T15:33:44.726534 Started database query for table users
2019-02-13T15:33:44.038472 Completed database query for table users
2015-02-13T15:33:43.234543 Received request from 102.23.55.32 for /example
2019-02-13T15:33:44.726534 Started database query for table users
2019-02-13T15:33:44.038472 Completed database query for table users
2019-02-13T15:33:43.234543 Received request from 102.23.55.32 for /example
2019-02-13T15:33:44.726534 Started database query for table users
2019-02-13T15:33:44.038472 Completed database query for table users
2019-02-13T15:33:43.234543 Received request from 102.23.55.32 for /example
2019-02-13T15:33:44.726534 Started database query for table users
2019-02-13T15:33:44.038472 Completed database query for table users
2019-02-13T15:33:43.234543 Received request from 102.23.55.32 for /example
2019-02-13T15:33:44.726534 Started database query for table users
2019-02-13T15:33:44.038472 Completed database query for table users
2019-02-13T15:33:43.234543 Received request from 102.23.55.32 for /example
2019-02-13T15:33:44.726534 Started database query for table users
2019-02-13T15:33:44.038472 Completed database query for table users
2019-02-13T15:33:43.234543 Received request from 102.23.55.32 for /example
2019-02-13T15:33:44.726534 Started database query for table users
2019-02-13T15:33:44.038472 Completed database query for table users
2019-02-13T15:33:43.234543 Received request from 102.23.55.32 for /example
2019-02-13T15:33:44.726534 Started database query for table users
2019-02-13T15:33:44.038472 Completed database query for table users
2019-02-13T15:33:43.234543 Received request from 102.23.55.32 for /example
2019-02-13T15:33:44.726534 Started database query for table users
2019-02-13T15:33:44.038472 Completed database query for table users
2019-02-13T15:33:43.234543 Received request from 102.23.55.32 for /example
2006-02-13T15:33:44.726534 Started database query for table users
2019-02-13T15:33:44.038472 Completed database query for table users
2019-02-13T15:33:43.234543 Received request from 102.23.55.32 for /example
2009-02-13T15:33:44.726534 Started database query for table users
2019-02-13T15:33:44.038472 Completed database query for table users
2019-02-13T15:33:43.234543 Received request from 102.23.55.32 for /example
2018-02-13T15:33:44.726534 Started database query for table users
2019-02-13T15:33:44.038472 Completed database query for table users
2019-02-13T15:33:43.234543 Received request from 102.23.55.32 for /example
2012-02-13T15:33:44.726534 Started database query for table users
2019-02-13T15:33:44.038472 Completed database query for table users
2019-02-13T15:33:43.234543 Received request from 102.23.55.32 for /example
2019-02-13T15:33:44.726534 Started database query for table users
2019-02-13T15:33:44.038472 Completed database query for table users
2015-02-13T15:33:43.234543 Received request from 102.23.55.32 for /example
2019-02-13T15:33:44.726534 Started database query for table users
2019-02-13T15:33:44.038472 Completed database query for table users
2019-02-13T15:33:43.234543 Received request from 102.23.55.32 for /example
2019-02-13T15:33:44.726534 Started database query for table users
2019-02-13T15:33:44.038472 Completed database query for table users
2019-02-13T15:33:43.234543 Received request from 102.23.55.32 for /example
2019-02-13T15:33:44.726534 Started database query for table users
2019-02-13T15:33:44.038472 Completed database query for table users
2019-02-13T15:33:43.234543 Received request from 102.23.55.32 for /example
2019-02-13T15:33:44.726534 Started database query for table users
2019-02-13T15:33:44.038472 Completed database query for table users
2019-02-13T15:33:43.234543 Received request from 102.23.55.32 for /example
2019-02-13T15:33:44.726534 Started database query for table users
2019-02-13T15:33:44.038472 Completed database query for table users
2019-02-13T15:33:43.234543 Received request from 102.23.55.32 for /example
2019-02-13T15:33:44.726534 Started database query for table users
2019-02-13T15:33:44.038472 Completed database query for table users
2019-02-13T15:33:43.234543 Received request from 102.23.55.32 for /example
2019-02-13T15:33:44.726534 Started database query for table users
2019-02-13T15:33:44.038472 Completed database query for table users
2019-02-13T15:33:43.234543 Received request from 102.23.55.32 for /example
2019-02-13T15:33:44.726534 Started database query for table users
2019-02-13T15:33:44.038472 Completed database query for table users
2019-02-13T15:33:43.234543 Received request from 102.23.55.32 for /example
2006-02-13T15:33:44.726534 Started database query for table users
2019-02-13T15:33:44.038472 Completed database query for table users
2019-02-13T15:33:43.234543 Received request from 102.23.55.32 for /example
2009-02-13T15:33:44.726534 Started database query for table users
2019-02-13T15:33:44.038472 Completed database query for table users
2019-02-13T15:33:43.234543 Received request from 102.23.55.32 for /example
2018-02-13T15:33:44.726534 Started database query for table users
2019-02-13T15:33:44.038472 Completed database query for table users
2019-02-13T15:33:43.234543 Received request from 102.23.55.32 for /example
2012-02-13T15:33:44.726534 Started database query for table users
2019-02-13T15:33:44.038472 Completed database query for table users
2019-02-13T15:33:43.234543 Received request from 102.23.55.32 for /example
2019-02-13T15:33:44.726534 Started database query for table users
2019-02-13T15:33:44.038472 Completed database query for table users
2015-02-13T15:33:43.234543 Received request from 102.23.55.32 for /example
2019-02-13T15:33:44.726534 Started database query for table users
2019-02-13T15:33:44.038472 Completed database query for table users
2019-02-13T15:33:43.234543 Received request from 102.23.55.32 for /example
2019-02-13T15:33:44.726534 Started database query for table users
2019-02-13T15:33:44.038472 Completed database query for table users
2019-02-13T15:33:43.234543 Received request from 102.23.55.32 for /example
2019-02-13T15:33:44.726534 Started database query for table users
2019-02-13T15:33:44.038472 Completed database query for table users
2019-02-13T15:33:43.234543 Received request from 102.23.55.32 for /example
2019-02-13T15:33:44.726534 Started database query for table users
2019-02-13T15:33:44.038472 Completed database query for table users
2019-02-13T15:33:43.234543 Received request from 102.23.55.32 for /example
2019-02-13T15:33:44.726534 Started database query for table users
2019-02-13T15:33:44.038472 Completed database query for table users
2019-02-13T15:33:43.234543 Received request from 102.23.55.32 for /example
2019-02-13T15:33:44.726534 Started database query for table users
2019-02-13T15:33:44.038472 Completed database query for table users
2019-02-13T15:33:43.234543 Received request from 102.23.55.32 for /example
2019-02-13T15:33:44.726534 Started database query for table users
2019-02-13T15:33:44.038472 Completed database query for table users
2019-02-13T15:33:43.234543 Received request from 102.23.55.32 for /example
2019-02-13T15:33:44.726534 Started database query for table users
2019-02-13T15:33:44.038472 Completed database query for table users
2019-02-13T15:33:43.234543 Received request from 102.23.55.32 for /example
2006-02-13T15:33:44.726534 Started database query for table users
2019-02-13T15:33:44.038472 Completed database query for table users
2019-02-13T15:33:43.234543 Received request from 102.23.55.32 for /example
2009-02-13T15:33:44.726534 Started database query for table users
2019-02-13T15:33:44.038472 Completed database query for table users
2019-02-13T15:33:43.234543 Received request from 102.23.55.32 for /example
2018-02-13T15:33:44.726534 Started database query for table users
2019-02-13T15:33:44.038472 Completed database query for table users
2019-02-13T15:33:43.234543 Received request from 102.23.55.32 for /example
2012-02-13T15:33:44.726534 Started database query for table users
2019-02-13T15:33:44.038472 Completed database query for table users
2019-02-13T15:33:43.234543 Received request from 102.23.55.32 for /example
2019-02-13T15:33:44.726534 Started database query for table users
2019-02-13T15:33:44.038472 Completed database query for table users
2015-02-13T15:33:43.234543 Received request from 102.23.55.32 for /example
2019-02-13T15:33:44.726534 Started database query for table users
2019-02-13T15:33:44.038472 Completed database query for table users
2019-02-13T15:33:43.234543 Received request from 102.23.55.32 for /example
2019-02-13T15:33:44.726534 Started database query for table users
2019-02-13T15:33:44.038472 Completed database query for table users
2019-02-13T15:33:43.234543 Received request from 102.23.55.32 for /example
2019-02-13T15:33:44.726534 Started database query for table users
2019-02-13T15:33:44.038472 Completed database query for table users
2019-02-13T15:33:43.234543 Received request from 102.23.55.32 for /example
2019-02-13T15:33:44.726534 Started database query for table users
2019-02-13T15:33:44.038472 Completed database query for table users
2019-02-13T15:33:43.234543 Received request from 102.23.55.32 for /example
2019-02-13T15:33:44.726534 Started database query for table users
2019-02-13T15:33:44.038472 Completed database query for table users
2019-02-13T15:33:43.234543 Received request from 102.23.55.32 for /example
2019-02-13T15:33:44.726534 Started database query for table users
2019-02-13T15:33:44.038472 Completed database query for table users
2019-02-13T15:33:43.234543 Received request from 102.23.55.32 for /example
2019-02-13T15:33:44.726534 Started database query for table users
2019-02-13T15:33:44.038472 Completed database query for table users
2019-02-13T15:33:43.234543 Received request from 102.23.55.32 for /example
2019-02-13T15:33:44.726534 Started database query for table users
2019-02-13T15:33:44.038472 Completed database query for table users
2019-02-13T15:33:43.234543 Received request from 102.23.55.32 for /example
2006-02-13T15:33:44.726534 Started database query for table users
2019-02-13T15:33:44.038472 Completed database query for table users
2019-02-13T15:33:43.234543 Received request from 102.23.55.32 for /example
2009-02-13T15:33:44.726534 Started database query for table users
2019-02-13T15:33:44.038472 Completed database query for table users
2019-02-13T15:33:43.234543 Received request from 102.23.55.32 for /example
2018-02-13T15:33:44.726534 Started database query for table users
2019-02-13T15:33:44.038472 Completed database query for table users
2019-02-13T15:33:43.234543 Received request from 102.23.55.32 for /example
2012-02-13T15:33:44.726534 Started database query for table users
2019-02-13T15:33:44.038472 Completed database query for table users
2019-02-13T15:33:43.234543 Received request from 102.23.55.32 for /example
2019-02-13T15:33:44.726534 Started database query for table users
2019-02-13T15:33:44.038472 Completed database query for table users
2015-02-13T15:33:43.234543 Received request from 102.23.55.32 for /example
2019-02-13T15:33:44.726534 Started database query for table users
2019-02-13T15:33:44.038472 Completed database query for table users
2019-02-13T15:33:43.234543 Received request from 102.23.55.32 for /example
2019-02-13T15:33:44.726534 Started database query for table users
2019-02-13T15:33:44.038472 Completed database query for table users
2019-02-13T15:33:43.234543 Received request from 102.23.55.32 for /example
2019-02-13T15:33:44.726534 Started database query for table users
2019-02-13T15:33:44.038472 Completed database query for table users
2019-02-13T15:33:43.234543 Received request from 102.23.55.32 for /example
2019-02-13T15:33:44.726534 Started database query for table users
2019-02-13T15:33:44.038472 Completed database query for table users
2019-02-13T15:33:43.234543 Received request from 102.23.55.32 for /example
2019-02-13T15:33:44.726534 Started database query for table users
2019-02-13T15:33:44.038472 Completed database query for table users
2019-02-13T15:33:43.234543 Received request from 102.23.55.32 for /example
2019-02-13T15:33:44.726534 Started database query for table users
2019-02-13T15:33:44.038472 Completed database query for table users
2019-02-13T15:33:43.234543 Received request from 102.23.55.32 for /example
2019-02-13T15:33:44.726534 Started database query for table users
2019-02-13T15:33:44.038472 Completed database query for table users
2019-02-13T15:33:43.234543 Received request from 102.23.55.32 for /example
2019-02-13T15:33:44.726534 Started database query for table users
2019-02-13T15:33:44.038472 Completed database query for table users
2019-02-13T15:33:43.234543 Received request from 102.23.55.32 for /example
2006-02-13T15:33:44.726534 Started database query for table users
2019-02-13T15:33:44.038472 Completed database query for table users
2019-02-13T15:33:43.234543 Received request from 102.23.55.32 for /example
2009-02-13T15:33:44.726534 Started database query for table users
2019-02-13T15:33:44.038472 Completed database query for table users
2019-02-13T15:33:43.234543 Received request from 102.23.55.32 for /example
2018-02-13T15:33:44.726534 Started database query for table users
2019-02-13T15:33:44.038472 Completed database query for table users
2019-02-13T15:33:43.234543 Received request from 102.23.55.32 for /example
2012-02-13T15:33:44.726534 Started database query for table users
2019-02-13T15:33:44.038472 Completed database query for table users
2019-02-13T15:33:43.234543 Received request from 102.23.55.32 for /example
2019-02-13T15:33:44.726534 Started database query for table users
2019-02-13T15:33:44.038472 Completed database query for table users
2015-02-13T15:33:43.234543 Received request from 102.23.55.32 for /example
2019-02-13T15:33:44.726534 Started database query for table users
2019-02-13T15:33:44.038472 Completed database query for table users
2019-02-13T15:33:43.234543 Received request from 102.23.55.32 for /example
2019-02-13T15:33:44.726534 Started database query for table users
2019-02-13T15:33:44.038472 Completed database query for table users
2019-02-13T15:33:43.234543 Received request from 102.23.55.32 for /example
2019-02-13T15:33:44.726534 Started database query for table users
2019-02-13T15:33:44.038472 Completed database query for table users
2019-02-13T15:33:43.234543 Received request from 102.23.55.32 for /example
2019-02-13T15:33:44.726534 Started database query for table users
2019-02-13T15:33:44.038472 Completed database query for table users
2019-02-13T15:33:43.234543 Received request from 102.23.55.32 for /example
2019-02-13T15:33:44.726534 Started database query for table users
2019-02-13T15:33:44.038472 Completed database query for table users
2019-02-13T15:33:43.234543 Received request from 102.23.55.32 for /example
2019-02-13T15:33:44.726534 Started database query for table users
2019-02-13T15:33:44.038472 Completed database query for table users
2019-02-13T15:33:43.234543 Received request from 102.23.55.32 for /example
2019-02-13T15:33:44.726534 Started database query for table users
2019-02-13T15:33:44.038472 Completed database query for table users
2019-02-13T15:33:43.234543 Received request from 102.23.55.32 for /example
2019-02-13T15:33:44.726534 Started database query for table users
2019-02-13T15:33:44.038472 Completed database query for table users
2019-02-13T15:33:43.234543 Received request from 102.23.55.32 for /example
2006-02-13T15:33:44.726534 Started database query for table users
2019-02-13T15:33:44.038472 Completed database query for table users
2019-02-13T15:33:43.234543 Received request from 102.23.55.32 for /example
2009-02-13T15:33:44.726534 Started database query for table users
2019-02-13T15:33:44.038472 Completed database query for table users
2019-02-13T15:33:43.234543 Received request from 102.23.55.32 for /example
2018-02-13T15:33:44.726534 Started database query for table users
2019-02-13T15:33:44.038472 Completed database query for table users
2019-02-13T15:33:43.234543 Received request from 102.23.55.32 for /example
2012-02-13T15:33:44.726534 Started database query for table users
2019-02-13T15:33:44.038472 Completed database query for table users
2019-02-13T15:33:43.234543 Received request from 102.23.55.32 for /example
2019-02-13T15:33:44.726534 Started database query for table users
2019-02-13T15:33:44.038472 Completed database query for table users
2015-02-13T15:33:43.234543 Received request from 102.23.55.32 for /example
2019-02-13T15:33:44.726534 Started database query for table users
2019-02-13T15:33:44.038472 Completed database query for table users
2019-02-13T15:33:43.234543 Received request from 102.23.55.32 for /example
2019-02-13T15:33:44.726534 Started database query for table users
2019-02-13T15:33:44.038472 Completed database query for table users
2019-02-13T15:33:43.234543 Received request from 102.23.55.32 for /example
2019-02-13T15:33:44.726534 Started database query for table users
2019-02-13T15:33:44.038472 Completed database query for table users
2019-02-13T15:33:43.234543 Received request from 102.23.55.32 for /example
2019-02-13T15:33:44.726534 Started database query for table users
2019-02-13T15:33:44.038472 Completed database query for table users
2019-02-13T15:33:43.234543 Received request from 102.23.55.32 for /example
2019-02-13T15:33:44.726534 Started database query for table users
2019-02-13T15:33:44.038472 Completed database query for table users
2019-02-13T15:33:43.234543 Received request from 102.23.55.32 for /example
2019-02-13T15:33:44.726534 Started database query for table users
2019-02-13T15:33:44.038472 Completed database query for table users
2019-02-13T15:33:43.234543 Received request from 102.23.55.32 for /example
2019-02-13T15:33:44.726534 Started database query for table users
2019-02-13T15:33:44.038472 Completed database query for table users
2019-02-13T15:33:43.234543 Received request from 102.23.55.32 for /example
2019-02-13T15:33:44.726534 Started database query for table users
2019-02-13T15:33:44.038472 Completed database query for table users
2019-02-13T15:33:43.234543 Received request from 102.23.55.32 for /example
2006-02-13T15:33:44.726534 Started database query for table users
2019-02-13T15:33:44.038472 Completed database query for table users
2019-02-13T15:33:43.234543 Received request from 102.23.55.32 for /example
2009-02-13T15:33:44.726534 Started database query for table users
2019-02-13T15:33:44.038472 Completed database query for table users
2019-02-13T15:33:43.234543 Received request from 102.23.55.32 for /example
2018-02-13T15:33:44.726534 Started database query for table users
2019-02-13T15:33:44.038472 Completed database query for table users
2019-02-13T15:33:43.234543 Received request from 102.23.55.32 for /example
2012-02-13T15:33:44.726534 Started database query for table users
2019-02-13T15:33:44.038472 Completed database query for table users
2019-02-13T15:33:43.234543 Received request from 102.23.55.32 for /example
2019-02-13T15:33:44.726534 Started database query for table users
2019-02-13T15:33:44.038472 Completed database query for table users
2015-02-13T15:33:43.234543 Received request from 102.23.55.32 for /example
2019-02-13T15:33:44.726534 Started database query for table users
2019-02-13T15:33:44.038472 Completed database query for table users
2019-02-13T15:33:43.234543 Received request from 102.23.55.32 for /example
2019-02-13T15:33:44.726534 Started database query for table users
2019-02-13T15:33:44.038472 Completed database query for table users
2019-02-13T15:33:43.234543 Received request from 102.23.55.32 for /example
2019-02-13T15:33:44.726534 Started database query for table users
2019-02-13T15:33:44.038472 Completed database query for table users
2019-02-13T15:33:43.234543 Received request from 102.23.55.32 for /example
2019-02-13T15:33:44.726534 Started database query for table users
2019-02-13T15:33:44.038472 Completed database query for table users
2019-02-13T15:33:43.234543 Received request from 102.23.55.32 for /example
2019-02-13T15:33:44.726534 Started database query for table users
2019-02-13T15:33:44.038472 Completed database query for table users
2019-02-13T15:33:43.234543 Received request from 102.23.55.32 for /example
2019-02-13T15:33:44.726534 Started database query for table users
2019-02-13T15:33:44.038472 Completed database query for table users
2019-02-13T15:33:43.234543 Received request from 102.23.55.32 for /example
2019-02-13T15:33:44.726534 Started database query for table users
2019-02-13T15:33:44.038472 Completed database query for table users
2019-02-13T15:33:43.234543 Received request from 102.23.55.32 for /example
2019-02-13T15:33:44.726534 Started database query for table users
2019-02-13T15:33:44.038472 Completed database query for table users
2019-02-13T15:33:43.234543 Received request from 102.23.55.32 for /example
2006-02-13T15:33:44.726534 Started database query for table users
2019-02-13T15:33:44.038472 Completed database query for table users
2019-02-13T15:33:43.234543 Received request from 102.23.55.32 for /example
2009-02-13T15:33:44.726534 Started database query for table users
2019-02-13T15:33:44.038472 Completed database query for table users
2019-02-13T15:33:43.234543 Received request from 102.23.55.32 for /example
2018-02-13T15:33:44.726534 Started database query for table users
2019-02-13T15:33:44.038472 Completed database query for table users
2019-02-13T15:33:43.234543 Received request from 102.23.55.32 for /example
2012-02-13T15:33:44.726534 Started database query for table users
2019-02-13T15:33:44.038472 Completed database query for table users
2019-02-13T15:33:43.234543 Received request from 102.23.55.32 for /example
2019-02-13T15:33:44.726534 Started database query for table users
2019-02-13T15:33:44.038472 Completed database query for table users
2015-02-13T15:33:43.234543 Received request from 102.23.55.32 for /example
2019-02-13T15:33:44.726534 Started database query for table users
2019-02-13T15:33:44.038472 Completed database query for table users
2019-02-13T15:33:43.234543 Received request from 102.23.55.32 for /example
2019-02-13T15:33:44.726534 Started database query for table users
2019-02-13T15:33:44.038472 Completed database query for table users
2019-02-13T15:33:43.234543 Received request from 102.23.55.32 for /example
2019-02-13T15:33:44.726534 Started database query for table users
2019-02-13T15:33:44.038472 Completed database query for table users
2019-02-13T15:33:43.234543 Received request from 102.23.55.32 for /example
2019-02-13T15:33:44.726534 Started database query for table users
2019-02-13T15:33:44.038472 Completed database query for table users
2019-02-13T15:33:43.234543 Received request from 102.23.55.32 for /example
2019-02-13T15:33:44.726534 Started database query for table users
2019-02-13T15:33:44.038472 Completed database query for table users
2019-02-13T15:33:43.234543 Received request from 102.23.55.32 for /example
2019-02-13T15:33:44.726534 Started database query for table users
2019-02-13T15:33:44.038472 Completed database query for table users
2019-02-13T15:33:43.234543 Received request from 102.23.55.32 for /example
2019-02-13T15:33:44.726534 Started database query for table users
2019-02-13T15:33:44.038472 Completed database query for table users
2019-02-13T15:33:43.234543 Received request from 102.23.55.32 for /example
2019-02-13T15:33:44.726534 Started database query for table users
2019-02-13T15:33:44.038472 Completed database query for table users
2019-02-13T15:33:43.234543 Received request from 102.23.55.32 for /example
2006-02-13T15:33:44.726534 Started database query for table users
2019-02-13T15:33:44.038472 Completed database query for table users
2019-02-13T15:33:43.234543 Received request from 102.23.55.32 for /example
2009-02-13T15:33:44.726534 Started database query for table users
2019-02-13T15:33:44.038472 Completed database query for table users
2019-02-13T15:33:43.234543 Received request from 102.23.55.32 for /example
2018-02-13T15:33:44.726534 Started database query for table users
2019-02-13T15:33:44.038472 Completed database query for table users
2019-02-13T15:33:43.234543 Received request from 102.23.55.32 for /example
2012-02-13T15:33:44.726534 Started database query for table users
2019-02-13T15:33:44.038472 Completed database query for table users
2019-02-13T15:33:43.234543 Received request from 102.23.55.32 for /example
2019-02-13T15:33:44.726534 Started database query for table users
2019-02-13T15:33:44.038472 Completed database query for table users
2015-02-13T15:33:43.234543 Received request from 102.23.55.32 for /example
2019-02-13T15:33:44.726534 Started database query for table users
2019-02-13T15:33:44.038472 Completed database query for table users
2019-02-13T15:33:43.234543 Received request from 102.23.55.32 for /example
2019-02-13T15:33:44.726534 Started database query for table users
2019-02-13T15:33:44.038472 Completed database query for table users
2019-02-13T15:33:43.234543 Received request from 102.23.55.32 for /example
2019-02-13T15:33:44.726534 Started database query for table users
2019-02-13T15:33:44.038472 Completed database query for table users
2019-02-13T15:33:43.234543 Received request from 102.23.55.32 for /example
2019-02-13T15:33:44.726534 Started database query for table users
2019-02-13T15:33:44.038472 Completed database query for table users
2019-02-13T15:33:43.234543 Received request from 102.23.55.32 for /example
2019-02-13T15:33:44.726534 Started database query for table users
2019-02-13T15:33:44.038472 Completed database query for table users
2019-02-13T15:33:43.234543 Received request from 102.23.55.32 for /example
2019-02-13T15:33:44.726534 Started database query for table users
2019-02-13T15:33:44.038472 Completed database query for table users
2019-02-13T15:33:43.234543 Received request from 102.23.55.32 for /example
2019-02-13T15:33:44.726534 Started database query for table users
2019-02-13T15:33:44.038472 Completed database query for table users
2019-02-13T15:33:43.234543 Received request from 102.23.55.32 for /example
2019-02-13T15:33:44.726534 Started database query for table users
2019-02-13T15:33:44.038472 Completed database query for table users
2019-02-13T15:33:43.234543 Received request from 102.23.55.32 for /example
2006-02-13T15:33:44.726534 Started database query for table users
2019-02-13T15:33:44.038472 Completed database query for table users
2019-02-13T15:33:43.234543 Received request from 102.23.55.32 for /example
2009-02-13T15:33:44.726534 Started database query for table users
2019-02-13T15:33:44.038472 Completed database query for table users
2019-02-13T15:33:43.234543 Received request from 102.23.55.32 for /example
2018-02-13T15:33:44.726534 Started database query for table users
2019-02-13T15:33:44.038472 Completed database query for table users
2019-02-13T15:33:43.234543 Received request from 102.23.55.32 for /example
2012-02-13T15:33:44.726534 Started database query for table users
2019-02-13T15:33:44.038472 Completed database query for table users
2019-02-13T15:33:43.234543 Received request from 102.23.55.32 for /example
2019-02-13T15:33:44.726534 Started database query for table users
2019-02-13T15:33:44.038472 Completed database query for table users
2015-02-13T15:33:43.234543 Received request from 102.23.55.32 for /example
2019-02-13T15:33:44.726534 Started database query for table users
2019-02-13T15:33:44.038472 Completed database query for table users
2019-02-13T15:33:43.234543 Received request from 102.23.55.32 for /example
2019-02-13T15:33:44.726534 Started database query for table users
2019-02-13T15:33:44.038472 Completed database query for table users
2019-02-13T15:33:43.234543 Received request from 102.23.55.32 for /example
2019-02-13T15:33:44.726534 Started database query for table users
2019-02-13T15:33:44.038472 Completed database query for table users
2019-02-13T15:33:43.234543 Received request from 102.23.55.32 for /example
2019-02-13T15:33:44.726534 Started database query for table users
2019-02-13T15:33:44.038472 Completed database query for table users
2019-02-13T15:33:43.234543 Received request from 102.23.55.32 for /example
2019-02-13T15:33:44.726534 Started database query for table users
2019-02-13T15:33:44.038472 Completed database query for table users
2019-02-13T15:33:43.234543 Received request from 102.23.55.32 for /example
2019-02-13T15:33:44.726534 Started database query for table users
2019-02-13T15:33:44.038472 Completed database query for table users
2019-02-13T15:33:43.234543 Received request from 102.23.55.32 for /example
2019-02-13T15:33:44.726534 Started database query for table users
2019-02-13T15:33:44.038472 Completed database query for table users
2019-02-13T15:33:43.234543 Received request from 102.23.55.32 for /example
2019-02-13T15:33:44.726534 Started database query for table users
2019-02-13T15:33:44.038472 Completed database query for table users
2019-02-13T15:33:43.234543 Received request from 102.23.55.32 for /example
2006-02-13T15:33:44.726534 Started database query for table users
2019-02-13T15:33:44.038472 Completed database query for table users
2019-02-13T15:33:43.234543 Received request from 102.23.55.32 for /example
2009-02-13T15:33:44.726534 Started database query for table users
2019-02-13T15:33:44.038472 Completed database query for table users
2019-02-13T15:33:43.234543 Received request from 102.23.55.32 for /example
2018-02-13T15:33:44.726534 Started database query for table users
2019-02-13T15:33:44.038472 Completed database query for table users
2019-02-13T15:33:43.234543 Received request from 102.23.55.32 for /example
2012-02-13T15:33:44.726534 Started database query for table users
2019-02-13T15:33:44.038472 Completed database query for table users
2019-02-13T15:33:43.234543 Received request from 102.23.55.32 for /example
2019-02-13T15:33:44.726534 Started database query for table users
2019-02-13T15:33:44.038472 Completed database query for table users
2015-02-13T15:33:43.234543 Received request from 102.23.55.32 for /example
2019-02-13T15:33:44.726534 Started database query for table users
2019-02-13T15:33:44.038472 Completed database query for table users
2019-02-13T15:33:43.234543 Received request from 102.23.55.32 for /example
2019-02-13T15:33:44.726534 Started database query for table users
2019-02-13T15:33:44.038472 Completed database query for table users
2019-02-13T15:33:43.234543 Received request from 102.23.55.32 for /example
2019-02-13T15:33:44.726534 Started database query for table users
2019-02-13T15:33:44.038472 Completed database query for table users
2019-02-13T15:33:43.234543 Received request from 102.23.55.32 for /example
2019-02-13T15:33:44.726534 Started database query for table users
2019-02-13T15:33:44.038472 Completed database query for table users
2019-02-13T15:33:43.234543 Received request from 102.23.55.32 for /example
2019-02-13T15:33:44.726534 Started database query for table users
2019-02-13T15:33:44.038472 Completed database query for table users
2019-02-13T15:33:43.234543 Received request from 102.23.55.32 for /example
2019-02-13T15:33:44.726534 Started database query for table users
2019-02-13T15:33:44.038472 Completed database query for table users
2019-02-13T15:33:43.234543 Received request from 102.23.55.32 for /example
2019-02-13T15:33:44.726534 Started database query for table users
2019-02-13T15:33:44.038472 Completed database query for table users
2019-02-13T15:33:43.234543 Received request from 102.23.55.32 for /example
2019-02-13T15:33:44.726534 Started database query for table users
2019-02-13T15:33:44.038472 Completed database query for table users
2019-02-13T15:33:43.234543 Received request from 102.23.55.32 for /example
2006-02-13T15:33:44.726534 Started database query for table users
2019-02-13T15:33:44.038472 Completed database query for table users
2019-02-13T15:33:43.234543 Received request from 102.23.55.32 for /example
2009-02-13T15:33:44.726534 Started database query for table users
2019-02-13T15:33:44.038472 Completed database query for table users
2019-02-13T15:33:43.234543 Received request from 102.23.55.32 for /example
2018-02-13T15:33:44.726534 Started database query for table users
2019-02-13T15:33:44.038472 Completed database query for table users
2019-02-13T15:33:43.234543 Received request from 102.23.55.32 for /example
2012-02-13T15:33:44.726534 Started database query for table users
2019-02-13T15:33:44.038472 Completed database query for table users
2019-02-13T15:33:43.234543 Received request from 102.23.55.32 for /example
2019-02-13T15:33:44.726534 Started database query for table users
2019-02-13T15:33:44.038472 Completed database query for table users
2015-02-13T15:33:43.234543 Received request from 102.23.55.32 for /example
2019-02-13T15:33:44.726534 Started database query for table users
2019-02-13T15:33:44.038472 Completed database query for table users
2019-02-13T15:33:43.234543 Received request from 102.23.55.32 for /example
2019-02-13T15:33:44.726534 Started database query for table users
2019-02-13T15:33:44.038472 Completed database query for table users
2019-02-13T15:33:43.234543 Received request from 102.23.55.32 for /example
2019-02-13T15:33:44.726534 Started database query for table users
2019-02-13T15:33:44.038472 Completed database query for table users
2019-02-13T15:33:43.234543 Received request from 102.23.55.32 for /example
2019-02-13T15:33:44.726534 Started database query for table users
2019-02-13T15:33:44.038472 Completed database query for table users
2019-02-13T15:33:43.234543 Received request from 102.23.55.32 for /example
2019-02-13T15:33:44.726534 Started database query for table users
2019-02-13T15:33:44.038472 Completed database query for table users
2019-02-13T15:33:43.234543 Received request from 102.23.55.32 for /example
2019-02-13T15:33:44.726534 Started database query for table users
2019-02-13T15:33:44.038472 Completed database query for table users
2019-02-13T15:33:43.234543 Received request from 102.23.55.32 for /example
2019-02-13T15:33:44.726534 Started database query for table users
2019-02-13T15:33:44.038472 Completed database query for table users
2019-02-13T15:33:43.234543 Received request from 102.23.55.32 for /example
2019-02-13T15:33:44.726534 Started database query for table users
2019-02-13T15:33:44.038472 Completed database query for table users
2019-02-13T15:33:43.234543 Received request from 102.23.55.32 for /example
2006-02-13T15:33:44.726534 Started database query for table users
2019-02-13T15:33:44.038472 Completed database query for table users
2019-02-13T15:33:43.234543 Received request from 102.23.55.32 for /example
2009-02-13T15:33:44.726534 Started database query for table users
2019-02-13T15:33:44.038472 Completed database query for table users
2019-02-13T15:33:43.234543 Received request from 102.23.55.32 for /example
2018-02-13T15:33:44.726534 Started database query for table users
2019-02-13T15:33:44.038472 Completed database query for table users
2019-02-13T15:33:43.234543 Received request from 102.23.55.32 for /example
2012-02-13T15:33:44.726534 Started database query for table users
2019-02-13T15:33:44.038472 Completed database query for table users
2019-02-13T15:33:43.234543 Received request from 102.23.55.32 for /example
2019-02-13T15:33:44.726534 Started database query for table users
2019-02-13T15:33:44.038472 Completed database query for table users
2015-02-13T15:33:43.234543 Received request from 102.23.55.32 for /example
2019-02-13T15:33:44.726534 Started database query for table users
2019-02-13T15:33:44.038472 Completed database query for table users
2019-02-13T15:33:43.234543 Received request from 102.23.55.32 for /example
2019-02-13T15:33:44.726534 Started database query for table users
2019-02-13T15:33:44.038472 Completed database query for table users
2019-02-13T15:33:43.234543 Received request from 102.23.55.32 for /example
2019-02-13T15:33:44.726534 Started database query for table users
2019-02-13T15:33:44.038472 Completed database query for table users
2019-02-13T15:33:43.234543 Received request from 102.23.55.32 for /example
2019-02-13T15:33:44.726534 Started database query for table users
2019-02-13T15:33:44.038472 Completed database query for table users
2019-02-13T15:33:43.234543 Received request from 102.23.55.32 for /example
2019-02-13T15:33:44.726534 Started database query for table users
2019-02-13T15:33:44.038472 Completed database query for table users
2019-02-13T15:33:43.234543 Received request from 102.23.55.32 for /example
2019-02-13T15:33:44.726534 Started database query for table users
2019-02-13T15:33:44.038472 Completed database query for table users
2019-02-13T15:33:43.234543 Received request from 102.23.55.32 for /example
2019-02-13T15:33:44.726534 Started database query for table users
2019-02-13T15:33:44.038472 Completed database query for table users
2019-02-13T15:33:43.234543 Received request from 102.23.55.32 for /example
2019-02-13T15:33:44.726534 Started database query for table users
2019-02-13T15:33:44.038472 Completed database query for table users
2019-02-13T15:33:43.234543 Received request from 102.23.55.32 for /example
2006-02-13T15:33:44.726534 Started database query for table users
2019-02-13T15:33:44.038472 Completed database query for table users
2019-02-13T15:33:43.234543 Received request from 102.23.55.32 for /example
2009-02-13T15:33:44.726534 Started database query for table users
2019-02-13T15:33:44.038472 Completed database query for table users
2019-02-13T15:33:43.234543 Received request from 102.23.55.32 for /example
2018-02-13T15:33:44.726534 Started database query for table users
2019-02-13T15:33:44.038472 Completed database query for table users
2019-02-13T15:33:43.234543 Received request from 102.23.55.32 for /example
2012-02-13T15:33:44.726534 Started database query for table users
2019-02-13T15:33:44.038472 Completed database query for table users
2019-02-13T15:33:43.234543 Received request from 102.23.55.32 for /example
2019-02-13T15:33:44.726534 Started database query for table users
2019-02-13T15:33:44.038472 Completed database query for table users
2015-02-13T15:33:43.234543 Received request from 102.23.55.32 for /example
2019-02-13T15:33:44.726534 Started database query for table users
2019-02-13T15:33:44.038472 Completed database query for table users
2019-02-13T15:33:43.234543 Received request from 102.23.55.32 for /example
2019-02-13T15:33:44.726534 Started database query for table users
2019-02-13T15:33:44.038472 Completed database query for table users
2019-02-13T15:33:43.234543 Received request from 102.23.55.32 for /example
2019-02-13T15:33:44.726534 Started database query for table users
2019-02-13T15:33:44.038472 Completed database query for table users
2019-02-13T15:33:43.234543 Received request from 102.23.55.32 for /example
2019-02-13T15:33:44.726534 Started database query for table users
2019-02-13T15:33:44.038472 Completed database query for table users
2019-02-13T15:33:43.234543 Received request from 102.23.55.32 for /example
2019-02-13T15:33:44.726534 Started database query for table users
2019-02-13T15:33:44.038472 Completed database query for table users
2019-02-13T15:33:43.234543 Received request from 102.23.55.32 for /example
2019-02-13T15:33:44.726534 Started database query for table users
2019-02-13T15:33:44.038472 Completed database query for table users
2019-02-13T15:33:43.234543 Received request from 102.23.55.32 for /example
2019-02-13T15:33:44.726534 Started database query for table users
2019-02-13T15:33:44.038472 Completed database query for table users
2019-02-13T15:33:43.234543 Received request from 102.23.55.32 for /example
2019-02-13T15:33:44.726534 Started database query for table users
2019-02-13T15:33:44.038472 Completed database query for table users
2019-02-13T15:33:43.234543 Received request from 102.23.55.32 for /example
2006-02-13T15:33:44.726534 Started database query for table users
2019-02-13T15:33:44.038472 Completed database query for table users
2019-02-13T15:33:43.234543 Received request from 102.23.55.32 for /example
2009-02-13T15:33:44.726534 Started database query for table users
2019-02-13T15:33:44.038472 Completed database query for table users
2019-02-13T15:33:43.234543 Received request from 102.23.55.32 for /example
2018-02-13T15:33:44.726534 Started database query for table users
2019-02-13T15:33:44.038472 Completed database query for table users
2019-02-13T15:33:43.234543 Received request from 102.23.55.32 for /example
2012-02-13T15:33:44.726534 Started database query for table users
2019-02-13T15:33:44.038472 Completed database query for table users
2019-02-13T15:33:43.234543 Received request from 102.23.55.32 for /example
2019-02-13T15:33:44.726534 Started database query for table users
2019-02-13T15:33:44.038472 Completed database query for table users
2015-02-13T15:33:43.234543 Received request from 102.23.55.32 for /example
2019-02-13T15:33:44.726534 Started database query for table users
2019-02-13T15:33:44.038472 Completed database query for table users
2019-02-13T15:33:43.234543 Received request from 102.23.55.32 for /example
2019-02-13T15:33:44.726534 Started database query for table users
2019-02-13T15:33:44.038472 Completed database query for table users
2019-02-13T15:33:43.234543 Received request from 102.23.55.32 for /example
2019-02-13T15:33:44.726534 Started database query for table users
2019-02-13T15:33:44.038472 Completed database query for table users
2019-02-13T15:33:43.234543 Received request from 102.23.55.32 for /example
2019-02-13T15:33:44.726534 Started database query for table users
2019-02-13T15:33:44.038472 Completed database query for table users
2019-02-13T15:33:43.234543 Received request from 102.23.55.32 for /example
2019-02-13T15:33:44.726534 Started database query for table users
2019-02-13T15:33:44.038472 Completed database query for table users
2019-02-13T15:33:43.234543 Received request from 102.23.55.32 for /example
2019-02-13T15:33:44.726534 Started database query for table users
2019-02-13T15:33:44.038472 Completed database query for table users
2019-02-13T15:33:43.234543 Received request from 102.23.55.32 for /example
2019-02-13T15:33:44.726534 Started database query for table users
2019-02-13T15:33:44.038472 Completed database query for table users
2019-02-13T15:33:43.234543 Received request from 102.23.55.32 for /example
2019-02-13T15:33:44.726534 Started database query for table users
2019-02-13T15:33:44.038472 Completed database query for table users
2019-02-13T15:33:43.234543 Received request from 102.23.55.32 for /example
2006-02-13T15:33:44.726534 Started database query for table users
2019-02-13T15:33:44.038472 Completed database query for table users
2019-02-13T15:33:43.234543 Received request from 102.23.55.32 for /example
2009-02-13T15:33:44.726534 Started database query for table users
2019-02-13T15:33:44.038472 Completed database query for table users
2019-02-13T15:33:43.234543 Received request from 102.23.55.32 for /example
2018-02-13T15:33:44.726534 Started database query for table users
2019-02-13T15:33:44.038472 Completed database query for table users
2019-02-13T15:33:43.234543 Received request from 102.23.55.32 for /example
2012-02-13T15:33:44.726534 Started database query for table users
2019-02-13T15:33:44.038472 Completed database query for table users
2019-02-13T15:33:43.234543 Received request from 102.23.55.32 for /example
2019-02-13T15:33:44.726534 Started database query for table users
2019-02-13T15:33:44.038472 Completed database query for table users
2015-02-13T15:33:43.234543 Received request from 102.23.55.32 for /example
2019-02-13T15:33:44.726534 Started database query for table users
2019-02-13T15:33:44.038472 Completed database query for table users
2019-02-13T15:33:43.234543 Received request from 102.23.55.32 for /example
2019-02-13T15:33:44.726534 Started database query for table users
2019-02-13T15:33:44.038472 Completed database query for table users
2019-02-13T15:33:43.234543 Received request from 102.23.55.32 for /example
2019-02-13T15:33:44.726534 Started database query for table users
2019-02-13T15:33:44.038472 Completed database query for table users
2019-02-13T15:33:43.234543 Received request from 102.23.55.32 for /example
2019-02-13T15:33:44.726534 Started database query for table users
2019-02-13T15:33:44.038472 Completed database query for table users
2019-02-13T15:33:43.234543 Received request from 102.23.55.32 for /example
2019-02-13T15:33:44.726534 Started database query for table users
2019-02-13T15:33:44.038472 Completed database query for table users
2019-02-13T15:33:43.234543 Received request from 102.23.55.32 for /example
2019-02-13T15:33:44.726534 Started database query for table users
2019-02-13T15:33:44.038472 Completed database query for table users
2019-02-13T15:33:43.234543 Received request from 102.23.55.32 for /example
2019-02-13T15:33:44.726534 Started database query for table users
2019-02-13T15:33:44.038472 Completed database query for table users
2019-02-13T15:33:43.234543 Received request from 102.23.55.32 for /example
2019-02-13T15:33:44.726534 Started database query for table users
2019-02-13T15:33:44.038472 Completed database query for table users
2019-02-13T15:33:43.234543 Received request from 102.23.55.32 for /example
2006-02-13T15:33:44.726534 Started database query for table users
2019-02-13T15:33:44.038472 Completed database query for table users
2019-02-13T15:33:43.234543 Received request from 102.23.55.32 for /example
2009-02-13T15:33:44.726534 Started database query for table users
2019-02-13T15:33:44.038472 Completed database query for table users
2019-02-13T15:33:43.234543 Received request from 102.23.55.32 for /example
2018-02-13T15:33:44.726534 Started database query for table users
2019-02-13T15:33:44.038472 Completed database query for table users
2019-02-13T15:33:43.234543 Received request from 102.23.55.32 for /example
2012-02-13T15:33:44.726534 Started database query for table users
2019-02-13T15:33:44.038472 Completed database query for table users
2019-02-13T15:33:43.234543 Received request from 102.23.55.32 for /example
2019-02-13T15:33:44.726534 Started database query for table users
2019-02-13T15:33:44.038472 Completed database query for table users
2015-02-13T15:33:43.234543 Received request from 102.23.55.32 for /example
2019-02-13T15:33:44.726534 Started database query for table users
2019-02-13T15:33:44.038472 Completed database query for table users
2019-02-13T15:33:43.234543 Received request from 102.23.55.32 for /example
2019-02-13T15:33:44.726534 Started database query for table users
2019-02-13T15:33:44.038472 Completed database query for table users
2019-02-13T15:33:43.234543 Received request from 102.23.55.32 for /example
2019-02-13T15:33:44.726534 Started database query for table users
2019-02-13T15:33:44.038472 Completed database query for table users
2019-02-13T15:33:43.234543 Received request from 102.23.55.32 for /example
2019-02-13T15:33:44.726534 Started database query for table users
2019-02-13T15:33:44.038472 Completed database query for table users
2019-02-13T15:33:43.234543 Received request from 102.23.55.32 for /example
2019-02-13T15:33:44.726534 Started database query for table users
2019-02-13T15:33:44.038472 Completed database query for table users
2019-02-13T15:33:43.234543 Received request from 102.23.55.32 for /example
2019-02-13T15:33:44.726534 Started database query for table users
2019-02-13T15:33:44.038472 Completed database query for table users
2019-02-13T15:33:43.234543 Received request from 102.23.55.32 for /example
2019-02-13T15:33:44.726534 Started database query for table users
2019-02-13T15:33:44.038472 Completed database query for table users
2019-02-13T15:33:43.234543 Received request from 102.23.55.32 for /example
2019-02-13T15:33:44.726534 Started database query for table users
2019-02-13T15:33:44.038472 Completed database query for table users
2019-02-13T15:33:43.234543 Received request from 102.23.55.32 for /example
2006-02-13T15:33:44.726534 Started database query for table users
2019-02-13T15:33:44.038472 Completed database query for table users
2019-02-13T15:33:43.234543 Received request from 102.23.55.32 for /example
2009-02-13T15:33:44.726534 Started database query for table users
2019-02-13T15:33:44.038472 Completed database query for table users
2019-02-13T15:33:43.234543 Received request from 102.23.55.32 for /example
2018-02-13T15:33:44.726534 Started database query for table users
2019-02-13T15:33:44.038472 Completed database query for table users
2019-02-13T15:33:43.234543 Received request from 102.23.55.32 for /example
2012-02-13T15:33:44.726534 Started database query for table users
2019-02-13T15:33:44.038472 Completed database query for table users
2019-02-13T15:33:43.234543 Received request from 102.23.55.32 for /example
2019-02-13T15:33:44.726534 Started database query for table users
2019-02-13T15:33:44.038472 Completed database query for table users
2015-02-13T15:33:43.234543 Received request from 102.23.55.32 for /example
2019-02-13T15:33:44.726534 Started database query for table users
2019-02-13T15:33:44.038472 Completed database query for table users
2019-02-13T15:33:43.234543 Received request from 102.23.55.32 for /example
2019-02-13T15:33:44.726534 Started database query for table users
2019-02-13T15:33:44.038472 Completed database query for table users
2019-02-13T15:33:43.234543 Received request from 102.23.55.32 for /example
2019-02-13T15:33:44.726534 Started database query for table users
2019-02-13T15:33:44.038472 Completed database query for table users
2019-02-13T15:33:43.234543 Received request from 102.23.55.32 for /example
2019-02-13T15:33:44.726534 Started database query for table users
2019-02-13T15:33:44.038472 Completed database query for table users
2019-02-13T15:33:43.234543 Received request from 102.23.55.32 for /example
2019-02-13T15:33:44.726534 Started database query for table users
2019-02-13T15:33:44.038472 Completed database query for table users
2019-02-13T15:33:43.234543 Received request from 102.23.55.32 for /example
2019-02-13T15:33:44.726534 Started database query for table users
2019-02-13T15:33:44.038472 Completed database query for table users
2019-02-13T15:33:43.234543 Received request from 102.23.55.32 for /example
2019-02-13T15:33:44.726534 Started database query for table users
2019-02-13T15:33:44.038472 Completed database query for table users
2019-02-13T15:33:43.234543 Received request from 102.23.55.32 for /example
2019-02-13T15:33:44.726534 Started database query for table users
2019-02-13T15:33:44.038472 Completed database query for table users
2019-02-13T15:33:43.234543 Received request from 102.23.55.32 for /example
2006-02-13T15:33:44.726534 Started database query for table users
2019-02-13T15:33:44.038472 Completed database query for table users
2019-02-13T15:33:43.234543 Received request from 102.23.55.32 for /example
2009-02-13T15:33:44.726534 Started database query for table users
2019-02-13T15:33:44.038472 Completed database query for table users
2019-02-13T15:33:43.234543 Received request from 102.23.55.32 for /example
2018-02-13T15:33:44.726534 Started database query for table users
2019-02-13T15:33:44.038472 Completed database query for table users
2019-02-13T15:33:43.234543 Received request from 102.23.55.32 for /example
2012-02-13T15:33:44.726534 Started database query for table users
2019-02-13T15:33:44.038472 Completed database query for table users
2019-02-13T15:33:43.234543 Received request from 102.23.55.32 for /example
2019-02-13T15:33:44.726534 Started database query for table users
2019-02-13T15:33:44.038472 Completed database query for table users
2015-02-13T15:33:43.234543 Received request from 102.23.55.32 for /example
2019-02-13T15:33:44.726534 Started database query for table users
2019-02-13T15:33:44.038472 Completed database query for table users
2019-02-13T15:33:43.234543 Received request from 102.23.55.32 for /example
2019-02-13T15:33:44.726534 Started database query for table users
2019-02-13T15:33:44.038472 Completed database query for table users
2019-02-13T15:33:43.234543 Received request from 102.23.55.32 for /example
2019-02-13T15:33:44.726534 Started database query for table users
2019-02-13T15:33:44.038472 Completed database query for table users
2019-02-13T15:33:43.234543 Received request from 102.23.55.32 for /example
2019-02-13T15:33:44.726534 Started database query for table users
2019-02-13T15:33:44.038472 Completed database query for table users
2019-02-13T15:33:43.234543 Received request from 102.23.55.32 for /example
2019-02-13T15:33:44.726534 Started database query for table users
2019-02-13T15:33:44.038472 Completed database query for table users
2019-02-13T15:33:43.234543 Received request from 102.23.55.32 for /example
2019-02-13T15:33:44.726534 Started database query for table users
2019-02-13T15:33:44.038472 Completed database query for table users
2019-02-13T15:33:43.234543 Received request from 102.23.55.32 for /example
2019-02-13T15:33:44.726534 Started database query for table users
2019-02-13T15:33:44.038472 Completed database query for table users
2019-02-13T15:33:43.234543 Received request from 102.23.55.32 for /example
2019-02-13T15:33:44.726534 Started database query for table users
2019-02-13T15:33:44.038472 Completed database query for table users
2019-02-13T15:33:43.234543 Received request from 102.23.55.32 for /example
2006-02-13T15:33:44.726534 Started database query for table users
2019-02-13T15:33:44.038472 Completed database query for table users
2019-02-13T15:33:43.234543 Received request from 102.23.55.32 for /example
2009-02-13T15:33:44.726534 Started database query for table users
2019-02-13T15:33:44.038472 Completed database query for table users
2019-02-13T15:33:43.234543 Received request from 102.23.55.32 for /example
2018-02-13T15:33:44.726534 Started database query for table users
2019-02-13T15:33:44.038472 Completed database query for table users
2019-02-13T15:33:43.234543 Received request from 102.23.55.32 for /example
2012-02-13T15:33:44.726534 Started database query for table users
2019-02-13T15:33:44.038472 Completed database query for table users
2019-02-13T15:33:43.234543 Received request from 102.23.55.32 for /example
2019-02-13T15:33:44.726534 Started database query for table users
2019-02-13T15:33:44.038472 Completed database query for table users
2015-02-13T15:33:43.234543 Received request from 102.23.55.32 for /example
2019-02-13T15:33:44.726534 Started database query for table users
2019-02-13T15:33:44.038472 Completed database query for table users
2019-02-13T15:33:43.234543 Received request from 102.23.55.32 for /example
2019-02-13T15:33:44.726534 Started database query for table users
2019-02-13T15:33:44.038472 Completed database query for table users
2019-02-13T15:33:43.234543 Received request from 102.23.55.32 for /example
2019-02-13T15:33:44.726534 Started database query for table users
2019-02-13T15:33:44.038472 Completed database query for table users
2019-02-13T15:33:43.234543 Received request from 102.23.55.32 for /example
2019-02-13T15:33:44.726534 Started database query for table users
2019-02-13T15:33:44.038472 Completed database query for table users
2019-02-13T15:33:43.234543 Received request from 102.23.55.32 for /example
2019-02-13T15:33:44.726534 Started database query for table users
2019-02-13T15:33:44.038472 Completed database query for table users
2019-02-13T15:33:43.234543 Received request from 102.23.55.32 for /example
2019-02-13T15:33:44.726534 Started database query for table users
2019-02-13T15:33:44.038472 Completed database query for table users
2019-02-13T15:33:43.234543 Received request from 102.23.55.32 for /example
2019-02-13T15:33:44.726534 Started database query for table users
2019-02-13T15:33:44.038472 Completed database query for table users
2019-02-13T15:33:43.234543 Received request from 102.23.55.32 for /example
2019-02-13T15:33:44.726534 Started database query for table users
2019-02-13T15:33:44.038472 Completed database query for table users
2019-02-13T15:33:43.234543 Received request from 102.23.55.32 for /example
2006-02-13T15:33:44.726534 Started database query for table users
2019-02-13T15:33:44.038472 Completed database query for table users
2019-02-13T15:33:43.234543 Received request from 102.23.55.32 for /example
2009-02-13T15:33:44.726534 Started database query for table users
2019-02-13T15:33:44.038472 Completed database query for table users
2019-02-13T15:33:43.234543 Received request from 102.23.55.32 for /example
2018-02-13T15:33:44.726534 Started database query for table users
2019-02-13T15:33:44.038472 Completed database query for table users
2019-02-13T15:33:43.234543 Received request from 102.23.55.32 for /example
2012-02-13T15:33:44.726534 Started database query for table users
2019-02-13T15:33:44.038472 Completed database query for table users
2019-02-13T15:33:43.234543 Received request from 102.23.55.32 for /example
2019-02-13T15:33:44.726534 Started database query for table users
2019-02-13T15:33:44.038472 Completed database query for table users
2015-02-13T15:33:43.234543 Received request from 102.23.55.32 for /example
2019-02-13T15:33:44.726534 Started database query for table users
2019-02-13T15:33:44.038472 Completed database query for table users
2019-02-13T15:33:43.234543 Received request from 102.23.55.32 for /example
2019-02-13T15:33:44.726534 Started database query for table users
2019-02-13T15:33:44.038472 Completed database query for table users
2019-02-13T15:33:43.234543 Received request from 102.23.55.32 for /example
2019-02-13T15:33:44.726534 Started database query for table users
2019-02-13T15:33:44.038472 Completed database query for table users
2019-02-13T15:33:43.234543 Received request from 102.23.55.32 for /example
2019-02-13T15:33:44.726534 Started database query for table users
2019-02-13T15:33:44.038472 Completed database query for table users
2019-02-13T15:33:43.234543 Received request from 102.23.55.32 for /example
2019-02-13T15:33:44.726534 Started database query for table users
2019-02-13T15:33:44.038472 Completed database query for table users
2019-02-13T15:33:43.234543 Received request from 102.23.55.32 for /example
2019-02-13T15:33:44.726534 Started database query for table users
2019-02-13T15:33:44.038472 Completed database query for table users
2019-02-13T15:33:43.234543 Received request from 102.23.55.32 for /example
2019-02-13T15:33:44.726534 Started database query for table users
2019-02-13T15:33:44.038472 Completed database query for table users
2019-02-13T15:33:43.234543 Received request from 102.23.55.32 for /example
2019-02-13T15:33:44.726534 Started database query for table users
2019-02-13T15:33:44.038472 Completed database query for table users
2019-02-13T15:33:43.234543 Received request from 102.23.55.32 for /example
2006-02-13T15:33:44.726534 Started database query for table users
2019-02-13T15:33:44.038472 Completed database query for table users
2019-02-13T15:33:43.234543 Received request from 102.23.55.32 for /example
2009-02-13T15:33:44.726534 Started database query for table users
2019-02-13T15:33:44.038472 Completed database query for table users
2019-02-13T15:33:43.234543 Received request from 102.23.55.32 for /example
2018-02-13T15:33:44.726534 Started database query for table users
2019-02-13T15:33:44.038472 Completed database query for table users
2019-02-13T15:33:43.234543 Received request from 102.23.55.32 for /example
2012-02-13T15:33:44.726534 Started database query for table users
2019-02-13T15:33:44.038472 Completed database query for table users
2019-02-13T15:33:43.234543 Received request from 102.23.55.32 for /example
2019-02-13T15:33:44.726534 Started database query for table users
2019-02-13T15:33:44.038472 Completed database query for table users
2015-02-13T15:33:43.234543 Received request from 102.23.55.32 for /example
2019-02-13T15:33:44.726534 Started database query for table users
2019-02-13T15:33:44.038472 Completed database query for table users
2019-02-13T15:33:43.234543 Received request from 102.23.55.32 for /example
2019-02-13T15:33:44.726534 Started database query for table users
2019-02-13T15:33:44.038472 Completed database query for table users
2019-02-13T15:33:43.234543 Received request from 102.23.55.32 for /example
2019-02-13T15:33:44.726534 Started database query for table users
2019-02-13T15:33:44.038472 Completed database query for table users
2019-02-13T15:33:43.234543 Received request from 102.23.55.32 for /example
2019-02-13T15:33:44.726534 Started database query for table users
2019-02-13T15:33:44.038472 Completed database query for table users
2019-02-13T15:33:43.234543 Received request from 102.23.55.32 for /example
2019-02-13T15:33:44.726534 Started database query for table users
2019-02-13T15:33:44.038472 Completed database query for table users
2019-02-13T15:33:43.234543 Received request from 102.23.55.32 for /example
2019-02-13T15:33:44.726534 Started database query for table users
2019-02-13T15:33:44.038472 Completed database query for table users
2019-02-13T15:33:43.234543 Received request from 102.23.55.32 for /example
2019-02-13T15:33:44.726534 Started database query for table users
2019-02-13T15:33:44.038472 Completed database query for table users
2019-02-13T15:33:43.234543 Received request from 102.23.55.32 for /example
2019-02-13T15:33:44.726534 Started database query for table users
2019-02-13T15:33:44.038472 Completed database query for table users
2019-02-13T15:33:43.234543 Received request from 102.23.55.32 for /example
2006-02-13T15:33:44.726534 Started database query for table users
2019-02-13T15:33:44.038472 Completed database query for table users
2019-02-13T15:33:43.234543 Received request from 102.23.55.32 for /example
2009-02-13T15:33:44.726534 Started database query for table users
2019-02-13T15:33:44.038472 Completed database query for table users
2019-02-13T15:33:43.234543 Received request from 102.23.55.32 for /example
2018-02-13T15:33:44.726534 Started database query for table users
2019-02-13T15:33:44.038472 Completed database query for table users
2019-02-13T15:33:43.234543 Received request from 102.23.55.32 for /example
2012-02-13T15:33:44.726534 Started database query for table users
2019-02-13T15:33:44.038472 Completed database query for table users
2019-02-13T15:33:43.234543 Received request from 102.23.55.32 for /example
2019-02-13T15:33:44.726534 Started database query for table users
2019-02-13T15:33:44.038472 Completed database query for table users
2015-02-13T15:33:43.234543 Received request from 102.23.55.32 for /example
2019-02-13T15:33:44.726534 Started database query for table users
2019-02-13T15:33:44.038472 Completed database query for table users
2019-02-13T15:33:43.234543 Received request from 102.23.55.32 for /example
2019-02-13T15:33:44.726534 Started database query for table users
2019-02-13T15:33:44.038472 Completed database query for table users
2019-02-13T15:33:43.234543 Received request from 102.23.55.32 for /example
2019-02-13T15:33:44.726534 Started database query for table users
2019-02-13T15:33:44.038472 Completed database query for table users
2019-02-13T15:33:43.234543 Received request from 102.23.55.32 for /example
2019-02-13T15:33:44.726534 Started database query for table users
2019-02-13T15:33:44.038472 Completed database query for table users
2019-02-13T15:33:43.234543 Received request from 102.23.55.32 for /example
2019-02-13T15:33:44.726534 Started database query for table users
2019-02-13T15:33:44.038472 Completed database query for table users
2019-02-13T15:33:43.234543 Received request from 102.23.55.32 for /example
2019-02-13T15:33:44.726534 Started database query for table users
2019-02-13T15:33:44.038472 Completed database query for table users
2019-02-13T15:33:43.234543 Received request from 102.23.55.32 for /example
2019-02-13T15:33:44.726534 Started database query for table users
2019-02-13T15:33:44.038472 Completed database query for table users
2019-02-13T15:33:43.234543 Received request from 102.23.55.32 for /example
2019-02-13T15:33:44.726534 Started database query for table users
2019-02-13T15:33:44.038472 Completed database query for table users
2019-02-13T15:33:43.234543 Received request from 102.23.55.32 for /example
2006-02-13T15:33:44.726534 Started database query for table users
2019-02-13T15:33:44.038472 Completed database query for table users
2019-02-13T15:33:43.234543 Received request from 102.23.55.32 for /example
2009-02-13T15:33:44.726534 Started database query for table users
2019-02-13T15:33:44.038472 Completed database query for table users
2019-02-13T15:33:43.234543 Received request from 102.23.55.32 for /example
2018-02-13T15:33:44.726534 Started database query for table users
2019-02-13T15:33:44.038472 Completed database query for table users
2019-02-13T15:33:43.234543 Received request from 102.23.55.32 for /example
2012-02-13T15:33:44.726534 Started database query for table users
2019-02-13T15:33:44.038472 Completed database query for table users
2019-02-13T15:33:43.234543 Received request from 102.23.55.32 for /example
2019-02-13T15:33:44.726534 Started database query for table users
2019-02-13T15:33:44.038472 Completed database query for table users
2015-02-13T15:33:43.234543 Received request from 102.23.55.32 for /example
2019-02-13T15:33:44.726534 Started database query for table users
2019-02-13T15:33:44.038472 Completed database query for table users
2019-02-13T15:33:43.234543 Received request from 102.23.55.32 for /example
2019-02-13T15:33:44.726534 Started database query for table users
2019-02-13T15:33:44.038472 Completed database query for table users
2019-02-13T15:33:43.234543 Received request from 102.23.55.32 for /example
2019-02-13T15:33:44.726534 Started database query for table users
2019-02-13T15:33:44.038472 Completed database query for table users
2019-02-13T15:33:43.234543 Received request from 102.23.55.32 for /example
2019-02-13T15:33:44.726534 Started database query for table users
2019-02-13T15:33:44.038472 Completed database query for table users
2019-02-13T15:33:43.234543 Received request from 102.23.55.32 for /example
2019-02-13T15:33:44.726534 Started database query for table users
2019-02-13T15:33:44.038472 Completed database query for table users
2019-02-13T15:33:43.234543 Received request from 102.23.55.32 for /example
2019-02-13T15:33:44.726534 Started database query for table users
2019-02-13T15:33:44.038472 Completed database query for table users
2019-02-13T15:33:43.234543 Received request from 102.23.55.32 for /example
2019-02-13T15:33:44.726534 Started database query for table users
2019-02-13T15:33:44.038472 Completed database query for table users
2019-02-13T15:33:43.234543 Received request from 102.23.55.32 for /example
2019-02-13T15:33:44.726534 Started database query for table users
2019-02-13T15:33:44.038472 Completed database query for table users
2019-02-13T15:33:43.234543 Received request from 102.23.55.32 for /example
2006-02-13T15:33:44.726534 Started database query for table users
2019-02-13T15:33:44.038472 Completed database query for table users
2019-02-13T15:33:43.234543 Received request from 102.23.55.32 for /example
2009-02-13T15:33:44.726534 Started database query for table users
2019-02-13T15:33:44.038472 Completed database query for table users
2019-02-13T15:33:43.234543 Received request from 102.23.55.32 for /example
2018-02-13T15:33:44.726534 Started database query for table users
2019-02-13T15:33:44.038472 Completed database query for table users
2019-02-13T15:33:43.234543 Received request from 102.23.55.32 for /example
2012-02-13T15:33:44.726534 Started database query for table users
2019-02-13T15:33:44.038472 Completed database query for table users
2019-02-13T15:33:43.234543 Received request from 102.23.55.32 for /example
2019-02-13T15:33:44.726534 Started database query for table users
2019-02-13T15:33:44.038472 Completed database query for table users
2015-02-13T15:33:43.234543 Received request from 102.23.55.32 for /example
2019-02-13T15:33:44.726534 Started database query for table users
2019-02-13T15:33:44.038472 Completed database query for table users
2019-02-13T15:33:43.234543 Received request from 102.23.55.32 for /example
2019-02-13T15:33:44.726534 Started database query for table users
2019-02-13T15:33:44.038472 Completed database query for table users
2019-02-13T15:33:43.234543 Received request from 102.23.55.32 for /example
2019-02-13T15:33:44.726534 Started database query for table users
2019-02-13T15:33:44.038472 Completed database query for table users
2019-02-13T15:33:43.234543 Received request from 102.23.55.32 for /example
2019-02-13T15:33:44.726534 Started database query for table users
2019-02-13T15:33:44.038472 Completed database query for table users
2019-02-13T15:33:43.234543 Received request from 102.23.55.32 for /example
2019-02-13T15:33:44.726534 Started database query for table users
2019-02-13T15:33:44.038472 Completed database query for table users
2019-02-13T15:33:43.234543 Received request from 102.23.55.32 for /example
2019-02-13T15:33:44.726534 Started database query for table users
2019-02-13T15:33:44.038472 Completed database query for table users
2019-02-13T15:33:43.234543 Received request from 102.23.55.32 for /example
2019-02-13T15:33:44.726534 Started database query for table users
2019-02-13T15:33:44.038472 Completed database query for table users
2019-02-13T15:33:43.234543 Received request from 102.23.55.32 for /example
2019-02-13T15:33:44.726534 Started database query for table users
2019-02-13T15:33:44.038472 Completed database query for table users
2019-02-13T15:33:43.234543 Received request from 102.23.55.32 for /example
2006-02-13T15:33:44.726534 Started database query for table users
2019-02-13T15:33:44.038472 Completed database query for table users
2019-02-13T15:33:43.234543 Received request from 102.23.55.32 for /example
2009-02-13T15:33:44.726534 Started database query for table users
2019-02-13T15:33:44.038472 Completed database query for table users
2019-02-13T15:33:43.234543 Received request from 102.23.55.32 for /example
2018-02-13T15:33:44.726534 Started database query for table users
2019-02-13T15:33:44.038472 Completed database query for table users
2019-02-13T15:33:43.234543 Received request from 102.23.55.32 for /example
2012-02-13T15:33:44.726534 Started database query for table users
2019-02-13T15:33:44.038472 Completed database query for table users
2019-02-13T15:33:43.234543 Received request from 102.23.55.32 for /example
2019-02-13T15:33:44.726534 Started database query for table users
2019-02-13T15:33:44.038472 Completed database query for table users
2015-02-13T15:33:43.234543 Received request from 102.23.55.32 for /example
2019-02-13T15:33:44.726534 Started database query for table users
2019-02-13T15:33:44.038472 Completed database query for table users
2019-02-13T15:33:43.234543 Received request from 102.23.55.32 for /example
2019-02-13T15:33:44.726534 Started database query for table users
2019-02-13T15:33:44.038472 Completed database query for table users
2019-02-13T15:33:43.234543 Received request from 102.23.55.32 for /example
2019-02-13T15:33:44.726534 Started database query for table users
2019-02-13T15:33:44.038472 Completed database query for table users
2019-02-13T15:33:43.234543 Received request from 102.23.55.32 for /example
2019-02-13T15:33:44.726534 Started database query for table users
2019-02-13T15:33:44.038472 Completed database query for table users
2019-02-13T15:33:43.234543 Received request from 102.23.55.32 for /example
2019-02-13T15:33:44.726534 Started database query for table users
2019-02-13T15:33:44.038472 Completed database query for table users
2019-02-13T15:33:43.234543 Received request from 102.23.55.32 for /example
2019-02-13T15:33:44.726534 Started database query for table users
2019-02-13T15:33:44.038472 Completed database query for table users
2019-02-13T15:33:43.234543 Received request from 102.23.55.32 for /example
2019-02-13T15:33:44.726534 Started database query for table users
2019-02-13T15:33:44.038472 Completed database query for table users
2019-02-13T15:33:43.234543 Received request from 102.23.55.32 for /example
2019-02-13T15:33:44.726534 Started database query for table users
2019-02-13T15:33:44.038472 Completed database query for table users
2019-02-13T15:33:43.234543 Received request from 102.23.55.32 for /example
2006-02-13T15:33:44.726534 Started database query for table users
2019-02-13T15:33:44.038472 Completed database query for table users
2019-02-13T15:33:43.234543 Received request from 102.23.55.32 for /example
2009-02-13T15:33:44.726534 Started database query for table users
2019-02-13T15:33:44.038472 Completed database query for table users
2019-02-13T15:33:43.234543 Received request from 102.23.55.32 for /example
2018-02-13T15:33:44.726534 Started database query for table users
2019-02-13T15:33:44.038472 Completed database query for table users
2019-02-13T15:33:43.234543 Received request from 102.23.55.32 for /example
2012-02-13T15:33:44.726534 Started database query for table users
2019-02-13T15:33:44.038472 Completed database query for table users
2019-02-13T15:33:43.234543 Received request from 102.23.55.32 for /example
2019-02-13T15:33:44.726534 Started database query for table users
2019-02-13T15:33:44.038472 Completed database query for table users
2015-02-13T15:33:43.234543 Received request from 102.23.55.32 for /example
2019-02-13T15:33:44.726534 Started database query for table users
2019-02-13T15:33:44.038472 Completed database query for table users
2019-02-13T15:33:43.234543 Received request from 102.23.55.32 for /example
2019-02-13T15:33:44.726534 Started database query for table users
2019-02-13T15:33:44.038472 Completed database query for table users
2019-02-13T15:33:43.234543 Received request from 102.23.55.32 for /example
2019-02-13T15:33:44.726534 Started database query for table users
2019-02-13T15:33:44.038472 Completed database query for table users
2019-02-13T15:33:43.234543 Received request from 102.23.55.32 for /example
2019-02-13T15:33:44.726534 Started database query for table users
2019-02-13T15:33:44.038472 Completed database query for table users
2019-02-13T15:33:43.234543 Received request from 102.23.55.32 for /example
2019-02-13T15:33:44.726534 Started database query for table users
2019-02-13T15:33:44.038472 Completed database query for table users
2019-02-13T15:33:43.234543 Received request from 102.23.55.32 for /example
2019-02-13T15:33:44.726534 Started database query for table users
2019-02-13T15:33:44.038472 Completed database query for table users
2019-02-13T15:33:43.234543 Received request from 102.23.55.32 for /example
2019-02-13T15:33:44.726534 Started database query for table users
2019-02-13T15:33:44.038472 Completed database query for table users
2019-02-13T15:33:43.234543 Received request from 102.23.55.32 for /example
2019-02-13T15:33:44.726534 Started database query for table users
2019-02-13T15:33:44.038472 Completed database query for table users
2019-02-13T15:33:43.234543 Received request from 102.23.55.32 for /example
2006-02-13T15:33:44.726534 Started database query for table users
2019-02-13T15:33:44.038472 Completed database query for table users
2019-02-13T15:33:43.234543 Received request from 102.23.55.32 for /example
2009-02-13T15:33:44.726534 Started database query for table users
2019-02-13T15:33:44.038472 Completed database query for table users
2019-02-13T15:33:43.234543 Received request from 102.23.55.32 for /example
2018-02-13T15:33:44.726534 Started database query for table users
2019-02-13T15:33:44.038472 Completed database query for table users
2019-02-13T15:33:43.234543 Received request from 102.23.55.32 for /example
2012-02-13T15:33:44.726534 Started database query for table users
2019-02-13T15:33:44.038472 Completed database query for table users
2019-02-13T15:33:43.234543 Received request from 102.23.55.32 for /example
2019-02-13T15:33:44.726534 Started database query for table users
2019-02-13T15:33:44.038472 Completed database query for table users
2015-02-13T15:33:43.234543 Received request from 102.23.55.32 for /example
2019-02-13T15:33:44.726534 Started database query for table users
2019-02-13T15:33:44.038472 Completed database query for table users
2019-02-13T15:33:43.234543 Received request from 102.23.55.32 for /example
2019-02-13T15:33:44.726534 Started database query for table users
2019-02-13T15:33:44.038472 Completed database query for table users
2019-02-13T15:33:43.234543 Received request from 102.23.55.32 for /example
2019-02-13T15:33:44.726534 Started database query for table users
2019-02-13T15:33:44.038472 Completed database query for table users
2019-02-13T15:33:43.234543 Received request from 102.23.55.32 for /example
2019-02-13T15:33:44.726534 Started database query for table users
2019-02-13T15:33:44.038472 Completed database query for table users
2019-02-13T15:33:43.234543 Received request from 102.23.55.32 for /example
2019-02-13T15:33:44.726534 Started database query for table users
2019-02-13T15:33:44.038472 Completed database query for table users
2019-02-13T15:33:43.234543 Received request from 102.23.55.32 for /example
2019-02-13T15:33:44.726534 Started database query for table users
2019-02-13T15:33:44.038472 Completed database query for table users
2019-02-13T15:33:43.234543 Received request from 102.23.55.32 for /example
2019-02-13T15:33:44.726534 Started database query for table users
2019-02-13T15:33:44.038472 Completed database query for table users
2019-02-13T15:33:43.234543 Received request from 102.23.55.32 for /example
2019-02-13T15:33:44.726534 Started database query for table users
2019-02-13T15:33:44.038472 Completed database query for table users
2019-02-13T15:33:43.234543 Received request from 102.23.55.32 for /example
2006-02-13T15:33:44.726534 Started database query for table users
2019-02-13T15:33:44.038472 Completed database query for table users
2019-02-13T15:33:43.234543 Received request from 102.23.55.32 for /example
2009-02-13T15:33:44.726534 Started database query for table users
2019-02-13T15:33:44.038472 Completed database query for table users
2019-02-13T15:33:43.234543 Received request from 102.23.55.32 for /example
2018-02-13T15:33:44.726534 Started database query for table users
2019-02-13T15:33:44.038472 Completed database query for table users
2019-02-13T15:33:43.234543 Received request from 102.23.55.32 for /example
2012-02-13T15:33:44.726534 Started database query for table users
2019-02-13T15:33:44.038472 Completed database query for table users
2019-02-13T15:33:43.234543 Received request from 102.23.55.32 for /example
2019-02-13T15:33:44.726534 Started database query for table users
2019-02-13T15:33:44.038472 Completed database query for table users
2015-02-13T15:33:43.234543 Received request from 102.23.55.32 for /example
2019-02-13T15:33:44.726534 Started database query for table users
2019-02-13T15:33:44.038472 Completed database query for table users
2019-02-13T15:33:43.234543 Received request from 102.23.55.32 for /example
2019-02-13T15:33:44.726534 Started database query for table users
2019-02-13T15:33:44.038472 Completed database query for table users
2019-02-13T15:33:43.234543 Received request from 102.23.55.32 for /example
2019-02-13T15:33:44.726534 Started database query for table users
2019-02-13T15:33:44.038472 Completed database query for table users
2019-02-13T15:33:43.234543 Received request from 102.23.55.32 for /example
2019-02-13T15:33:44.726534 Started database query for table users
2019-02-13T15:33:44.038472 Completed database query for table users
2019-02-13T15:33:43.234543 Received request from 102.23.55.32 for /example
2019-02-13T15:33:44.726534 Started database query for table users
2019-02-13T15:33:44.038472 Completed database query for table users
2019-02-13T15:33:43.234543 Received request from 102.23.55.32 for /example
2019-02-13T15:33:44.726534 Started database query for table users
2019-02-13T15:33:44.038472 Completed database query for table users
2019-02-13T15:33:43.234543 Received request from 102.23.55.32 for /example
2019-02-13T15:33:44.726534 Started database query for table users
2019-02-13T15:33:44.038472 Completed database query for table users
2019-02-13T15:33:43.234543 Received request from 102.23.55.32 for /example
2019-02-13T15:33:44.726534 Started database query for table users
2019-02-13T15:33:44.038472 Completed database query for table users
2019-02-13T15:33:43.234543 Received request from 102.23.55.32 for /example
2006-02-13T15:33:44.726534 Started database query for table users
2019-02-13T15:33:44.038472 Completed database query for table users
2019-02-13T15:33:43.234543 Received request from 102.23.55.32 for /example
2009-02-13T15:33:44.726534 Started database query for table users
2019-02-13T15:33:44.038472 Completed database query for table users
2019-02-13T15:33:43.234543 Received request from 102.23.55.32 for /example
2018-02-13T15:33:44.726534 Started database query for table users
2019-02-13T15:33:44.038472 Completed database query for table users
2019-02-13T15:33:43.234543 Received request from 102.23.55.32 for /example
2012-02-13T15:33:44.726534 Started database query for table users
2019-02-13T15:33:44.038472 Completed database query for table users
2019-02-13T15:33:43.234543 Received request from 102.23.55.32 for /example
2019-02-13T15:33:44.726534 Started database query for table users
2019-02-13T15:33:44.038472 Completed database query for table users
2015-02-13T15:33:43.234543 Received request from 102.23.55.32 for /example
2019-02-13T15:33:44.726534 Started database query for table users
2019-02-13T15:33:44.038472 Completed database query for table users
2019-02-13T15:33:43.234543 Received request from 102.23.55.32 for /example
2019-02-13T15:33:44.726534 Started database query for table users
2019-02-13T15:33:44.038472 Completed database query for table users
2019-02-13T15:33:43.234543 Received request from 102.23.55.32 for /example
2019-02-13T15:33:44.726534 Started database query for table users
2019-02-13T15:33:44.038472 Completed database query for table users
2019-02-13T15:33:43.234543 Received request from 102.23.55.32 for /example
2019-02-13T15:33:44.726534 Started database query for table users
2019-02-13T15:33:44.038472 Completed database query for table users
2019-02-13T15:33:43.234543 Received request from 102.23.55.32 for /example
2019-02-13T15:33:44.726534 Started database query for table users
2019-02-13T15:33:44.038472 Completed database query for table users
2019-02-13T15:33:43.234543 Received request from 102.23.55.32 for /example
2019-02-13T15:33:44.726534 Started database query for table users
2019-02-13T15:33:44.038472 Completed database query for table users
2019-02-13T15:33:43.234543 Received request from 102.23.55.32 for /example
2019-02-13T15:33:44.726534 Started database query for table users
2019-02-13T15:33:44.038472 Completed database query for table users
2019-02-13T15:33:43.234543 Received request from 102.23.55.32 for /example
2019-02-13T15:33:44.726534 Started database query for table users
2019-02-13T15:33:44.038472 Completed database query for table users
2019-02-13T15:33:43.234543 Received request from 102.23.55.32 for /example
2006-02-13T15:33:44.726534 Started database query for table users
2019-02-13T15:33:44.038472 Completed database query for table users
2019-02-13T15:33:43.234543 Received request from 102.23.55.32 for /example
2009-02-13T15:33:44.726534 Started database query for table users
2019-02-13T15:33:44.038472 Completed database query for table users
2019-02-13T15:33:43.234543 Received request from 102.23.55.32 for /example
2018-02-13T15:33:44.726534 Started database query for table users
2019-02-13T15:33:44.038472 Completed database query for table users
2019-02-13T15:33:43.234543 Received request from 102.23.55.32 for /example
2012-02-13T15:33:44.726534 Started database query for table users
2019-02-13T15:33:44.038472 Completed database query for table users
2019-02-13T15:33:43.234543 Received request from 102.23.55.32 for /example
2019-02-13T15:33:44.726534 Started database query for table users
2019-02-13T15:33:44.038472 Completed database query for table users
2015-02-13T15:33:43.234543 Received request from 102.23.55.32 for /example
2019-02-13T15:33:44.726534 Started database query for table users
2019-02-13T15:33:44.038472 Completed database query for table users
2019-02-13T15:33:43.234543 Received request from 102.23.55.32 for /example
2019-02-13T15:33:44.726534 Started database query for table users
2019-02-13T15:33:44.038472 Completed database query for table users
2019-02-13T15:33:43.234543 Received request from 102.23.55.32 for /example
2019-02-13T15:33:44.726534 Started database query for table users
2019-02-13T15:33:44.038472 Completed database query for table users
2019-02-13T15:33:43.234543 Received request from 102.23.55.32 for /example
2019-02-13T15:33:44.726534 Started database query for table users
2019-02-13T15:33:44.038472 Completed database query for table users
2019-02-13T15:33:43.234543 Received request from 102.23.55.32 for /example
2019-02-13T15:33:44.726534 Started database query for table users
2019-02-13T15:33:44.038472 Completed database query for table users
2019-02-13T15:33:43.234543 Received request from 102.23.55.32 for /example
2019-02-13T15:33:44.726534 Started database query for table users
2019-02-13T15:33:44.038472 Completed database query for table users
2019-02-13T15:33:43.234543 Received request from 102.23.55.32 for /example
2019-02-13T15:33:44.726534 Started database query for table users
2019-02-13T15:33:44.038472 Completed database query for table users
2019-02-13T15:33:43.234543 Received request from 102.23.55.32 for /example
2019-02-13T15:33:44.726534 Started database query for table users
2019-02-13T15:33:44.038472 Completed database query for table users
2019-02-13T15:33:43.234543 Received request from 102.23.55.32 for /example
2006-02-13T15:33:44.726534 Started database query for table users
2019-02-13T15:33:44.038472 Completed database query for table users
2019-02-13T15:33:43.234543 Received request from 102.23.55.32 for /example
2009-02-13T15:33:44.726534 Started database query for table users
2019-02-13T15:33:44.038472 Completed database query for table users
2019-02-13T15:33:43.234543 Received request from 102.23.55.32 for /example
2018-02-13T15:33:44.726534 Started database query for table users
2019-02-13T15:33:44.038472 Completed database query for table users
2019-02-13T15:33:43.234543 Received request from 102.23.55.32 for /example
2012-02-13T15:33:44.726534 Started database query for table users
2019-02-13T15:33:44.038472 Completed database query for table users
2019-02-13T15:33:43.234543 Received request from 102.23.55.32 for /example
2019-02-13T15:33:44.726534 Started database query for table users
2019-02-13T15:33:44.038472 Completed database query for table users
2015-02-13T15:33:43.234543 Received request from 102.23.55.32 for /example
2019-02-13T15:33:44.726534 Started database query for table users
2019-02-13T15:33:44.038472 Completed database query for table users
2019-02-13T15:33:43.234543 Received request from 102.23.55.32 for /example
2019-02-13T15:33:44.726534 Started database query for table users
2019-02-13T15:33:44.038472 Completed database query for table users
2019-02-13T15:33:43.234543 Received request from 102.23.55.32 for /example
2019-02-13T15:33:44.726534 Started database query for table users
2019-02-13T15:33:44.038472 Completed database query for table users
2019-02-13T15:33:43.234543 Received request from 102.23.55.32 for /example
2019-02-13T15:33:44.726534 Started database query for table users
2019-02-13T15:33:44.038472 Completed database query for table users
2019-02-13T15:33:43.234543 Received request from 102.23.55.32 for /example
2019-02-13T15:33:44.726534 Started database query for table users
2019-02-13T15:33:44.038472 Completed database query for table users
2019-02-13T15:33:43.234543 Received request from 102.23.55.32 for /example
2019-02-13T15:33:44.726534 Started database query for table users
2019-02-13T15:33:44.038472 Completed database query for table users
2019-02-13T15:33:43.234543 Received request from 102.23.55.32 for /example
2019-02-13T15:33:44.726534 Started database query for table users
2019-02-13T15:33:44.038472 Completed database query for table users
2019-02-13T15:33:43.234543 Received request from 102.23.55.32 for /example
2019-02-13T15:33:44.726534 Started database query for table users
2019-02-13T15:33:44.038472 Completed database query for table users
2019-02-13T15:33:43.234543 Received request from 102.23.55.32 for /example
2006-02-13T15:33:44.726534 Started database query for table users
2019-02-13T15:33:44.038472 Completed database query for table users
2019-02-13T15:33:43.234543 Received request from 102.23.55.32 for /example
2009-02-13T15:33:44.726534 Started database query for table users
2019-02-13T15:33:44.038472 Completed database query for table users
2019-02-13T15:33:43.234543 Received request from 102.23.55.32 for /example
2018-02-13T15:33:44.726534 Started database query for table users
2019-02-13T15:33:44.038472 Completed database query for table users
2019-02-13T15:33:43.234543 Received request from 102.23.55.32 for /example
2012-02-13T15:33:44.726534 Started database query for table users
2019-02-13T15:33:44.038472 Completed database query for table users
2019-02-13T15:33:43.234543 Received request from 102.23.55.32 for /example
2019-02-13T15:33:44.726534 Started database query for table users
2019-02-13T15:33:44.038472 Completed database query for table users
2015-02-13T15:33:43.234543 Received request from 102.23.55.32 for /example
2019-02-13T15:33:44.726534 Started database query for table users
2019-02-13T15:33:44.038472 Completed database query for table users
2019-02-13T15:33:43.234543 Received request from 102.23.55.32 for /example
2019-02-13T15:33:44.726534 Started database query for table users
2019-02-13T15:33:44.038472 Completed database query for table users
2019-02-13T15:33:43.234543 Received request from 102.23.55.32 for /example
2019-02-13T15:33:44.726534 Started database query for table users
2019-02-13T15:33:44.038472 Completed database query for table users
2019-02-13T15:33:43.234543 Received request from 102.23.55.32 for /example
2019-02-13T15:33:44.726534 Started database query for table users
2019-02-13T15:33:44.038472 Completed database query for table users
2019-02-13T15:33:43.234543 Received request from 102.23.55.32 for /example
2019-02-13T15:33:44.726534 Started database query for table users
2019-02-13T15:33:44.038472 Completed database query for table users
2019-02-13T15:33:43.234543 Received request from 102.23.55.32 for /example
2019-02-13T15:33:44.726534 Started database query for table users
2019-02-13T15:33:44.038472 Completed database query for table users
2019-02-13T15:33:43.234543 Received request from 102.23.55.32 for /example
2019-02-13T15:33:44.726534 Started database query for table users
2019-02-13T15:33:44.038472 Completed database query for table users
2019-02-13T15:33:43.234543 Received request from 102.23.55.32 for /example
2019-02-13T15:33:44.726534 Started database query for table users
2019-02-13T15:33:44.038472 Completed database query for table users
2019-02-13T15:33:43.234543 Received request from 102.23.55.32 for /example
2006-02-13T15:33:44.726534 Started database query for table users
2019-02-13T15:33:44.038472 Completed database query for table users
2019-02-13T15:33:43.234543 Received request from 102.23.55.32 for /example
2009-02-13T15:33:44.726534 Started database query for table users
2019-02-13T15:33:44.038472 Completed database query for table users
2019-02-13T15:33:43.234543 Received request from 102.23.55.32 for /example
2018-02-13T15:33:44.726534 Started database query for table users
2019-02-13T15:33:44.038472 Completed database query for table users
2019-02-13T15:33:43.234543 Received request from 102.23.55.32 for /example
2012-02-13T15:33:44.726534 Started database query for table users
2019-02-13T15:33:44.038472 Completed database query for table users
2019-02-13T15:33:43.234543 Received request from 102.23.55.32 for /example
2019-02-13T15:33:44.726534 Started database query for table users
2019-02-13T15:33:44.038472 Completed database query for table users
2015-02-13T15:33:43.234543 Received request from 102.23.55.32 for /example
2019-02-13T15:33:44.726534 Started database query for table users
2019-02-13T15:33:44.038472 Completed database query for table users
2019-02-13T15:33:43.234543 Received request from 102.23.55.32 for /example
2019-02-13T15:33:44.726534 Started database query for table users
2019-02-13T15:33:44.038472 Completed database query for table users
2019-02-13T15:33:43.234543 Received request from 102.23.55.32 for /example
2019-02-13T15:33:44.726534 Started database query for table users
2019-02-13T15:33:44.038472 Completed database query for table users
2019-02-13T15:33:43.234543 Received request from 102.23.55.32 for /example
2019-02-13T15:33:44.726534 Started database query for table users
2019-02-13T15:33:44.038472 Completed database query for table users
2019-02-13T15:33:43.234543 Received request from 102.23.55.32 for /example
2019-02-13T15:33:44.726534 Started database query for table users
2019-02-13T15:33:44.038472 Completed database query for table users
2019-02-13T15:33:43.234543 Received request from 102.23.55.32 for /example
2019-02-13T15:33:44.726534 Started database query for table users
2019-02-13T15:33:44.038472 Completed database query for table users
2019-02-13T15:33:43.234543 Received request from 102.23.55.32 for /example
2019-02-13T15:33:44.726534 Started database query for table users
2019-02-13T15:33:44.038472 Completed database query for table users
2019-02-13T15:33:43.234543 Received request from 102.23.55.32 for /example
2019-02-13T15:33:44.726534 Started database query for table users
2019-02-13T15:33:44.038472 Completed database query for table users
2019-02-13T15:33:43.234543 Received request from 102.23.55.32 for /example
2006-02-13T15:33:44.726534 Started database query for table users
2019-02-13T15:33:44.038472 Completed database query for table users
2019-02-13T15:33:43.234543 Received request from 102.23.55.32 for /example
2009-02-13T15:33:44.726534 Started database query for table users
2019-02-13T15:33:44.038472 Completed database query for table users
2019-02-13T15:33:43.234543 Received request from 102.23.55.32 for /example
2018-02-13T15:33:44.726534 Started database query for table users
2019-02-13T15:33:44.038472 Completed database query for table users
2019-02-13T15:33:43.234543 Received request from 102.23.55.32 for /example
2012-02-13T15:33:44.726534 Started database query for table users
2019-02-13T15:33:44.038472 Completed database query for table users
2019-02-13T15:33:43.234543 Received request from 102.23.55.32 for /example
2019-02-13T15:33:44.726534 Started database query for table users
2019-02-13T15:33:44.038472 Completed database query for table users
2015-02-13T15:33:43.234543 Received request from 102.23.55.32 for /example
2019-02-13T15:33:44.726534 Started database query for table users
2019-02-13T15:33:44.038472 Completed database query for table users
2019-02-13T15:33:43.234543 Received request from 102.23.55.32 for /example
2019-02-13T15:33:44.726534 Started database query for table users
2019-02-13T15:33:44.038472 Completed database query for table users
2019-02-13T15:33:43.234543 Received request from 102.23.55.32 for /example
2019-02-13T15:33:44.726534 Started database query for table users
2019-02-13T15:33:44.038472 Completed database query for table users
2019-02-13T15:33:43.234543 Received request from 102.23.55.32 for /example
2019-02-13T15:33:44.726534 Started database query for table users
2019-02-13T15:33:44.038472 Completed database query for table users
2019-02-13T15:33:43.234543 Received request from 102.23.55.32 for /example
2019-02-13T15:33:44.726534 Started database query for table users
2019-02-13T15:33:44.038472 Completed database query for table users
2019-02-13T15:33:43.234543 Received request from 102.23.55.32 for /example
2019-02-13T15:33:44.726534 Started database query for table users
2019-02-13T15:33:44.038472 Completed database query for table users
2019-02-13T15:33:43.234543 Received request from 102.23.55.32 for /example
2019-02-13T15:33:44.726534 Started database query for table users
2019-02-13T15:33:44.038472 Completed database query for table users
2019-02-13T15:33:43.234543 Received request from 102.23.55.32 for /example
2019-02-13T15:33:44.726534 Started database query for table users
2019-02-13T15:33:44.038472 Completed database query for table users
2019-02-13T15:33:43.234543 Received request from 102.23.55.32 for /example
2006-02-13T15:33:44.726534 Started database query for table users
2019-02-13T15:33:44.038472 Completed database query for table users
2019-02-13T15:33:43.234543 Received request from 102.23.55.32 for /example
2009-02-13T15:33:44.726534 Started database query for table users
2019-02-13T15:33:44.038472 Completed database query for table users
2019-02-13T15:33:43.234543 Received request from 102.23.55.32 for /example
2018-02-13T15:33:44.726534 Started database query for table users
2019-02-13T15:33:44.038472 Completed database query for table users
2019-02-13T15:33:43.234543 Received request from 102.23.55.32 for /example
2012-02-13T15:33:44.726534 Started database query for table users
2019-02-13T15:33:44.038472 Completed database query for table users
2019-02-13T15:33:43.234543 Received request from 102.23.55.32 for /example
2019-02-13T15:33:44.726534 Started database query for table users
2019-02-13T15:33:44.038472 Completed database query for table users
2015-02-13T15:33:43.234543 Received request from 102.23.55.32 for /example
2019-02-13T15:33:44.726534 Started database query for table users
2019-02-13T15:33:44.038472 Completed database query for table users
2019-02-13T15:33:43.234543 Received request from 102.23.55.32 for /example
2019-02-13T15:33:44.726534 Started database query for table users
2019-02-13T15:33:44.038472 Completed database query for table users
2019-02-13T15:33:43.234543 Received request from 102.23.55.32 for /example
2019-02-13T15:33:44.726534 Started database query for table users
2019-02-13T15:33:44.038472 Completed database query for table users
2019-02-13T15:33:43.234543 Received request from 102.23.55.32 for /example
2019-02-13T15:33:44.726534 Started database query for table users
2019-02-13T15:33:44.038472 Completed database query for table users
2019-02-13T15:33:43.234543 Received request from 102.23.55.32 for /example
2019-02-13T15:33:44.726534 Started database query for table users
2019-02-13T15:33:44.038472 Completed database query for table users
2019-02-13T15:33:43.234543 Received request from 102.23.55.32 for /example
2019-02-13T15:33:44.726534 Started database query for table users
2019-02-13T15:33:44.038472 Completed database query for table users
2019-02-13T15:33:43.234543 Received request from 102.23.55.32 for /example
2019-02-13T15:33:44.726534 Started database query for table users
2019-02-13T15:33:44.038472 Completed database query for table users
2019-02-13T15:33:43.234543 Received request from 102.23.55.32 for /example
2019-02-13T15:33:44.726534 Started database query for table users
2019-02-13T15:33:44.038472 Completed database query for table users
2019-02-13T15:33:43.234543 Received request from 102.23.55.32 for /example
2006-02-13T15:33:44.726534 Started database query for table users
2019-02-13T15:33:44.038472 Completed database query for table users
2019-02-13T15:33:43.234543 Received request from 102.23.55.32 for /example
2009-02-13T15:33:44.726534 Started database query for table users
2019-02-13T15:33:44.038472 Completed database query for table users
2019-02-13T15:33:43.234543 Received request from 102.23.55.32 for /example
2018-02-13T15:33:44.726534 Started database query for table users
2019-02-13T15:33:44.038472 Completed database query for table users
2019-02-13T15:33:43.234543 Received request from 102.23.55.32 for /example
2012-02-13T15:33:44.726534 Started database query for table users
2019-02-13T15:33:44.038472 Completed database query for table users
2019-02-13T15:33:43.234543 Received request from 102.23.55.32 for /example
2019-02-13T15:33:44.726534 Started database query for table users
2019-02-13T15:33:44.038472 Completed database query for table users
2015-02-13T15:33:43.234543 Received request from 102.23.55.32 for /example
2019-02-13T15:33:44.726534 Started database query for table users
2019-02-13T15:33:44.038472 Completed database query for table users
2019-02-13T15:33:43.234543 Received request from 102.23.55.32 for /example
2019-02-13T15:33:44.726534 Started database query for table users
2019-02-13T15:33:44.038472 Completed database query for table users
2019-02-13T15:33:43.234543 Received request from 102.23.55.32 for /example
2019-02-13T15:33:44.726534 Started database query for table users
2019-02-13T15:33:44.038472 Completed database query for table users
2019-02-13T15:33:43.234543 Received request from 102.23.55.32 for /example
2019-02-13T15:33:44.726534 Started database query for table users
2019-02-13T15:33:44.038472 Completed database query for table users
2019-02-13T15:33:43.234543 Received request from 102.23.55.32 for /example
2019-02-13T15:33:44.726534 Started database query for table users
2019-02-13T15:33:44.038472 Completed database query for table users
2019-02-13T15:33:43.234543 Received request from 102.23.55.32 for /example
2019-02-13T15:33:44.726534 Started database query for table users
2019-02-13T15:33:44.038472 Completed database query for table users
2019-02-13T15:33:43.234543 Received request from 102.23.55.32 for /example
2019-02-13T15:33:44.726534 Started database query for table users
2019-02-13T15:33:44.038472 Completed database query for table users
2019-02-13T15:33:43.234543 Received request from 102.23.55.32 for /example
2019-02-13T15:33:44.726534 Started database query for table users
2019-02-13T15:33:44.038472 Completed database query for table users
2019-02-13T15:33:43.234543 Received request from 102.23.55.32 for /example
2006-02-13T15:33:44.726534 Started database query for table users
2019-02-13T15:33:44.038472 Completed database query for table users
2019-02-13T15:33:43.234543 Received request from 102.23.55.32 for /example
2009-02-13T15:33:44.726534 Started database query for table users
2019-02-13T15:33:44.038472 Completed database query for table users
2019-02-13T15:33:43.234543 Received request from 102.23.55.32 for /example
2018-02-13T15:33:44.726534 Started database query for table users
2019-02-13T15:33:44.038472 Completed database query for table users
2019-02-13T15:33:43.234543 Received request from 102.23.55.32 for /example
2012-02-13T15:33:44.726534 Started database query for table users
2019-02-13T15:33:44.038472 Completed database query for table users
2019-02-13T15:33:43.234543 Received request from 102.23.55.32 for /example
2019-02-13T15:33:44.726534 Started database query for table users
2019-02-13T15:33:44.038472 Completed database query for table users
2015-02-13T15:33:43.234543 Received request from 102.23.55.32 for /example
2019-02-13T15:33:44.726534 Started database query for table users
2019-02-13T15:33:44.038472 Completed database query for table users
2019-02-13T15:33:43.234543 Received request from 102.23.55.32 for /example
2019-02-13T15:33:44.726534 Started database query for table users
2019-02-13T15:33:44.038472 Completed database query for table users
2019-02-13T15:33:43.234543 Received request from 102.23.55.32 for /example
2019-02-13T15:33:44.726534 Started database query for table users
2019-02-13T15:33:44.038472 Completed database query for table users
2019-02-13T15:33:43.234543 Received request from 102.23.55.32 for /example
2019-02-13T15:33:44.726534 Started database query for table users
2019-02-13T15:33:44.038472 Completed database query for table users
2019-02-13T15:33:43.234543 Received request from 102.23.55.32 for /example
2019-02-13T15:33:44.726534 Started database query for table users
2019-02-13T15:33:44.038472 Completed database query for table users
2019-02-13T15:33:43.234543 Received request from 102.23.55.32 for /example
2019-02-13T15:33:44.726534 Started database query for table users
2019-02-13T15:33:44.038472 Completed database query for table users
2019-02-13T15:33:43.234543 Received request from 102.23.55.32 for /example
2019-02-13T15:33:44.726534 Started database query for table users
2019-02-13T15:33:44.038472 Completed database query for table users
2019-02-13T15:33:43.234543 Received request from 102.23.55.32 for /example
2019-02-13T15:33:44.726534 Started database query for table users
2019-02-13T15:33:44.038472 Completed database query for table users
2019-02-13T15:33:43.234543 Received request from 102.23.55.32 for /example
2006-02-13T15:33:44.726534 Started database query for table users
2019-02-13T15:33:44.038472 Completed database query for table users
2019-02-13T15:33:43.234543 Received request from 102.23.55.32 for /example
2009-02-13T15:33:44.726534 Started database query for table users
2019-02-13T15:33:44.038472 Completed database query for table users
2019-02-13T15:33:43.234543 Received request from 102.23.55.32 for /example
2018-02-13T15:33:44.726534 Started database query for table users
2019-02-13T15:33:44.038472 Completed database query for table users
2019-02-13T15:33:43.234543 Received request from 102.23.55.32 for /example
2012-02-13T15:33:44.726534 Started database query for table users
2019-02-13T15:33:44.038472 Completed database query for table users
2019-02-13T15:33:43.234543 Received request from 102.23.55.32 for /example
2019-02-13T15:33:44.726534 Started database query for table users
2019-02-13T15:33:44.038472 Completed database query for table users
2015-02-13T15:33:43.234543 Received request from 102.23.55.32 for /example
2019-02-13T15:33:44.726534 Started database query for table users
2019-02-13T15:33:44.038472 Completed database query for table users
2019-02-13T15:33:43.234543 Received request from 102.23.55.32 for /example
2019-02-13T15:33:44.726534 Started database query for table users
2019-02-13T15:33:44.038472 Completed database query for table users
2019-02-13T15:33:43.234543 Received request from 102.23.55.32 for /example
2019-02-13T15:33:44.726534 Started database query for table users
2019-02-13T15:33:44.038472 Completed database query for table users
2019-02-13T15:33:43.234543 Received request from 102.23.55.32 for /example
2019-02-13T15:33:44.726534 Started database query for table users
2019-02-13T15:33:44.038472 Completed database query for table users
2019-02-13T15:33:43.234543 Received request from 102.23.55.32 for /example
2019-02-13T15:33:44.726534 Started database query for table users
2019-02-13T15:33:44.038472 Completed database query for table users
2019-02-13T15:33:43.234543 Received request from 102.23.55.32 for /example
2019-02-13T15:33:44.726534 Started database query for table users
2019-02-13T15:33:44.038472 Completed database query for table users
2019-02-13T15:33:43.234543 Received request from 102.23.55.32 for /example
2019-02-13T15:33:44.726534 Started database query for table users
2019-02-13T15:33:44.038472 Completed database query for table users
2019-02-13T15:33:43.234543 Received request from 102.23.55.32 for /example
2019-02-13T15:33:44.726534 Started database query for table users
2019-02-13T15:33:44.038472 Completed database query for table users
2019-02-13T15:33:43.234543 Received request from 102.23.55.32 for /example
2006-02-13T15:33:44.726534 Started database query for table users
2019-02-13T15:33:44.038472 Completed database query for table users
2019-02-13T15:33:43.234543 Received request from 102.23.55.32 for /example
2009-02-13T15:33:44.726534 Started database query for table users
2019-02-13T15:33:44.038472 Completed database query for table users
2019-02-13T15:33:43.234543 Received request from 102.23.55.32 for /example
2018-02-13T15:33:44.726534 Started database query for table users
2019-02-13T15:33:44.038472 Completed database query for table users
2019-02-13T15:33:43.234543 Received request from 102.23.55.32 for /example
2012-02-13T15:33:44.726534 Started database query for table users
2019-02-13T15:33:44.038472 Completed database query for table users
2019-02-13T15:33:43.234543 Received request from 102.23.55.32 for /example
2019-02-13T15:33:44.726534 Started database query for table users
2019-02-13T15:33:44.038472 Completed database query for table users
2015-02-13T15:33:43.234543 Received request from 102.23.55.32 for /example
2019-02-13T15:33:44.726534 Started database query for table users
2019-02-13T15:33:44.038472 Completed database query for table users
2019-02-13T15:33:43.234543 Received request from 102.23.55.32 for /example
2019-02-13T15:33:44.726534 Started database query for table users
2019-02-13T15:33:44.038472 Completed database query for table users
2019-02-13T15:33:43.234543 Received request from 102.23.55.32 for /example
2019-02-13T15:33:44.726534 Started database query for table users
2019-02-13T15:33:44.038472 Completed database query for table users
2019-02-13T15:33:43.234543 Received request from 102.23.55.32 for /example
2019-02-13T15:33:44.726534 Started database query for table users
2019-02-13T15:33:44.038472 Completed database query for table users
2019-02-13T15:33:43.234543 Received request from 102.23.55.32 for /example
2019-02-13T15:33:44.726534 Started database query for table users
2019-02-13T15:33:44.038472 Completed database query for table users
2019-02-13T15:33:43.234543 Received request from 102.23.55.32 for /example
2019-02-13T15:33:44.726534 Started database query for table users
2019-02-13T15:33:44.038472 Completed database query for table users
2019-02-13T15:33:43.234543 Received request from 102.23.55.32 for /example
2019-02-13T15:33:44.726534 Started database query for table users
2019-02-13T15:33:44.038472 Completed database query for table users
2019-02-13T15:33:43.234543 Received request from 102.23.55.32 for /example
2019-02-13T15:33:44.726534 Started database query for table users
2019-02-13T15:33:44.038472 Completed database query for table users
2019-02-13T15:33:43.234543 Received request from 102.23.55.32 for /example
2006-02-13T15:33:44.726534 Started database query for table users
2019-02-13T15:33:44.038472 Completed database query for table users
2019-02-13T15:33:43.234543 Received request from 102.23.55.32 for /example
2009-02-13T15:33:44.726534 Started database query for table users
2019-02-13T15:33:44.038472 Completed database query for table users
2019-02-13T15:33:43.234543 Received request from 102.23.55.32 for /example
2018-02-13T15:33:44.726534 Started database query for table users
2019-02-13T15:33:44.038472 Completed database query for table users
2019-02-13T15:33:43.234543 Received request from 102.23.55.32 for /example
2012-02-13T15:33:44.726534 Started database query for table users
2019-02-13T15:33:44.038472 Completed database query for table users
2019-02-13T15:33:43.234543 Received request from 102.23.55.32 for /example
2019-02-13T15:33:44.726534 Started database query for table users
2019-02-13T15:33:44.038472 Completed database query for table users
2015-02-13T15:33:43.234543 Received request from 102.23.55.32 for /example
2019-02-13T15:33:44.726534 Started database query for table users
2019-02-13T15:33:44.038472 Completed database query for table users
2019-02-13T15:33:43.234543 Received request from 102.23.55.32 for /example
2019-02-13T15:33:44.726534 Started database query for table users
2019-02-13T15:33:44.038472 Completed database query for table users
2019-02-13T15:33:43.234543 Received request from 102.23.55.32 for /example
2019-02-13T15:33:44.726534 Started database query for table users
2019-02-13T15:33:44.038472 Completed database query for table users
2019-02-13T15:33:43.234543 Received request from 102.23.55.32 for /example
2019-02-13T15:33:44.726534 Started database query for table users
2019-02-13T15:33:44.038472 Completed database query for table users
2019-02-13T15:33:43.234543 Received request from 102.23.55.32 for /example
2019-02-13T15:33:44.726534 Started database query for table users
2019-02-13T15:33:44.038472 Completed database query for table users
2019-02-13T15:33:43.234543 Received request from 102.23.55.32 for /example
2019-02-13T15:33:44.726534 Started database query for table users
2019-02-13T15:33:44.038472 Completed database query for table users
2019-02-13T15:33:43.234543 Received request from 102.23.55.32 for /example
2019-02-13T15:33:44.726534 Started database query for table users
2019-02-13T15:33:44.038472 Completed database query for table users
2019-02-13T15:33:43.234543 Received request from 102.23.55.32 for /example
2019-02-13T15:33:44.726534 Started database query for table users
2019-02-13T15:33:44.038472 Completed database query for table users
2019-02-13T15:33:43.234543 Received request from 102.23.55.32 for /example
2006-02-13T15:33:44.726534 Started database query for table users
2019-02-13T15:33:44.038472 Completed database query for table users
2019-02-13T15:33:43.234543 Received request from 102.23.55.32 for /example
2009-02-13T15:33:44.726534 Started database query for table users
2019-02-13T15:33:44.038472 Completed database query for table users
2019-02-13T15:33:43.234543 Received request from 102.23.55.32 for /example
2018-02-13T15:33:44.726534 Started database query for table users
2019-02-13T15:33:44.038472 Completed database query for table users
2019-02-13T15:33:43.234543 Received request from 102.23.55.32 for /example
2012-02-13T15:33:44.726534 Started database query for table users
2019-02-13T15:33:44.038472 Completed database query for table users
2019-02-13T15:33:43.234543 Received request from 102.23.55.32 for /example
2019-02-13T15:33:44.726534 Started database query for table users
2019-02-13T15:33:44.038472 Completed database query for table users
2015-02-13T15:33:43.234543 Received request from 102.23.55.32 for /example
2019-02-13T15:33:44.726534 Started database query for table users
2019-02-13T15:33:44.038472 Completed database query for table users
2019-02-13T15:33:43.234543 Received request from 102.23.55.32 for /example
2019-02-13T15:33:44.726534 Started database query for table users
2019-02-13T15:33:44.038472 Completed database query for table users
2019-02-13T15:33:43.234543 Received request from 102.23.55.32 for /example
2019-02-13T15:33:44.726534 Started database query for table users
2019-02-13T15:33:44.038472 Completed database query for table users
2019-02-13T15:33:43.234543 Received request from 102.23.55.32 for /example
2019-02-13T15:33:44.726534 Started database query for table users
2019-02-13T15:33:44.038472 Completed database query for table users
2019-02-13T15:33:43.234543 Received request from 102.23.55.32 for /example
2019-02-13T15:33:44.726534 Started database query for table users
2019-02-13T15:33:44.038472 Completed database query for table users
2019-02-13T15:33:43.234543 Received request from 102.23.55.32 for /example
2019-02-13T15:33:44.726534 Started database query for table users
2019-02-13T15:33:44.038472 Completed database query for table users
2019-02-13T15:33:43.234543 Received request from 102.23.55.32 for /example
2019-02-13T15:33:44.726534 Started database query for table users
2019-02-13T15:33:44.038472 Completed database query for table users
2019-02-13T15:33:43.234543 Received request from 102.23.55.32 for /example
2019-02-13T15:33:44.726534 Started database query for table users
2019-02-13T15:33:44.038472 Completed database query for table users
2019-02-13T15:33:43.234543 Received request from 102.23.55.32 for /example
2006-02-13T15:33:44.726534 Started database query for table users
2019-02-13T15:33:44.038472 Completed database query for table users
2019-02-13T15:33:43.234543 Received request from 102.23.55.32 for /example
2009-02-13T15:33:44.726534 Started database query for table users
2019-02-13T15:33:44.038472 Completed database query for table users
2019-02-13T15:33:43.234543 Received request from 102.23.55.32 for /example
2018-02-13T15:33:44.726534 Started database query for table users
2019-02-13T15:33:44.038472 Completed database query for table users
2019-02-13T15:33:43.234543 Received request from 102.23.55.32 for /example
2012-02-13T15:33:44.726534 Started database query for table users
2019-02-13T15:33:44.038472 Completed database query for table users
2019-02-13T15:33:43.234543 Received request from 102.23.55.32 for /example
2019-02-13T15:33:44.726534 Started database query for table users
2019-02-13T15:33:44.038472 Completed database query for table users
2015-02-13T15:33:43.234543 Received request from 102.23.55.32 for /example
2019-02-13T15:33:44.726534 Started database query for table users
2019-02-13T15:33:44.038472 Completed database query for table users
2019-02-13T15:33:43.234543 Received request from 102.23.55.32 for /example
2019-02-13T15:33:44.726534 Started database query for table users
2019-02-13T15:33:44.038472 Completed database query for table users
2019-02-13T15:33:43.234543 Received request from 102.23.55.32 for /example
2019-02-13T15:33:44.726534 Started database query for table users
2019-02-13T15:33:44.038472 Completed database query for table users
2019-02-13T15:33:43.234543 Received request from 102.23.55.32 for /example
2019-02-13T15:33:44.726534 Started database query for table users
2019-02-13T15:33:44.038472 Completed database query for table users
2019-02-13T15:33:43.234543 Received request from 102.23.55.32 for /example
2019-02-13T15:33:44.726534 Started database query for table users
2019-02-13T15:33:44.038472 Completed database query for table users
2019-02-13T15:33:43.234543 Received request from 102.23.55.32 for /example
2019-02-13T15:33:44.726534 Started database query for table users
2019-02-13T15:33:44.038472 Completed database query for table users
2019-02-13T15:33:43.234543 Received request from 102.23.55.32 for /example
2019-02-13T15:33:44.726534 Started database query for table users
2019-02-13T15:33:44.038472 Completed database query for table users
2019-02-13T15:33:43.234543 Received request from 102.23.55.32 for /example
2019-02-13T15:33:44.726534 Started database query for table users
2019-02-13T15:33:44.038472 Completed database query for table users
2019-02-13T15:33:43.234543 Received request from 102.23.55.32 for /example
2006-02-13T15:33:44.726534 Started database query for table users
2019-02-13T15:33:44.038472 Completed database query for table users
2019-02-13T15:33:43.234543 Received request from 102.23.55.32 for /example
2009-02-13T15:33:44.726534 Started database query for table users
2019-02-13T15:33:44.038472 Completed database query for table users
2019-02-13T15:33:43.234543 Received request from 102.23.55.32 for /example
2018-02-13T15:33:44.726534 Started database query for table users
2019-02-13T15:33:44.038472 Completed database query for table users
2019-02-13T15:33:43.234543 Received request from 102.23.55.32 for /example
2012-02-13T15:33:44.726534 Started database query for table users
2019-02-13T15:33:44.038472 Completed database query for table users
2019-02-13T15:33:43.234543 Received request from 102.23.55.32 for /example
2019-02-13T15:33:44.726534 Started database query for table users
2019-02-13T15:33:44.038472 Completed database query for table users
2015-02-13T15:33:43.234543 Received request from 102.23.55.32 for /example
2019-02-13T15:33:44.726534 Started database query for table users
2019-02-13T15:33:44.038472 Completed database query for table users
2019-02-13T15:33:43.234543 Received request from 102.23.55.32 for /example
2019-02-13T15:33:44.726534 Started database query for table users
2019-02-13T15:33:44.038472 Completed database query for table users
2019-02-13T15:33:43.234543 Received request from 102.23.55.32 for /example
2019-02-13T15:33:44.726534 Started database query for table users
2019-02-13T15:33:44.038472 Completed database query for table users
2019-02-13T15:33:43.234543 Received request from 102.23.55.32 for /example
2019-02-13T15:33:44.726534 Started database query for table users
2019-02-13T15:33:44.038472 Completed database query for table users
2019-02-13T15:33:43.234543 Received request from 102.23.55.32 for /example
2019-02-13T15:33:44.726534 Started database query for table users
2019-02-13T15:33:44.038472 Completed database query for table users
2019-02-13T15:33:43.234543 Received request from 102.23.55.32 for /example
2019-02-13T15:33:44.726534 Started database query for table users
2019-02-13T15:33:44.038472 Completed database query for table users
2019-02-13T15:33:43.234543 Received request from 102.23.55.32 for /example
2019-02-13T15:33:44.726534 Started database query for table users
2019-02-13T15:33:44.038472 Completed database query for table users
2019-02-13T15:33:43.234543 Received request from 102.23.55.32 for /example
2019-02-13T15:33:44.726534 Started database query for table users
2019-02-13T15:33:44.038472 Completed database query for table users
2019-02-13T15:33:43.234543 Received request from 102.23.55.32 for /example
2006-02-13T15:33:44.726534 Started database query for table users
2019-02-13T15:33:44.038472 Completed database query for table users
2019-02-13T15:33:43.234543 Received request from 102.23.55.32 for /example
2009-02-13T15:33:44.726534 Started database query for table users
2019-02-13T15:33:44.038472 Completed database query for table users
2019-02-13T15:33:43.234543 Received request from 102.23.55.32 for /example
2018-02-13T15:33:44.726534 Started database query for table users
2019-02-13T15:33:44.038472 Completed database query for table users
2019-02-13T15:33:43.234543 Received request from 102.23.55.32 for /example
2012-02-13T15:33:44.726534 Started database query for table users
2019-02-13T15:33:44.038472 Completed database query for table users
2019-02-13T15:33:43.234543 Received request from 102.23.55.32 for /example
2019-02-13T15:33:44.726534 Started database query for table users
2019-02-13T15:33:44.038472 Completed database query for table users
2015-02-13T15:33:43.234543 Received request from 102.23.55.32 for /example
2019-02-13T15:33:44.726534 Started database query for table users
2019-02-13T15:33:44.038472 Completed database query for table users
2019-02-13T15:33:43.234543 Received request from 102.23.55.32 for /example
2019-02-13T15:33:44.726534 Started database query for table users
2019-02-13T15:33:44.038472 Completed database query for table users
2019-02-13T15:33:43.234543 Received request from 102.23.55.32 for /example
2019-02-13T15:33:44.726534 Started database query for table users
2019-02-13T15:33:44.038472 Completed database query for table users
2019-02-13T15:33:43.234543 Received request from 102.23.55.32 for /example
2019-02-13T15:33:44.726534 Started database query for table users
2019-02-13T15:33:44.038472 Completed database query for table users
2019-02-13T15:33:43.234543 Received request from 102.23.55.32 for /example
2019-02-13T15:33:44.726534 Started database query for table users
2019-02-13T15:33:44.038472 Completed database query for table users
2019-02-13T15:33:43.234543 Received request from 102.23.55.32 for /example
2019-02-13T15:33:44.726534 Started database query for table users
2019-02-13T15:33:44.038472 Completed database query for table users
2019-02-13T15:33:43.234543 Received request from 102.23.55.32 for /example
2019-02-13T15:33:44.726534 Started database query for table users
2019-02-13T15:33:44.038472 Completed database query for table users
2019-02-13T15:33:43.234543 Received request from 102.23.55.32 for /example
2019-02-13T15:33:44.726534 Started database query for table users
2019-02-13T15:33:44.038472 Completed database query for table users
2019-02-13T15:33:43.234543 Received request from 102.23.55.32 for /example
2006-02-13T15:33:44.726534 Started database query for table users
2019-02-13T15:33:44.038472 Completed database query for table users
2019-02-13T15:33:43.234543 Received request from 102.23.55.32 for /example
2009-02-13T15:33:44.726534 Started database query for table users
2019-02-13T15:33:44.038472 Completed database query for table users
2019-02-13T15:33:43.234543 Received request from 102.23.55.32 for /example
2018-02-13T15:33:44.726534 Started database query for table users
2019-02-13T15:33:44.038472 Completed database query for table users
2019-02-13T15:33:43.234543 Received request from 102.23.55.32 for /example
2012-02-13T15:33:44.726534 Started database query for table users
2019-02-13T15:33:44.038472 Completed database query for table users
2019-02-13T15:33:43.234543 Received request from 102.23.55.32 for /example
2019-02-13T15:33:44.726534 Started database query for table users
2019-02-13T15:33:44.038472 Completed database query for table users
2015-02-13T15:33:43.234543 Received request from 102.23.55.32 for /example
2019-02-13T15:33:44.726534 Started database query for table users
2019-02-13T15:33:44.038472 Completed database query for table users
2019-02-13T15:33:43.234543 Received request from 102.23.55.32 for /example
2019-02-13T15:33:44.726534 Started database query for table users
2019-02-13T15:33:44.038472 Completed database query for table users
2019-02-13T15:33:43.234543 Received request from 102.23.55.32 for /example
2019-02-13T15:33:44.726534 Started database query for table users
2019-02-13T15:33:44.038472 Completed database query for table users
2019-02-13T15:33:43.234543 Received request from 102.23.55.32 for /example
2019-02-13T15:33:44.726534 Started database query for table users
2019-02-13T15:33:44.038472 Completed database query for table users
2019-02-13T15:33:43.234543 Received request from 102.23.55.32 for /example
2019-02-13T15:33:44.726534 Started database query for table users
2019-02-13T15:33:44.038472 Completed database query for table users
2019-02-13T15:33:43.234543 Received request from 102.23.55.32 for /example
2019-02-13T15:33:44.726534 Started database query for table users
2019-02-13T15:33:44.038472 Completed database query for table users
2019-02-13T15:33:43.234543 Received request from 102.23.55.32 for /example
2019-02-13T15:33:44.726534 Started database query for table users
2019-02-13T15:33:44.038472 Completed database query for table users
2019-02-13T15:33:43.234543 Received request from 102.23.55.32 for /example
2019-02-13T15:33:44.726534 Started database query for table users
2019-02-13T15:33:44.038472 Completed database query for table users
2019-02-13T15:33:43.234543 Received request from 102.23.55.32 for /example
2006-02-13T15:33:44.726534 Started database query for table users
2019-02-13T15:33:44.038472 Completed database query for table users
2019-02-13T15:33:43.234543 Received request from 102.23.55.32 for /example
2009-02-13T15:33:44.726534 Started database query for table users
2019-02-13T15:33:44.038472 Completed database query for table users
2019-02-13T15:33:43.234543 Received request from 102.23.55.32 for /example
2018-02-13T15:33:44.726534 Started database query for table users
2019-02-13T15:33:44.038472 Completed database query for table users
2019-02-13T15:33:43.234543 Received request from 102.23.55.32 for /example
2012-02-13T15:33:44.726534 Started database query for table users
2019-02-13T15:33:44.038472 Completed database query for table users
2019-02-13T15:33:43.234543 Received request from 102.23.55.32 for /example
2019-02-13T15:33:44.726534 Started database query for table users
2019-02-13T15:33:44.038472 Completed database query for table users
2015-02-13T15:33:43.234543 Received request from 102.23.55.32 for /example
2019-02-13T15:33:44.726534 Started database query for table users
2019-02-13T15:33:44.038472 Completed database query for table users
2019-02-13T15:33:43.234543 Received request from 102.23.55.32 for /example
2019-02-13T15:33:44.726534 Started database query for table users
2019-02-13T15:33:44.038472 Completed database query for table users
2019-02-13T15:33:43.234543 Received request from 102.23.55.32 for /example
2019-02-13T15:33:44.726534 Started database query for table users
2019-02-13T15:33:44.038472 Completed database query for table users
2019-02-13T15:33:43.234543 Received request from 102.23.55.32 for /example
2019-02-13T15:33:44.726534 Started database query for table users
2019-02-13T15:33:44.038472 Completed database query for table users
2019-02-13T15:33:43.234543 Received request from 102.23.55.32 for /example
2019-02-13T15:33:44.726534 Started database query for table users
2019-02-13T15:33:44.038472 Completed database query for table users
2019-02-13T15:33:43.234543 Received request from 102.23.55.32 for /example
2019-02-13T15:33:44.726534 Started database query for table users
2019-02-13T15:33:44.038472 Completed database query for table users
2019-02-13T15:33:43.234543 Received request from 102.23.55.32 for /example
2019-02-13T15:33:44.726534 Started database query for table users
2019-02-13T15:33:44.038472 Completed database query for table users
2019-02-13T15:33:43.234543 Received request from 102.23.55.32 for /example
2019-02-13T15:33:44.726534 Started database query for table users
2019-02-13T15:33:44.038472 Completed database query for table users
2019-02-13T15:33:43.234543 Received request from 102.23.55.32 for /example
2006-02-13T15:33:44.726534 Started database query for table users
2019-02-13T15:33:44.038472 Completed database query for table users
2019-02-13T15:33:43.234543 Received request from 102.23.55.32 for /example
2009-02-13T15:33:44.726534 Started database query for table users
2019-02-13T15:33:44.038472 Completed database query for table users
2019-02-13T15:33:43.234543 Received request from 102.23.55.32 for /example
2018-02-13T15:33:44.726534 Started database query for table users
2019-02-13T15:33:44.038472 Completed database query for table users
2019-02-13T15:33:43.234543 Received request from 102.23.55.32 for /example
2012-02-13T15:33:44.726534 Started database query for table users
2019-02-13T15:33:44.038472 Completed database query for table users
2019-02-13T15:33:43.234543 Received request from 102.23.55.32 for /example
2019-02-13T15:33:44.726534 Started database query for table users
2019-02-13T15:33:44.038472 Completed database query for table users
2015-02-13T15:33:43.234543 Received request from 102.23.55.32 for /example
2019-02-13T15:33:44.726534 Started database query for table users
2019-02-13T15:33:44.038472 Completed database query for table users
2019-02-13T15:33:43.234543 Received request from 102.23.55.32 for /example
2019-02-13T15:33:44.726534 Started database query for table users
2019-02-13T15:33:44.038472 Completed database query for table users
2019-02-13T15:33:43.234543 Received request from 102.23.55.32 for /example
2019-02-13T15:33:44.726534 Started database query for table users
2019-02-13T15:33:44.038472 Completed database query for table users
2019-02-13T15:33:43.234543 Received request from 102.23.55.32 for /example
2019-02-13T15:33:44.726534 Started database query for table users
2019-02-13T15:33:44.038472 Completed database query for table users
2019-02-13T15:33:43.234543 Received request from 102.23.55.32 for /example
2019-02-13T15:33:44.726534 Started database query for table users
2019-02-13T15:33:44.038472 Completed database query for table users
2019-02-13T15:33:43.234543 Received request from 102.23.55.32 for /example
2019-02-13T15:33:44.726534 Started database query for table users
2019-02-13T15:33:44.038472 Completed database query for table users
2019-02-13T15:33:43.234543 Received request from 102.23.55.32 for /example
2019-02-13T15:33:44.726534 Started database query for table users
2019-02-13T15:33:44.038472 Completed database query for table users
2019-02-13T15:33:43.234543 Received request from 102.23.55.32 for /example
2019-02-13T15:33:44.726534 Started database query for table users
2019-02-13T15:33:44.038472 Completed database query for table users
2019-02-13T15:33:43.234543 Received request from 102.23.55.32 for /example
2006-02-13T15:33:44.726534 Started database query for table users
2019-02-13T15:33:44.038472 Completed database query for table users
2019-02-13T15:33:43.234543 Received request from 102.23.55.32 for /example
2009-02-13T15:33:44.726534 Started database query for table users
2019-02-13T15:33:44.038472 Completed database query for table users
2019-02-13T15:33:43.234543 Received request from 102.23.55.32 for /example
2018-02-13T15:33:44.726534 Started database query for table users
2019-02-13T15:33:44.038472 Completed database query for table users
2019-02-13T15:33:43.234543 Received request from 102.23.55.32 for /example
2012-02-13T15:33:44.726534 Started database query for table users
2019-02-13T15:33:44.038472 Completed database query for table users
2019-02-13T15:33:43.234543 Received request from 102.23.55.32 for /example
2019-02-13T15:33:44.726534 Started database query for table users
2019-02-13T15:33:44.038472 Completed database query for table users
2015-02-13T15:33:43.234543 Received request from 102.23.55.32 for /example
2019-02-13T15:33:44.726534 Started database query for table users
2019-02-13T15:33:44.038472 Completed database query for table users
2019-02-13T15:33:43.234543 Received request from 102.23.55.32 for /example
2019-02-13T15:33:44.726534 Started database query for table users
2019-02-13T15:33:44.038472 Completed database query for table users
2019-02-13T15:33:43.234543 Received request from 102.23.55.32 for /example
2019-02-13T15:33:44.726534 Started database query for table users
2019-02-13T15:33:44.038472 Completed database query for table users
2019-02-13T15:33:43.234543 Received request from 102.23.55.32 for /example
2019-02-13T15:33:44.726534 Started database query for table users
2019-02-13T15:33:44.038472 Completed database query for table users
2019-02-13T15:33:43.234543 Received request from 102.23.55.32 for /example
2019-02-13T15:33:44.726534 Started database query for table users
2019-02-13T15:33:44.038472 Completed database query for table users
2019-02-13T15:33:43.234543 Received request from 102.23.55.32 for /example
2019-02-13T15:33:44.726534 Started database query for table users
2019-02-13T15:33:44.038472 Completed database query for table users
2019-02-13T15:33:43.234543 Received request from 102.23.55.32 for /example
2019-02-13T15:33:44.726534 Started database query for table users
2019-02-13T15:33:44.038472 Completed database query for table users
2019-02-13T15:33:43.234543 Received request from 102.23.55.32 for /example
2019-02-13T15:33:44.726534 Started database query for table users
2019-02-13T15:33:44.038472 Completed database query for table users
2019-02-13T15:33:43.234543 Received request from 102.23.55.32 for /example
2006-02-13T15:33:44.726534 Started database query for table users
2019-02-13T15:33:44.038472 Completed database query for table users
2019-02-13T15:33:43.234543 Received request from 102.23.55.32 for /example
2009-02-13T15:33:44.726534 Started database query for table users
2019-02-13T15:33:44.038472 Completed database query for table users
2019-02-13T15:33:43.234543 Received request from 102.23.55.32 for /example
2018-02-13T15:33:44.726534 Started database query for table users
2019-02-13T15:33:44.038472 Completed database query for table users
2019-02-13T15:33:43.234543 Received request from 102.23.55.32 for /example
2012-02-13T15:33:44.726534 Started database query for table users
2019-02-13T15:33:44.038472 Completed database query for table users
2019-02-13T15:33:43.234543 Received request from 102.23.55.32 for /example
2019-02-13T15:33:44.726534 Started database query for table users
2019-02-13T15:33:44.038472 Completed database query for table users
2015-02-13T15:33:43.234543 Received request from 102.23.55.32 for /example
2019-02-13T15:33:44.726534 Started database query for table users
2019-02-13T15:33:44.038472 Completed database query for table users
2019-02-13T15:33:43.234543 Received request from 102.23.55.32 for /example
2019-02-13T15:33:44.726534 Started database query for table users
2019-02-13T15:33:44.038472 Completed database query for table users
2019-02-13T15:33:43.234543 Received request from 102.23.55.32 for /example
2019-02-13T15:33:44.726534 Started database query for table users
2019-02-13T15:33:44.038472 Completed database query for table users
2019-02-13T15:33:43.234543 Received request from 102.23.55.32 for /example
2019-02-13T15:33:44.726534 Started database query for table users
2019-02-13T15:33:44.038472 Completed database query for table users
2019-02-13T15:33:43.234543 Received request from 102.23.55.32 for /example
2019-02-13T15:33:44.726534 Started database query for table users
2019-02-13T15:33:44.038472 Completed database query for table users
2019-02-13T15:33:43.234543 Received request from 102.23.55.32 for /example
2019-02-13T15:33:44.726534 Started database query for table users
2019-02-13T15:33:44.038472 Completed database query for table users
2019-02-13T15:33:43.234543 Received request from 102.23.55.32 for /example
2019-02-13T15:33:44.726534 Started database query for table users
2019-02-13T15:33:44.038472 Completed database query for table users
2019-02-13T15:33:43.234543 Received request from 102.23.55.32 for /example
2019-02-13T15:33:44.726534 Started database query for table users
2019-02-13T15:33:44.038472 Completed database query for table users
2019-02-13T15:33:43.234543 Received request from 102.23.55.32 for /example
2006-02-13T15:33:44.726534 Started database query for table users
2019-02-13T15:33:44.038472 Completed database query for table users
2019-02-13T15:33:43.234543 Received request from 102.23.55.32 for /example
2009-02-13T15:33:44.726534 Started database query for table users
2019-02-13T15:33:44.038472 Completed database query for table users
2019-02-13T15:33:43.234543 Received request from 102.23.55.32 for /example
2018-02-13T15:33:44.726534 Started database query for table users
2019-02-13T15:33:44.038472 Completed database query for table users
2019-02-13T15:33:43.234543 Received request from 102.23.55.32 for /example
2012-02-13T15:33:44.726534 Started database query for table users
2019-02-13T15:33:44.038472 Completed database query for table users
2019-02-13T15:33:43.234543 Received request from 102.23.55.32 for /example
2019-02-13T15:33:44.726534 Started database query for table users
2019-02-13T15:33:44.038472 Completed database query for table users
2015-02-13T15:33:43.234543 Received request from 102.23.55.32 for /example
2019-02-13T15:33:44.726534 Started database query for table users
2019-02-13T15:33:44.038472 Completed database query for table users
2019-02-13T15:33:43.234543 Received request from 102.23.55.32 for /example
2019-02-13T15:33:44.726534 Started database query for table users
2019-02-13T15:33:44.038472 Completed database query for table users
2019-02-13T15:33:43.234543 Received request from 102.23.55.32 for /example
2019-02-13T15:33:44.726534 Started database query for table users
2019-02-13T15:33:44.038472 Completed database query for table users
2019-02-13T15:33:43.234543 Received request from 102.23.55.32 for /example
2019-02-13T15:33:44.726534 Started database query for table users
2019-02-13T15:33:44.038472 Completed database query for table users
2019-02-13T15:33:43.234543 Received request from 102.23.55.32 for /example
2019-02-13T15:33:44.726534 Started database query for table users
2019-02-13T15:33:44.038472 Completed database query for table users
2019-02-13T15:33:43.234543 Received request from 102.23.55.32 for /example
2019-02-13T15:33:44.726534 Started database query for table users
2019-02-13T15:33:44.038472 Completed database query for table users
2019-02-13T15:33:43.234543 Received request from 102.23.55.32 for /example
2019-02-13T15:33:44.726534 Started database query for table users
2019-02-13T15:33:44.038472 Completed database query for table users
2019-02-13T15:33:43.234543 Received request from 102.23.55.32 for /example
2019-02-13T15:33:44.726534 Started database query for table users
2019-02-13T15:33:44.038472 Completed database query for table users
2019-02-13T15:33:43.234543 Received request from 102.23.55.32 for /example
2006-02-13T15:33:44.726534 Started database query for table users
2019-02-13T15:33:44.038472 Completed database query for table users
2019-02-13T15:33:43.234543 Received request from 102.23.55.32 for /example
2009-02-13T15:33:44.726534 Started database query for table users
2019-02-13T15:33:44.038472 Completed database query for table users
2019-02-13T15:33:43.234543 Received request from 102.23.55.32 for /example
2018-02-13T15:33:44.726534 Started database query for table users
2019-02-13T15:33:44.038472 Completed database query for table users
2019-02-13T15:33:43.234543 Received request from 102.23.55.32 for /example
2012-02-13T15:33:44.726534 Started database query for table users
2019-02-13T15:33:44.038472 Completed database query for table users
2019-02-13T15:33:43.234543 Received request from 102.23.55.32 for /example
2019-02-13T15:33:44.726534 Started database query for table users
2019-02-13T15:33:44.038472 Completed database query for table users
2015-02-13T15:33:43.234543 Received request from 102.23.55.32 for /example
2019-02-13T15:33:44.726534 Started database query for table users
2019-02-13T15:33:44.038472 Completed database query for table users
2019-02-13T15:33:43.234543 Received request from 102.23.55.32 for /example
2019-02-13T15:33:44.726534 Started database query for table users
2019-02-13T15:33:44.038472 Completed database query for table users
2019-02-13T15:33:43.234543 Received request from 102.23.55.32 for /example
2019-02-13T15:33:44.726534 Started database query for table users
2019-02-13T15:33:44.038472 Completed database query for table users
2019-02-13T15:33:43.234543 Received request from 102.23.55.32 for /example
2019-02-13T15:33:44.726534 Started database query for table users
2019-02-13T15:33:44.038472 Completed database query for table users
2019-02-13T15:33:43.234543 Received request from 102.23.55.32 for /example
2019-02-13T15:33:44.726534 Started database query for table users
2019-02-13T15:33:44.038472 Completed database query for table users
2019-02-13T15:33:43.234543 Received request from 102.23.55.32 for /example
2019-02-13T15:33:44.726534 Started database query for table users
2019-02-13T15:33:44.038472 Completed database query for table users
2019-02-13T15:33:43.234543 Received request from 102.23.55.32 for /example
2019-02-13T15:33:44.726534 Started database query for table users
2019-02-13T15:33:44.038472 Completed database query for table users
2019-02-13T15:33:43.234543 Received request from 102.23.55.32 for /example
2019-02-13T15:33:44.726534 Started database query for table users
2019-02-13T15:33:44.038472 Completed database query for table users
2019-02-13T15:33:43.234543 Received request from 102.23.55.32 for /example
2006-02-13T15:33:44.726534 Started database query for table users
2019-02-13T15:33:44.038472 Completed database query for table users
2019-02-13T15:33:43.234543 Received request from 102.23.55.32 for /example
2009-02-13T15:33:44.726534 Started database query for table users
2019-02-13T15:33:44.038472 Completed database query for table users
2019-02-13T15:33:43.234543 Received request from 102.23.55.32 for /example
2018-02-13T15:33:44.726534 Started database query for table users
2019-02-13T15:33:44.038472 Completed database query for table users
2019-02-13T15:33:43.234543 Received request from 102.23.55.32 for /example
2012-02-13T15:33:44.726534 Started database query for table users
2019-02-13T15:33:44.038472 Completed database query for table users
2019-02-13T15:33:43.234543 Received request from 102.23.55.32 for /example
2019-02-13T15:33:44.726534 Started database query for table users
2019-02-13T15:33:44.038472 Completed database query for table users
2015-02-13T15:33:43.234543 Received request from 102.23.55.32 for /example
2019-02-13T15:33:44.726534 Started database query for table users
2019-02-13T15:33:44.038472 Completed database query for table users
2019-02-13T15:33:43.234543 Received request from 102.23.55.32 for /example
2019-02-13T15:33:44.726534 Started database query for table users
2019-02-13T15:33:44.038472 Completed database query for table users
2019-02-13T15:33:43.234543 Received request from 102.23.55.32 for /example
2019-02-13T15:33:44.726534 Started database query for table users
2019-02-13T15:33:44.038472 Completed database query for table users
2019-02-13T15:33:43.234543 Received request from 102.23.55.32 for /example
2019-02-13T15:33:44.726534 Started database query for table users
2019-02-13T15:33:44.038472 Completed database query for table users
2019-02-13T15:33:43.234543 Received request from 102.23.55.32 for /example
2019-02-13T15:33:44.726534 Started database query for table users
2019-02-13T15:33:44.038472 Completed database query for table users
2019-02-13T15:33:43.234543 Received request from 102.23.55.32 for /example
2019-02-13T15:33:44.726534 Started database query for table users
2019-02-13T15:33:44.038472 Completed database query for table users
2019-02-13T15:33:43.234543 Received request from 102.23.55.32 for /example
2019-02-13T15:33:44.726534 Started database query for table users
2019-02-13T15:33:44.038472 Completed database query for table users
2019-02-13T15:33:43.234543 Received request from 102.23.55.32 for /example
2019-02-13T15:33:44.726534 Started database query for table users
2019-02-13T15:33:44.038472 Completed database query for table users
2019-02-13T15:33:43.234543 Received request from 102.23.55.32 for /example
2006-02-13T15:33:44.726534 Started database query for table users
2019-02-13T15:33:44.038472 Completed database query for table users
2019-02-13T15:33:43.234543 Received request from 102.23.55.32 for /example
2009-02-13T15:33:44.726534 Started database query for table users
2019-02-13T15:33:44.038472 Completed database query for table users
2019-02-13T15:33:43.234543 Received request from 102.23.55.32 for /example
2018-02-13T15:33:44.726534 Started database query for table users
2019-02-13T15:33:44.038472 Completed database query for table users
2019-02-13T15:33:43.234543 Received request from 102.23.55.32 for /example
2012-02-13T15:33:44.726534 Started database query for table users
2019-02-13T15:33:44.038472 Completed database query for table users
2019-02-13T15:33:43.234543 Received request from 102.23.55.32 for /example
2019-02-13T15:33:44.726534 Started database query for table users
2019-02-13T15:33:44.038472 Completed database query for table users
2015-02-13T15:33:43.234543 Received request from 102.23.55.32 for /example
2019-02-13T15:33:44.726534 Started database query for table users
2019-02-13T15:33:44.038472 Completed database query for table users
2019-02-13T15:33:43.234543 Received request from 102.23.55.32 for /example
2019-02-13T15:33:44.726534 Started database query for table users
2019-02-13T15:33:44.038472 Completed database query for table users
2019-02-13T15:33:43.234543 Received request from 102.23.55.32 for /example
2019-02-13T15:33:44.726534 Started database query for table users
2019-02-13T15:33:44.038472 Completed database query for table users
2019-02-13T15:33:43.234543 Received request from 102.23.55.32 for /example
2019-02-13T15:33:44.726534 Started database query for table users
2019-02-13T15:33:44.038472 Completed database query for table users
2019-02-13T15:33:43.234543 Received request from 102.23.55.32 for /example
2019-02-13T15:33:44.726534 Started database query for table users
2019-02-13T15:33:44.038472 Completed database query for table users
2019-02-13T15:33:43.234543 Received request from 102.23.55.32 for /example
2019-02-13T15:33:44.726534 Started database query for table users
2019-02-13T15:33:44.038472 Completed database query for table users
2019-02-13T15:33:43.234543 Received request from 102.23.55.32 for /example
2019-02-13T15:33:44.726534 Started database query for table users
2019-02-13T15:33:44.038472 Completed database query for table users
2019-02-13T15:33:43.234543 Received request from 102.23.55.32 for /example
2019-02-13T15:33:44.726534 Started database query for table users
2019-02-13T15:33:44.038472 Completed database query for table users
2019-02-13T15:33:43.234543 Received request from 102.23.55.32 for /example
2006-02-13T15:33:44.726534 Started database query for table users
2019-02-13T15:33:44.038472 Completed database query for table users
2019-02-13T15:33:43.234543 Received request from 102.23.55.32 for /example
2009-02-13T15:33:44.726534 Started database query for table users
2019-02-13T15:33:44.038472 Completed database query for table users
2019-02-13T15:33:43.234543 Received request from 102.23.55.32 for /example
2018-02-13T15:33:44.726534 Started database query for table users
2019-02-13T15:33:44.038472 Completed database query for table users
2019-02-13T15:33:43.234543 Received request from 102.23.55.32 for /example
2012-02-13T15:33:44.726534 Started database query for table users
2019-02-13T15:33:44.038472 Completed database query for table users
2019-02-13T15:33:43.234543 Received request from 102.23.55.32 for /example
2019-02-13T15:33:44.726534 Started database query for table users
2019-02-13T15:33:44.038472 Completed database query for table users
2015-02-13T15:33:43.234543 Received request from 102.23.55.32 for /example
2019-02-13T15:33:44.726534 Started database query for table users
2019-02-13T15:33:44.038472 Completed database query for table users
2019-02-13T15:33:43.234543 Received request from 102.23.55.32 for /example
2019-02-13T15:33:44.726534 Started database query for table users
2019-02-13T15:33:44.038472 Completed database query for table users
2019-02-13T15:33:43.234543 Received request from 102.23.55.32 for /example
2019-02-13T15:33:44.726534 Started database query for table users
2019-02-13T15:33:44.038472 Completed database query for table users
2019-02-13T15:33:43.234543 Received request from 102.23.55.32 for /example
2019-02-13T15:33:44.726534 Started database query for table users
2019-02-13T15:33:44.038472 Completed database query for table users
2019-02-13T15:33:43.234543 Received request from 102.23.55.32 for /example
2019-02-13T15:33:44.726534 Started database query for table users
2019-02-13T15:33:44.038472 Completed database query for table users
2019-02-13T15:33:43.234543 Received request from 102.23.55.32 for /example
2019-02-13T15:33:44.726534 Started database query for table users
2019-02-13T15:33:44.038472 Completed database query for table users
2019-02-13T15:33:43.234543 Received request from 102.23.55.32 for /example
2019-02-13T15:33:44.726534 Started database query for table users
2019-02-13T15:33:44.038472 Completed database query for table users
2019-02-13T15:33:43.234543 Received request from 102.23.55.32 for /example
2019-02-13T15:33:44.726534 Started database query for table users
2019-02-13T15:33:44.038472 Completed database query for table users
2019-02-13T15:33:43.234543 Received request from 102.23.55.32 for /example
2006-02-13T15:33:44.726534 Started database query for table users
2019-02-13T15:33:44.038472 Completed database query for table users
2019-02-13T15:33:43.234543 Received request from 102.23.55.32 for /example
2009-02-13T15:33:44.726534 Started database query for table users
2019-02-13T15:33:44.038472 Completed database query for table users
2019-02-13T15:33:43.234543 Received request from 102.23.55.32 for /example
2018-02-13T15:33:44.726534 Started database query for table users
2019-02-13T15:33:44.038472 Completed database query for table users
2019-02-13T15:33:43.234543 Received request from 102.23.55.32 for /example
2012-02-13T15:33:44.726534 Started database query for table users
2019-02-13T15:33:44.038472 Completed database query for table users
2019-02-13T15:33:43.234543 Received request from 102.23.55.32 for /example
2019-02-13T15:33:44.726534 Started database query for table users
2019-02-13T15:33:44.038472 Completed database query for table users
2015-02-13T15:33:43.234543 Received request from 102.23.55.32 for /example
2019-02-13T15:33:44.726534 Started database query for table users
2019-02-13T15:33:44.038472 Completed database query for table users
2019-02-13T15:33:43.234543 Received request from 102.23.55.32 for /example
2019-02-13T15:33:44.726534 Started database query for table users
2019-02-13T15:33:44.038472 Completed database query for table users
2019-02-13T15:33:43.234543 Received request from 102.23.55.32 for /example
2019-02-13T15:33:44.726534 Started database query for table users
2019-02-13T15:33:44.038472 Completed database query for table users
2019-02-13T15:33:43.234543 Received request from 102.23.55.32 for /example
2019-02-13T15:33:44.726534 Started database query for table users
2019-02-13T15:33:44.038472 Completed database query for table users
2019-02-13T15:33:43.234543 Received request from 102.23.55.32 for /example
2019-02-13T15:33:44.726534 Started database query for table users
2019-02-13T15:33:44.038472 Completed database query for table users
2019-02-13T15:33:43.234543 Received request from 102.23.55.32 for /example
2019-02-13T15:33:44.726534 Started database query for table users
2019-02-13T15:33:44.038472 Completed database query for table users
2019-02-13T15:33:43.234543 Received request from 102.23.55.32 for /example
2019-02-13T15:33:44.726534 Started database query for table users
2019-02-13T15:33:44.038472 Completed database query for table users
2019-02-13T15:33:43.234543 Received request from 102.23.55.32 for /example
2019-02-13T15:33:44.726534 Started database query for table users
2019-02-13T15:33:44.038472 Completed database query for table users
2019-02-13T15:33:43.234543 Received request from 102.23.55.32 for /example
2006-02-13T15:33:44.726534 Started database query for table users
2019-02-13T15:33:44.038472 Completed database query for table users
2019-02-13T15:33:43.234543 Received request from 102.23.55.32 for /example
2009-02-13T15:33:44.726534 Started database query for table users
2019-02-13T15:33:44.038472 Completed database query for table users
2019-02-13T15:33:43.234543 Received request from 102.23.55.32 for /example
2018-02-13T15:33:44.726534 Started database query for table users
2019-02-13T15:33:44.038472 Completed database query for table users
2019-02-13T15:33:43.234543 Received request from 102.23.55.32 for /example
2012-02-13T15:33:44.726534 Started database query for table users
2019-02-13T15:33:44.038472 Completed database query for table users
2019-02-13T15:33:43.234543 Received request from 102.23.55.32 for /example
2019-02-13T15:33:44.726534 Started database query for table users
2019-02-13T15:33:44.038472 Completed database query for table users
2015-02-13T15:33:43.234543 Received request from 102.23.55.32 for /example
2019-02-13T15:33:44.726534 Started database query for table users
2019-02-13T15:33:44.038472 Completed database query for table users
2019-02-13T15:33:43.234543 Received request from 102.23.55.32 for /example
2019-02-13T15:33:44.726534 Started database query for table users
2019-02-13T15:33:44.038472 Completed database query for table users
2019-02-13T15:33:43.234543 Received request from 102.23.55.32 for /example
2019-02-13T15:33:44.726534 Started database query for table users
2019-02-13T15:33:44.038472 Completed database query for table users
2019-02-13T15:33:43.234543 Received request from 102.23.55.32 for /example
2019-02-13T15:33:44.726534 Started database query for table users
2019-02-13T15:33:44.038472 Completed database query for table users
2019-02-13T15:33:43.234543 Received request from 102.23.55.32 for /example
2019-02-13T15:33:44.726534 Started database query for table users
2019-02-13T15:33:44.038472 Completed database query for table users
2019-02-13T15:33:43.234543 Received request from 102.23.55.32 for /example
2019-02-13T15:33:44.726534 Started database query for table users
2019-02-13T15:33:44.038472 Completed database query for table users
2019-02-13T15:33:43.234543 Received request from 102.23.55.32 for /example
2019-02-13T15:33:44.726534 Started database query for table users
2019-02-13T15:33:44.038472 Completed database query for table users
2019-02-13T15:33:43.234543 Received request from 102.23.55.32 for /example
2019-02-13T15:33:44.726534 Started database query for table users
2019-02-13T15:33:44.038472 Completed database query for table users
2019-02-13T15:33:43.234543 Received request from 102.23.55.32 for /example
2006-02-13T15:33:44.726534 Started database query for table users
2019-02-13T15:33:44.038472 Completed database query for table users
2019-02-13T15:33:43.234543 Received request from 102.23.55.32 for /example
2009-02-13T15:33:44.726534 Started database query for table users
2019-02-13T15:33:44.038472 Completed database query for table users
2019-02-13T15:33:43.234543 Received request from 102.23.55.32 for /example
2018-02-13T15:33:44.726534 Started database query for table users
2019-02-13T15:33:44.038472 Completed database query for table users
2019-02-13T15:33:43.234543 Received request from 102.23.55.32 for /example
2012-02-13T15:33:44.726534 Started database query for table users
2019-02-13T15:33:44.038472 Completed database query for table users
2019-02-13T15:33:43.234543 Received request from 102.23.55.32 for /example
2019-02-13T15:33:44.726534 Started database query for table users
2019-02-13T15:33:44.038472 Completed database query for table users
2015-02-13T15:33:43.234543 Received request from 102.23.55.32 for /example
2019-02-13T15:33:44.726534 Started database query for table users
2019-02-13T15:33:44.038472 Completed database query for table users
2019-02-13T15:33:43.234543 Received request from 102.23.55.32 for /example
2019-02-13T15:33:44.726534 Started database query for table users
2019-02-13T15:33:44.038472 Completed database query for table users
2019-02-13T15:33:43.234543 Received request from 102.23.55.32 for /example
2019-02-13T15:33:44.726534 Started database query for table users
2019-02-13T15:33:44.038472 Completed database query for table users
2019-02-13T15:33:43.234543 Received request from 102.23.55.32 for /example
2019-02-13T15:33:44.726534 Started database query for table users
2019-02-13T15:33:44.038472 Completed database query for table users
2019-02-13T15:33:43.234543 Received request from 102.23.55.32 for /example
2019-02-13T15:33:44.726534 Started database query for table users
2019-02-13T15:33:44.038472 Completed database query for table users
2019-02-13T15:33:43.234543 Received request from 102.23.55.32 for /example
2019-02-13T15:33:44.726534 Started database query for table users
2019-02-13T15:33:44.038472 Completed database query for table users
2019-02-13T15:33:43.234543 Received request from 102.23.55.32 for /example
2019-02-13T15:33:44.726534 Started database query for table users
2019-02-13T15:33:44.038472 Completed database query for table users
2019-02-13T15:33:43.234543 Received request from 102.23.55.32 for /example
2019-02-13T15:33:44.726534 Started database query for table users
2019-02-13T15:33:44.038472 Completed database query for table users
2019-02-13T15:33:43.234543 Received request from 102.23.55.32 for /example
2006-02-13T15:33:44.726534 Started database query for table users
2019-02-13T15:33:44.038472 Completed database query for table users
2019-02-13T15:33:43.234543 Received request from 102.23.55.32 for /example
2009-02-13T15:33:44.726534 Started database query for table users
2019-02-13T15:33:44.038472 Completed database query for table users
2019-02-13T15:33:43.234543 Received request from 102.23.55.32 for /example
2018-02-13T15:33:44.726534 Started database query for table users
2019-02-13T15:33:44.038472 Completed database query for table users
2019-02-13T15:33:43.234543 Received request from 102.23.55.32 for /example
2012-02-13T15:33:44.726534 Started database query for table users
2019-02-13T15:33:44.038472 Completed database query for table users
2019-02-13T15:33:43.234543 Received request from 102.23.55.32 for /example
2019-02-13T15:33:44.726534 Started database query for table users
2019-02-13T15:33:44.038472 Completed database query for table users
2015-02-13T15:33:43.234543 Received request from 102.23.55.32 for /example
2019-02-13T15:33:44.726534 Started database query for table users
2019-02-13T15:33:44.038472 Completed database query for table users
2019-02-13T15:33:43.234543 Received request from 102.23.55.32 for /example
2019-02-13T15:33:44.726534 Started database query for table users
2019-02-13T15:33:44.038472 Completed database query for table users
2019-02-13T15:33:43.234543 Received request from 102.23.55.32 for /example
2019-02-13T15:33:44.726534 Started database query for table users
2019-02-13T15:33:44.038472 Completed database query for table users
2019-02-13T15:33:43.234543 Received request from 102.23.55.32 for /example
2019-02-13T15:33:44.726534 Started database query for table users
2019-02-13T15:33:44.038472 Completed database query for table users
2019-02-13T15:33:43.234543 Received request from 102.23.55.32 for /example
2019-02-13T15:33:44.726534 Started database query for table users
2019-02-13T15:33:44.038472 Completed database query for table users
2019-02-13T15:33:43.234543 Received request from 102.23.55.32 for /example
2019-02-13T15:33:44.726534 Started database query for table users
2019-02-13T15:33:44.038472 Completed database query for table users
2019-02-13T15:33:43.234543 Received request from 102.23.55.32 for /example
2019-02-13T15:33:44.726534 Started database query for table users
2019-02-13T15:33:44.038472 Completed database query for table users
2019-02-13T15:33:43.234543 Received request from 102.23.55.32 for /example
2019-02-13T15:33:44.726534 Started database query for table users
2019-02-13T15:33:44.038472 Completed database query for table users
2019-02-13T15:33:43.234543 Received request from 102.23.55.32 for /example
2006-02-13T15:33:44.726534 Started database query for table users
2019-02-13T15:33:44.038472 Completed database query for table users
2019-02-13T15:33:43.234543 Received request from 102.23.55.32 for /example
2009-02-13T15:33:44.726534 Started database query for table users
2019-02-13T15:33:44.038472 Completed database query for table users
2019-02-13T15:33:43.234543 Received request from 102.23.55.32 for /example
2018-02-13T15:33:44.726534 Started database query for table users
2019-02-13T15:33:44.038472 Completed database query for table users
2019-02-13T15:33:43.234543 Received request from 102.23.55.32 for /example
2012-02-13T15:33:44.726534 Started database query for table users
2019-02-13T15:33:44.038472 Completed database query for table users
2019-02-13T15:33:43.234543 Received request from 102.23.55.32 for /example
2019-02-13T15:33:44.726534 Started database query for table users
2019-02-13T15:33:44.038472 Completed database query for table users
2015-02-13T15:33:43.234543 Received request from 102.23.55.32 for /example
2019-02-13T15:33:44.726534 Started database query for table users
2019-02-13T15:33:44.038472 Completed database query for table users
2019-02-13T15:33:43.234543 Received request from 102.23.55.32 for /example
2019-02-13T15:33:44.726534 Started database query for table users
2019-02-13T15:33:44.038472 Completed database query for table users
2019-02-13T15:33:43.234543 Received request from 102.23.55.32 for /example
2019-02-13T15:33:44.726534 Started database query for table users
2019-02-13T15:33:44.038472 Completed database query for table users
2019-02-13T15:33:43.234543 Received request from 102.23.55.32 for /example
2019-02-13T15:33:44.726534 Started database query for table users
2019-02-13T15:33:44.038472 Completed database query for table users
2019-02-13T15:33:43.234543 Received request from 102.23.55.32 for /example
2019-02-13T15:33:44.726534 Started database query for table users
2019-02-13T15:33:44.038472 Completed database query for table users
2019-02-13T15:33:43.234543 Received request from 102.23.55.32 for /example
2019-02-13T15:33:44.726534 Started database query for table users
2019-02-13T15:33:44.038472 Completed database query for table users
2019-02-13T15:33:43.234543 Received request from 102.23.55.32 for /example
2019-02-13T15:33:44.726534 Started database query for table users
2019-02-13T15:33:44.038472 Completed database query for table users
2019-02-13T15:33:43.234543 Received request from 102.23.55.32 for /example
2019-02-13T15:33:44.726534 Started database query for table users
2019-02-13T15:33:44.038472 Completed database query for table users
2019-02-13T15:33:43.234543 Received request from 102.23.55.32 for /example
2006-02-13T15:33:44.726534 Started database query for table users
2019-02-13T15:33:44.038472 Completed database query for table users
2019-02-13T15:33:43.234543 Received request from 102.23.55.32 for /example
2009-02-13T15:33:44.726534 Started database query for table users
2019-02-13T15:33:44.038472 Completed database query for table users
2019-02-13T15:33:43.234543 Received request from 102.23.55.32 for /example
2018-02-13T15:33:44.726534 Started database query for table users
2019-02-13T15:33:44.038472 Completed database query for table users
2019-02-13T15:33:43.234543 Received request from 102.23.55.32 for /example
2012-02-13T15:33:44.726534 Started database query for table users
2019-02-13T15:33:44.038472 Completed database query for table users
2019-02-13T15:33:43.234543 Received request from 102.23.55.32 for /example
2019-02-13T15:33:44.726534 Started database query for table users
2019-02-13T15:33:44.038472 Completed database query for table users
2015-02-13T15:33:43.234543 Received request from 102.23.55.32 for /example
2019-02-13T15:33:44.726534 Started database query for table users
2019-02-13T15:33:44.038472 Completed database query for table users
2019-02-13T15:33:43.234543 Received request from 102.23.55.32 for /example
2019-02-13T15:33:44.726534 Started database query for table users
2019-02-13T15:33:44.038472 Completed database query for table users
2019-02-13T15:33:43.234543 Received request from 102.23.55.32 for /example
2019-02-13T15:33:44.726534 Started database query for table users
2019-02-13T15:33:44.038472 Completed database query for table users
2019-02-13T15:33:43.234543 Received request from 102.23.55.32 for /example
2019-02-13T15:33:44.726534 Started database query for table users
2019-02-13T15:33:44.038472 Completed database query for table users
2019-02-13T15:33:43.234543 Received request from 102.23.55.32 for /example
2019-02-13T15:33:44.726534 Started database query for table users
2019-02-13T15:33:44.038472 Completed database query for table users
2019-02-13T15:33:43.234543 Received request from 102.23.55.32 for /example
2019-02-13T15:33:44.726534 Started database query for table users
2019-02-13T15:33:44.038472 Completed database query for table users
2019-02-13T15:33:43.234543 Received request from 102.23.55.32 for /example
2019-02-13T15:33:44.726534 Started database query for table users
2019-02-13T15:33:44.038472 Completed database query for table users
2019-02-13T15:33:43.234543 Received request from 102.23.55.32 for /example
2019-02-13T15:33:44.726534 Started database query for table users
2019-02-13T15:33:44.038472 Completed database query for table users
2019-02-13T15:33:43.234543 Received request from 102.23.55.32 for /example
2006-02-13T15:33:44.726534 Started database query for table users
2019-02-13T15:33:44.038472 Completed database query for table users
2019-02-13T15:33:43.234543 Received request from 102.23.55.32 for /example
2009-02-13T15:33:44.726534 Started database query for table users
2019-02-13T15:33:44.038472 Completed database query for table users
2019-02-13T15:33:43.234543 Received request from 102.23.55.32 for /example
2018-02-13T15:33:44.726534 Started database query for table users
2019-02-13T15:33:44.038472 Completed database query for table users
2019-02-13T15:33:43.234543 Received request from 102.23.55.32 for /example
2012-02-13T15:33:44.726534 Started database query for table users
2019-02-13T15:33:44.038472 Completed database query for table users
2019-02-13T15:33:43.234543 Received request from 102.23.55.32 for /example
2019-02-13T15:33:44.726534 Started database query for table users
2019-02-13T15:33:44.038472 Completed database query for table users
2015-02-13T15:33:43.234543 Received request from 102.23.55.32 for /example
2019-02-13T15:33:44.726534 Started database query for table users
2019-02-13T15:33:44.038472 Completed database query for table users
2019-02-13T15:33:43.234543 Received request from 102.23.55.32 for /example
2019-02-13T15:33:44.726534 Started database query for table users
2019-02-13T15:33:44.038472 Completed database query for table users
2019-02-13T15:33:43.234543 Received request from 102.23.55.32 for /example
2019-02-13T15:33:44.726534 Started database query for table users
2019-02-13T15:33:44.038472 Completed database query for table users
2019-02-13T15:33:43.234543 Received request from 102.23.55.32 for /example
2019-02-13T15:33:44.726534 Started database query for table users
2019-02-13T15:33:44.038472 Completed database query for table users
2019-02-13T15:33:43.234543 Received request from 102.23.55.32 for /example
2019-02-13T15:33:44.726534 Started database query for table users
2019-02-13T15:33:44.038472 Completed database query for table users
2019-02-13T15:33:43.234543 Received request from 102.23.55.32 for /example
2019-02-13T15:33:44.726534 Started database query for table users
2019-02-13T15:33:44.038472 Completed database query for table users
2019-02-13T15:33:43.234543 Received request from 102.23.55.32 for /example
2019-02-13T15:33:44.726534 Started database query for table users
2019-02-13T15:33:44.038472 Completed database query for table users
2019-02-13T15:33:43.234543 Received request from 102.23.55.32 for /example
2019-02-13T15:33:44.726534 Started database query for table users
2019-02-13T15:33:44.038472 Completed database query for table users
2019-02-13T15:33:43.234543 Received request from 102.23.55.32 for /example
2006-02-13T15:33:44.726534 Started database query for table users
2019-02-13T15:33:44.038472 Completed database query for table users
2019-02-13T15:33:43.234543 Received request from 102.23.55.32 for /example
2009-02-13T15:33:44.726534 Started database query for table users
2019-02-13T15:33:44.038472 Completed database query for table users
2019-02-13T15:33:43.234543 Received request from 102.23.55.32 for /example
2018-02-13T15:33:44.726534 Started database query for table users
2019-02-13T15:33:44.038472 Completed database query for table users
2019-02-13T15:33:43.234543 Received request from 102.23.55.32 for /example
2012-02-13T15:33:44.726534 Started database query for table users
2019-02-13T15:33:44.038472 Completed database query for table users
2019-02-13T15:33:43.234543 Received request from 102.23.55.32 for /example
2019-02-13T15:33:44.726534 Started database query for table users
2019-02-13T15:33:44.038472 Completed database query for table users
2015-02-13T15:33:43.234543 Received request from 102.23.55.32 for /example
2019-02-13T15:33:44.726534 Started database query for table users
2019-02-13T15:33:44.038472 Completed database query for table users
2019-02-13T15:33:43.234543 Received request from 102.23.55.32 for /example
2019-02-13T15:33:44.726534 Started database query for table users
2019-02-13T15:33:44.038472 Completed database query for table users
2019-02-13T15:33:43.234543 Received request from 102.23.55.32 for /example
2019-02-13T15:33:44.726534 Started database query for table users
2019-02-13T15:33:44.038472 Completed database query for table users
2019-02-13T15:33:43.234543 Received request from 102.23.55.32 for /example
2019-02-13T15:33:44.726534 Started database query for table users
2019-02-13T15:33:44.038472 Completed database query for table users
2019-02-13T15:33:43.234543 Received request from 102.23.55.32 for /example
2019-02-13T15:33:44.726534 Started database query for table users
2019-02-13T15:33:44.038472 Completed database query for table users
2019-02-13T15:33:43.234543 Received request from 102.23.55.32 for /example
2019-02-13T15:33:44.726534 Started database query for table users
2019-02-13T15:33:44.038472 Completed database query for table users
2019-02-13T15:33:43.234543 Received request from 102.23.55.32 for /example
2019-02-13T15:33:44.726534 Started database query for table users
2019-02-13T15:33:44.038472 Completed database query for table users
2019-02-13T15:33:43.234543 Received request from 102.23.55.32 for /example
2019-02-13T15:33:44.726534 Started database query for table users
2019-02-13T15:33:44.038472 Completed database query for table users
2019-02-13T15:33:43.234543 Received request from 102.23.55.32 for /example
2006-02-13T15:33:44.726534 Started database query for table users
2019-02-13T15:33:44.038472 Completed database query for table users
2019-02-13T15:33:43.234543 Received request from 102.23.55.32 for /example
2009-02-13T15:33:44.726534 Started database query for table users
2019-02-13T15:33:44.038472 Completed database query for table users
2019-02-13T15:33:43.234543 Received request from 102.23.55.32 for /example
2018-02-13T15:33:44.726534 Started database query for table users
2019-02-13T15:33:44.038472 Completed database query for table users
2019-02-13T15:33:43.234543 Received request from 102.23.55.32 for /example
2012-02-13T15:33:44.726534 Started database query for table users
2019-02-13T15:33:44.038472 Completed database query for table users
2019-02-13T15:33:43.234543 Received request from 102.23.55.32 for /example
2019-02-13T15:33:44.726534 Started database query for table users
2019-02-13T15:33:44.038472 Completed database query for table users
2015-02-13T15:33:43.234543 Received request from 102.23.55.32 for /example
2019-02-13T15:33:44.726534 Started database query for table users
2019-02-13T15:33:44.038472 Completed database query for table users
2019-02-13T15:33:43.234543 Received request from 102.23.55.32 for /example
2019-02-13T15:33:44.726534 Started database query for table users
2019-02-13T15:33:44.038472 Completed database query for table users
2019-02-13T15:33:43.234543 Received request from 102.23.55.32 for /example
2019-02-13T15:33:44.726534 Started database query for table users
2019-02-13T15:33:44.038472 Completed database query for table users
2019-02-13T15:33:43.234543 Received request from 102.23.55.32 for /example
2019-02-13T15:33:44.726534 Started database query for table users
2019-02-13T15:33:44.038472 Completed database query for table users
2019-02-13T15:33:43.234543 Received request from 102.23.55.32 for /example
2019-02-13T15:33:44.726534 Started database query for table users
2019-02-13T15:33:44.038472 Completed database query for table users
2019-02-13T15:33:43.234543 Received request from 102.23.55.32 for /example
2019-02-13T15:33:44.726534 Started database query for table users
2019-02-13T15:33:44.038472 Completed database query for table users
2019-02-13T15:33:43.234543 Received request from 102.23.55.32 for /example
2019-02-13T15:33:44.726534 Started database query for table users
2019-02-13T15:33:44.038472 Completed database query for table users
2019-02-13T15:33:43.234543 Received request from 102.23.55.32 for /example
2019-02-13T15:33:44.726534 Started database query for table users
2019-02-13T15:33:44.038472 Completed database query for table users
2019-02-13T15:33:43.234543 Received request from 102.23.55.32 for /example
2006-02-13T15:33:44.726534 Started database query for table users
2019-02-13T15:33:44.038472 Completed database query for table users
2019-02-13T15:33:43.234543 Received request from 102.23.55.32 for /example
2009-02-13T15:33:44.726534 Started database query for table users
2019-02-13T15:33:44.038472 Completed database query for table users
2019-02-13T15:33:43.234543 Received request from 102.23.55.32 for /example
2018-02-13T15:33:44.726534 Started database query for table users
2019-02-13T15:33:44.038472 Completed database query for table users
2019-02-13T15:33:43.234543 Received request from 102.23.55.32 for /example
2012-02-13T15:33:44.726534 Started database query for table users
2019-02-13T15:33:44.038472 Completed database query for table users
2019-02-13T15:33:43.234543 Received request from 102.23.55.32 for /example
2019-02-13T15:33:44.726534 Started database query for table users
2019-02-13T15:33:44.038472 Completed database query for table users
2015-02-13T15:33:43.234543 Received request from 102.23.55.32 for /example
2019-02-13T15:33:44.726534 Started database query for table users
2019-02-13T15:33:44.038472 Completed database query for table users
2019-02-13T15:33:43.234543 Received request from 102.23.55.32 for /example
2019-02-13T15:33:44.726534 Started database query for table users
2019-02-13T15:33:44.038472 Completed database query for table users
2019-02-13T15:33:43.234543 Received request from 102.23.55.32 for /example
2019-02-13T15:33:44.726534 Started database query for table users
2019-02-13T15:33:44.038472 Completed database query for table users
2019-02-13T15:33:43.234543 Received request from 102.23.55.32 for /example
2019-02-13T15:33:44.726534 Started database query for table users
2019-02-13T15:33:44.038472 Completed database query for table users
2019-02-13T15:33:43.234543 Received request from 102.23.55.32 for /example
2019-02-13T15:33:44.726534 Started database query for table users
2019-02-13T15:33:44.038472 Completed database query for table users
2019-02-13T15:33:43.234543 Received request from 102.23.55.32 for /example
2019-02-13T15:33:44.726534 Started database query for table users
2019-02-13T15:33:44.038472 Completed database query for table users
2019-02-13T15:33:43.234543 Received request from 102.23.55.32 for /example
2019-02-13T15:33:44.726534 Started database query for table users
2019-02-13T15:33:44.038472 Completed database query for table users
2019-02-13T15:33:43.234543 Received request from 102.23.55.32 for /example
2019-02-13T15:33:44.726534 Started database query for table users
2019-02-13T15:33:44.038472 Completed database query for table users
2019-02-13T15:33:43.234543 Received request from 102.23.55.32 for /example
2006-02-13T15:33:44.726534 Started database query for table users
2019-02-13T15:33:44.038472 Completed database query for table users
2019-02-13T15:33:43.234543 Received request from 102.23.55.32 for /example
2009-02-13T15:33:44.726534 Started database query for table users
2019-02-13T15:33:44.038472 Completed database query for table users
2019-02-13T15:33:43.234543 Received request from 102.23.55.32 for /example
2018-02-13T15:33:44.726534 Started database query for table users
2019-02-13T15:33:44.038472 Completed database query for table users
2019-02-13T15:33:43.234543 Received request from 102.23.55.32 for /example
2012-02-13T15:33:44.726534 Started database query for table users
2019-02-13T15:33:44.038472 Completed database query for table users
2019-02-13T15:33:43.234543 Received request from 102.23.55.32 for /example
2019-02-13T15:33:44.726534 Started database query for table users
2019-02-13T15:33:44.038472 Completed database query for table users
2015-02-13T15:33:43.234543 Received request from 102.23.55.32 for /example
2019-02-13T15:33:44.726534 Started database query for table users
2019-02-13T15:33:44.038472 Completed database query for table users
2019-02-13T15:33:43.234543 Received request from 102.23.55.32 for /example
2019-02-13T15:33:44.726534 Started database query for table users
2019-02-13T15:33:44.038472 Completed database query for table users
2019-02-13T15:33:43.234543 Received request from 102.23.55.32 for /example
2019-02-13T15:33:44.726534 Started database query for table users
2019-02-13T15:33:44.038472 Completed database query for table users
2019-02-13T15:33:43.234543 Received request from 102.23.55.32 for /example
2019-02-13T15:33:44.726534 Started database query for table users
2019-02-13T15:33:44.038472 Completed database query for table users
2019-02-13T15:33:43.234543 Received request from 102.23.55.32 for /example
2019-02-13T15:33:44.726534 Started database query for table users
2019-02-13T15:33:44.038472 Completed database query for table users
2019-02-13T15:33:43.234543 Received request from 102.23.55.32 for /example
2019-02-13T15:33:44.726534 Started database query for table users
2019-02-13T15:33:44.038472 Completed database query for table users
2019-02-13T15:33:43.234543 Received request from 102.23.55.32 for /example
2019-02-13T15:33:44.726534 Started database query for table users
2019-02-13T15:33:44.038472 Completed database query for table users
2019-02-13T15:33:43.234543 Received request from 102.23.55.32 for /example
2019-02-13T15:33:44.726534 Started database query for table users
2019-02-13T15:33:44.038472 Completed database query for table users
2019-02-13T15:33:43.234543 Received request from 102.23.55.32 for /example
2006-02-13T15:33:44.726534 Started database query for table users
2019-02-13T15:33:44.038472 Completed database query for table users
2019-02-13T15:33:43.234543 Received request from 102.23.55.32 for /example
2009-02-13T15:33:44.726534 Started database query for table users
2019-02-13T15:33:44.038472 Completed database query for table users
2019-02-13T15:33:43.234543 Received request from 102.23.55.32 for /example
2018-02-13T15:33:44.726534 Started database query for table users
2019-02-13T15:33:44.038472 Completed database query for table users
2019-02-13T15:33:43.234543 Received request from 102.23.55.32 for /example
2012-02-13T15:33:44.726534 Started database query for table users
2019-02-13T15:33:44.038472 Completed database query for table users
2019-02-13T15:33:43.234543 Received request from 102.23.55.32 for /example
2019-02-13T15:33:44.726534 Started database query for table users
2019-02-13T15:33:44.038472 Completed database query for table users
2015-02-13T15:33:43.234543 Received request from 102.23.55.32 for /example
2019-02-13T15:33:44.726534 Started database query for table users
2019-02-13T15:33:44.038472 Completed database query for table users
2019-02-13T15:33:43.234543 Received request from 102.23.55.32 for /example
2019-02-13T15:33:44.726534 Started database query for table users
2019-02-13T15:33:44.038472 Completed database query for table users
2019-02-13T15:33:43.234543 Received request from 102.23.55.32 for /example
2019-02-13T15:33:44.726534 Started database query for table users
2019-02-13T15:33:44.038472 Completed database query for table users
2019-02-13T15:33:43.234543 Received request from 102.23.55.32 for /example
2019-02-13T15:33:44.726534 Started database query for table users
2019-02-13T15:33:44.038472 Completed database query for table users
2019-02-13T15:33:43.234543 Received request from 102.23.55.32 for /example
2019-02-13T15:33:44.726534 Started database query for table users
2019-02-13T15:33:44.038472 Completed database query for table users
2019-02-13T15:33:43.234543 Received request from 102.23.55.32 for /example
2019-02-13T15:33:44.726534 Started database query for table users
2019-02-13T15:33:44.038472 Completed database query for table users
2019-02-13T15:33:43.234543 Received request from 102.23.55.32 for /example
2019-02-13T15:33:44.726534 Started database query for table users
2019-02-13T15:33:44.038472 Completed database query for table users
2019-02-13T15:33:43.234543 Received request from 102.23.55.32 for /example
2019-02-13T15:33:44.726534 Started database query for table users
2019-02-13T15:33:44.038472 Completed database query for table users
2019-02-13T15:33:43.234543 Received request from 102.23.55.32 for /example
2006-02-13T15:33:44.726534 Started database query for table users
2019-02-13T15:33:44.038472 Completed database query for table users
2019-02-13T15:33:43.234543 Received request from 102.23.55.32 for /example
2009-02-13T15:33:44.726534 Started database query for table users
2019-02-13T15:33:44.038472 Completed database query for table users
2019-02-13T15:33:43.234543 Received request from 102.23.55.32 for /example
2018-02-13T15:33:44.726534 Started database query for table users
2019-02-13T15:33:44.038472 Completed database query for table users
2019-02-13T15:33:43.234543 Received request from 102.23.55.32 for /example
2012-02-13T15:33:44.726534 Started database query for table users
2019-02-13T15:33:44.038472 Completed database query for table users
2019-02-13T15:33:43.234543 Received request from 102.23.55.32 for /example
2019-02-13T15:33:44.726534 Started database query for table users
2019-02-13T15:33:44.038472 Completed database query for table users
2015-02-13T15:33:43.234543 Received request from 102.23.55.32 for /example
2019-02-13T15:33:44.726534 Started database query for table users
2019-02-13T15:33:44.038472 Completed database query for table users
2019-02-13T15:33:43.234543 Received request from 102.23.55.32 for /example
2019-02-13T15:33:44.726534 Started database query for table users
2019-02-13T15:33:44.038472 Completed database query for table users
2019-02-13T15:33:43.234543 Received request from 102.23.55.32 for /example
2019-02-13T15:33:44.726534 Started database query for table users
2019-02-13T15:33:44.038472 Completed database query for table users
2019-02-13T15:33:43.234543 Received request from 102.23.55.32 for /example
2019-02-13T15:33:44.726534 Started database query for table users
2019-02-13T15:33:44.038472 Completed database query for table users
2019-02-13T15:33:43.234543 Received request from 102.23.55.32 for /example
2019-02-13T15:33:44.726534 Started database query for table users
2019-02-13T15:33:44.038472 Completed database query for table users
2019-02-13T15:33:43.234543 Received request from 102.23.55.32 for /example
2019-02-13T15:33:44.726534 Started database query for table users
2019-02-13T15:33:44.038472 Completed database query for table users
2019-02-13T15:33:43.234543 Received request from 102.23.55.32 for /example
2019-02-13T15:33:44.726534 Started database query for table users
2019-02-13T15:33:44.038472 Completed database query for table users
2019-02-13T15:33:43.234543 Received request from 102.23.55.32 for /example
2019-02-13T15:33:44.726534 Started database query for table users
2019-02-13T15:33:44.038472 Completed database query for table users
2019-02-13T15:33:43.234543 Received request from 102.23.55.32 for /example
2006-02-13T15:33:44.726534 Started database query for table users
2019-02-13T15:33:44.038472 Completed database query for table users
2019-02-13T15:33:43.234543 Received request from 102.23.55.32 for /example
2009-02-13T15:33:44.726534 Started database query for table users
2019-02-13T15:33:44.038472 Completed database query for table users
2019-02-13T15:33:43.234543 Received request from 102.23.55.32 for /example
2018-02-13T15:33:44.726534 Started database query for table users
2019-02-13T15:33:44.038472 Completed database query for table users
2019-02-13T15:33:43.234543 Received request from 102.23.55.32 for /example
2012-02-13T15:33:44.726534 Started database query for table users
2019-02-13T15:33:44.038472 Completed database query for table users
2019-02-13T15:33:43.234543 Received request from 102.23.55.32 for /example
2019-02-13T15:33:44.726534 Started database query for table users
2019-02-13T15:33:44.038472 Completed database query for table users
2015-02-13T15:33:43.234543 Received request from 102.23.55.32 for /example
2019-02-13T15:33:44.726534 Started database query for table users
2019-02-13T15:33:44.038472 Completed database query for table users
2019-02-13T15:33:43.234543 Received request from 102.23.55.32 for /example
2019-02-13T15:33:44.726534 Started database query for table users
2019-02-13T15:33:44.038472 Completed database query for table users
2019-02-13T15:33:43.234543 Received request from 102.23.55.32 for /example
2019-02-13T15:33:44.726534 Started database query for table users
2019-02-13T15:33:44.038472 Completed database query for table users
2019-02-13T15:33:43.234543 Received request from 102.23.55.32 for /example
2019-02-13T15:33:44.726534 Started database query for table users
2019-02-13T15:33:44.038472 Completed database query for table users
2019-02-13T15:33:43.234543 Received request from 102.23.55.32 for /example
2019-02-13T15:33:44.726534 Started database query for table users
2019-02-13T15:33:44.038472 Completed database query for table users
2019-02-13T15:33:43.234543 Received request from 102.23.55.32 for /example
2019-02-13T15:33:44.726534 Started database query for table users
2019-02-13T15:33:44.038472 Completed database query for table users
2019-02-13T15:33:43.234543 Received request from 102.23.55.32 for /example
2019-02-13T15:33:44.726534 Started database query for table users
2019-02-13T15:33:44.038472 Completed database query for table users
2019-02-13T15:33:43.234543 Received request from 102.23.55.32 for /example
2019-02-13T15:33:44.726534 Started database query for table users
2019-02-13T15:33:44.038472 Completed database query for table users
2019-02-13T15:33:43.234543 Received request from 102.23.55.32 for /example
2006-02-13T15:33:44.726534 Started database query for table users
2019-02-13T15:33:44.038472 Completed database query for table users
2019-02-13T15:33:43.234543 Received request from 102.23.55.32 for /example
2009-02-13T15:33:44.726534 Started database query for table users
2019-02-13T15:33:44.038472 Completed database query for table users
2019-02-13T15:33:43.234543 Received request from 102.23.55.32 for /example
2018-02-13T15:33:44.726534 Started database query for table users
2019-02-13T15:33:44.038472 Completed database query for table users
2019-02-13T15:33:43.234543 Received request from 102.23.55.32 for /example
2012-02-13T15:33:44.726534 Started database query for table users
2019-02-13T15:33:44.038472 Completed database query for table users
2019-02-13T15:33:43.234543 Received request from 102.23.55.32 for /example
2019-02-13T15:33:44.726534 Started database query for table users
2019-02-13T15:33:44.038472 Completed database query for table users
2015-02-13T15:33:43.234543 Received request from 102.23.55.32 for /example
2019-02-13T15:33:44.726534 Started database query for table users
2019-02-13T15:33:44.038472 Completed database query for table users
2019-02-13T15:33:43.234543 Received request from 102.23.55.32 for /example
2019-02-13T15:33:44.726534 Started database query for table users
2019-02-13T15:33:44.038472 Completed database query for table users
2019-02-13T15:33:43.234543 Received request from 102.23.55.32 for /example
2019-02-13T15:33:44.726534 Started database query for table users
2019-02-13T15:33:44.038472 Completed database query for table users
2019-02-13T15:33:43.234543 Received request from 102.23.55.32 for /example
2019-02-13T15:33:44.726534 Started database query for table users
2019-02-13T15:33:44.038472 Completed database query for table users
2019-02-13T15:33:43.234543 Received request from 102.23.55.32 for /example
2019-02-13T15:33:44.726534 Started database query for table users
2019-02-13T15:33:44.038472 Completed database query for table users
2019-02-13T15:33:43.234543 Received request from 102.23.55.32 for /example
2019-02-13T15:33:44.726534 Started database query for table users
2019-02-13T15:33:44.038472 Completed database query for table users
2019-02-13T15:33:43.234543 Received request from 102.23.55.32 for /example
2019-02-13T15:33:44.726534 Started database query for table users
2019-02-13T15:33:44.038472 Completed database query for table users
2019-02-13T15:33:43.234543 Received request from 102.23.55.32 for /example
2019-02-13T15:33:44.726534 Started database query for table users
2019-02-13T15:33:44.038472 Completed database query for table users
2019-02-13T15:33:43.234543 Received request from 102.23.55.32 for /example
2006-02-13T15:33:44.726534 Started database query for table users
2019-02-13T15:33:44.038472 Completed database query for table users
2019-02-13T15:33:43.234543 Received request from 102.23.55.32 for /example
2009-02-13T15:33:44.726534 Started database query for table users
2019-02-13T15:33:44.038472 Completed database query for table users
2019-02-13T15:33:43.234543 Received request from 102.23.55.32 for /example
2018-02-13T15:33:44.726534 Started database query for table users
2019-02-13T15:33:44.038472 Completed database query for table users
2019-02-13T15:33:43.234543 Received request from 102.23.55.32 for /example
2012-02-13T15:33:44.726534 Started database query for table users
2019-02-13T15:33:44.038472 Completed database query for table users
2019-02-13T15:33:43.234543 Received request from 102.23.55.32 for /example
2019-02-13T15:33:44.726534 Started database query for table users
2019-02-13T15:33:44.038472 Completed database query for table users
2015-02-13T15:33:43.234543 Received request from 102.23.55.32 for /example
2019-02-13T15:33:44.726534 Started database query for table users
2019-02-13T15:33:44.038472 Completed database query for table users
2019-02-13T15:33:43.234543 Received request from 102.23.55.32 for /example
2019-02-13T15:33:44.726534 Started database query for table users
2019-02-13T15:33:44.038472 Completed database query for table users
2019-02-13T15:33:43.234543 Received request from 102.23.55.32 for /example
2019-02-13T15:33:44.726534 Started database query for table users
2019-02-13T15:33:44.038472 Completed database query for table users
2019-02-13T15:33:43.234543 Received request from 102.23.55.32 for /example
2019-02-13T15:33:44.726534 Started database query for table users
2019-02-13T15:33:44.038472 Completed database query for table users
2019-02-13T15:33:43.234543 Received request from 102.23.55.32 for /example
2019-02-13T15:33:44.726534 Started database query for table users
2019-02-13T15:33:44.038472 Completed database query for table users
2019-02-13T15:33:43.234543 Received request from 102.23.55.32 for /example
2019-02-13T15:33:44.726534 Started database query for table users
2019-02-13T15:33:44.038472 Completed database query for table users
2019-02-13T15:33:43.234543 Received request from 102.23.55.32 for /example
2019-02-13T15:33:44.726534 Started database query for table users
2019-02-13T15:33:44.038472 Completed database query for table users
2019-02-13T15:33:43.234543 Received request from 102.23.55.32 for /example
2019-02-13T15:33:44.726534 Started database query for table users
2019-02-13T15:33:44.038472 Completed database query for table users
2019-02-13T15:33:43.234543 Received request from 102.23.55.32 for /example
2006-02-13T15:33:44.726534 Started database query for table users
2019-02-13T15:33:44.038472 Completed database query for table users
2019-02-13T15:33:43.234543 Received request from 102.23.55.32 for /example
2009-02-13T15:33:44.726534 Started database query for table users
2019-02-13T15:33:44.038472 Completed database query for table users
2019-02-13T15:33:43.234543 Received request from 102.23.55.32 for /example
2018-02-13T15:33:44.726534 Started database query for table users
2019-02-13T15:33:44.038472 Completed database query for table users
2019-02-13T15:33:43.234543 Received request from 102.23.55.32 for /example
2012-02-13T15:33:44.726534 Started database query for table users
2019-02-13T15:33:44.038472 Completed database query for table users
2019-02-13T15:33:43.234543 Received request from 102.23.55.32 for /example
2019-02-13T15:33:44.726534 Started database query for table users
2019-02-13T15:33:44.038472 Completed database query for table users
2015-02-13T15:33:43.234543 Received request from 102.23.55.32 for /example
2019-02-13T15:33:44.726534 Started database query for table users
2019-02-13T15:33:44.038472 Completed database query for table users
2019-02-13T15:33:43.234543 Received request from 102.23.55.32 for /example
2019-02-13T15:33:44.726534 Started database query for table users
2019-02-13T15:33:44.038472 Completed database query for table users
2019-02-13T15:33:43.234543 Received request from 102.23.55.32 for /example
2019-02-13T15:33:44.726534 Started database query for table users
2019-02-13T15:33:44.038472 Completed database query for table users
2019-02-13T15:33:43.234543 Received request from 102.23.55.32 for /example
2019-02-13T15:33:44.726534 Started database query for table users
2019-02-13T15:33:44.038472 Completed database query for table users
2019-02-13T15:33:43.234543 Received request from 102.23.55.32 for /example
2019-02-13T15:33:44.726534 Started database query for table users
2019-02-13T15:33:44.038472 Completed database query for table users
2019-02-13T15:33:43.234543 Received request from 102.23.55.32 for /example
2019-02-13T15:33:44.726534 Started database query for table users
2019-02-13T15:33:44.038472 Completed database query for table users
2019-02-13T15:33:43.234543 Received request from 102.23.55.32 for /example
2019-02-13T15:33:44.726534 Started database query for table users
2019-02-13T15:33:44.038472 Completed database query for table users
2019-02-13T15:33:43.234543 Received request from 102.23.55.32 for /example
2019-02-13T15:33:44.726534 Started database query for table users
2019-02-13T15:33:44.038472 Completed database query for table users
2019-02-13T15:33:43.234543 Received request from 102.23.55.32 for /example
2006-02-13T15:33:44.726534 Started database query for table users
2019-02-13T15:33:44.038472 Completed database query for table users
2019-02-13T15:33:43.234543 Received request from 102.23.55.32 for /example
2009-02-13T15:33:44.726534 Started database query for table users
2019-02-13T15:33:44.038472 Completed database query for table users
2019-02-13T15:33:43.234543 Received request from 102.23.55.32 for /example
2018-02-13T15:33:44.726534 Started database query for table users
2019-02-13T15:33:44.038472 Completed database query for table users
2019-02-13T15:33:43.234543 Received request from 102.23.55.32 for /example
2012-02-13T15:33:44.726534 Started database query for table users
2019-02-13T15:33:44.038472 Completed database query for table users
2019-02-13T15:33:43.234543 Received request from 102.23.55.32 for /example
2019-02-13T15:33:44.726534 Started database query for table users
2019-02-13T15:33:44.038472 Completed database query for table users
2015-02-13T15:33:43.234543 Received request from 102.23.55.32 for /example
2019-02-13T15:33:44.726534 Started database query for table users
2019-02-13T15:33:44.038472 Completed database query for table users
2019-02-13T15:33:43.234543 Received request from 102.23.55.32 for /example
2019-02-13T15:33:44.726534 Started database query for table users
2019-02-13T15:33:44.038472 Completed database query for table users
2019-02-13T15:33:43.234543 Received request from 102.23.55.32 for /example
2019-02-13T15:33:44.726534 Started database query for table users
2019-02-13T15:33:44.038472 Completed database query for table users
2019-02-13T15:33:43.234543 Received request from 102.23.55.32 for /example
2019-02-13T15:33:44.726534 Started database query for table users
2019-02-13T15:33:44.038472 Completed database query for table users
2019-02-13T15:33:43.234543 Received request from 102.23.55.32 for /example
2019-02-13T15:33:44.726534 Started database query for table users
2019-02-13T15:33:44.038472 Completed database query for table users
2019-02-13T15:33:43.234543 Received request from 102.23.55.32 for /example
2019-02-13T15:33:44.726534 Started database query for table users
2019-02-13T15:33:44.038472 Completed database query for table users
2019-02-13T15:33:43.234543 Received request from 102.23.55.32 for /example
2019-02-13T15:33:44.726534 Started database query for table users
2019-02-13T15:33:44.038472 Completed database query for table users
2019-02-13T15:33:43.234543 Received request from 102.23.55.32 for /example
2019-02-13T15:33:44.726534 Started database query for table users
2019-02-13T15:33:44.038472 Completed database query for table users
2019-02-13T15:33:43.234543 Received request from 102.23.55.32 for /example
2006-02-13T15:33:44.726534 Started database query for table users
2019-02-13T15:33:44.038472 Completed database query for table users
2019-02-13T15:33:43.234543 Received request from 102.23.55.32 for /example
2009-02-13T15:33:44.726534 Started database query for table users
2019-02-13T15:33:44.038472 Completed database query for table users
2019-02-13T15:33:43.234543 Received request from 102.23.55.32 for /example
2018-02-13T15:33:44.726534 Started database query for table users
2019-02-13T15:33:44.038472 Completed database query for table users
2019-02-13T15:33:43.234543 Received request from 102.23.55.32 for /example
2012-02-13T15:33:44.726534 Started database query for table users
2019-02-13T15:33:44.038472 Completed database query for table users
2019-02-13T15:33:43.234543 Received request from 102.23.55.32 for /example
2019-02-13T15:33:44.726534 Started database query for table users
2019-02-13T15:33:44.038472 Completed database query for table users
2015-02-13T15:33:43.234543 Received request from 102.23.55.32 for /example
2019-02-13T15:33:44.726534 Started database query for table users
2019-02-13T15:33:44.038472 Completed database query for table users
2019-02-13T15:33:43.234543 Received request from 102.23.55.32 for /example
2019-02-13T15:33:44.726534 Started database query for table users
2019-02-13T15:33:44.038472 Completed database query for table users
2019-02-13T15:33:43.234543 Received request from 102.23.55.32 for /example
2019-02-13T15:33:44.726534 Started database query for table users
2019-02-13T15:33:44.038472 Completed database query for table users
2019-02-13T15:33:43.234543 Received request from 102.23.55.32 for /example
2019-02-13T15:33:44.726534 Started database query for table users
2019-02-13T15:33:44.038472 Completed database query for table users
2019-02-13T15:33:43.234543 Received request from 102.23.55.32 for /example
2019-02-13T15:33:44.726534 Started database query for table users
2019-02-13T15:33:44.038472 Completed database query for table users
2019-02-13T15:33:43.234543 Received request from 102.23.55.32 for /example
2019-02-13T15:33:44.726534 Started database query for table users
2019-02-13T15:33:44.038472 Completed database query for table users
2019-02-13T15:33:43.234543 Received request from 102.23.55.32 for /example
2019-02-13T15:33:44.726534 Started database query for table users
2019-02-13T15:33:44.038472 Completed database query for table users
2019-02-13T15:33:43.234543 Received request from 102.23.55.32 for /example
2019-02-13T15:33:44.726534 Started database query for table users
2019-02-13T15:33:44.038472 Completed database query for table users
2019-02-13T15:33:43.234543 Received request from 102.23.55.32 for /example
2006-02-13T15:33:44.726534 Started database query for table users
2019-02-13T15:33:44.038472 Completed database query for table users
2019-02-13T15:33:43.234543 Received request from 102.23.55.32 for /example
2009-02-13T15:33:44.726534 Started database query for table users
2019-02-13T15:33:44.038472 Completed database query for table users
2019-02-13T15:33:43.234543 Received request from 102.23.55.32 for /example
2018-02-13T15:33:44.726534 Started database query for table users
2019-02-13T15:33:44.038472 Completed database query for table users
2019-02-13T15:33:43.234543 Received request from 102.23.55.32 for /example
2012-02-13T15:33:44.726534 Started database query for table users
2019-02-13T15:33:44.038472 Completed database query for table users
2019-02-13T15:33:43.234543 Received request from 102.23.55.32 for /example
2019-02-13T15:33:44.726534 Started database query for table users
2019-02-13T15:33:44.038472 Completed database query for table users
2015-02-13T15:33:43.234543 Received request from 102.23.55.32 for /example
2019-02-13T15:33:44.726534 Started database query for table users
2019-02-13T15:33:44.038472 Completed database query for table users
2019-02-13T15:33:43.234543 Received request from 102.23.55.32 for /example
2019-02-13T15:33:44.726534 Started database query for table users
2019-02-13T15:33:44.038472 Completed database query for table users
2019-02-13T15:33:43.234543 Received request from 102.23.55.32 for /example
2019-02-13T15:33:44.726534 Started database query for table users
2019-02-13T15:33:44.038472 Completed database query for table users
2019-02-13T15:33:43.234543 Received request from 102.23.55.32 for /example
2019-02-13T15:33:44.726534 Started database query for table users
2019-02-13T15:33:44.038472 Completed database query for table users
2019-02-13T15:33:43.234543 Received request from 102.23.55.32 for /example
2019-02-13T15:33:44.726534 Started database query for table users
2019-02-13T15:33:44.038472 Completed database query for table users
2019-02-13T15:33:43.234543 Received request from 102.23.55.32 for /example
2019-02-13T15:33:44.726534 Started database query for table users
2019-02-13T15:33:44.038472 Completed database query for table users
2019-02-13T15:33:43.234543 Received request from 102.23.55.32 for /example
2019-02-13T15:33:44.726534 Started database query for table users
2019-02-13T15:33:44.038472 Completed database query for table users
2019-02-13T15:33:43.234543 Received request from 102.23.55.32 for /example
2019-02-13T15:33:44.726534 Started database query for table users
2019-02-13T15:33:44.038472 Completed database query for table users
2019-02-13T15:33:43.234543 Received request from 102.23.55.32 for /example
2006-02-13T15:33:44.726534 Started database query for table users
2019-02-13T15:33:44.038472 Completed database query for table users
2019-02-13T15:33:43.234543 Received request from 102.23.55.32 for /example
2009-02-13T15:33:44.726534 Started database query for table users
2019-02-13T15:33:44.038472 Completed database query for table users
2019-02-13T15:33:43.234543 Received request from 102.23.55.32 for /example
2018-02-13T15:33:44.726534 Started database query for table users
2019-02-13T15:33:44.038472 Completed database query for table users
2019-02-13T15:33:43.234543 Received request from 102.23.55.32 for /example
2012-02-13T15:33:44.726534 Started database query for table users
2019-02-13T15:33:44.038472 Completed database query for table users
2019-02-13T15:33:43.234543 Received request from 102.23.55.32 for /example
2019-02-13T15:33:44.726534 Started database query for table users
2019-02-13T15:33:44.038472 Completed database query for table users
2015-02-13T15:33:43.234543 Received request from 102.23.55.32 for /example
2019-02-13T15:33:44.726534 Started database query for table users
2019-02-13T15:33:44.038472 Completed database query for table users
2019-02-13T15:33:43.234543 Received request from 102.23.55.32 for /example
2019-02-13T15:33:44.726534 Started database query for table users
2019-02-13T15:33:44.038472 Completed database query for table users
2019-02-13T15:33:43.234543 Received request from 102.23.55.32 for /example
2019-02-13T15:33:44.726534 Started database query for table users
2019-02-13T15:33:44.038472 Completed database query for table users
2019-02-13T15:33:43.234543 Received request from 102.23.55.32 for /example
2019-02-13T15:33:44.726534 Started database query for table users
2019-02-13T15:33:44.038472 Completed database query for table users
2019-02-13T15:33:43.234543 Received request from 102.23.55.32 for /example
2019-02-13T15:33:44.726534 Started database query for table users
2019-02-13T15:33:44.038472 Completed database query for table users
2019-02-13T15:33:43.234543 Received request from 102.23.55.32 for /example
2019-02-13T15:33:44.726534 Started database query for table users
2019-02-13T15:33:44.038472 Completed database query for table users
2019-02-13T15:33:43.234543 Received request from 102.23.55.32 for /example
2019-02-13T15:33:44.726534 Started database query for table users
2019-02-13T15:33:44.038472 Completed database query for table users
2019-02-13T15:33:43.234543 Received request from 102.23.55.32 for /example
2019-02-13T15:33:44.726534 Started database query for table users
2019-02-13T15:33:44.038472 Completed database query for table users
2019-02-13T15:33:43.234543 Received request from 102.23.55.32 for /example
2006-02-13T15:33:44.726534 Started database query for table users
2019-02-13T15:33:44.038472 Completed database query for table users
2019-02-13T15:33:43.234543 Received request from 102.23.55.32 for /example
2009-02-13T15:33:44.726534 Started database query for table users
2019-02-13T15:33:44.038472 Completed database query for table users
2019-02-13T15:33:43.234543 Received request from 102.23.55.32 for /example
2018-02-13T15:33:44.726534 Started database query for table users
2019-02-13T15:33:44.038472 Completed database query for table users
2019-02-13T15:33:43.234543 Received request from 102.23.55.32 for /example
2012-02-13T15:33:44.726534 Started database query for table users
2019-02-13T15:33:44.038472 Completed database query for table users
2019-02-13T15:33:43.234543 Received request from 102.23.55.32 for /example
2019-02-13T15:33:44.726534 Started database query for table users
2019-02-13T15:33:44.038472 Completed database query for table users
2015-02-13T15:33:43.234543 Received request from 102.23.55.32 for /example
2019-02-13T15:33:44.726534 Started database query for table users
2019-02-13T15:33:44.038472 Completed database query for table users
2019-02-13T15:33:43.234543 Received request from 102.23.55.32 for /example
2019-02-13T15:33:44.726534 Started database query for table users
2019-02-13T15:33:44.038472 Completed database query for table users
2019-02-13T15:33:43.234543 Received request from 102.23.55.32 for /example
2019-02-13T15:33:44.726534 Started database query for table users
2019-02-13T15:33:44.038472 Completed database query for table users
2019-02-13T15:33:43.234543 Received request from 102.23.55.32 for /example
2019-02-13T15:33:44.726534 Started database query for table users
2019-02-13T15:33:44.038472 Completed database query for table users
2019-02-13T15:33:43.234543 Received request from 102.23.55.32 for /example
2019-02-13T15:33:44.726534 Started database query for table users
2019-02-13T15:33:44.038472 Completed database query for table users
2019-02-13T15:33:43.234543 Received request from 102.23.55.32 for /example
2019-02-13T15:33:44.726534 Started database query for table users
2019-02-13T15:33:44.038472 Completed database query for table users
2019-02-13T15:33:43.234543 Received request from 102.23.55.32 for /example
2019-02-13T15:33:44.726534 Started database query for table users
2019-02-13T15:33:44.038472 Completed database query for table users
2019-02-13T15:33:43.234543 Received request from 102.23.55.32 for /example
2019-02-13T15:33:44.726534 Started database query for table users
2019-02-13T15:33:44.038472 Completed database query for table users
2019-02-13T15:33:43.234543 Received request from 102.23.55.32 for /example
2006-02-13T15:33:44.726534 Started database query for table users
2019-02-13T15:33:44.038472 Completed database query for table users
2019-02-13T15:33:43.234543 Received request from 102.23.55.32 for /example
2009-02-13T15:33:44.726534 Started database query for table users
2019-02-13T15:33:44.038472 Completed database query for table users
2019-02-13T15:33:43.234543 Received request from 102.23.55.32 for /example
2018-02-13T15:33:44.726534 Started database query for table users
2019-02-13T15:33:44.038472 Completed database query for table users
2019-02-13T15:33:43.234543 Received request from 102.23.55.32 for /example
2012-02-13T15:33:44.726534 Started database query for table users
2019-02-13T15:33:44.038472 Completed database query for table users
2019-02-13T15:33:43.234543 Received request from 102.23.55.32 for /example
2019-02-13T15:33:44.726534 Started database query for table users
2019-02-13T15:33:44.038472 Completed database query for table users
2015-02-13T15:33:43.234543 Received request from 102.23.55.32 for /example
2019-02-13T15:33:44.726534 Started database query for table users
2019-02-13T15:33:44.038472 Completed database query for table users
2019-02-13T15:33:43.234543 Received request from 102.23.55.32 for /example
2019-02-13T15:33:44.726534 Started database query for table users
2019-02-13T15:33:44.038472 Completed database query for table users
2019-02-13T15:33:43.234543 Received request from 102.23.55.32 for /example
2019-02-13T15:33:44.726534 Started database query for table users
2019-02-13T15:33:44.038472 Completed database query for table users
2019-02-13T15:33:43.234543 Received request from 102.23.55.32 for /example
2019-02-13T15:33:44.726534 Started database query for table users
2019-02-13T15:33:44.038472 Completed database query for table users
2019-02-13T15:33:43.234543 Received request from 102.23.55.32 for /example
2019-02-13T15:33:44.726534 Started database query for table users
2019-02-13T15:33:44.038472 Completed database query for table users
2019-02-13T15:33:43.234543 Received request from 102.23.55.32 for /example
2019-02-13T15:33:44.726534 Started database query for table users
2019-02-13T15:33:44.038472 Completed database query for table users
2019-02-13T15:33:43.234543 Received request from 102.23.55.32 for /example
2019-02-13T15:33:44.726534 Started database query for table users
2019-02-13T15:33:44.038472 Completed database query for table users
2019-02-13T15:33:43.234543 Received request from 102.23.55.32 for /example
2019-02-13T15:33:44.726534 Started database query for table users
2019-02-13T15:33:44.038472 Completed database query for table users
2019-02-13T15:33:43.234543 Received request from 102.23.55.32 for /example
2006-02-13T15:33:44.726534 Started database query for table users
2019-02-13T15:33:44.038472 Completed database query for table users
2019-02-13T15:33:43.234543 Received request from 102.23.55.32 for /example
2009-02-13T15:33:44.726534 Started database query for table users
2019-02-13T15:33:44.038472 Completed database query for table users
2019-02-13T15:33:43.234543 Received request from 102.23.55.32 for /example
2018-02-13T15:33:44.726534 Started database query for table users
2019-02-13T15:33:44.038472 Completed database query for table users
2019-02-13T15:33:43.234543 Received request from 102.23.55.32 for /example
2012-02-13T15:33:44.726534 Started database query for table users
2019-02-13T15:33:44.038472 Completed database query for table users
2019-02-13T15:33:43.234543 Received request from 102.23.55.32 for /example
2019-02-13T15:33:44.726534 Started database query for table users
2019-02-13T15:33:44.038472 Completed database query for table users
2015-02-13T15:33:43.234543 Received request from 102.23.55.32 for /example
2019-02-13T15:33:44.726534 Started database query for table users
2019-02-13T15:33:44.038472 Completed database query for table users
2019-02-13T15:33:43.234543 Received request from 102.23.55.32 for /example
2019-02-13T15:33:44.726534 Started database query for table users
2019-02-13T15:33:44.038472 Completed database query for table users
2019-02-13T15:33:43.234543 Received request from 102.23.55.32 for /example
2019-02-13T15:33:44.726534 Started database query for table users
2019-02-13T15:33:44.038472 Completed database query for table users
2019-02-13T15:33:43.234543 Received request from 102.23.55.32 for /example
2019-02-13T15:33:44.726534 Started database query for table users
2019-02-13T15:33:44.038472 Completed database query for table users
2019-02-13T15:33:43.234543 Received request from 102.23.55.32 for /example
2019-02-13T15:33:44.726534 Started database query for table users
2019-02-13T15:33:44.038472 Completed database query for table users
2019-02-13T15:33:43.234543 Received request from 102.23.55.32 for /example
2019-02-13T15:33:44.726534 Started database query for table users
2019-02-13T15:33:44.038472 Completed database query for table users
2019-02-13T15:33:43.234543 Received request from 102.23.55.32 for /example
2019-02-13T15:33:44.726534 Started database query for table users
2019-02-13T15:33:44.038472 Completed database query for table users
2019-02-13T15:33:43.234543 Received request from 102.23.55.32 for /example
2019-02-13T15:33:44.726534 Started database query for table users
2019-02-13T15:33:44.038472 Completed database query for table users
2019-02-13T15:33:43.234543 Received request from 102.23.55.32 for /example
2006-02-13T15:33:44.726534 Started database query for table users
2019-02-13T15:33:44.038472 Completed database query for table users
2019-02-13T15:33:43.234543 Received request from 102.23.55.32 for /example
2009-02-13T15:33:44.726534 Started database query for table users
2019-02-13T15:33:44.038472 Completed database query for table users
2019-02-13T15:33:43.234543 Received request from 102.23.55.32 for /example
2018-02-13T15:33:44.726534 Started database query for table users
2019-02-13T15:33:44.038472 Completed database query for table users
2019-02-13T15:33:43.234543 Received request from 102.23.55.32 for /example
2012-02-13T15:33:44.726534 Started database query for table users
2019-02-13T15:33:44.038472 Completed database query for table users
2019-02-13T15:33:43.234543 Received request from 102.23.55.32 for /example
2019-02-13T15:33:44.726534 Started database query for table users
2019-02-13T15:33:44.038472 Completed database query for table users
2015-02-13T15:33:43.234543 Received request from 102.23.55.32 for /example
2019-02-13T15:33:44.726534 Started database query for table users
2019-02-13T15:33:44.038472 Completed database query for table users
2019-02-13T15:33:43.234543 Received request from 102.23.55.32 for /example
2019-02-13T15:33:44.726534 Started database query for table users
2019-02-13T15:33:44.038472 Completed database query for table users
2019-02-13T15:33:43.234543 Received request from 102.23.55.32 for /example
2019-02-13T15:33:44.726534 Started database query for table users
2019-02-13T15:33:44.038472 Completed database query for table users
2019-02-13T15:33:43.234543 Received request from 102.23.55.32 for /example
2019-02-13T15:33:44.726534 Started database query for table users
2019-02-13T15:33:44.038472 Completed database query for table users
2019-02-13T15:33:43.234543 Received request from 102.23.55.32 for /example
2019-02-13T15:33:44.726534 Started database query for table users
2019-02-13T15:33:44.038472 Completed database query for table users
2019-02-13T15:33:43.234543 Received request from 102.23.55.32 for /example
2019-02-13T15:33:44.726534 Started database query for table users
2019-02-13T15:33:44.038472 Completed database query for table users
2019-02-13T15:33:43.234543 Received request from 102.23.55.32 for /example
2019-02-13T15:33:44.726534 Started database query for table users
2019-02-13T15:33:44.038472 Completed database query for table users
2019-02-13T15:33:43.234543 Received request from 102.23.55.32 for /example
2019-02-13T15:33:44.726534 Started database query for table users
2019-02-13T15:33:44.038472 Completed database query for table users
2019-02-13T15:33:43.234543 Received request from 102.23.55.32 for /example
2006-02-13T15:33:44.726534 Started database query for table users
2019-02-13T15:33:44.038472 Completed database query for table users
2019-02-13T15:33:43.234543 Received request from 102.23.55.32 for /example
2009-02-13T15:33:44.726534 Started database query for table users
2019-02-13T15:33:44.038472 Completed database query for table users
2019-02-13T15:33:43.234543 Received request from 102.23.55.32 for /example
2018-02-13T15:33:44.726534 Started database query for table users
2019-02-13T15:33:44.038472 Completed database query for table users
2019-02-13T15:33:43.234543 Received request from 102.23.55.32 for /example
2012-02-13T15:33:44.726534 Started database query for table users
2019-02-13T15:33:44.038472 Completed database query for table users
2019-02-13T15:33:43.234543 Received request from 102.23.55.32 for /example
2019-02-13T15:33:44.726534 Started database query for table users
2019-02-13T15:33:44.038472 Completed database query for table users
2015-02-13T15:33:43.234543 Received request from 102.23.55.32 for /example
2019-02-13T15:33:44.726534 Started database query for table users
2019-02-13T15:33:44.038472 Completed database query for table users
2019-02-13T15:33:43.234543 Received request from 102.23.55.32 for /example
2019-02-13T15:33:44.726534 Started database query for table users
2019-02-13T15:33:44.038472 Completed database query for table users
2019-02-13T15:33:43.234543 Received request from 102.23.55.32 for /example
2019-02-13T15:33:44.726534 Started database query for table users
2019-02-13T15:33:44.038472 Completed database query for table users
2019-02-13T15:33:43.234543 Received request from 102.23.55.32 for /example
2019-02-13T15:33:44.726534 Started database query for table users
2019-02-13T15:33:44.038472 Completed database query for table users
2019-02-13T15:33:43.234543 Received request from 102.23.55.32 for /example
2019-02-13T15:33:44.726534 Started database query for table users
2019-02-13T15:33:44.038472 Completed database query for table users
2019-02-13T15:33:43.234543 Received request from 102.23.55.32 for /example
2019-02-13T15:33:44.726534 Started database query for table users
2019-02-13T15:33:44.038472 Completed database query for table users
2019-02-13T15:33:43.234543 Received request from 102.23.55.32 for /example
2019-02-13T15:33:44.726534 Started database query for table users
2019-02-13T15:33:44.038472 Completed database query for table users
2019-02-13T15:33:43.234543 Received request from 102.23.55.32 for /example
2019-02-13T15:33:44.726534 Started database query for table users
2019-02-13T15:33:44.038472 Completed database query for table users
2019-02-13T15:33:43.234543 Received request from 102.23.55.32 for /example
2006-02-13T15:33:44.726534 Started database query for table users
2019-02-13T15:33:44.038472 Completed database query for table users
2019-02-13T15:33:43.234543 Received request from 102.23.55.32 for /example
2009-02-13T15:33:44.726534 Started database query for table users
2019-02-13T15:33:44.038472 Completed database query for table users
2019-02-13T15:33:43.234543 Received request from 102.23.55.32 for /example
2018-02-13T15:33:44.726534 Started database query for table users
2019-02-13T15:33:44.038472 Completed database query for table users
2019-02-13T15:33:43.234543 Received request from 102.23.55.32 for /example
2012-02-13T15:33:44.726534 Started database query for table users
2019-02-13T15:33:44.038472 Completed database query for table users
2019-02-13T15:33:43.234543 Received request from 102.23.55.32 for /example
2019-02-13T15:33:44.726534 Started database query for table users
2019-02-13T15:33:44.038472 Completed database query for table users
2015-02-13T15:33:43.234543 Received request from 102.23.55.32 for /example
2019-02-13T15:33:44.726534 Started database query for table users
2019-02-13T15:33:44.038472 Completed database query for table users
2019-02-13T15:33:43.234543 Received request from 102.23.55.32 for /example
2019-02-13T15:33:44.726534 Started database query for table users
2019-02-13T15:33:44.038472 Completed database query for table users
2019-02-13T15:33:43.234543 Received request from 102.23.55.32 for /example
2019-02-13T15:33:44.726534 Started database query for table users
2019-02-13T15:33:44.038472 Completed database query for table users
2019-02-13T15:33:43.234543 Received request from 102.23.55.32 for /example
2019-02-13T15:33:44.726534 Started database query for table users
2019-02-13T15:33:44.038472 Completed database query for table users
2019-02-13T15:33:43.234543 Received request from 102.23.55.32 for /example
2019-02-13T15:33:44.726534 Started database query for table users
2019-02-13T15:33:44.038472 Completed database query for table users
2019-02-13T15:33:43.234543 Received request from 102.23.55.32 for /example
2019-02-13T15:33:44.726534 Started database query for table users
2019-02-13T15:33:44.038472 Completed database query for table users
2019-02-13T15:33:43.234543 Received request from 102.23.55.32 for /example
2019-02-13T15:33:44.726534 Started database query for table users
2019-02-13T15:33:44.038472 Completed database query for table users
2019-02-13T15:33:43.234543 Received request from 102.23.55.32 for /example
2019-02-13T15:33:44.726534 Started database query for table users
2019-02-13T15:33:44.038472 Completed database query for table users
2019-02-13T15:33:43.234543 Received request from 102.23.55.32 for /example
2006-02-13T15:33:44.726534 Started database query for table users
2019-02-13T15:33:44.038472 Completed database query for table users
2019-02-13T15:33:43.234543 Received request from 102.23.55.32 for /example
2009-02-13T15:33:44.726534 Started database query for table users
2019-02-13T15:33:44.038472 Completed database query for table users
2019-02-13T15:33:43.234543 Received request from 102.23.55.32 for /example
2018-02-13T15:33:44.726534 Started database query for table users
2019-02-13T15:33:44.038472 Completed database query for table users
2019-02-13T15:33:43.234543 Received request from 102.23.55.32 for /example
2012-02-13T15:33:44.726534 Started database query for table users
2019-02-13T15:33:44.038472 Completed database query for table users
2019-02-13T15:33:43.234543 Received request from 102.23.55.32 for /example
2019-02-13T15:33:44.726534 Started database query for table users
2019-02-13T15:33:44.038472 Completed database query for table users
2015-02-13T15:33:43.234543 Received request from 102.23.55.32 for /example
2019-02-13T15:33:44.726534 Started database query for table users
2019-02-13T15:33:44.038472 Completed database query for table users
2019-02-13T15:33:43.234543 Received request from 102.23.55.32 for /example
2019-02-13T15:33:44.726534 Started database query for table users
2019-02-13T15:33:44.038472 Completed database query for table users
2019-02-13T15:33:43.234543 Received request from 102.23.55.32 for /example
2019-02-13T15:33:44.726534 Started database query for table users
2019-02-13T15:33:44.038472 Completed database query for table users
2019-02-13T15:33:43.234543 Received request from 102.23.55.32 for /example
2019-02-13T15:33:44.726534 Started database query for table users
2019-02-13T15:33:44.038472 Completed database query for table users
2019-02-13T15:33:43.234543 Received request from 102.23.55.32 for /example
2019-02-13T15:33:44.726534 Started database query for table users
2019-02-13T15:33:44.038472 Completed database query for table users
2019-02-13T15:33:43.234543 Received request from 102.23.55.32 for /example
2019-02-13T15:33:44.726534 Started database query for table users
2019-02-13T15:33:44.038472 Completed database query for table users
2019-02-13T15:33:43.234543 Received request from 102.23.55.32 for /example
2019-02-13T15:33:44.726534 Started database query for table users
2019-02-13T15:33:44.038472 Completed database query for table users
2019-02-13T15:33:43.234543 Received request from 102.23.55.32 for /example
2019-02-13T15:33:44.726534 Started database query for table users
2019-02-13T15:33:44.038472 Completed database query for table users
2019-02-13T15:33:43.234543 Received request from 102.23.55.32 for /example
2006-02-13T15:33:44.726534 Started database query for table users
2019-02-13T15:33:44.038472 Completed database query for table users
2019-02-13T15:33:43.234543 Received request from 102.23.55.32 for /example
2009-02-13T15:33:44.726534 Started database query for table users
2019-02-13T15:33:44.038472 Completed database query for table users
2019-02-13T15:33:43.234543 Received request from 102.23.55.32 for /example
2018-02-13T15:33:44.726534 Started database query for table users
2019-02-13T15:33:44.038472 Completed database query for table users
2019-02-13T15:33:43.234543 Received request from 102.23.55.32 for /example
2012-02-13T15:33:44.726534 Started database query for table users
2019-02-13T15:33:44.038472 Completed database query for table users
2019-02-13T15:33:43.234543 Received request from 102.23.55.32 for /example
2019-02-13T15:33:44.726534 Started database query for table users
2019-02-13T15:33:44.038472 Completed database query for table users
2015-02-13T15:33:43.234543 Received request from 102.23.55.32 for /example
2019-02-13T15:33:44.726534 Started database query for table users
2019-02-13T15:33:44.038472 Completed database query for table users
2019-02-13T15:33:43.234543 Received request from 102.23.55.32 for /example
2019-02-13T15:33:44.726534 Started database query for table users
2019-02-13T15:33:44.038472 Completed database query for table users
2019-02-13T15:33:43.234543 Received request from 102.23.55.32 for /example
2019-02-13T15:33:44.726534 Started database query for table users
2019-02-13T15:33:44.038472 Completed database query for table users
2019-02-13T15:33:43.234543 Received request from 102.23.55.32 for /example
2019-02-13T15:33:44.726534 Started database query for table users
2019-02-13T15:33:44.038472 Completed database query for table users
2019-02-13T15:33:43.234543 Received request from 102.23.55.32 for /example
2019-02-13T15:33:44.726534 Started database query for table users
2019-02-13T15:33:44.038472 Completed database query for table users
2019-02-13T15:33:43.234543 Received request from 102.23.55.32 for /example
2019-02-13T15:33:44.726534 Started database query for table users
2019-02-13T15:33:44.038472 Completed database query for table users
2019-02-13T15:33:43.234543 Received request from 102.23.55.32 for /example
2019-02-13T15:33:44.726534 Started database query for table users
2019-02-13T15:33:44.038472 Completed database query for table users
2019-02-13T15:33:43.234543 Received request from 102.23.55.32 for /example
2019-02-13T15:33:44.726534 Started database query for table users
2019-02-13T15:33:44.038472 Completed database query for table users
2019-02-13T15:33:43.234543 Received request from 102.23.55.32 for /example
2006-02-13T15:33:44.726534 Started database query for table users
2019-02-13T15:33:44.038472 Completed database query for table users
2019-02-13T15:33:43.234543 Received request from 102.23.55.32 for /example
2009-02-13T15:33:44.726534 Started database query for table users
2019-02-13T15:33:44.038472 Completed database query for table users
2019-02-13T15:33:43.234543 Received request from 102.23.55.32 for /example
2018-02-13T15:33:44.726534 Started database query for table users
2019-02-13T15:33:44.038472 Completed database query for table users
2019-02-13T15:33:43.234543 Received request from 102.23.55.32 for /example
2012-02-13T15:33:44.726534 Started database query for table users
2019-02-13T15:33:44.038472 Completed database query for table users
2019-02-13T15:33:43.234543 Received request from 102.23.55.32 for /example
2019-02-13T15:33:44.726534 Started database query for table users
2019-02-13T15:33:44.038472 Completed database query for table users
2015-02-13T15:33:43.234543 Received request from 102.23.55.32 for /example
2019-02-13T15:33:44.726534 Started database query for table users
2019-02-13T15:33:44.038472 Completed database query for table users
2019-02-13T15:33:43.234543 Received request from 102.23.55.32 for /example
2019-02-13T15:33:44.726534 Started database query for table users
2019-02-13T15:33:44.038472 Completed database query for table users
2019-02-13T15:33:43.234543 Received request from 102.23.55.32 for /example
2019-02-13T15:33:44.726534 Started database query for table users
2019-02-13T15:33:44.038472 Completed database query for table users
2019-02-13T15:33:43.234543 Received request from 102.23.55.32 for /example
2019-02-13T15:33:44.726534 Started database query for table users
2019-02-13T15:33:44.038472 Completed database query for table users
2019-02-13T15:33:43.234543 Received request from 102.23.55.32 for /example
2019-02-13T15:33:44.726534 Started database query for table users
2019-02-13T15:33:44.038472 Completed database query for table users
2019-02-13T15:33:43.234543 Received request from 102.23.55.32 for /example
2019-02-13T15:33:44.726534 Started database query for table users
2019-02-13T15:33:44.038472 Completed database query for table users
2019-02-13T15:33:43.234543 Received request from 102.23.55.32 for /example
2019-02-13T15:33:44.726534 Started database query for table users
2019-02-13T15:33:44.038472 Completed database query for table users
2019-02-13T15:33:43.234543 Received request from 102.23.55.32 for /example
2019-02-13T15:33:44.726534 Started database query for table users
2019-02-13T15:33:44.038472 Completed database query for table users
2019-02-13T15:33:43.234543 Received request from 102.23.55.32 for /example
2006-02-13T15:33:44.726534 Started database query for table users
2019-02-13T15:33:44.038472 Completed database query for table users
2019-02-13T15:33:43.234543 Received request from 102.23.55.32 for /example
2009-02-13T15:33:44.726534 Started database query for table users
2019-02-13T15:33:44.038472 Completed database query for table users
2019-02-13T15:33:43.234543 Received request from 102.23.55.32 for /example
2018-02-13T15:33:44.726534 Started database query for table users
2019-02-13T15:33:44.038472 Completed database query for table users
2019-02-13T15:33:43.234543 Received request from 102.23.55.32 for /example
2012-02-13T15:33:44.726534 Started database query for table users
2019-02-13T15:33:44.038472 Completed database query for table users
2019-02-13T15:33:43.234543 Received request from 102.23.55.32 for /example
2019-02-13T15:33:44.726534 Started database query for table users
2019-02-13T15:33:44.038472 Completed database query for table users
2015-02-13T15:33:43.234543 Received request from 102.23.55.32 for /example
2019-02-13T15:33:44.726534 Started database query for table users
2019-02-13T15:33:44.038472 Completed database query for table users
2019-02-13T15:33:43.234543 Received request from 102.23.55.32 for /example
2019-02-13T15:33:44.726534 Started database query for table users
2019-02-13T15:33:44.038472 Completed database query for table users
2019-02-13T15:33:43.234543 Received request from 102.23.55.32 for /example
2019-02-13T15:33:44.726534 Started database query for table users
2019-02-13T15:33:44.038472 Completed database query for table users
2019-02-13T15:33:43.234543 Received request from 102.23.55.32 for /example
2019-02-13T15:33:44.726534 Started database query for table users
2019-02-13T15:33:44.038472 Completed database query for table users
2019-02-13T15:33:43.234543 Received request from 102.23.55.32 for /example
2019-02-13T15:33:44.726534 Started database query for table users
2019-02-13T15:33:44.038472 Completed database query for table users
2019-02-13T15:33:43.234543 Received request from 102.23.55.32 for /example
2019-02-13T15:33:44.726534 Started database query for table users
2019-02-13T15:33:44.038472 Completed database query for table users
2019-02-13T15:33:43.234543 Received request from 102.23.55.32 for /example
2019-02-13T15:33:44.726534 Started database query for table users
2019-02-13T15:33:44.038472 Completed database query for table users
2019-02-13T15:33:43.234543 Received request from 102.23.55.32 for /example
2019-02-13T15:33:44.726534 Started database query for table users
2019-02-13T15:33:44.038472 Completed database query for table users
2019-02-13T15:33:43.234543 Received request from 102.23.55.32 for /example
2006-02-13T15:33:44.726534 Started database query for table users
2019-02-13T15:33:44.038472 Completed database query for table users
2019-02-13T15:33:43.234543 Received request from 102.23.55.32 for /example
2009-02-13T15:33:44.726534 Started database query for table users
2019-02-13T15:33:44.038472 Completed database query for table users
2019-02-13T15:33:43.234543 Received request from 102.23.55.32 for /example
2018-02-13T15:33:44.726534 Started database query for table users
2019-02-13T15:33:44.038472 Completed database query for table users
2019-02-13T15:33:43.234543 Received request from 102.23.55.32 for /example
2012-02-13T15:33:44.726534 Started database query for table users
2019-02-13T15:33:44.038472 Completed database query for table users
2019-02-13T15:33:43.234543 Received request from 102.23.55.32 for /example
2019-02-13T15:33:44.726534 Started database query for table users
2019-02-13T15:33:44.038472 Completed database query for table users
2015-02-13T15:33:43.234543 Received request from 102.23.55.32 for /example
2019-02-13T15:33:44.726534 Started database query for table users
2019-02-13T15:33:44.038472 Completed database query for table users
2019-02-13T15:33:43.234543 Received request from 102.23.55.32 for /example
2019-02-13T15:33:44.726534 Started database query for table users
2019-02-13T15:33:44.038472 Completed database query for table users
2019-02-13T15:33:43.234543 Received request from 102.23.55.32 for /example
2019-02-13T15:33:44.726534 Started database query for table users
2019-02-13T15:33:44.038472 Completed database query for table users
2019-02-13T15:33:43.234543 Received request from 102.23.55.32 for /example
2019-02-13T15:33:44.726534 Started database query for table users
2019-02-13T15:33:44.038472 Completed database query for table users
2019-02-13T15:33:43.234543 Received request from 102.23.55.32 for /example
2019-02-13T15:33:44.726534 Started database query for table users
2019-02-13T15:33:44.038472 Completed database query for table users
2019-02-13T15:33:43.234543 Received request from 102.23.55.32 for /example
2019-02-13T15:33:44.726534 Started database query for table users
2019-02-13T15:33:44.038472 Completed database query for table users
2019-02-13T15:33:43.234543 Received request from 102.23.55.32 for /example
2019-02-13T15:33:44.726534 Started database query for table users
2019-02-13T15:33:44.038472 Completed database query for table users
2019-02-13T15:33:43.234543 Received request from 102.23.55.32 for /example
2019-02-13T15:33:44.726534 Started database query for table users
2019-02-13T15:33:44.038472 Completed database query for table users
2019-02-13T15:33:43.234543 Received request from 102.23.55.32 for /example
2006-02-13T15:33:44.726534 Started database query for table users
2019-02-13T15:33:44.038472 Completed database query for table users
2019-02-13T15:33:43.234543 Received request from 102.23.55.32 for /example
2009-02-13T15:33:44.726534 Started database query for table users
2019-02-13T15:33:44.038472 Completed database query for table users
2019-02-13T15:33:43.234543 Received request from 102.23.55.32 for /example
2018-02-13T15:33:44.726534 Started database query for table users
2019-02-13T15:33:44.038472 Completed database query for table users
2019-02-13T15:33:43.234543 Received request from 102.23.55.32 for /example
2012-02-13T15:33:44.726534 Started database query for table users
2019-02-13T15:33:44.038472 Completed database query for table users
2019-02-13T15:33:43.234543 Received request from 102.23.55.32 for /example
2019-02-13T15:33:44.726534 Started database query for table users
2019-02-13T15:33:44.038472 Completed database query for table users
2015-02-13T15:33:43.234543 Received request from 102.23.55.32 for /example
2019-02-13T15:33:44.726534 Started database query for table users
2019-02-13T15:33:44.038472 Completed database query for table users
2019-02-13T15:33:43.234543 Received request from 102.23.55.32 for /example
2019-02-13T15:33:44.726534 Started database query for table users
2019-02-13T15:33:44.038472 Completed database query for table users
2019-02-13T15:33:43.234543 Received request from 102.23.55.32 for /example
2019-02-13T15:33:44.726534 Started database query for table users
2019-02-13T15:33:44.038472 Completed database query for table users
2019-02-13T15:33:43.234543 Received request from 102.23.55.32 for /example
2019-02-13T15:33:44.726534 Started database query for table users
2019-02-13T15:33:44.038472 Completed database query for table users
2019-02-13T15:33:43.234543 Received request from 102.23.55.32 for /example
2019-02-13T15:33:44.726534 Started database query for table users
2019-02-13T15:33:44.038472 Completed database query for table users
2019-02-13T15:33:43.234543 Received request from 102.23.55.32 for /example
2019-02-13T15:33:44.726534 Started database query for table users
2019-02-13T15:33:44.038472 Completed database query for table users
2019-02-13T15:33:43.234543 Received request from 102.23.55.32 for /example
2019-02-13T15:33:44.726534 Started database query for table users
2019-02-13T15:33:44.038472 Completed database query for table users
2019-02-13T15:33:43.234543 Received request from 102.23.55.32 for /example
2019-02-13T15:33:44.726534 Started database query for table users
2019-02-13T15:33:44.038472 Completed database query for table users
2019-02-13T15:33:43.234543 Received request from 102.23.55.32 for /example
2006-02-13T15:33:44.726534 Started database query for table users
2019-02-13T15:33:44.038472 Completed database query for table users
2019-02-13T15:33:43.234543 Received request from 102.23.55.32 for /example
2009-02-13T15:33:44.726534 Started database query for table users
2019-02-13T15:33:44.038472 Completed database query for table users
2019-02-13T15:33:43.234543 Received request from 102.23.55.32 for /example
2018-02-13T15:33:44.726534 Started database query for table users
2019-02-13T15:33:44.038472 Completed database query for table users
2019-02-13T15:33:43.234543 Received request from 102.23.55.32 for /example
2012-02-13T15:33:44.726534 Started database query for table users
2019-02-13T15:33:44.038472 Completed database query for table users
2019-02-13T15:33:43.234543 Received request from 102.23.55.32 for /example
2019-02-13T15:33:44.726534 Started database query for table users
2019-02-13T15:33:44.038472 Completed database query for table users
2015-02-13T15:33:43.234543 Received request from 102.23.55.32 for /example
2019-02-13T15:33:44.726534 Started database query for table users
2019-02-13T15:33:44.038472 Completed database query for table users
2019-02-13T15:33:43.234543 Received request from 102.23.55.32 for /example
2019-02-13T15:33:44.726534 Started database query for table users
2019-02-13T15:33:44.038472 Completed database query for table users
2019-02-13T15:33:43.234543 Received request from 102.23.55.32 for /example
2019-02-13T15:33:44.726534 Started database query for table users
2019-02-13T15:33:44.038472 Completed database query for table users
2019-02-13T15:33:43.234543 Received request from 102.23.55.32 for /example
2019-02-13T15:33:44.726534 Started database query for table users
2019-02-13T15:33:44.038472 Completed database query for table users
2019-02-13T15:33:43.234543 Received request from 102.23.55.32 for /example
2019-02-13T15:33:44.726534 Started database query for table users
2019-02-13T15:33:44.038472 Completed database query for table users
2019-02-13T15:33:43.234543 Received request from 102.23.55.32 for /example
2019-02-13T15:33:44.726534 Started database query for table users
2019-02-13T15:33:44.038472 Completed database query for table users
2019-02-13T15:33:43.234543 Received request from 102.23.55.32 for /example
2019-02-13T15:33:44.726534 Started database query for table users
2019-02-13T15:33:44.038472 Completed database query for table users
2019-02-13T15:33:43.234543 Received request from 102.23.55.32 for /example
2019-02-13T15:33:44.726534 Started database query for table users
2019-02-13T15:33:44.038472 Completed database query for table users
2019-02-13T15:33:43.234543 Received request from 102.23.55.32 for /example
2006-02-13T15:33:44.726534 Started database query for table users
2019-02-13T15:33:44.038472 Completed database query for table users
2019-02-13T15:33:43.234543 Received request from 102.23.55.32 for /example
2009-02-13T15:33:44.726534 Started database query for table users
2019-02-13T15:33:44.038472 Completed database query for table users
2019-02-13T15:33:43.234543 Received request from 102.23.55.32 for /example
2018-02-13T15:33:44.726534 Started database query for table users
2019-02-13T15:33:44.038472 Completed database query for table users
2019-02-13T15:33:43.234543 Received request from 102.23.55.32 for /example
2012-02-13T15:33:44.726534 Started database query for table users
2019-02-13T15:33:44.038472 Completed database query for table users
2019-02-13T15:33:43.234543 Received request from 102.23.55.32 for /example
2019-02-13T15:33:44.726534 Started database query for table users
2019-02-13T15:33:44.038472 Completed database query for table users
2015-02-13T15:33:43.234543 Received request from 102.23.55.32 for /example
2019-02-13T15:33:44.726534 Started database query for table users
2019-02-13T15:33:44.038472 Completed database query for table users
2019-02-13T15:33:43.234543 Received request from 102.23.55.32 for /example
2019-02-13T15:33:44.726534 Started database query for table users
2019-02-13T15:33:44.038472 Completed database query for table users
2019-02-13T15:33:43.234543 Received request from 102.23.55.32 for /example
2019-02-13T15:33:44.726534 Started database query for table users
2019-02-13T15:33:44.038472 Completed database query for table users
2019-02-13T15:33:43.234543 Received request from 102.23.55.32 for /example
2019-02-13T15:33:44.726534 Started database query for table users
2019-02-13T15:33:44.038472 Completed database query for table users
2019-02-13T15:33:43.234543 Received request from 102.23.55.32 for /example
2019-02-13T15:33:44.726534 Started database query for table users
2019-02-13T15:33:44.038472 Completed database query for table users
2019-02-13T15:33:43.234543 Received request from 102.23.55.32 for /example
2019-02-13T15:33:44.726534 Started database query for table users
2019-02-13T15:33:44.038472 Completed database query for table users
2019-02-13T15:33:43.234543 Received request from 102.23.55.32 for /example
2019-02-13T15:33:44.726534 Started database query for table users
2019-02-13T15:33:44.038472 Completed database query for table users
2019-02-13T15:33:43.234543 Received request from 102.23.55.32 for /example
2019-02-13T15:33:44.726534 Started database query for table users
2019-02-13T15:33:44.038472 Completed database query for table users
2019-02-13T15:33:43.234543 Received request from 102.23.55.32 for /example
2006-02-13T15:33:44.726534 Started database query for table users
2019-02-13T15:33:44.038472 Completed database query for table users
2019-02-13T15:33:43.234543 Received request from 102.23.55.32 for /example
2009-02-13T15:33:44.726534 Started database query for table users
2019-02-13T15:33:44.038472 Completed database query for table users
2019-02-13T15:33:43.234543 Received request from 102.23.55.32 for /example
2018-02-13T15:33:44.726534 Started database query for table users
2019-02-13T15:33:44.038472 Completed database query for table users
2019-02-13T15:33:43.234543 Received request from 102.23.55.32 for /example
2012-02-13T15:33:44.726534 Started database query for table users
2019-02-13T15:33:44.038472 Completed database query for table users
2019-02-13T15:33:43.234543 Received request from 102.23.55.32 for /example
2019-02-13T15:33:44.726534 Started database query for table users
2019-02-13T15:33:44.038472 Completed database query for table users
2015-02-13T15:33:43.234543 Received request from 102.23.55.32 for /example
2019-02-13T15:33:44.726534 Started database query for table users
2019-02-13T15:33:44.038472 Completed database query for table users
2019-02-13T15:33:43.234543 Received request from 102.23.55.32 for /example
2019-02-13T15:33:44.726534 Started database query for table users
2019-02-13T15:33:44.038472 Completed database query for table users
2019-02-13T15:33:43.234543 Received request from 102.23.55.32 for /example
2019-02-13T15:33:44.726534 Started database query for table users
2019-02-13T15:33:44.038472 Completed database query for table users
2019-02-13T15:33:43.234543 Received request from 102.23.55.32 for /example
2019-02-13T15:33:44.726534 Started database query for table users
2019-02-13T15:33:44.038472 Completed database query for table users
2019-02-13T15:33:43.234543 Received request from 102.23.55.32 for /example
2019-02-13T15:33:44.726534 Started database query for table users
2019-02-13T15:33:44.038472 Completed database query for table users
2019-02-13T15:33:43.234543 Received request from 102.23.55.32 for /example
2019-02-13T15:33:44.726534 Started database query for table users
2019-02-13T15:33:44.038472 Completed database query for table users
2019-02-13T15:33:43.234543 Received request from 102.23.55.32 for /example
2019-02-13T15:33:44.726534 Started database query for table users
2019-02-13T15:33:44.038472 Completed database query for table users
2019-02-13T15:33:43.234543 Received request from 102.23.55.32 for /example
2019-02-13T15:33:44.726534 Started database query for table users
2019-02-13T15:33:44.038472 Completed database query for table users
2019-02-13T15:33:43.234543 Received request from 102.23.55.32 for /example
2006-02-13T15:33:44.726534 Started database query for table users
2019-02-13T15:33:44.038472 Completed database query for table users
2019-02-13T15:33:43.234543 Received request from 102.23.55.32 for /example
2009-02-13T15:33:44.726534 Started database query for table users
2019-02-13T15:33:44.038472 Completed database query for table users
2019-02-13T15:33:43.234543 Received request from 102.23.55.32 for /example
2018-02-13T15:33:44.726534 Started database query for table users
2019-02-13T15:33:44.038472 Completed database query for table users
2019-02-13T15:33:43.234543 Received request from 102.23.55.32 for /example
2012-02-13T15:33:44.726534 Started database query for table users
2019-02-13T15:33:44.038472 Completed database query for table users
2019-02-13T15:33:43.234543 Received request from 102.23.55.32 for /example
2019-02-13T15:33:44.726534 Started database query for table users
2019-02-13T15:33:44.038472 Completed database query for table users
2015-02-13T15:33:43.234543 Received request from 102.23.55.32 for /example
2019-02-13T15:33:44.726534 Started database query for table users
2019-02-13T15:33:44.038472 Completed database query for table users
2019-02-13T15:33:43.234543 Received request from 102.23.55.32 for /example
2019-02-13T15:33:44.726534 Started database query for table users
2019-02-13T15:33:44.038472 Completed database query for table users
2019-02-13T15:33:43.234543 Received request from 102.23.55.32 for /example
2019-02-13T15:33:44.726534 Started database query for table users
2019-02-13T15:33:44.038472 Completed database query for table users
2019-02-13T15:33:43.234543 Received request from 102.23.55.32 for /example
2019-02-13T15:33:44.726534 Started database query for table users
2019-02-13T15:33:44.038472 Completed database query for table users
2019-02-13T15:33:43.234543 Received request from 102.23.55.32 for /example
2019-02-13T15:33:44.726534 Started database query for table users
2019-02-13T15:33:44.038472 Completed database query for table users
2019-02-13T15:33:43.234543 Received request from 102.23.55.32 for /example
2019-02-13T15:33:44.726534 Started database query for table users
2019-02-13T15:33:44.038472 Completed database query for table users
2019-02-13T15:33:43.234543 Received request from 102.23.55.32 for /example
2019-02-13T15:33:44.726534 Started database query for table users
2019-02-13T15:33:44.038472 Completed database query for table users
2019-02-13T15:33:43.234543 Received request from 102.23.55.32 for /example
2019-02-13T15:33:44.726534 Started database query for table users
2019-02-13T15:33:44.038472 Completed database query for table users
2019-02-13T15:33:43.234543 Received request from 102.23.55.32 for /example
2006-02-13T15:33:44.726534 Started database query for table users
2019-02-13T15:33:44.038472 Completed database query for table users
2019-02-13T15:33:43.234543 Received request from 102.23.55.32 for /example
2009-02-13T15:33:44.726534 Started database query for table users
2019-02-13T15:33:44.038472 Completed database query for table users
2019-02-13T15:33:43.234543 Received request from 102.23.55.32 for /example
2018-02-13T15:33:44.726534 Started database query for table users
2019-02-13T15:33:44.038472 Completed database query for table users
2019-02-13T15:33:43.234543 Received request from 102.23.55.32 for /example
2012-02-13T15:33:44.726534 Started database query for table users
2019-02-13T15:33:44.038472 Completed database query for table users
2019-02-13T15:33:43.234543 Received request from 102.23.55.32 for /example
2019-02-13T15:33:44.726534 Started database query for table users
2019-02-13T15:33:44.038472 Completed database query for table users
2015-02-13T15:33:43.234543 Received request from 102.23.55.32 for /example
2019-02-13T15:33:44.726534 Started database query for table users
2019-02-13T15:33:44.038472 Completed database query for table users
2019-02-13T15:33:43.234543 Received request from 102.23.55.32 for /example
2019-02-13T15:33:44.726534 Started database query for table users
2019-02-13T15:33:44.038472 Completed database query for table users
2019-02-13T15:33:43.234543 Received request from 102.23.55.32 for /example
2019-02-13T15:33:44.726534 Started database query for table users
2019-02-13T15:33:44.038472 Completed database query for table users
2019-02-13T15:33:43.234543 Received request from 102.23.55.32 for /example
2019-02-13T15:33:44.726534 Started database query for table users
2019-02-13T15:33:44.038472 Completed database query for table users
2019-02-13T15:33:43.234543 Received request from 102.23.55.32 for /example
2019-02-13T15:33:44.726534 Started database query for table users
2019-02-13T15:33:44.038472 Completed database query for table users
2019-02-13T15:33:43.234543 Received request from 102.23.55.32 for /example
2019-02-13T15:33:44.726534 Started database query for table users
2019-02-13T15:33:44.038472 Completed database query for table users
2019-02-13T15:33:43.234543 Received request from 102.23.55.32 for /example
2019-02-13T15:33:44.726534 Started database query for table users
2019-02-13T15:33:44.038472 Completed database query for table users
2019-02-13T15:33:43.234543 Received request from 102.23.55.32 for /example
2019-02-13T15:33:44.726534 Started database query for table users
2019-02-13T15:33:44.038472 Completed database query for table users
2019-02-13T15:33:43.234543 Received request from 102.23.55.32 for /example
2006-02-13T15:33:44.726534 Started database query for table users
2019-02-13T15:33:44.038472 Completed database query for table users
2019-02-13T15:33:43.234543 Received request from 102.23.55.32 for /example
2009-02-13T15:33:44.726534 Started database query for table users
2019-02-13T15:33:44.038472 Completed database query for table users
2019-02-13T15:33:43.234543 Received request from 102.23.55.32 for /example
2018-02-13T15:33:44.726534 Started database query for table users
2019-02-13T15:33:44.038472 Completed database query for table users
2019-02-13T15:33:43.234543 Received request from 102.23.55.32 for /example
2012-02-13T15:33:44.726534 Started database query for table users
2019-02-13T15:33:44.038472 Completed database query for table users
2019-02-13T15:33:43.234543 Received request from 102.23.55.32 for /example
2019-02-13T15:33:44.726534 Started database query for table users
2019-02-13T15:33:44.038472 Completed database query for table users
2015-02-13T15:33:43.234543 Received request from 102.23.55.32 for /example
2019-02-13T15:33:44.726534 Started database query for table users
2019-02-13T15:33:44.038472 Completed database query for table users
2019-02-13T15:33:43.234543 Received request from 102.23.55.32 for /example
2019-02-13T15:33:44.726534 Started database query for table users
2019-02-13T15:33:44.038472 Completed database query for table users
2019-02-13T15:33:43.234543 Received request from 102.23.55.32 for /example
2019-02-13T15:33:44.726534 Started database query for table users
2019-02-13T15:33:44.038472 Completed database query for table users
2019-02-13T15:33:43.234543 Received request from 102.23.55.32 for /example
2019-02-13T15:33:44.726534 Started database query for table users
2019-02-13T15:33:44.038472 Completed database query for table users
2019-02-13T15:33:43.234543 Received request from 102.23.55.32 for /example
2019-02-13T15:33:44.726534 Started database query for table users
2019-02-13T15:33:44.038472 Completed database query for table users
2019-02-13T15:33:43.234543 Received request from 102.23.55.32 for /example
2019-02-13T15:33:44.726534 Started database query for table users
2019-02-13T15:33:44.038472 Completed database query for table users
2019-02-13T15:33:43.234543 Received request from 102.23.55.32 for /example
2019-02-13T15:33:44.726534 Started database query for table users
2019-02-13T15:33:44.038472 Completed database query for table users
2019-02-13T15:33:43.234543 Received request from 102.23.55.32 for /example
2019-02-13T15:33:44.726534 Started database query for table users
2019-02-13T15:33:44.038472 Completed database query for table users
2019-02-13T15:33:43.234543 Received request from 102.23.55.32 for /example
2006-02-13T15:33:44.726534 Started database query for table users
2019-02-13T15:33:44.038472 Completed database query for table users
2019-02-13T15:33:43.234543 Received request from 102.23.55.32 for /example
2009-02-13T15:33:44.726534 Started database query for table users
2019-02-13T15:33:44.038472 Completed database query for table users
2019-02-13T15:33:43.234543 Received request from 102.23.55.32 for /example
2018-02-13T15:33:44.726534 Started database query for table users
2019-02-13T15:33:44.038472 Completed database query for table users
2019-02-13T15:33:43.234543 Received request from 102.23.55.32 for /example
2012-02-13T15:33:44.726534 Started database query for table users
2019-02-13T15:33:44.038472 Completed database query for table users
2019-02-13T15:33:43.234543 Received request from 102.23.55.32 for /example
2019-02-13T15:33:44.726534 Started database query for table users
2019-02-13T15:33:44.038472 Completed database query for table users
2015-02-13T15:33:43.234543 Received request from 102.23.55.32 for /example
2019-02-13T15:33:44.726534 Started database query for table users
2019-02-13T15:33:44.038472 Completed database query for table users
2019-02-13T15:33:43.234543 Received request from 102.23.55.32 for /example
2019-02-13T15:33:44.726534 Started database query for table users
2019-02-13T15:33:44.038472 Completed database query for table users
2019-02-13T15:33:43.234543 Received request from 102.23.55.32 for /example
2019-02-13T15:33:44.726534 Started database query for table users
2019-02-13T15:33:44.038472 Completed database query for table users
2019-02-13T15:33:43.234543 Received request from 102.23.55.32 for /example
2019-02-13T15:33:44.726534 Started database query for table users
2019-02-13T15:33:44.038472 Completed database query for table users
2019-02-13T15:33:43.234543 Received request from 102.23.55.32 for /example
2019-02-13T15:33:44.726534 Started database query for table users
2019-02-13T15:33:44.038472 Completed database query for table users
2019-02-13T15:33:43.234543 Received request from 102.23.55.32 for /example
2019-02-13T15:33:44.726534 Started database query for table users
2019-02-13T15:33:44.038472 Completed database query for table users
2019-02-13T15:33:43.234543 Received request from 102.23.55.32 for /example
2019-02-13T15:33:44.726534 Started database query for table users
2019-02-13T15:33:44.038472 Completed database query for table users
2019-02-13T15:33:43.234543 Received request from 102.23.55.32 for /example
2019-02-13T15:33:44.726534 Started database query for table users
2019-02-13T15:33:44.038472 Completed database query for table users
2019-02-13T15:33:43.234543 Received request from 102.23.55.32 for /example
2006-02-13T15:33:44.726534 Started database query for table users
2019-02-13T15:33:44.038472 Completed database query for table users
2019-02-13T15:33:43.234543 Received request from 102.23.55.32 for /example
2009-02-13T15:33:44.726534 Started database query for table users
2019-02-13T15:33:44.038472 Completed database query for table users
2019-02-13T15:33:43.234543 Received request from 102.23.55.32 for /example
2018-02-13T15:33:44.726534 Started database query for table users
2019-02-13T15:33:44.038472 Completed database query for table users
2019-02-13T15:33:43.234543 Received request from 102.23.55.32 for /example
2012-02-13T15:33:44.726534 Started database query for table users
2019-02-13T15:33:44.038472 Completed database query for table users
2019-02-13T15:33:43.234543 Received request from 102.23.55.32 for /example
2019-02-13T15:33:44.726534 Started database query for table users
2019-02-13T15:33:44.038472 Completed database query for table users
2015-02-13T15:33:43.234543 Received request from 102.23.55.32 for /example
2019-02-13T15:33:44.726534 Started database query for table users
2019-02-13T15:33:44.038472 Completed database query for table users
2019-02-13T15:33:43.234543 Received request from 102.23.55.32 for /example
2019-02-13T15:33:44.726534 Started database query for table users
2019-02-13T15:33:44.038472 Completed database query for table users
2019-02-13T15:33:43.234543 Received request from 102.23.55.32 for /example
2019-02-13T15:33:44.726534 Started database query for table users
2019-02-13T15:33:44.038472 Completed database query for table users
2019-02-13T15:33:43.234543 Received request from 102.23.55.32 for /example
2019-02-13T15:33:44.726534 Started database query for table users
2019-02-13T15:33:44.038472 Completed database query for table users
2019-02-13T15:33:43.234543 Received request from 102.23.55.32 for /example
2019-02-13T15:33:44.726534 Started database query for table users
2019-02-13T15:33:44.038472 Completed database query for table users
2019-02-13T15:33:43.234543 Received request from 102.23.55.32 for /example
2019-02-13T15:33:44.726534 Started database query for table users
2019-02-13T15:33:44.038472 Completed database query for table users
2019-02-13T15:33:43.234543 Received request from 102.23.55.32 for /example
2019-02-13T15:33:44.726534 Started database query for table users
2019-02-13T15:33:44.038472 Completed database query for table users
2019-02-13T15:33:43.234543 Received request from 102.23.55.32 for /example
2019-02-13T15:33:44.726534 Started database query for table users
2019-02-13T15:33:44.038472 Completed database query for table users
2019-02-13T15:33:43.234543 Received request from 102.23.55.32 for /example
2006-02-13T15:33:44.726534 Started database query for table users
2019-02-13T15:33:44.038472 Completed database query for table users
2019-02-13T15:33:43.234543 Received request from 102.23.55.32 for /example
2009-02-13T15:33:44.726534 Started database query for table users
2019-02-13T15:33:44.038472 Completed database query for table users
2019-02-13T15:33:43.234543 Received request from 102.23.55.32 for /example
2018-02-13T15:33:44.726534 Started database query for table users
2019-02-13T15:33:44.038472 Completed database query for table users
2019-02-13T15:33:43.234543 Received request from 102.23.55.32 for /example
2012-02-13T15:33:44.726534 Started database query for table users
2019-02-13T15:33:44.038472 Completed database query for table users
2019-02-13T15:33:43.234543 Received request from 102.23.55.32 for /example
2019-02-13T15:33:44.726534 Started database query for table users
2019-02-13T15:33:44.038472 Completed database query for table users
2015-02-13T15:33:43.234543 Received request from 102.23.55.32 for /example
2019-02-13T15:33:44.726534 Started database query for table users
2019-02-13T15:33:44.038472 Completed database query for table users
2019-02-13T15:33:43.234543 Received request from 102.23.55.32 for /example
2019-02-13T15:33:44.726534 Started database query for table users
2019-02-13T15:33:44.038472 Completed database query for table users
2019-02-13T15:33:43.234543 Received request from 102.23.55.32 for /example
2019-02-13T15:33:44.726534 Started database query for table users
2019-02-13T15:33:44.038472 Completed database query for table users
2019-02-13T15:33:43.234543 Received request from 102.23.55.32 for /example
2019-02-13T15:33:44.726534 Started database query for table users
2019-02-13T15:33:44.038472 Completed database query for table users
2019-02-13T15:33:43.234543 Received request from 102.23.55.32 for /example
2019-02-13T15:33:44.726534 Started database query for table users
2019-02-13T15:33:44.038472 Completed database query for table users
2019-02-13T15:33:43.234543 Received request from 102.23.55.32 for /example
2019-02-13T15:33:44.726534 Started database query for table users
2019-02-13T15:33:44.038472 Completed database query for table users
2019-02-13T15:33:43.234543 Received request from 102.23.55.32 for /example
2019-02-13T15:33:44.726534 Started database query for table users
2019-02-13T15:33:44.038472 Completed database query for table users
2019-02-13T15:33:43.234543 Received request from 102.23.55.32 for /example
2019-02-13T15:33:44.726534 Started database query for table users
2019-02-13T15:33:44.038472 Completed database query for table users
2019-02-13T15:33:43.234543 Received request from 102.23.55.32 for /example
2006-02-13T15:33:44.726534 Started database query for table users
2019-02-13T15:33:44.038472 Completed database query for table users
2019-02-13T15:33:43.234543 Received request from 102.23.55.32 for /example
2009-02-13T15:33:44.726534 Started database query for table users
2019-02-13T15:33:44.038472 Completed database query for table users
2019-02-13T15:33:43.234543 Received request from 102.23.55.32 for /example
2018-02-13T15:33:44.726534 Started database query for table users
2019-02-13T15:33:44.038472 Completed database query for table users
2019-02-13T15:33:43.234543 Received request from 102.23.55.32 for /example
2012-02-13T15:33:44.726534 Started database query for table users
2019-02-13T15:33:44.038472 Completed database query for table users
2019-02-13T15:33:43.234543 Received request from 102.23.55.32 for /example
2019-02-13T15:33:44.726534 Started database query for table users
2019-02-13T15:33:44.038472 Completed database query for table users
2015-02-13T15:33:43.234543 Received request from 102.23.55.32 for /example
2019-02-13T15:33:44.726534 Started database query for table users
2019-02-13T15:33:44.038472 Completed database query for table users
2019-02-13T15:33:43.234543 Received request from 102.23.55.32 for /example
2019-02-13T15:33:44.726534 Started database query for table users
2019-02-13T15:33:44.038472 Completed database query for table users
2019-02-13T15:33:43.234543 Received request from 102.23.55.32 for /example
2019-02-13T15:33:44.726534 Started database query for table users
2019-02-13T15:33:44.038472 Completed database query for table users
2019-02-13T15:33:43.234543 Received request from 102.23.55.32 for /example
2019-02-13T15:33:44.726534 Started database query for table users
2019-02-13T15:33:44.038472 Completed database query for table users
2019-02-13T15:33:43.234543 Received request from 102.23.55.32 for /example
2019-02-13T15:33:44.726534 Started database query for table users
2019-02-13T15:33:44.038472 Completed database query for table users
2019-02-13T15:33:43.234543 Received request from 102.23.55.32 for /example
2019-02-13T15:33:44.726534 Started database query for table users
2019-02-13T15:33:44.038472 Completed database query for table users
2019-02-13T15:33:43.234543 Received request from 102.23.55.32 for /example
2019-02-13T15:33:44.726534 Started database query for table users
2019-02-13T15:33:44.038472 Completed database query for table users
2019-02-13T15:33:43.234543 Received request from 102.23.55.32 for /example
2019-02-13T15:33:44.726534 Started database query for table users
2019-02-13T15:33:44.038472 Completed database query for table users
2019-02-13T15:33:43.234543 Received request from 102.23.55.32 for /example
2006-02-13T15:33:44.726534 Started database query for table users
2019-02-13T15:33:44.038472 Completed database query for table users
2019-02-13T15:33:43.234543 Received request from 102.23.55.32 for /example
2009-02-13T15:33:44.726534 Started database query for table users
2019-02-13T15:33:44.038472 Completed database query for table users
2019-02-13T15:33:43.234543 Received request from 102.23.55.32 for /example
2018-02-13T15:33:44.726534 Started database query for table users
2019-02-13T15:33:44.038472 Completed database query for table users
2019-02-13T15:33:43.234543 Received request from 102.23.55.32 for /example
2012-02-13T15:33:44.726534 Started database query for table users
2019-02-13T15:33:44.038472 Completed database query for table users
2019-02-13T15:33:43.234543 Received request from 102.23.55.32 for /example
2019-02-13T15:33:44.726534 Started database query for table users
2019-02-13T15:33:44.038472 Completed database query for table users
2015-02-13T15:33:43.234543 Received request from 102.23.55.32 for /example
2019-02-13T15:33:44.726534 Started database query for table users
2019-02-13T15:33:44.038472 Completed database query for table users
2019-02-13T15:33:43.234543 Received request from 102.23.55.32 for /example
2019-02-13T15:33:44.726534 Started database query for table users
2019-02-13T15:33:44.038472 Completed database query for table users
2019-02-13T15:33:43.234543 Received request from 102.23.55.32 for /example
2019-02-13T15:33:44.726534 Started database query for table users
2019-02-13T15:33:44.038472 Completed database query for table users
2019-02-13T15:33:43.234543 Received request from 102.23.55.32 for /example
2019-02-13T15:33:44.726534 Started database query for table users
2019-02-13T15:33:44.038472 Completed database query for table users
2019-02-13T15:33:43.234543 Received request from 102.23.55.32 for /example
2019-02-13T15:33:44.726534 Started database query for table users
2019-02-13T15:33:44.038472 Completed database query for table users
2019-02-13T15:33:43.234543 Received request from 102.23.55.32 for /example
2019-02-13T15:33:44.726534 Started database query for table users
2019-02-13T15:33:44.038472 Completed database query for table users
2019-02-13T15:33:43.234543 Received request from 102.23.55.32 for /example
2019-02-13T15:33:44.726534 Started database query for table users
2019-02-13T15:33:44.038472 Completed database query for table users
2019-02-13T15:33:43.234543 Received request from 102.23.55.32 for /example
2019-02-13T15:33:44.726534 Started database query for table users
2019-02-13T15:33:44.038472 Completed database query for table users
2019-02-13T15:33:43.234543 Received request from 102.23.55.32 for /example
2006-02-13T15:33:44.726534 Started database query for table users
2019-02-13T15:33:44.038472 Completed database query for table users
2019-02-13T15:33:43.234543 Received request from 102.23.55.32 for /example
2009-02-13T15:33:44.726534 Started database query for table users
2019-02-13T15:33:44.038472 Completed database query for table users
2019-02-13T15:33:43.234543 Received request from 102.23.55.32 for /example
2018-02-13T15:33:44.726534 Started database query for table users
2019-02-13T15:33:44.038472 Completed database query for table users
2019-02-13T15:33:43.234543 Received request from 102.23.55.32 for /example
2012-02-13T15:33:44.726534 Started database query for table users
2019-02-13T15:33:44.038472 Completed database query for table users
2019-02-13T15:33:43.234543 Received request from 102.23.55.32 for /example
2019-02-13T15:33:44.726534 Started database query for table users
2019-02-13T15:33:44.038472 Completed database query for table users
2015-02-13T15:33:43.234543 Received request from 102.23.55.32 for /example
2019-02-13T15:33:44.726534 Started database query for table users
2019-02-13T15:33:44.038472 Completed database query for table users
2019-02-13T15:33:43.234543 Received request from 102.23.55.32 for /example
2019-02-13T15:33:44.726534 Started database query for table users
2019-02-13T15:33:44.038472 Completed database query for table users
2019-02-13T15:33:43.234543 Received request from 102.23.55.32 for /example
2019-02-13T15:33:44.726534 Started database query for table users
2019-02-13T15:33:44.038472 Completed database query for table users
2019-02-13T15:33:43.234543 Received request from 102.23.55.32 for /example
2019-02-13T15:33:44.726534 Started database query for table users
2019-02-13T15:33:44.038472 Completed database query for table users
2019-02-13T15:33:43.234543 Received request from 102.23.55.32 for /example
2019-02-13T15:33:44.726534 Started database query for table users
2019-02-13T15:33:44.038472 Completed database query for table users
2019-02-13T15:33:43.234543 Received request from 102.23.55.32 for /example
2019-02-13T15:33:44.726534 Started database query for table users
2019-02-13T15:33:44.038472 Completed database query for table users
2019-02-13T15:33:43.234543 Received request from 102.23.55.32 for /example
2019-02-13T15:33:44.726534 Started database query for table users
2019-02-13T15:33:44.038472 Completed database query for table users
2019-02-13T15:33:43.234543 Received request from 102.23.55.32 for /example
2019-02-13T15:33:44.726534 Started database query for table users
2019-02-13T15:33:44.038472 Completed database query for table users
2019-02-13T15:33:43.234543 Received request from 102.23.55.32 for /example
2006-02-13T15:33:44.726534 Started database query for table users
2019-02-13T15:33:44.038472 Completed database query for table users
2019-02-13T15:33:43.234543 Received request from 102.23.55.32 for /example
2009-02-13T15:33:44.726534 Started database query for table users
2019-02-13T15:33:44.038472 Completed database query for table users
2019-02-13T15:33:43.234543 Received request from 102.23.55.32 for /example
2018-02-13T15:33:44.726534 Started database query for table users
2019-02-13T15:33:44.038472 Completed database query for table users
2019-02-13T15:33:43.234543 Received request from 102.23.55.32 for /example
2012-02-13T15:33:44.726534 Started database query for table users
2019-02-13T15:33:44.038472 Completed database query for table users
2019-02-13T15:33:43.234543 Received request from 102.23.55.32 for /example
2019-02-13T15:33:44.726534 Started database query for table users
2019-02-13T15:33:44.038472 Completed database query for table users
2015-02-13T15:33:43.234543 Received request from 102.23.55.32 for /example
2019-02-13T15:33:44.726534 Started database query for table users
2019-02-13T15:33:44.038472 Completed database query for table users
2019-02-13T15:33:43.234543 Received request from 102.23.55.32 for /example
2019-02-13T15:33:44.726534 Started database query for table users
2019-02-13T15:33:44.038472 Completed database query for table users
2019-02-13T15:33:43.234543 Received request from 102.23.55.32 for /example
2019-02-13T15:33:44.726534 Started database query for table users
2019-02-13T15:33:44.038472 Completed database query for table users
2019-02-13T15:33:43.234543 Received request from 102.23.55.32 for /example
2019-02-13T15:33:44.726534 Started database query for table users
2019-02-13T15:33:44.038472 Completed database query for table users
2019-02-13T15:33:43.234543 Received request from 102.23.55.32 for /example
2019-02-13T15:33:44.726534 Started database query for table users
2019-02-13T15:33:44.038472 Completed database query for table users
2019-02-13T15:33:43.234543 Received request from 102.23.55.32 for /example
2019-02-13T15:33:44.726534 Started database query for table users
2019-02-13T15:33:44.038472 Completed database query for table users
2019-02-13T15:33:43.234543 Received request from 102.23.55.32 for /example
2019-02-13T15:33:44.726534 Started database query for table users
2019-02-13T15:33:44.038472 Completed database query for table users
2019-02-13T15:33:43.234543 Received request from 102.23.55.32 for /example
2019-02-13T15:33:44.726534 Started database query for table users
2019-02-13T15:33:44.038472 Completed database query for table users
2019-02-13T15:33:43.234543 Received request from 102.23.55.32 for /example
2006-02-13T15:33:44.726534 Started database query for table users
2019-02-13T15:33:44.038472 Completed database query for table users
2019-02-13T15:33:43.234543 Received request from 102.23.55.32 for /example
2009-02-13T15:33:44.726534 Started database query for table users
2019-02-13T15:33:44.038472 Completed database query for table users
2019-02-13T15:33:43.234543 Received request from 102.23.55.32 for /example
2018-02-13T15:33:44.726534 Started database query for table users
2019-02-13T15:33:44.038472 Completed database query for table users
2019-02-13T15:33:43.234543 Received request from 102.23.55.32 for /example
2012-02-13T15:33:44.726534 Started database query for table users
2019-02-13T15:33:44.038472 Completed database query for table users
2019-02-13T15:33:43.234543 Received request from 102.23.55.32 for /example
2019-02-13T15:33:44.726534 Started database query for table users
2019-02-13T15:33:44.038472 Completed database query for table users
2015-02-13T15:33:43.234543 Received request from 102.23.55.32 for /example
2019-02-13T15:33:44.726534 Started database query for table users
2019-02-13T15:33:44.038472 Completed database query for table users
2019-02-13T15:33:43.234543 Received request from 102.23.55.32 for /example
2019-02-13T15:33:44.726534 Started database query for table users
2019-02-13T15:33:44.038472 Completed database query for table users
2019-02-13T15:33:43.234543 Received request from 102.23.55.32 for /example
2019-02-13T15:33:44.726534 Started database query for table users
2019-02-13T15:33:44.038472 Completed database query for table users
2019-02-13T15:33:43.234543 Received request from 102.23.55.32 for /example
2019-02-13T15:33:44.726534 Started database query for table users
2019-02-13T15:33:44.038472 Completed database query for table users
2019-02-13T15:33:43.234543 Received request from 102.23.55.32 for /example
2019-02-13T15:33:44.726534 Started database query for table users
2019-02-13T15:33:44.038472 Completed database query for table users
2019-02-13T15:33:43.234543 Received request from 102.23.55.32 for /example
2019-02-13T15:33:44.726534 Started database query for table users
2019-02-13T15:33:44.038472 Completed database query for table users
2019-02-13T15:33:43.234543 Received request from 102.23.55.32 for /example
2019-02-13T15:33:44.726534 Started database query for table users
2019-02-13T15:33:44.038472 Completed database query for table users
2019-02-13T15:33:43.234543 Received request from 102.23.55.32 for /example
2019-02-13T15:33:44.726534 Started database query for table users
2019-02-13T15:33:44.038472 Completed database query for table users
2019-02-13T15:33:43.234543 Received request from 102.23.55.32 for /example
2006-02-13T15:33:44.726534 Started database query for table users
2019-02-13T15:33:44.038472 Completed database query for table users
2019-02-13T15:33:43.234543 Received request from 102.23.55.32 for /example
2009-02-13T15:33:44.726534 Started database query for table users
2019-02-13T15:33:44.038472 Completed database query for table users
2019-02-13T15:33:43.234543 Received request from 102.23.55.32 for /example
2018-02-13T15:33:44.726534 Started database query for table users
2019-02-13T15:33:44.038472 Completed database query for table users
2019-02-13T15:33:43.234543 Received request from 102.23.55.32 for /example
2012-02-13T15:33:44.726534 Started database query for table users
2019-02-13T15:33:44.038472 Completed database query for table users
2019-02-13T15:33:43.234543 Received request from 102.23.55.32 for /example
2019-02-13T15:33:44.726534 Started database query for table users
2019-02-13T15:33:44.038472 Completed database query for table users
2015-02-13T15:33:43.234543 Received request from 102.23.55.32 for /example
2019-02-13T15:33:44.726534 Started database query for table users
2019-02-13T15:33:44.038472 Completed database query for table users
2019-02-13T15:33:43.234543 Received request from 102.23.55.32 for /example
2019-02-13T15:33:44.726534 Started database query for table users
2019-02-13T15:33:44.038472 Completed database query for table users
2019-02-13T15:33:43.234543 Received request from 102.23.55.32 for /example
2019-02-13T15:33:44.726534 Started database query for table users
2019-02-13T15:33:44.038472 Completed database query for table users
2019-02-13T15:33:43.234543 Received request from 102.23.55.32 for /example
2019-02-13T15:33:44.726534 Started database query for table users
2019-02-13T15:33:44.038472 Completed database query for table users
2019-02-13T15:33:43.234543 Received request from 102.23.55.32 for /example
2019-02-13T15:33:44.726534 Started database query for table users
2019-02-13T15:33:44.038472 Completed database query for table users
2019-02-13T15:33:43.234543 Received request from 102.23.55.32 for /example
2019-02-13T15:33:44.726534 Started database query for table users
2019-02-13T15:33:44.038472 Completed database query for table users
2019-02-13T15:33:43.234543 Received request from 102.23.55.32 for /example
2019-02-13T15:33:44.726534 Started database query for table users
2019-02-13T15:33:44.038472 Completed database query for table users
2019-02-13T15:33:43.234543 Received request from 102.23.55.32 for /example
2019-02-13T15:33:44.726534 Started database query for table users
2019-02-13T15:33:44.038472 Completed database query for table users
2019-02-13T15:33:43.234543 Received request from 102.23.55.32 for /example
2006-02-13T15:33:44.726534 Started database query for table users
2019-02-13T15:33:44.038472 Completed database query for table users
2019-02-13T15:33:43.234543 Received request from 102.23.55.32 for /example
2009-02-13T15:33:44.726534 Started database query for table users
2019-02-13T15:33:44.038472 Completed database query for table users
2019-02-13T15:33:43.234543 Received request from 102.23.55.32 for /example
2018-02-13T15:33:44.726534 Started database query for table users
2019-02-13T15:33:44.038472 Completed database query for table users
2019-02-13T15:33:43.234543 Received request from 102.23.55.32 for /example
2012-02-13T15:33:44.726534 Started database query for table users
2019-02-13T15:33:44.038472 Completed database query for table users
2019-02-13T15:33:43.234543 Received request from 102.23.55.32 for /example
2019-02-13T15:33:44.726534 Started database query for table users
2019-02-13T15:33:44.038472 Completed database query for table users
2015-02-13T15:33:43.234543 Received request from 102.23.55.32 for /example
2019-02-13T15:33:44.726534 Started database query for table users
2019-02-13T15:33:44.038472 Completed database query for table users
2019-02-13T15:33:43.234543 Received request from 102.23.55.32 for /example
2019-02-13T15:33:44.726534 Started database query for table users
2019-02-13T15:33:44.038472 Completed database query for table users
2019-02-13T15:33:43.234543 Received request from 102.23.55.32 for /example
2019-02-13T15:33:44.726534 Started database query for table users
2019-02-13T15:33:44.038472 Completed database query for table users
2019-02-13T15:33:43.234543 Received request from 102.23.55.32 for /example
2019-02-13T15:33:44.726534 Started database query for table users
2019-02-13T15:33:44.038472 Completed database query for table users
2019-02-13T15:33:43.234543 Received request from 102.23.55.32 for /example
2019-02-13T15:33:44.726534 Started database query for table users
2019-02-13T15:33:44.038472 Completed database query for table users
2019-02-13T15:33:43.234543 Received request from 102.23.55.32 for /example
2019-02-13T15:33:44.726534 Started database query for table users
2019-02-13T15:33:44.038472 Completed database query for table users
2019-02-13T15:33:43.234543 Received request from 102.23.55.32 for /example
2019-02-13T15:33:44.726534 Started database query for table users
2019-02-13T15:33:44.038472 Completed database query for table users
2019-02-13T15:33:43.234543 Received request from 102.23.55.32 for /example
2019-02-13T15:33:44.726534 Started database query for table users
2019-02-13T15:33:44.038472 Completed database query for table users
2019-02-13T15:33:43.234543 Received request from 102.23.55.32 for /example
2006-02-13T15:33:44.726534 Started database query for table users
2019-02-13T15:33:44.038472 Completed database query for table users
2019-02-13T15:33:43.234543 Received request from 102.23.55.32 for /example
2009-02-13T15:33:44.726534 Started database query for table users
2019-02-13T15:33:44.038472 Completed database query for table users
2019-02-13T15:33:43.234543 Received request from 102.23.55.32 for /example
2018-02-13T15:33:44.726534 Started database query for table users
2019-02-13T15:33:44.038472 Completed database query for table users
2019-02-13T15:33:43.234543 Received request from 102.23.55.32 for /example
2012-02-13T15:33:44.726534 Started database query for table users
2019-02-13T15:33:44.038472 Completed database query for table users
2019-02-13T15:33:43.234543 Received request from 102.23.55.32 for /example
2019-02-13T15:33:44.726534 Started database query for table users
2019-02-13T15:33:44.038472 Completed database query for table users
2015-02-13T15:33:43.234543 Received request from 102.23.55.32 for /example
2019-02-13T15:33:44.726534 Started database query for table users
2019-02-13T15:33:44.038472 Completed database query for table users
2019-02-13T15:33:43.234543 Received request from 102.23.55.32 for /example
2019-02-13T15:33:44.726534 Started database query for table users
2019-02-13T15:33:44.038472 Completed database query for table users
2019-02-13T15:33:43.234543 Received request from 102.23.55.32 for /example
2019-02-13T15:33:44.726534 Started database query for table users
2019-02-13T15:33:44.038472 Completed database query for table users
2019-02-13T15:33:43.234543 Received request from 102.23.55.32 for /example
2019-02-13T15:33:44.726534 Started database query for table users
2019-02-13T15:33:44.038472 Completed database query for table users
2019-02-13T15:33:43.234543 Received request from 102.23.55.32 for /example
2019-02-13T15:33:44.726534 Started database query for table users
2019-02-13T15:33:44.038472 Completed database query for table users
2019-02-13T15:33:43.234543 Received request from 102.23.55.32 for /example
2019-02-13T15:33:44.726534 Started database query for table users
2019-02-13T15:33:44.038472 Completed database query for table users
2019-02-13T15:33:43.234543 Received request from 102.23.55.32 for /example
2019-02-13T15:33:44.726534 Started database query for table users
2019-02-13T15:33:44.038472 Completed database query for table users
2019-02-13T15:33:43.234543 Received request from 102.23.55.32 for /example
2019-02-13T15:33:44.726534 Started database query for table users
2019-02-13T15:33:44.038472 Completed database query for table users
2019-02-13T15:33:43.234543 Received request from 102.23.55.32 for /example
2006-02-13T15:33:44.726534 Started database query for table users
2019-02-13T15:33:44.038472 Completed database query for table users
2019-02-13T15:33:43.234543 Received request from 102.23.55.32 for /example
2009-02-13T15:33:44.726534 Started database query for table users
2019-02-13T15:33:44.038472 Completed database query for table users
2019-02-13T15:33:43.234543 Received request from 102.23.55.32 for /example
2018-02-13T15:33:44.726534 Started database query for table users
2019-02-13T15:33:44.038472 Completed database query for table users
2019-02-13T15:33:43.234543 Received request from 102.23.55.32 for /example
2012-02-13T15:33:44.726534 Started database query for table users
2019-02-13T15:33:44.038472 Completed database query for table users
2019-02-13T15:33:43.234543 Received request from 102.23.55.32 for /example
2019-02-13T15:33:44.726534 Started database query for table users
2019-02-13T15:33:44.038472 Completed database query for table users
2015-02-13T15:33:43.234543 Received request from 102.23.55.32 for /example
2019-02-13T15:33:44.726534 Started database query for table users
2019-02-13T15:33:44.038472 Completed database query for table users
2019-02-13T15:33:43.234543 Received request from 102.23.55.32 for /example
2019-02-13T15:33:44.726534 Started database query for table users
2019-02-13T15:33:44.038472 Completed database query for table users
2019-02-13T15:33:43.234543 Received request from 102.23.55.32 for /example
2019-02-13T15:33:44.726534 Started database query for table users
2019-02-13T15:33:44.038472 Completed database query for table users
2019-02-13T15:33:43.234543 Received request from 102.23.55.32 for /example
2019-02-13T15:33:44.726534 Started database query for table users
2019-02-13T15:33:44.038472 Completed database query for table users
2019-02-13T15:33:43.234543 Received request from 102.23.55.32 for /example
2019-02-13T15:33:44.726534 Started database query for table users
2019-02-13T15:33:44.038472 Completed database query for table users
2019-02-13T15:33:43.234543 Received request from 102.23.55.32 for /example
2019-02-13T15:33:44.726534 Started database query for table users
2019-02-13T15:33:44.038472 Completed database query for table users
2019-02-13T15:33:43.234543 Received request from 102.23.55.32 for /example
2019-02-13T15:33:44.726534 Started database query for table users
2019-02-13T15:33:44.038472 Completed database query for table users
2019-02-13T15:33:43.234543 Received request from 102.23.55.32 for /example
2019-02-13T15:33:44.726534 Started database query for table users
2019-02-13T15:33:44.038472 Completed database query for table users
2019-02-13T15:33:43.234543 Received request from 102.23.55.32 for /example
2006-02-13T15:33:44.726534 Started database query for table users
2019-02-13T15:33:44.038472 Completed database query for table users
2019-02-13T15:33:43.234543 Received request from 102.23.55.32 for /example
2009-02-13T15:33:44.726534 Started database query for table users
2019-02-13T15:33:44.038472 Completed database query for table users
2019-02-13T15:33:43.234543 Received request from 102.23.55.32 for /example
2018-02-13T15:33:44.726534 Started database query for table users
2019-02-13T15:33:44.038472 Completed database query for table users
2019-02-13T15:33:43.234543 Received request from 102.23.55.32 for /example
2012-02-13T15:33:44.726534 Started database query for table users
2019-02-13T15:33:44.038472 Completed database query for table users
2019-02-13T15:33:43.234543 Received request from 102.23.55.32 for /example
2019-02-13T15:33:44.726534 Started database query for table users
2019-02-13T15:33:44.038472 Completed database query for table users
2015-02-13T15:33:43.234543 Received request from 102.23.55.32 for /example
2019-02-13T15:33:44.726534 Started database query for table users
2019-02-13T15:33:44.038472 Completed database query for table users
2019-02-13T15:33:43.234543 Received request from 102.23.55.32 for /example
2019-02-13T15:33:44.726534 Started database query for table users
2019-02-13T15:33:44.038472 Completed database query for table users
2019-02-13T15:33:43.234543 Received request from 102.23.55.32 for /example
2019-02-13T15:33:44.726534 Started database query for table users
2019-02-13T15:33:44.038472 Completed database query for table users
2019-02-13T15:33:43.234543 Received request from 102.23.55.32 for /example
2019-02-13T15:33:44.726534 Started database query for table users
2019-02-13T15:33:44.038472 Completed database query for table users
2019-02-13T15:33:43.234543 Received request from 102.23.55.32 for /example
2019-02-13T15:33:44.726534 Started database query for table users
2019-02-13T15:33:44.038472 Completed database query for table users
2019-02-13T15:33:43.234543 Received request from 102.23.55.32 for /example
2019-02-13T15:33:44.726534 Started database query for table users
2019-02-13T15:33:44.038472 Completed database query for table users
2019-02-13T15:33:43.234543 Received request from 102.23.55.32 for /example
2019-02-13T15:33:44.726534 Started database query for table users
2019-02-13T15:33:44.038472 Completed database query for table users
2019-02-13T15:33:43.234543 Received request from 102.23.55.32 for /example
2019-02-13T15:33:44.726534 Started database query for table users
2019-02-13T15:33:44.038472 Completed database query for table users
2019-02-13T15:33:43.234543 Received request from 102.23.55.32 for /example
2006-02-13T15:33:44.726534 Started database query for table users
2019-02-13T15:33:44.038472 Completed database query for table users
2019-02-13T15:33:43.234543 Received request from 102.23.55.32 for /example
2009-02-13T15:33:44.726534 Started database query for table users
2019-02-13T15:33:44.038472 Completed database query for table users
2019-02-13T15:33:43.234543 Received request from 102.23.55.32 for /example
2018-02-13T15:33:44.726534 Started database query for table users
2019-02-13T15:33:44.038472 Completed database query for table users
2019-02-13T15:33:43.234543 Received request from 102.23.55.32 for /example
2012-02-13T15:33:44.726534 Started database query for table users
2019-02-13T15:33:44.038472 Completed database query for table users
2019-02-13T15:33:43.234543 Received request from 102.23.55.32 for /example
2019-02-13T15:33:44.726534 Started database query for table users
2019-02-13T15:33:44.038472 Completed database query for table users
2015-02-13T15:33:43.234543 Received request from 102.23.55.32 for /example
2019-02-13T15:33:44.726534 Started database query for table users
2019-02-13T15:33:44.038472 Completed database query for table users
2019-02-13T15:33:43.234543 Received request from 102.23.55.32 for /example
2019-02-13T15:33:44.726534 Started database query for table users
2019-02-13T15:33:44.038472 Completed database query for table users
2019-02-13T15:33:43.234543 Received request from 102.23.55.32 for /example
2019-02-13T15:33:44.726534 Started database query for table users
2019-02-13T15:33:44.038472 Completed database query for table users
2019-02-13T15:33:43.234543 Received request from 102.23.55.32 for /example
2019-02-13T15:33:44.726534 Started database query for table users
2019-02-13T15:33:44.038472 Completed database query for table users
2019-02-13T15:33:43.234543 Received request from 102.23.55.32 for /example
2019-02-13T15:33:44.726534 Started database query for table users
2019-02-13T15:33:44.038472 Completed database query for table users
2019-02-13T15:33:43.234543 Received request from 102.23.55.32 for /example
2019-02-13T15:33:44.726534 Started database query for table users
2019-02-13T15:33:44.038472 Completed database query for table users
2019-02-13T15:33:43.234543 Received request from 102.23.55.32 for /example
2019-02-13T15:33:44.726534 Started database query for table users
2019-02-13T15:33:44.038472 Completed database query for table users
2019-02-13T15:33:43.234543 Received request from 102.23.55.32 for /example
2019-02-13T15:33:44.726534 Started database query for table users
2019-02-13T15:33:44.038472 Completed database query for table users
2019-02-13T15:33:43.234543 Received request from 102.23.55.32 for /example
2006-02-13T15:33:44.726534 Started database query for table users
2019-02-13T15:33:44.038472 Completed database query for table users
2019-02-13T15:33:43.234543 Received request from 102.23.55.32 for /example
2009-02-13T15:33:44.726534 Started database query for table users
2019-02-13T15:33:44.038472 Completed database query for table users
2019-02-13T15:33:43.234543 Received request from 102.23.55.32 for /example
2018-02-13T15:33:44.726534 Started database query for table users
2019-02-13T15:33:44.038472 Completed database query for table users
2019-02-13T15:33:43.234543 Received request from 102.23.55.32 for /example
2012-02-13T15:33:44.726534 Started database query for table users
2019-02-13T15:33:44.038472 Completed database query for table users
2019-02-13T15:33:43.234543 Received request from 102.23.55.32 for /example
2019-02-13T15:33:44.726534 Started database query for table users
2019-02-13T15:33:44.038472 Completed database query for table users
2015-02-13T15:33:43.234543 Received request from 102.23.55.32 for /example
2019-02-13T15:33:44.726534 Started database query for table users
2019-02-13T15:33:44.038472 Completed database query for table users
2019-02-13T15:33:43.234543 Received request from 102.23.55.32 for /example
2019-02-13T15:33:44.726534 Started database query for table users
2019-02-13T15:33:44.038472 Completed database query for table users
2019-02-13T15:33:43.234543 Received request from 102.23.55.32 for /example
2019-02-13T15:33:44.726534 Started database query for table users
2019-02-13T15:33:44.038472 Completed database query for table users
2019-02-13T15:33:43.234543 Received request from 102.23.55.32 for /example
2019-02-13T15:33:44.726534 Started database query for table users
2019-02-13T15:33:44.038472 Completed database query for table users
2019-02-13T15:33:43.234543 Received request from 102.23.55.32 for /example
2019-02-13T15:33:44.726534 Started database query for table users
2019-02-13T15:33:44.038472 Completed database query for table users
2019-02-13T15:33:43.234543 Received request from 102.23.55.32 for /example
2019-02-13T15:33:44.726534 Started database query for table users
2019-02-13T15:33:44.038472 Completed database query for table users
2019-02-13T15:33:43.234543 Received request from 102.23.55.32 for /example
2019-02-13T15:33:44.726534 Started database query for table users
2019-02-13T15:33:44.038472 Completed database query for table users
2019-02-13T15:33:43.234543 Received request from 102.23.55.32 for /example
2019-02-13T15:33:44.726534 Started database query for table users
2019-02-13T15:33:44.038472 Completed database query for table users
2019-02-13T15:33:43.234543 Received request from 102.23.55.32 for /example
2006-02-13T15:33:44.726534 Started database query for table users
2019-02-13T15:33:44.038472 Completed database query for table users
2019-02-13T15:33:43.234543 Received request from 102.23.55.32 for /example
2009-02-13T15:33:44.726534 Started database query for table users
2019-02-13T15:33:44.038472 Completed database query for table users
2019-02-13T15:33:43.234543 Received request from 102.23.55.32 for /example
2018-02-13T15:33:44.726534 Started database query for table users
2019-02-13T15:33:44.038472 Completed database query for table users
2019-02-13T15:33:43.234543 Received request from 102.23.55.32 for /example
2012-02-13T15:33:44.726534 Started database query for table users
2019-02-13T15:33:44.038472 Completed database query for table users
2019-02-13T15:33:43.234543 Received request from 102.23.55.32 for /example
2019-02-13T15:33:44.726534 Started database query for table users
2019-02-13T15:33:44.038472 Completed database query for table users
2015-02-13T15:33:43.234543 Received request from 102.23.55.32 for /example
2019-02-13T15:33:44.726534 Started database query for table users
2019-02-13T15:33:44.038472 Completed database query for table users
2019-02-13T15:33:43.234543 Received request from 102.23.55.32 for /example
2019-02-13T15:33:44.726534 Started database query for table users
2019-02-13T15:33:44.038472 Completed database query for table users
2019-02-13T15:33:43.234543 Received request from 102.23.55.32 for /example
2019-02-13T15:33:44.726534 Started database query for table users
2019-02-13T15:33:44.038472 Completed database query for table users
2019-02-13T15:33:43.234543 Received request from 102.23.55.32 for /example
2019-02-13T15:33:44.726534 Started database query for table users
2019-02-13T15:33:44.038472 Completed database query for table users
2019-02-13T15:33:43.234543 Received request from 102.23.55.32 for /example
2019-02-13T15:33:44.726534 Started database query for table users
2019-02-13T15:33:44.038472 Completed database query for table users
2019-02-13T15:33:43.234543 Received request from 102.23.55.32 for /example
2019-02-13T15:33:44.726534 Started database query for table users
2019-02-13T15:33:44.038472 Completed database query for table users
2019-02-13T15:33:43.234543 Received request from 102.23.55.32 for /example
2019-02-13T15:33:44.726534 Started database query for table users
2019-02-13T15:33:44.038472 Completed database query for table users
2019-02-13T15:33:43.234543 Received request from 102.23.55.32 for /example
2019-02-13T15:33:44.726534 Started database query for table users
2019-02-13T15:33:44.038472 Completed database query for table users
2019-02-13T15:33:43.234543 Received request from 102.23.55.32 for /example
2006-02-13T15:33:44.726534 Started database query for table users
2019-02-13T15:33:44.038472 Completed database query for table users
2019-02-13T15:33:43.234543 Received request from 102.23.55.32 for /example
2009-02-13T15:33:44.726534 Started database query for table users
2019-02-13T15:33:44.038472 Completed database query for table users
2019-02-13T15:33:43.234543 Received request from 102.23.55.32 for /example
2018-02-13T15:33:44.726534 Started database query for table users
2019-02-13T15:33:44.038472 Completed database query for table users
2019-02-13T15:33:43.234543 Received request from 102.23.55.32 for /example
2012-02-13T15:33:44.726534 Started database query for table users
2019-02-13T15:33:44.038472 Completed database query for table users
2019-02-13T15:33:43.234543 Received request from 102.23.55.32 for /example
2019-02-13T15:33:44.726534 Started database query for table users
2019-02-13T15:33:44.038472 Completed database query for table users
2015-02-13T15:33:43.234543 Received request from 102.23.55.32 for /example
2019-02-13T15:33:44.726534 Started database query for table users
2019-02-13T15:33:44.038472 Completed database query for table users
2019-02-13T15:33:43.234543 Received request from 102.23.55.32 for /example
2019-02-13T15:33:44.726534 Started database query for table users
2019-02-13T15:33:44.038472 Completed database query for table users
2019-02-13T15:33:43.234543 Received request from 102.23.55.32 for /example
2019-02-13T15:33:44.726534 Started database query for table users
2019-02-13T15:33:44.038472 Completed database query for table users
2019-02-13T15:33:43.234543 Received request from 102.23.55.32 for /example
2019-02-13T15:33:44.726534 Started database query for table users
2019-02-13T15:33:44.038472 Completed database query for table users
2019-02-13T15:33:43.234543 Received request from 102.23.55.32 for /example
2019-02-13T15:33:44.726534 Started database query for table users
2019-02-13T15:33:44.038472 Completed database query for table users
2019-02-13T15:33:43.234543 Received request from 102.23.55.32 for /example
2019-02-13T15:33:44.726534 Started database query for table users
2019-02-13T15:33:44.038472 Completed database query for table users
2019-02-13T15:33:43.234543 Received request from 102.23.55.32 for /example
2019-02-13T15:33:44.726534 Started database query for table users
2019-02-13T15:33:44.038472 Completed database query for table users
2019-02-13T15:33:43.234543 Received request from 102.23.55.32 for /example
2019-02-13T15:33:44.726534 Started database query for table users
2019-02-13T15:33:44.038472 Completed database query for table users
2019-02-13T15:33:43.234543 Received request from 102.23.55.32 for /example
2006-02-13T15:33:44.726534 Started database query for table users
2019-02-13T15:33:44.038472 Completed database query for table users
2019-02-13T15:33:43.234543 Received request from 102.23.55.32 for /example
2009-02-13T15:33:44.726534 Started database query for table users
2019-02-13T15:33:44.038472 Completed database query for table users
2019-02-13T15:33:43.234543 Received request from 102.23.55.32 for /example
2018-02-13T15:33:44.726534 Started database query for table users
2019-02-13T15:33:44.038472 Completed database query for table users
2019-02-13T15:33:43.234543 Received request from 102.23.55.32 for /example
2012-02-13T15:33:44.726534 Started database query for table users
2019-02-13T15:33:44.038472 Completed database query for table users
2019-02-13T15:33:43.234543 Received request from 102.23.55.32 for /example
2019-02-13T15:33:44.726534 Started database query for table users
2019-02-13T15:33:44.038472 Completed database query for table users
2015-02-13T15:33:43.234543 Received request from 102.23.55.32 for /example
2019-02-13T15:33:44.726534 Started database query for table users
2019-02-13T15:33:44.038472 Completed database query for table users
2019-02-13T15:33:43.234543 Received request from 102.23.55.32 for /example
2019-02-13T15:33:44.726534 Started database query for table users
2019-02-13T15:33:44.038472 Completed database query for table users
2019-02-13T15:33:43.234543 Received request from 102.23.55.32 for /example
2019-02-13T15:33:44.726534 Started database query for table users
2019-02-13T15:33:44.038472 Completed database query for table users
2019-02-13T15:33:43.234543 Received request from 102.23.55.32 for /example
2019-02-13T15:33:44.726534 Started database query for table users
2019-02-13T15:33:44.038472 Completed database query for table users
2019-02-13T15:33:43.234543 Received request from 102.23.55.32 for /example
2019-02-13T15:33:44.726534 Started database query for table users
2019-02-13T15:33:44.038472 Completed database query for table users
2019-02-13T15:33:43.234543 Received request from 102.23.55.32 for /example
2019-02-13T15:33:44.726534 Started database query for table users
2019-02-13T15:33:44.038472 Completed database query for table users
2019-02-13T15:33:43.234543 Received request from 102.23.55.32 for /example
2019-02-13T15:33:44.726534 Started database query for table users
2019-02-13T15:33:44.038472 Completed database query for table users
2019-02-13T15:33:43.234543 Received request from 102.23.55.32 for /example
2019-02-13T15:33:44.726534 Started database query for table users
2019-02-13T15:33:44.038472 Completed database query for table users
2019-02-13T15:33:43.234543 Received request from 102.23.55.32 for /example
2006-02-13T15:33:44.726534 Started database query for table users
2019-02-13T15:33:44.038472 Completed database query for table users
2019-02-13T15:33:43.234543 Received request from 102.23.55.32 for /example
2009-02-13T15:33:44.726534 Started database query for table users
2019-02-13T15:33:44.038472 Completed database query for table users
2019-02-13T15:33:43.234543 Received request from 102.23.55.32 for /example
2018-02-13T15:33:44.726534 Started database query for table users
2019-02-13T15:33:44.038472 Completed database query for table users
2019-02-13T15:33:43.234543 Received request from 102.23.55.32 for /example
2012-02-13T15:33:44.726534 Started database query for table users
2019-02-13T15:33:44.038472 Completed database query for table users
2019-02-13T15:33:43.234543 Received request from 102.23.55.32 for /example
2019-02-13T15:33:44.726534 Started database query for table users
2019-02-13T15:33:44.038472 Completed database query for table users
2015-02-13T15:33:43.234543 Received request from 102.23.55.32 for /example
2019-02-13T15:33:44.726534 Started database query for table users
2019-02-13T15:33:44.038472 Completed database query for table users
2019-02-13T15:33:43.234543 Received request from 102.23.55.32 for /example
2019-02-13T15:33:44.726534 Started database query for table users
2019-02-13T15:33:44.038472 Completed database query for table users
2019-02-13T15:33:43.234543 Received request from 102.23.55.32 for /example
2019-02-13T15:33:44.726534 Started database query for table users
2019-02-13T15:33:44.038472 Completed database query for table users
2019-02-13T15:33:43.234543 Received request from 102.23.55.32 for /example
2019-02-13T15:33:44.726534 Started database query for table users
2019-02-13T15:33:44.038472 Completed database query for table users
2019-02-13T15:33:43.234543 Received request from 102.23.55.32 for /example
2019-02-13T15:33:44.726534 Started database query for table users
2019-02-13T15:33:44.038472 Completed database query for table users
2019-02-13T15:33:43.234543 Received request from 102.23.55.32 for /example
2019-02-13T15:33:44.726534 Started database query for table users
2019-02-13T15:33:44.038472 Completed database query for table users
2019-02-13T15:33:43.234543 Received request from 102.23.55.32 for /example
2019-02-13T15:33:44.726534 Started database query for table users
2019-02-13T15:33:44.038472 Completed database query for table users
2019-02-13T15:33:43.234543 Received request from 102.23.55.32 for /example
2019-02-13T15:33:44.726534 Started database query for table users
2019-02-13T15:33:44.038472 Completed database query for table users
2019-02-13T15:33:43.234543 Received request from 102.23.55.32 for /example
2006-02-13T15:33:44.726534 Started database query for table users
2019-02-13T15:33:44.038472 Completed database query for table users
2019-02-13T15:33:43.234543 Received request from 102.23.55.32 for /example
2009-02-13T15:33:44.726534 Started database query for table users
2019-02-13T15:33:44.038472 Completed database query for table users
2019-02-13T15:33:43.234543 Received request from 102.23.55.32 for /example
2018-02-13T15:33:44.726534 Started database query for table users
2019-02-13T15:33:44.038472 Completed database query for table users
2019-02-13T15:33:43.234543 Received request from 102.23.55.32 for /example
2012-02-13T15:33:44.726534 Started database query for table users
2019-02-13T15:33:44.038472 Completed database query for table users
2019-02-13T15:33:43.234543 Received request from 102.23.55.32 for /example
2019-02-13T15:33:44.726534 Started database query for table users
2019-02-13T15:33:44.038472 Completed database query for table users
2015-02-13T15:33:43.234543 Received request from 102.23.55.32 for /example
2019-02-13T15:33:44.726534 Started database query for table users
2019-02-13T15:33:44.038472 Completed database query for table users
2019-02-13T15:33:43.234543 Received request from 102.23.55.32 for /example
2019-02-13T15:33:44.726534 Started database query for table users
2019-02-13T15:33:44.038472 Completed database query for table users
2019-02-13T15:33:43.234543 Received request from 102.23.55.32 for /example
2019-02-13T15:33:44.726534 Started database query for table users
2019-02-13T15:33:44.038472 Completed database query for table users
2019-02-13T15:33:43.234543 Received request from 102.23.55.32 for /example
2019-02-13T15:33:44.726534 Started database query for table users
2019-02-13T15:33:44.038472 Completed database query for table users
2019-02-13T15:33:43.234543 Received request from 102.23.55.32 for /example
2019-02-13T15:33:44.726534 Started database query for table users
2019-02-13T15:33:44.038472 Completed database query for table users
2019-02-13T15:33:43.234543 Received request from 102.23.55.32 for /example
2019-02-13T15:33:44.726534 Started database query for table users
2019-02-13T15:33:44.038472 Completed database query for table users
2019-02-13T15:33:43.234543 Received request from 102.23.55.32 for /example
2019-02-13T15:33:44.726534 Started database query for table users
2019-02-13T15:33:44.038472 Completed database query for table users
2019-02-13T15:33:43.234543 Received request from 102.23.55.32 for /example
2019-02-13T15:33:44.726534 Started database query for table users
2019-02-13T15:33:44.038472 Completed database query for table users
2019-02-13T15:33:43.234543 Received request from 102.23.55.32 for /example
2006-02-13T15:33:44.726534 Started database query for table users
2019-02-13T15:33:44.038472 Completed database query for table users
2019-02-13T15:33:43.234543 Received request from 102.23.55.32 for /example
2009-02-13T15:33:44.726534 Started database query for table users
2019-02-13T15:33:44.038472 Completed database query for table users
2019-02-13T15:33:43.234543 Received request from 102.23.55.32 for /example
2018-02-13T15:33:44.726534 Started database query for table users
2019-02-13T15:33:44.038472 Completed database query for table users
2019-02-13T15:33:43.234543 Received request from 102.23.55.32 for /example
2012-02-13T15:33:44.726534 Started database query for table users
2019-02-13T15:33:44.038472 Completed database query for table users
2019-02-13T15:33:43.234543 Received request from 102.23.55.32 for /example
2019-02-13T15:33:44.726534 Started database query for table users
2019-02-13T15:33:44.038472 Completed database query for table users
2015-02-13T15:33:43.234543 Received request from 102.23.55.32 for /example
2019-02-13T15:33:44.726534 Started database query for table users
2019-02-13T15:33:44.038472 Completed database query for table users
2019-02-13T15:33:43.234543 Received request from 102.23.55.32 for /example
2019-02-13T15:33:44.726534 Started database query for table users
2019-02-13T15:33:44.038472 Completed database query for table users
2019-02-13T15:33:43.234543 Received request from 102.23.55.32 for /example
2019-02-13T15:33:44.726534 Started database query for table users
2019-02-13T15:33:44.038472 Completed database query for table users
2019-02-13T15:33:43.234543 Received request from 102.23.55.32 for /example
2019-02-13T15:33:44.726534 Started database query for table users
2019-02-13T15:33:44.038472 Completed database query for table users
2019-02-13T15:33:43.234543 Received request from 102.23.55.32 for /example
2019-02-13T15:33:44.726534 Started database query for table users
2019-02-13T15:33:44.038472 Completed database query for table users
2019-02-13T15:33:43.234543 Received request from 102.23.55.32 for /example
2019-02-13T15:33:44.726534 Started database query for table users
2019-02-13T15:33:44.038472 Completed database query for table users
2019-02-13T15:33:43.234543 Received request from 102.23.55.32 for /example
2019-02-13T15:33:44.726534 Started database query for table users
2019-02-13T15:33:44.038472 Completed database query for table users
2019-02-13T15:33:43.234543 Received request from 102.23.55.32 for /example
2019-02-13T15:33:44.726534 Started database query for table users
2019-02-13T15:33:44.038472 Completed database query for table users
2019-02-13T15:33:43.234543 Received request from 102.23.55.32 for /example
2006-02-13T15:33:44.726534 Started database query for table users
2019-02-13T15:33:44.038472 Completed database query for table users
2019-02-13T15:33:43.234543 Received request from 102.23.55.32 for /example
2009-02-13T15:33:44.726534 Started database query for table users
2019-02-13T15:33:44.038472 Completed database query for table users
2019-02-13T15:33:43.234543 Received request from 102.23.55.32 for /example
2018-02-13T15:33:44.726534 Started database query for table users
2019-02-13T15:33:44.038472 Completed database query for table users
2019-02-13T15:33:43.234543 Received request from 102.23.55.32 for /example
2012-02-13T15:33:44.726534 Started database query for table users
2019-02-13T15:33:44.038472 Completed database query for table users
2019-02-13T15:33:43.234543 Received request from 102.23.55.32 for /example
2019-02-13T15:33:44.726534 Started database query for table users
2019-02-13T15:33:44.038472 Completed database query for table users
2015-02-13T15:33:43.234543 Received request from 102.23.55.32 for /example
2019-02-13T15:33:44.726534 Started database query for table users
2019-02-13T15:33:44.038472 Completed database query for table users
2019-02-13T15:33:43.234543 Received request from 102.23.55.32 for /example
2019-02-13T15:33:44.726534 Started database query for table users
2019-02-13T15:33:44.038472 Completed database query for table users
2019-02-13T15:33:43.234543 Received request from 102.23.55.32 for /example
2019-02-13T15:33:44.726534 Started database query for table users
2019-02-13T15:33:44.038472 Completed database query for table users
2019-02-13T15:33:43.234543 Received request from 102.23.55.32 for /example
2019-02-13T15:33:44.726534 Started database query for table users
2019-02-13T15:33:44.038472 Completed database query for table users
2019-02-13T15:33:43.234543 Received request from 102.23.55.32 for /example
2019-02-13T15:33:44.726534 Started database query for table users
2019-02-13T15:33:44.038472 Completed database query for table users
2019-02-13T15:33:43.234543 Received request from 102.23.55.32 for /example
2019-02-13T15:33:44.726534 Started database query for table users
2019-02-13T15:33:44.038472 Completed database query for table users
2019-02-13T15:33:43.234543 Received request from 102.23.55.32 for /example
2019-02-13T15:33:44.726534 Started database query for table users
2019-02-13T15:33:44.038472 Completed database query for table users
2019-02-13T15:33:43.234543 Received request from 102.23.55.32 for /example
2019-02-13T15:33:44.726534 Started database query for table users
2019-02-13T15:33:44.038472 Completed database query for table users
2019-02-13T15:33:43.234543 Received request from 102.23.55.32 for /example
2006-02-13T15:33:44.726534 Started database query for table users
2019-02-13T15:33:44.038472 Completed database query for table users
2019-02-13T15:33:43.234543 Received request from 102.23.55.32 for /example
2009-02-13T15:33:44.726534 Started database query for table users
2019-02-13T15:33:44.038472 Completed database query for table users
2019-02-13T15:33:43.234543 Received request from 102.23.55.32 for /example
2018-02-13T15:33:44.726534 Started database query for table users
2019-02-13T15:33:44.038472 Completed database query for table users
2019-02-13T15:33:43.234543 Received request from 102.23.55.32 for /example
2012-02-13T15:33:44.726534 Started database query for table users
2019-02-13T15:33:44.038472 Completed database query for table users
2019-02-13T15:33:43.234543 Received request from 102.23.55.32 for /example
2019-02-13T15:33:44.726534 Started database query for table users
2019-02-13T15:33:44.038472 Completed database query for table users
2015-02-13T15:33:43.234543 Received request from 102.23.55.32 for /example
2019-02-13T15:33:44.726534 Started database query for table users
2019-02-13T15:33:44.038472 Completed database query for table users
2019-02-13T15:33:43.234543 Received request from 102.23.55.32 for /example
2019-02-13T15:33:44.726534 Started database query for table users
2019-02-13T15:33:44.038472 Completed database query for table users
2019-02-13T15:33:43.234543 Received request from 102.23.55.32 for /example
2019-02-13T15:33:44.726534 Started database query for table users
2019-02-13T15:33:44.038472 Completed database query for table users
2019-02-13T15:33:43.234543 Received request from 102.23.55.32 for /example
2019-02-13T15:33:44.726534 Started database query for table users
2019-02-13T15:33:44.038472 Completed database query for table users
2019-02-13T15:33:43.234543 Received request from 102.23.55.32 for /example
2019-02-13T15:33:44.726534 Started database query for table users
2019-02-13T15:33:44.038472 Completed database query for table users
2019-02-13T15:33:43.234543 Received request from 102.23.55.32 for /example
2019-02-13T15:33:44.726534 Started database query for table users
2019-02-13T15:33:44.038472 Completed database query for table users
2019-02-13T15:33:43.234543 Received request from 102.23.55.32 for /example
2019-02-13T15:33:44.726534 Started database query for table users
2019-02-13T15:33:44.038472 Completed database query for table users
2019-02-13T15:33:43.234543 Received request from 102.23.55.32 for /example
2019-02-13T15:33:44.726534 Started database query for table users
2019-02-13T15:33:44.038472 Completed database query for table users
2019-02-13T15:33:43.234543 Received request from 102.23.55.32 for /example
2006-02-13T15:33:44.726534 Started database query for table users
2019-02-13T15:33:44.038472 Completed database query for table users
2019-02-13T15:33:43.234543 Received request from 102.23.55.32 for /example
2009-02-13T15:33:44.726534 Started database query for table users
2019-02-13T15:33:44.038472 Completed database query for table users
2019-02-13T15:33:43.234543 Received request from 102.23.55.32 for /example
2018-02-13T15:33:44.726534 Started database query for table users
2019-02-13T15:33:44.038472 Completed database query for table users
2019-02-13T15:33:43.234543 Received request from 102.23.55.32 for /example
2012-02-13T15:33:44.726534 Started database query for table users
2019-02-13T15:33:44.038472 Completed database query for table users
2019-02-13T15:33:43.234543 Received request from 102.23.55.32 for /example
2019-02-13T15:33:44.726534 Started database query for table users
2019-02-13T15:33:44.038472 Completed database query for table users
2015-02-13T15:33:43.234543 Received request from 102.23.55.32 for /example
2019-02-13T15:33:44.726534 Started database query for table users
2019-02-13T15:33:44.038472 Completed database query for table users
2019-02-13T15:33:43.234543 Received request from 102.23.55.32 for /example
2019-02-13T15:33:44.726534 Started database query for table users
2019-02-13T15:33:44.038472 Completed database query for table users
2019-02-13T15:33:43.234543 Received request from 102.23.55.32 for /example
2019-02-13T15:33:44.726534 Started database query for table users
2019-02-13T15:33:44.038472 Completed database query for table users
2019-02-13T15:33:43.234543 Received request from 102.23.55.32 for /example
2019-02-13T15:33:44.726534 Started database query for table users
2019-02-13T15:33:44.038472 Completed database query for table users
2019-02-13T15:33:43.234543 Received request from 102.23.55.32 for /example
2019-02-13T15:33:44.726534 Started database query for table users
2019-02-13T15:33:44.038472 Completed database query for table users
2019-02-13T15:33:43.234543 Received request from 102.23.55.32 for /example
2019-02-13T15:33:44.726534 Started database query for table users
2019-02-13T15:33:44.038472 Completed database query for table users
2019-02-13T15:33:43.234543 Received request from 102.23.55.32 for /example
2019-02-13T15:33:44.726534 Started database query for table users
2019-02-13T15:33:44.038472 Completed database query for table users
2019-02-13T15:33:43.234543 Received request from 102.23.55.32 for /example
2019-02-13T15:33:44.726534 Started database query for table users
2019-02-13T15:33:44.038472 Completed database query for table users
2019-02-13T15:33:43.234543 Received request from 102.23.55.32 for /example
2006-02-13T15:33:44.726534 Started database query for table users
2019-02-13T15:33:44.038472 Completed database query for table users
2019-02-13T15:33:43.234543 Received request from 102.23.55.32 for /example
2009-02-13T15:33:44.726534 Started database query for table users
2019-02-13T15:33:44.038472 Completed database query for table users
2019-02-13T15:33:43.234543 Received request from 102.23.55.32 for /example
2018-02-13T15:33:44.726534 Started database query for table users
2019-02-13T15:33:44.038472 Completed database query for table users
2019-02-13T15:33:43.234543 Received request from 102.23.55.32 for /example
2012-02-13T15:33:44.726534 Started database query for table users
2019-02-13T15:33:44.038472 Completed database query for table users
2019-02-13T15:33:43.234543 Received request from 102.23.55.32 for /example
2019-02-13T15:33:44.726534 Started database query for table users
2019-02-13T15:33:44.038472 Completed database query for table users
2015-02-13T15:33:43.234543 Received request from 102.23.55.32 for /example
2019-02-13T15:33:44.726534 Started database query for table users
2019-02-13T15:33:44.038472 Completed database query for table users
2019-02-13T15:33:43.234543 Received request from 102.23.55.32 for /example
2019-02-13T15:33:44.726534 Started database query for table users
2019-02-13T15:33:44.038472 Completed database query for table users
2019-02-13T15:33:43.234543 Received request from 102.23.55.32 for /example
2019-02-13T15:33:44.726534 Started database query for table users
2019-02-13T15:33:44.038472 Completed database query for table users
2019-02-13T15:33:43.234543 Received request from 102.23.55.32 for /example
2019-02-13T15:33:44.726534 Started database query for table users
2019-02-13T15:33:44.038472 Completed database query for table users
2019-02-13T15:33:43.234543 Received request from 102.23.55.32 for /example
2019-02-13T15:33:44.726534 Started database query for table users
2019-02-13T15:33:44.038472 Completed database query for table users
2019-02-13T15:33:43.234543 Received request from 102.23.55.32 for /example
2019-02-13T15:33:44.726534 Started database query for table users
2019-02-13T15:33:44.038472 Completed database query for table users
2019-02-13T15:33:43.234543 Received request from 102.23.55.32 for /example
2019-02-13T15:33:44.726534 Started database query for table users
2019-02-13T15:33:44.038472 Completed database query for table users
2019-02-13T15:33:43.234543 Received request from 102.23.55.32 for /example
2019-02-13T15:33:44.726534 Started database query for table users
2019-02-13T15:33:44.038472 Completed database query for table users
2019-02-13T15:33:43.234543 Received request from 102.23.55.32 for /example
2006-02-13T15:33:44.726534 Started database query for table users
2019-02-13T15:33:44.038472 Completed database query for table users
2019-02-13T15:33:43.234543 Received request from 102.23.55.32 for /example
2009-02-13T15:33:44.726534 Started database query for table users
2019-02-13T15:33:44.038472 Completed database query for table users
2019-02-13T15:33:43.234543 Received request from 102.23.55.32 for /example
2018-02-13T15:33:44.726534 Started database query for table users
2019-02-13T15:33:44.038472 Completed database query for table users
2019-02-13T15:33:43.234543 Received request from 102.23.55.32 for /example
2012-02-13T15:33:44.726534 Started database query for table users
2019-02-13T15:33:44.038472 Completed database query for table users
2019-02-13T15:33:43.234543 Received request from 102.23.55.32 for /example
2019-02-13T15:33:44.726534 Started database query for table users
2019-02-13T15:33:44.038472 Completed database query for table users
2015-02-13T15:33:43.234543 Received request from 102.23.55.32 for /example
2019-02-13T15:33:44.726534 Started database query for table users
2019-02-13T15:33:44.038472 Completed database query for table users
2019-02-13T15:33:43.234543 Received request from 102.23.55.32 for /example
2019-02-13T15:33:44.726534 Started database query for table users
2019-02-13T15:33:44.038472 Completed database query for table users
2019-02-13T15:33:43.234543 Received request from 102.23.55.32 for /example
2019-02-13T15:33:44.726534 Started database query for table users
2019-02-13T15:33:44.038472 Completed database query for table users
2019-02-13T15:33:43.234543 Received request from 102.23.55.32 for /example
2019-02-13T15:33:44.726534 Started database query for table users
2019-02-13T15:33:44.038472 Completed database query for table users
2019-02-13T15:33:43.234543 Received request from 102.23.55.32 for /example
2019-02-13T15:33:44.726534 Started database query for table users
2019-02-13T15:33:44.038472 Completed database query for table users
2019-02-13T15:33:43.234543 Received request from 102.23.55.32 for /example
2019-02-13T15:33:44.726534 Started database query for table users
2019-02-13T15:33:44.038472 Completed database query for table users
2019-02-13T15:33:43.234543 Received request from 102.23.55.32 for /example
2019-02-13T15:33:44.726534 Started database query for table users
2019-02-13T15:33:44.038472 Completed database query for table users
2019-02-13T15:33:43.234543 Received request from 102.23.55.32 for /example
2019-02-13T15:33:44.726534 Started database query for table users
2019-02-13T15:33:44.038472 Completed database query for table users
2019-02-13T15:33:43.234543 Received request from 102.23.55.32 for /example
2006-02-13T15:33:44.726534 Started database query for table users
2019-02-13T15:33:44.038472 Completed database query for table users
2019-02-13T15:33:43.234543 Received request from 102.23.55.32 for /example
2009-02-13T15:33:44.726534 Started database query for table users
2019-02-13T15:33:44.038472 Completed database query for table users
2019-02-13T15:33:43.234543 Received request from 102.23.55.32 for /example
2018-02-13T15:33:44.726534 Started database query for table users
2019-02-13T15:33:44.038472 Completed database query for table users
2019-02-13T15:33:43.234543 Received request from 102.23.55.32 for /example
2012-02-13T15:33:44.726534 Started database query for table users
2019-02-13T15:33:44.038472 Completed database query for table users
2019-02-13T15:33:43.234543 Received request from 102.23.55.32 for /example
2019-02-13T15:33:44.726534 Started database query for table users
2019-02-13T15:33:44.038472 Completed database query for table users
2015-02-13T15:33:43.234543 Received request from 102.23.55.32 for /example
2019-02-13T15:33:44.726534 Started database query for table users
2019-02-13T15:33:44.038472 Completed database query for table users
2019-02-13T15:33:43.234543 Received request from 102.23.55.32 for /example
2019-02-13T15:33:44.726534 Started database query for table users
2019-02-13T15:33:44.038472 Completed database query for table users
2019-02-13T15:33:43.234543 Received request from 102.23.55.32 for /example
2019-02-13T15:33:44.726534 Started database query for table users
2019-02-13T15:33:44.038472 Completed database query for table users
2019-02-13T15:33:43.234543 Received request from 102.23.55.32 for /example
2019-02-13T15:33:44.726534 Started database query for table users
2019-02-13T15:33:44.038472 Completed database query for table users
2019-02-13T15:33:43.234543 Received request from 102.23.55.32 for /example
2019-02-13T15:33:44.726534 Started database query for table users
2019-02-13T15:33:44.038472 Completed database query for table users
2019-02-13T15:33:43.234543 Received request from 102.23.55.32 for /example
2019-02-13T15:33:44.726534 Started database query for table users
2019-02-13T15:33:44.038472 Completed database query for table users
2019-02-13T15:33:43.234543 Received request from 102.23.55.32 for /example
2019-02-13T15:33:44.726534 Started database query for table users
2019-02-13T15:33:44.038472 Completed database query for table users
2019-02-13T15:33:43.234543 Received request from 102.23.55.32 for /example
2019-02-13T15:33:44.726534 Started database query for table users
2019-02-13T15:33:44.038472 Completed database query for table users
2019-02-13T15:33:43.234543 Received request from 102.23.55.32 for /example
2006-02-13T15:33:44.726534 Started database query for table users
2019-02-13T15:33:44.038472 Completed database query for table users
2019-02-13T15:33:43.234543 Received request from 102.23.55.32 for /example
2009-02-13T15:33:44.726534 Started database query for table users
2019-02-13T15:33:44.038472 Completed database query for table users
2019-02-13T15:33:43.234543 Received request from 102.23.55.32 for /example
2018-02-13T15:33:44.726534 Started database query for table users
2019-02-13T15:33:44.038472 Completed database query for table users
2019-02-13T15:33:43.234543 Received request from 102.23.55.32 for /example
2012-02-13T15:33:44.726534 Started database query for table users
2019-02-13T15:33:44.038472 Completed database query for table users
2019-02-13T15:33:43.234543 Received request from 102.23.55.32 for /example
2019-02-13T15:33:44.726534 Started database query for table users
2019-02-13T15:33:44.038472 Completed database query for table users
2015-02-13T15:33:43.234543 Received request from 102.23.55.32 for /example
2019-02-13T15:33:44.726534 Started database query for table users
2019-02-13T15:33:44.038472 Completed database query for table users
2019-02-13T15:33:43.234543 Received request from 102.23.55.32 for /example
2019-02-13T15:33:44.726534 Started database query for table users
2019-02-13T15:33:44.038472 Completed database query for table users
2019-02-13T15:33:43.234543 Received request from 102.23.55.32 for /example
2019-02-13T15:33:44.726534 Started database query for table users
2019-02-13T15:33:44.038472 Completed database query for table users
2019-02-13T15:33:43.234543 Received request from 102.23.55.32 for /example
2019-02-13T15:33:44.726534 Started database query for table users
2019-02-13T15:33:44.038472 Completed database query for table users
2019-02-13T15:33:43.234543 Received request from 102.23.55.32 for /example
2019-02-13T15:33:44.726534 Started database query for table users
2019-02-13T15:33:44.038472 Completed database query for table users
2019-02-13T15:33:43.234543 Received request from 102.23.55.32 for /example
2019-02-13T15:33:44.726534 Started database query for table users
2019-02-13T15:33:44.038472 Completed database query for table users
2019-02-13T15:33:43.234543 Received request from 102.23.55.32 for /example
2019-02-13T15:33:44.726534 Started database query for table users
2019-02-13T15:33:44.038472 Completed database query for table users
2019-02-13T15:33:43.234543 Received request from 102.23.55.32 for /example
2019-02-13T15:33:44.726534 Started database query for table users
2019-02-13T15:33:44.038472 Completed database query for table users
2019-02-13T15:33:43.234543 Received request from 102.23.55.32 for /example
2006-02-13T15:33:44.726534 Started database query for table users
2019-02-13T15:33:44.038472 Completed database query for table users
2019-02-13T15:33:43.234543 Received request from 102.23.55.32 for /example
2009-02-13T15:33:44.726534 Started database query for table users
2019-02-13T15:33:44.038472 Completed database query for table users
2019-02-13T15:33:43.234543 Received request from 102.23.55.32 for /example
2018-02-13T15:33:44.726534 Started database query for table users
2019-02-13T15:33:44.038472 Completed database query for table users
2019-02-13T15:33:43.234543 Received request from 102.23.55.32 for /example
2012-02-13T15:33:44.726534 Started database query for table users
2019-02-13T15:33:44.038472 Completed database query for table users
2019-02-13T15:33:43.234543 Received request from 102.23.55.32 for /example
2019-02-13T15:33:44.726534 Started database query for table users
2019-02-13T15:33:44.038472 Completed database query for table users
2015-02-13T15:33:43.234543 Received request from 102.23.55.32 for /example
2019-02-13T15:33:44.726534 Started database query for table users
2019-02-13T15:33:44.038472 Completed database query for table users
2019-02-13T15:33:43.234543 Received request from 102.23.55.32 for /example
2019-02-13T15:33:44.726534 Started database query for table users
2019-02-13T15:33:44.038472 Completed database query for table users
2019-02-13T15:33:43.234543 Received request from 102.23.55.32 for /example
2019-02-13T15:33:44.726534 Started database query for table users
2019-02-13T15:33:44.038472 Completed database query for table users
2019-02-13T15:33:43.234543 Received request from 102.23.55.32 for /example
2019-02-13T15:33:44.726534 Started database query for table users
2019-02-13T15:33:44.038472 Completed database query for table users
2019-02-13T15:33:43.234543 Received request from 102.23.55.32 for /example
2019-02-13T15:33:44.726534 Started database query for table users
2019-02-13T15:33:44.038472 Completed database query for table users
2019-02-13T15:33:43.234543 Received request from 102.23.55.32 for /example
2019-02-13T15:33:44.726534 Started database query for table users
2019-02-13T15:33:44.038472 Completed database query for table users
2019-02-13T15:33:43.234543 Received request from 102.23.55.32 for /example
2019-02-13T15:33:44.726534 Started database query for table users
2019-02-13T15:33:44.038472 Completed database query for table users
2019-02-13T15:33:43.234543 Received request from 102.23.55.32 for /example
2019-02-13T15:33:44.726534 Started database query for table users
2019-02-13T15:33:44.038472 Completed database query for table users
2019-02-13T15:33:43.234543 Received request from 102.23.55.32 for /example
2006-02-13T15:33:44.726534 Started database query for table users
2019-02-13T15:33:44.038472 Completed database query for table users
2019-02-13T15:33:43.234543 Received request from 102.23.55.32 for /example
2009-02-13T15:33:44.726534 Started database query for table users
2019-02-13T15:33:44.038472 Completed database query for table users
2019-02-13T15:33:43.234543 Received request from 102.23.55.32 for /example
2018-02-13T15:33:44.726534 Started database query for table users
2019-02-13T15:33:44.038472 Completed database query for table users
2019-02-13T15:33:43.234543 Received request from 102.23.55.32 for /example
2012-02-13T15:33:44.726534 Started database query for table users
2019-02-13T15:33:44.038472 Completed database query for table users
2019-02-13T15:33:43.234543 Received request from 102.23.55.32 for /example
2019-02-13T15:33:44.726534 Started database query for table users
2019-02-13T15:33:44.038472 Completed database query for table users
2015-02-13T15:33:43.234543 Received request from 102.23.55.32 for /example
2019-02-13T15:33:44.726534 Started database query for table users
2019-02-13T15:33:44.038472 Completed database query for table users
2019-02-13T15:33:43.234543 Received request from 102.23.55.32 for /example
2019-02-13T15:33:44.726534 Started database query for table users
2019-02-13T15:33:44.038472 Completed database query for table users
2019-02-13T15:33:43.234543 Received request from 102.23.55.32 for /example
2019-02-13T15:33:44.726534 Started database query for table users
2019-02-13T15:33:44.038472 Completed database query for table users
2019-02-13T15:33:43.234543 Received request from 102.23.55.32 for /example
2019-02-13T15:33:44.726534 Started database query for table users
2019-02-13T15:33:44.038472 Completed database query for table users
2019-02-13T15:33:43.234543 Received request from 102.23.55.32 for /example
2019-02-13T15:33:44.726534 Started database query for table users
2019-02-13T15:33:44.038472 Completed database query for table users
2019-02-13T15:33:43.234543 Received request from 102.23.55.32 for /example
2019-02-13T15:33:44.726534 Started database query for table users
2019-02-13T15:33:44.038472 Completed database query for table users
2019-02-13T15:33:43.234543 Received request from 102.23.55.32 for /example
2019-02-13T15:33:44.726534 Started database query for table users
2019-02-13T15:33:44.038472 Completed database query for table users
2019-02-13T15:33:43.234543 Received request from 102.23.55.32 for /example
2019-02-13T15:33:44.726534 Started database query for table users
2019-02-13T15:33:44.038472 Completed database query for table users
2019-02-13T15:33:43.234543 Received request from 102.23.55.32 for /example
2006-02-13T15:33:44.726534 Started database query for table users
2019-02-13T15:33:44.038472 Completed database query for table users
2019-02-13T15:33:43.234543 Received request from 102.23.55.32 for /example
2009-02-13T15:33:44.726534 Started database query for table users
2019-02-13T15:33:44.038472 Completed database query for table users
2019-02-13T15:33:43.234543 Received request from 102.23.55.32 for /example
2018-02-13T15:33:44.726534 Started database query for table users
2019-02-13T15:33:44.038472 Completed database query for table users
2019-02-13T15:33:43.234543 Received request from 102.23.55.32 for /example
2012-02-13T15:33:44.726534 Started database query for table users
2019-02-13T15:33:44.038472 Completed database query for table users
2019-02-13T15:33:43.234543 Received request from 102.23.55.32 for /example
2019-02-13T15:33:44.726534 Started database query for table users
2019-02-13T15:33:44.038472 Completed database query for table users
2015-02-13T15:33:43.234543 Received request from 102.23.55.32 for /example
2019-02-13T15:33:44.726534 Started database query for table users
2019-02-13T15:33:44.038472 Completed database query for table users
2019-02-13T15:33:43.234543 Received request from 102.23.55.32 for /example
2019-02-13T15:33:44.726534 Started database query for table users
2019-02-13T15:33:44.038472 Completed database query for table users
2019-02-13T15:33:43.234543 Received request from 102.23.55.32 for /example
2019-02-13T15:33:44.726534 Started database query for table users
2019-02-13T15:33:44.038472 Completed database query for table users
2019-02-13T15:33:43.234543 Received request from 102.23.55.32 for /example
2019-02-13T15:33:44.726534 Started database query for table users
2019-02-13T15:33:44.038472 Completed database query for table users
2019-02-13T15:33:43.234543 Received request from 102.23.55.32 for /example
2019-02-13T15:33:44.726534 Started database query for table users
2019-02-13T15:33:44.038472 Completed database query for table users
2019-02-13T15:33:43.234543 Received request from 102.23.55.32 for /example
2019-02-13T15:33:44.726534 Started database query for table users
2019-02-13T15:33:44.038472 Completed database query for table users
2019-02-13T15:33:43.234543 Received request from 102.23.55.32 for /example
2019-02-13T15:33:44.726534 Started database query for table users
2019-02-13T15:33:44.038472 Completed database query for table users
2019-02-13T15:33:43.234543 Received request from 102.23.55.32 for /example
2019-02-13T15:33:44.726534 Started database query for table users
2019-02-13T15:33:44.038472 Completed database query for table users
2019-02-13T15:33:43.234543 Received request from 102.23.55.32 for /example
2006-02-13T15:33:44.726534 Started database query for table users
2019-02-13T15:33:44.038472 Completed database query for table users
2019-02-13T15:33:43.234543 Received request from 102.23.55.32 for /example
2009-02-13T15:33:44.726534 Started database query for table users
2019-02-13T15:33:44.038472 Completed database query for table users
2019-02-13T15:33:43.234543 Received request from 102.23.55.32 for /example
2018-02-13T15:33:44.726534 Started database query for table users
2019-02-13T15:33:44.038472 Completed database query for table users
2019-02-13T15:33:43.234543 Received request from 102.23.55.32 for /example
2012-02-13T15:33:44.726534 Started database query for table users
2019-02-13T15:33:44.038472 Completed database query for table users
2019-02-13T15:33:43.234543 Received request from 102.23.55.32 for /example
2019-02-13T15:33:44.726534 Started database query for table users
2019-02-13T15:33:44.038472 Completed database query for table users
2015-02-13T15:33:43.234543 Received request from 102.23.55.32 for /example
2019-02-13T15:33:44.726534 Started database query for table users
2019-02-13T15:33:44.038472 Completed database query for table users
2019-02-13T15:33:43.234543 Received request from 102.23.55.32 for /example
2019-02-13T15:33:44.726534 Started database query for table users
2019-02-13T15:33:44.038472 Completed database query for table users
2019-02-13T15:33:43.234543 Received request from 102.23.55.32 for /example
2019-02-13T15:33:44.726534 Started database query for table users
2019-02-13T15:33:44.038472 Completed database query for table users
2019-02-13T15:33:43.234543 Received request from 102.23.55.32 for /example
2019-02-13T15:33:44.726534 Started database query for table users
2019-02-13T15:33:44.038472 Completed database query for table users
2019-02-13T15:33:43.234543 Received request from 102.23.55.32 for /example
2019-02-13T15:33:44.726534 Started database query for table users
2019-02-13T15:33:44.038472 Completed database query for table users
2019-02-13T15:33:43.234543 Received request from 102.23.55.32 for /example
2019-02-13T15:33:44.726534 Started database query for table users
2019-02-13T15:33:44.038472 Completed database query for table users
2019-02-13T15:33:43.234543 Received request from 102.23.55.32 for /example
2019-02-13T15:33:44.726534 Started database query for table users
2019-02-13T15:33:44.038472 Completed database query for table users
2019-02-13T15:33:43.234543 Received request from 102.23.55.32 for /example
2019-02-13T15:33:44.726534 Started database query for table users
2019-02-13T15:33:44.038472 Completed database query for table users
2019-02-13T15:33:43.234543 Received request from 102.23.55.32 for /example
2006-02-13T15:33:44.726534 Started database query for table users
2019-02-13T15:33:44.038472 Completed database query for table users
2019-02-13T15:33:43.234543 Received request from 102.23.55.32 for /example
2009-02-13T15:33:44.726534 Started database query for table users
2019-02-13T15:33:44.038472 Completed database query for table users
2019-02-13T15:33:43.234543 Received request from 102.23.55.32 for /example
2018-02-13T15:33:44.726534 Started database query for table users
2019-02-13T15:33:44.038472 Completed database query for table users
2019-02-13T15:33:43.234543 Received request from 102.23.55.32 for /example
2012-02-13T15:33:44.726534 Started database query for table users
2019-02-13T15:33:44.038472 Completed database query for table users
2019-02-13T15:33:43.234543 Received request from 102.23.55.32 for /example
2019-02-13T15:33:44.726534 Started database query for table users
2019-02-13T15:33:44.038472 Completed database query for table users
2015-02-13T15:33:43.234543 Received request from 102.23.55.32 for /example
2019-02-13T15:33:44.726534 Started database query for table users
2019-02-13T15:33:44.038472 Completed database query for table users
2019-02-13T15:33:43.234543 Received request from 102.23.55.32 for /example
2019-02-13T15:33:44.726534 Started database query for table users
2019-02-13T15:33:44.038472 Completed database query for table users
2019-02-13T15:33:43.234543 Received request from 102.23.55.32 for /example
2019-02-13T15:33:44.726534 Started database query for table users
2019-02-13T15:33:44.038472 Completed database query for table users
2019-02-13T15:33:43.234543 Received request from 102.23.55.32 for /example
2019-02-13T15:33:44.726534 Started database query for table users
2019-02-13T15:33:44.038472 Completed database query for table users
2019-02-13T15:33:43.234543 Received request from 102.23.55.32 for /example
2019-02-13T15:33:44.726534 Started database query for table users
2019-02-13T15:33:44.038472 Completed database query for table users
2019-02-13T15:33:43.234543 Received request from 102.23.55.32 for /example
2019-02-13T15:33:44.726534 Started database query for table users
2019-02-13T15:33:44.038472 Completed database query for table users
2019-02-13T15:33:43.234543 Received request from 102.23.55.32 for /example
2019-02-13T15:33:44.726534 Started database query for table users
2019-02-13T15:33:44.038472 Completed database query for table users
2019-02-13T15:33:43.234543 Received request from 102.23.55.32 for /example
2019-02-13T15:33:44.726534 Started database query for table users
2019-02-13T15:33:44.038472 Completed database query for table users
2019-02-13T15:33:43.234543 Received request from 102.23.55.32 for /example
2006-02-13T15:33:44.726534 Started database query for table users
2019-02-13T15:33:44.038472 Completed database query for table users
2019-02-13T15:33:43.234543 Received request from 102.23.55.32 for /example
2009-02-13T15:33:44.726534 Started database query for table users
2019-02-13T15:33:44.038472 Completed database query for table users
2019-02-13T15:33:43.234543 Received request from 102.23.55.32 for /example
2018-02-13T15:33:44.726534 Started database query for table users
2019-02-13T15:33:44.038472 Completed database query for table users
2019-02-13T15:33:43.234543 Received request from 102.23.55.32 for /example
2012-02-13T15:33:44.726534 Started database query for table users
2019-02-13T15:33:44.038472 Completed database query for table users
2019-02-13T15:33:43.234543 Received request from 102.23.55.32 for /example
2019-02-13T15:33:44.726534 Started database query for table users
2019-02-13T15:33:44.038472 Completed database query for table users
2015-02-13T15:33:43.234543 Received request from 102.23.55.32 for /example
2019-02-13T15:33:44.726534 Started database query for table users
2019-02-13T15:33:44.038472 Completed database query for table users
2019-02-13T15:33:43.234543 Received request from 102.23.55.32 for /example
2019-02-13T15:33:44.726534 Started database query for table users
2019-02-13T15:33:44.038472 Completed database query for table users
2019-02-13T15:33:43.234543 Received request from 102.23.55.32 for /example
2019-02-13T15:33:44.726534 Started database query for table users
2019-02-13T15:33:44.038472 Completed database query for table users
2019-02-13T15:33:43.234543 Received request from 102.23.55.32 for /example
2019-02-13T15:33:44.726534 Started database query for table users
2019-02-13T15:33:44.038472 Completed database query for table users
2019-02-13T15:33:43.234543 Received request from 102.23.55.32 for /example
2019-02-13T15:33:44.726534 Started database query for table users
2019-02-13T15:33:44.038472 Completed database query for table users
2019-02-13T15:33:43.234543 Received request from 102.23.55.32 for /example
2019-02-13T15:33:44.726534 Started database query for table users
2019-02-13T15:33:44.038472 Completed database query for table users
2019-02-13T15:33:43.234543 Received request from 102.23.55.32 for /example
2019-02-13T15:33:44.726534 Started database query for table users
2019-02-13T15:33:44.038472 Completed database query for table users
2019-02-13T15:33:43.234543 Received request from 102.23.55.32 for /example
2019-02-13T15:33:44.726534 Started database query for table users
2019-02-13T15:33:44.038472 Completed database query for table users
2019-02-13T15:33:43.234543 Received request from 102.23.55.32 for /example
2006-02-13T15:33:44.726534 Started database query for table users
2019-02-13T15:33:44.038472 Completed database query for table users
2019-02-13T15:33:43.234543 Received request from 102.23.55.32 for /example
2009-02-13T15:33:44.726534 Started database query for table users
2019-02-13T15:33:44.038472 Completed database query for table users
2019-02-13T15:33:43.234543 Received request from 102.23.55.32 for /example
2018-02-13T15:33:44.726534 Started database query for table users
2019-02-13T15:33:44.038472 Completed database query for table users
2019-02-13T15:33:43.234543 Received request from 102.23.55.32 for /example
2012-02-13T15:33:44.726534 Started database query for table users
2019-02-13T15:33:44.038472 Completed database query for table users
2019-02-13T15:33:43.234543 Received request from 102.23.55.32 for /example
2019-02-13T15:33:44.726534 Started database query for table users
2019-02-13T15:33:44.038472 Completed database query for table users
2015-02-13T15:33:43.234543 Received request from 102.23.55.32 for /example
2019-02-13T15:33:44.726534 Started database query for table users
2019-02-13T15:33:44.038472 Completed database query for table users
2019-02-13T15:33:43.234543 Received request from 102.23.55.32 for /example
2019-02-13T15:33:44.726534 Started database query for table users
2019-02-13T15:33:44.038472 Completed database query for table users
2019-02-13T15:33:43.234543 Received request from 102.23.55.32 for /example
2019-02-13T15:33:44.726534 Started database query for table users
2019-02-13T15:33:44.038472 Completed database query for table users
2019-02-13T15:33:43.234543 Received request from 102.23.55.32 for /example
2019-02-13T15:33:44.726534 Started database query for table users
2019-02-13T15:33:44.038472 Completed database query for table users
2019-02-13T15:33:43.234543 Received request from 102.23.55.32 for /example
2019-02-13T15:33:44.726534 Started database query for table users
2019-02-13T15:33:44.038472 Completed database query for table users
2019-02-13T15:33:43.234543 Received request from 102.23.55.32 for /example
2019-02-13T15:33:44.726534 Started database query for table users
2019-02-13T15:33:44.038472 Completed database query for table users
2019-02-13T15:33:43.234543 Received request from 102.23.55.32 for /example
2019-02-13T15:33:44.726534 Started database query for table users
2019-02-13T15:33:44.038472 Completed database query for table users
2019-02-13T15:33:43.234543 Received request from 102.23.55.32 for /example
2019-02-13T15:33:44.726534 Started database query for table users
2019-02-13T15:33:44.038472 Completed database query for table users
2019-02-13T15:33:43.234543 Received request from 102.23.55.32 for /example
2006-02-13T15:33:44.726534 Started database query for table users
2019-02-13T15:33:44.038472 Completed database query for table users
2019-02-13T15:33:43.234543 Received request from 102.23.55.32 for /example
2009-02-13T15:33:44.726534 Started database query for table users
2019-02-13T15:33:44.038472 Completed database query for table users
2019-02-13T15:33:43.234543 Received request from 102.23.55.32 for /example
2018-02-13T15:33:44.726534 Started database query for table users
2019-02-13T15:33:44.038472 Completed database query for table users
2019-02-13T15:33:43.234543 Received request from 102.23.55.32 for /example
2012-02-13T15:33:44.726534 Started database query for table users
2019-02-13T15:33:44.038472 Completed database query for table users
2019-02-13T15:33:43.234543 Received request from 102.23.55.32 for /example
2019-02-13T15:33:44.726534 Started database query for table users
2019-02-13T15:33:44.038472 Completed database query for table users
2015-02-13T15:33:43.234543 Received request from 102.23.55.32 for /example
2019-02-13T15:33:44.726534 Started database query for table users
2019-02-13T15:33:44.038472 Completed database query for table users
2019-02-13T15:33:43.234543 Received request from 102.23.55.32 for /example
2019-02-13T15:33:44.726534 Started database query for table users
2019-02-13T15:33:44.038472 Completed database query for table users
2019-02-13T15:33:43.234543 Received request from 102.23.55.32 for /example
2019-02-13T15:33:44.726534 Started database query for table users
2019-02-13T15:33:44.038472 Completed database query for table users
2019-02-13T15:33:43.234543 Received request from 102.23.55.32 for /example
2019-02-13T15:33:44.726534 Started database query for table users
2019-02-13T15:33:44.038472 Completed database query for table users
2019-02-13T15:33:43.234543 Received request from 102.23.55.32 for /example
2019-02-13T15:33:44.726534 Started database query for table users
2019-02-13T15:33:44.038472 Completed database query for table users
2019-02-13T15:33:43.234543 Received request from 102.23.55.32 for /example
2019-02-13T15:33:44.726534 Started database query for table users
2019-02-13T15:33:44.038472 Completed database query for table users
2019-02-13T15:33:43.234543 Received request from 102.23.55.32 for /example
2019-02-13T15:33:44.726534 Started database query for table users
2019-02-13T15:33:44.038472 Completed database query for table users
2019-02-13T15:33:43.234543 Received request from 102.23.55.32 for /example
2019-02-13T15:33:44.726534 Started database query for table users
2019-02-13T15:33:44.038472 Completed database query for table users
2019-02-13T15:33:43.234543 Received request from 102.23.55.32 for /example
2006-02-13T15:33:44.726534 Started database query for table users
2019-02-13T15:33:44.038472 Completed database query for table users
2019-02-13T15:33:43.234543 Received request from 102.23.55.32 for /example
2009-02-13T15:33:44.726534 Started database query for table users
2019-02-13T15:33:44.038472 Completed database query for table users
2019-02-13T15:33:43.234543 Received request from 102.23.55.32 for /example
2018-02-13T15:33:44.726534 Started database query for table users
2019-02-13T15:33:44.038472 Completed database query for table users
2019-02-13T15:33:43.234543 Received request from 102.23.55.32 for /example
2012-02-13T15:33:44.726534 Started database query for table users
2019-02-13T15:33:44.038472 Completed database query for table users
2019-02-13T15:33:43.234543 Received request from 102.23.55.32 for /example
2019-02-13T15:33:44.726534 Started database query for table users
2019-02-13T15:33:44.038472 Completed database query for table users
2015-02-13T15:33:43.234543 Received request from 102.23.55.32 for /example
2019-02-13T15:33:44.726534 Started database query for table users
2019-02-13T15:33:44.038472 Completed database query for table users
2019-02-13T15:33:43.234543 Received request from 102.23.55.32 for /example
2019-02-13T15:33:44.726534 Started database query for table users
2019-02-13T15:33:44.038472 Completed database query for table users
2019-02-13T15:33:43.234543 Received request from 102.23.55.32 for /example
2019-02-13T15:33:44.726534 Started database query for table users
2019-02-13T15:33:44.038472 Completed database query for table users
2019-02-13T15:33:43.234543 Received request from 102.23.55.32 for /example
2019-02-13T15:33:44.726534 Started database query for table users
2019-02-13T15:33:44.038472 Completed database query for table users
2019-02-13T15:33:43.234543 Received request from 102.23.55.32 for /example
2019-02-13T15:33:44.726534 Started database query for table users
2019-02-13T15:33:44.038472 Completed database query for table users
2019-02-13T15:33:43.234543 Received request from 102.23.55.32 for /example
2019-02-13T15:33:44.726534 Started database query for table users
2019-02-13T15:33:44.038472 Completed database query for table users
2019-02-13T15:33:43.234543 Received request from 102.23.55.32 for /example
2019-02-13T15:33:44.726534 Started database query for table users
2019-02-13T15:33:44.038472 Completed database query for table users
2019-02-13T15:33:43.234543 Received request from 102.23.55.32 for /example
2019-02-13T15:33:44.726534 Started database query for table users
2019-02-13T15:33:44.038472 Completed database query for table users
2019-02-13T15:33:43.234543 Received request from 102.23.55.32 for /example
2006-02-13T15:33:44.726534 Started database query for table users
2019-02-13T15:33:44.038472 Completed database query for table users
2019-02-13T15:33:43.234543 Received request from 102.23.55.32 for /example
2009-02-13T15:33:44.726534 Started database query for table users
2019-02-13T15:33:44.038472 Completed database query for table users
2019-02-13T15:33:43.234543 Received request from 102.23.55.32 for /example
2018-02-13T15:33:44.726534 Started database query for table users
2019-02-13T15:33:44.038472 Completed database query for table users
2019-02-13T15:33:43.234543 Received request from 102.23.55.32 for /example
2012-02-13T15:33:44.726534 Started database query for table users
2019-02-13T15:33:44.038472 Completed database query for table users
2019-02-13T15:33:43.234543 Received request from 102.23.55.32 for /example
2019-02-13T15:33:44.726534 Started database query for table users
2019-02-13T15:33:44.038472 Completed database query for table users
2015-02-13T15:33:43.234543 Received request from 102.23.55.32 for /example
2019-02-13T15:33:44.726534 Started database query for table users
2019-02-13T15:33:44.038472 Completed database query for table users
2019-02-13T15:33:43.234543 Received request from 102.23.55.32 for /example
2019-02-13T15:33:44.726534 Started database query for table users
2019-02-13T15:33:44.038472 Completed database query for table users
2019-02-13T15:33:43.234543 Received request from 102.23.55.32 for /example
2019-02-13T15:33:44.726534 Started database query for table users
2019-02-13T15:33:44.038472 Completed database query for table users
2019-02-13T15:33:43.234543 Received request from 102.23.55.32 for /example
2019-02-13T15:33:44.726534 Started database query for table users
2019-02-13T15:33:44.038472 Completed database query for table users
2019-02-13T15:33:43.234543 Received request from 102.23.55.32 for /example
2019-02-13T15:33:44.726534 Started database query for table users
2019-02-13T15:33:44.038472 Completed database query for table users
2019-02-13T15:33:43.234543 Received request from 102.23.55.32 for /example
2019-02-13T15:33:44.726534 Started database query for table users
2019-02-13T15:33:44.038472 Completed database query for table users
2019-02-13T15:33:43.234543 Received request from 102.23.55.32 for /example
2019-02-13T15:33:44.726534 Started database query for table users
2019-02-13T15:33:44.038472 Completed database query for table users
2019-02-13T15:33:43.234543 Received request from 102.23.55.32 for /example
2019-02-13T15:33:44.726534 Started database query for table users
2019-02-13T15:33:44.038472 Completed database query for table users
2019-02-13T15:33:43.234543 Received request from 102.23.55.32 for /example
2006-02-13T15:33:44.726534 Started database query for table users
2019-02-13T15:33:44.038472 Completed database query for table users
2019-02-13T15:33:43.234543 Received request from 102.23.55.32 for /example
2009-02-13T15:33:44.726534 Started database query for table users
2019-02-13T15:33:44.038472 Completed database query for table users
2019-02-13T15:33:43.234543 Received request from 102.23.55.32 for /example
2018-02-13T15:33:44.726534 Started database query for table users
2019-02-13T15:33:44.038472 Completed database query for table users
2019-02-13T15:33:43.234543 Received request from 102.23.55.32 for /example
2012-02-13T15:33:44.726534 Started database query for table users
2019-02-13T15:33:44.038472 Completed database query for table users
2019-02-13T15:33:43.234543 Received request from 102.23.55.32 for /example
2019-02-13T15:33:44.726534 Started database query for table users
2019-02-13T15:33:44.038472 Completed database query for table users
2015-02-13T15:33:43.234543 Received request from 102.23.55.32 for /example
2019-02-13T15:33:44.726534 Started database query for table users
2019-02-13T15:33:44.038472 Completed database query for table users
2019-02-13T15:33:43.234543 Received request from 102.23.55.32 for /example
2019-02-13T15:33:44.726534 Started database query for table users
2019-02-13T15:33:44.038472 Completed database query for table users
2019-02-13T15:33:43.234543 Received request from 102.23.55.32 for /example
2019-02-13T15:33:44.726534 Started database query for table users
2019-02-13T15:33:44.038472 Completed database query for table users
2019-02-13T15:33:43.234543 Received request from 102.23.55.32 for /example
2019-02-13T15:33:44.726534 Started database query for table users
2019-02-13T15:33:44.038472 Completed database query for table users
2019-02-13T15:33:43.234543 Received request from 102.23.55.32 for /example
2019-02-13T15:33:44.726534 Started database query for table users
2019-02-13T15:33:44.038472 Completed database query for table users
2019-02-13T15:33:43.234543 Received request from 102.23.55.32 for /example
2019-02-13T15:33:44.726534 Started database query for table users
2019-02-13T15:33:44.038472 Completed database query for table users
2019-02-13T15:33:43.234543 Received request from 102.23.55.32 for /example
2019-02-13T15:33:44.726534 Started database query for table users
2019-02-13T15:33:44.038472 Completed database query for table users
2019-02-13T15:33:43.234543 Received request from 102.23.55.32 for /example
2019-02-13T15:33:44.726534 Started database query for table users
2019-02-13T15:33:44.038472 Completed database query for table users
2019-02-13T15:33:43.234543 Received request from 102.23.55.32 for /example
2006-02-13T15:33:44.726534 Started database query for table users
2019-02-13T15:33:44.038472 Completed database query for table users
2019-02-13T15:33:43.234543 Received request from 102.23.55.32 for /example
2009-02-13T15:33:44.726534 Started database query for table users
2019-02-13T15:33:44.038472 Completed database query for table users
2019-02-13T15:33:43.234543 Received request from 102.23.55.32 for /example
2018-02-13T15:33:44.726534 Started database query for table users
2019-02-13T15:33:44.038472 Completed database query for table users
2019-02-13T15:33:43.234543 Received request from 102.23.55.32 for /example
2012-02-13T15:33:44.726534 Started database query for table users
2019-02-13T15:33:44.038472 Completed database query for table users
2019-02-13T15:33:43.234543 Received request from 102.23.55.32 for /example
2019-02-13T15:33:44.726534 Started database query for table users
2019-02-13T15:33:44.038472 Completed database query for table users
2015-02-13T15:33:43.234543 Received request from 102.23.55.32 for /example
2019-02-13T15:33:44.726534 Started database query for table users
2019-02-13T15:33:44.038472 Completed database query for table users
2019-02-13T15:33:43.234543 Received request from 102.23.55.32 for /example
2019-02-13T15:33:44.726534 Started database query for table users
2019-02-13T15:33:44.038472 Completed database query for table users
2019-02-13T15:33:43.234543 Received request from 102.23.55.32 for /example
2019-02-13T15:33:44.726534 Started database query for table users
2019-02-13T15:33:44.038472 Completed database query for table users
2019-02-13T15:33:43.234543 Received request from 102.23.55.32 for /example
2019-02-13T15:33:44.726534 Started database query for table users
2019-02-13T15:33:44.038472 Completed database query for table users
2019-02-13T15:33:43.234543 Received request from 102.23.55.32 for /example
2019-02-13T15:33:44.726534 Started database query for table users
2019-02-13T15:33:44.038472 Completed database query for table users
2019-02-13T15:33:43.234543 Received request from 102.23.55.32 for /example
2019-02-13T15:33:44.726534 Started database query for table users
2019-02-13T15:33:44.038472 Completed database query for table users
2019-02-13T15:33:43.234543 Received request from 102.23.55.32 for /example
2019-02-13T15:33:44.726534 Started database query for table users
2019-02-13T15:33:44.038472 Completed database query for table users
2019-02-13T15:33:43.234543 Received request from 102.23.55.32 for /example
2019-02-13T15:33:44.726534 Started database query for table users
2019-02-13T15:33:44.038472 Completed database query for table users
2019-02-13T15:33:43.234543 Received request from 102.23.55.32 for /example
2006-02-13T15:33:44.726534 Started database query for table users
2019-02-13T15:33:44.038472 Completed database query for table users
2019-02-13T15:33:43.234543 Received request from 102.23.55.32 for /example
2009-02-13T15:33:44.726534 Started database query for table users
2019-02-13T15:33:44.038472 Completed database query for table users
2019-02-13T15:33:43.234543 Received request from 102.23.55.32 for /example
2018-02-13T15:33:44.726534 Started database query for table users
2019-02-13T15:33:44.038472 Completed database query for table users
2019-02-13T15:33:43.234543 Received request from 102.23.55.32 for /example
2012-02-13T15:33:44.726534 Started database query for table users
2019-02-13T15:33:44.038472 Completed database query for table users
2019-02-13T15:33:43.234543 Received request from 102.23.55.32 for /example
2019-02-13T15:33:44.726534 Started database query for table users
2019-02-13T15:33:44.038472 Completed database query for table users
2015-02-13T15:33:43.234543 Received request from 102.23.55.32 for /example
2019-02-13T15:33:44.726534 Started database query for table users
2019-02-13T15:33:44.038472 Completed database query for table users
2019-02-13T15:33:43.234543 Received request from 102.23.55.32 for /example
2019-02-13T15:33:44.726534 Started database query for table users
2019-02-13T15:33:44.038472 Completed database query for table users
2019-02-13T15:33:43.234543 Received request from 102.23.55.32 for /example
2019-02-13T15:33:44.726534 Started database query for table users
2019-02-13T15:33:44.038472 Completed database query for table users
2019-02-13T15:33:43.234543 Received request from 102.23.55.32 for /example
2019-02-13T15:33:44.726534 Started database query for table users
2019-02-13T15:33:44.038472 Completed database query for table users
2019-02-13T15:33:43.234543 Received request from 102.23.55.32 for /example
2019-02-13T15:33:44.726534 Started database query for table users
2019-02-13T15:33:44.038472 Completed database query for table users
2019-02-13T15:33:43.234543 Received request from 102.23.55.32 for /example
2019-02-13T15:33:44.726534 Started database query for table users
2019-02-13T15:33:44.038472 Completed database query for table users
2019-02-13T15:33:43.234543 Received request from 102.23.55.32 for /example
2019-02-13T15:33:44.726534 Started database query for table users
2019-02-13T15:33:44.038472 Completed database query for table users
2019-02-13T15:33:43.234543 Received request from 102.23.55.32 for /example
2019-02-13T15:33:44.726534 Started database query for table users
2019-02-13T15:33:44.038472 Completed database query for table users
2019-02-13T15:33:43.234543 Received request from 102.23.55.32 for /example
2006-02-13T15:33:44.726534 Started database query for table users
2019-02-13T15:33:44.038472 Completed database query for table users
2019-02-13T15:33:43.234543 Received request from 102.23.55.32 for /example
2009-02-13T15:33:44.726534 Started database query for table users
2019-02-13T15:33:44.038472 Completed database query for table users
2019-02-13T15:33:43.234543 Received request from 102.23.55.32 for /example
2018-02-13T15:33:44.726534 Started database query for table users
2019-02-13T15:33:44.038472 Completed database query for table users
2019-02-13T15:33:43.234543 Received request from 102.23.55.32 for /example
2012-02-13T15:33:44.726534 Started database query for table users
2019-02-13T15:33:44.038472 Completed database query for table users
2019-02-13T15:33:43.234543 Received request from 102.23.55.32 for /example
2019-02-13T15:33:44.726534 Started database query for table users
2019-02-13T15:33:44.038472 Completed database query for table users
2015-02-13T15:33:43.234543 Received request from 102.23.55.32 for /example
2019-02-13T15:33:44.726534 Started database query for table users
2019-02-13T15:33:44.038472 Completed database query for table users
2019-02-13T15:33:43.234543 Received request from 102.23.55.32 for /example
2019-02-13T15:33:44.726534 Started database query for table users
2019-02-13T15:33:44.038472 Completed database query for table users
2019-02-13T15:33:43.234543 Received request from 102.23.55.32 for /example
2019-02-13T15:33:44.726534 Started database query for table users
2019-02-13T15:33:44.038472 Completed database query for table users
2019-02-13T15:33:43.234543 Received request from 102.23.55.32 for /example
2019-02-13T15:33:44.726534 Started database query for table users
2019-02-13T15:33:44.038472 Completed database query for table users
2019-02-13T15:33:43.234543 Received request from 102.23.55.32 for /example
2019-02-13T15:33:44.726534 Started database query for table users
2019-02-13T15:33:44.038472 Completed database query for table users
2019-02-13T15:33:43.234543 Received request from 102.23.55.32 for /example
2019-02-13T15:33:44.726534 Started database query for table users
2019-02-13T15:33:44.038472 Completed database query for table users
2019-02-13T15:33:43.234543 Received request from 102.23.55.32 for /example
2019-02-13T15:33:44.726534 Started database query for table users
2019-02-13T15:33:44.038472 Completed database query for table users
2019-02-13T15:33:43.234543 Received request from 102.23.55.32 for /example
2019-02-13T15:33:44.726534 Started database query for table users
2019-02-13T15:33:44.038472 Completed database query for table users
2019-02-13T15:33:43.234543 Received request from 102.23.55.32 for /example
2006-02-13T15:33:44.726534 Started database query for table users
2019-02-13T15:33:44.038472 Completed database query for table users
2019-02-13T15:33:43.234543 Received request from 102.23.55.32 for /example
2009-02-13T15:33:44.726534 Started database query for table users
2019-02-13T15:33:44.038472 Completed database query for table users
2019-02-13T15:33:43.234543 Received request from 102.23.55.32 for /example
2018-02-13T15:33:44.726534 Started database query for table users
2019-02-13T15:33:44.038472 Completed database query for table users
2019-02-13T15:33:43.234543 Received request from 102.23.55.32 for /example
2012-02-13T15:33:44.726534 Started database query for table users
2019-02-13T15:33:44.038472 Completed database query for table users
2019-02-13T15:33:43.234543 Received request from 102.23.55.32 for /example
2019-02-13T15:33:44.726534 Started database query for table users
2019-02-13T15:33:44.038472 Completed database query for table users
2015-02-13T15:33:43.234543 Received request from 102.23.55.32 for /example
2019-02-13T15:33:44.726534 Started database query for table users
2019-02-13T15:33:44.038472 Completed database query for table users
2019-02-13T15:33:43.234543 Received request from 102.23.55.32 for /example
2019-02-13T15:33:44.726534 Started database query for table users
2019-02-13T15:33:44.038472 Completed database query for table users
2019-02-13T15:33:43.234543 Received request from 102.23.55.32 for /example
2019-02-13T15:33:44.726534 Started database query for table users
2019-02-13T15:33:44.038472 Completed database query for table users
2019-02-13T15:33:43.234543 Received request from 102.23.55.32 for /example
2019-02-13T15:33:44.726534 Started database query for table users
2019-02-13T15:33:44.038472 Completed database query for table users
2019-02-13T15:33:43.234543 Received request from 102.23.55.32 for /example
2019-02-13T15:33:44.726534 Started database query for table users
2019-02-13T15:33:44.038472 Completed database query for table users
2019-02-13T15:33:43.234543 Received request from 102.23.55.32 for /example
2019-02-13T15:33:44.726534 Started database query for table users
2019-02-13T15:33:44.038472 Completed database query for table users
2019-02-13T15:33:43.234543 Received request from 102.23.55.32 for /example
2019-02-13T15:33:44.726534 Started database query for table users
2019-02-13T15:33:44.038472 Completed database query for table users
2019-02-13T15:33:43.234543 Received request from 102.23.55.32 for /example
2019-02-13T15:33:44.726534 Started database query for table users
2019-02-13T15:33:44.038472 Completed database query for table users
2019-02-13T15:33:43.234543 Received request from 102.23.55.32 for /example
2006-02-13T15:33:44.726534 Started database query for table users
2019-02-13T15:33:44.038472 Completed database query for table users
2019-02-13T15:33:43.234543 Received request from 102.23.55.32 for /example
2009-02-13T15:33:44.726534 Started database query for table users
2019-02-13T15:33:44.038472 Completed database query for table users
2019-02-13T15:33:43.234543 Received request from 102.23.55.32 for /example
2018-02-13T15:33:44.726534 Started database query for table users
2019-02-13T15:33:44.038472 Completed database query for table users
2019-02-13T15:33:43.234543 Received request from 102.23.55.32 for /example
2012-02-13T15:33:44.726534 Started database query for table users
2019-02-13T15:33:44.038472 Completed database query for table users
2019-02-13T15:33:43.234543 Received request from 102.23.55.32 for /example
2019-02-13T15:33:44.726534 Started database query for table users
2019-02-13T15:33:44.038472 Completed database query for table users
2015-02-13T15:33:43.234543 Received request from 102.23.55.32 for /example
2019-02-13T15:33:44.726534 Started database query for table users
2019-02-13T15:33:44.038472 Completed database query for table users
2019-02-13T15:33:43.234543 Received request from 102.23.55.32 for /example
2019-02-13T15:33:44.726534 Started database query for table users
2019-02-13T15:33:44.038472 Completed database query for table users
2019-02-13T15:33:43.234543 Received request from 102.23.55.32 for /example
2019-02-13T15:33:44.726534 Started database query for table users
2019-02-13T15:33:44.038472 Completed database query for table users
2019-02-13T15:33:43.234543 Received request from 102.23.55.32 for /example
2019-02-13T15:33:44.726534 Started database query for table users
2019-02-13T15:33:44.038472 Completed database query for table users
2019-02-13T15:33:43.234543 Received request from 102.23.55.32 for /example
2019-02-13T15:33:44.726534 Started database query for table users
2019-02-13T15:33:44.038472 Completed database query for table users
2019-02-13T15:33:43.234543 Received request from 102.23.55.32 for /example
2019-02-13T15:33:44.726534 Started database query for table users
2019-02-13T15:33:44.038472 Completed database query for table users
2019-02-13T15:33:43.234543 Received request from 102.23.55.32 for /example
2019-02-13T15:33:44.726534 Started database query for table users
2019-02-13T15:33:44.038472 Completed database query for table users
2019-02-13T15:33:43.234543 Received request from 102.23.55.32 for /example
2019-02-13T15:33:44.726534 Started database query for table users
2019-02-13T15:33:44.038472 Completed database query for table users
2019-02-13T15:33:43.234543 Received request from 102.23.55.32 for /example
2006-02-13T15:33:44.726534 Started database query for table users
2019-02-13T15:33:44.038472 Completed database query for table users
2019-02-13T15:33:43.234543 Received request from 102.23.55.32 for /example
2009-02-13T15:33:44.726534 Started database query for table users
2019-02-13T15:33:44.038472 Completed database query for table users
2019-02-13T15:33:43.234543 Received request from 102.23.55.32 for /example
2018-02-13T15:33:44.726534 Started database query for table users
2019-02-13T15:33:44.038472 Completed database query for table users
2019-02-13T15:33:43.234543 Received request from 102.23.55.32 for /example
2012-02-13T15:33:44.726534 Started database query for table users
2019-02-13T15:33:44.038472 Completed database query for table users
2019-02-13T15:33:43.234543 Received request from 102.23.55.32 for /example
2019-02-13T15:33:44.726534 Started database query for table users
2019-02-13T15:33:44.038472 Completed database query for table users
2015-02-13T15:33:43.234543 Received request from 102.23.55.32 for /example
2019-02-13T15:33:44.726534 Started database query for table users
2019-02-13T15:33:44.038472 Completed database query for table users
2019-02-13T15:33:43.234543 Received request from 102.23.55.32 for /example
2019-02-13T15:33:44.726534 Started database query for table users
2019-02-13T15:33:44.038472 Completed database query for table users
2019-02-13T15:33:43.234543 Received request from 102.23.55.32 for /example
2019-02-13T15:33:44.726534 Started database query for table users
2019-02-13T15:33:44.038472 Completed database query for table users
2019-02-13T15:33:43.234543 Received request from 102.23.55.32 for /example
2019-02-13T15:33:44.726534 Started database query for table users
2019-02-13T15:33:44.038472 Completed database query for table users
2019-02-13T15:33:43.234543 Received request from 102.23.55.32 for /example
2019-02-13T15:33:44.726534 Started database query for table users
2019-02-13T15:33:44.038472 Completed database query for table users
2019-02-13T15:33:43.234543 Received request from 102.23.55.32 for /example
2019-02-13T15:33:44.726534 Started database query for table users
2019-02-13T15:33:44.038472 Completed database query for table users
2019-02-13T15:33:43.234543 Received request from 102.23.55.32 for /example
2019-02-13T15:33:44.726534 Started database query for table users
2019-02-13T15:33:44.038472 Completed database query for table users
2019-02-13T15:33:43.234543 Received request from 102.23.55.32 for /example
2019-02-13T15:33:44.726534 Started database query for table users
2019-02-13T15:33:44.038472 Completed database query for table users
2019-02-13T15:33:43.234543 Received request from 102.23.55.32 for /example
2006-02-13T15:33:44.726534 Started database query for table users
2019-02-13T15:33:44.038472 Completed database query for table users
2019-02-13T15:33:43.234543 Received request from 102.23.55.32 for /example
2009-02-13T15:33:44.726534 Started database query for table users
2019-02-13T15:33:44.038472 Completed database query for table users
2019-02-13T15:33:43.234543 Received request from 102.23.55.32 for /example
2018-02-13T15:33:44.726534 Started database query for table users
2019-02-13T15:33:44.038472 Completed database query for table users
2019-02-13T15:33:43.234543 Received request from 102.23.55.32 for /example
2012-02-13T15:33:44.726534 Started database query for table users
2019-02-13T15:33:44.038472 Completed database query for table users
2019-02-13T15:33:43.234543 Received request from 102.23.55.32 for /example
2019-02-13T15:33:44.726534 Started database query for table users
2019-02-13T15:33:44.038472 Completed database query for table users
2015-02-13T15:33:43.234543 Received request from 102.23.55.32 for /example
2019-02-13T15:33:44.726534 Started database query for table users
2019-02-13T15:33:44.038472 Completed database query for table users
2019-02-13T15:33:43.234543 Received request from 102.23.55.32 for /example
2019-02-13T15:33:44.726534 Started database query for table users
2019-02-13T15:33:44.038472 Completed database query for table users
2019-02-13T15:33:43.234543 Received request from 102.23.55.32 for /example
2019-02-13T15:33:44.726534 Started database query for table users
2019-02-13T15:33:44.038472 Completed database query for table users
2019-02-13T15:33:43.234543 Received request from 102.23.55.32 for /example
2019-02-13T15:33:44.726534 Started database query for table users
2019-02-13T15:33:44.038472 Completed database query for table users
2019-02-13T15:33:43.234543 Received request from 102.23.55.32 for /example
2019-02-13T15:33:44.726534 Started database query for table users
2019-02-13T15:33:44.038472 Completed database query for table users
2019-02-13T15:33:43.234543 Received request from 102.23.55.32 for /example
2019-02-13T15:33:44.726534 Started database query for table users
2019-02-13T15:33:44.038472 Completed database query for table users
2019-02-13T15:33:43.234543 Received request from 102.23.55.32 for /example
2019-02-13T15:33:44.726534 Started database query for table users
2019-02-13T15:33:44.038472 Completed database query for table users
2019-02-13T15:33:43.234543 Received request from 102.23.55.32 for /example
2019-02-13T15:33:44.726534 Started database query for table users
2019-02-13T15:33:44.038472 Completed database query for table users
2019-02-13T15:33:43.234543 Received request from 102.23.55.32 for /example
2006-02-13T15:33:44.726534 Started database query for table users
2019-02-13T15:33:44.038472 Completed database query for table users
2019-02-13T15:33:43.234543 Received request from 102.23.55.32 for /example
2009-02-13T15:33:44.726534 Started database query for table users
2019-02-13T15:33:44.038472 Completed database query for table users
2019-02-13T15:33:43.234543 Received request from 102.23.55.32 for /example
2018-02-13T15:33:44.726534 Started database query for table users
2019-02-13T15:33:44.038472 Completed database query for table users
2019-02-13T15:33:43.234543 Received request from 102.23.55.32 for /example
2012-02-13T15:33:44.726534 Started database query for table users
2019-02-13T15:33:44.038472 Completed database query for table users
2019-02-13T15:33:43.234543 Received request from 102.23.55.32 for /example
2019-02-13T15:33:44.726534 Started database query for table users
2019-02-13T15:33:44.038472 Completed database query for table users
2015-02-13T15:33:43.234543 Received request from 102.23.55.32 for /example
2019-02-13T15:33:44.726534 Started database query for table users
2019-02-13T15:33:44.038472 Completed database query for table users
2019-02-13T15:33:43.234543 Received request from 102.23.55.32 for /example
2019-02-13T15:33:44.726534 Started database query for table users
2019-02-13T15:33:44.038472 Completed database query for table users
2019-02-13T15:33:43.234543 Received request from 102.23.55.32 for /example
2019-02-13T15:33:44.726534 Started database query for table users
2019-02-13T15:33:44.038472 Completed database query for table users
2019-02-13T15:33:43.234543 Received request from 102.23.55.32 for /example
2019-02-13T15:33:44.726534 Started database query for table users
2019-02-13T15:33:44.038472 Completed database query for table users
2019-02-13T15:33:43.234543 Received request from 102.23.55.32 for /example
2019-02-13T15:33:44.726534 Started database query for table users
2019-02-13T15:33:44.038472 Completed database query for table users
2019-02-13T15:33:43.234543 Received request from 102.23.55.32 for /example
2019-02-13T15:33:44.726534 Started database query for table users
2019-02-13T15:33:44.038472 Completed database query for table users
2019-02-13T15:33:43.234543 Received request from 102.23.55.32 for /example
2019-02-13T15:33:44.726534 Started database query for table users
2019-02-13T15:33:44.038472 Completed database query for table users
2019-02-13T15:33:43.234543 Received request from 102.23.55.32 for /example
2019-02-13T15:33:44.726534 Started database query for table users
2019-02-13T15:33:44.038472 Completed database query for table users
2019-02-13T15:33:43.234543 Received request from 102.23.55.32 for /example
2006-02-13T15:33:44.726534 Started database query for table users
2019-02-13T15:33:44.038472 Completed database query for table users
2019-02-13T15:33:43.234543 Received request from 102.23.55.32 for /example
2009-02-13T15:33:44.726534 Started database query for table users
2019-02-13T15:33:44.038472 Completed database query for table users
2019-02-13T15:33:43.234543 Received request from 102.23.55.32 for /example
2018-02-13T15:33:44.726534 Started database query for table users
2019-02-13T15:33:44.038472 Completed database query for table users
2019-02-13T15:33:43.234543 Received request from 102.23.55.32 for /example
2012-02-13T15:33:44.726534 Started database query for table users
2019-02-13T15:33:44.038472 Completed database query for table users
2019-02-13T15:33:43.234543 Received request from 102.23.55.32 for /example
2019-02-13T15:33:44.726534 Started database query for table users
2019-02-13T15:33:44.038472 Completed database query for table users
2015-02-13T15:33:43.234543 Received request from 102.23.55.32 for /example
2019-02-13T15:33:44.726534 Started database query for table users
2019-02-13T15:33:44.038472 Completed database query for table users
2019-02-13T15:33:43.234543 Received request from 102.23.55.32 for /example
2019-02-13T15:33:44.726534 Started database query for table users
2019-02-13T15:33:44.038472 Completed database query for table users
2019-02-13T15:33:43.234543 Received request from 102.23.55.32 for /example
2019-02-13T15:33:44.726534 Started database query for table users
2019-02-13T15:33:44.038472 Completed database query for table users
2019-02-13T15:33:43.234543 Received request from 102.23.55.32 for /example
2019-02-13T15:33:44.726534 Started database query for table users
2019-02-13T15:33:44.038472 Completed database query for table users
2019-02-13T15:33:43.234543 Received request from 102.23.55.32 for /example
2019-02-13T15:33:44.726534 Started database query for table users
2019-02-13T15:33:44.038472 Completed database query for table users
2019-02-13T15:33:43.234543 Received request from 102.23.55.32 for /example
2019-02-13T15:33:44.726534 Started database query for table users
2019-02-13T15:33:44.038472 Completed database query for table users
2019-02-13T15:33:43.234543 Received request from 102.23.55.32 for /example
2019-02-13T15:33:44.726534 Started database query for table users
2019-02-13T15:33:44.038472 Completed database query for table users
2019-02-13T15:33:43.234543 Received request from 102.23.55.32 for /example
2019-02-13T15:33:44.726534 Started database query for table users
2019-02-13T15:33:44.038472 Completed database query for table users
2019-02-13T15:33:43.234543 Received request from 102.23.55.32 for /example
2006-02-13T15:33:44.726534 Started database query for table users
2019-02-13T15:33:44.038472 Completed database query for table users
2019-02-13T15:33:43.234543 Received request from 102.23.55.32 for /example
2009-02-13T15:33:44.726534 Started database query for table users
2019-02-13T15:33:44.038472 Completed database query for table users
2019-02-13T15:33:43.234543 Received request from 102.23.55.32 for /example
2018-02-13T15:33:44.726534 Started database query for table users
2019-02-13T15:33:44.038472 Completed database query for table users
2019-02-13T15:33:43.234543 Received request from 102.23.55.32 for /example
2012-02-13T15:33:44.726534 Started database query for table users
2019-02-13T15:33:44.038472 Completed database query for table users
2019-02-13T15:33:43.234543 Received request from 102.23.55.32 for /example
2019-02-13T15:33:44.726534 Started database query for table users
2019-02-13T15:33:44.038472 Completed database query for table users
2015-02-13T15:33:43.234543 Received request from 102.23.55.32 for /example
2019-02-13T15:33:44.726534 Started database query for table users
2019-02-13T15:33:44.038472 Completed database query for table users
2019-02-13T15:33:43.234543 Received request from 102.23.55.32 for /example
2019-02-13T15:33:44.726534 Started database query for table users
2019-02-13T15:33:44.038472 Completed database query for table users
2019-02-13T15:33:43.234543 Received request from 102.23.55.32 for /example
2019-02-13T15:33:44.726534 Started database query for table users
2019-02-13T15:33:44.038472 Completed database query for table users
2019-02-13T15:33:43.234543 Received request from 102.23.55.32 for /example
2019-02-13T15:33:44.726534 Started database query for table users
2019-02-13T15:33:44.038472 Completed database query for table users
2019-02-13T15:33:43.234543 Received request from 102.23.55.32 for /example
2019-02-13T15:33:44.726534 Started database query for table users
2019-02-13T15:33:44.038472 Completed database query for table users
2019-02-13T15:33:43.234543 Received request from 102.23.55.32 for /example
2019-02-13T15:33:44.726534 Started database query for table users
2019-02-13T15:33:44.038472 Completed database query for table users
2019-02-13T15:33:43.234543 Received request from 102.23.55.32 for /example
2019-02-13T15:33:44.726534 Started database query for table users
2019-02-13T15:33:44.038472 Completed database query for table users
2019-02-13T15:33:43.234543 Received request from 102.23.55.32 for /example
2019-02-13T15:33:44.726534 Started database query for table users
2019-02-13T15:33:44.038472 Completed database query for table users
2019-02-13T15:33:43.234543 Received request from 102.23.55.32 for /example
2006-02-13T15:33:44.726534 Started database query for table users
2019-02-13T15:33:44.038472 Completed database query for table users
2019-02-13T15:33:43.234543 Received request from 102.23.55.32 for /example
2009-02-13T15:33:44.726534 Started database query for table users
2019-02-13T15:33:44.038472 Completed database query for table users
2019-02-13T15:33:43.234543 Received request from 102.23.55.32 for /example
2018-02-13T15:33:44.726534 Started database query for table users
2019-02-13T15:33:44.038472 Completed database query for table users
2019-02-13T15:33:43.234543 Received request from 102.23.55.32 for /example
2012-02-13T15:33:44.726534 Started database query for table users
2019-02-13T15:33:44.038472 Completed database query for table users
2019-02-13T15:33:43.234543 Received request from 102.23.55.32 for /example
2019-02-13T15:33:44.726534 Started database query for table users
2019-02-13T15:33:44.038472 Completed database query for table users
2015-02-13T15:33:43.234543 Received request from 102.23.55.32 for /example
2019-02-13T15:33:44.726534 Started database query for table users
2019-02-13T15:33:44.038472 Completed database query for table users
2019-02-13T15:33:43.234543 Received request from 102.23.55.32 for /example
2019-02-13T15:33:44.726534 Started database query for table users
2019-02-13T15:33:44.038472 Completed database query for table users
2019-02-13T15:33:43.234543 Received request from 102.23.55.32 for /example
2019-02-13T15:33:44.726534 Started database query for table users
2019-02-13T15:33:44.038472 Completed database query for table users
2019-02-13T15:33:43.234543 Received request from 102.23.55.32 for /example
2019-02-13T15:33:44.726534 Started database query for table users
2019-02-13T15:33:44.038472 Completed database query for table users
2019-02-13T15:33:43.234543 Received request from 102.23.55.32 for /example
2019-02-13T15:33:44.726534 Started database query for table users
2019-02-13T15:33:44.038472 Completed database query for table users
2019-02-13T15:33:43.234543 Received request from 102.23.55.32 for /example
2019-02-13T15:33:44.726534 Started database query for table users
2019-02-13T15:33:44.038472 Completed database query for table users
2019-02-13T15:33:43.234543 Received request from 102.23.55.32 for /example
2019-02-13T15:33:44.726534 Started database query for table users
2019-02-13T15:33:44.038472 Completed database query for table users
2019-02-13T15:33:43.234543 Received request from 102.23.55.32 for /example
2019-02-13T15:33:44.726534 Started database query for table users
2019-02-13T15:33:44.038472 Completed database query for table users
2019-02-13T15:33:43.234543 Received request from 102.23.55.32 for /example
2006-02-13T15:33:44.726534 Started database query for table users
2019-02-13T15:33:44.038472 Completed database query for table users
2019-02-13T15:33:43.234543 Received request from 102.23.55.32 for /example
2009-02-13T15:33:44.726534 Started database query for table users
2019-02-13T15:33:44.038472 Completed database query for table users
2019-02-13T15:33:43.234543 Received request from 102.23.55.32 for /example
2018-02-13T15:33:44.726534 Started database query for table users
2019-02-13T15:33:44.038472 Completed database query for table users
2019-02-13T15:33:43.234543 Received request from 102.23.55.32 for /example
2012-02-13T15:33:44.726534 Started database query for table users
2019-02-13T15:33:44.038472 Completed database query for table users
2019-02-13T15:33:43.234543 Received request from 102.23.55.32 for /example
2019-02-13T15:33:44.726534 Started database query for table users
2019-02-13T15:33:44.038472 Completed database query for table users
2015-02-13T15:33:43.234543 Received request from 102.23.55.32 for /example
2019-02-13T15:33:44.726534 Started database query for table users
2019-02-13T15:33:44.038472 Completed database query for table users
2019-02-13T15:33:43.234543 Received request from 102.23.55.32 for /example
2019-02-13T15:33:44.726534 Started database query for table users
2019-02-13T15:33:44.038472 Completed database query for table users
2019-02-13T15:33:43.234543 Received request from 102.23.55.32 for /example
2019-02-13T15:33:44.726534 Started database query for table users
2019-02-13T15:33:44.038472 Completed database query for table users
2019-02-13T15:33:43.234543 Received request from 102.23.55.32 for /example
2019-02-13T15:33:44.726534 Started database query for table users
2019-02-13T15:33:44.038472 Completed database query for table users
2019-02-13T15:33:43.234543 Received request from 102.23.55.32 for /example
2019-02-13T15:33:44.726534 Started database query for table users
2019-02-13T15:33:44.038472 Completed database query for table users
2019-02-13T15:33:43.234543 Received request from 102.23.55.32 for /example
2019-02-13T15:33:44.726534 Started database query for table users
2019-02-13T15:33:44.038472 Completed database query for table users
2019-02-13T15:33:43.234543 Received request from 102.23.55.32 for /example
2019-02-13T15:33:44.726534 Started database query for table users
2019-02-13T15:33:44.038472 Completed database query for table users
2019-02-13T15:33:43.234543 Received request from 102.23.55.32 for /example
2019-02-13T15:33:44.726534 Started database query for table users
2019-02-13T15:33:44.038472 Completed database query for table users
2019-02-13T15:33:43.234543 Received request from 102.23.55.32 for /example
2006-02-13T15:33:44.726534 Started database query for table users
2019-02-13T15:33:44.038472 Completed database query for table users
2019-02-13T15:33:43.234543 Received request from 102.23.55.32 for /example
2009-02-13T15:33:44.726534 Started database query for table users
2019-02-13T15:33:44.038472 Completed database query for table users
2019-02-13T15:33:43.234543 Received request from 102.23.55.32 for /example
2018-02-13T15:33:44.726534 Started database query for table users
2019-02-13T15:33:44.038472 Completed database query for table users
2019-02-13T15:33:43.234543 Received request from 102.23.55.32 for /example
2012-02-13T15:33:44.726534 Started database query for table users
2019-02-13T15:33:44.038472 Completed database query for table users
2019-02-13T15:33:43.234543 Received request from 102.23.55.32 for /example
2019-02-13T15:33:44.726534 Started database query for table users
2019-02-13T15:33:44.038472 Completed database query for table users
2015-02-13T15:33:43.234543 Received request from 102.23.55.32 for /example
2019-02-13T15:33:44.726534 Started database query for table users
2019-02-13T15:33:44.038472 Completed database query for table users
2019-02-13T15:33:43.234543 Received request from 102.23.55.32 for /example
2019-02-13T15:33:44.726534 Started database query for table users
2019-02-13T15:33:44.038472 Completed database query for table users
2019-02-13T15:33:43.234543 Received request from 102.23.55.32 for /example
2019-02-13T15:33:44.726534 Started database query for table users
2019-02-13T15:33:44.038472 Completed database query for table users
2019-02-13T15:33:43.234543 Received request from 102.23.55.32 for /example
2019-02-13T15:33:44.726534 Started database query for table users
2019-02-13T15:33:44.038472 Completed database query for table users
2019-02-13T15:33:43.234543 Received request from 102.23.55.32 for /example
2019-02-13T15:33:44.726534 Started database query for table users
2019-02-13T15:33:44.038472 Completed database query for table users
2019-02-13T15:33:43.234543 Received request from 102.23.55.32 for /example
2019-02-13T15:33:44.726534 Started database query for table users
2019-02-13T15:33:44.038472 Completed database query for table users
2019-02-13T15:33:43.234543 Received request from 102.23.55.32 for /example
2019-02-13T15:33:44.726534 Started database query for table users
2019-02-13T15:33:44.038472 Completed database query for table users
2019-02-13T15:33:43.234543 Received request from 102.23.55.32 for /example
2019-02-13T15:33:44.726534 Started database query for table users
2019-02-13T15:33:44.038472 Completed database query for table users
2019-02-13T15:33:43.234543 Received request from 102.23.55.32 for /example
2006-02-13T15:33:44.726534 Started database query for table users
2019-02-13T15:33:44.038472 Completed database query for table users
2019-02-13T15:33:43.234543 Received request from 102.23.55.32 for /example
2009-02-13T15:33:44.726534 Started database query for table users
2019-02-13T15:33:44.038472 Completed database query for table users
2019-02-13T15:33:43.234543 Received request from 102.23.55.32 for /example
2018-02-13T15:33:44.726534 Started database query for table users
2019-02-13T15:33:44.038472 Completed database query for table users
2019-02-13T15:33:43.234543 Received request from 102.23.55.32 for /example
2012-02-13T15:33:44.726534 Started database query for table users
2019-02-13T15:33:44.038472 Completed database query for table users
2019-02-13T15:33:43.234543 Received request from 102.23.55.32 for /example
2019-02-13T15:33:44.726534 Started database query for table users
2019-02-13T15:33:44.038472 Completed database query for table users
2015-02-13T15:33:43.234543 Received request from 102.23.55.32 for /example
2019-02-13T15:33:44.726534 Started database query for table users
2019-02-13T15:33:44.038472 Completed database query for table users
2019-02-13T15:33:43.234543 Received request from 102.23.55.32 for /example
2019-02-13T15:33:44.726534 Started database query for table users
2019-02-13T15:33:44.038472 Completed database query for table users
2019-02-13T15:33:43.234543 Received request from 102.23.55.32 for /example
2019-02-13T15:33:44.726534 Started database query for table users
2019-02-13T15:33:44.038472 Completed database query for table users
2019-02-13T15:33:43.234543 Received request from 102.23.55.32 for /example
2019-02-13T15:33:44.726534 Started database query for table users
2019-02-13T15:33:44.038472 Completed database query for table users
2019-02-13T15:33:43.234543 Received request from 102.23.55.32 for /example
2019-02-13T15:33:44.726534 Started database query for table users
2019-02-13T15:33:44.038472 Completed database query for table users
2019-02-13T15:33:43.234543 Received request from 102.23.55.32 for /example
2019-02-13T15:33:44.726534 Started database query for table users
2019-02-13T15:33:44.038472 Completed database query for table users
2019-02-13T15:33:43.234543 Received request from 102.23.55.32 for /example
2019-02-13T15:33:44.726534 Started database query for table users
2019-02-13T15:33:44.038472 Completed database query for table users
2019-02-13T15:33:43.234543 Received request from 102.23.55.32 for /example
2019-02-13T15:33:44.726534 Started database query for table users
2019-02-13T15:33:44.038472 Completed database query for table users
2019-02-13T15:33:43.234543 Received request from 102.23.55.32 for /example
2006-02-13T15:33:44.726534 Started database query for table users
2019-02-13T15:33:44.038472 Completed database query for table users
2019-02-13T15:33:43.234543 Received request from 102.23.55.32 for /example
2009-02-13T15:33:44.726534 Started database query for table users
2019-02-13T15:33:44.038472 Completed database query for table users
2019-02-13T15:33:43.234543 Received request from 102.23.55.32 for /example
2018-02-13T15:33:44.726534 Started database query for table users
2019-02-13T15:33:44.038472 Completed database query for table users
2019-02-13T15:33:43.234543 Received request from 102.23.55.32 for /example
2012-02-13T15:33:44.726534 Started database query for table users
2019-02-13T15:33:44.038472 Completed database query for table users
2019-02-13T15:33:43.234543 Received request from 102.23.55.32 for /example
2019-02-13T15:33:44.726534 Started database query for table users
2019-02-13T15:33:44.038472 Completed database query for table users
2015-02-13T15:33:43.234543 Received request from 102.23.55.32 for /example
2019-02-13T15:33:44.726534 Started database query for table users
2019-02-13T15:33:44.038472 Completed database query for table users
2019-02-13T15:33:43.234543 Received request from 102.23.55.32 for /example
2019-02-13T15:33:44.726534 Started database query for table users
2019-02-13T15:33:44.038472 Completed database query for table users
2019-02-13T15:33:43.234543 Received request from 102.23.55.32 for /example
2019-02-13T15:33:44.726534 Started database query for table users
2019-02-13T15:33:44.038472 Completed database query for table users
2019-02-13T15:33:43.234543 Received request from 102.23.55.32 for /example
2019-02-13T15:33:44.726534 Started database query for table users
2019-02-13T15:33:44.038472 Completed database query for table users
2019-02-13T15:33:43.234543 Received request from 102.23.55.32 for /example
2019-02-13T15:33:44.726534 Started database query for table users
2019-02-13T15:33:44.038472 Completed database query for table users
2019-02-13T15:33:43.234543 Received request from 102.23.55.32 for /example
2019-02-13T15:33:44.726534 Started database query for table users
2019-02-13T15:33:44.038472 Completed database query for table users
2019-02-13T15:33:43.234543 Received request from 102.23.55.32 for /example
2019-02-13T15:33:44.726534 Started database query for table users
2019-02-13T15:33:44.038472 Completed database query for table users
2019-02-13T15:33:43.234543 Received request from 102.23.55.32 for /example
2019-02-13T15:33:44.726534 Started database query for table users
2019-02-13T15:33:44.038472 Completed database query for table users
2019-02-13T15:33:43.234543 Received request from 102.23.55.32 for /example
2006-02-13T15:33:44.726534 Started database query for table users
2019-02-13T15:33:44.038472 Completed database query for table users
2019-02-13T15:33:43.234543 Received request from 102.23.55.32 for /example
2009-02-13T15:33:44.726534 Started database query for table users
2019-02-13T15:33:44.038472 Completed database query for table users
2019-02-13T15:33:43.234543 Received request from 102.23.55.32 for /example
2018-02-13T15:33:44.726534 Started database query for table users
2019-02-13T15:33:44.038472 Completed database query for table users
2019-02-13T15:33:43.234543 Received request from 102.23.55.32 for /example
2012-02-13T15:33:44.726534 Started database query for table users
2019-02-13T15:33:44.038472 Completed database query for table users
2019-02-13T15:33:43.234543 Received request from 102.23.55.32 for /example
2019-02-13T15:33:44.726534 Started database query for table users
2019-02-13T15:33:44.038472 Completed database query for table users
2015-02-13T15:33:43.234543 Received request from 102.23.55.32 for /example
2019-02-13T15:33:44.726534 Started database query for table users
2019-02-13T15:33:44.038472 Completed database query for table users
2019-02-13T15:33:43.234543 Received request from 102.23.55.32 for /example
2019-02-13T15:33:44.726534 Started database query for table users
2019-02-13T15:33:44.038472 Completed database query for table users
2019-02-13T15:33:43.234543 Received request from 102.23.55.32 for /example
2019-02-13T15:33:44.726534 Started database query for table users
2019-02-13T15:33:44.038472 Completed database query for table users
2019-02-13T15:33:43.234543 Received request from 102.23.55.32 for /example
2019-02-13T15:33:44.726534 Started database query for table users
2019-02-13T15:33:44.038472 Completed database query for table users
2019-02-13T15:33:43.234543 Received request from 102.23.55.32 for /example
2019-02-13T15:33:44.726534 Started database query for table users
2019-02-13T15:33:44.038472 Completed database query for table users
2019-02-13T15:33:43.234543 Received request from 102.23.55.32 for /example
2019-02-13T15:33:44.726534 Started database query for table users
2019-02-13T15:33:44.038472 Completed database query for table users
2019-02-13T15:33:43.234543 Received request from 102.23.55.32 for /example
2019-02-13T15:33:44.726534 Started database query for table users
2019-02-13T15:33:44.038472 Completed database query for table users
2019-02-13T15:33:43.234543 Received request from 102.23.55.32 for /example
2019-02-13T15:33:44.726534 Started database query for table users
2019-02-13T15:33:44.038472 Completed database query for table users
2019-02-13T15:33:43.234543 Received request from 102.23.55.32 for /example
2006-02-13T15:33:44.726534 Started database query for table users
2019-02-13T15:33:44.038472 Completed database query for table users
2019-02-13T15:33:43.234543 Received request from 102.23.55.32 for /example
2009-02-13T15:33:44.726534 Started database query for table users
2019-02-13T15:33:44.038472 Completed database query for table users
2019-02-13T15:33:43.234543 Received request from 102.23.55.32 for /example
2018-02-13T15:33:44.726534 Started database query for table users
2019-02-13T15:33:44.038472 Completed database query for table users
2019-02-13T15:33:43.234543 Received request from 102.23.55.32 for /example
2012-02-13T15:33:44.726534 Started database query for table users
2019-02-13T15:33:44.038472 Completed database query for table users
2019-02-13T15:33:43.234543 Received request from 102.23.55.32 for /example
2019-02-13T15:33:44.726534 Started database query for table users
2019-02-13T15:33:44.038472 Completed database query for table users
2015-02-13T15:33:43.234543 Received request from 102.23.55.32 for /example
2019-02-13T15:33:44.726534 Started database query for table users
2019-02-13T15:33:44.038472 Completed database query for table users
2019-02-13T15:33:43.234543 Received request from 102.23.55.32 for /example
2019-02-13T15:33:44.726534 Started database query for table users
2019-02-13T15:33:44.038472 Completed database query for table users
2019-02-13T15:33:43.234543 Received request from 102.23.55.32 for /example
2019-02-13T15:33:44.726534 Started database query for table users
2019-02-13T15:33:44.038472 Completed database query for table users
2019-02-13T15:33:43.234543 Received request from 102.23.55.32 for /example
2019-02-13T15:33:44.726534 Started database query for table users
2019-02-13T15:33:44.038472 Completed database query for table users
2019-02-13T15:33:43.234543 Received request from 102.23.55.32 for /example
2019-02-13T15:33:44.726534 Started database query for table users
2019-02-13T15:33:44.038472 Completed database query for table users
2019-02-13T15:33:43.234543 Received request from 102.23.55.32 for /example
2019-02-13T15:33:44.726534 Started database query for table users
2019-02-13T15:33:44.038472 Completed database query for table users
2019-02-13T15:33:43.234543 Received request from 102.23.55.32 for /example
2019-02-13T15:33:44.726534 Started database query for table users
2019-02-13T15:33:44.038472 Completed database query for table users
2019-02-13T15:33:43.234543 Received request from 102.23.55.32 for /example
2019-02-13T15:33:44.726534 Started database query for table users
2019-02-13T15:33:44.038472 Completed database query for table users
2019-02-13T15:33:43.234543 Received request from 102.23.55.32 for /example
2006-02-13T15:33:44.726534 Started database query for table users
2019-02-13T15:33:44.038472 Completed database query for table users
2019-02-13T15:33:43.234543 Received request from 102.23.55.32 for /example
2009-02-13T15:33:44.726534 Started database query for table users
2019-02-13T15:33:44.038472 Completed database query for table users
2019-02-13T15:33:43.234543 Received request from 102.23.55.32 for /example
2018-02-13T15:33:44.726534 Started database query for table users
2019-02-13T15:33:44.038472 Completed database query for table users
2019-02-13T15:33:43.234543 Received request from 102.23.55.32 for /example
2012-02-13T15:33:44.726534 Started database query for table users
2019-02-13T15:33:44.038472 Completed database query for table users
2019-02-13T15:33:43.234543 Received request from 102.23.55.32 for /example
2019-02-13T15:33:44.726534 Started database query for table users
2019-02-13T15:33:44.038472 Completed database query for table users
2015-02-13T15:33:43.234543 Received request from 102.23.55.32 for /example
2019-02-13T15:33:44.726534 Started database query for table users
2019-02-13T15:33:44.038472 Completed database query for table users
2019-02-13T15:33:43.234543 Received request from 102.23.55.32 for /example
2019-02-13T15:33:44.726534 Started database query for table users
2019-02-13T15:33:44.038472 Completed database query for table users
2019-02-13T15:33:43.234543 Received request from 102.23.55.32 for /example
2019-02-13T15:33:44.726534 Started database query for table users
2019-02-13T15:33:44.038472 Completed database query for table users
2019-02-13T15:33:43.234543 Received request from 102.23.55.32 for /example
2019-02-13T15:33:44.726534 Started database query for table users
2019-02-13T15:33:44.038472 Completed database query for table users
2019-02-13T15:33:43.234543 Received request from 102.23.55.32 for /example
2019-02-13T15:33:44.726534 Started database query for table users
2019-02-13T15:33:44.038472 Completed database query for table users
2019-02-13T15:33:43.234543 Received request from 102.23.55.32 for /example
2019-02-13T15:33:44.726534 Started database query for table users
2019-02-13T15:33:44.038472 Completed database query for table users
2019-02-13T15:33:43.234543 Received request from 102.23.55.32 for /example
2019-02-13T15:33:44.726534 Started database query for table users
2019-02-13T15:33:44.038472 Completed database query for table users
2019-02-13T15:33:43.234543 Received request from 102.23.55.32 for /example
2019-02-13T15:33:44.726534 Started database query for table users
2019-02-13T15:33:44.038472 Completed database query for table users
2019-02-13T15:33:43.234543 Received request from 102.23.55.32 for /example
2006-02-13T15:33:44.726534 Started database query for table users
2019-02-13T15:33:44.038472 Completed database query for table users
2019-02-13T15:33:43.234543 Received request from 102.23.55.32 for /example
2009-02-13T15:33:44.726534 Started database query for table users
2019-02-13T15:33:44.038472 Completed database query for table users
2019-02-13T15:33:43.234543 Received request from 102.23.55.32 for /example
2018-02-13T15:33:44.726534 Started database query for table users
2019-02-13T15:33:44.038472 Completed database query for table users
2019-02-13T15:33:43.234543 Received request from 102.23.55.32 for /example
2012-02-13T15:33:44.726534 Started database query for table users
2019-02-13T15:33:44.038472 Completed database query for table users
2019-02-13T15:33:43.234543 Received request from 102.23.55.32 for /example
2019-02-13T15:33:44.726534 Started database query for table users
2019-02-13T15:33:44.038472 Completed database query for table users
2015-02-13T15:33:43.234543 Received request from 102.23.55.32 for /example
2019-02-13T15:33:44.726534 Started database query for table users
2019-02-13T15:33:44.038472 Completed database query for table users
2019-02-13T15:33:43.234543 Received request from 102.23.55.32 for /example
2019-02-13T15:33:44.726534 Started database query for table users
2019-02-13T15:33:44.038472 Completed database query for table users
2019-02-13T15:33:43.234543 Received request from 102.23.55.32 for /example
2019-02-13T15:33:44.726534 Started database query for table users
2019-02-13T15:33:44.038472 Completed database query for table users
2019-02-13T15:33:43.234543 Received request from 102.23.55.32 for /example
2019-02-13T15:33:44.726534 Started database query for table users
2019-02-13T15:33:44.038472 Completed database query for table users
2019-02-13T15:33:43.234543 Received request from 102.23.55.32 for /example
2019-02-13T15:33:44.726534 Started database query for table users
2019-02-13T15:33:44.038472 Completed database query for table users
2019-02-13T15:33:43.234543 Received request from 102.23.55.32 for /example
2019-02-13T15:33:44.726534 Started database query for table users
2019-02-13T15:33:44.038472 Completed database query for table users
2019-02-13T15:33:43.234543 Received request from 102.23.55.32 for /example
2019-02-13T15:33:44.726534 Started database query for table users
2019-02-13T15:33:44.038472 Completed database query for table users
2019-02-13T15:33:43.234543 Received request from 102.23.55.32 for /example
2019-02-13T15:33:44.726534 Started database query for table users
2019-02-13T15:33:44.038472 Completed database query for table users
2019-02-13T15:33:43.234543 Received request from 102.23.55.32 for /example
2006-02-13T15:33:44.726534 Started database query for table users
2019-02-13T15:33:44.038472 Completed database query for table users
2019-02-13T15:33:43.234543 Received request from 102.23.55.32 for /example
2009-02-13T15:33:44.726534 Started database query for table users
2019-02-13T15:33:44.038472 Completed database query for table users
2019-02-13T15:33:43.234543 Received request from 102.23.55.32 for /example
2018-02-13T15:33:44.726534 Started database query for table users
2019-02-13T15:33:44.038472 Completed database query for table users
2019-02-13T15:33:43.234543 Received request from 102.23.55.32 for /example
2012-02-13T15:33:44.726534 Started database query for table users
2019-02-13T15:33:44.038472 Completed database query for table users
2019-02-13T15:33:43.234543 Received request from 102.23.55.32 for /example
2019-02-13T15:33:44.726534 Started database query for table users
2019-02-13T15:33:44.038472 Completed database query for table users
2015-02-13T15:33:43.234543 Received request from 102.23.55.32 for /example
2019-02-13T15:33:44.726534 Started database query for table users
2019-02-13T15:33:44.038472 Completed database query for table users
2019-02-13T15:33:43.234543 Received request from 102.23.55.32 for /example
2019-02-13T15:33:44.726534 Started database query for table users
2019-02-13T15:33:44.038472 Completed database query for table users
2019-02-13T15:33:43.234543 Received request from 102.23.55.32 for /example
2019-02-13T15:33:44.726534 Started database query for table users
2019-02-13T15:33:44.038472 Completed database query for table users
2019-02-13T15:33:43.234543 Received request from 102.23.55.32 for /example
2019-02-13T15:33:44.726534 Started database query for table users
2019-02-13T15:33:44.038472 Completed database query for table users
2019-02-13T15:33:43.234543 Received request from 102.23.55.32 for /example
2019-02-13T15:33:44.726534 Started database query for table users
2019-02-13T15:33:44.038472 Completed database query for table users
2019-02-13T15:33:43.234543 Received request from 102.23.55.32 for /example
2019-02-13T15:33:44.726534 Started database query for table users
2019-02-13T15:33:44.038472 Completed database query for table users
2019-02-13T15:33:43.234543 Received request from 102.23.55.32 for /example
2019-02-13T15:33:44.726534 Started database query for table users
2019-02-13T15:33:44.038472 Completed database query for table users
2019-02-13T15:33:43.234543 Received request from 102.23.55.32 for /example
2019-02-13T15:33:44.726534 Started database query for table users
2019-02-13T15:33:44.038472 Completed database query for table users
2019-02-13T15:33:43.234543 Received request from 102.23.55.32 for /example
2006-02-13T15:33:44.726534 Started database query for table users
2019-02-13T15:33:44.038472 Completed database query for table users
2019-02-13T15:33:43.234543 Received request from 102.23.55.32 for /example
2009-02-13T15:33:44.726534 Started database query for table users
2019-02-13T15:33:44.038472 Completed database query for table users
2019-02-13T15:33:43.234543 Received request from 102.23.55.32 for /example
2018-02-13T15:33:44.726534 Started database query for table users
2019-02-13T15:33:44.038472 Completed database query for table users
2019-02-13T15:33:43.234543 Received request from 102.23.55.32 for /example
2012-02-13T15:33:44.726534 Started database query for table users
2019-02-13T15:33:44.038472 Completed database query for table users
2019-02-13T15:33:43.234543 Received request from 102.23.55.32 for /example
2019-02-13T15:33:44.726534 Started database query for table users
2019-02-13T15:33:44.038472 Completed database query for table users
2015-02-13T15:33:43.234543 Received request from 102.23.55.32 for /example
2019-02-13T15:33:44.726534 Started database query for table users
2019-02-13T15:33:44.038472 Completed database query for table users
2019-02-13T15:33:43.234543 Received request from 102.23.55.32 for /example
2019-02-13T15:33:44.726534 Started database query for table users
2019-02-13T15:33:44.038472 Completed database query for table users
2019-02-13T15:33:43.234543 Received request from 102.23.55.32 for /example
2019-02-13T15:33:44.726534 Started database query for table users
2019-02-13T15:33:44.038472 Completed database query for table users
2019-02-13T15:33:43.234543 Received request from 102.23.55.32 for /example
2019-02-13T15:33:44.726534 Started database query for table users
2019-02-13T15:33:44.038472 Completed database query for table users
2019-02-13T15:33:43.234543 Received request from 102.23.55.32 for /example
2019-02-13T15:33:44.726534 Started database query for table users
2019-02-13T15:33:44.038472 Completed database query for table users
2019-02-13T15:33:43.234543 Received request from 102.23.55.32 for /example
2019-02-13T15:33:44.726534 Started database query for table users
2019-02-13T15:33:44.038472 Completed database query for table users
2019-02-13T15:33:43.234543 Received request from 102.23.55.32 for /example
2019-02-13T15:33:44.726534 Started database query for table users
2019-02-13T15:33:44.038472 Completed database query for table users
2019-02-13T15:33:43.234543 Received request from 102.23.55.32 for /example
2019-02-13T15:33:44.726534 Started database query for table users
2019-02-13T15:33:44.038472 Completed database query for table users
2019-02-13T15:33:43.234543 Received request from 102.23.55.32 for /example
2006-02-13T15:33:44.726534 Started database query for table users
2019-02-13T15:33:44.038472 Completed database query for table users
2019-02-13T15:33:43.234543 Received request from 102.23.55.32 for /example
2009-02-13T15:33:44.726534 Started database query for table users
2019-02-13T15:33:44.038472 Completed database query for table users
2019-02-13T15:33:43.234543 Received request from 102.23.55.32 for /example
2018-02-13T15:33:44.726534 Started database query for table users
2019-02-13T15:33:44.038472 Completed database query for table users
2019-02-13T15:33:43.234543 Received request from 102.23.55.32 for /example
2012-02-13T15:33:44.726534 Started database query for table users
2019-02-13T15:33:44.038472 Completed database query for table users
2019-02-13T15:33:43.234543 Received request from 102.23.55.32 for /example
2019-02-13T15:33:44.726534 Started database query for table users
2019-02-13T15:33:44.038472 Completed database query for table users
2015-02-13T15:33:43.234543 Received request from 102.23.55.32 for /example
2019-02-13T15:33:44.726534 Started database query for table users
2019-02-13T15:33:44.038472 Completed database query for table users
2019-02-13T15:33:43.234543 Received request from 102.23.55.32 for /example
2019-02-13T15:33:44.726534 Started database query for table users
2019-02-13T15:33:44.038472 Completed database query for table users
2019-02-13T15:33:43.234543 Received request from 102.23.55.32 for /example
2019-02-13T15:33:44.726534 Started database query for table users
2019-02-13T15:33:44.038472 Completed database query for table users
2019-02-13T15:33:43.234543 Received request from 102.23.55.32 for /example
2019-02-13T15:33:44.726534 Started database query for table users
2019-02-13T15:33:44.038472 Completed database query for table users
2019-02-13T15:33:43.234543 Received request from 102.23.55.32 for /example
2019-02-13T15:33:44.726534 Started database query for table users
2019-02-13T15:33:44.038472 Completed database query for table users
2019-02-13T15:33:43.234543 Received request from 102.23.55.32 for /example
2019-02-13T15:33:44.726534 Started database query for table users
2019-02-13T15:33:44.038472 Completed database query for table users
2019-02-13T15:33:43.234543 Received request from 102.23.55.32 for /example
2019-02-13T15:33:44.726534 Started database query for table users
2019-02-13T15:33:44.038472 Completed database query for table users
2019-02-13T15:33:43.234543 Received request from 102.23.55.32 for /example
2019-02-13T15:33:44.726534 Started database query for table users
2019-02-13T15:33:44.038472 Completed database query for table users
2019-02-13T15:33:43.234543 Received request from 102.23.55.32 for /example
2006-02-13T15:33:44.726534 Started database query for table users
2019-02-13T15:33:44.038472 Completed database query for table users
2019-02-13T15:33:43.234543 Received request from 102.23.55.32 for /example
2009-02-13T15:33:44.726534 Started database query for table users
2019-02-13T15:33:44.038472 Completed database query for table users
2019-02-13T15:33:43.234543 Received request from 102.23.55.32 for /example
2018-02-13T15:33:44.726534 Started database query for table users
2019-02-13T15:33:44.038472 Completed database query for table users
2019-02-13T15:33:43.234543 Received request from 102.23.55.32 for /example
2012-02-13T15:33:44.726534 Started database query for table users
2019-02-13T15:33:44.038472 Completed database query for table users
2019-02-13T15:33:43.234543 Received request from 102.23.55.32 for /example
2019-02-13T15:33:44.726534 Started database query for table users
2019-02-13T15:33:44.038472 Completed database query for table users
2015-02-13T15:33:43.234543 Received request from 102.23.55.32 for /example
2019-02-13T15:33:44.726534 Started database query for table users
2019-02-13T15:33:44.038472 Completed database query for table users
2019-02-13T15:33:43.234543 Received request from 102.23.55.32 for /example
2019-02-13T15:33:44.726534 Started database query for table users
2019-02-13T15:33:44.038472 Completed database query for table users
2019-02-13T15:33:43.234543 Received request from 102.23.55.32 for /example
2019-02-13T15:33:44.726534 Started database query for table users
2019-02-13T15:33:44.038472 Completed database query for table users
2019-02-13T15:33:43.234543 Received request from 102.23.55.32 for /example
2019-02-13T15:33:44.726534 Started database query for table users
2019-02-13T15:33:44.038472 Completed database query for table users
2019-02-13T15:33:43.234543 Received request from 102.23.55.32 for /example
2019-02-13T15:33:44.726534 Started database query for table users
2019-02-13T15:33:44.038472 Completed database query for table users
2019-02-13T15:33:43.234543 Received request from 102.23.55.32 for /example
2019-02-13T15:33:44.726534 Started database query for table users
2019-02-13T15:33:44.038472 Completed database query for table users
2019-02-13T15:33:43.234543 Received request from 102.23.55.32 for /example
2019-02-13T15:33:44.726534 Started database query for table users
2019-02-13T15:33:44.038472 Completed database query for table users
2019-02-13T15:33:43.234543 Received request from 102.23.55.32 for /example
2019-02-13T15:33:44.726534 Started database query for table users
2019-02-13T15:33:44.038472 Completed database query for table users
2019-02-13T15:33:43.234543 Received request from 102.23.55.32 for /example
2006-02-13T15:33:44.726534 Started database query for table users
2019-02-13T15:33:44.038472 Completed database query for table users
2019-02-13T15:33:43.234543 Received request from 102.23.55.32 for /example
2009-02-13T15:33:44.726534 Started database query for table users
2019-02-13T15:33:44.038472 Completed database query for table users
2019-02-13T15:33:43.234543 Received request from 102.23.55.32 for /example
2018-02-13T15:33:44.726534 Started database query for table users
2019-02-13T15:33:44.038472 Completed database query for table users
2019-02-13T15:33:43.234543 Received request from 102.23.55.32 for /example
2012-02-13T15:33:44.726534 Started database query for table users
2019-02-13T15:33:44.038472 Completed database query for table users
2019-02-13T15:33:43.234543 Received request from 102.23.55.32 for /example
2019-02-13T15:33:44.726534 Started database query for table users
2019-02-13T15:33:44.038472 Completed database query for table users
2015-02-13T15:33:43.234543 Received request from 102.23.55.32 for /example
2019-02-13T15:33:44.726534 Started database query for table users
2019-02-13T15:33:44.038472 Completed database query for table users
2019-02-13T15:33:43.234543 Received request from 102.23.55.32 for /example
2019-02-13T15:33:44.726534 Started database query for table users
2019-02-13T15:33:44.038472 Completed database query for table users
2019-02-13T15:33:43.234543 Received request from 102.23.55.32 for /example
2019-02-13T15:33:44.726534 Started database query for table users
2019-02-13T15:33:44.038472 Completed database query for table users
2019-02-13T15:33:43.234543 Received request from 102.23.55.32 for /example
2019-02-13T15:33:44.726534 Started database query for table users
2019-02-13T15:33:44.038472 Completed database query for table users
2019-02-13T15:33:43.234543 Received request from 102.23.55.32 for /example
2019-02-13T15:33:44.726534 Started database query for table users
2019-02-13T15:33:44.038472 Completed database query for table users
2019-02-13T15:33:43.234543 Received request from 102.23.55.32 for /example
2019-02-13T15:33:44.726534 Started database query for table users
2019-02-13T15:33:44.038472 Completed database query for table users
2019-02-13T15:33:43.234543 Received request from 102.23.55.32 for /example
2019-02-13T15:33:44.726534 Started database query for table users
2019-02-13T15:33:44.038472 Completed database query for table users
2019-02-13T15:33:43.234543 Received request from 102.23.55.32 for /example
2019-02-13T15:33:44.726534 Started database query for table users
2019-02-13T15:33:44.038472 Completed database query for table users
2019-02-13T15:33:43.234543 Received request from 102.23.55.32 for /example
2006-02-13T15:33:44.726534 Started database query for table users
2019-02-13T15:33:44.038472 Completed database query for table users
2019-02-13T15:33:43.234543 Received request from 102.23.55.32 for /example
2009-02-13T15:33:44.726534 Started database query for table users
2019-02-13T15:33:44.038472 Completed database query for table users
2019-02-13T15:33:43.234543 Received request from 102.23.55.32 for /example
2018-02-13T15:33:44.726534 Started database query for table users
2019-02-13T15:33:44.038472 Completed database query for table users
2019-02-13T15:33:43.234543 Received request from 102.23.55.32 for /example
2012-02-13T15:33:44.726534 Started database query for table users
2019-02-13T15:33:44.038472 Completed database query for table users
2019-02-13T15:33:43.234543 Received request from 102.23.55.32 for /example
2019-02-13T15:33:44.726534 Started database query for table users
2019-02-13T15:33:44.038472 Completed database query for table users
2015-02-13T15:33:43.234543 Received request from 102.23.55.32 for /example
2019-02-13T15:33:44.726534 Started database query for table users
2019-02-13T15:33:44.038472 Completed database query for table users
2019-02-13T15:33:43.234543 Received request from 102.23.55.32 for /example
2019-02-13T15:33:44.726534 Started database query for table users
2019-02-13T15:33:44.038472 Completed database query for table users
2019-02-13T15:33:43.234543 Received request from 102.23.55.32 for /example
2019-02-13T15:33:44.726534 Started database query for table users
2019-02-13T15:33:44.038472 Completed database query for table users
2019-02-13T15:33:43.234543 Received request from 102.23.55.32 for /example
2019-02-13T15:33:44.726534 Started database query for table users
2019-02-13T15:33:44.038472 Completed database query for table users
2019-02-13T15:33:43.234543 Received request from 102.23.55.32 for /example
2019-02-13T15:33:44.726534 Started database query for table users
2019-02-13T15:33:44.038472 Completed database query for table users
2019-02-13T15:33:43.234543 Received request from 102.23.55.32 for /example
2019-02-13T15:33:44.726534 Started database query for table users
2019-02-13T15:33:44.038472 Completed database query for table users
2019-02-13T15:33:43.234543 Received request from 102.23.55.32 for /example
2019-02-13T15:33:44.726534 Started database query for table users
2019-02-13T15:33:44.038472 Completed database query for table users
2019-02-13T15:33:43.234543 Received request from 102.23.55.32 for /example
2019-02-13T15:33:44.726534 Started database query for table users
2019-02-13T15:33:44.038472 Completed database query for table users
2019-02-13T15:33:43.234543 Received request from 102.23.55.32 for /example
2006-02-13T15:33:44.726534 Started database query for table users
2019-02-13T15:33:44.038472 Completed database query for table users
2019-02-13T15:33:43.234543 Received request from 102.23.55.32 for /example
2009-02-13T15:33:44.726534 Started database query for table users
2019-02-13T15:33:44.038472 Completed database query for table users
2019-02-13T15:33:43.234543 Received request from 102.23.55.32 for /example
2018-02-13T15:33:44.726534 Started database query for table users
2019-02-13T15:33:44.038472 Completed database query for table users
2019-02-13T15:33:43.234543 Received request from 102.23.55.32 for /example
2012-02-13T15:33:44.726534 Started database query for table users
2019-02-13T15:33:44.038472 Completed database query for table users
2019-02-13T15:33:43.234543 Received request from 102.23.55.32 for /example
2019-02-13T15:33:44.726534 Started database query for table users
2019-02-13T15:33:44.038472 Completed database query for table users
2015-02-13T15:33:43.234543 Received request from 102.23.55.32 for /example
2019-02-13T15:33:44.726534 Started database query for table users
2019-02-13T15:33:44.038472 Completed database query for table users
2019-02-13T15:33:43.234543 Received request from 102.23.55.32 for /example
2019-02-13T15:33:44.726534 Started database query for table users
2019-02-13T15:33:44.038472 Completed database query for table users
2019-02-13T15:33:43.234543 Received request from 102.23.55.32 for /example
2019-02-13T15:33:44.726534 Started database query for table users
2019-02-13T15:33:44.038472 Completed database query for table users
2019-02-13T15:33:43.234543 Received request from 102.23.55.32 for /example
2019-02-13T15:33:44.726534 Started database query for table users
2019-02-13T15:33:44.038472 Completed database query for table users
2019-02-13T15:33:43.234543 Received request from 102.23.55.32 for /example
2019-02-13T15:33:44.726534 Started database query for table users
2019-02-13T15:33:44.038472 Completed database query for table users
2019-02-13T15:33:43.234543 Received request from 102.23.55.32 for /example
2019-02-13T15:33:44.726534 Started database query for table users
2019-02-13T15:33:44.038472 Completed database query for table users
2019-02-13T15:33:43.234543 Received request from 102.23.55.32 for /example
2019-02-13T15:33:44.726534 Started database query for table users
2019-02-13T15:33:44.038472 Completed database query for table users
2019-02-13T15:33:43.234543 Received request from 102.23.55.32 for /example
2019-02-13T15:33:44.726534 Started database query for table users
2019-02-13T15:33:44.038472 Completed database query for table users
2019-02-13T15:33:43.234543 Received request from 102.23.55.32 for /example
2006-02-13T15:33:44.726534 Started database query for table users
2019-02-13T15:33:44.038472 Completed database query for table users
2019-02-13T15:33:43.234543 Received request from 102.23.55.32 for /example
2009-02-13T15:33:44.726534 Started database query for table users
2019-02-13T15:33:44.038472 Completed database query for table users
2019-02-13T15:33:43.234543 Received request from 102.23.55.32 for /example
2018-02-13T15:33:44.726534 Started database query for table users
2019-02-13T15:33:44.038472 Completed database query for table users
2019-02-13T15:33:43.234543 Received request from 102.23.55.32 for /example
2012-02-13T15:33:44.726534 Started database query for table users
2019-02-13T15:33:44.038472 Completed database query for table users
2019-02-13T15:33:43.234543 Received request from 102.23.55.32 for /example
2019-02-13T15:33:44.726534 Started database query for table users
2019-02-13T15:33:44.038472 Completed database query for table users
2015-02-13T15:33:43.234543 Received request from 102.23.55.32 for /example
2019-02-13T15:33:44.726534 Started database query for table users
2019-02-13T15:33:44.038472 Completed database query for table users
2019-02-13T15:33:43.234543 Received request from 102.23.55.32 for /example
2019-02-13T15:33:44.726534 Started database query for table users
2019-02-13T15:33:44.038472 Completed database query for table users
2019-02-13T15:33:43.234543 Received request from 102.23.55.32 for /example
2019-02-13T15:33:44.726534 Started database query for table users
2019-02-13T15:33:44.038472 Completed database query for table users
2019-02-13T15:33:43.234543 Received request from 102.23.55.32 for /example
2019-02-13T15:33:44.726534 Started database query for table users
2019-02-13T15:33:44.038472 Completed database query for table users
2019-02-13T15:33:43.234543 Received request from 102.23.55.32 for /example
2019-02-13T15:33:44.726534 Started database query for table users
2019-02-13T15:33:44.038472 Completed database query for table users
2019-02-13T15:33:43.234543 Received request from 102.23.55.32 for /example
2019-02-13T15:33:44.726534 Started database query for table users
2019-02-13T15:33:44.038472 Completed database query for table users
2019-02-13T15:33:43.234543 Received request from 102.23.55.32 for /example
2019-02-13T15:33:44.726534 Started database query for table users
2019-02-13T15:33:44.038472 Completed database query for table users
2019-02-13T15:33:43.234543 Received request from 102.23.55.32 for /example
2019-02-13T15:33:44.726534 Started database query for table users
2019-02-13T15:33:44.038472 Completed database query for table users
2019-02-13T15:33:43.234543 Received request from 102.23.55.32 for /example
2006-02-13T15:33:44.726534 Started database query for table users
2019-02-13T15:33:44.038472 Completed database query for table users
2019-02-13T15:33:43.234543 Received request from 102.23.55.32 for /example
2009-02-13T15:33:44.726534 Started database query for table users
2019-02-13T15:33:44.038472 Completed database query for table users
2019-02-13T15:33:43.234543 Received request from 102.23.55.32 for /example
2018-02-13T15:33:44.726534 Started database query for table users
2019-02-13T15:33:44.038472 Completed database query for table users
2019-02-13T15:33:43.234543 Received request from 102.23.55.32 for /example
2012-02-13T15:33:44.726534 Started database query for table users
2019-02-13T15:33:44.038472 Completed database query for table users
2019-02-13T15:33:43.234543 Received request from 102.23.55.32 for /example
2019-02-13T15:33:44.726534 Started database query for table users
2019-02-13T15:33:44.038472 Completed database query for table users
2015-02-13T15:33:43.234543 Received request from 102.23.55.32 for /example
2019-02-13T15:33:44.726534 Started database query for table users
2019-02-13T15:33:44.038472 Completed database query for table users
2019-02-13T15:33:43.234543 Received request from 102.23.55.32 for /example
2019-02-13T15:33:44.726534 Started database query for table users
2019-02-13T15:33:44.038472 Completed database query for table users
2019-02-13T15:33:43.234543 Received request from 102.23.55.32 for /example
2019-02-13T15:33:44.726534 Started database query for table users
2019-02-13T15:33:44.038472 Completed database query for table users
2019-02-13T15:33:43.234543 Received request from 102.23.55.32 for /example
2019-02-13T15:33:44.726534 Started database query for table users
2019-02-13T15:33:44.038472 Completed database query for table users
2019-02-13T15:33:43.234543 Received request from 102.23.55.32 for /example
2019-02-13T15:33:44.726534 Started database query for table users
2019-02-13T15:33:44.038472 Completed database query for table users
2019-02-13T15:33:43.234543 Received request from 102.23.55.32 for /example
2019-02-13T15:33:44.726534 Started database query for table users
2019-02-13T15:33:44.038472 Completed database query for table users
2019-02-13T15:33:43.234543 Received request from 102.23.55.32 for /example
2019-02-13T15:33:44.726534 Started database query for table users
2019-02-13T15:33:44.038472 Completed database query for table users
2019-02-13T15:33:43.234543 Received request from 102.23.55.32 for /example
2019-02-13T15:33:44.726534 Started database query for table users
2019-02-13T15:33:44.038472 Completed database query for table users
2019-02-13T15:33:43.234543 Received request from 102.23.55.32 for /example
2006-02-13T15:33:44.726534 Started database query for table users
2019-02-13T15:33:44.038472 Completed database query for table users
2019-02-13T15:33:43.234543 Received request from 102.23.55.32 for /example
2009-02-13T15:33:44.726534 Started database query for table users
2019-02-13T15:33:44.038472 Completed database query for table users
2019-02-13T15:33:43.234543 Received request from 102.23.55.32 for /example
2018-02-13T15:33:44.726534 Started database query for table users
2019-02-13T15:33:44.038472 Completed database query for table users
2019-02-13T15:33:43.234543 Received request from 102.23.55.32 for /example
2012-02-13T15:33:44.726534 Started database query for table users
2019-02-13T15:33:44.038472 Completed database query for table users
2019-02-13T15:33:43.234543 Received request from 102.23.55.32 for /example
2019-02-13T15:33:44.726534 Started database query for table users
2019-02-13T15:33:44.038472 Completed database query for table users
2015-02-13T15:33:43.234543 Received request from 102.23.55.32 for /example
2019-02-13T15:33:44.726534 Started database query for table users
2019-02-13T15:33:44.038472 Completed database query for table users
2019-02-13T15:33:43.234543 Received request from 102.23.55.32 for /example
2019-02-13T15:33:44.726534 Started database query for table users
2019-02-13T15:33:44.038472 Completed database query for table users
2019-02-13T15:33:43.234543 Received request from 102.23.55.32 for /example
2019-02-13T15:33:44.726534 Started database query for table users
2019-02-13T15:33:44.038472 Completed database query for table users
2019-02-13T15:33:43.234543 Received request from 102.23.55.32 for /example
2019-02-13T15:33:44.726534 Started database query for table users
2019-02-13T15:33:44.038472 Completed database query for table users
2019-02-13T15:33:43.234543 Received request from 102.23.55.32 for /example
2019-02-13T15:33:44.726534 Started database query for table users
2019-02-13T15:33:44.038472 Completed database query for table users
2019-02-13T15:33:43.234543 Received request from 102.23.55.32 for /example
2019-02-13T15:33:44.726534 Started database query for table users
2019-02-13T15:33:44.038472 Completed database query for table users
2019-02-13T15:33:43.234543 Received request from 102.23.55.32 for /example
2019-02-13T15:33:44.726534 Started database query for table users
2019-02-13T15:33:44.038472 Completed database query for table users
2019-02-13T15:33:43.234543 Received request from 102.23.55.32 for /example
2019-02-13T15:33:44.726534 Started database query for table users
2019-02-13T15:33:44.038472 Completed database query for table users
2019-02-13T15:33:43.234543 Received request from 102.23.55.32 for /example
2006-02-13T15:33:44.726534 Started database query for table users
2019-02-13T15:33:44.038472 Completed database query for table users
2019-02-13T15:33:43.234543 Received request from 102.23.55.32 for /example
2009-02-13T15:33:44.726534 Started database query for table users
2019-02-13T15:33:44.038472 Completed database query for table users
2019-02-13T15:33:43.234543 Received request from 102.23.55.32 for /example
2018-02-13T15:33:44.726534 Started database query for table users
2019-02-13T15:33:44.038472 Completed database query for table users
2019-02-13T15:33:43.234543 Received request from 102.23.55.32 for /example
2012-02-13T15:33:44.726534 Started database query for table users
2019-02-13T15:33:44.038472 Completed database query for table users
2019-02-13T15:33:43.234543 Received request from 102.23.55.32 for /example
2019-02-13T15:33:44.726534 Started database query for table users
2019-02-13T15:33:44.038472 Completed database query for table users
2015-02-13T15:33:43.234543 Received request from 102.23.55.32 for /example
2019-02-13T15:33:44.726534 Started database query for table users
2019-02-13T15:33:44.038472 Completed database query for table users
2019-02-13T15:33:43.234543 Received request from 102.23.55.32 for /example
2019-02-13T15:33:44.726534 Started database query for table users
2019-02-13T15:33:44.038472 Completed database query for table users
2019-02-13T15:33:43.234543 Received request from 102.23.55.32 for /example
2019-02-13T15:33:44.726534 Started database query for table users
2019-02-13T15:33:44.038472 Completed database query for table users
2019-02-13T15:33:43.234543 Received request from 102.23.55.32 for /example
2019-02-13T15:33:44.726534 Started database query for table users
2019-02-13T15:33:44.038472 Completed database query for table users
2019-02-13T15:33:43.234543 Received request from 102.23.55.32 for /example
2019-02-13T15:33:44.726534 Started database query for table users
2019-02-13T15:33:44.038472 Completed database query for table users
2019-02-13T15:33:43.234543 Received request from 102.23.55.32 for /example
2019-02-13T15:33:44.726534 Started database query for table users
2019-02-13T15:33:44.038472 Completed database query for table users
2019-02-13T15:33:43.234543 Received request from 102.23.55.32 for /example
2019-02-13T15:33:44.726534 Started database query for table users
2019-02-13T15:33:44.038472 Completed database query for table users
2019-02-13T15:33:43.234543 Received request from 102.23.55.32 for /example
2019-02-13T15:33:44.726534 Started database query for table users
2019-02-13T15:33:44.038472 Completed database query for table users
2019-02-13T15:33:43.234543 Received request from 102.23.55.32 for /example
2006-02-13T15:33:44.726534 Started database query for table users
2019-02-13T15:33:44.038472 Completed database query for table users
2019-02-13T15:33:43.234543 Received request from 102.23.55.32 for /example
2009-02-13T15:33:44.726534 Started database query for table users
2019-02-13T15:33:44.038472 Completed database query for table users
2019-02-13T15:33:43.234543 Received request from 102.23.55.32 for /example
2018-02-13T15:33:44.726534 Started database query for table users
2019-02-13T15:33:44.038472 Completed database query for table users
2019-02-13T15:33:43.234543 Received request from 102.23.55.32 for /example
2012-02-13T15:33:44.726534 Started database query for table users
2019-02-13T15:33:44.038472 Completed database query for table users
2019-02-13T15:33:43.234543 Received request from 102.23.55.32 for /example
2019-02-13T15:33:44.726534 Started database query for table users
2019-02-13T15:33:44.038472 Completed database query for table users
2015-02-13T15:33:43.234543 Received request from 102.23.55.32 for /example
2019-02-13T15:33:44.726534 Started database query for table users
2019-02-13T15:33:44.038472 Completed database query for table users
2019-02-13T15:33:43.234543 Received request from 102.23.55.32 for /example
2019-02-13T15:33:44.726534 Started database query for table users
2019-02-13T15:33:44.038472 Completed database query for table users
2019-02-13T15:33:43.234543 Received request from 102.23.55.32 for /example
2019-02-13T15:33:44.726534 Started database query for table users
2019-02-13T15:33:44.038472 Completed database query for table users
2019-02-13T15:33:43.234543 Received request from 102.23.55.32 for /example
2019-02-13T15:33:44.726534 Started database query for table users
2019-02-13T15:33:44.038472 Completed database query for table users
2019-02-13T15:33:43.234543 Received request from 102.23.55.32 for /example
2019-02-13T15:33:44.726534 Started database query for table users
2019-02-13T15:33:44.038472 Completed database query for table users
2019-02-13T15:33:43.234543 Received request from 102.23.55.32 for /example
2019-02-13T15:33:44.726534 Started database query for table users
2019-02-13T15:33:44.038472 Completed database query for table users
2019-02-13T15:33:43.234543 Received request from 102.23.55.32 for /example
2019-02-13T15:33:44.726534 Started database query for table users
2019-02-13T15:33:44.038472 Completed database query for table users
2019-02-13T15:33:43.234543 Received request from 102.23.55.32 for /example
2019-02-13T15:33:44.726534 Started database query for table users
2019-02-13T15:33:44.038472 Completed database query for table users
2019-02-13T15:33:43.234543 Received request from 102.23.55.32 for /example
2006-02-13T15:33:44.726534 Started database query for table users
2019-02-13T15:33:44.038472 Completed database query for table users
2019-02-13T15:33:43.234543 Received request from 102.23.55.32 for /example
2009-02-13T15:33:44.726534 Started database query for table users
2019-02-13T15:33:44.038472 Completed database query for table users
2019-02-13T15:33:43.234543 Received request from 102.23.55.32 for /example
2018-02-13T15:33:44.726534 Started database query for table users
2019-02-13T15:33:44.038472 Completed database query for table users
2019-02-13T15:33:43.234543 Received request from 102.23.55.32 for /example
2012-02-13T15:33:44.726534 Started database query for table users
2019-02-13T15:33:44.038472 Completed database query for table users
2019-02-13T15:33:43.234543 Received request from 102.23.55.32 for /example
2019-02-13T15:33:44.726534 Started database query for table users
2019-02-13T15:33:44.038472 Completed database query for table users
2015-02-13T15:33:43.234543 Received request from 102.23.55.32 for /example
2019-02-13T15:33:44.726534 Started database query for table users
2019-02-13T15:33:44.038472 Completed database query for table users
2019-02-13T15:33:43.234543 Received request from 102.23.55.32 for /example
2019-02-13T15:33:44.726534 Started database query for table users
2019-02-13T15:33:44.038472 Completed database query for table users
2019-02-13T15:33:43.234543 Received request from 102.23.55.32 for /example
2019-02-13T15:33:44.726534 Started database query for table users
2019-02-13T15:33:44.038472 Completed database query for table users
2019-02-13T15:33:43.234543 Received request from 102.23.55.32 for /example
2019-02-13T15:33:44.726534 Started database query for table users
2019-02-13T15:33:44.038472 Completed database query for table users
2019-02-13T15:33:43.234543 Received request from 102.23.55.32 for /example
2019-02-13T15:33:44.726534 Started database query for table users
2019-02-13T15:33:44.038472 Completed database query for table users
2019-02-13T15:33:43.234543 Received request from 102.23.55.32 for /example
2019-02-13T15:33:44.726534 Started database query for table users
2019-02-13T15:33:44.038472 Completed database query for table users
2019-02-13T15:33:43.234543 Received request from 102.23.55.32 for /example
2019-02-13T15:33:44.726534 Started database query for table users
2019-02-13T15:33:44.038472 Completed database query for table users
2019-02-13T15:33:43.234543 Received request from 102.23.55.32 for /example
2019-02-13T15:33:44.726534 Started database query for table users
2019-02-13T15:33:44.038472 Completed database query for table users
2019-02-13T15:33:43.234543 Received request from 102.23.55.32 for /example
2006-02-13T15:33:44.726534 Started database query for table users
2019-02-13T15:33:44.038472 Completed database query for table users
2019-02-13T15:33:43.234543 Received request from 102.23.55.32 for /example
2009-02-13T15:33:44.726534 Started database query for table users
2019-02-13T15:33:44.038472 Completed database query for table users
2019-02-13T15:33:43.234543 Received request from 102.23.55.32 for /example
2018-02-13T15:33:44.726534 Started database query for table users
2019-02-13T15:33:44.038472 Completed database query for table users
2019-02-13T15:33:43.234543 Received request from 102.23.55.32 for /example
2012-02-13T15:33:44.726534 Started database query for table users
2019-02-13T15:33:44.038472 Completed database query for table users
2019-02-13T15:33:43.234543 Received request from 102.23.55.32 for /example
2019-02-13T15:33:44.726534 Started database query for table users
2019-02-13T15:33:44.038472 Completed database query for table users
2015-02-13T15:33:43.234543 Received request from 102.23.55.32 for /example
2019-02-13T15:33:44.726534 Started database query for table users
2019-02-13T15:33:44.038472 Completed database query for table users
2019-02-13T15:33:43.234543 Received request from 102.23.55.32 for /example
2019-02-13T15:33:44.726534 Started database query for table users
2019-02-13T15:33:44.038472 Completed database query for table users
2019-02-13T15:33:43.234543 Received request from 102.23.55.32 for /example
2019-02-13T15:33:44.726534 Started database query for table users
2019-02-13T15:33:44.038472 Completed database query for table users
2019-02-13T15:33:43.234543 Received request from 102.23.55.32 for /example
2019-02-13T15:33:44.726534 Started database query for table users
2019-02-13T15:33:44.038472 Completed database query for table users
2019-02-13T15:33:43.234543 Received request from 102.23.55.32 for /example
2019-02-13T15:33:44.726534 Started database query for table users
2019-02-13T15:33:44.038472 Completed database query for table users
2019-02-13T15:33:43.234543 Received request from 102.23.55.32 for /example
2019-02-13T15:33:44.726534 Started database query for table users
2019-02-13T15:33:44.038472 Completed database query for table users
2019-02-13T15:33:43.234543 Received request from 102.23.55.32 for /example
2019-02-13T15:33:44.726534 Started database query for table users
2019-02-13T15:33:44.038472 Completed database query for table users
2019-02-13T15:33:43.234543 Received request from 102.23.55.32 for /example
2019-02-13T15:33:44.726534 Started database query for table users
2019-02-13T15:33:44.038472 Completed database query for table users
2019-02-13T15:33:43.234543 Received request from 102.23.55.32 for /example
2006-02-13T15:33:44.726534 Started database query for table users
2019-02-13T15:33:44.038472 Completed database query for table users
2019-02-13T15:33:43.234543 Received request from 102.23.55.32 for /example
2009-02-13T15:33:44.726534 Started database query for table users
2019-02-13T15:33:44.038472 Completed database query for table users
2019-02-13T15:33:43.234543 Received request from 102.23.55.32 for /example
2018-02-13T15:33:44.726534 Started database query for table users
2019-02-13T15:33:44.038472 Completed database query for table users
2019-02-13T15:33:43.234543 Received request from 102.23.55.32 for /example
2012-02-13T15:33:44.726534 Started database query for table users
2019-02-13T15:33:44.038472 Completed database query for table users
2019-02-13T15:33:43.234543 Received request from 102.23.55.32 for /example
2019-02-13T15:33:44.726534 Started database query for table users
2019-02-13T15:33:44.038472 Completed database query for table users
2015-02-13T15:33:43.234543 Received request from 102.23.55.32 for /example
2019-02-13T15:33:44.726534 Started database query for table users
2019-02-13T15:33:44.038472 Completed database query for table users
2019-02-13T15:33:43.234543 Received request from 102.23.55.32 for /example
2019-02-13T15:33:44.726534 Started database query for table users
2019-02-13T15:33:44.038472 Completed database query for table users
2019-02-13T15:33:43.234543 Received request from 102.23.55.32 for /example
2019-02-13T15:33:44.726534 Started database query for table users
2019-02-13T15:33:44.038472 Completed database query for table users
2019-02-13T15:33:43.234543 Received request from 102.23.55.32 for /example
2019-02-13T15:33:44.726534 Started database query for table users
2019-02-13T15:33:44.038472 Completed database query for table users
2019-02-13T15:33:43.234543 Received request from 102.23.55.32 for /example
2019-02-13T15:33:44.726534 Started database query for table users
2019-02-13T15:33:44.038472 Completed database query for table users
2019-02-13T15:33:43.234543 Received request from 102.23.55.32 for /example
2019-02-13T15:33:44.726534 Started database query for table users
2019-02-13T15:33:44.038472 Completed database query for table users
2019-02-13T15:33:43.234543 Received request from 102.23.55.32 for /example
2019-02-13T15:33:44.726534 Started database query for table users
2019-02-13T15:33:44.038472 Completed database query for table users
2019-02-13T15:33:43.234543 Received request from 102.23.55.32 for /example
2019-02-13T15:33:44.726534 Started database query for table users
2019-02-13T15:33:44.038472 Completed database query for table users
2019-02-13T15:33:43.234543 Received request from 102.23.55.32 for /example
2006-02-13T15:33:44.726534 Started database query for table users
2019-02-13T15:33:44.038472 Completed database query for table users
2019-02-13T15:33:43.234543 Received request from 102.23.55.32 for /example
2009-02-13T15:33:44.726534 Started database query for table users
2019-02-13T15:33:44.038472 Completed database query for table users
2019-02-13T15:33:43.234543 Received request from 102.23.55.32 for /example
2018-02-13T15:33:44.726534 Started database query for table users
2019-02-13T15:33:44.038472 Completed database query for table users
2019-02-13T15:33:43.234543 Received request from 102.23.55.32 for /example
2012-02-13T15:33:44.726534 Started database query for table users
2019-02-13T15:33:44.038472 Completed database query for table users
2019-02-13T15:33:43.234543 Received request from 102.23.55.32 for /example
2019-02-13T15:33:44.726534 Started database query for table users
2019-02-13T15:33:44.038472 Completed database query for table users
2015-02-13T15:33:43.234543 Received request from 102.23.55.32 for /example
2019-02-13T15:33:44.726534 Started database query for table users
2019-02-13T15:33:44.038472 Completed database query for table users
2019-02-13T15:33:43.234543 Received request from 102.23.55.32 for /example
2019-02-13T15:33:44.726534 Started database query for table users
2019-02-13T15:33:44.038472 Completed database query for table users
2019-02-13T15:33:43.234543 Received request from 102.23.55.32 for /example
2019-02-13T15:33:44.726534 Started database query for table users
2019-02-13T15:33:44.038472 Completed database query for table users
2019-02-13T15:33:43.234543 Received request from 102.23.55.32 for /example
2019-02-13T15:33:44.726534 Started database query for table users
2019-02-13T15:33:44.038472 Completed database query for table users
2019-02-13T15:33:43.234543 Received request from 102.23.55.32 for /example
2019-02-13T15:33:44.726534 Started database query for table users
2019-02-13T15:33:44.038472 Completed database query for table users
2019-02-13T15:33:43.234543 Received request from 102.23.55.32 for /example
2019-02-13T15:33:44.726534 Started database query for table users
2019-02-13T15:33:44.038472 Completed database query for table users
2019-02-13T15:33:43.234543 Received request from 102.23.55.32 for /example
2019-02-13T15:33:44.726534 Started database query for table users
2019-02-13T15:33:44.038472 Completed database query for table users
2019-02-13T15:33:43.234543 Received request from 102.23.55.32 for /example
2019-02-13T15:33:44.726534 Started database query for table users
2019-02-13T15:33:44.038472 Completed database query for table users
2019-02-13T15:33:43.234543 Received request from 102.23.55.32 for /example
2006-02-13T15:33:44.726534 Started database query for table users
2019-02-13T15:33:44.038472 Completed database query for table users
2019-02-13T15:33:43.234543 Received request from 102.23.55.32 for /example
2009-02-13T15:33:44.726534 Started database query for table users
2019-02-13T15:33:44.038472 Completed database query for table users
2019-02-13T15:33:43.234543 Received request from 102.23.55.32 for /example
2018-02-13T15:33:44.726534 Started database query for table users
2019-02-13T15:33:44.038472 Completed database query for table users
2019-02-13T15:33:43.234543 Received request from 102.23.55.32 for /example
2012-02-13T15:33:44.726534 Started database query for table users
2019-02-13T15:33:44.038472 Completed database query for table users
2019-02-13T15:33:43.234543 Received request from 102.23.55.32 for /example
2019-02-13T15:33:44.726534 Started database query for table users
2019-02-13T15:33:44.038472 Completed database query for table users
2015-02-13T15:33:43.234543 Received request from 102.23.55.32 for /example
2019-02-13T15:33:44.726534 Started database query for table users
2019-02-13T15:33:44.038472 Completed database query for table users
2019-02-13T15:33:43.234543 Received request from 102.23.55.32 for /example
2019-02-13T15:33:44.726534 Started database query for table users
2019-02-13T15:33:44.038472 Completed database query for table users
2019-02-13T15:33:43.234543 Received request from 102.23.55.32 for /example
2019-02-13T15:33:44.726534 Started database query for table users
2019-02-13T15:33:44.038472 Completed database query for table users
2019-02-13T15:33:43.234543 Received request from 102.23.55.32 for /example
2019-02-13T15:33:44.726534 Started database query for table users
2019-02-13T15:33:44.038472 Completed database query for table users
2019-02-13T15:33:43.234543 Received request from 102.23.55.32 for /example
2019-02-13T15:33:44.726534 Started database query for table users
2019-02-13T15:33:44.038472 Completed database query for table users
2019-02-13T15:33:43.234543 Received request from 102.23.55.32 for /example
2019-02-13T15:33:44.726534 Started database query for table users
2019-02-13T15:33:44.038472 Completed database query for table users
2019-02-13T15:33:43.234543 Received request from 102.23.55.32 for /example
2019-02-13T15:33:44.726534 Started database query for table users
2019-02-13T15:33:44.038472 Completed database query for table users
2019-02-13T15:33:43.234543 Received request from 102.23.55.32 for /example
2019-02-13T15:33:44.726534 Started database query for table users
2019-02-13T15:33:44.038472 Completed database query for table users
2019-02-13T15:33:43.234543 Received request from 102.23.55.32 for /example
2006-02-13T15:33:44.726534 Started database query for table users
2019-02-13T15:33:44.038472 Completed database query for table users
2019-02-13T15:33:43.234543 Received request from 102.23.55.32 for /example
2009-02-13T15:33:44.726534 Started database query for table users
2019-02-13T15:33:44.038472 Completed database query for table users
2019-02-13T15:33:43.234543 Received request from 102.23.55.32 for /example
2018-02-13T15:33:44.726534 Started database query for table users
2019-02-13T15:33:44.038472 Completed database query for table users
2019-02-13T15:33:43.234543 Received request from 102.23.55.32 for /example
2012-02-13T15:33:44.726534 Started database query for table users
2019-02-13T15:33:44.038472 Completed database query for table users
2019-02-13T15:33:43.234543 Received request from 102.23.55.32 for /example
2019-02-13T15:33:44.726534 Started database query for table users
2019-02-13T15:33:44.038472 Completed database query for table users
2015-02-13T15:33:43.234543 Received request from 102.23.55.32 for /example
2019-02-13T15:33:44.726534 Started database query for table users
2019-02-13T15:33:44.038472 Completed database query for table users
2019-02-13T15:33:43.234543 Received request from 102.23.55.32 for /example
2019-02-13T15:33:44.726534 Started database query for table users
2019-02-13T15:33:44.038472 Completed database query for table users
2019-02-13T15:33:43.234543 Received request from 102.23.55.32 for /example
2019-02-13T15:33:44.726534 Started database query for table users
2019-02-13T15:33:44.038472 Completed database query for table users
2019-02-13T15:33:43.234543 Received request from 102.23.55.32 for /example
2019-02-13T15:33:44.726534 Started database query for table users
2019-02-13T15:33:44.038472 Completed database query for table users
2019-02-13T15:33:43.234543 Received request from 102.23.55.32 for /example
2019-02-13T15:33:44.726534 Started database query for table users
2019-02-13T15:33:44.038472 Completed database query for table users
2019-02-13T15:33:43.234543 Received request from 102.23.55.32 for /example
2019-02-13T15:33:44.726534 Started database query for table users
2019-02-13T15:33:44.038472 Completed database query for table users
2019-02-13T15:33:43.234543 Received request from 102.23.55.32 for /example
2019-02-13T15:33:44.726534 Started database query for table users
2019-02-13T15:33:44.038472 Completed database query for table users
2019-02-13T15:33:43.234543 Received request from 102.23.55.32 for /example
2019-02-13T15:33:44.726534 Started database query for table users
2019-02-13T15:33:44.038472 Completed database query for table users
2019-02-13T15:33:43.234543 Received request from 102.23.55.32 for /example
2006-02-13T15:33:44.726534 Started database query for table users
2019-02-13T15:33:44.038472 Completed database query for table users
2019-02-13T15:33:43.234543 Received request from 102.23.55.32 for /example
2009-02-13T15:33:44.726534 Started database query for table users
2019-02-13T15:33:44.038472 Completed database query for table users
2019-02-13T15:33:43.234543 Received request from 102.23.55.32 for /example
2018-02-13T15:33:44.726534 Started database query for table users
2019-02-13T15:33:44.038472 Completed database query for table users
2019-02-13T15:33:43.234543 Received request from 102.23.55.32 for /example
2012-02-13T15:33:44.726534 Started database query for table users
2019-02-13T15:33:44.038472 Completed database query for table users
2019-02-13T15:33:43.234543 Received request from 102.23.55.32 for /example
2019-02-13T15:33:44.726534 Started database query for table users
2019-02-13T15:33:44.038472 Completed database query for table users
2015-02-13T15:33:43.234543 Received request from 102.23.55.32 for /example
2019-02-13T15:33:44.726534 Started database query for table users
2019-02-13T15:33:44.038472 Completed database query for table users
2019-02-13T15:33:43.234543 Received request from 102.23.55.32 for /example
2019-02-13T15:33:44.726534 Started database query for table users
2019-02-13T15:33:44.038472 Completed database query for table users
2019-02-13T15:33:43.234543 Received request from 102.23.55.32 for /example
2019-02-13T15:33:44.726534 Started database query for table users
2019-02-13T15:33:44.038472 Completed database query for table users
2019-02-13T15:33:43.234543 Received request from 102.23.55.32 for /example
2019-02-13T15:33:44.726534 Started database query for table users
2019-02-13T15:33:44.038472 Completed database query for table users
2019-02-13T15:33:43.234543 Received request from 102.23.55.32 for /example
2019-02-13T15:33:44.726534 Started database query for table users
2019-02-13T15:33:44.038472 Completed database query for table users
2019-02-13T15:33:43.234543 Received request from 102.23.55.32 for /example
2019-02-13T15:33:44.726534 Started database query for table users
2019-02-13T15:33:44.038472 Completed database query for table users
2019-02-13T15:33:43.234543 Received request from 102.23.55.32 for /example
2019-02-13T15:33:44.726534 Started database query for table users
2019-02-13T15:33:44.038472 Completed database query for table users
2019-02-13T15:33:43.234543 Received request from 102.23.55.32 for /example
2019-02-13T15:33:44.726534 Started database query for table users
2019-02-13T15:33:44.038472 Completed database query for table users
2019-02-13T15:33:43.234543 Received request from 102.23.55.32 for /example
2006-02-13T15:33:44.726534 Started database query for table users
2019-02-13T15:33:44.038472 Completed database query for table users
2019-02-13T15:33:43.234543 Received request from 102.23.55.32 for /example
2009-02-13T15:33:44.726534 Started database query for table users
2019-02-13T15:33:44.038472 Completed database query for table users
2019-02-13T15:33:43.234543 Received request from 102.23.55.32 for /example
2018-02-13T15:33:44.726534 Started database query for table users
2019-02-13T15:33:44.038472 Completed database query for table users
2019-02-13T15:33:43.234543 Received request from 102.23.55.32 for /example
2012-02-13T15:33:44.726534 Started database query for table users
2019-02-13T15:33:44.038472 Completed database query for table users
2019-02-13T15:33:43.234543 Received request from 102.23.55.32 for /example
2019-02-13T15:33:44.726534 Started database query for table users
2019-02-13T15:33:44.038472 Completed database query for table users
2015-02-13T15:33:43.234543 Received request from 102.23.55.32 for /example
2019-02-13T15:33:44.726534 Started database query for table users
2019-02-13T15:33:44.038472 Completed database query for table users
2019-02-13T15:33:43.234543 Received request from 102.23.55.32 for /example
2019-02-13T15:33:44.726534 Started database query for table users
2019-02-13T15:33:44.038472 Completed database query for table users
2019-02-13T15:33:43.234543 Received request from 102.23.55.32 for /example
2019-02-13T15:33:44.726534 Started database query for table users
2019-02-13T15:33:44.038472 Completed database query for table users
2019-02-13T15:33:43.234543 Received request from 102.23.55.32 for /example
2019-02-13T15:33:44.726534 Started database query for table users
2019-02-13T15:33:44.038472 Completed database query for table users
2019-02-13T15:33:43.234543 Received request from 102.23.55.32 for /example
2019-02-13T15:33:44.726534 Started database query for table users
2019-02-13T15:33:44.038472 Completed database query for table users
2019-02-13T15:33:43.234543 Received request from 102.23.55.32 for /example
2019-02-13T15:33:44.726534 Started database query for table users
2019-02-13T15:33:44.038472 Completed database query for table users
2019-02-13T15:33:43.234543 Received request from 102.23.55.32 for /example
2019-02-13T15:33:44.726534 Started database query for table users
2019-02-13T15:33:44.038472 Completed database query for table users
2019-02-13T15:33:43.234543 Received request from 102.23.55.32 for /example
2019-02-13T15:33:44.726534 Started database query for table users
2019-02-13T15:33:44.038472 Completed database query for table users
2019-02-13T15:33:43.234543 Received request from 102.23.55.32 for /example
2006-02-13T15:33:44.726534 Started database query for table users
2019-02-13T15:33:44.038472 Completed database query for table users
2019-02-13T15:33:43.234543 Received request from 102.23.55.32 for /example
2009-02-13T15:33:44.726534 Started database query for table users
2019-02-13T15:33:44.038472 Completed database query for table users
2019-02-13T15:33:43.234543 Received request from 102.23.55.32 for /example
2018-02-13T15:33:44.726534 Started database query for table users
2019-02-13T15:33:44.038472 Completed database query for table users
2019-02-13T15:33:43.234543 Received request from 102.23.55.32 for /example
2012-02-13T15:33:44.726534 Started database query for table users
2019-02-13T15:33:44.038472 Completed database query for table users
2019-02-13T15:33:43.234543 Received request from 102.23.55.32 for /example
2019-02-13T15:33:44.726534 Started database query for table users
2019-02-13T15:33:44.038472 Completed database query for table users
2015-02-13T15:33:43.234543 Received request from 102.23.55.32 for /example
2019-02-13T15:33:44.726534 Started database query for table users
2019-02-13T15:33:44.038472 Completed database query for table users
2019-02-13T15:33:43.234543 Received request from 102.23.55.32 for /example
2019-02-13T15:33:44.726534 Started database query for table users
2019-02-13T15:33:44.038472 Completed database query for table users
2019-02-13T15:33:43.234543 Received request from 102.23.55.32 for /example
2019-02-13T15:33:44.726534 Started database query for table users
2019-02-13T15:33:44.038472 Completed database query for table users
2019-02-13T15:33:43.234543 Received request from 102.23.55.32 for /example
2019-02-13T15:33:44.726534 Started database query for table users
2019-02-13T15:33:44.038472 Completed database query for table users
2019-02-13T15:33:43.234543 Received request from 102.23.55.32 for /example
2019-02-13T15:33:44.726534 Started database query for table users
2019-02-13T15:33:44.038472 Completed database query for table users
2019-02-13T15:33:43.234543 Received request from 102.23.55.32 for /example
2019-02-13T15:33:44.726534 Started database query for table users
2019-02-13T15:33:44.038472 Completed database query for table users
2019-02-13T15:33:43.234543 Received request from 102.23.55.32 for /example
2019-02-13T15:33:44.726534 Started database query for table users
2019-02-13T15:33:44.038472 Completed database query for table users
2019-02-13T15:33:43.234543 Received request from 102.23.55.32 for /example
2019-02-13T15:33:44.726534 Started database query for table users
2019-02-13T15:33:44.038472 Completed database query for table users
2019-02-13T15:33:43.234543 Received request from 102.23.55.32 for /example
2006-02-13T15:33:44.726534 Started database query for table users
2019-02-13T15:33:44.038472 Completed database query for table users
2019-02-13T15:33:43.234543 Received request from 102.23.55.32 for /example
2009-02-13T15:33:44.726534 Started database query for table users
2019-02-13T15:33:44.038472 Completed database query for table users
2019-02-13T15:33:43.234543 Received request from 102.23.55.32 for /example
2018-02-13T15:33:44.726534 Started database query for table users
2019-02-13T15:33:44.038472 Completed database query for table users
2019-02-13T15:33:43.234543 Received request from 102.23.55.32 for /example
2012-02-13T15:33:44.726534 Started database query for table users
2019-02-13T15:33:44.038472 Completed database query for table users
2019-02-13T15:33:43.234543 Received request from 102.23.55.32 for /example
2019-02-13T15:33:44.726534 Started database query for table users
2019-02-13T15:33:44.038472 Completed database query for table users
2015-02-13T15:33:43.234543 Received request from 102.23.55.32 for /example
2019-02-13T15:33:44.726534 Started database query for table users
2019-02-13T15:33:44.038472 Completed database query for table users
2019-02-13T15:33:43.234543 Received request from 102.23.55.32 for /example
2019-02-13T15:33:44.726534 Started database query for table users
2019-02-13T15:33:44.038472 Completed database query for table users
2019-02-13T15:33:43.234543 Received request from 102.23.55.32 for /example
2019-02-13T15:33:44.726534 Started database query for table users
2019-02-13T15:33:44.038472 Completed database query for table users
2019-02-13T15:33:43.234543 Received request from 102.23.55.32 for /example
2019-02-13T15:33:44.726534 Started database query for table users
2019-02-13T15:33:44.038472 Completed database query for table users
2019-02-13T15:33:43.234543 Received request from 102.23.55.32 for /example
2019-02-13T15:33:44.726534 Started database query for table users
2019-02-13T15:33:44.038472 Completed database query for table users
2019-02-13T15:33:43.234543 Received request from 102.23.55.32 for /example
2019-02-13T15:33:44.726534 Started database query for table users
2019-02-13T15:33:44.038472 Completed database query for table users
2019-02-13T15:33:43.234543 Received request from 102.23.55.32 for /example
2019-02-13T15:33:44.726534 Started database query for table users
2019-02-13T15:33:44.038472 Completed database query for table users
2019-02-13T15:33:43.234543 Received request from 102.23.55.32 for /example
2019-02-13T15:33:44.726534 Started database query for table users
2019-02-13T15:33:44.038472 Completed database query for table users
2019-02-13T15:33:43.234543 Received request from 102.23.55.32 for /example
2006-02-13T15:33:44.726534 Started database query for table users
2019-02-13T15:33:44.038472 Completed database query for table users
2019-02-13T15:33:43.234543 Received request from 102.23.55.32 for /example
2009-02-13T15:33:44.726534 Started database query for table users
2019-02-13T15:33:44.038472 Completed database query for table users
2019-02-13T15:33:43.234543 Received request from 102.23.55.32 for /example
2018-02-13T15:33:44.726534 Started database query for table users
2019-02-13T15:33:44.038472 Completed database query for table users
2019-02-13T15:33:43.234543 Received request from 102.23.55.32 for /example
2012-02-13T15:33:44.726534 Started database query for table users
2019-02-13T15:33:44.038472 Completed database query for table users
2019-02-13T15:33:43.234543 Received request from 102.23.55.32 for /example
2019-02-13T15:33:44.726534 Started database query for table users
2019-02-13T15:33:44.038472 Completed database query for table users
2015-02-13T15:33:43.234543 Received request from 102.23.55.32 for /example
2019-02-13T15:33:44.726534 Started database query for table users
2019-02-13T15:33:44.038472 Completed database query for table users
2019-02-13T15:33:43.234543 Received request from 102.23.55.32 for /example
2019-02-13T15:33:44.726534 Started database query for table users
2019-02-13T15:33:44.038472 Completed database query for table users
2019-02-13T15:33:43.234543 Received request from 102.23.55.32 for /example
2019-02-13T15:33:44.726534 Started database query for table users
2019-02-13T15:33:44.038472 Completed database query for table users
2019-02-13T15:33:43.234543 Received request from 102.23.55.32 for /example
2019-02-13T15:33:44.726534 Started database query for table users
2019-02-13T15:33:44.038472 Completed database query for table users
2019-02-13T15:33:43.234543 Received request from 102.23.55.32 for /example
2019-02-13T15:33:44.726534 Started database query for table users
2019-02-13T15:33:44.038472 Completed database query for table users
2019-02-13T15:33:43.234543 Received request from 102.23.55.32 for /example
2019-02-13T15:33:44.726534 Started database query for table users
2019-02-13T15:33:44.038472 Completed database query for table users
2019-02-13T15:33:43.234543 Received request from 102.23.55.32 for /example
2019-02-13T15:33:44.726534 Started database query for table users
2019-02-13T15:33:44.038472 Completed database query for table users
2019-02-13T15:33:43.234543 Received request from 102.23.55.32 for /example
2019-02-13T15:33:44.726534 Started database query for table users
2019-02-13T15:33:44.038472 Completed database query for table users
2019-02-13T15:33:43.234543 Received request from 102.23.55.32 for /example
2006-02-13T15:33:44.726534 Started database query for table users
2019-02-13T15:33:44.038472 Completed database query for table users
2019-02-13T15:33:43.234543 Received request from 102.23.55.32 for /example
2009-02-13T15:33:44.726534 Started database query for table users
2019-02-13T15:33:44.038472 Completed database query for table users
2019-02-13T15:33:43.234543 Received request from 102.23.55.32 for /example
2018-02-13T15:33:44.726534 Started database query for table users
2019-02-13T15:33:44.038472 Completed database query for table users
2019-02-13T15:33:43.234543 Received request from 102.23.55.32 for /example
2012-02-13T15:33:44.726534 Started database query for table users
2019-02-13T15:33:44.038472 Completed database query for table users
2019-02-13T15:33:43.234543 Received request from 102.23.55.32 for /example
2019-02-13T15:33:44.726534 Started database query for table users
2019-02-13T15:33:44.038472 Completed database query for table users
2015-02-13T15:33:43.234543 Received request from 102.23.55.32 for /example
2019-02-13T15:33:44.726534 Started database query for table users
2019-02-13T15:33:44.038472 Completed database query for table users
2019-02-13T15:33:43.234543 Received request from 102.23.55.32 for /example
2019-02-13T15:33:44.726534 Started database query for table users
2019-02-13T15:33:44.038472 Completed database query for table users
2019-02-13T15:33:43.234543 Received request from 102.23.55.32 for /example
2019-02-13T15:33:44.726534 Started database query for table users
2019-02-13T15:33:44.038472 Completed database query for table users
2019-02-13T15:33:43.234543 Received request from 102.23.55.32 for /example
2019-02-13T15:33:44.726534 Started database query for table users
2019-02-13T15:33:44.038472 Completed database query for table users
2019-02-13T15:33:43.234543 Received request from 102.23.55.32 for /example
2019-02-13T15:33:44.726534 Started database query for table users
2019-02-13T15:33:44.038472 Completed database query for table users
2019-02-13T15:33:43.234543 Received request from 102.23.55.32 for /example
2019-02-13T15:33:44.726534 Started database query for table users
2019-02-13T15:33:44.038472 Completed database query for table users
2019-02-13T15:33:43.234543 Received request from 102.23.55.32 for /example
2019-02-13T15:33:44.726534 Started database query for table users
2019-02-13T15:33:44.038472 Completed database query for table users
2019-02-13T15:33:43.234543 Received request from 102.23.55.32 for /example
2019-02-13T15:33:44.726534 Started database query for table users
2019-02-13T15:33:44.038472 Completed database query for table users
2019-02-13T15:33:43.234543 Received request from 102.23.55.32 for /example
2006-02-13T15:33:44.726534 Started database query for table users
2019-02-13T15:33:44.038472 Completed database query for table users
2019-02-13T15:33:43.234543 Received request from 102.23.55.32 for /example
2009-02-13T15:33:44.726534 Started database query for table users
2019-02-13T15:33:44.038472 Completed database query for table users
2019-02-13T15:33:43.234543 Received request from 102.23.55.32 for /example
2018-02-13T15:33:44.726534 Started database query for table users
2019-02-13T15:33:44.038472 Completed database query for table users
2019-02-13T15:33:43.234543 Received request from 102.23.55.32 for /example
2012-02-13T15:33:44.726534 Started database query for table users
2019-02-13T15:33:44.038472 Completed database query for table users
2019-02-13T15:33:43.234543 Received request from 102.23.55.32 for /example
2019-02-13T15:33:44.726534 Started database query for table users
2019-02-13T15:33:44.038472 Completed database query for table users
2015-02-13T15:33:43.234543 Received request from 102.23.55.32 for /example
2019-02-13T15:33:44.726534 Started database query for table users
2019-02-13T15:33:44.038472 Completed database query for table users
2019-02-13T15:33:43.234543 Received request from 102.23.55.32 for /example
2019-02-13T15:33:44.726534 Started database query for table users
2019-02-13T15:33:44.038472 Completed database query for table users
2019-02-13T15:33:43.234543 Received request from 102.23.55.32 for /example
2019-02-13T15:33:44.726534 Started database query for table users
2019-02-13T15:33:44.038472 Completed database query for table users
2019-02-13T15:33:43.234543 Received request from 102.23.55.32 for /example
2019-02-13T15:33:44.726534 Started database query for table users
2019-02-13T15:33:44.038472 Completed database query for table users
2019-02-13T15:33:43.234543 Received request from 102.23.55.32 for /example
2019-02-13T15:33:44.726534 Started database query for table users
2019-02-13T15:33:44.038472 Completed database query for table users
2019-02-13T15:33:43.234543 Received request from 102.23.55.32 for /example
2019-02-13T15:33:44.726534 Started database query for table users
2019-02-13T15:33:44.038472 Completed database query for table users
2019-02-13T15:33:43.234543 Received request from 102.23.55.32 for /example
2019-02-13T15:33:44.726534 Started database query for table users
2019-02-13T15:33:44.038472 Completed database query for table users
2019-02-13T15:33:43.234543 Received request from 102.23.55.32 for /example
2019-02-13T15:33:44.726534 Started database query for table users
2019-02-13T15:33:44.038472 Completed database query for table users
2019-02-13T15:33:43.234543 Received request from 102.23.55.32 for /example
2006-02-13T15:33:44.726534 Started database query for table users
2019-02-13T15:33:44.038472 Completed database query for table users
2019-02-13T15:33:43.234543 Received request from 102.23.55.32 for /example
2009-02-13T15:33:44.726534 Started database query for table users
2019-02-13T15:33:44.038472 Completed database query for table users
2019-02-13T15:33:43.234543 Received request from 102.23.55.32 for /example
2018-02-13T15:33:44.726534 Started database query for table users
2019-02-13T15:33:44.038472 Completed database query for table users
2019-02-13T15:33:43.234543 Received request from 102.23.55.32 for /example
2012-02-13T15:33:44.726534 Started database query for table users
2019-02-13T15:33:44.038472 Completed database query for table users
2019-02-13T15:33:43.234543 Received request from 102.23.55.32 for /example
2019-02-13T15:33:44.726534 Started database query for table users
2019-02-13T15:33:44.038472 Completed database query for table users
2015-02-13T15:33:43.234543 Received request from 102.23.55.32 for /example
2019-02-13T15:33:44.726534 Started database query for table users
2019-02-13T15:33:44.038472 Completed database query for table users
2019-02-13T15:33:43.234543 Received request from 102.23.55.32 for /example
2019-02-13T15:33:44.726534 Started database query for table users
2019-02-13T15:33:44.038472 Completed database query for table users
2019-02-13T15:33:43.234543 Received request from 102.23.55.32 for /example
2019-02-13T15:33:44.726534 Started database query for table users
2019-02-13T15:33:44.038472 Completed database query for table users
2019-02-13T15:33:43.234543 Received request from 102.23.55.32 for /example
2019-02-13T15:33:44.726534 Started database query for table users
2019-02-13T15:33:44.038472 Completed database query for table users
2019-02-13T15:33:43.234543 Received request from 102.23.55.32 for /example
2019-02-13T15:33:44.726534 Started database query for table users
2019-02-13T15:33:44.038472 Completed database query for table users
2019-02-13T15:33:43.234543 Received request from 102.23.55.32 for /example
2019-02-13T15:33:44.726534 Started database query for table users
2019-02-13T15:33:44.038472 Completed database query for table users
2019-02-13T15:33:43.234543 Received request from 102.23.55.32 for /example
2019-02-13T15:33:44.726534 Started database query for table users
2019-02-13T15:33:44.038472 Completed database query for table users
2019-02-13T15:33:43.234543 Received request from 102.23.55.32 for /example
2019-02-13T15:33:44.726534 Started database query for table users
2019-02-13T15:33:44.038472 Completed database query for table users
2019-02-13T15:33:43.234543 Received request from 102.23.55.32 for /example
2006-02-13T15:33:44.726534 Started database query for table users
2019-02-13T15:33:44.038472 Completed database query for table users
2019-02-13T15:33:43.234543 Received request from 102.23.55.32 for /example
2009-02-13T15:33:44.726534 Started database query for table users
2019-02-13T15:33:44.038472 Completed database query for table users
2019-02-13T15:33:43.234543 Received request from 102.23.55.32 for /example
2018-02-13T15:33:44.726534 Started database query for table users
2019-02-13T15:33:44.038472 Completed database query for table users
2019-02-13T15:33:43.234543 Received request from 102.23.55.32 for /example
2012-02-13T15:33:44.726534 Started database query for table users
2019-02-13T15:33:44.038472 Completed database query for table users
2019-02-13T15:33:43.234543 Received request from 102.23.55.32 for /example
2019-02-13T15:33:44.726534 Started database query for table users
2019-02-13T15:33:44.038472 Completed database query for table users
2015-02-13T15:33:43.234543 Received request from 102.23.55.32 for /example
2019-02-13T15:33:44.726534 Started database query for table users
2019-02-13T15:33:44.038472 Completed database query for table users
2019-02-13T15:33:43.234543 Received request from 102.23.55.32 for /example
2019-02-13T15:33:44.726534 Started database query for table users
2019-02-13T15:33:44.038472 Completed database query for table users
2019-02-13T15:33:43.234543 Received request from 102.23.55.32 for /example
2019-02-13T15:33:44.726534 Started database query for table users
2019-02-13T15:33:44.038472 Completed database query for table users
2019-02-13T15:33:43.234543 Received request from 102.23.55.32 for /example
2019-02-13T15:33:44.726534 Started database query for table users
2019-02-13T15:33:44.038472 Completed database query for table users
2019-02-13T15:33:43.234543 Received request from 102.23.55.32 for /example
2019-02-13T15:33:44.726534 Started database query for table users
2019-02-13T15:33:44.038472 Completed database query for table users
2019-02-13T15:33:43.234543 Received request from 102.23.55.32 for /example
2019-02-13T15:33:44.726534 Started database query for table users
2019-02-13T15:33:44.038472 Completed database query for table users
2019-02-13T15:33:43.234543 Received request from 102.23.55.32 for /example
2019-02-13T15:33:44.726534 Started database query for table users
2019-02-13T15:33:44.038472 Completed database query for table users
2019-02-13T15:33:43.234543 Received request from 102.23.55.32 for /example
2019-02-13T15:33:44.726534 Started database query for table users
2019-02-13T15:33:44.038472 Completed database query for table users
2019-02-13T15:33:43.234543 Received request from 102.23.55.32 for /example
2006-02-13T15:33:44.726534 Started database query for table users
2019-02-13T15:33:44.038472 Completed database query for table users
2019-02-13T15:33:43.234543 Received request from 102.23.55.32 for /example
2009-02-13T15:33:44.726534 Started database query for table users
2019-02-13T15:33:44.038472 Completed database query for table users
2019-02-13T15:33:43.234543 Received request from 102.23.55.32 for /example
2018-02-13T15:33:44.726534 Started database query for table users
2019-02-13T15:33:44.038472 Completed database query for table users
2019-02-13T15:33:43.234543 Received request from 102.23.55.32 for /example
2012-02-13T15:33:44.726534 Started database query for table users
2019-02-13T15:33:44.038472 Completed database query for table users
2019-02-13T15:33:43.234543 Received request from 102.23.55.32 for /example
2019-02-13T15:33:44.726534 Started database query for table users
2019-02-13T15:33:44.038472 Completed database query for table users
2015-02-13T15:33:43.234543 Received request from 102.23.55.32 for /example
2019-02-13T15:33:44.726534 Started database query for table users
2019-02-13T15:33:44.038472 Completed database query for table users
2019-02-13T15:33:43.234543 Received request from 102.23.55.32 for /example
2019-02-13T15:33:44.726534 Started database query for table users
2019-02-13T15:33:44.038472 Completed database query for table users
2019-02-13T15:33:43.234543 Received request from 102.23.55.32 for /example
2019-02-13T15:33:44.726534 Started database query for table users
2019-02-13T15:33:44.038472 Completed database query for table users
2019-02-13T15:33:43.234543 Received request from 102.23.55.32 for /example
2019-02-13T15:33:44.726534 Started database query for table users
2019-02-13T15:33:44.038472 Completed database query for table users
2019-02-13T15:33:43.234543 Received request from 102.23.55.32 for /example
2019-02-13T15:33:44.726534 Started database query for table users
2019-02-13T15:33:44.038472 Completed database query for table users
2019-02-13T15:33:43.234543 Received request from 102.23.55.32 for /example
2019-02-13T15:33:44.726534 Started database query for table users
2019-02-13T15:33:44.038472 Completed database query for table users
2019-02-13T15:33:43.234543 Received request from 102.23.55.32 for /example
2019-02-13T15:33:44.726534 Started database query for table users
2019-02-13T15:33:44.038472 Completed database query for table users
2019-02-13T15:33:43.234543 Received request from 102.23.55.32 for /example
2019-02-13T15:33:44.726534 Started database query for table users
2019-02-13T15:33:44.038472 Completed database query for table users
2019-02-13T15:33:43.234543 Received request from 102.23.55.32 for /example
2006-02-13T15:33:44.726534 Started database query for table users
2019-02-13T15:33:44.038472 Completed database query for table users
2019-02-13T15:33:43.234543 Received request from 102.23.55.32 for /example
2009-02-13T15:33:44.726534 Started database query for table users
2019-02-13T15:33:44.038472 Completed database query for table users
2019-02-13T15:33:43.234543 Received request from 102.23.55.32 for /example
2018-02-13T15:33:44.726534 Started database query for table users
2019-02-13T15:33:44.038472 Completed database query for table users
2019-02-13T15:33:43.234543 Received request from 102.23.55.32 for /example
2012-02-13T15:33:44.726534 Started database query for table users
2019-02-13T15:33:44.038472 Completed database query for table users
2019-02-13T15:33:43.234543 Received request from 102.23.55.32 for /example
2019-02-13T15:33:44.726534 Started database query for table users
2019-02-13T15:33:44.038472 Completed database query for table users
2015-02-13T15:33:43.234543 Received request from 102.23.55.32 for /example
2019-02-13T15:33:44.726534 Started database query for table users
2019-02-13T15:33:44.038472 Completed database query for table users
2019-02-13T15:33:43.234543 Received request from 102.23.55.32 for /example
2019-02-13T15:33:44.726534 Started database query for table users
2019-02-13T15:33:44.038472 Completed database query for table users
2019-02-13T15:33:43.234543 Received request from 102.23.55.32 for /example
2019-02-13T15:33:44.726534 Started database query for table users
2019-02-13T15:33:44.038472 Completed database query for table users
2019-02-13T15:33:43.234543 Received request from 102.23.55.32 for /example
2019-02-13T15:33:44.726534 Started database query for table users
2019-02-13T15:33:44.038472 Completed database query for table users
2019-02-13T15:33:43.234543 Received request from 102.23.55.32 for /example
2019-02-13T15:33:44.726534 Started database query for table users
2019-02-13T15:33:44.038472 Completed database query for table users
2019-02-13T15:33:43.234543 Received request from 102.23.55.32 for /example
2019-02-13T15:33:44.726534 Started database query for table users
2019-02-13T15:33:44.038472 Completed database query for table users
2019-02-13T15:33:43.234543 Received request from 102.23.55.32 for /example
2019-02-13T15:33:44.726534 Started database query for table users
2019-02-13T15:33:44.038472 Completed database query for table users
2019-02-13T15:33:43.234543 Received request from 102.23.55.32 for /example
2019-02-13T15:33:44.726534 Started database query for table users
2019-02-13T15:33:44.038472 Completed database query for table users
2019-02-13T15:33:43.234543 Received request from 102.23.55.32 for /example
2006-02-13T15:33:44.726534 Started database query for table users
2019-02-13T15:33:44.038472 Completed database query for table users
2019-02-13T15:33:43.234543 Received request from 102.23.55.32 for /example
2009-02-13T15:33:44.726534 Started database query for table users
2019-02-13T15:33:44.038472 Completed database query for table users
2019-02-13T15:33:43.234543 Received request from 102.23.55.32 for /example
2018-02-13T15:33:44.726534 Started database query for table users
2019-02-13T15:33:44.038472 Completed database query for table users
2019-02-13T15:33:43.234543 Received request from 102.23.55.32 for /example
2012-02-13T15:33:44.726534 Started database query for table users
2019-02-13T15:33:44.038472 Completed database query for table users
2019-02-13T15:33:43.234543 Received request from 102.23.55.32 for /example
2019-02-13T15:33:44.726534 Started database query for table users
2019-02-13T15:33:44.038472 Completed database query for table users
2015-02-13T15:33:43.234543 Received request from 102.23.55.32 for /example
2019-02-13T15:33:44.726534 Started database query for table users
2019-02-13T15:33:44.038472 Completed database query for table users
2019-02-13T15:33:43.234543 Received request from 102.23.55.32 for /example
2019-02-13T15:33:44.726534 Started database query for table users
2019-02-13T15:33:44.038472 Completed database query for table users
2019-02-13T15:33:43.234543 Received request from 102.23.55.32 for /example
2019-02-13T15:33:44.726534 Started database query for table users
2019-02-13T15:33:44.038472 Completed database query for table users
2019-02-13T15:33:43.234543 Received request from 102.23.55.32 for /example
2019-02-13T15:33:44.726534 Started database query for table users
2019-02-13T15:33:44.038472 Completed database query for table users
2019-02-13T15:33:43.234543 Received request from 102.23.55.32 for /example
2019-02-13T15:33:44.726534 Started database query for table users
2019-02-13T15:33:44.038472 Completed database query for table users
2019-02-13T15:33:43.234543 Received request from 102.23.55.32 for /example
2019-02-13T15:33:44.726534 Started database query for table users
2019-02-13T15:33:44.038472 Completed database query for table users
2019-02-13T15:33:43.234543 Received request from 102.23.55.32 for /example
2019-02-13T15:33:44.726534 Started database query for table users
2019-02-13T15:33:44.038472 Completed database query for table users
2019-02-13T15:33:43.234543 Received request from 102.23.55.32 for /example
2019-02-13T15:33:44.726534 Started database query for table users
2019-02-13T15:33:44.038472 Completed database query for table users
2019-02-13T15:33:43.234543 Received request from 102.23.55.32 for /example
2006-02-13T15:33:44.726534 Started database query for table users
2019-02-13T15:33:44.038472 Completed database query for table users
2019-02-13T15:33:43.234543 Received request from 102.23.55.32 for /example
2009-02-13T15:33:44.726534 Started database query for table users
2019-02-13T15:33:44.038472 Completed database query for table users
2019-02-13T15:33:43.234543 Received request from 102.23.55.32 for /example
2018-02-13T15:33:44.726534 Started database query for table users
2019-02-13T15:33:44.038472 Completed database query for table users
2019-02-13T15:33:43.234543 Received request from 102.23.55.32 for /example
2012-02-13T15:33:44.726534 Started database query for table users
2019-02-13T15:33:44.038472 Completed database query for table users
2019-02-13T15:33:43.234543 Received request from 102.23.55.32 for /example
2019-02-13T15:33:44.726534 Started database query for table users
2019-02-13T15:33:44.038472 Completed database query for table users
2015-02-13T15:33:43.234543 Received request from 102.23.55.32 for /example
2019-02-13T15:33:44.726534 Started database query for table users
2019-02-13T15:33:44.038472 Completed database query for table users
2019-02-13T15:33:43.234543 Received request from 102.23.55.32 for /example
2019-02-13T15:33:44.726534 Started database query for table users
2019-02-13T15:33:44.038472 Completed database query for table users
2019-02-13T15:33:43.234543 Received request from 102.23.55.32 for /example
2019-02-13T15:33:44.726534 Started database query for table users
2019-02-13T15:33:44.038472 Completed database query for table users
2019-02-13T15:33:43.234543 Received request from 102.23.55.32 for /example
2019-02-13T15:33:44.726534 Started database query for table users
2019-02-13T15:33:44.038472 Completed database query for table users
2019-02-13T15:33:43.234543 Received request from 102.23.55.32 for /example
2019-02-13T15:33:44.726534 Started database query for table users
2019-02-13T15:33:44.038472 Completed database query for table users
2019-02-13T15:33:43.234543 Received request from 102.23.55.32 for /example
2019-02-13T15:33:44.726534 Started database query for table users
2019-02-13T15:33:44.038472 Completed database query for table users
2019-02-13T15:33:43.234543 Received request from 102.23.55.32 for /example
2019-02-13T15:33:44.726534 Started database query for table users
2019-02-13T15:33:44.038472 Completed database query for table users
2019-02-13T15:33:43.234543 Received request from 102.23.55.32 for /example
2019-02-13T15:33:44.726534 Started database query for table users
2019-02-13T15:33:44.038472 Completed database query for table users
2019-02-13T15:33:43.234543 Received request from 102.23.55.32 for /example
2006-02-13T15:33:44.726534 Started database query for table users
2019-02-13T15:33:44.038472 Completed database query for table users
2019-02-13T15:33:43.234543 Received request from 102.23.55.32 for /example
2009-02-13T15:33:44.726534 Started database query for table users
2019-02-13T15:33:44.038472 Completed database query for table users
2019-02-13T15:33:43.234543 Received request from 102.23.55.32 for /example
2018-02-13T15:33:44.726534 Started database query for table users
2019-02-13T15:33:44.038472 Completed database query for table users
2019-02-13T15:33:43.234543 Received request from 102.23.55.32 for /example
2012-02-13T15:33:44.726534 Started database query for table users
2019-02-13T15:33:44.038472 Completed database query for table users
2019-02-13T15:33:43.234543 Received request from 102.23.55.32 for /example
2019-02-13T15:33:44.726534 Started database query for table users
2019-02-13T15:33:44.038472 Completed database query for table users
2015-02-13T15:33:43.234543 Received request from 102.23.55.32 for /example
2019-02-13T15:33:44.726534 Started database query for table users
2019-02-13T15:33:44.038472 Completed database query for table users
2019-02-13T15:33:43.234543 Received request from 102.23.55.32 for /example
2019-02-13T15:33:44.726534 Started database query for table users
2019-02-13T15:33:44.038472 Completed database query for table users
2019-02-13T15:33:43.234543 Received request from 102.23.55.32 for /example
2019-02-13T15:33:44.726534 Started database query for table users
2019-02-13T15:33:44.038472 Completed database query for table users
2019-02-13T15:33:43.234543 Received request from 102.23.55.32 for /example
2019-02-13T15:33:44.726534 Started database query for table users
2019-02-13T15:33:44.038472 Completed database query for table users
2019-02-13T15:33:43.234543 Received request from 102.23.55.32 for /example
2019-02-13T15:33:44.726534 Started database query for table users
2019-02-13T15:33:44.038472 Completed database query for table users
2019-02-13T15:33:43.234543 Received request from 102.23.55.32 for /example
2019-02-13T15:33:44.726534 Started database query for table users
2019-02-13T15:33:44.038472 Completed database query for table users
2019-02-13T15:33:43.234543 Received request from 102.23.55.32 for /example
2019-02-13T15:33:44.726534 Started database query for table users
2019-02-13T15:33:44.038472 Completed database query for table users
2019-02-13T15:33:43.234543 Received request from 102.23.55.32 for /example
2019-02-13T15:33:44.726534 Started database query for table users
2019-02-13T15:33:44.038472 Completed database query for table users
2019-02-13T15:33:43.234543 Received request from 102.23.55.32 for /example
2006-02-13T15:33:44.726534 Started database query for table users
2019-02-13T15:33:44.038472 Completed database query for table users
2019-02-13T15:33:43.234543 Received request from 102.23.55.32 for /example
2009-02-13T15:33:44.726534 Started database query for table users
2019-02-13T15:33:44.038472 Completed database query for table users
2019-02-13T15:33:43.234543 Received request from 102.23.55.32 for /example
2018-02-13T15:33:44.726534 Started database query for table users
2019-02-13T15:33:44.038472 Completed database query for table users
2019-02-13T15:33:43.234543 Received request from 102.23.55.32 for /example
2012-02-13T15:33:44.726534 Started database query for table users
2019-02-13T15:33:44.038472 Completed database query for table users
2019-02-13T15:33:43.234543 Received request from 102.23.55.32 for /example
2019-02-13T15:33:44.726534 Started database query for table users
2019-02-13T15:33:44.038472 Completed database query for table users
2015-02-13T15:33:43.234543 Received request from 102.23.55.32 for /example
2019-02-13T15:33:44.726534 Started database query for table users
2019-02-13T15:33:44.038472 Completed database query for table users
2019-02-13T15:33:43.234543 Received request from 102.23.55.32 for /example
2019-02-13T15:33:44.726534 Started database query for table users
2019-02-13T15:33:44.038472 Completed database query for table users
2019-02-13T15:33:43.234543 Received request from 102.23.55.32 for /example
2019-02-13T15:33:44.726534 Started database query for table users
2019-02-13T15:33:44.038472 Completed database query for table users
2019-02-13T15:33:43.234543 Received request from 102.23.55.32 for /example
2019-02-13T15:33:44.726534 Started database query for table users
2019-02-13T15:33:44.038472 Completed database query for table users
2019-02-13T15:33:43.234543 Received request from 102.23.55.32 for /example
2019-02-13T15:33:44.726534 Started database query for table users
2019-02-13T15:33:44.038472 Completed database query for table users
2019-02-13T15:33:43.234543 Received request from 102.23.55.32 for /example
2019-02-13T15:33:44.726534 Started database query for table users
2019-02-13T15:33:44.038472 Completed database query for table users
2019-02-13T15:33:43.234543 Received request from 102.23.55.32 for /example
2019-02-13T15:33:44.726534 Started database query for table users
2019-02-13T15:33:44.038472 Completed database query for table users
2019-02-13T15:33:43.234543 Received request from 102.23.55.32 for /example
2019-02-13T15:33:44.726534 Started database query for table users
2019-02-13T15:33:44.038472 Completed database query for table users
2019-02-13T15:33:43.234543 Received request from 102.23.55.32 for /example
2006-02-13T15:33:44.726534 Started database query for table users
2019-02-13T15:33:44.038472 Completed database query for table users
2019-02-13T15:33:43.234543 Received request from 102.23.55.32 for /example
2009-02-13T15:33:44.726534 Started database query for table users
2019-02-13T15:33:44.038472 Completed database query for table users
2019-02-13T15:33:43.234543 Received request from 102.23.55.32 for /example
2018-02-13T15:33:44.726534 Started database query for table users
2019-02-13T15:33:44.038472 Completed database query for table users
2019-02-13T15:33:43.234543 Received request from 102.23.55.32 for /example
2012-02-13T15:33:44.726534 Started database query for table users
2019-02-13T15:33:44.038472 Completed database query for table users
2019-02-13T15:33:43.234543 Received request from 102.23.55.32 for /example
2019-02-13T15:33:44.726534 Started database query for table users
2019-02-13T15:33:44.038472 Completed database query for table users
2015-02-13T15:33:43.234543 Received request from 102.23.55.32 for /example
2019-02-13T15:33:44.726534 Started database query for table users
2019-02-13T15:33:44.038472 Completed database query for table users
2019-02-13T15:33:43.234543 Received request from 102.23.55.32 for /example
2019-02-13T15:33:44.726534 Started database query for table users
2019-02-13T15:33:44.038472 Completed database query for table users
2019-02-13T15:33:43.234543 Received request from 102.23.55.32 for /example
2019-02-13T15:33:44.726534 Started database query for table users
2019-02-13T15:33:44.038472 Completed database query for table users
2019-02-13T15:33:43.234543 Received request from 102.23.55.32 for /example
2019-02-13T15:33:44.726534 Started database query for table users
2019-02-13T15:33:44.038472 Completed database query for table users
2019-02-13T15:33:43.234543 Received request from 102.23.55.32 for /example
2019-02-13T15:33:44.726534 Started database query for table users
2019-02-13T15:33:44.038472 Completed database query for table users
2019-02-13T15:33:43.234543 Received request from 102.23.55.32 for /example
2019-02-13T15:33:44.726534 Started database query for table users
2019-02-13T15:33:44.038472 Completed database query for table users
2019-02-13T15:33:43.234543 Received request from 102.23.55.32 for /example
2019-02-13T15:33:44.726534 Started database query for table users
2019-02-13T15:33:44.038472 Completed database query for table users
2019-02-13T15:33:43.234543 Received request from 102.23.55.32 for /example
2019-02-13T15:33:44.726534 Started database query for table users
2019-02-13T15:33:44.038472 Completed database query for table users
2019-02-13T15:33:43.234543 Received request from 102.23.55.32 for /example
2006-02-13T15:33:44.726534 Started database query for table users
2019-02-13T15:33:44.038472 Completed database query for table users
2019-02-13T15:33:43.234543 Received request from 102.23.55.32 for /example
2009-02-13T15:33:44.726534 Started database query for table users
2019-02-13T15:33:44.038472 Completed database query for table users
2019-02-13T15:33:43.234543 Received request from 102.23.55.32 for /example
2018-02-13T15:33:44.726534 Started database query for table users
2019-02-13T15:33:44.038472 Completed database query for table users
2019-02-13T15:33:43.234543 Received request from 102.23.55.32 for /example
2012-02-13T15:33:44.726534 Started database query for table users
2019-02-13T15:33:44.038472 Completed database query for table users
2019-02-13T15:33:43.234543 Received request from 102.23.55.32 for /example
2019-02-13T15:33:44.726534 Started database query for table users
2019-02-13T15:33:44.038472 Completed database query for table users
2015-02-13T15:33:43.234543 Received request from 102.23.55.32 for /example
2019-02-13T15:33:44.726534 Started database query for table users
2019-02-13T15:33:44.038472 Completed database query for table users
2019-02-13T15:33:43.234543 Received request from 102.23.55.32 for /example
2019-02-13T15:33:44.726534 Started database query for table users
2019-02-13T15:33:44.038472 Completed database query for table users
2019-02-13T15:33:43.234543 Received request from 102.23.55.32 for /example
2019-02-13T15:33:44.726534 Started database query for table users
2019-02-13T15:33:44.038472 Completed database query for table users
2019-02-13T15:33:43.234543 Received request from 102.23.55.32 for /example
2019-02-13T15:33:44.726534 Started database query for table users
2019-02-13T15:33:44.038472 Completed database query for table users
2019-02-13T15:33:43.234543 Received request from 102.23.55.32 for /example
2019-02-13T15:33:44.726534 Started database query for table users
2019-02-13T15:33:44.038472 Completed database query for table users
2019-02-13T15:33:43.234543 Received request from 102.23.55.32 for /example
2019-02-13T15:33:44.726534 Started database query for table users
2019-02-13T15:33:44.038472 Completed database query for table users
2019-02-13T15:33:43.234543 Received request from 102.23.55.32 for /example
2019-02-13T15:33:44.726534 Started database query for table users
2019-02-13T15:33:44.038472 Completed database query for table users
2019-02-13T15:33:43.234543 Received request from 102.23.55.32 for /example
2019-02-13T15:33:44.726534 Started database query for table users
2019-02-13T15:33:44.038472 Completed database query for table users
2019-02-13T15:33:43.234543 Received request from 102.23.55.32 for /example
2006-02-13T15:33:44.726534 Started database query for table users
2019-02-13T15:33:44.038472 Completed database query for table users
2019-02-13T15:33:43.234543 Received request from 102.23.55.32 for /example
2009-02-13T15:33:44.726534 Started database query for table users
2019-02-13T15:33:44.038472 Completed database query for table users
2019-02-13T15:33:43.234543 Received request from 102.23.55.32 for /example
2018-02-13T15:33:44.726534 Started database query for table users
2019-02-13T15:33:44.038472 Completed database query for table users
2019-02-13T15:33:43.234543 Received request from 102.23.55.32 for /example
2012-02-13T15:33:44.726534 Started database query for table users
2019-02-13T15:33:44.038472 Completed database query for table users
2019-02-13T15:33:43.234543 Received request from 102.23.55.32 for /example
2019-02-13T15:33:44.726534 Started database query for table users
2019-02-13T15:33:44.038472 Completed database query for table users
2015-02-13T15:33:43.234543 Received request from 102.23.55.32 for /example
2019-02-13T15:33:44.726534 Started database query for table users
2019-02-13T15:33:44.038472 Completed database query for table users
2019-02-13T15:33:43.234543 Received request from 102.23.55.32 for /example
2019-02-13T15:33:44.726534 Started database query for table users
2019-02-13T15:33:44.038472 Completed database query for table users
2019-02-13T15:33:43.234543 Received request from 102.23.55.32 for /example
2019-02-13T15:33:44.726534 Started database query for table users
2019-02-13T15:33:44.038472 Completed database query for table users
2019-02-13T15:33:43.234543 Received request from 102.23.55.32 for /example
2019-02-13T15:33:44.726534 Started database query for table users
2019-02-13T15:33:44.038472 Completed database query for table users
2019-02-13T15:33:43.234543 Received request from 102.23.55.32 for /example
2019-02-13T15:33:44.726534 Started database query for table users
2019-02-13T15:33:44.038472 Completed database query for table users
2019-02-13T15:33:43.234543 Received request from 102.23.55.32 for /example
2019-02-13T15:33:44.726534 Started database query for table users
2019-02-13T15:33:44.038472 Completed database query for table users
2019-02-13T15:33:43.234543 Received request from 102.23.55.32 for /example
2019-02-13T15:33:44.726534 Started database query for table users
2019-02-13T15:33:44.038472 Completed database query for table users
2019-02-13T15:33:43.234543 Received request from 102.23.55.32 for /example
2019-02-13T15:33:44.726534 Started database query for table users
2019-02-13T15:33:44.038472 Completed database query for table users
2019-02-13T15:33:43.234543 Received request from 102.23.55.32 for /example
2006-02-13T15:33:44.726534 Started database query for table users
2019-02-13T15:33:44.038472 Completed database query for table users
2019-02-13T15:33:43.234543 Received request from 102.23.55.32 for /example
2009-02-13T15:33:44.726534 Started database query for table users
2019-02-13T15:33:44.038472 Completed database query for table users
2019-02-13T15:33:43.234543 Received request from 102.23.55.32 for /example
2018-02-13T15:33:44.726534 Started database query for table users
2019-02-13T15:33:44.038472 Completed database query for table users
2019-02-13T15:33:43.234543 Received request from 102.23.55.32 for /example
2012-02-13T15:33:44.726534 Started database query for table users
2019-02-13T15:33:44.038472 Completed database query for table users
2019-02-13T15:33:43.234543 Received request from 102.23.55.32 for /example
2019-02-13T15:33:44.726534 Started database query for table users
2019-02-13T15:33:44.038472 Completed database query for table users
2015-02-13T15:33:43.234543 Received request from 102.23.55.32 for /example
2019-02-13T15:33:44.726534 Started database query for table users
2019-02-13T15:33:44.038472 Completed database query for table users
2019-02-13T15:33:43.234543 Received request from 102.23.55.32 for /example
2019-02-13T15:33:44.726534 Started database query for table users
2019-02-13T15:33:44.038472 Completed database query for table users
2019-02-13T15:33:43.234543 Received request from 102.23.55.32 for /example
2019-02-13T15:33:44.726534 Started database query for table users
2019-02-13T15:33:44.038472 Completed database query for table users
2019-02-13T15:33:43.234543 Received request from 102.23.55.32 for /example
2019-02-13T15:33:44.726534 Started database query for table users
2019-02-13T15:33:44.038472 Completed database query for table users
2019-02-13T15:33:43.234543 Received request from 102.23.55.32 for /example
2019-02-13T15:33:44.726534 Started database query for table users
2019-02-13T15:33:44.038472 Completed database query for table users
2019-02-13T15:33:43.234543 Received request from 102.23.55.32 for /example
2019-02-13T15:33:44.726534 Started database query for table users
2019-02-13T15:33:44.038472 Completed database query for table users
2019-02-13T15:33:43.234543 Received request from 102.23.55.32 for /example
2019-02-13T15:33:44.726534 Started database query for table users
2019-02-13T15:33:44.038472 Completed database query for table users
2019-02-13T15:33:43.234543 Received request from 102.23.55.32 for /example
2019-02-13T15:33:44.726534 Started database query for table users
2019-02-13T15:33:44.038472 Completed database query for table users
2019-02-13T15:33:43.234543 Received request from 102.23.55.32 for /example
2006-02-13T15:33:44.726534 Started database query for table users
2019-02-13T15:33:44.038472 Completed database query for table users
2019-02-13T15:33:43.234543 Received request from 102.23.55.32 for /example
2009-02-13T15:33:44.726534 Started database query for table users
2019-02-13T15:33:44.038472 Completed database query for table users
2019-02-13T15:33:43.234543 Received request from 102.23.55.32 for /example
2018-02-13T15:33:44.726534 Started database query for table users
2019-02-13T15:33:44.038472 Completed database query for table users
2019-02-13T15:33:43.234543 Received request from 102.23.55.32 for /example
2012-02-13T15:33:44.726534 Started database query for table users
2019-02-13T15:33:44.038472 Completed database query for table users
2019-02-13T15:33:43.234543 Received request from 102.23.55.32 for /example
2019-02-13T15:33:44.726534 Started database query for table users
2019-02-13T15:33:44.038472 Completed database query for table users
2015-02-13T15:33:43.234543 Received request from 102.23.55.32 for /example
2019-02-13T15:33:44.726534 Started database query for table users
2019-02-13T15:33:44.038472 Completed database query for table users
2019-02-13T15:33:43.234543 Received request from 102.23.55.32 for /example
2019-02-13T15:33:44.726534 Started database query for table users
2019-02-13T15:33:44.038472 Completed database query for table users
2019-02-13T15:33:43.234543 Received request from 102.23.55.32 for /example
2019-02-13T15:33:44.726534 Started database query for table users
2019-02-13T15:33:44.038472 Completed database query for table users
2019-02-13T15:33:43.234543 Received request from 102.23.55.32 for /example
2019-02-13T15:33:44.726534 Started database query for table users
2019-02-13T15:33:44.038472 Completed database query for table users
2019-02-13T15:33:43.234543 Received request from 102.23.55.32 for /example
2019-02-13T15:33:44.726534 Started database query for table users
2019-02-13T15:33:44.038472 Completed database query for table users
2019-02-13T15:33:43.234543 Received request from 102.23.55.32 for /example
2019-02-13T15:33:44.726534 Started database query for table users
2019-02-13T15:33:44.038472 Completed database query for table users
2019-02-13T15:33:43.234543 Received request from 102.23.55.32 for /example
2019-02-13T15:33:44.726534 Started database query for table users
2019-02-13T15:33:44.038472 Completed database query for table users
2019-02-13T15:33:43.234543 Received request from 102.23.55.32 for /example
2019-02-13T15:33:44.726534 Started database query for table users
2019-02-13T15:33:44.038472 Completed database query for table users
2019-02-13T15:33:43.234543 Received request from 102.23.55.32 for /example
2006-02-13T15:33:44.726534 Started database query for table users
2019-02-13T15:33:44.038472 Completed database query for table users
2019-02-13T15:33:43.234543 Received request from 102.23.55.32 for /example
2009-02-13T15:33:44.726534 Started database query for table users
2019-02-13T15:33:44.038472 Completed database query for table users
2019-02-13T15:33:43.234543 Received request from 102.23.55.32 for /example
2018-02-13T15:33:44.726534 Started database query for table users
2019-02-13T15:33:44.038472 Completed database query for table users
2019-02-13T15:33:43.234543 Received request from 102.23.55.32 for /example
2012-02-13T15:33:44.726534 Started database query for table users
2019-02-13T15:33:44.038472 Completed database query for table users
2019-02-13T15:33:43.234543 Received request from 102.23.55.32 for /example
2019-02-13T15:33:44.726534 Started database query for table users
2019-02-13T15:33:44.038472 Completed database query for table users
2015-02-13T15:33:43.234543 Received request from 102.23.55.32 for /example
2019-02-13T15:33:44.726534 Started database query for table users
2019-02-13T15:33:44.038472 Completed database query for table users
2019-02-13T15:33:43.234543 Received request from 102.23.55.32 for /example
2019-02-13T15:33:44.726534 Started database query for table users
2019-02-13T15:33:44.038472 Completed database query for table users
2019-02-13T15:33:43.234543 Received request from 102.23.55.32 for /example
2019-02-13T15:33:44.726534 Started database query for table users
2019-02-13T15:33:44.038472 Completed database query for table users
2019-02-13T15:33:43.234543 Received request from 102.23.55.32 for /example
2019-02-13T15:33:44.726534 Started database query for table users
2019-02-13T15:33:44.038472 Completed database query for table users
2019-02-13T15:33:43.234543 Received request from 102.23.55.32 for /example
2019-02-13T15:33:44.726534 Started database query for table users
2019-02-13T15:33:44.038472 Completed database query for table users
2019-02-13T15:33:43.234543 Received request from 102.23.55.32 for /example
2019-02-13T15:33:44.726534 Started database query for table users
2019-02-13T15:33:44.038472 Completed database query for table users
2019-02-13T15:33:43.234543 Received request from 102.23.55.32 for /example
2019-02-13T15:33:44.726534 Started database query for table users
2019-02-13T15:33:44.038472 Completed database query for table users
2019-02-13T15:33:43.234543 Received request from 102.23.55.32 for /example
2019-02-13T15:33:44.726534 Started database query for table users
2019-02-13T15:33:44.038472 Completed database query for table users
2019-02-13T15:33:43.234543 Received request from 102.23.55.32 for /example
2006-02-13T15:33:44.726534 Started database query for table users
2019-02-13T15:33:44.038472 Completed database query for table users
2019-02-13T15:33:43.234543 Received request from 102.23.55.32 for /example
2009-02-13T15:33:44.726534 Started database query for table users
2019-02-13T15:33:44.038472 Completed database query for table users
2019-02-13T15:33:43.234543 Received request from 102.23.55.32 for /example
2018-02-13T15:33:44.726534 Started database query for table users
2019-02-13T15:33:44.038472 Completed database query for table users
2019-02-13T15:33:43.234543 Received request from 102.23.55.32 for /example
2012-02-13T15:33:44.726534 Started database query for table users
2019-02-13T15:33:44.038472 Completed database query for table users
2019-02-13T15:33:43.234543 Received request from 102.23.55.32 for /example
2019-02-13T15:33:44.726534 Started database query for table users
2019-02-13T15:33:44.038472 Completed database query for table users
2015-02-13T15:33:43.234543 Received request from 102.23.55.32 for /example
2019-02-13T15:33:44.726534 Started database query for table users
2019-02-13T15:33:44.038472 Completed database query for table users
2019-02-13T15:33:43.234543 Received request from 102.23.55.32 for /example
2019-02-13T15:33:44.726534 Started database query for table users
2019-02-13T15:33:44.038472 Completed database query for table users
2019-02-13T15:33:43.234543 Received request from 102.23.55.32 for /example
2019-02-13T15:33:44.726534 Started database query for table users
2019-02-13T15:33:44.038472 Completed database query for table users
2019-02-13T15:33:43.234543 Received request from 102.23.55.32 for /example
2019-02-13T15:33:44.726534 Started database query for table users
2019-02-13T15:33:44.038472 Completed database query for table users
2019-02-13T15:33:43.234543 Received request from 102.23.55.32 for /example
2019-02-13T15:33:44.726534 Started database query for table users
2019-02-13T15:33:44.038472 Completed database query for table users
2019-02-13T15:33:43.234543 Received request from 102.23.55.32 for /example
2019-02-13T15:33:44.726534 Started database query for table users
2019-02-13T15:33:44.038472 Completed database query for table users
2019-02-13T15:33:43.234543 Received request from 102.23.55.32 for /example
2019-02-13T15:33:44.726534 Started database query for table users
2019-02-13T15:33:44.038472 Completed database query for table users
2019-02-13T15:33:43.234543 Received request from 102.23.55.32 for /example
2019-02-13T15:33:44.726534 Started database query for table users
2019-02-13T15:33:44.038472 Completed database query for table users
2019-02-13T15:33:43.234543 Received request from 102.23.55.32 for /example
2006-02-13T15:33:44.726534 Started database query for table users
2019-02-13T15:33:44.038472 Completed database query for table users
2019-02-13T15:33:43.234543 Received request from 102.23.55.32 for /example
2009-02-13T15:33:44.726534 Started database query for table users
2019-02-13T15:33:44.038472 Completed database query for table users
2019-02-13T15:33:43.234543 Received request from 102.23.55.32 for /example
2018-02-13T15:33:44.726534 Started database query for table users
2019-02-13T15:33:44.038472 Completed database query for table users
2019-02-13T15:33:43.234543 Received request from 102.23.55.32 for /example
2012-02-13T15:33:44.726534 Started database query for table users
2019-02-13T15:33:44.038472 Completed database query for table users
2019-02-13T15:33:43.234543 Received request from 102.23.55.32 for /example
2019-02-13T15:33:44.726534 Started database query for table users
2019-02-13T15:33:44.038472 Completed database query for table users
2015-02-13T15:33:43.234543 Received request from 102.23.55.32 for /example
2019-02-13T15:33:44.726534 Started database query for table users
2019-02-13T15:33:44.038472 Completed database query for table users
2019-02-13T15:33:43.234543 Received request from 102.23.55.32 for /example
2019-02-13T15:33:44.726534 Started database query for table users
2019-02-13T15:33:44.038472 Completed database query for table users
2019-02-13T15:33:43.234543 Received request from 102.23.55.32 for /example
2019-02-13T15:33:44.726534 Started database query for table users
2019-02-13T15:33:44.038472 Completed database query for table users
2019-02-13T15:33:43.234543 Received request from 102.23.55.32 for /example
2019-02-13T15:33:44.726534 Started database query for table users
2019-02-13T15:33:44.038472 Completed database query for table users
2019-02-13T15:33:43.234543 Received request from 102.23.55.32 for /example
2019-02-13T15:33:44.726534 Started database query for table users
2019-02-13T15:33:44.038472 Completed database query for table users
2019-02-13T15:33:43.234543 Received request from 102.23.55.32 for /example
2019-02-13T15:33:44.726534 Started database query for table users
2019-02-13T15:33:44.038472 Completed database query for table users
2019-02-13T15:33:43.234543 Received request from 102.23.55.32 for /example
2019-02-13T15:33:44.726534 Started database query for table users
2019-02-13T15:33:44.038472 Completed database query for table users
2019-02-13T15:33:43.234543 Received request from 102.23.55.32 for /example
2019-02-13T15:33:44.726534 Started database query for table users
2019-02-13T15:33:44.038472 Completed database query for table users
2019-02-13T15:33:43.234543 Received request from 102.23.55.32 for /example
2006-02-13T15:33:44.726534 Started database query for table users
2019-02-13T15:33:44.038472 Completed database query for table users
2019-02-13T15:33:43.234543 Received request from 102.23.55.32 for /example
2009-02-13T15:33:44.726534 Started database query for table users
2019-02-13T15:33:44.038472 Completed database query for table users
2019-02-13T15:33:43.234543 Received request from 102.23.55.32 for /example
2018-02-13T15:33:44.726534 Started database query for table users
2019-02-13T15:33:44.038472 Completed database query for table users
2019-02-13T15:33:43.234543 Received request from 102.23.55.32 for /example
2012-02-13T15:33:44.726534 Started database query for table users
2019-02-13T15:33:44.038472 Completed database query for table users
2019-02-13T15:33:43.234543 Received request from 102.23.55.32 for /example
2019-02-13T15:33:44.726534 Started database query for table users
2019-02-13T15:33:44.038472 Completed database query for table users
2015-02-13T15:33:43.234543 Received request from 102.23.55.32 for /example
2019-02-13T15:33:44.726534 Started database query for table users
2019-02-13T15:33:44.038472 Completed database query for table users
2019-02-13T15:33:43.234543 Received request from 102.23.55.32 for /example
2019-02-13T15:33:44.726534 Started database query for table users
2019-02-13T15:33:44.038472 Completed database query for table users
2019-02-13T15:33:43.234543 Received request from 102.23.55.32 for /example
2019-02-13T15:33:44.726534 Started database query for table users
2019-02-13T15:33:44.038472 Completed database query for table users
2019-02-13T15:33:43.234543 Received request from 102.23.55.32 for /example
2019-02-13T15:33:44.726534 Started database query for table users
2019-02-13T15:33:44.038472 Completed database query for table users
2019-02-13T15:33:43.234543 Received request from 102.23.55.32 for /example
2019-02-13T15:33:44.726534 Started database query for table users
2019-02-13T15:33:44.038472 Completed database query for table users
2019-02-13T15:33:43.234543 Received request from 102.23.55.32 for /example
2019-02-13T15:33:44.726534 Started database query for table users
2019-02-13T15:33:44.038472 Completed database query for table users
2019-02-13T15:33:43.234543 Received request from 102.23.55.32 for /example
2019-02-13T15:33:44.726534 Started database query for table users
2019-02-13T15:33:44.038472 Completed database query for table users
2019-02-13T15:33:43.234543 Received request from 102.23.55.32 for /example
2019-02-13T15:33:44.726534 Started database query for table users
2019-02-13T15:33:44.038472 Completed database query for table users
2019-02-13T15:33:43.234543 Received request from 102.23.55.32 for /example
2006-02-13T15:33:44.726534 Started database query for table users
2019-02-13T15:33:44.038472 Completed database query for table users
2019-02-13T15:33:43.234543 Received request from 102.23.55.32 for /example
2009-02-13T15:33:44.726534 Started database query for table users
2019-02-13T15:33:44.038472 Completed database query for table users
2019-02-13T15:33:43.234543 Received request from 102.23.55.32 for /example
2018-02-13T15:33:44.726534 Started database query for table users
2019-02-13T15:33:44.038472 Completed database query for table users
2019-02-13T15:33:43.234543 Received request from 102.23.55.32 for /example
2012-02-13T15:33:44.726534 Started database query for table users
2019-02-13T15:33:44.038472 Completed database query for table users
2019-02-13T15:33:43.234543 Received request from 102.23.55.32 for /example
2019-02-13T15:33:44.726534 Started database query for table users
2019-02-13T15:33:44.038472 Completed database query for table users
2015-02-13T15:33:43.234543 Received request from 102.23.55.32 for /example
2019-02-13T15:33:44.726534 Started database query for table users
2019-02-13T15:33:44.038472 Completed database query for table users
2019-02-13T15:33:43.234543 Received request from 102.23.55.32 for /example
2019-02-13T15:33:44.726534 Started database query for table users
2019-02-13T15:33:44.038472 Completed database query for table users
2019-02-13T15:33:43.234543 Received request from 102.23.55.32 for /example
2019-02-13T15:33:44.726534 Started database query for table users
2019-02-13T15:33:44.038472 Completed database query for table users
2019-02-13T15:33:43.234543 Received request from 102.23.55.32 for /example
2019-02-13T15:33:44.726534 Started database query for table users
2019-02-13T15:33:44.038472 Completed database query for table users
2019-02-13T15:33:43.234543 Received request from 102.23.55.32 for /example
2019-02-13T15:33:44.726534 Started database query for table users
2019-02-13T15:33:44.038472 Completed database query for table users
2019-02-13T15:33:43.234543 Received request from 102.23.55.32 for /example
2019-02-13T15:33:44.726534 Started database query for table users
2019-02-13T15:33:44.038472 Completed database query for table users
2019-02-13T15:33:43.234543 Received request from 102.23.55.32 for /example
2019-02-13T15:33:44.726534 Started database query for table users
2019-02-13T15:33:44.038472 Completed database query for table users
2019-02-13T15:33:43.234543 Received request from 102.23.55.32 for /example
2019-02-13T15:33:44.726534 Started database query for table users
2019-02-13T15:33:44.038472 Completed database query for table users
2019-02-13T15:33:43.234543 Received request from 102.23.55.32 for /example
2006-02-13T15:33:44.726534 Started database query for table users
2019-02-13T15:33:44.038472 Completed database query for table users
2019-02-13T15:33:43.234543 Received request from 102.23.55.32 for /example
2009-02-13T15:33:44.726534 Started database query for table users
2019-02-13T15:33:44.038472 Completed database query for table users
2019-02-13T15:33:43.234543 Received request from 102.23.55.32 for /example
2018-02-13T15:33:44.726534 Started database query for table users
2019-02-13T15:33:44.038472 Completed database query for table users
2019-02-13T15:33:43.234543 Received request from 102.23.55.32 for /example
2012-02-13T15:33:44.726534 Started database query for table users
2019-02-13T15:33:44.038472 Completed database query for table users
2019-02-13T15:33:43.234543 Received request from 102.23.55.32 for /example
2019-02-13T15:33:44.726534 Started database query for table users
2019-02-13T15:33:44.038472 Completed database query for table users
2015-02-13T15:33:43.234543 Received request from 102.23.55.32 for /example
2019-02-13T15:33:44.726534 Started database query for table users
2019-02-13T15:33:44.038472 Completed database query for table users
2019-02-13T15:33:43.234543 Received request from 102.23.55.32 for /example
2019-02-13T15:33:44.726534 Started database query for table users
2019-02-13T15:33:44.038472 Completed database query for table users
2019-02-13T15:33:43.234543 Received request from 102.23.55.32 for /example
2019-02-13T15:33:44.726534 Started database query for table users
2019-02-13T15:33:44.038472 Completed database query for table users
2019-02-13T15:33:43.234543 Received request from 102.23.55.32 for /example
2019-02-13T15:33:44.726534 Started database query for table users
2019-02-13T15:33:44.038472 Completed database query for table users
2019-02-13T15:33:43.234543 Received request from 102.23.55.32 for /example
2019-02-13T15:33:44.726534 Started database query for table users
2019-02-13T15:33:44.038472 Completed database query for table users
2019-02-13T15:33:43.234543 Received request from 102.23.55.32 for /example
2019-02-13T15:33:44.726534 Started database query for table users
2019-02-13T15:33:44.038472 Completed database query for table users
2019-02-13T15:33:43.234543 Received request from 102.23.55.32 for /example
2019-02-13T15:33:44.726534 Started database query for table users
2019-02-13T15:33:44.038472 Completed database query for table users
2019-02-13T15:33:43.234543 Received request from 102.23.55.32 for /example
2019-02-13T15:33:44.726534 Started database query for table users
2019-02-13T15:33:44.038472 Completed database query for table users
2019-02-13T15:33:43.234543 Received request from 102.23.55.32 for /example
2006-02-13T15:33:44.726534 Started database query for table users
2019-02-13T15:33:44.038472 Completed database query for table users
2019-02-13T15:33:43.234543 Received request from 102.23.55.32 for /example
2009-02-13T15:33:44.726534 Started database query for table users
2019-02-13T15:33:44.038472 Completed database query for table users
2019-02-13T15:33:43.234543 Received request from 102.23.55.32 for /example
2018-02-13T15:33:44.726534 Started database query for table users
2019-02-13T15:33:44.038472 Completed database query for table users
2019-02-13T15:33:43.234543 Received request from 102.23.55.32 for /example
2012-02-13T15:33:44.726534 Started database query for table users
2019-02-13T15:33:44.038472 Completed database query for table users
2019-02-13T15:33:43.234543 Received request from 102.23.55.32 for /example
2019-02-13T15:33:44.726534 Started database query for table users
2019-02-13T15:33:44.038472 Completed database query for table users
2015-02-13T15:33:43.234543 Received request from 102.23.55.32 for /example
2019-02-13T15:33:44.726534 Started database query for table users
2019-02-13T15:33:44.038472 Completed database query for table users
2019-02-13T15:33:43.234543 Received request from 102.23.55.32 for /example
2019-02-13T15:33:44.726534 Started database query for table users
2019-02-13T15:33:44.038472 Completed database query for table users
2019-02-13T15:33:43.234543 Received request from 102.23.55.32 for /example
2019-02-13T15:33:44.726534 Started database query for table users
2019-02-13T15:33:44.038472 Completed database query for table users
2019-02-13T15:33:43.234543 Received request from 102.23.55.32 for /example
2019-02-13T15:33:44.726534 Started database query for table users
2019-02-13T15:33:44.038472 Completed database query for table users
2019-02-13T15:33:43.234543 Received request from 102.23.55.32 for /example
2019-02-13T15:33:44.726534 Started database query for table users
2019-02-13T15:33:44.038472 Completed database query for table users
2019-02-13T15:33:43.234543 Received request from 102.23.55.32 for /example
2019-02-13T15:33:44.726534 Started database query for table users
2019-02-13T15:33:44.038472 Completed database query for table users
2019-02-13T15:33:43.234543 Received request from 102.23.55.32 for /example
2019-02-13T15:33:44.726534 Started database query for table users
2019-02-13T15:33:44.038472 Completed database query for table users
2019-02-13T15:33:43.234543 Received request from 102.23.55.32 for /example
2019-02-13T15:33:44.726534 Started database query for table users
2019-02-13T15:33:44.038472 Completed database query for table users
2019-02-13T15:33:43.234543 Received request from 102.23.55.32 for /example
2006-02-13T15:33:44.726534 Started database query for table users
2019-02-13T15:33:44.038472 Completed database query for table users
2019-02-13T15:33:43.234543 Received request from 102.23.55.32 for /example
2009-02-13T15:33:44.726534 Started database query for table users
2019-02-13T15:33:44.038472 Completed database query for table users
2019-02-13T15:33:43.234543 Received request from 102.23.55.32 for /example
2018-02-13T15:33:44.726534 Started database query for table users
2019-02-13T15:33:44.038472 Completed database query for table users
2019-02-13T15:33:43.234543 Received request from 102.23.55.32 for /example
2012-02-13T15:33:44.726534 Started database query for table users
2019-02-13T15:33:44.038472 Completed database query for table users
2019-02-13T15:33:43.234543 Received request from 102.23.55.32 for /example
2019-02-13T15:33:44.726534 Started database query for table users
2019-02-13T15:33:44.038472 Completed database query for table users
2015-02-13T15:33:43.234543 Received request from 102.23.55.32 for /example
2019-02-13T15:33:44.726534 Started database query for table users
2019-02-13T15:33:44.038472 Completed database query for table users
2019-02-13T15:33:43.234543 Received request from 102.23.55.32 for /example
2019-02-13T15:33:44.726534 Started database query for table users
2019-02-13T15:33:44.038472 Completed database query for table users
2019-02-13T15:33:43.234543 Received request from 102.23.55.32 for /example
2019-02-13T15:33:44.726534 Started database query for table users
2019-02-13T15:33:44.038472 Completed database query for table users
2019-02-13T15:33:43.234543 Received request from 102.23.55.32 for /example
2019-02-13T15:33:44.726534 Started database query for table users
2019-02-13T15:33:44.038472 Completed database query for table users
2019-02-13T15:33:43.234543 Received request from 102.23.55.32 for /example
2019-02-13T15:33:44.726534 Started database query for table users
2019-02-13T15:33:44.038472 Completed database query for table users
2019-02-13T15:33:43.234543 Received request from 102.23.55.32 for /example
2019-02-13T15:33:44.726534 Started database query for table users
2019-02-13T15:33:44.038472 Completed database query for table users
2019-02-13T15:33:43.234543 Received request from 102.23.55.32 for /example
2019-02-13T15:33:44.726534 Started database query for table users
2019-02-13T15:33:44.038472 Completed database query for table users
2019-02-13T15:33:43.234543 Received request from 102.23.55.32 for /example
2019-02-13T15:33:44.726534 Started database query for table users
2019-02-13T15:33:44.038472 Completed database query for table users
2019-02-13T15:33:43.234543 Received request from 102.23.55.32 for /example
2006-02-13T15:33:44.726534 Started database query for table users
2019-02-13T15:33:44.038472 Completed database query for table users
2019-02-13T15:33:43.234543 Received request from 102.23.55.32 for /example
2009-02-13T15:33:44.726534 Started database query for table users
2019-02-13T15:33:44.038472 Completed database query for table users
2019-02-13T15:33:43.234543 Received request from 102.23.55.32 for /example
2018-02-13T15:33:44.726534 Started database query for table users
2019-02-13T15:33:44.038472 Completed database query for table users
2019-02-13T15:33:43.234543 Received request from 102.23.55.32 for /example
2012-02-13T15:33:44.726534 Started database query for table users
2019-02-13T15:33:44.038472 Completed database query for table users
2019-02-13T15:33:43.234543 Received request from 102.23.55.32 for /example
2019-02-13T15:33:44.726534 Started database query for table users
2019-02-13T15:33:44.038472 Completed database query for table users
2015-02-13T15:33:43.234543 Received request from 102.23.55.32 for /example
2019-02-13T15:33:44.726534 Started database query for table users
2019-02-13T15:33:44.038472 Completed database query for table users
2019-02-13T15:33:43.234543 Received request from 102.23.55.32 for /example
2019-02-13T15:33:44.726534 Started database query for table users
2019-02-13T15:33:44.038472 Completed database query for table users
2019-02-13T15:33:43.234543 Received request from 102.23.55.32 for /example
2019-02-13T15:33:44.726534 Started database query for table users
2019-02-13T15:33:44.038472 Completed database query for table users
2019-02-13T15:33:43.234543 Received request from 102.23.55.32 for /example
2019-02-13T15:33:44.726534 Started database query for table users
2019-02-13T15:33:44.038472 Completed database query for table users
2019-02-13T15:33:43.234543 Received request from 102.23.55.32 for /example
2019-02-13T15:33:44.726534 Started database query for table users
2019-02-13T15:33:44.038472 Completed database query for table users
2019-02-13T15:33:43.234543 Received request from 102.23.55.32 for /example
2019-02-13T15:33:44.726534 Started database query for table users
2019-02-13T15:33:44.038472 Completed database query for table users
2019-02-13T15:33:43.234543 Received request from 102.23.55.32 for /example
2019-02-13T15:33:44.726534 Started database query for table users
2019-02-13T15:33:44.038472 Completed database query for table users
2019-02-13T15:33:43.234543 Received request from 102.23.55.32 for /example
2019-02-13T15:33:44.726534 Started database query for table users
2019-02-13T15:33:44.038472 Completed database query for table users
2019-02-13T15:33:43.234543 Received request from 102.23.55.32 for /example
2006-02-13T15:33:44.726534 Started database query for table users
2019-02-13T15:33:44.038472 Completed database query for table users
2019-02-13T15:33:43.234543 Received request from 102.23.55.32 for /example
2009-02-13T15:33:44.726534 Started database query for table users
2019-02-13T15:33:44.038472 Completed database query for table users
2019-02-13T15:33:43.234543 Received request from 102.23.55.32 for /example
2018-02-13T15:33:44.726534 Started database query for table users
2019-02-13T15:33:44.038472 Completed database query for table users
2019-02-13T15:33:43.234543 Received request from 102.23.55.32 for /example
2012-02-13T15:33:44.726534 Started database query for table users
2019-02-13T15:33:44.038472 Completed database query for table users
2019-02-13T15:33:43.234543 Received request from 102.23.55.32 for /example
2019-02-13T15:33:44.726534 Started database query for table users
2019-02-13T15:33:44.038472 Completed database query for table users
2015-02-13T15:33:43.234543 Received request from 102.23.55.32 for /example
2019-02-13T15:33:44.726534 Started database query for table users
2019-02-13T15:33:44.038472 Completed database query for table users
2019-02-13T15:33:43.234543 Received request from 102.23.55.32 for /example
2019-02-13T15:33:44.726534 Started database query for table users
2019-02-13T15:33:44.038472 Completed database query for table users
2019-02-13T15:33:43.234543 Received request from 102.23.55.32 for /example
2019-02-13T15:33:44.726534 Started database query for table users
2019-02-13T15:33:44.038472 Completed database query for table users
2019-02-13T15:33:43.234543 Received request from 102.23.55.32 for /example
2019-02-13T15:33:44.726534 Started database query for table users
2019-02-13T15:33:44.038472 Completed database query for table users
2019-02-13T15:33:43.234543 Received request from 102.23.55.32 for /example
2019-02-13T15:33:44.726534 Started database query for table users
2019-02-13T15:33:44.038472 Completed database query for table users
2019-02-13T15:33:43.234543 Received request from 102.23.55.32 for /example
2019-02-13T15:33:44.726534 Started database query for table users
2019-02-13T15:33:44.038472 Completed database query for table users
2019-02-13T15:33:43.234543 Received request from 102.23.55.32 for /example
2019-02-13T15:33:44.726534 Started database query for table users
2019-02-13T15:33:44.038472 Completed database query for table users
2019-02-13T15:33:43.234543 Received request from 102.23.55.32 for /example
2019-02-13T15:33:44.726534 Started database query for table users
2019-02-13T15:33:44.038472 Completed database query for table users
2019-02-13T15:33:43.234543 Received request from 102.23.55.32 for /example
2006-02-13T15:33:44.726534 Started database query for table users
2019-02-13T15:33:44.038472 Completed database query for table users
2019-02-13T15:33:43.234543 Received request from 102.23.55.32 for /example
2009-02-13T15:33:44.726534 Started database query for table users
2019-02-13T15:33:44.038472 Completed database query for table users
2019-02-13T15:33:43.234543 Received request from 102.23.55.32 for /example
2018-02-13T15:33:44.726534 Started database query for table users
2019-02-13T15:33:44.038472 Completed database query for table users
2019-02-13T15:33:43.234543 Received request from 102.23.55.32 for /example
2012-02-13T15:33:44.726534 Started database query for table users
2019-02-13T15:33:44.038472 Completed database query for table users
2019-02-13T15:33:43.234543 Received request from 102.23.55.32 for /example
2019-02-13T15:33:44.726534 Started database query for table users
2019-02-13T15:33:44.038472 Completed database query for table users
2015-02-13T15:33:43.234543 Received request from 102.23.55.32 for /example
2019-02-13T15:33:44.726534 Started database query for table users
2019-02-13T15:33:44.038472 Completed database query for table users
2019-02-13T15:33:43.234543 Received request from 102.23.55.32 for /example
2019-02-13T15:33:44.726534 Started database query for table users
2019-02-13T15:33:44.038472 Completed database query for table users
2019-02-13T15:33:43.234543 Received request from 102.23.55.32 for /example
2019-02-13T15:33:44.726534 Started database query for table users
2019-02-13T15:33:44.038472 Completed database query for table users
2019-02-13T15:33:43.234543 Received request from 102.23.55.32 for /example
2019-02-13T15:33:44.726534 Started database query for table users
2019-02-13T15:33:44.038472 Completed database query for table users
2019-02-13T15:33:43.234543 Received request from 102.23.55.32 for /example
2019-02-13T15:33:44.726534 Started database query for table users
2019-02-13T15:33:44.038472 Completed database query for table users
2019-02-13T15:33:43.234543 Received request from 102.23.55.32 for /example
2019-02-13T15:33:44.726534 Started database query for table users
2019-02-13T15:33:44.038472 Completed database query for table users
2019-02-13T15:33:43.234543 Received request from 102.23.55.32 for /example
2019-02-13T15:33:44.726534 Started database query for table users
2019-02-13T15:33:44.038472 Completed database query for table users
2019-02-13T15:33:43.234543 Received request from 102.23.55.32 for /example
2019-02-13T15:33:44.726534 Started database query for table users
2019-02-13T15:33:44.038472 Completed database query for table users
2019-02-13T15:33:43.234543 Received request from 102.23.55.32 for /example
2006-02-13T15:33:44.726534 Started database query for table users
2019-02-13T15:33:44.038472 Completed database query for table users
2019-02-13T15:33:43.234543 Received request from 102.23.55.32 for /example
2009-02-13T15:33:44.726534 Started database query for table users
2019-02-13T15:33:44.038472 Completed database query for table users
2019-02-13T15:33:43.234543 Received request from 102.23.55.32 for /example
2018-02-13T15:33:44.726534 Started database query for table users
2019-02-13T15:33:44.038472 Completed database query for table users
2019-02-13T15:33:43.234543 Received request from 102.23.55.32 for /example
2012-02-13T15:33:44.726534 Started database query for table users
2019-02-13T15:33:44.038472 Completed database query for table users
2019-02-13T15:33:43.234543 Received request from 102.23.55.32 for /example
2019-02-13T15:33:44.726534 Started database query for table users
2019-02-13T15:33:44.038472 Completed database query for table users
2015-02-13T15:33:43.234543 Received request from 102.23.55.32 for /example
2019-02-13T15:33:44.726534 Started database query for table users
2019-02-13T15:33:44.038472 Completed database query for table users
2019-02-13T15:33:43.234543 Received request from 102.23.55.32 for /example
2019-02-13T15:33:44.726534 Started database query for table users
2019-02-13T15:33:44.038472 Completed database query for table users
2019-02-13T15:33:43.234543 Received request from 102.23.55.32 for /example
2019-02-13T15:33:44.726534 Started database query for table users
2019-02-13T15:33:44.038472 Completed database query for table users
2019-02-13T15:33:43.234543 Received request from 102.23.55.32 for /example
2019-02-13T15:33:44.726534 Started database query for table users
2019-02-13T15:33:44.038472 Completed database query for table users
2019-02-13T15:33:43.234543 Received request from 102.23.55.32 for /example
2019-02-13T15:33:44.726534 Started database query for table users
2019-02-13T15:33:44.038472 Completed database query for table users
2019-02-13T15:33:43.234543 Received request from 102.23.55.32 for /example
2019-02-13T15:33:44.726534 Started database query for table users
2019-02-13T15:33:44.038472 Completed database query for table users
2019-02-13T15:33:43.234543 Received request from 102.23.55.32 for /example
2019-02-13T15:33:44.726534 Started database query for table users
2019-02-13T15:33:44.038472 Completed database query for table users
2019-02-13T15:33:43.234543 Received request from 102.23.55.32 for /example
2019-02-13T15:33:44.726534 Started database query for table users
2019-02-13T15:33:44.038472 Completed database query for table users
2019-02-13T15:33:43.234543 Received request from 102.23.55.32 for /example
2006-02-13T15:33:44.726534 Started database query for table users
2019-02-13T15:33:44.038472 Completed database query for table users
2019-02-13T15:33:43.234543 Received request from 102.23.55.32 for /example
2009-02-13T15:33:44.726534 Started database query for table users
2019-02-13T15:33:44.038472 Completed database query for table users
2019-02-13T15:33:43.234543 Received request from 102.23.55.32 for /example
2018-02-13T15:33:44.726534 Started database query for table users
2019-02-13T15:33:44.038472 Completed database query for table users
2019-02-13T15:33:43.234543 Received request from 102.23.55.32 for /example
2012-02-13T15:33:44.726534 Started database query for table users
2019-02-13T15:33:44.038472 Completed database query for table users
2019-02-13T15:33:43.234543 Received request from 102.23.55.32 for /example
2019-02-13T15:33:44.726534 Started database query for table users
2019-02-13T15:33:44.038472 Completed database query for table users
2015-02-13T15:33:43.234543 Received request from 102.23.55.32 for /example
2019-02-13T15:33:44.726534 Started database query for table users
2019-02-13T15:33:44.038472 Completed database query for table users
2019-02-13T15:33:43.234543 Received request from 102.23.55.32 for /example
2019-02-13T15:33:44.726534 Started database query for table users
2019-02-13T15:33:44.038472 Completed database query for table users
2019-02-13T15:33:43.234543 Received request from 102.23.55.32 for /example
2019-02-13T15:33:44.726534 Started database query for table users
2019-02-13T15:33:44.038472 Completed database query for table users
2019-02-13T15:33:43.234543 Received request from 102.23.55.32 for /example
2019-02-13T15:33:44.726534 Started database query for table users
2019-02-13T15:33:44.038472 Completed database query for table users
2019-02-13T15:33:43.234543 Received request from 102.23.55.32 for /example
2019-02-13T15:33:44.726534 Started database query for table users
2019-02-13T15:33:44.038472 Completed database query for table users
2019-02-13T15:33:43.234543 Received request from 102.23.55.32 for /example
2019-02-13T15:33:44.726534 Started database query for table users
2019-02-13T15:33:44.038472 Completed database query for table users
2019-02-13T15:33:43.234543 Received request from 102.23.55.32 for /example
2019-02-13T15:33:44.726534 Started database query for table users
2019-02-13T15:33:44.038472 Completed database query for table users
2019-02-13T15:33:43.234543 Received request from 102.23.55.32 for /example
2019-02-13T15:33:44.726534 Started database query for table users
2019-02-13T15:33:44.038472 Completed database query for table users
2019-02-13T15:33:43.234543 Received request from 102.23.55.32 for /example
2006-02-13T15:33:44.726534 Started database query for table users
2019-02-13T15:33:44.038472 Completed database query for table users
2019-02-13T15:33:43.234543 Received request from 102.23.55.32 for /example
2009-02-13T15:33:44.726534 Started database query for table users
2019-02-13T15:33:44.038472 Completed database query for table users
2019-02-13T15:33:43.234543 Received request from 102.23.55.32 for /example
2018-02-13T15:33:44.726534 Started database query for table users
2019-02-13T15:33:44.038472 Completed database query for table users
2019-02-13T15:33:43.234543 Received request from 102.23.55.32 for /example
2012-02-13T15:33:44.726534 Started database query for table users
2019-02-13T15:33:44.038472 Completed database query for table users
2019-02-13T15:33:43.234543 Received request from 102.23.55.32 for /example
2019-02-13T15:33:44.726534 Started database query for table users
2019-02-13T15:33:44.038472 Completed database query for table users
2015-02-13T15:33:43.234543 Received request from 102.23.55.32 for /example
2019-02-13T15:33:44.726534 Started database query for table users
2019-02-13T15:33:44.038472 Completed database query for table users
2019-02-13T15:33:43.234543 Received request from 102.23.55.32 for /example
2019-02-13T15:33:44.726534 Started database query for table users
2019-02-13T15:33:44.038472 Completed database query for table users
2019-02-13T15:33:43.234543 Received request from 102.23.55.32 for /example
2019-02-13T15:33:44.726534 Started database query for table users
2019-02-13T15:33:44.038472 Completed database query for table users
2019-02-13T15:33:43.234543 Received request from 102.23.55.32 for /example
2019-02-13T15:33:44.726534 Started database query for table users
2019-02-13T15:33:44.038472 Completed database query for table users
2019-02-13T15:33:43.234543 Received request from 102.23.55.32 for /example
2019-02-13T15:33:44.726534 Started database query for table users
2019-02-13T15:33:44.038472 Completed database query for table users
2019-02-13T15:33:43.234543 Received request from 102.23.55.32 for /example
2019-02-13T15:33:44.726534 Started database query for table users
2019-02-13T15:33:44.038472 Completed database query for table users
2019-02-13T15:33:43.234543 Received request from 102.23.55.32 for /example
2019-02-13T15:33:44.726534 Started database query for table users
2019-02-13T15:33:44.038472 Completed database query for table users
2019-02-13T15:33:43.234543 Received request from 102.23.55.32 for /example
2019-02-13T15:33:44.726534 Started database query for table users
2019-02-13T15:33:44.038472 Completed database query for table users
2019-02-13T15:33:43.234543 Received request from 102.23.55.32 for /example
2006-02-13T15:33:44.726534 Started database query for table users
2019-02-13T15:33:44.038472 Completed database query for table users
2019-02-13T15:33:43.234543 Received request from 102.23.55.32 for /example
2009-02-13T15:33:44.726534 Started database query for table users
2019-02-13T15:33:44.038472 Completed database query for table users
2019-02-13T15:33:43.234543 Received request from 102.23.55.32 for /example
2018-02-13T15:33:44.726534 Started database query for table users
2019-02-13T15:33:44.038472 Completed database query for table users
2019-02-13T15:33:43.234543 Received request from 102.23.55.32 for /example
2012-02-13T15:33:44.726534 Started database query for table users
2019-02-13T15:33:44.038472 Completed database query for table users
2019-02-13T15:33:43.234543 Received request from 102.23.55.32 for /example
2019-02-13T15:33:44.726534 Started database query for table users
2019-02-13T15:33:44.038472 Completed database query for table users
2015-02-13T15:33:43.234543 Received request from 102.23.55.32 for /example
2019-02-13T15:33:44.726534 Started database query for table users
2019-02-13T15:33:44.038472 Completed database query for table users
2019-02-13T15:33:43.234543 Received request from 102.23.55.32 for /example
2019-02-13T15:33:44.726534 Started database query for table users
2019-02-13T15:33:44.038472 Completed database query for table users
2019-02-13T15:33:43.234543 Received request from 102.23.55.32 for /example
2019-02-13T15:33:44.726534 Started database query for table users
2019-02-13T15:33:44.038472 Completed database query for table users
2019-02-13T15:33:43.234543 Received request from 102.23.55.32 for /example
2019-02-13T15:33:44.726534 Started database query for table users
2019-02-13T15:33:44.038472 Completed database query for table users
2019-02-13T15:33:43.234543 Received request from 102.23.55.32 for /example
2019-02-13T15:33:44.726534 Started database query for table users
2019-02-13T15:33:44.038472 Completed database query for table users
2019-02-13T15:33:43.234543 Received request from 102.23.55.32 for /example
2019-02-13T15:33:44.726534 Started database query for table users
2019-02-13T15:33:44.038472 Completed database query for table users
2019-02-13T15:33:43.234543 Received request from 102.23.55.32 for /example
2019-02-13T15:33:44.726534 Started database query for table users
2019-02-13T15:33:44.038472 Completed database query for table users
2019-02-13T15:33:43.234543 Received request from 102.23.55.32 for /example
2019-02-13T15:33:44.726534 Started database query for table users
2019-02-13T15:33:44.038472 Completed database query for table users
2019-02-13T15:33:43.234543 Received request from 102.23.55.32 for /example
2006-02-13T15:33:44.726534 Started database query for table users
2019-02-13T15:33:44.038472 Completed database query for table users
2019-02-13T15:33:43.234543 Received request from 102.23.55.32 for /example
2009-02-13T15:33:44.726534 Started database query for table users
2019-02-13T15:33:44.038472 Completed database query for table users
2019-02-13T15:33:43.234543 Received request from 102.23.55.32 for /example
2018-02-13T15:33:44.726534 Started database query for table users
2019-02-13T15:33:44.038472 Completed database query for table users
2019-02-13T15:33:43.234543 Received request from 102.23.55.32 for /example
2012-02-13T15:33:44.726534 Started database query for table users
2019-02-13T15:33:44.038472 Completed database query for table users
2019-02-13T15:33:43.234543 Received request from 102.23.55.32 for /example
2019-02-13T15:33:44.726534 Started database query for table users
2019-02-13T15:33:44.038472 Completed database query for table users
2015-02-13T15:33:43.234543 Received request from 102.23.55.32 for /example
2019-02-13T15:33:44.726534 Started database query for table users
2019-02-13T15:33:44.038472 Completed database query for table users
2019-02-13T15:33:43.234543 Received request from 102.23.55.32 for /example
2019-02-13T15:33:44.726534 Started database query for table users
2019-02-13T15:33:44.038472 Completed database query for table users
2019-02-13T15:33:43.234543 Received request from 102.23.55.32 for /example
2019-02-13T15:33:44.726534 Started database query for table users
2019-02-13T15:33:44.038472 Completed database query for table users
2019-02-13T15:33:43.234543 Received request from 102.23.55.32 for /example
2019-02-13T15:33:44.726534 Started database query for table users
2019-02-13T15:33:44.038472 Completed database query for table users
2019-02-13T15:33:43.234543 Received request from 102.23.55.32 for /example
2019-02-13T15:33:44.726534 Started database query for table users
2019-02-13T15:33:44.038472 Completed database query for table users
2019-02-13T15:33:43.234543 Received request from 102.23.55.32 for /example
2019-02-13T15:33:44.726534 Started database query for table users
2019-02-13T15:33:44.038472 Completed database query for table users
2019-02-13T15:33:43.234543 Received request from 102.23.55.32 for /example
2019-02-13T15:33:44.726534 Started database query for table users
2019-02-13T15:33:44.038472 Completed database query for table users
2019-02-13T15:33:43.234543 Received request from 102.23.55.32 for /example
2019-02-13T15:33:44.726534 Started database query for table users
2019-02-13T15:33:44.038472 Completed database query for table users
2019-02-13T15:33:43.234543 Received request from 102.23.55.32 for /example
2006-02-13T15:33:44.726534 Started database query for table users
2019-02-13T15:33:44.038472 Completed database query for table users
2019-02-13T15:33:43.234543 Received request from 102.23.55.32 for /example
2009-02-13T15:33:44.726534 Started database query for table users
2019-02-13T15:33:44.038472 Completed database query for table users
2019-02-13T15:33:43.234543 Received request from 102.23.55.32 for /example
2018-02-13T15:33:44.726534 Started database query for table users
2019-02-13T15:33:44.038472 Completed database query for table users
2019-02-13T15:33:43.234543 Received request from 102.23.55.32 for /example
2012-02-13T15:33:44.726534 Started database query for table users
2019-02-13T15:33:44.038472 Completed database query for table users
2019-02-13T15:33:43.234543 Received request from 102.23.55.32 for /example
2019-02-13T15:33:44.726534 Started database query for table users
2019-02-13T15:33:44.038472 Completed database query for table users
2015-02-13T15:33:43.234543 Received request from 102.23.55.32 for /example
2019-02-13T15:33:44.726534 Started database query for table users
2019-02-13T15:33:44.038472 Completed database query for table users
2019-02-13T15:33:43.234543 Received request from 102.23.55.32 for /example
2019-02-13T15:33:44.726534 Started database query for table users
2019-02-13T15:33:44.038472 Completed database query for table users
2019-02-13T15:33:43.234543 Received request from 102.23.55.32 for /example
2019-02-13T15:33:44.726534 Started database query for table users
2019-02-13T15:33:44.038472 Completed database query for table users
2019-02-13T15:33:43.234543 Received request from 102.23.55.32 for /example
2019-02-13T15:33:44.726534 Started database query for table users
2019-02-13T15:33:44.038472 Completed database query for table users
2019-02-13T15:33:43.234543 Received request from 102.23.55.32 for /example
2019-02-13T15:33:44.726534 Started database query for table users
2019-02-13T15:33:44.038472 Completed database query for table users
2019-02-13T15:33:43.234543 Received request from 102.23.55.32 for /example
2019-02-13T15:33:44.726534 Started database query for table users
2019-02-13T15:33:44.038472 Completed database query for table users
2019-02-13T15:33:43.234543 Received request from 102.23.55.32 for /example
2019-02-13T15:33:44.726534 Started database query for table users
2019-02-13T15:33:44.038472 Completed database query for table users
2019-02-13T15:33:43.234543 Received request from 102.23.55.32 for /example
2019-02-13T15:33:44.726534 Started database query for table users
2019-02-13T15:33:44.038472 Completed database query for table users
2019-02-13T15:33:43.234543 Received request from 102.23.55.32 for /example
2006-02-13T15:33:44.726534 Started database query for table users
2019-02-13T15:33:44.038472 Completed database query for table users
2019-02-13T15:33:43.234543 Received request from 102.23.55.32 for /example
2009-02-13T15:33:44.726534 Started database query for table users
2019-02-13T15:33:44.038472 Completed database query for table users
2019-02-13T15:33:43.234543 Received request from 102.23.55.32 for /example
2018-02-13T15:33:44.726534 Started database query for table users
2019-02-13T15:33:44.038472 Completed database query for table users
2019-02-13T15:33:43.234543 Received request from 102.23.55.32 for /example
2012-02-13T15:33:44.726534 Started database query for table users
2019-02-13T15:33:44.038472 Completed database query for table users
2019-02-13T15:33:43.234543 Received request from 102.23.55.32 for /example
2019-02-13T15:33:44.726534 Started database query for table users
2019-02-13T15:33:44.038472 Completed database query for table users
2015-02-13T15:33:43.234543 Received request from 102.23.55.32 for /example
2019-02-13T15:33:44.726534 Started database query for table users
2019-02-13T15:33:44.038472 Completed database query for table users
2019-02-13T15:33:43.234543 Received request from 102.23.55.32 for /example
2019-02-13T15:33:44.726534 Started database query for table users
2019-02-13T15:33:44.038472 Completed database query for table users
2019-02-13T15:33:43.234543 Received request from 102.23.55.32 for /example
2019-02-13T15:33:44.726534 Started database query for table users
2019-02-13T15:33:44.038472 Completed database query for table users
2019-02-13T15:33:43.234543 Received request from 102.23.55.32 for /example
2019-02-13T15:33:44.726534 Started database query for table users
2019-02-13T15:33:44.038472 Completed database query for table users
2019-02-13T15:33:43.234543 Received request from 102.23.55.32 for /example
2019-02-13T15:33:44.726534 Started database query for table users
2019-02-13T15:33:44.038472 Completed database query for table users
2019-02-13T15:33:43.234543 Received request from 102.23.55.32 for /example
2019-02-13T15:33:44.726534 Started database query for table users
2019-02-13T15:33:44.038472 Completed database query for table users
2019-02-13T15:33:43.234543 Received request from 102.23.55.32 for /example
2019-02-13T15:33:44.726534 Started database query for table users
2019-02-13T15:33:44.038472 Completed database query for table users
2019-02-13T15:33:43.234543 Received request from 102.23.55.32 for /example
2019-02-13T15:33:44.726534 Started database query for table users
2019-02-13T15:33:44.038472 Completed database query for table users
2019-02-13T15:33:43.234543 Received request from 102.23.55.32 for /example
2006-02-13T15:33:44.726534 Started database query for table users
2019-02-13T15:33:44.038472 Completed database query for table users
2019-02-13T15:33:43.234543 Received request from 102.23.55.32 for /example
2009-02-13T15:33:44.726534 Started database query for table users
2019-02-13T15:33:44.038472 Completed database query for table users
2019-02-13T15:33:43.234543 Received request from 102.23.55.32 for /example
2018-02-13T15:33:44.726534 Started database query for table users
2019-02-13T15:33:44.038472 Completed database query for table users
2019-02-13T15:33:43.234543 Received request from 102.23.55.32 for /example
2012-02-13T15:33:44.726534 Started database query for table users
2019-02-13T15:33:44.038472 Completed database query for table users
2019-02-13T15:33:43.234543 Received request from 102.23.55.32 for /example
2019-02-13T15:33:44.726534 Started database query for table users
2019-02-13T15:33:44.038472 Completed database query for table users
2015-02-13T15:33:43.234543 Received request from 102.23.55.32 for /example
2019-02-13T15:33:44.726534 Started database query for table users
2019-02-13T15:33:44.038472 Completed database query for table users
2019-02-13T15:33:43.234543 Received request from 102.23.55.32 for /example
2019-02-13T15:33:44.726534 Started database query for table users
2019-02-13T15:33:44.038472 Completed database query for table users
2019-02-13T15:33:43.234543 Received request from 102.23.55.32 for /example
2019-02-13T15:33:44.726534 Started database query for table users
2019-02-13T15:33:44.038472 Completed database query for table users
2019-02-13T15:33:43.234543 Received request from 102.23.55.32 for /example
2019-02-13T15:33:44.726534 Started database query for table users
2019-02-13T15:33:44.038472 Completed database query for table users
2019-02-13T15:33:43.234543 Received request from 102.23.55.32 for /example
2019-02-13T15:33:44.726534 Started database query for table users
2019-02-13T15:33:44.038472 Completed database query for table users
2019-02-13T15:33:43.234543 Received request from 102.23.55.32 for /example
2019-02-13T15:33:44.726534 Started database query for table users
2019-02-13T15:33:44.038472 Completed database query for table users
2019-02-13T15:33:43.234543 Received request from 102.23.55.32 for /example
2019-02-13T15:33:44.726534 Started database query for table users
2019-02-13T15:33:44.038472 Completed database query for table users
2019-02-13T15:33:43.234543 Received request from 102.23.55.32 for /example
2019-02-13T15:33:44.726534 Started database query for table users
2019-02-13T15:33:44.038472 Completed database query for table users
2019-02-13T15:33:43.234543 Received request from 102.23.55.32 for /example
2006-02-13T15:33:44.726534 Started database query for table users
2019-02-13T15:33:44.038472 Completed database query for table users
2019-02-13T15:33:43.234543 Received request from 102.23.55.32 for /example
2009-02-13T15:33:44.726534 Started database query for table users
2019-02-13T15:33:44.038472 Completed database query for table users
2019-02-13T15:33:43.234543 Received request from 102.23.55.32 for /example
2018-02-13T15:33:44.726534 Started database query for table users
2019-02-13T15:33:44.038472 Completed database query for table users
2019-02-13T15:33:43.234543 Received request from 102.23.55.32 for /example
2012-02-13T15:33:44.726534 Started database query for table users
2019-02-13T15:33:44.038472 Completed database query for table users
2019-02-13T15:33:43.234543 Received request from 102.23.55.32 for /example
2019-02-13T15:33:44.726534 Started database query for table users
2019-02-13T15:33:44.038472 Completed database query for table users
2015-02-13T15:33:43.234543 Received request from 102.23.55.32 for /example
2019-02-13T15:33:44.726534 Started database query for table users
2019-02-13T15:33:44.038472 Completed database query for table users
2019-02-13T15:33:43.234543 Received request from 102.23.55.32 for /example
2019-02-13T15:33:44.726534 Started database query for table users
2019-02-13T15:33:44.038472 Completed database query for table users
2019-02-13T15:33:43.234543 Received request from 102.23.55.32 for /example
2019-02-13T15:33:44.726534 Started database query for table users
2019-02-13T15:33:44.038472 Completed database query for table users
2019-02-13T15:33:43.234543 Received request from 102.23.55.32 for /example
2019-02-13T15:33:44.726534 Started database query for table users
2019-02-13T15:33:44.038472 Completed database query for table users
2019-02-13T15:33:43.234543 Received request from 102.23.55.32 for /example
2019-02-13T15:33:44.726534 Started database query for table users
2019-02-13T15:33:44.038472 Completed database query for table users
2019-02-13T15:33:43.234543 Received request from 102.23.55.32 for /example
2019-02-13T15:33:44.726534 Started database query for table users
2019-02-13T15:33:44.038472 Completed database query for table users
2019-02-13T15:33:43.234543 Received request from 102.23.55.32 for /example
2019-02-13T15:33:44.726534 Started database query for table users
2019-02-13T15:33:44.038472 Completed database query for table users
2019-02-13T15:33:43.234543 Received request from 102.23.55.32 for /example
2019-02-13T15:33:44.726534 Started database query for table users
2019-02-13T15:33:44.038472 Completed database query for table users
2019-02-13T15:33:43.234543 Received request from 102.23.55.32 for /example
2006-02-13T15:33:44.726534 Started database query for table users
2019-02-13T15:33:44.038472 Completed database query for table users
2019-02-13T15:33:43.234543 Received request from 102.23.55.32 for /example
2009-02-13T15:33:44.726534 Started database query for table users
2019-02-13T15:33:44.038472 Completed database query for table users
2019-02-13T15:33:43.234543 Received request from 102.23.55.32 for /example
2018-02-13T15:33:44.726534 Started database query for table users
2019-02-13T15:33:44.038472 Completed database query for table users
2019-02-13T15:33:43.234543 Received request from 102.23.55.32 for /example
2012-02-13T15:33:44.726534 Started database query for table users
2019-02-13T15:33:44.038472 Completed database query for table users
2019-02-13T15:33:43.234543 Received request from 102.23.55.32 for /example
2019-02-13T15:33:44.726534 Started database query for table users
2019-02-13T15:33:44.038472 Completed database query for table users
2015-02-13T15:33:43.234543 Received request from 102.23.55.32 for /example
2019-02-13T15:33:44.726534 Started database query for table users
2019-02-13T15:33:44.038472 Completed database query for table users
2019-02-13T15:33:43.234543 Received request from 102.23.55.32 for /example
2019-02-13T15:33:44.726534 Started database query for table users
2019-02-13T15:33:44.038472 Completed database query for table users
2019-02-13T15:33:43.234543 Received request from 102.23.55.32 for /example
2019-02-13T15:33:44.726534 Started database query for table users
2019-02-13T15:33:44.038472 Completed database query for table users
2019-02-13T15:33:43.234543 Received request from 102.23.55.32 for /example
2019-02-13T15:33:44.726534 Started database query for table users
2019-02-13T15:33:44.038472 Completed database query for table users
2019-02-13T15:33:43.234543 Received request from 102.23.55.32 for /example
2019-02-13T15:33:44.726534 Started database query for table users
2019-02-13T15:33:44.038472 Completed database query for table users
2019-02-13T15:33:43.234543 Received request from 102.23.55.32 for /example
2019-02-13T15:33:44.726534 Started database query for table users
2019-02-13T15:33:44.038472 Completed database query for table users
2019-02-13T15:33:43.234543 Received request from 102.23.55.32 for /example
2019-02-13T15:33:44.726534 Started database query for table users
2019-02-13T15:33:44.038472 Completed database query for table users
2019-02-13T15:33:43.234543 Received request from 102.23.55.32 for /example
2019-02-13T15:33:44.726534 Started database query for table users
2019-02-13T15:33:44.038472 Completed database query for table users
2019-02-13T15:33:43.234543 Received request from 102.23.55.32 for /example
2006-02-13T15:33:44.726534 Started database query for table users
2019-02-13T15:33:44.038472 Completed database query for table users
2019-02-13T15:33:43.234543 Received request from 102.23.55.32 for /example
2009-02-13T15:33:44.726534 Started database query for table users
2019-02-13T15:33:44.038472 Completed database query for table users
2019-02-13T15:33:43.234543 Received request from 102.23.55.32 for /example
2018-02-13T15:33:44.726534 Started database query for table users
2019-02-13T15:33:44.038472 Completed database query for table users
2019-02-13T15:33:43.234543 Received request from 102.23.55.32 for /example
2012-02-13T15:33:44.726534 Started database query for table users
2019-02-13T15:33:44.038472 Completed database query for table users
2019-02-13T15:33:43.234543 Received request from 102.23.55.32 for /example
2019-02-13T15:33:44.726534 Started database query for table users
2019-02-13T15:33:44.038472 Completed database query for table users
2015-02-13T15:33:43.234543 Received request from 102.23.55.32 for /example
2019-02-13T15:33:44.726534 Started database query for table users
2019-02-13T15:33:44.038472 Completed database query for table users
2019-02-13T15:33:43.234543 Received request from 102.23.55.32 for /example
2019-02-13T15:33:44.726534 Started database query for table users
2019-02-13T15:33:44.038472 Completed database query for table users
2019-02-13T15:33:43.234543 Received request from 102.23.55.32 for /example
2019-02-13T15:33:44.726534 Started database query for table users
2019-02-13T15:33:44.038472 Completed database query for table users
2019-02-13T15:33:43.234543 Received request from 102.23.55.32 for /example
2019-02-13T15:33:44.726534 Started database query for table users
2019-02-13T15:33:44.038472 Completed database query for table users
2019-02-13T15:33:43.234543 Received request from 102.23.55.32 for /example
2019-02-13T15:33:44.726534 Started database query for table users
2019-02-13T15:33:44.038472 Completed database query for table users
2019-02-13T15:33:43.234543 Received request from 102.23.55.32 for /example
2019-02-13T15:33:44.726534 Started database query for table users
2019-02-13T15:33:44.038472 Completed database query for table users
2019-02-13T15:33:43.234543 Received request from 102.23.55.32 for /example
2019-02-13T15:33:44.726534 Started database query for table users
2019-02-13T15:33:44.038472 Completed database query for table users
2019-02-13T15:33:43.234543 Received request from 102.23.55.32 for /example
2019-02-13T15:33:44.726534 Started database query for table users
2019-02-13T15:33:44.038472 Completed database query for table users
2019-02-13T15:33:43.234543 Received request from 102.23.55.32 for /example
2006-02-13T15:33:44.726534 Started database query for table users
2019-02-13T15:33:44.038472 Completed database query for table users
2019-02-13T15:33:43.234543 Received request from 102.23.55.32 for /example
2009-02-13T15:33:44.726534 Started database query for table users
2019-02-13T15:33:44.038472 Completed database query for table users
2019-02-13T15:33:43.234543 Received request from 102.23.55.32 for /example
2018-02-13T15:33:44.726534 Started database query for table users
2019-02-13T15:33:44.038472 Completed database query for table users
2019-02-13T15:33:43.234543 Received request from 102.23.55.32 for /example
2012-02-13T15:33:44.726534 Started database query for table users
2019-02-13T15:33:44.038472 Completed database query for table users
2019-02-13T15:33:43.234543 Received request from 102.23.55.32 for /example
2019-02-13T15:33:44.726534 Started database query for table users
2019-02-13T15:33:44.038472 Completed database query for table users
2015-02-13T15:33:43.234543 Received request from 102.23.55.32 for /example
2019-02-13T15:33:44.726534 Started database query for table users
2019-02-13T15:33:44.038472 Completed database query for table users
2019-02-13T15:33:43.234543 Received request from 102.23.55.32 for /example
2019-02-13T15:33:44.726534 Started database query for table users
2019-02-13T15:33:44.038472 Completed database query for table users
2019-02-13T15:33:43.234543 Received request from 102.23.55.32 for /example
2019-02-13T15:33:44.726534 Started database query for table users
2019-02-13T15:33:44.038472 Completed database query for table users
2019-02-13T15:33:43.234543 Received request from 102.23.55.32 for /example
2019-02-13T15:33:44.726534 Started database query for table users
2019-02-13T15:33:44.038472 Completed database query for table users
2019-02-13T15:33:43.234543 Received request from 102.23.55.32 for /example
2019-02-13T15:33:44.726534 Started database query for table users
2019-02-13T15:33:44.038472 Completed database query for table users
2019-02-13T15:33:43.234543 Received request from 102.23.55.32 for /example
2019-02-13T15:33:44.726534 Started database query for table users
2019-02-13T15:33:44.038472 Completed database query for table users
2019-02-13T15:33:43.234543 Received request from 102.23.55.32 for /example
2019-02-13T15:33:44.726534 Started database query for table users
2019-02-13T15:33:44.038472 Completed database query for table users
2019-02-13T15:33:43.234543 Received request from 102.23.55.32 for /example
2019-02-13T15:33:44.726534 Started database query for table users
2019-02-13T15:33:44.038472 Completed database query for table users
2019-02-13T15:33:43.234543 Received request from 102.23.55.32 for /example
2006-02-13T15:33:44.726534 Started database query for table users
2019-02-13T15:33:44.038472 Completed database query for table users
2019-02-13T15:33:43.234543 Received request from 102.23.55.32 for /example
2009-02-13T15:33:44.726534 Started database query for table users
2019-02-13T15:33:44.038472 Completed database query for table users
2019-02-13T15:33:43.234543 Received request from 102.23.55.32 for /example
2018-02-13T15:33:44.726534 Started database query for table users
2019-02-13T15:33:44.038472 Completed database query for table users
2019-02-13T15:33:43.234543 Received request from 102.23.55.32 for /example
2012-02-13T15:33:44.726534 Started database query for table users
2019-02-13T15:33:44.038472 Completed database query for table users
2019-02-13T15:33:43.234543 Received request from 102.23.55.32 for /example
2019-02-13T15:33:44.726534 Started database query for table users
2019-02-13T15:33:44.038472 Completed database query for table users
2015-02-13T15:33:43.234543 Received request from 102.23.55.32 for /example
2019-02-13T15:33:44.726534 Started database query for table users
2019-02-13T15:33:44.038472 Completed database query for table users
2019-02-13T15:33:43.234543 Received request from 102.23.55.32 for /example
2019-02-13T15:33:44.726534 Started database query for table users
2019-02-13T15:33:44.038472 Completed database query for table users
2019-02-13T15:33:43.234543 Received request from 102.23.55.32 for /example
2019-02-13T15:33:44.726534 Started database query for table users
2019-02-13T15:33:44.038472 Completed database query for table users
2019-02-13T15:33:43.234543 Received request from 102.23.55.32 for /example
2019-02-13T15:33:44.726534 Started database query for table users
2019-02-13T15:33:44.038472 Completed database query for table users
2019-02-13T15:33:43.234543 Received request from 102.23.55.32 for /example
2019-02-13T15:33:44.726534 Started database query for table users
2019-02-13T15:33:44.038472 Completed database query for table users
2019-02-13T15:33:43.234543 Received request from 102.23.55.32 for /example
2019-02-13T15:33:44.726534 Started database query for table users
2019-02-13T15:33:44.038472 Completed database query for table users
2019-02-13T15:33:43.234543 Received request from 102.23.55.32 for /example
2019-02-13T15:33:44.726534 Started database query for table users
2019-02-13T15:33:44.038472 Completed database query for table users
2019-02-13T15:33:43.234543 Received request from 102.23.55.32 for /example
2019-02-13T15:33:44.726534 Started database query for table users
2019-02-13T15:33:44.038472 Completed database query for table users
2019-02-13T15:33:43.234543 Received request from 102.23.55.32 for /example
2006-02-13T15:33:44.726534 Started database query for table users
2019-02-13T15:33:44.038472 Completed database query for table users
2019-02-13T15:33:43.234543 Received request from 102.23.55.32 for /example
2009-02-13T15:33:44.726534 Started database query for table users
2019-02-13T15:33:44.038472 Completed database query for table users
2019-02-13T15:33:43.234543 Received request from 102.23.55.32 for /example
2018-02-13T15:33:44.726534 Started database query for table users
2019-02-13T15:33:44.038472 Completed database query for table users
2019-02-13T15:33:43.234543 Received request from 102.23.55.32 for /example
2012-02-13T15:33:44.726534 Started database query for table users
2019-02-13T15:33:44.038472 Completed database query for table users
2019-02-13T15:33:43.234543 Received request from 102.23.55.32 for /example
2019-02-13T15:33:44.726534 Started database query for table users
2019-02-13T15:33:44.038472 Completed database query for table users
2015-02-13T15:33:43.234543 Received request from 102.23.55.32 for /example
2019-02-13T15:33:44.726534 Started database query for table users
2019-02-13T15:33:44.038472 Completed database query for table users
2019-02-13T15:33:43.234543 Received request from 102.23.55.32 for /example
2019-02-13T15:33:44.726534 Started database query for table users
2019-02-13T15:33:44.038472 Completed database query for table users
2019-02-13T15:33:43.234543 Received request from 102.23.55.32 for /example
2019-02-13T15:33:44.726534 Started database query for table users
2019-02-13T15:33:44.038472 Completed database query for table users
2019-02-13T15:33:43.234543 Received request from 102.23.55.32 for /example
2019-02-13T15:33:44.726534 Started database query for table users
2019-02-13T15:33:44.038472 Completed database query for table users
2019-02-13T15:33:43.234543 Received request from 102.23.55.32 for /example
2019-02-13T15:33:44.726534 Started database query for table users
2019-02-13T15:33:44.038472 Completed database query for table users
2019-02-13T15:33:43.234543 Received request from 102.23.55.32 for /example
2019-02-13T15:33:44.726534 Started database query for table users
2019-02-13T15:33:44.038472 Completed database query for table users
2019-02-13T15:33:43.234543 Received request from 102.23.55.32 for /example
2019-02-13T15:33:44.726534 Started database query for table users
2019-02-13T15:33:44.038472 Completed database query for table users
2019-02-13T15:33:43.234543 Received request from 102.23.55.32 for /example
2019-02-13T15:33:44.726534 Started database query for table users
2019-02-13T15:33:44.038472 Completed database query for table users
2019-02-13T15:33:43.234543 Received request from 102.23.55.32 for /example
2006-02-13T15:33:44.726534 Started database query for table users
2019-02-13T15:33:44.038472 Completed database query for table users
2019-02-13T15:33:43.234543 Received request from 102.23.55.32 for /example
2009-02-13T15:33:44.726534 Started database query for table users
2019-02-13T15:33:44.038472 Completed database query for table users
2019-02-13T15:33:43.234543 Received request from 102.23.55.32 for /example
2018-02-13T15:33:44.726534 Started database query for table users
2019-02-13T15:33:44.038472 Completed database query for table users
2019-02-13T15:33:43.234543 Received request from 102.23.55.32 for /example
2012-02-13T15:33:44.726534 Started database query for table users
2019-02-13T15:33:44.038472 Completed database query for table users
2019-02-13T15:33:43.234543 Received request from 102.23.55.32 for /example
2019-02-13T15:33:44.726534 Started database query for table users
2019-02-13T15:33:44.038472 Completed database query for table users
2015-02-13T15:33:43.234543 Received request from 102.23.55.32 for /example
2019-02-13T15:33:44.726534 Started database query for table users
2019-02-13T15:33:44.038472 Completed database query for table users
2019-02-13T15:33:43.234543 Received request from 102.23.55.32 for /example
2019-02-13T15:33:44.726534 Started database query for table users
2019-02-13T15:33:44.038472 Completed database query for table users
2019-02-13T15:33:43.234543 Received request from 102.23.55.32 for /example
2019-02-13T15:33:44.726534 Started database query for table users
2019-02-13T15:33:44.038472 Completed database query for table users
2019-02-13T15:33:43.234543 Received request from 102.23.55.32 for /example
2019-02-13T15:33:44.726534 Started database query for table users
2019-02-13T15:33:44.038472 Completed database query for table users
2019-02-13T15:33:43.234543 Received request from 102.23.55.32 for /example
2019-02-13T15:33:44.726534 Started database query for table users
2019-02-13T15:33:44.038472 Completed database query for table users
2019-02-13T15:33:43.234543 Received request from 102.23.55.32 for /example
2019-02-13T15:33:44.726534 Started database query for table users
2019-02-13T15:33:44.038472 Completed database query for table users
2019-02-13T15:33:43.234543 Received request from 102.23.55.32 for /example
2019-02-13T15:33:44.726534 Started database query for table users
2019-02-13T15:33:44.038472 Completed database query for table users
2019-02-13T15:33:43.234543 Received request from 102.23.55.32 for /example
2019-02-13T15:33:44.726534 Started database query for table users
2019-02-13T15:33:44.038472 Completed database query for table users
2019-02-13T15:33:43.234543 Received request from 102.23.55.32 for /example
2006-02-13T15:33:44.726534 Started database query for table users
2019-02-13T15:33:44.038472 Completed database query for table users
2019-02-13T15:33:43.234543 Received request from 102.23.55.32 for /example
2009-02-13T15:33:44.726534 Started database query for table users
2019-02-13T15:33:44.038472 Completed database query for table users
2019-02-13T15:33:43.234543 Received request from 102.23.55.32 for /example
2018-02-13T15:33:44.726534 Started database query for table users
2019-02-13T15:33:44.038472 Completed database query for table users
2019-02-13T15:33:43.234543 Received request from 102.23.55.32 for /example
2012-02-13T15:33:44.726534 Started database query for table users
2019-02-13T15:33:44.038472 Completed database query for table users
2019-02-13T15:33:43.234543 Received request from 102.23.55.32 for /example
2019-02-13T15:33:44.726534 Started database query for table users
2019-02-13T15:33:44.038472 Completed database query for table users
2015-02-13T15:33:43.234543 Received request from 102.23.55.32 for /example
2019-02-13T15:33:44.726534 Started database query for table users
2019-02-13T15:33:44.038472 Completed database query for table users
2019-02-13T15:33:43.234543 Received request from 102.23.55.32 for /example
2019-02-13T15:33:44.726534 Started database query for table users
2019-02-13T15:33:44.038472 Completed database query for table users
2019-02-13T15:33:43.234543 Received request from 102.23.55.32 for /example
2019-02-13T15:33:44.726534 Started database query for table users
2019-02-13T15:33:44.038472 Completed database query for table users
2019-02-13T15:33:43.234543 Received request from 102.23.55.32 for /example
2019-02-13T15:33:44.726534 Started database query for table users
2019-02-13T15:33:44.038472 Completed database query for table users
2019-02-13T15:33:43.234543 Received request from 102.23.55.32 for /example
2019-02-13T15:33:44.726534 Started database query for table users
2019-02-13T15:33:44.038472 Completed database query for table users
2019-02-13T15:33:43.234543 Received request from 102.23.55.32 for /example
2019-02-13T15:33:44.726534 Started database query for table users
2019-02-13T15:33:44.038472 Completed database query for table users
2019-02-13T15:33:43.234543 Received request from 102.23.55.32 for /example
2019-02-13T15:33:44.726534 Started database query for table users
2019-02-13T15:33:44.038472 Completed database query for table users
2019-02-13T15:33:43.234543 Received request from 102.23.55.32 for /example
2019-02-13T15:33:44.726534 Started database query for table users
2019-02-13T15:33:44.038472 Completed database query for table users
2019-02-13T15:33:43.234543 Received request from 102.23.55.32 for /example
2006-02-13T15:33:44.726534 Started database query for table users
2019-02-13T15:33:44.038472 Completed database query for table users
2019-02-13T15:33:43.234543 Received request from 102.23.55.32 for /example
2009-02-13T15:33:44.726534 Started database query for table users
2019-02-13T15:33:44.038472 Completed database query for table users
2019-02-13T15:33:43.234543 Received request from 102.23.55.32 for /example
2018-02-13T15:33:44.726534 Started database query for table users
2019-02-13T15:33:44.038472 Completed database query for table users
2019-02-13T15:33:43.234543 Received request from 102.23.55.32 for /example
2012-02-13T15:33:44.726534 Started database query for table users
2019-02-13T15:33:44.038472 Completed database query for table users
2019-02-13T15:33:43.234543 Received request from 102.23.55.32 for /example
2019-02-13T15:33:44.726534 Started database query for table users
2019-02-13T15:33:44.038472 Completed database query for table users
2015-02-13T15:33:43.234543 Received request from 102.23.55.32 for /example
2019-02-13T15:33:44.726534 Started database query for table users
2019-02-13T15:33:44.038472 Completed database query for table users
2019-02-13T15:33:43.234543 Received request from 102.23.55.32 for /example
2019-02-13T15:33:44.726534 Started database query for table users
2019-02-13T15:33:44.038472 Completed database query for table users
2019-02-13T15:33:43.234543 Received request from 102.23.55.32 for /example
2019-02-13T15:33:44.726534 Started database query for table users
2019-02-13T15:33:44.038472 Completed database query for table users
2019-02-13T15:33:43.234543 Received request from 102.23.55.32 for /example
2019-02-13T15:33:44.726534 Started database query for table users
2019-02-13T15:33:44.038472 Completed database query for table users
2019-02-13T15:33:43.234543 Received request from 102.23.55.32 for /example
2019-02-13T15:33:44.726534 Started database query for table users
2019-02-13T15:33:44.038472 Completed database query for table users
2019-02-13T15:33:43.234543 Received request from 102.23.55.32 for /example
2019-02-13T15:33:44.726534 Started database query for table users
2019-02-13T15:33:44.038472 Completed database query for table users
2019-02-13T15:33:43.234543 Received request from 102.23.55.32 for /example
2019-02-13T15:33:44.726534 Started database query for table users
2019-02-13T15:33:44.038472 Completed database query for table users
2019-02-13T15:33:43.234543 Received request from 102.23.55.32 for /example
2019-02-13T15:33:44.726534 Started database query for table users
2019-02-13T15:33:44.038472 Completed database query for table users
2019-02-13T15:33:43.234543 Received request from 102.23.55.32 for /example
2006-02-13T15:33:44.726534 Started database query for table users
2019-02-13T15:33:44.038472 Completed database query for table users
2019-02-13T15:33:43.234543 Received request from 102.23.55.32 for /example
2009-02-13T15:33:44.726534 Started database query for table users
2019-02-13T15:33:44.038472 Completed database query for table users
2019-02-13T15:33:43.234543 Received request from 102.23.55.32 for /example
2018-02-13T15:33:44.726534 Started database query for table users
2019-02-13T15:33:44.038472 Completed database query for table users
2019-02-13T15:33:43.234543 Received request from 102.23.55.32 for /example
2012-02-13T15:33:44.726534 Started database query for table users
2019-02-13T15:33:44.038472 Completed database query for table users
2019-02-13T15:33:43.234543 Received request from 102.23.55.32 for /example
2019-02-13T15:33:44.726534 Started database query for table users
2019-02-13T15:33:44.038472 Completed database query for table users
2015-02-13T15:33:43.234543 Received request from 102.23.55.32 for /example
2019-02-13T15:33:44.726534 Started database query for table users
2019-02-13T15:33:44.038472 Completed database query for table users
2019-02-13T15:33:43.234543 Received request from 102.23.55.32 for /example
2019-02-13T15:33:44.726534 Started database query for table users
2019-02-13T15:33:44.038472 Completed database query for table users
2019-02-13T15:33:43.234543 Received request from 102.23.55.32 for /example
2019-02-13T15:33:44.726534 Started database query for table users
2019-02-13T15:33:44.038472 Completed database query for table users
2019-02-13T15:33:43.234543 Received request from 102.23.55.32 for /example
2019-02-13T15:33:44.726534 Started database query for table users
2019-02-13T15:33:44.038472 Completed database query for table users
2019-02-13T15:33:43.234543 Received request from 102.23.55.32 for /example
2019-02-13T15:33:44.726534 Started database query for table users
2019-02-13T15:33:44.038472 Completed database query for table users
2019-02-13T15:33:43.234543 Received request from 102.23.55.32 for /example
2019-02-13T15:33:44.726534 Started database query for table users
2019-02-13T15:33:44.038472 Completed database query for table users
2019-02-13T15:33:43.234543 Received request from 102.23.55.32 for /example
2019-02-13T15:33:44.726534 Started database query for table users
2019-02-13T15:33:44.038472 Completed database query for table users
2019-02-13T15:33:43.234543 Received request from 102.23.55.32 for /example
2019-02-13T15:33:44.726534 Started database query for table users
2019-02-13T15:33:44.038472 Completed database query for table users
2019-02-13T15:33:43.234543 Received request from 102.23.55.32 for /example
2006-02-13T15:33:44.726534 Started database query for table users
2019-02-13T15:33:44.038472 Completed database query for table users
2019-02-13T15:33:43.234543 Received request from 102.23.55.32 for /example
2009-02-13T15:33:44.726534 Started database query for table users
2019-02-13T15:33:44.038472 Completed database query for table users
2019-02-13T15:33:43.234543 Received request from 102.23.55.32 for /example
2018-02-13T15:33:44.726534 Started database query for table users
2019-02-13T15:33:44.038472 Completed database query for table users
2019-02-13T15:33:43.234543 Received request from 102.23.55.32 for /example
2012-02-13T15:33:44.726534 Started database query for table users
2019-02-13T15:33:44.038472 Completed database query for table users
2019-02-13T15:33:43.234543 Received request from 102.23.55.32 for /example
2019-02-13T15:33:44.726534 Started database query for table users
2019-02-13T15:33:44.038472 Completed database query for table users
2015-02-13T15:33:43.234543 Received request from 102.23.55.32 for /example
2019-02-13T15:33:44.726534 Started database query for table users
2019-02-13T15:33:44.038472 Completed database query for table users
2019-02-13T15:33:43.234543 Received request from 102.23.55.32 for /example
2019-02-13T15:33:44.726534 Started database query for table users
2019-02-13T15:33:44.038472 Completed database query for table users
2019-02-13T15:33:43.234543 Received request from 102.23.55.32 for /example
2019-02-13T15:33:44.726534 Started database query for table users
2019-02-13T15:33:44.038472 Completed database query for table users
2019-02-13T15:33:43.234543 Received request from 102.23.55.32 for /example
2019-02-13T15:33:44.726534 Started database query for table users
2019-02-13T15:33:44.038472 Completed database query for table users
2019-02-13T15:33:43.234543 Received request from 102.23.55.32 for /example
2019-02-13T15:33:44.726534 Started database query for table users
2019-02-13T15:33:44.038472 Completed database query for table users
2019-02-13T15:33:43.234543 Received request from 102.23.55.32 for /example
2019-02-13T15:33:44.726534 Started database query for table users
2019-02-13T15:33:44.038472 Completed database query for table users
2019-02-13T15:33:43.234543 Received request from 102.23.55.32 for /example
2019-02-13T15:33:44.726534 Started database query for table users
2019-02-13T15:33:44.038472 Completed database query for table users
2019-02-13T15:33:43.234543 Received request from 102.23.55.32 for /example
2019-02-13T15:33:44.726534 Started database query for table users
2019-02-13T15:33:44.038472 Completed database query for table users
2019-02-13T15:33:43.234543 Received request from 102.23.55.32 for /example
2006-02-13T15:33:44.726534 Started database query for table users
2019-02-13T15:33:44.038472 Completed database query for table users
2019-02-13T15:33:43.234543 Received request from 102.23.55.32 for /example
2009-02-13T15:33:44.726534 Started database query for table users
2019-02-13T15:33:44.038472 Completed database query for table users
2019-02-13T15:33:43.234543 Received request from 102.23.55.32 for /example
2018-02-13T15:33:44.726534 Started database query for table users
2019-02-13T15:33:44.038472 Completed database query for table users
2019-02-13T15:33:43.234543 Received request from 102.23.55.32 for /example
2012-02-13T15:33:44.726534 Started database query for table users
2019-02-13T15:33:44.038472 Completed database query for table users
2019-02-13T15:33:43.234543 Received request from 102.23.55.32 for /example
2019-02-13T15:33:44.726534 Started database query for table users
2019-02-13T15:33:44.038472 Completed database query for table users
2015-02-13T15:33:43.234543 Received request from 102.23.55.32 for /example
2019-02-13T15:33:44.726534 Started database query for table users
2019-02-13T15:33:44.038472 Completed database query for table users
2019-02-13T15:33:43.234543 Received request from 102.23.55.32 for /example
2019-02-13T15:33:44.726534 Started database query for table users
2019-02-13T15:33:44.038472 Completed database query for table users
2019-02-13T15:33:43.234543 Received request from 102.23.55.32 for /example
2019-02-13T15:33:44.726534 Started database query for table users
2019-02-13T15:33:44.038472 Completed database query for table users
2019-02-13T15:33:43.234543 Received request from 102.23.55.32 for /example
2019-02-13T15:33:44.726534 Started database query for table users
2019-02-13T15:33:44.038472 Completed database query for table users
2019-02-13T15:33:43.234543 Received request from 102.23.55.32 for /example
2019-02-13T15:33:44.726534 Started database query for table users
2019-02-13T15:33:44.038472 Completed database query for table users
2019-02-13T15:33:43.234543 Received request from 102.23.55.32 for /example
2019-02-13T15:33:44.726534 Started database query for table users
2019-02-13T15:33:44.038472 Completed database query for table users
2019-02-13T15:33:43.234543 Received request from 102.23.55.32 for /example
2019-02-13T15:33:44.726534 Started database query for table users
2019-02-13T15:33:44.038472 Completed database query for table users
2019-02-13T15:33:43.234543 Received request from 102.23.55.32 for /example
2019-02-13T15:33:44.726534 Started database query for table users
2019-02-13T15:33:44.038472 Completed database query for table users
2019-02-13T15:33:43.234543 Received request from 102.23.55.32 for /example
2006-02-13T15:33:44.726534 Started database query for table users
2019-02-13T15:33:44.038472 Completed database query for table users
2019-02-13T15:33:43.234543 Received request from 102.23.55.32 for /example
2009-02-13T15:33:44.726534 Started database query for table users
2019-02-13T15:33:44.038472 Completed database query for table users
2019-02-13T15:33:43.234543 Received request from 102.23.55.32 for /example
2018-02-13T15:33:44.726534 Started database query for table users
2019-02-13T15:33:44.038472 Completed database query for table users
2019-02-13T15:33:43.234543 Received request from 102.23.55.32 for /example
2012-02-13T15:33:44.726534 Started database query for table users
2019-02-13T15:33:44.038472 Completed database query for table users
2019-02-13T15:33:43.234543 Received request from 102.23.55.32 for /example
2019-02-13T15:33:44.726534 Started database query for table users
2019-02-13T15:33:44.038472 Completed database query for table users
2015-02-13T15:33:43.234543 Received request from 102.23.55.32 for /example
2019-02-13T15:33:44.726534 Started database query for table users
2019-02-13T15:33:44.038472 Completed database query for table users
2019-02-13T15:33:43.234543 Received request from 102.23.55.32 for /example
2019-02-13T15:33:44.726534 Started database query for table users
2019-02-13T15:33:44.038472 Completed database query for table users
2019-02-13T15:33:43.234543 Received request from 102.23.55.32 for /example
2019-02-13T15:33:44.726534 Started database query for table users
2019-02-13T15:33:44.038472 Completed database query for table users
2019-02-13T15:33:43.234543 Received request from 102.23.55.32 for /example
2019-02-13T15:33:44.726534 Started database query for table users
2019-02-13T15:33:44.038472 Completed database query for table users
2019-02-13T15:33:43.234543 Received request from 102.23.55.32 for /example
2019-02-13T15:33:44.726534 Started database query for table users
2019-02-13T15:33:44.038472 Completed database query for table users
2019-02-13T15:33:43.234543 Received request from 102.23.55.32 for /example
2019-02-13T15:33:44.726534 Started database query for table users
2019-02-13T15:33:44.038472 Completed database query for table users
2019-02-13T15:33:43.234543 Received request from 102.23.55.32 for /example
2019-02-13T15:33:44.726534 Started database query for table users
2019-02-13T15:33:44.038472 Completed database query for table users
2019-02-13T15:33:43.234543 Received request from 102.23.55.32 for /example
2019-02-13T15:33:44.726534 Started database query for table users
2019-02-13T15:33:44.038472 Completed database query for table users
2019-02-13T15:33:43.234543 Received request from 102.23.55.32 for /example
2006-02-13T15:33:44.726534 Started database query for table users
2019-02-13T15:33:44.038472 Completed database query for table users
2019-02-13T15:33:43.234543 Received request from 102.23.55.32 for /example
2009-02-13T15:33:44.726534 Started database query for table users
2019-02-13T15:33:44.038472 Completed database query for table users
2019-02-13T15:33:43.234543 Received request from 102.23.55.32 for /example
2018-02-13T15:33:44.726534 Started database query for table users
2019-02-13T15:33:44.038472 Completed database query for table users
2019-02-13T15:33:43.234543 Received request from 102.23.55.32 for /example
2012-02-13T15:33:44.726534 Started database query for table users
2019-02-13T15:33:44.038472 Completed database query for table users
2019-02-13T15:33:43.234543 Received request from 102.23.55.32 for /example
2019-02-13T15:33:44.726534 Started database query for table users
2019-02-13T15:33:44.038472 Completed database query for table users
2015-02-13T15:33:43.234543 Received request from 102.23.55.32 for /example
2019-02-13T15:33:44.726534 Started database query for table users
2019-02-13T15:33:44.038472 Completed database query for table users
2019-02-13T15:33:43.234543 Received request from 102.23.55.32 for /example
2019-02-13T15:33:44.726534 Started database query for table users
2019-02-13T15:33:44.038472 Completed database query for table users
2019-02-13T15:33:43.234543 Received request from 102.23.55.32 for /example
2019-02-13T15:33:44.726534 Started database query for table users
2019-02-13T15:33:44.038472 Completed database query for table users
2019-02-13T15:33:43.234543 Received request from 102.23.55.32 for /example
2019-02-13T15:33:44.726534 Started database query for table users
2019-02-13T15:33:44.038472 Completed database query for table users
2019-02-13T15:33:43.234543 Received request from 102.23.55.32 for /example
2019-02-13T15:33:44.726534 Started database query for table users
2019-02-13T15:33:44.038472 Completed database query for table users
2019-02-13T15:33:43.234543 Received request from 102.23.55.32 for /example
2019-02-13T15:33:44.726534 Started database query for table users
2019-02-13T15:33:44.038472 Completed database query for table users
2019-02-13T15:33:43.234543 Received request from 102.23.55.32 for /example
2019-02-13T15:33:44.726534 Started database query for table users
2019-02-13T15:33:44.038472 Completed database query for table users
2019-02-13T15:33:43.234543 Received request from 102.23.55.32 for /example
2019-02-13T15:33:44.726534 Started database query for table users
2019-02-13T15:33:44.038472 Completed database query for table users
2019-02-13T15:33:43.234543 Received request from 102.23.55.32 for /example
2006-02-13T15:33:44.726534 Started database query for table users
2019-02-13T15:33:44.038472 Completed database query for table users
2019-02-13T15:33:43.234543 Received request from 102.23.55.32 for /example
2009-02-13T15:33:44.726534 Started database query for table users
2019-02-13T15:33:44.038472 Completed database query for table users
2019-02-13T15:33:43.234543 Received request from 102.23.55.32 for /example
2018-02-13T15:33:44.726534 Started database query for table users
2019-02-13T15:33:44.038472 Completed database query for table users
2019-02-13T15:33:43.234543 Received request from 102.23.55.32 for /example
2012-02-13T15:33:44.726534 Started database query for table users
2019-02-13T15:33:44.038472 Completed database query for table users
2019-02-13T15:33:43.234543 Received request from 102.23.55.32 for /example
2019-02-13T15:33:44.726534 Started database query for table users
2019-02-13T15:33:44.038472 Completed database query for table users
2015-02-13T15:33:43.234543 Received request from 102.23.55.32 for /example
2019-02-13T15:33:44.726534 Started database query for table users
2019-02-13T15:33:44.038472 Completed database query for table users
2019-02-13T15:33:43.234543 Received request from 102.23.55.32 for /example
2019-02-13T15:33:44.726534 Started database query for table users
2019-02-13T15:33:44.038472 Completed database query for table users
2019-02-13T15:33:43.234543 Received request from 102.23.55.32 for /example
2019-02-13T15:33:44.726534 Started database query for table users
2019-02-13T15:33:44.038472 Completed database query for table users
2019-02-13T15:33:43.234543 Received request from 102.23.55.32 for /example
2019-02-13T15:33:44.726534 Started database query for table users
2019-02-13T15:33:44.038472 Completed database query for table users
2019-02-13T15:33:43.234543 Received request from 102.23.55.32 for /example
2019-02-13T15:33:44.726534 Started database query for table users
2019-02-13T15:33:44.038472 Completed database query for table users
2019-02-13T15:33:43.234543 Received request from 102.23.55.32 for /example
2019-02-13T15:33:44.726534 Started database query for table users
2019-02-13T15:33:44.038472 Completed database query for table users
2019-02-13T15:33:43.234543 Received request from 102.23.55.32 for /example
2019-02-13T15:33:44.726534 Started database query for table users
2019-02-13T15:33:44.038472 Completed database query for table users
2019-02-13T15:33:43.234543 Received request from 102.23.55.32 for /example
2019-02-13T15:33:44.726534 Started database query for table users
2019-02-13T15:33:44.038472 Completed database query for table users
2019-02-13T15:33:43.234543 Received request from 102.23.55.32 for /example
2006-02-13T15:33:44.726534 Started database query for table users
2019-02-13T15:33:44.038472 Completed database query for table users
2019-02-13T15:33:43.234543 Received request from 102.23.55.32 for /example
2009-02-13T15:33:44.726534 Started database query for table users
2019-02-13T15:33:44.038472 Completed database query for table users
2019-02-13T15:33:43.234543 Received request from 102.23.55.32 for /example
2018-02-13T15:33:44.726534 Started database query for table users
2019-02-13T15:33:44.038472 Completed database query for table users
2019-02-13T15:33:43.234543 Received request from 102.23.55.32 for /example
2012-02-13T15:33:44.726534 Started database query for table users
2019-02-13T15:33:44.038472 Completed database query for table users
2019-02-13T15:33:43.234543 Received request from 102.23.55.32 for /example
2019-02-13T15:33:44.726534 Started database query for table users
2019-02-13T15:33:44.038472 Completed database query for table users
2015-02-13T15:33:43.234543 Received request from 102.23.55.32 for /example
2019-02-13T15:33:44.726534 Started database query for table users
2019-02-13T15:33:44.038472 Completed database query for table users
2019-02-13T15:33:43.234543 Received request from 102.23.55.32 for /example
2019-02-13T15:33:44.726534 Started database query for table users
2019-02-13T15:33:44.038472 Completed database query for table users
2019-02-13T15:33:43.234543 Received request from 102.23.55.32 for /example
2019-02-13T15:33:44.726534 Started database query for table users
2019-02-13T15:33:44.038472 Completed database query for table users
2019-02-13T15:33:43.234543 Received request from 102.23.55.32 for /example
2019-02-13T15:33:44.726534 Started database query for table users
2019-02-13T15:33:44.038472 Completed database query for table users
2019-02-13T15:33:43.234543 Received request from 102.23.55.32 for /example
2019-02-13T15:33:44.726534 Started database query for table users
2019-02-13T15:33:44.038472 Completed database query for table users
2019-02-13T15:33:43.234543 Received request from 102.23.55.32 for /example
2019-02-13T15:33:44.726534 Started database query for table users
2019-02-13T15:33:44.038472 Completed database query for table users
2019-02-13T15:33:43.234543 Received request from 102.23.55.32 for /example
2019-02-13T15:33:44.726534 Started database query for table users
2019-02-13T15:33:44.038472 Completed database query for table users
2019-02-13T15:33:43.234543 Received request from 102.23.55.32 for /example
2019-02-13T15:33:44.726534 Started database query for table users
2019-02-13T15:33:44.038472 Completed database query for table users
2019-02-13T15:33:43.234543 Received request from 102.23.55.32 for /example
2006-02-13T15:33:44.726534 Started database query for table users
2019-02-13T15:33:44.038472 Completed database query for table users
2019-02-13T15:33:43.234543 Received request from 102.23.55.32 for /example
2009-02-13T15:33:44.726534 Started database query for table users
2019-02-13T15:33:44.038472 Completed database query for table users
2019-02-13T15:33:43.234543 Received request from 102.23.55.32 for /example
2018-02-13T15:33:44.726534 Started database query for table users
2019-02-13T15:33:44.038472 Completed database query for table users
2019-02-13T15:33:43.234543 Received request from 102.23.55.32 for /example
2012-02-13T15:33:44.726534 Started database query for table users
2019-02-13T15:33:44.038472 Completed database query for table users
2019-02-13T15:33:43.234543 Received request from 102.23.55.32 for /example
2019-02-13T15:33:44.726534 Started database query for table users
2019-02-13T15:33:44.038472 Completed database query for table users
2015-02-13T15:33:43.234543 Received request from 102.23.55.32 for /example
2019-02-13T15:33:44.726534 Started database query for table users
2019-02-13T15:33:44.038472 Completed database query for table users
2019-02-13T15:33:43.234543 Received request from 102.23.55.32 for /example
2019-02-13T15:33:44.726534 Started database query for table users
2019-02-13T15:33:44.038472 Completed database query for table users
2019-02-13T15:33:43.234543 Received request from 102.23.55.32 for /example
2019-02-13T15:33:44.726534 Started database query for table users
2019-02-13T15:33:44.038472 Completed database query for table users
2019-02-13T15:33:43.234543 Received request from 102.23.55.32 for /example
2019-02-13T15:33:44.726534 Started database query for table users
2019-02-13T15:33:44.038472 Completed database query for table users
2019-02-13T15:33:43.234543 Received request from 102.23.55.32 for /example
2019-02-13T15:33:44.726534 Started database query for table users
2019-02-13T15:33:44.038472 Completed database query for table users
2019-02-13T15:33:43.234543 Received request from 102.23.55.32 for /example
2019-02-13T15:33:44.726534 Started database query for table users
2019-02-13T15:33:44.038472 Completed database query for table users
2019-02-13T15:33:43.234543 Received request from 102.23.55.32 for /example
2019-02-13T15:33:44.726534 Started database query for table users
2019-02-13T15:33:44.038472 Completed database query for table users
2019-02-13T15:33:43.234543 Received request from 102.23.55.32 for /example
2019-02-13T15:33:44.726534 Started database query for table users
2019-02-13T15:33:44.038472 Completed database query for table users
2019-02-13T15:33:43.234543 Received request from 102.23.55.32 for /example
2006-02-13T15:33:44.726534 Started database query for table users
2019-02-13T15:33:44.038472 Completed database query for table users
2019-02-13T15:33:43.234543 Received request from 102.23.55.32 for /example
2009-02-13T15:33:44.726534 Started database query for table users
2019-02-13T15:33:44.038472 Completed database query for table users
2019-02-13T15:33:43.234543 Received request from 102.23.55.32 for /example
2018-02-13T15:33:44.726534 Started database query for table users
2019-02-13T15:33:44.038472 Completed database query for table users
2019-02-13T15:33:43.234543 Received request from 102.23.55.32 for /example
2012-02-13T15:33:44.726534 Started database query for table users
2019-02-13T15:33:44.038472 Completed database query for table users
2019-02-13T15:33:43.234543 Received request from 102.23.55.32 for /example
2019-02-13T15:33:44.726534 Started database query for table users
2019-02-13T15:33:44.038472 Completed database query for table users
2015-02-13T15:33:43.234543 Received request from 102.23.55.32 for /example
2019-02-13T15:33:44.726534 Started database query for table users
2019-02-13T15:33:44.038472 Completed database query for table users
2019-02-13T15:33:43.234543 Received request from 102.23.55.32 for /example
2019-02-13T15:33:44.726534 Started database query for table users
2019-02-13T15:33:44.038472 Completed database query for table users
2019-02-13T15:33:43.234543 Received request from 102.23.55.32 for /example
2019-02-13T15:33:44.726534 Started database query for table users
2019-02-13T15:33:44.038472 Completed database query for table users
2019-02-13T15:33:43.234543 Received request from 102.23.55.32 for /example
2019-02-13T15:33:44.726534 Started database query for table users
2019-02-13T15:33:44.038472 Completed database query for table users
2019-02-13T15:33:43.234543 Received request from 102.23.55.32 for /example
2019-02-13T15:33:44.726534 Started database query for table users
2019-02-13T15:33:44.038472 Completed database query for table users
2019-02-13T15:33:43.234543 Received request from 102.23.55.32 for /example
2019-02-13T15:33:44.726534 Started database query for table users
2019-02-13T15:33:44.038472 Completed database query for table users
2019-02-13T15:33:43.234543 Received request from 102.23.55.32 for /example
2019-02-13T15:33:44.726534 Started database query for table users
2019-02-13T15:33:44.038472 Completed database query for table users
2019-02-13T15:33:43.234543 Received request from 102.23.55.32 for /example
2019-02-13T15:33:44.726534 Started database query for table users
2019-02-13T15:33:44.038472 Completed database query for table users
2019-02-13T15:33:43.234543 Received request from 102.23.55.32 for /example
2006-02-13T15:33:44.726534 Started database query for table users
2019-02-13T15:33:44.038472 Completed database query for table users
2019-02-13T15:33:43.234543 Received request from 102.23.55.32 for /example
2009-02-13T15:33:44.726534 Started database query for table users
2019-02-13T15:33:44.038472 Completed database query for table users
2019-02-13T15:33:43.234543 Received request from 102.23.55.32 for /example
2018-02-13T15:33:44.726534 Started database query for table users
2019-02-13T15:33:44.038472 Completed database query for table users
2019-02-13T15:33:43.234543 Received request from 102.23.55.32 for /example
2012-02-13T15:33:44.726534 Started database query for table users
2019-02-13T15:33:44.038472 Completed database query for table users
2019-02-13T15:33:43.234543 Received request from 102.23.55.32 for /example
2019-02-13T15:33:44.726534 Started database query for table users
2019-02-13T15:33:44.038472 Completed database query for table users
2015-02-13T15:33:43.234543 Received request from 102.23.55.32 for /example
2019-02-13T15:33:44.726534 Started database query for table users
2019-02-13T15:33:44.038472 Completed database query for table users
2019-02-13T15:33:43.234543 Received request from 102.23.55.32 for /example
2019-02-13T15:33:44.726534 Started database query for table users
2019-02-13T15:33:44.038472 Completed database query for table users
2019-02-13T15:33:43.234543 Received request from 102.23.55.32 for /example
2019-02-13T15:33:44.726534 Started database query for table users
2019-02-13T15:33:44.038472 Completed database query for table users
2019-02-13T15:33:43.234543 Received request from 102.23.55.32 for /example
2019-02-13T15:33:44.726534 Started database query for table users
2019-02-13T15:33:44.038472 Completed database query for table users
2019-02-13T15:33:43.234543 Received request from 102.23.55.32 for /example
2019-02-13T15:33:44.726534 Started database query for table users
2019-02-13T15:33:44.038472 Completed database query for table users
2019-02-13T15:33:43.234543 Received request from 102.23.55.32 for /example
2019-02-13T15:33:44.726534 Started database query for table users
2019-02-13T15:33:44.038472 Completed database query for table users
2019-02-13T15:33:43.234543 Received request from 102.23.55.32 for /example
2019-02-13T15:33:44.726534 Started database query for table users
2019-02-13T15:33:44.038472 Completed database query for table users
2019-02-13T15:33:43.234543 Received request from 102.23.55.32 for /example
2019-02-13T15:33:44.726534 Started database query for table users
2019-02-13T15:33:44.038472 Completed database query for table users
2019-02-13T15:33:43.234543 Received request from 102.23.55.32 for /example
2006-02-13T15:33:44.726534 Started database query for table users
2019-02-13T15:33:44.038472 Completed database query for table users
2019-02-13T15:33:43.234543 Received request from 102.23.55.32 for /example
2009-02-13T15:33:44.726534 Started database query for table users
2019-02-13T15:33:44.038472 Completed database query for table users
2019-02-13T15:33:43.234543 Received request from 102.23.55.32 for /example
2018-02-13T15:33:44.726534 Started database query for table users
2019-02-13T15:33:44.038472 Completed database query for table users
2019-02-13T15:33:43.234543 Received request from 102.23.55.32 for /example
2012-02-13T15:33:44.726534 Started database query for table users
2019-02-13T15:33:44.038472 Completed database query for table users
2019-02-13T15:33:43.234543 Received request from 102.23.55.32 for /example
2019-02-13T15:33:44.726534 Started database query for table users
2019-02-13T15:33:44.038472 Completed database query for table users
2015-02-13T15:33:43.234543 Received request from 102.23.55.32 for /example
2019-02-13T15:33:44.726534 Started database query for table users
2019-02-13T15:33:44.038472 Completed database query for table users
2019-02-13T15:33:43.234543 Received request from 102.23.55.32 for /example
2019-02-13T15:33:44.726534 Started database query for table users
2019-02-13T15:33:44.038472 Completed database query for table users
2019-02-13T15:33:43.234543 Received request from 102.23.55.32 for /example
2019-02-13T15:33:44.726534 Started database query for table users
2019-02-13T15:33:44.038472 Completed database query for table users
2019-02-13T15:33:43.234543 Received request from 102.23.55.32 for /example
2019-02-13T15:33:44.726534 Started database query for table users
2019-02-13T15:33:44.038472 Completed database query for table users
2019-02-13T15:33:43.234543 Received request from 102.23.55.32 for /example
2019-02-13T15:33:44.726534 Started database query for table users
2019-02-13T15:33:44.038472 Completed database query for table users
2019-02-13T15:33:43.234543 Received request from 102.23.55.32 for /example
2019-02-13T15:33:44.726534 Started database query for table users
2019-02-13T15:33:44.038472 Completed database query for table users
2019-02-13T15:33:43.234543 Received request from 102.23.55.32 for /example
2019-02-13T15:33:44.726534 Started database query for table users
2019-02-13T15:33:44.038472 Completed database query for table users
2019-02-13T15:33:43.234543 Received request from 102.23.55.32 for /example
2019-02-13T15:33:44.726534 Started database query for table users
2019-02-13T15:33:44.038472 Completed database query for table users
2019-02-13T15:33:43.234543 Received request from 102.23.55.32 for /example
2006-02-13T15:33:44.726534 Started database query for table users
2019-02-13T15:33:44.038472 Completed database query for table users
2019-02-13T15:33:43.234543 Received request from 102.23.55.32 for /example
2009-02-13T15:33:44.726534 Started database query for table users
2019-02-13T15:33:44.038472 Completed database query for table users
2019-02-13T15:33:43.234543 Received request from 102.23.55.32 for /example
2018-02-13T15:33:44.726534 Started database query for table users
2019-02-13T15:33:44.038472 Completed database query for table users
2019-02-13T15:33:43.234543 Received request from 102.23.55.32 for /example
2012-02-13T15:33:44.726534 Started database query for table users
2019-02-13T15:33:44.038472 Completed database query for table users
2019-02-13T15:33:43.234543 Received request from 102.23.55.32 for /example
2019-02-13T15:33:44.726534 Started database query for table users
2019-02-13T15:33:44.038472 Completed database query for table users
2015-02-13T15:33:43.234543 Received request from 102.23.55.32 for /example
2019-02-13T15:33:44.726534 Started database query for table users
2019-02-13T15:33:44.038472 Completed database query for table users
2019-02-13T15:33:43.234543 Received request from 102.23.55.32 for /example
2019-02-13T15:33:44.726534 Started database query for table users
2019-02-13T15:33:44.038472 Completed database query for table users
2019-02-13T15:33:43.234543 Received request from 102.23.55.32 for /example
2019-02-13T15:33:44.726534 Started database query for table users
2019-02-13T15:33:44.038472 Completed database query for table users
2019-02-13T15:33:43.234543 Received request from 102.23.55.32 for /example
2019-02-13T15:33:44.726534 Started database query for table users
2019-02-13T15:33:44.038472 Completed database query for table users
2019-02-13T15:33:43.234543 Received request from 102.23.55.32 for /example
2019-02-13T15:33:44.726534 Started database query for table users
2019-02-13T15:33:44.038472 Completed database query for table users
2019-02-13T15:33:43.234543 Received request from 102.23.55.32 for /example
2019-02-13T15:33:44.726534 Started database query for table users
2019-02-13T15:33:44.038472 Completed database query for table users
2019-02-13T15:33:43.234543 Received request from 102.23.55.32 for /example
2019-02-13T15:33:44.726534 Started database query for table users
2019-02-13T15:33:44.038472 Completed database query for table users
2019-02-13T15:33:43.234543 Received request from 102.23.55.32 for /example
2019-02-13T15:33:44.726534 Started database query for table users
2019-02-13T15:33:44.038472 Completed database query for table users
2019-02-13T15:33:43.234543 Received request from 102.23.55.32 for /example
2006-02-13T15:33:44.726534 Started database query for table users
2019-02-13T15:33:44.038472 Completed database query for table users
2019-02-13T15:33:43.234543 Received request from 102.23.55.32 for /example
2009-02-13T15:33:44.726534 Started database query for table users
2019-02-13T15:33:44.038472 Completed database query for table users
2019-02-13T15:33:43.234543 Received request from 102.23.55.32 for /example
2018-02-13T15:33:44.726534 Started database query for table users
2019-02-13T15:33:44.038472 Completed database query for table users
2019-02-13T15:33:43.234543 Received request from 102.23.55.32 for /example
2012-02-13T15:33:44.726534 Started database query for table users
2019-02-13T15:33:44.038472 Completed database query for table users
2019-02-13T15:33:43.234543 Received request from 102.23.55.32 for /example
2019-02-13T15:33:44.726534 Started database query for table users
2019-02-13T15:33:44.038472 Completed database query for table users
2015-02-13T15:33:43.234543 Received request from 102.23.55.32 for /example
2019-02-13T15:33:44.726534 Started database query for table users
2019-02-13T15:33:44.038472 Completed database query for table users
2019-02-13T15:33:43.234543 Received request from 102.23.55.32 for /example
2019-02-13T15:33:44.726534 Started database query for table users
2019-02-13T15:33:44.038472 Completed database query for table users
2019-02-13T15:33:43.234543 Received request from 102.23.55.32 for /example
2019-02-13T15:33:44.726534 Started database query for table users
2019-02-13T15:33:44.038472 Completed database query for table users
2019-02-13T15:33:43.234543 Received request from 102.23.55.32 for /example
2019-02-13T15:33:44.726534 Started database query for table users
2019-02-13T15:33:44.038472 Completed database query for table users
2019-02-13T15:33:43.234543 Received request from 102.23.55.32 for /example
2019-02-13T15:33:44.726534 Started database query for table users
2019-02-13T15:33:44.038472 Completed database query for table users
2019-02-13T15:33:43.234543 Received request from 102.23.55.32 for /example
2019-02-13T15:33:44.726534 Started database query for table users
2019-02-13T15:33:44.038472 Completed database query for table users
2019-02-13T15:33:43.234543 Received request from 102.23.55.32 for /example
2019-02-13T15:33:44.726534 Started database query for table users
2019-02-13T15:33:44.038472 Completed database query for table users
2019-02-13T15:33:43.234543 Received request from 102.23.55.32 for /example
2019-02-13T15:33:44.726534 Started database query for table users
2019-02-13T15:33:44.038472 Completed database query for table users
2019-02-13T15:33:43.234543 Received request from 102.23.55.32 for /example
2006-02-13T15:33:44.726534 Started database query for table users
2019-02-13T15:33:44.038472 Completed database query for table users
2019-02-13T15:33:43.234543 Received request from 102.23.55.32 for /example
2009-02-13T15:33:44.726534 Started database query for table users
2019-02-13T15:33:44.038472 Completed database query for table users
2019-02-13T15:33:43.234543 Received request from 102.23.55.32 for /example
2018-02-13T15:33:44.726534 Started database query for table users
2019-02-13T15:33:44.038472 Completed database query for table users
2019-02-13T15:33:43.234543 Received request from 102.23.55.32 for /example
2012-02-13T15:33:44.726534 Started database query for table users
2019-02-13T15:33:44.038472 Completed database query for table users
2019-02-13T15:33:43.234543 Received request from 102.23.55.32 for /example
2019-02-13T15:33:44.726534 Started database query for table users
2019-02-13T15:33:44.038472 Completed database query for table users
2015-02-13T15:33:43.234543 Received request from 102.23.55.32 for /example
2019-02-13T15:33:44.726534 Started database query for table users
2019-02-13T15:33:44.038472 Completed database query for table users
2019-02-13T15:33:43.234543 Received request from 102.23.55.32 for /example
2019-02-13T15:33:44.726534 Started database query for table users
2019-02-13T15:33:44.038472 Completed database query for table users
2019-02-13T15:33:43.234543 Received request from 102.23.55.32 for /example
2019-02-13T15:33:44.726534 Started database query for table users
2019-02-13T15:33:44.038472 Completed database query for table users
2019-02-13T15:33:43.234543 Received request from 102.23.55.32 for /example
2019-02-13T15:33:44.726534 Started database query for table users
2019-02-13T15:33:44.038472 Completed database query for table users
2019-02-13T15:33:43.234543 Received request from 102.23.55.32 for /example
2019-02-13T15:33:44.726534 Started database query for table users
2019-02-13T15:33:44.038472 Completed database query for table users
2019-02-13T15:33:43.234543 Received request from 102.23.55.32 for /example
2019-02-13T15:33:44.726534 Started database query for table users
2019-02-13T15:33:44.038472 Completed database query for table users
2019-02-13T15:33:43.234543 Received request from 102.23.55.32 for /example
2019-02-13T15:33:44.726534 Started database query for table users
2019-02-13T15:33:44.038472 Completed database query for table users
2019-02-13T15:33:43.234543 Received request from 102.23.55.32 for /example
2019-02-13T15:33:44.726534 Started database query for table users
2019-02-13T15:33:44.038472 Completed database query for table users
2019-02-13T15:33:43.234543 Received request from 102.23.55.32 for /example
2006-02-13T15:33:44.726534 Started database query for table users
2019-02-13T15:33:44.038472 Completed database query for table users
2019-02-13T15:33:43.234543 Received request from 102.23.55.32 for /example
2009-02-13T15:33:44.726534 Started database query for table users
2019-02-13T15:33:44.038472 Completed database query for table users
2019-02-13T15:33:43.234543 Received request from 102.23.55.32 for /example
2018-02-13T15:33:44.726534 Started database query for table users
2019-02-13T15:33:44.038472 Completed database query for table users
2019-02-13T15:33:43.234543 Received request from 102.23.55.32 for /example
2012-02-13T15:33:44.726534 Started database query for table users
2019-02-13T15:33:44.038472 Completed database query for table users
2019-02-13T15:33:43.234543 Received request from 102.23.55.32 for /example
2019-02-13T15:33:44.726534 Started database query for table users
2019-02-13T15:33:44.038472 Completed database query for table users
2015-02-13T15:33:43.234543 Received request from 102.23.55.32 for /example
2019-02-13T15:33:44.726534 Started database query for table users
2019-02-13T15:33:44.038472 Completed database query for table users
2019-02-13T15:33:43.234543 Received request from 102.23.55.32 for /example
2019-02-13T15:33:44.726534 Started database query for table users
2019-02-13T15:33:44.038472 Completed database query for table users
2019-02-13T15:33:43.234543 Received request from 102.23.55.32 for /example
2019-02-13T15:33:44.726534 Started database query for table users
2019-02-13T15:33:44.038472 Completed database query for table users
2019-02-13T15:33:43.234543 Received request from 102.23.55.32 for /example
2019-02-13T15:33:44.726534 Started database query for table users
2019-02-13T15:33:44.038472 Completed database query for table users
2019-02-13T15:33:43.234543 Received request from 102.23.55.32 for /example
2019-02-13T15:33:44.726534 Started database query for table users
2019-02-13T15:33:44.038472 Completed database query for table users
2019-02-13T15:33:43.234543 Received request from 102.23.55.32 for /example
2019-02-13T15:33:44.726534 Started database query for table users
2019-02-13T15:33:44.038472 Completed database query for table users
2019-02-13T15:33:43.234543 Received request from 102.23.55.32 for /example
2019-02-13T15:33:44.726534 Started database query for table users
2019-02-13T15:33:44.038472 Completed database query for table users
2019-02-13T15:33:43.234543 Received request from 102.23.55.32 for /example
2019-02-13T15:33:44.726534 Started database query for table users
2019-02-13T15:33:44.038472 Completed database query for table users
2019-02-13T15:33:43.234543 Received request from 102.23.55.32 for /example
2006-02-13T15:33:44.726534 Started database query for table users
2019-02-13T15:33:44.038472 Completed database query for table users
2019-02-13T15:33:43.234543 Received request from 102.23.55.32 for /example
2009-02-13T15:33:44.726534 Started database query for table users
2019-02-13T15:33:44.038472 Completed database query for table users
2019-02-13T15:33:43.234543 Received request from 102.23.55.32 for /example
2018-02-13T15:33:44.726534 Started database query for table users
2019-02-13T15:33:44.038472 Completed database query for table users
2019-02-13T15:33:43.234543 Received request from 102.23.55.32 for /example
2012-02-13T15:33:44.726534 Started database query for table users
2019-02-13T15:33:44.038472 Completed database query for table users
2019-02-13T15:33:43.234543 Received request from 102.23.55.32 for /example
2019-02-13T15:33:44.726534 Started database query for table users
2019-02-13T15:33:44.038472 Completed database query for table users
2015-02-13T15:33:43.234543 Received request from 102.23.55.32 for /example
2019-02-13T15:33:44.726534 Started database query for table users
2019-02-13T15:33:44.038472 Completed database query for table users
2019-02-13T15:33:43.234543 Received request from 102.23.55.32 for /example
2019-02-13T15:33:44.726534 Started database query for table users
2019-02-13T15:33:44.038472 Completed database query for table users
2019-02-13T15:33:43.234543 Received request from 102.23.55.32 for /example
2019-02-13T15:33:44.726534 Started database query for table users
2019-02-13T15:33:44.038472 Completed database query for table users
2019-02-13T15:33:43.234543 Received request from 102.23.55.32 for /example
2019-02-13T15:33:44.726534 Started database query for table users
2019-02-13T15:33:44.038472 Completed database query for table users
2019-02-13T15:33:43.234543 Received request from 102.23.55.32 for /example
2019-02-13T15:33:44.726534 Started database query for table users
2019-02-13T15:33:44.038472 Completed database query for table users
2019-02-13T15:33:43.234543 Received request from 102.23.55.32 for /example
2019-02-13T15:33:44.726534 Started database query for table users
2019-02-13T15:33:44.038472 Completed database query for table users
2019-02-13T15:33:43.234543 Received request from 102.23.55.32 for /example
2019-02-13T15:33:44.726534 Started database query for table users
2019-02-13T15:33:44.038472 Completed database query for table users
2019-02-13T15:33:43.234543 Received request from 102.23.55.32 for /example
2019-02-13T15:33:44.726534 Started database query for table users
2019-02-13T15:33:44.038472 Completed database query for table users
2019-02-13T15:33:43.234543 Received request from 102.23.55.32 for /example
2006-02-13T15:33:44.726534 Started database query for table users
2019-02-13T15:33:44.038472 Completed database query for table users
2019-02-13T15:33:43.234543 Received request from 102.23.55.32 for /example
2009-02-13T15:33:44.726534 Started database query for table users
2019-02-13T15:33:44.038472 Completed database query for table users
2019-02-13T15:33:43.234543 Received request from 102.23.55.32 for /example
2018-02-13T15:33:44.726534 Started database query for table users
2019-02-13T15:33:44.038472 Completed database query for table users
2019-02-13T15:33:43.234543 Received request from 102.23.55.32 for /example
2012-02-13T15:33:44.726534 Started database query for table users
2019-02-13T15:33:44.038472 Completed database query for table users
2019-02-13T15:33:43.234543 Received request from 102.23.55.32 for /example
2019-02-13T15:33:44.726534 Started database query for table users
2019-02-13T15:33:44.038472 Completed database query for table users
2015-02-13T15:33:43.234543 Received request from 102.23.55.32 for /example
2019-02-13T15:33:44.726534 Started database query for table users
2019-02-13T15:33:44.038472 Completed database query for table users
2019-02-13T15:33:43.234543 Received request from 102.23.55.32 for /example
2019-02-13T15:33:44.726534 Started database query for table users
2019-02-13T15:33:44.038472 Completed database query for table users
2019-02-13T15:33:43.234543 Received request from 102.23.55.32 for /example
2019-02-13T15:33:44.726534 Started database query for table users
2019-02-13T15:33:44.038472 Completed database query for table users
2019-02-13T15:33:43.234543 Received request from 102.23.55.32 for /example
2019-02-13T15:33:44.726534 Started database query for table users
2019-02-13T15:33:44.038472 Completed database query for table users
2019-02-13T15:33:43.234543 Received request from 102.23.55.32 for /example
2019-02-13T15:33:44.726534 Started database query for table users
2019-02-13T15:33:44.038472 Completed database query for table users
2019-02-13T15:33:43.234543 Received request from 102.23.55.32 for /example
2019-02-13T15:33:44.726534 Started database query for table users
2019-02-13T15:33:44.038472 Completed database query for table users
2019-02-13T15:33:43.234543 Received request from 102.23.55.32 for /example
2019-02-13T15:33:44.726534 Started database query for table users
2019-02-13T15:33:44.038472 Completed database query for table users
2019-02-13T15:33:43.234543 Received request from 102.23.55.32 for /example
2019-02-13T15:33:44.726534 Started database query for table users
2019-02-13T15:33:44.038472 Completed database query for table users
2019-02-13T15:33:43.234543 Received request from 102.23.55.32 for /example
2006-02-13T15:33:44.726534 Started database query for table users
2019-02-13T15:33:44.038472 Completed database query for table users
2019-02-13T15:33:43.234543 Received request from 102.23.55.32 for /example
2009-02-13T15:33:44.726534 Started database query for table users
2019-02-13T15:33:44.038472 Completed database query for table users
2019-02-13T15:33:43.234543 Received request from 102.23.55.32 for /example
2018-02-13T15:33:44.726534 Started database query for table users
2019-02-13T15:33:44.038472 Completed database query for table users
2019-02-13T15:33:43.234543 Received request from 102.23.55.32 for /example
2012-02-13T15:33:44.726534 Started database query for table users
2019-02-13T15:33:44.038472 Completed database query for table users
2019-02-13T15:33:43.234543 Received request from 102.23.55.32 for /example
2019-02-13T15:33:44.726534 Started database query for table users
2019-02-13T15:33:44.038472 Completed database query for table users
2015-02-13T15:33:43.234543 Received request from 102.23.55.32 for /example
2019-02-13T15:33:44.726534 Started database query for table users
2019-02-13T15:33:44.038472 Completed database query for table users
2019-02-13T15:33:43.234543 Received request from 102.23.55.32 for /example
2019-02-13T15:33:44.726534 Started database query for table users
2019-02-13T15:33:44.038472 Completed database query for table users
2019-02-13T15:33:43.234543 Received request from 102.23.55.32 for /example
2019-02-13T15:33:44.726534 Started database query for table users
2019-02-13T15:33:44.038472 Completed database query for table users
2019-02-13T15:33:43.234543 Received request from 102.23.55.32 for /example
2019-02-13T15:33:44.726534 Started database query for table users
2019-02-13T15:33:44.038472 Completed database query for table users
2019-02-13T15:33:43.234543 Received request from 102.23.55.32 for /example
2019-02-13T15:33:44.726534 Started database query for table users
2019-02-13T15:33:44.038472 Completed database query for table users
2019-02-13T15:33:43.234543 Received request from 102.23.55.32 for /example
2019-02-13T15:33:44.726534 Started database query for table users
2019-02-13T15:33:44.038472 Completed database query for table users
2019-02-13T15:33:43.234543 Received request from 102.23.55.32 for /example
2019-02-13T15:33:44.726534 Started database query for table users
2019-02-13T15:33:44.038472 Completed database query for table users
2019-02-13T15:33:43.234543 Received request from 102.23.55.32 for /example
2019-02-13T15:33:44.726534 Started database query for table users
2019-02-13T15:33:44.038472 Completed database query for table users
2019-02-13T15:33:43.234543 Received request from 102.23.55.32 for /example
2006-02-13T15:33:44.726534 Started database query for table users
2019-02-13T15:33:44.038472 Completed database query for table users
2019-02-13T15:33:43.234543 Received request from 102.23.55.32 for /example
2009-02-13T15:33:44.726534 Started database query for table users
2019-02-13T15:33:44.038472 Completed database query for table users
2019-02-13T15:33:43.234543 Received request from 102.23.55.32 for /example
2018-02-13T15:33:44.726534 Started database query for table users
2019-02-13T15:33:44.038472 Completed database query for table users
2019-02-13T15:33:43.234543 Received request from 102.23.55.32 for /example
2012-02-13T15:33:44.726534 Started database query for table users
2019-02-13T15:33:44.038472 Completed database query for table users
2019-02-13T15:33:43.234543 Received request from 102.23.55.32 for /example
2019-02-13T15:33:44.726534 Started database query for table users
2019-02-13T15:33:44.038472 Completed database query for table users
2015-02-13T15:33:43.234543 Received request from 102.23.55.32 for /example
2019-02-13T15:33:44.726534 Started database query for table users
2019-02-13T15:33:44.038472 Completed database query for table users
2019-02-13T15:33:43.234543 Received request from 102.23.55.32 for /example
2019-02-13T15:33:44.726534 Started database query for table users
2019-02-13T15:33:44.038472 Completed database query for table users
2019-02-13T15:33:43.234543 Received request from 102.23.55.32 for /example
2019-02-13T15:33:44.726534 Started database query for table users
2019-02-13T15:33:44.038472 Completed database query for table users
2019-02-13T15:33:43.234543 Received request from 102.23.55.32 for /example
2019-02-13T15:33:44.726534 Started database query for table users
2019-02-13T15:33:44.038472 Completed database query for table users
2019-02-13T15:33:43.234543 Received request from 102.23.55.32 for /example
2019-02-13T15:33:44.726534 Started database query for table users
2019-02-13T15:33:44.038472 Completed database query for table users
2019-02-13T15:33:43.234543 Received request from 102.23.55.32 for /example
2019-02-13T15:33:44.726534 Started database query for table users
2019-02-13T15:33:44.038472 Completed database query for table users
2019-02-13T15:33:43.234543 Received request from 102.23.55.32 for /example
2019-02-13T15:33:44.726534 Started database query for table users
2019-02-13T15:33:44.038472 Completed database query for table users
2019-02-13T15:33:43.234543 Received request from 102.23.55.32 for /example
2019-02-13T15:33:44.726534 Started database query for table users
2019-02-13T15:33:44.038472 Completed database query for table users
2019-02-13T15:33:43.234543 Received request from 102.23.55.32 for /example
2006-02-13T15:33:44.726534 Started database query for table users
2019-02-13T15:33:44.038472 Completed database query for table users
2019-02-13T15:33:43.234543 Received request from 102.23.55.32 for /example
2009-02-13T15:33:44.726534 Started database query for table users
2019-02-13T15:33:44.038472 Completed database query for table users
2019-02-13T15:33:43.234543 Received request from 102.23.55.32 for /example
2018-02-13T15:33:44.726534 Started database query for table users
2019-02-13T15:33:44.038472 Completed database query for table users
2019-02-13T15:33:43.234543 Received request from 102.23.55.32 for /example
2012-02-13T15:33:44.726534 Started database query for table users
2019-02-13T15:33:44.038472 Completed database query for table users
2019-02-13T15:33:43.234543 Received request from 102.23.55.32 for /example
2019-02-13T15:33:44.726534 Started database query for table users
2019-02-13T15:33:44.038472 Completed database query for table users
2015-02-13T15:33:43.234543 Received request from 102.23.55.32 for /example
2019-02-13T15:33:44.726534 Started database query for table users
2019-02-13T15:33:44.038472 Completed database query for table users
2019-02-13T15:33:43.234543 Received request from 102.23.55.32 for /example
2019-02-13T15:33:44.726534 Started database query for table users
2019-02-13T15:33:44.038472 Completed database query for table users
2019-02-13T15:33:43.234543 Received request from 102.23.55.32 for /example
2019-02-13T15:33:44.726534 Started database query for table users
2019-02-13T15:33:44.038472 Completed database query for table users
2019-02-13T15:33:43.234543 Received request from 102.23.55.32 for /example
2019-02-13T15:33:44.726534 Started database query for table users
2019-02-13T15:33:44.038472 Completed database query for table users
2019-02-13T15:33:43.234543 Received request from 102.23.55.32 for /example
2019-02-13T15:33:44.726534 Started database query for table users
2019-02-13T15:33:44.038472 Completed database query for table users
2019-02-13T15:33:43.234543 Received request from 102.23.55.32 for /example
2019-02-13T15:33:44.726534 Started database query for table users
2019-02-13T15:33:44.038472 Completed database query for table users
2019-02-13T15:33:43.234543 Received request from 102.23.55.32 for /example
2019-02-13T15:33:44.726534 Started database query for table users
2019-02-13T15:33:44.038472 Completed database query for table users
2019-02-13T15:33:43.234543 Received request from 102.23.55.32 for /example
2019-02-13T15:33:44.726534 Started database query for table users
2019-02-13T15:33:44.038472 Completed database query for table users
2019-02-13T15:33:43.234543 Received request from 102.23.55.32 for /example
2006-02-13T15:33:44.726534 Started database query for table users
2019-02-13T15:33:44.038472 Completed database query for table users
2019-02-13T15:33:43.234543 Received request from 102.23.55.32 for /example
2009-02-13T15:33:44.726534 Started database query for table users
2019-02-13T15:33:44.038472 Completed database query for table users
2019-02-13T15:33:43.234543 Received request from 102.23.55.32 for /example
2018-02-13T15:33:44.726534 Started database query for table users
2019-02-13T15:33:44.038472 Completed database query for table users
2019-02-13T15:33:43.234543 Received request from 102.23.55.32 for /example
2012-02-13T15:33:44.726534 Started database query for table users
2019-02-13T15:33:44.038472 Completed database query for table users
2019-02-13T15:33:43.234543 Received request from 102.23.55.32 for /example
2019-02-13T15:33:44.726534 Started database query for table users
2019-02-13T15:33:44.038472 Completed database query for table users
2015-02-13T15:33:43.234543 Received request from 102.23.55.32 for /example
2019-02-13T15:33:44.726534 Started database query for table users
2019-02-13T15:33:44.038472 Completed database query for table users
2019-02-13T15:33:43.234543 Received request from 102.23.55.32 for /example
2019-02-13T15:33:44.726534 Started database query for table users
2019-02-13T15:33:44.038472 Completed database query for table users
2019-02-13T15:33:43.234543 Received request from 102.23.55.32 for /example
2019-02-13T15:33:44.726534 Started database query for table users
2019-02-13T15:33:44.038472 Completed database query for table users
2019-02-13T15:33:43.234543 Received request from 102.23.55.32 for /example
2019-02-13T15:33:44.726534 Started database query for table users
2019-02-13T15:33:44.038472 Completed database query for table users
2019-02-13T15:33:43.234543 Received request from 102.23.55.32 for /example
2019-02-13T15:33:44.726534 Started database query for table users
2019-02-13T15:33:44.038472 Completed database query for table users
2019-02-13T15:33:43.234543 Received request from 102.23.55.32 for /example
2019-02-13T15:33:44.726534 Started database query for table users
2019-02-13T15:33:44.038472 Completed database query for table users
2019-02-13T15:33:43.234543 Received request from 102.23.55.32 for /example
2019-02-13T15:33:44.726534 Started database query for table users
2019-02-13T15:33:44.038472 Completed database query for table users
2019-02-13T15:33:43.234543 Received request from 102.23.55.32 for /example
2019-02-13T15:33:44.726534 Started database query for table users
2019-02-13T15:33:44.038472 Completed database query for table users
2019-02-13T15:33:43.234543 Received request from 102.23.55.32 for /example
2006-02-13T15:33:44.726534 Started database query for table users
2019-02-13T15:33:44.038472 Completed database query for table users
2019-02-13T15:33:43.234543 Received request from 102.23.55.32 for /example
2009-02-13T15:33:44.726534 Started database query for table users
2019-02-13T15:33:44.038472 Completed database query for table users
2019-02-13T15:33:43.234543 Received request from 102.23.55.32 for /example
2018-02-13T15:33:44.726534 Started database query for table users
2019-02-13T15:33:44.038472 Completed database query for table users
2019-02-13T15:33:43.234543 Received request from 102.23.55.32 for /example
2012-02-13T15:33:44.726534 Started database query for table users
2019-02-13T15:33:44.038472 Completed database query for table users
2019-02-13T15:33:43.234543 Received request from 102.23.55.32 for /example
2019-02-13T15:33:44.726534 Started database query for table users
2019-02-13T15:33:44.038472 Completed database query for table users
2015-02-13T15:33:43.234543 Received request from 102.23.55.32 for /example
2019-02-13T15:33:44.726534 Started database query for table users
2019-02-13T15:33:44.038472 Completed database query for table users
2019-02-13T15:33:43.234543 Received request from 102.23.55.32 for /example
2019-02-13T15:33:44.726534 Started database query for table users
2019-02-13T15:33:44.038472 Completed database query for table users
2019-02-13T15:33:43.234543 Received request from 102.23.55.32 for /example
2019-02-13T15:33:44.726534 Started database query for table users
2019-02-13T15:33:44.038472 Completed database query for table users
2019-02-13T15:33:43.234543 Received request from 102.23.55.32 for /example
2019-02-13T15:33:44.726534 Started database query for table users
2019-02-13T15:33:44.038472 Completed database query for table users
2019-02-13T15:33:43.234543 Received request from 102.23.55.32 for /example
2019-02-13T15:33:44.726534 Started database query for table users
2019-02-13T15:33:44.038472 Completed database query for table users
2019-02-13T15:33:43.234543 Received request from 102.23.55.32 for /example
2019-02-13T15:33:44.726534 Started database query for table users
2019-02-13T15:33:44.038472 Completed database query for table users
2019-02-13T15:33:43.234543 Received request from 102.23.55.32 for /example
2019-02-13T15:33:44.726534 Started database query for table users
2019-02-13T15:33:44.038472 Completed database query for table users
2019-02-13T15:33:43.234543 Received request from 102.23.55.32 for /example
2019-02-13T15:33:44.726534 Started database query for table users
2019-02-13T15:33:44.038472 Completed database query for table users
2019-02-13T15:33:43.234543 Received request from 102.23.55.32 for /example
2006-02-13T15:33:44.726534 Started database query for table users
2019-02-13T15:33:44.038472 Completed database query for table users
2019-02-13T15:33:43.234543 Received request from 102.23.55.32 for /example
2009-02-13T15:33:44.726534 Started database query for table users
2019-02-13T15:33:44.038472 Completed database query for table users
2019-02-13T15:33:43.234543 Received request from 102.23.55.32 for /example
2018-02-13T15:33:44.726534 Started database query for table users
2019-02-13T15:33:44.038472 Completed database query for table users
2019-02-13T15:33:43.234543 Received request from 102.23.55.32 for /example
2012-02-13T15:33:44.726534 Started database query for table users
2019-02-13T15:33:44.038472 Completed database query for table users
2019-02-13T15:33:43.234543 Received request from 102.23.55.32 for /example
2019-02-13T15:33:44.726534 Started database query for table users
2019-02-13T15:33:44.038472 Completed database query for table users
2015-02-13T15:33:43.234543 Received request from 102.23.55.32 for /example
2019-02-13T15:33:44.726534 Started database query for table users
2019-02-13T15:33:44.038472 Completed database query for table users
2019-02-13T15:33:43.234543 Received request from 102.23.55.32 for /example
2019-02-13T15:33:44.726534 Started database query for table users
2019-02-13T15:33:44.038472 Completed database query for table users
2019-02-13T15:33:43.234543 Received request from 102.23.55.32 for /example
2019-02-13T15:33:44.726534 Started database query for table users
2019-02-13T15:33:44.038472 Completed database query for table users
2019-02-13T15:33:43.234543 Received request from 102.23.55.32 for /example
2019-02-13T15:33:44.726534 Started database query for table users
2019-02-13T15:33:44.038472 Completed database query for table users
2019-02-13T15:33:43.234543 Received request from 102.23.55.32 for /example
2019-02-13T15:33:44.726534 Started database query for table users
2019-02-13T15:33:44.038472 Completed database query for table users
2019-02-13T15:33:43.234543 Received request from 102.23.55.32 for /example
2019-02-13T15:33:44.726534 Started database query for table users
2019-02-13T15:33:44.038472 Completed database query for table users
2019-02-13T15:33:43.234543 Received request from 102.23.55.32 for /example
2019-02-13T15:33:44.726534 Started database query for table users
2019-02-13T15:33:44.038472 Completed database query for table users
2019-02-13T15:33:43.234543 Received request from 102.23.55.32 for /example
2019-02-13T15:33:44.726534 Started database query for table users
2019-02-13T15:33:44.038472 Completed database query for table users
2019-02-13T15:33:43.234543 Received request from 102.23.55.32 for /example
2006-02-13T15:33:44.726534 Started database query for table users
2019-02-13T15:33:44.038472 Completed database query for table users
2019-02-13T15:33:43.234543 Received request from 102.23.55.32 for /example
2009-02-13T15:33:44.726534 Started database query for table users
2019-02-13T15:33:44.038472 Completed database query for table users
2019-02-13T15:33:43.234543 Received request from 102.23.55.32 for /example
2018-02-13T15:33:44.726534 Started database query for table users
2019-02-13T15:33:44.038472 Completed database query for table users
2019-02-13T15:33:43.234543 Received request from 102.23.55.32 for /example
2012-02-13T15:33:44.726534 Started database query for table users
2019-02-13T15:33:44.038472 Completed database query for table users
2019-02-13T15:33:43.234543 Received request from 102.23.55.32 for /example
2019-02-13T15:33:44.726534 Started database query for table users
2019-02-13T15:33:44.038472 Completed database query for table users
2015-02-13T15:33:43.234543 Received request from 102.23.55.32 for /example
2019-02-13T15:33:44.726534 Started database query for table users
2019-02-13T15:33:44.038472 Completed database query for table users
2019-02-13T15:33:43.234543 Received request from 102.23.55.32 for /example
2019-02-13T15:33:44.726534 Started database query for table users
2019-02-13T15:33:44.038472 Completed database query for table users
2019-02-13T15:33:43.234543 Received request from 102.23.55.32 for /example
2019-02-13T15:33:44.726534 Started database query for table users
2019-02-13T15:33:44.038472 Completed database query for table users
2019-02-13T15:33:43.234543 Received request from 102.23.55.32 for /example
2019-02-13T15:33:44.726534 Started database query for table users
2019-02-13T15:33:44.038472 Completed database query for table users
2019-02-13T15:33:43.234543 Received request from 102.23.55.32 for /example
2019-02-13T15:33:44.726534 Started database query for table users
2019-02-13T15:33:44.038472 Completed database query for table users
2019-02-13T15:33:43.234543 Received request from 102.23.55.32 for /example
2019-02-13T15:33:44.726534 Started database query for table users
2019-02-13T15:33:44.038472 Completed database query for table users
2019-02-13T15:33:43.234543 Received request from 102.23.55.32 for /example
2019-02-13T15:33:44.726534 Started database query for table users
2019-02-13T15:33:44.038472 Completed database query for table users
2019-02-13T15:33:43.234543 Received request from 102.23.55.32 for /example
2019-02-13T15:33:44.726534 Started database query for table users
2019-02-13T15:33:44.038472 Completed database query for table users
2019-02-13T15:33:43.234543 Received request from 102.23.55.32 for /example
2006-02-13T15:33:44.726534 Started database query for table users
2019-02-13T15:33:44.038472 Completed database query for table users
2019-02-13T15:33:43.234543 Received request from 102.23.55.32 for /example
2009-02-13T15:33:44.726534 Started database query for table users
2019-02-13T15:33:44.038472 Completed database query for table users
2019-02-13T15:33:43.234543 Received request from 102.23.55.32 for /example
2018-02-13T15:33:44.726534 Started database query for table users
2019-02-13T15:33:44.038472 Completed database query for table users
2019-02-13T15:33:43.234543 Received request from 102.23.55.32 for /example
2012-02-13T15:33:44.726534 Started database query for table users
2019-02-13T15:33:44.038472 Completed database query for table users
2019-02-13T15:33:43.234543 Received request from 102.23.55.32 for /example
2019-02-13T15:33:44.726534 Started database query for table users
2019-02-13T15:33:44.038472 Completed database query for table users
2015-02-13T15:33:43.234543 Received request from 102.23.55.32 for /example
2019-02-13T15:33:44.726534 Started database query for table users
2019-02-13T15:33:44.038472 Completed database query for table users
2019-02-13T15:33:43.234543 Received request from 102.23.55.32 for /example
2019-02-13T15:33:44.726534 Started database query for table users
2019-02-13T15:33:44.038472 Completed database query for table users
2019-02-13T15:33:43.234543 Received request from 102.23.55.32 for /example
2019-02-13T15:33:44.726534 Started database query for table users
2019-02-13T15:33:44.038472 Completed database query for table users
2019-02-13T15:33:43.234543 Received request from 102.23.55.32 for /example
2019-02-13T15:33:44.726534 Started database query for table users
2019-02-13T15:33:44.038472 Completed database query for table users
2019-02-13T15:33:43.234543 Received request from 102.23.55.32 for /example
2019-02-13T15:33:44.726534 Started database query for table users
2019-02-13T15:33:44.038472 Completed database query for table users
2019-02-13T15:33:43.234543 Received request from 102.23.55.32 for /example
2019-02-13T15:33:44.726534 Started database query for table users
2019-02-13T15:33:44.038472 Completed database query for table users
2019-02-13T15:33:43.234543 Received request from 102.23.55.32 for /example
2019-02-13T15:33:44.726534 Started database query for table users
2019-02-13T15:33:44.038472 Completed database query for table users
2019-02-13T15:33:43.234543 Received request from 102.23.55.32 for /example
2019-02-13T15:33:44.726534 Started database query for table users
2019-02-13T15:33:44.038472 Completed database query for table users
2019-02-13T15:33:43.234543 Received request from 102.23.55.32 for /example
2006-02-13T15:33:44.726534 Started database query for table users
2019-02-13T15:33:44.038472 Completed database query for table users
2019-02-13T15:33:43.234543 Received request from 102.23.55.32 for /example
2009-02-13T15:33:44.726534 Started database query for table users
2019-02-13T15:33:44.038472 Completed database query for table users
2019-02-13T15:33:43.234543 Received request from 102.23.55.32 for /example
2018-02-13T15:33:44.726534 Started database query for table users
2019-02-13T15:33:44.038472 Completed database query for table users
2019-02-13T15:33:43.234543 Received request from 102.23.55.32 for /example
2012-02-13T15:33:44.726534 Started database query for table users
2019-02-13T15:33:44.038472 Completed database query for table users
2019-02-13T15:33:43.234543 Received request from 102.23.55.32 for /example
2019-02-13T15:33:44.726534 Started database query for table users
2019-02-13T15:33:44.038472 Completed database query for table users
2015-02-13T15:33:43.234543 Received request from 102.23.55.32 for /example
2019-02-13T15:33:44.726534 Started database query for table users
2019-02-13T15:33:44.038472 Completed database query for table users
2019-02-13T15:33:43.234543 Received request from 102.23.55.32 for /example
2019-02-13T15:33:44.726534 Started database query for table users
2019-02-13T15:33:44.038472 Completed database query for table users
2019-02-13T15:33:43.234543 Received request from 102.23.55.32 for /example
2019-02-13T15:33:44.726534 Started database query for table users
2019-02-13T15:33:44.038472 Completed database query for table users
2019-02-13T15:33:43.234543 Received request from 102.23.55.32 for /example
2019-02-13T15:33:44.726534 Started database query for table users
2019-02-13T15:33:44.038472 Completed database query for table users
2019-02-13T15:33:43.234543 Received request from 102.23.55.32 for /example
2019-02-13T15:33:44.726534 Started database query for table users
2019-02-13T15:33:44.038472 Completed database query for table users
2019-02-13T15:33:43.234543 Received request from 102.23.55.32 for /example
2019-02-13T15:33:44.726534 Started database query for table users
2019-02-13T15:33:44.038472 Completed database query for table users
2019-02-13T15:33:43.234543 Received request from 102.23.55.32 for /example
2019-02-13T15:33:44.726534 Started database query for table users
2019-02-13T15:33:44.038472 Completed database query for table users
2019-02-13T15:33:43.234543 Received request from 102.23.55.32 for /example
2019-02-13T15:33:44.726534 Started database query for table users
2019-02-13T15:33:44.038472 Completed database query for table users
2019-02-13T15:33:43.234543 Received request from 102.23.55.32 for /example
2006-02-13T15:33:44.726534 Started database query for table users
2019-02-13T15:33:44.038472 Completed database query for table users
2019-02-13T15:33:43.234543 Received request from 102.23.55.32 for /example
2009-02-13T15:33:44.726534 Started database query for table users
2019-02-13T15:33:44.038472 Completed database query for table users
2019-02-13T15:33:43.234543 Received request from 102.23.55.32 for /example
2018-02-13T15:33:44.726534 Started database query for table users
2019-02-13T15:33:44.038472 Completed database query for table users
2019-02-13T15:33:43.234543 Received request from 102.23.55.32 for /example
2012-02-13T15:33:44.726534 Started database query for table users
2019-02-13T15:33:44.038472 Completed database query for table users
2019-02-13T15:33:43.234543 Received request from 102.23.55.32 for /example
2019-02-13T15:33:44.726534 Started database query for table users
2019-02-13T15:33:44.038472 Completed database query for table users
2015-02-13T15:33:43.234543 Received request from 102.23.55.32 for /example
2019-02-13T15:33:44.726534 Started database query for table users
2019-02-13T15:33:44.038472 Completed database query for table users
2019-02-13T15:33:43.234543 Received request from 102.23.55.32 for /example
2019-02-13T15:33:44.726534 Started database query for table users
2019-02-13T15:33:44.038472 Completed database query for table users
2019-02-13T15:33:43.234543 Received request from 102.23.55.32 for /example
2019-02-13T15:33:44.726534 Started database query for table users
2019-02-13T15:33:44.038472 Completed database query for table users
2019-02-13T15:33:43.234543 Received request from 102.23.55.32 for /example
2019-02-13T15:33:44.726534 Started database query for table users
2019-02-13T15:33:44.038472 Completed database query for table users
2019-02-13T15:33:43.234543 Received request from 102.23.55.32 for /example
2019-02-13T15:33:44.726534 Started database query for table users
2019-02-13T15:33:44.038472 Completed database query for table users
2019-02-13T15:33:43.234543 Received request from 102.23.55.32 for /example
2019-02-13T15:33:44.726534 Started database query for table users
2019-02-13T15:33:44.038472 Completed database query for table users
2019-02-13T15:33:43.234543 Received request from 102.23.55.32 for /example
2019-02-13T15:33:44.726534 Started database query for table users
2019-02-13T15:33:44.038472 Completed database query for table users
2019-02-13T15:33:43.234543 Received request from 102.23.55.32 for /example
2019-02-13T15:33:44.726534 Started database query for table users
2019-02-13T15:33:44.038472 Completed database query for table users
2019-02-13T15:33:43.234543 Received request from 102.23.55.32 for /example
2006-02-13T15:33:44.726534 Started database query for table users
2019-02-13T15:33:44.038472 Completed database query for table users
2019-02-13T15:33:43.234543 Received request from 102.23.55.32 for /example
2009-02-13T15:33:44.726534 Started database query for table users
2019-02-13T15:33:44.038472 Completed database query for table users
2019-02-13T15:33:43.234543 Received request from 102.23.55.32 for /example
2018-02-13T15:33:44.726534 Started database query for table users
2019-02-13T15:33:44.038472 Completed database query for table users
2019-02-13T15:33:43.234543 Received request from 102.23.55.32 for /example
2012-02-13T15:33:44.726534 Started database query for table users
2019-02-13T15:33:44.038472 Completed database query for table users
2019-02-13T15:33:43.234543 Received request from 102.23.55.32 for /example
2019-02-13T15:33:44.726534 Started database query for table users
2019-02-13T15:33:44.038472 Completed database query for table users
2015-02-13T15:33:43.234543 Received request from 102.23.55.32 for /example
2019-02-13T15:33:44.726534 Started database query for table users
2019-02-13T15:33:44.038472 Completed database query for table users
2019-02-13T15:33:43.234543 Received request from 102.23.55.32 for /example
2019-02-13T15:33:44.726534 Started database query for table users
2019-02-13T15:33:44.038472 Completed database query for table users
2019-02-13T15:33:43.234543 Received request from 102.23.55.32 for /example
2019-02-13T15:33:44.726534 Started database query for table users
2019-02-13T15:33:44.038472 Completed database query for table users
2019-02-13T15:33:43.234543 Received request from 102.23.55.32 for /example
2019-02-13T15:33:44.726534 Started database query for table users
2019-02-13T15:33:44.038472 Completed database query for table users
2019-02-13T15:33:43.234543 Received request from 102.23.55.32 for /example
2019-02-13T15:33:44.726534 Started database query for table users
2019-02-13T15:33:44.038472 Completed database query for table users
2019-02-13T15:33:43.234543 Received request from 102.23.55.32 for /example
2019-02-13T15:33:44.726534 Started database query for table users
2019-02-13T15:33:44.038472 Completed database query for table users
2019-02-13T15:33:43.234543 Received request from 102.23.55.32 for /example
2019-02-13T15:33:44.726534 Started database query for table users
2019-02-13T15:33:44.038472 Completed database query for table users
2019-02-13T15:33:43.234543 Received request from 102.23.55.32 for /example
2019-02-13T15:33:44.726534 Started database query for table users
2019-02-13T15:33:44.038472 Completed database query for table users
2019-02-13T15:33:43.234543 Received request from 102.23.55.32 for /example
2006-02-13T15:33:44.726534 Started database query for table users
2019-02-13T15:33:44.038472 Completed database query for table users
2019-02-13T15:33:43.234543 Received request from 102.23.55.32 for /example
2009-02-13T15:33:44.726534 Started database query for table users
2019-02-13T15:33:44.038472 Completed database query for table users
2019-02-13T15:33:43.234543 Received request from 102.23.55.32 for /example
2018-02-13T15:33:44.726534 Started database query for table users
2019-02-13T15:33:44.038472 Completed database query for table users
2019-02-13T15:33:43.234543 Received request from 102.23.55.32 for /example
2012-02-13T15:33:44.726534 Started database query for table users
2019-02-13T15:33:44.038472 Completed database query for table users
2019-02-13T15:33:43.234543 Received request from 102.23.55.32 for /example
2019-02-13T15:33:44.726534 Started database query for table users
2019-02-13T15:33:44.038472 Completed database query for table users
2015-02-13T15:33:43.234543 Received request from 102.23.55.32 for /example
2019-02-13T15:33:44.726534 Started database query for table users
2019-02-13T15:33:44.038472 Completed database query for table users
2019-02-13T15:33:43.234543 Received request from 102.23.55.32 for /example
2019-02-13T15:33:44.726534 Started database query for table users
2019-02-13T15:33:44.038472 Completed database query for table users
2019-02-13T15:33:43.234543 Received request from 102.23.55.32 for /example
2019-02-13T15:33:44.726534 Started database query for table users
2019-02-13T15:33:44.038472 Completed database query for table users
2019-02-13T15:33:43.234543 Received request from 102.23.55.32 for /example
2019-02-13T15:33:44.726534 Started database query for table users
2019-02-13T15:33:44.038472 Completed database query for table users
2019-02-13T15:33:43.234543 Received request from 102.23.55.32 for /example
2019-02-13T15:33:44.726534 Started database query for table users
2019-02-13T15:33:44.038472 Completed database query for table users
2019-02-13T15:33:43.234543 Received request from 102.23.55.32 for /example
2019-02-13T15:33:44.726534 Started database query for table users
2019-02-13T15:33:44.038472 Completed database query for table users
2019-02-13T15:33:43.234543 Received request from 102.23.55.32 for /example
2019-02-13T15:33:44.726534 Started database query for table users
2019-02-13T15:33:44.038472 Completed database query for table users
2019-02-13T15:33:43.234543 Received request from 102.23.55.32 for /example
2019-02-13T15:33:44.726534 Started database query for table users
2019-02-13T15:33:44.038472 Completed database query for table users
2019-02-13T15:33:43.234543 Received request from 102.23.55.32 for /example
2006-02-13T15:33:44.726534 Started database query for table users
2019-02-13T15:33:44.038472 Completed database query for table users
2019-02-13T15:33:43.234543 Received request from 102.23.55.32 for /example
2009-02-13T15:33:44.726534 Started database query for table users
2019-02-13T15:33:44.038472 Completed database query for table users
2019-02-13T15:33:43.234543 Received request from 102.23.55.32 for /example
2018-02-13T15:33:44.726534 Started database query for table users
2019-02-13T15:33:44.038472 Completed database query for table users
2019-02-13T15:33:43.234543 Received request from 102.23.55.32 for /example
2012-02-13T15:33:44.726534 Started database query for table users
2019-02-13T15:33:44.038472 Completed database query for table users
2019-02-13T15:33:43.234543 Received request from 102.23.55.32 for /example
2019-02-13T15:33:44.726534 Started database query for table users
2019-02-13T15:33:44.038472 Completed database query for table users
2015-02-13T15:33:43.234543 Received request from 102.23.55.32 for /example
2019-02-13T15:33:44.726534 Started database query for table users
2019-02-13T15:33:44.038472 Completed database query for table users
2019-02-13T15:33:43.234543 Received request from 102.23.55.32 for /example
2019-02-13T15:33:44.726534 Started database query for table users
2019-02-13T15:33:44.038472 Completed database query for table users
2019-02-13T15:33:43.234543 Received request from 102.23.55.32 for /example
2019-02-13T15:33:44.726534 Started database query for table users
2019-02-13T15:33:44.038472 Completed database query for table users
2019-02-13T15:33:43.234543 Received request from 102.23.55.32 for /example
2019-02-13T15:33:44.726534 Started database query for table users
2019-02-13T15:33:44.038472 Completed database query for table users
2019-02-13T15:33:43.234543 Received request from 102.23.55.32 for /example
2019-02-13T15:33:44.726534 Started database query for table users
2019-02-13T15:33:44.038472 Completed database query for table users
2019-02-13T15:33:43.234543 Received request from 102.23.55.32 for /example
2019-02-13T15:33:44.726534 Started database query for table users
2019-02-13T15:33:44.038472 Completed database query for table users
2019-02-13T15:33:43.234543 Received request from 102.23.55.32 for /example
2019-02-13T15:33:44.726534 Started database query for table users
2019-02-13T15:33:44.038472 Completed database query for table users
2019-02-13T15:33:43.234543 Received request from 102.23.55.32 for /example
2019-02-13T15:33:44.726534 Started database query for table users
2019-02-13T15:33:44.038472 Completed database query for table users
2019-02-13T15:33:43.234543 Received request from 102.23.55.32 for /example
2006-02-13T15:33:44.726534 Started database query for table users
2019-02-13T15:33:44.038472 Completed database query for table users
2019-02-13T15:33:43.234543 Received request from 102.23.55.32 for /example
2009-02-13T15:33:44.726534 Started database query for table users
2019-02-13T15:33:44.038472 Completed database query for table users
2019-02-13T15:33:43.234543 Received request from 102.23.55.32 for /example
2018-02-13T15:33:44.726534 Started database query for table users
2019-02-13T15:33:44.038472 Completed database query for table users
2019-02-13T15:33:43.234543 Received request from 102.23.55.32 for /example
2012-02-13T15:33:44.726534 Started database query for table users
2019-02-13T15:33:44.038472 Completed database query for table users
2019-02-13T15:33:43.234543 Received request from 102.23.55.32 for /example
2019-02-13T15:33:44.726534 Started database query for table users
2019-02-13T15:33:44.038472 Completed database query for table users
2015-02-13T15:33:43.234543 Received request from 102.23.55.32 for /example
2019-02-13T15:33:44.726534 Started database query for table users
2019-02-13T15:33:44.038472 Completed database query for table users
2019-02-13T15:33:43.234543 Received request from 102.23.55.32 for /example
2019-02-13T15:33:44.726534 Started database query for table users
2019-02-13T15:33:44.038472 Completed database query for table users
2019-02-13T15:33:43.234543 Received request from 102.23.55.32 for /example
2019-02-13T15:33:44.726534 Started database query for table users
2019-02-13T15:33:44.038472 Completed database query for table users
2019-02-13T15:33:43.234543 Received request from 102.23.55.32 for /example
2019-02-13T15:33:44.726534 Started database query for table users
2019-02-13T15:33:44.038472 Completed database query for table users
2019-02-13T15:33:43.234543 Received request from 102.23.55.32 for /example
2019-02-13T15:33:44.726534 Started database query for table users
2019-02-13T15:33:44.038472 Completed database query for table users
2019-02-13T15:33:43.234543 Received request from 102.23.55.32 for /example
2019-02-13T15:33:44.726534 Started database query for table users
2019-02-13T15:33:44.038472 Completed database query for table users
2019-02-13T15:33:43.234543 Received request from 102.23.55.32 for /example
2019-02-13T15:33:44.726534 Started database query for table users
2019-02-13T15:33:44.038472 Completed database query for table users
2019-02-13T15:33:43.234543 Received request from 102.23.55.32 for /example
2019-02-13T15:33:44.726534 Started database query for table users
2019-02-13T15:33:44.038472 Completed database query for table users
2019-02-13T15:33:43.234543 Received request from 102.23.55.32 for /example
2006-02-13T15:33:44.726534 Started database query for table users
2019-02-13T15:33:44.038472 Completed database query for table users
2019-02-13T15:33:43.234543 Received request from 102.23.55.32 for /example
2009-02-13T15:33:44.726534 Started database query for table users
2019-02-13T15:33:44.038472 Completed database query for table users
2019-02-13T15:33:43.234543 Received request from 102.23.55.32 for /example
2018-02-13T15:33:44.726534 Started database query for table users
2019-02-13T15:33:44.038472 Completed database query for table users
2019-02-13T15:33:43.234543 Received request from 102.23.55.32 for /example
2012-02-13T15:33:44.726534 Started database query for table users
2019-02-13T15:33:44.038472 Completed database query for table users
2019-02-13T15:33:43.234543 Received request from 102.23.55.32 for /example
2019-02-13T15:33:44.726534 Started database query for table users
2019-02-13T15:33:44.038472 Completed database query for table users
2015-02-13T15:33:43.234543 Received request from 102.23.55.32 for /example
2019-02-13T15:33:44.726534 Started database query for table users
2019-02-13T15:33:44.038472 Completed database query for table users
2019-02-13T15:33:43.234543 Received request from 102.23.55.32 for /example
2019-02-13T15:33:44.726534 Started database query for table users
2019-02-13T15:33:44.038472 Completed database query for table users
2019-02-13T15:33:43.234543 Received request from 102.23.55.32 for /example
2019-02-13T15:33:44.726534 Started database query for table users
2019-02-13T15:33:44.038472 Completed database query for table users
2019-02-13T15:33:43.234543 Received request from 102.23.55.32 for /example
2019-02-13T15:33:44.726534 Started database query for table users
2019-02-13T15:33:44.038472 Completed database query for table users
2019-02-13T15:33:43.234543 Received request from 102.23.55.32 for /example
2019-02-13T15:33:44.726534 Started database query for table users
2019-02-13T15:33:44.038472 Completed database query for table users
2019-02-13T15:33:43.234543 Received request from 102.23.55.32 for /example
2019-02-13T15:33:44.726534 Started database query for table users
2019-02-13T15:33:44.038472 Completed database query for table users
2019-02-13T15:33:43.234543 Received request from 102.23.55.32 for /example
2019-02-13T15:33:44.726534 Started database query for table users
2019-02-13T15:33:44.038472 Completed database query for table users
2019-02-13T15:33:43.234543 Received request from 102.23.55.32 for /example
2019-02-13T15:33:44.726534 Started database query for table users
2019-02-13T15:33:44.038472 Completed database query for table users
2019-02-13T15:33:43.234543 Received request from 102.23.55.32 for /example
2006-02-13T15:33:44.726534 Started database query for table users
2019-02-13T15:33:44.038472 Completed database query for table users
2019-02-13T15:33:43.234543 Received request from 102.23.55.32 for /example
2009-02-13T15:33:44.726534 Started database query for table users
2019-02-13T15:33:44.038472 Completed database query for table users
2019-02-13T15:33:43.234543 Received request from 102.23.55.32 for /example
2018-02-13T15:33:44.726534 Started database query for table users
2019-02-13T15:33:44.038472 Completed database query for table users
2019-02-13T15:33:43.234543 Received request from 102.23.55.32 for /example
2012-02-13T15:33:44.726534 Started database query for table users
2019-02-13T15:33:44.038472 Completed database query for table users
2019-02-13T15:33:43.234543 Received request from 102.23.55.32 for /example
2019-02-13T15:33:44.726534 Started database query for table users
2019-02-13T15:33:44.038472 Completed database query for table users
2015-02-13T15:33:43.234543 Received request from 102.23.55.32 for /example
2019-02-13T15:33:44.726534 Started database query for table users
2019-02-13T15:33:44.038472 Completed database query for table users
2019-02-13T15:33:43.234543 Received request from 102.23.55.32 for /example
2019-02-13T15:33:44.726534 Started database query for table users
2019-02-13T15:33:44.038472 Completed database query for table users
2019-02-13T15:33:43.234543 Received request from 102.23.55.32 for /example
2019-02-13T15:33:44.726534 Started database query for table users
2019-02-13T15:33:44.038472 Completed database query for table users
2019-02-13T15:33:43.234543 Received request from 102.23.55.32 for /example
2019-02-13T15:33:44.726534 Started database query for table users
2019-02-13T15:33:44.038472 Completed database query for table users
2019-02-13T15:33:43.234543 Received request from 102.23.55.32 for /example
2019-02-13T15:33:44.726534 Started database query for table users
2019-02-13T15:33:44.038472 Completed database query for table users
2019-02-13T15:33:43.234543 Received request from 102.23.55.32 for /example
2019-02-13T15:33:44.726534 Started database query for table users
2019-02-13T15:33:44.038472 Completed database query for table users
2019-02-13T15:33:43.234543 Received request from 102.23.55.32 for /example
2019-02-13T15:33:44.726534 Started database query for table users
2019-02-13T15:33:44.038472 Completed database query for table users
2019-02-13T15:33:43.234543 Received request from 102.23.55.32 for /example
2019-02-13T15:33:44.726534 Started database query for table users
2019-02-13T15:33:44.038472 Completed database query for table users
2019-02-13T15:33:43.234543 Received request from 102.23.55.32 for /example
2006-02-13T15:33:44.726534 Started database query for table users
2019-02-13T15:33:44.038472 Completed database query for table users
2019-02-13T15:33:43.234543 Received request from 102.23.55.32 for /example
2009-02-13T15:33:44.726534 Started database query for table users
2019-02-13T15:33:44.038472 Completed database query for table users
2019-02-13T15:33:43.234543 Received request from 102.23.55.32 for /example
2018-02-13T15:33:44.726534 Started database query for table users
2019-02-13T15:33:44.038472 Completed database query for table users
2019-02-13T15:33:43.234543 Received request from 102.23.55.32 for /example
2012-02-13T15:33:44.726534 Started database query for table users
2019-02-13T15:33:44.038472 Completed database query for table users
2019-02-13T15:33:43.234543 Received request from 102.23.55.32 for /example
2019-02-13T15:33:44.726534 Started database query for table users
2019-02-13T15:33:44.038472 Completed database query for table users
2015-02-13T15:33:43.234543 Received request from 102.23.55.32 for /example
2019-02-13T15:33:44.726534 Started database query for table users
2019-02-13T15:33:44.038472 Completed database query for table users
2019-02-13T15:33:43.234543 Received request from 102.23.55.32 for /example
2019-02-13T15:33:44.726534 Started database query for table users
2019-02-13T15:33:44.038472 Completed database query for table users
2019-02-13T15:33:43.234543 Received request from 102.23.55.32 for /example
2019-02-13T15:33:44.726534 Started database query for table users
2019-02-13T15:33:44.038472 Completed database query for table users
2019-02-13T15:33:43.234543 Received request from 102.23.55.32 for /example
2019-02-13T15:33:44.726534 Started database query for table users
2019-02-13T15:33:44.038472 Completed database query for table users
2019-02-13T15:33:43.234543 Received request from 102.23.55.32 for /example
2019-02-13T15:33:44.726534 Started database query for table users
2019-02-13T15:33:44.038472 Completed database query for table users
2019-02-13T15:33:43.234543 Received request from 102.23.55.32 for /example
2019-02-13T15:33:44.726534 Started database query for table users
2019-02-13T15:33:44.038472 Completed database query for table users
2019-02-13T15:33:43.234543 Received request from 102.23.55.32 for /example
2019-02-13T15:33:44.726534 Started database query for table users
2019-02-13T15:33:44.038472 Completed database query for table users
2019-02-13T15:33:43.234543 Received request from 102.23.55.32 for /example
2019-02-13T15:33:44.726534 Started database query for table users
2019-02-13T15:33:44.038472 Completed database query for table users
2019-02-13T15:33:43.234543 Received request from 102.23.55.32 for /example
2006-02-13T15:33:44.726534 Started database query for table users
2019-02-13T15:33:44.038472 Completed database query for table users
2019-02-13T15:33:43.234543 Received request from 102.23.55.32 for /example
2009-02-13T15:33:44.726534 Started database query for table users
2019-02-13T15:33:44.038472 Completed database query for table users
2019-02-13T15:33:43.234543 Received request from 102.23.55.32 for /example
2018-02-13T15:33:44.726534 Started database query for table users
2019-02-13T15:33:44.038472 Completed database query for table users
2019-02-13T15:33:43.234543 Received request from 102.23.55.32 for /example
2012-02-13T15:33:44.726534 Started database query for table users
2019-02-13T15:33:44.038472 Completed database query for table users
2019-02-13T15:33:43.234543 Received request from 102.23.55.32 for /example
2019-02-13T15:33:44.726534 Started database query for table users
2019-02-13T15:33:44.038472 Completed database query for table users
2015-02-13T15:33:43.234543 Received request from 102.23.55.32 for /example
2019-02-13T15:33:44.726534 Started database query for table users
2019-02-13T15:33:44.038472 Completed database query for table users
2019-02-13T15:33:43.234543 Received request from 102.23.55.32 for /example
2019-02-13T15:33:44.726534 Started database query for table users
2019-02-13T15:33:44.038472 Completed database query for table users
2019-02-13T15:33:43.234543 Received request from 102.23.55.32 for /example
2019-02-13T15:33:44.726534 Started database query for table users
2019-02-13T15:33:44.038472 Completed database query for table users
2019-02-13T15:33:43.234543 Received request from 102.23.55.32 for /example
2019-02-13T15:33:44.726534 Started database query for table users
2019-02-13T15:33:44.038472 Completed database query for table users
2019-02-13T15:33:43.234543 Received request from 102.23.55.32 for /example
2019-02-13T15:33:44.726534 Started database query for table users
2019-02-13T15:33:44.038472 Completed database query for table users
2019-02-13T15:33:43.234543 Received request from 102.23.55.32 for /example
2019-02-13T15:33:44.726534 Started database query for table users
2019-02-13T15:33:44.038472 Completed database query for table users
2019-02-13T15:33:43.234543 Received request from 102.23.55.32 for /example
2019-02-13T15:33:44.726534 Started database query for table users
2019-02-13T15:33:44.038472 Completed database query for table users
2019-02-13T15:33:43.234543 Received request from 102.23.55.32 for /example
2019-02-13T15:33:44.726534 Started database query for table users
2019-02-13T15:33:44.038472 Completed database query for table users
2019-02-13T15:33:43.234543 Received request from 102.23.55.32 for /example
2006-02-13T15:33:44.726534 Started database query for table users
2019-02-13T15:33:44.038472 Completed database query for table users
2019-02-13T15:33:43.234543 Received request from 102.23.55.32 for /example
2009-02-13T15:33:44.726534 Started database query for table users
2019-02-13T15:33:44.038472 Completed database query for table users
2019-02-13T15:33:43.234543 Received request from 102.23.55.32 for /example
2018-02-13T15:33:44.726534 Started database query for table users
2019-02-13T15:33:44.038472 Completed database query for table users
2019-02-13T15:33:43.234543 Received request from 102.23.55.32 for /example
2012-02-13T15:33:44.726534 Started database query for table users
2019-02-13T15:33:44.038472 Completed database query for table users
2019-02-13T15:33:43.234543 Received request from 102.23.55.32 for /example
2019-02-13T15:33:44.726534 Started database query for table users
2019-02-13T15:33:44.038472 Completed database query for table users
2015-02-13T15:33:43.234543 Received request from 102.23.55.32 for /example
2019-02-13T15:33:44.726534 Started database query for table users
2019-02-13T15:33:44.038472 Completed database query for table users
2019-02-13T15:33:43.234543 Received request from 102.23.55.32 for /example
2019-02-13T15:33:44.726534 Started database query for table users
2019-02-13T15:33:44.038472 Completed database query for table users
2019-02-13T15:33:43.234543 Received request from 102.23.55.32 for /example
2019-02-13T15:33:44.726534 Started database query for table users
2019-02-13T15:33:44.038472 Completed database query for table users
2019-02-13T15:33:43.234543 Received request from 102.23.55.32 for /example
2019-02-13T15:33:44.726534 Started database query for table users
2019-02-13T15:33:44.038472 Completed database query for table users
2019-02-13T15:33:43.234543 Received request from 102.23.55.32 for /example
2019-02-13T15:33:44.726534 Started database query for table users
2019-02-13T15:33:44.038472 Completed database query for table users
2019-02-13T15:33:43.234543 Received request from 102.23.55.32 for /example
2019-02-13T15:33:44.726534 Started database query for table users
2019-02-13T15:33:44.038472 Completed database query for table users
2019-02-13T15:33:43.234543 Received request from 102.23.55.32 for /example
2019-02-13T15:33:44.726534 Started database query for table users
2019-02-13T15:33:44.038472 Completed database query for table users
2019-02-13T15:33:43.234543 Received request from 102.23.55.32 for /example
2019-02-13T15:33:44.726534 Started database query for table users
2019-02-13T15:33:44.038472 Completed database query for table users
2019-02-13T15:33:43.234543 Received request from 102.23.55.32 for /example
2006-02-13T15:33:44.726534 Started database query for table users
2019-02-13T15:33:44.038472 Completed database query for table users
2019-02-13T15:33:43.234543 Received request from 102.23.55.32 for /example
2009-02-13T15:33:44.726534 Started database query for table users
2019-02-13T15:33:44.038472 Completed database query for table users
2019-02-13T15:33:43.234543 Received request from 102.23.55.32 for /example
2018-02-13T15:33:44.726534 Started database query for table users
2019-02-13T15:33:44.038472 Completed database query for table users
2019-02-13T15:33:43.234543 Received request from 102.23.55.32 for /example
2012-02-13T15:33:44.726534 Started database query for table users
2019-02-13T15:33:44.038472 Completed database query for table users
2019-02-13T15:33:43.234543 Received request from 102.23.55.32 for /example
2019-02-13T15:33:44.726534 Started database query for table users
2019-02-13T15:33:44.038472 Completed database query for table users
2015-02-13T15:33:43.234543 Received request from 102.23.55.32 for /example
2019-02-13T15:33:44.726534 Started database query for table users
2019-02-13T15:33:44.038472 Completed database query for table users
2019-02-13T15:33:43.234543 Received request from 102.23.55.32 for /example
2019-02-13T15:33:44.726534 Started database query for table users
2019-02-13T15:33:44.038472 Completed database query for table users
2019-02-13T15:33:43.234543 Received request from 102.23.55.32 for /example
2019-02-13T15:33:44.726534 Started database query for table users
2019-02-13T15:33:44.038472 Completed database query for table users
2019-02-13T15:33:43.234543 Received request from 102.23.55.32 for /example
2019-02-13T15:33:44.726534 Started database query for table users
2019-02-13T15:33:44.038472 Completed database query for table users
2019-02-13T15:33:43.234543 Received request from 102.23.55.32 for /example
2019-02-13T15:33:44.726534 Started database query for table users
2019-02-13T15:33:44.038472 Completed database query for table users
2019-02-13T15:33:43.234543 Received request from 102.23.55.32 for /example
2019-02-13T15:33:44.726534 Started database query for table users
2019-02-13T15:33:44.038472 Completed database query for table users
2019-02-13T15:33:43.234543 Received request from 102.23.55.32 for /example
2019-02-13T15:33:44.726534 Started database query for table users
2019-02-13T15:33:44.038472 Completed database query for table users
2019-02-13T15:33:43.234543 Received request from 102.23.55.32 for /example
2019-02-13T15:33:44.726534 Started database query for table users
2019-02-13T15:33:44.038472 Completed database query for table users
2019-02-13T15:33:43.234543 Received request from 102.23.55.32 for /example
2006-02-13T15:33:44.726534 Started database query for table users
2019-02-13T15:33:44.038472 Completed database query for table users
2019-02-13T15:33:43.234543 Received request from 102.23.55.32 for /example
2009-02-13T15:33:44.726534 Started database query for table users
2019-02-13T15:33:44.038472 Completed database query for table users
2019-02-13T15:33:43.234543 Received request from 102.23.55.32 for /example
2018-02-13T15:33:44.726534 Started database query for table users
2019-02-13T15:33:44.038472 Completed database query for table users
2019-02-13T15:33:43.234543 Received request from 102.23.55.32 for /example
2012-02-13T15:33:44.726534 Started database query for table users
2019-02-13T15:33:44.038472 Completed database query for table users
2019-02-13T15:33:43.234543 Received request from 102.23.55.32 for /example
2019-02-13T15:33:44.726534 Started database query for table users
2019-02-13T15:33:44.038472 Completed database query for table users
2015-02-13T15:33:43.234543 Received request from 102.23.55.32 for /example
2019-02-13T15:33:44.726534 Started database query for table users
2019-02-13T15:33:44.038472 Completed database query for table users
2019-02-13T15:33:43.234543 Received request from 102.23.55.32 for /example
2019-02-13T15:33:44.726534 Started database query for table users
2019-02-13T15:33:44.038472 Completed database query for table users
2019-02-13T15:33:43.234543 Received request from 102.23.55.32 for /example
2019-02-13T15:33:44.726534 Started database query for table users
2019-02-13T15:33:44.038472 Completed database query for table users
2019-02-13T15:33:43.234543 Received request from 102.23.55.32 for /example
2019-02-13T15:33:44.726534 Started database query for table users
2019-02-13T15:33:44.038472 Completed database query for table users
2019-02-13T15:33:43.234543 Received request from 102.23.55.32 for /example
2019-02-13T15:33:44.726534 Started database query for table users
2019-02-13T15:33:44.038472 Completed database query for table users
2019-02-13T15:33:43.234543 Received request from 102.23.55.32 for /example
2019-02-13T15:33:44.726534 Started database query for table users
2019-02-13T15:33:44.038472 Completed database query for table users
2019-02-13T15:33:43.234543 Received request from 102.23.55.32 for /example
2019-02-13T15:33:44.726534 Started database query for table users
2019-02-13T15:33:44.038472 Completed database query for table users
2019-02-13T15:33:43.234543 Received request from 102.23.55.32 for /example
2019-02-13T15:33:44.726534 Started database query for table users
2019-02-13T15:33:44.038472 Completed database query for table users
2019-02-13T15:33:43.234543 Received request from 102.23.55.32 for /example
2006-02-13T15:33:44.726534 Started database query for table users
2019-02-13T15:33:44.038472 Completed database query for table users
2019-02-13T15:33:43.234543 Received request from 102.23.55.32 for /example
2009-02-13T15:33:44.726534 Started database query for table users
2019-02-13T15:33:44.038472 Completed database query for table users
2019-02-13T15:33:43.234543 Received request from 102.23.55.32 for /example
2018-02-13T15:33:44.726534 Started database query for table users
2019-02-13T15:33:44.038472 Completed database query for table users
2019-02-13T15:33:43.234543 Received request from 102.23.55.32 for /example
2012-02-13T15:33:44.726534 Started database query for table users
2019-02-13T15:33:44.038472 Completed database query for table users
2019-02-13T15:33:43.234543 Received request from 102.23.55.32 for /example
2019-02-13T15:33:44.726534 Started database query for table users
2019-02-13T15:33:44.038472 Completed database query for table users
2015-02-13T15:33:43.234543 Received request from 102.23.55.32 for /example
2019-02-13T15:33:44.726534 Started database query for table users
2019-02-13T15:33:44.038472 Completed database query for table users
2019-02-13T15:33:43.234543 Received request from 102.23.55.32 for /example
2019-02-13T15:33:44.726534 Started database query for table users
2019-02-13T15:33:44.038472 Completed database query for table users
2019-02-13T15:33:43.234543 Received request from 102.23.55.32 for /example
2019-02-13T15:33:44.726534 Started database query for table users
2019-02-13T15:33:44.038472 Completed database query for table users
2019-02-13T15:33:43.234543 Received request from 102.23.55.32 for /example
2019-02-13T15:33:44.726534 Started database query for table users
2019-02-13T15:33:44.038472 Completed database query for table users
2019-02-13T15:33:43.234543 Received request from 102.23.55.32 for /example
2019-02-13T15:33:44.726534 Started database query for table users
2019-02-13T15:33:44.038472 Completed database query for table users
2019-02-13T15:33:43.234543 Received request from 102.23.55.32 for /example
2019-02-13T15:33:44.726534 Started database query for table users
2019-02-13T15:33:44.038472 Completed database query for table users
2019-02-13T15:33:43.234543 Received request from 102.23.55.32 for /example
2019-02-13T15:33:44.726534 Started database query for table users
2019-02-13T15:33:44.038472 Completed database query for table users
2019-02-13T15:33:43.234543 Received request from 102.23.55.32 for /example
2019-02-13T15:33:44.726534 Started database query for table users
2019-02-13T15:33:44.038472 Completed database query for table users
2019-02-13T15:33:43.234543 Received request from 102.23.55.32 for /example
2006-02-13T15:33:44.726534 Started database query for table users
2019-02-13T15:33:44.038472 Completed database query for table users
2019-02-13T15:33:43.234543 Received request from 102.23.55.32 for /example
2009-02-13T15:33:44.726534 Started database query for table users
2019-02-13T15:33:44.038472 Completed database query for table users
2019-02-13T15:33:43.234543 Received request from 102.23.55.32 for /example
2018-02-13T15:33:44.726534 Started database query for table users
2019-02-13T15:33:44.038472 Completed database query for table users
2019-02-13T15:33:43.234543 Received request from 102.23.55.32 for /example
2012-02-13T15:33:44.726534 Started database query for table users
2019-02-13T15:33:44.038472 Completed database query for table users
2019-02-13T15:33:43.234543 Received request from 102.23.55.32 for /example
2019-02-13T15:33:44.726534 Started database query for table users
2019-02-13T15:33:44.038472 Completed database query for table users
2015-02-13T15:33:43.234543 Received request from 102.23.55.32 for /example
2019-02-13T15:33:44.726534 Started database query for table users
2019-02-13T15:33:44.038472 Completed database query for table users
2019-02-13T15:33:43.234543 Received request from 102.23.55.32 for /example
2019-02-13T15:33:44.726534 Started database query for table users
2019-02-13T15:33:44.038472 Completed database query for table users
2019-02-13T15:33:43.234543 Received request from 102.23.55.32 for /example
2019-02-13T15:33:44.726534 Started database query for table users
2019-02-13T15:33:44.038472 Completed database query for table users
2019-02-13T15:33:43.234543 Received request from 102.23.55.32 for /example
2019-02-13T15:33:44.726534 Started database query for table users
2019-02-13T15:33:44.038472 Completed database query for table users
2019-02-13T15:33:43.234543 Received request from 102.23.55.32 for /example
2019-02-13T15:33:44.726534 Started database query for table users
2019-02-13T15:33:44.038472 Completed database query for table users
2019-02-13T15:33:43.234543 Received request from 102.23.55.32 for /example
2019-02-13T15:33:44.726534 Started database query for table users
2019-02-13T15:33:44.038472 Completed database query for table users
2019-02-13T15:33:43.234543 Received request from 102.23.55.32 for /example
2019-02-13T15:33:44.726534 Started database query for table users
2019-02-13T15:33:44.038472 Completed database query for table users
2019-02-13T15:33:43.234543 Received request from 102.23.55.32 for /example
2019-02-13T15:33:44.726534 Started database query for table users
2019-02-13T15:33:44.038472 Completed database query for table users
2019-02-13T15:33:43.234543 Received request from 102.23.55.32 for /example
2006-02-13T15:33:44.726534 Started database query for table users
2019-02-13T15:33:44.038472 Completed database query for table users
2019-02-13T15:33:43.234543 Received request from 102.23.55.32 for /example
2009-02-13T15:33:44.726534 Started database query for table users
2019-02-13T15:33:44.038472 Completed database query for table users
2019-02-13T15:33:43.234543 Received request from 102.23.55.32 for /example
2018-02-13T15:33:44.726534 Started database query for table users
2019-02-13T15:33:44.038472 Completed database query for table users
2019-02-13T15:33:43.234543 Received request from 102.23.55.32 for /example
2012-02-13T15:33:44.726534 Started database query for table users
2019-02-13T15:33:44.038472 Completed database query for table users
2019-02-13T15:33:43.234543 Received request from 102.23.55.32 for /example
2019-02-13T15:33:44.726534 Started database query for table users
2019-02-13T15:33:44.038472 Completed database query for table users
2015-02-13T15:33:43.234543 Received request from 102.23.55.32 for /example
2019-02-13T15:33:44.726534 Started database query for table users
2019-02-13T15:33:44.038472 Completed database query for table users
2019-02-13T15:33:43.234543 Received request from 102.23.55.32 for /example
2019-02-13T15:33:44.726534 Started database query for table users
2019-02-13T15:33:44.038472 Completed database query for table users
2019-02-13T15:33:43.234543 Received request from 102.23.55.32 for /example
2019-02-13T15:33:44.726534 Started database query for table users
2019-02-13T15:33:44.038472 Completed database query for table users
2019-02-13T15:33:43.234543 Received request from 102.23.55.32 for /example
2019-02-13T15:33:44.726534 Started database query for table users
2019-02-13T15:33:44.038472 Completed database query for table users
2019-02-13T15:33:43.234543 Received request from 102.23.55.32 for /example
2019-02-13T15:33:44.726534 Started database query for table users
2019-02-13T15:33:44.038472 Completed database query for table users
2019-02-13T15:33:43.234543 Received request from 102.23.55.32 for /example
2019-02-13T15:33:44.726534 Started database query for table users
2019-02-13T15:33:44.038472 Completed database query for table users
2019-02-13T15:33:43.234543 Received request from 102.23.55.32 for /example
2019-02-13T15:33:44.726534 Started database query for table users
2019-02-13T15:33:44.038472 Completed database query for table users
2019-02-13T15:33:43.234543 Received request from 102.23.55.32 for /example
2019-02-13T15:33:44.726534 Started database query for table users
2019-02-13T15:33:44.038472 Completed database query for table users
2019-02-13T15:33:43.234543 Received request from 102.23.55.32 for /example
2006-02-13T15:33:44.726534 Started database query for table users
2019-02-13T15:33:44.038472 Completed database query for table users
2019-02-13T15:33:43.234543 Received request from 102.23.55.32 for /example
2009-02-13T15:33:44.726534 Started database query for table users
2019-02-13T15:33:44.038472 Completed database query for table users
2019-02-13T15:33:43.234543 Received request from 102.23.55.32 for /example
2018-02-13T15:33:44.726534 Started database query for table users
2019-02-13T15:33:44.038472 Completed database query for table users
2019-02-13T15:33:43.234543 Received request from 102.23.55.32 for /example
2012-02-13T15:33:44.726534 Started database query for table users
2019-02-13T15:33:44.038472 Completed database query for table users
2019-02-13T15:33:43.234543 Received request from 102.23.55.32 for /example
2019-02-13T15:33:44.726534 Started database query for table users
2019-02-13T15:33:44.038472 Completed database query for table users
2015-02-13T15:33:43.234543 Received request from 102.23.55.32 for /example
2019-02-13T15:33:44.726534 Started database query for table users
2019-02-13T15:33:44.038472 Completed database query for table users
2019-02-13T15:33:43.234543 Received request from 102.23.55.32 for /example
2019-02-13T15:33:44.726534 Started database query for table users
2019-02-13T15:33:44.038472 Completed database query for table users
2019-02-13T15:33:43.234543 Received request from 102.23.55.32 for /example
2019-02-13T15:33:44.726534 Started database query for table users
2019-02-13T15:33:44.038472 Completed database query for table users
2019-02-13T15:33:43.234543 Received request from 102.23.55.32 for /example
2019-02-13T15:33:44.726534 Started database query for table users
2019-02-13T15:33:44.038472 Completed database query for table users
2019-02-13T15:33:43.234543 Received request from 102.23.55.32 for /example
2019-02-13T15:33:44.726534 Started database query for table users
2019-02-13T15:33:44.038472 Completed database query for table users
2019-02-13T15:33:43.234543 Received request from 102.23.55.32 for /example
2019-02-13T15:33:44.726534 Started database query for table users
2019-02-13T15:33:44.038472 Completed database query for table users
2019-02-13T15:33:43.234543 Received request from 102.23.55.32 for /example
2019-02-13T15:33:44.726534 Started database query for table users
2019-02-13T15:33:44.038472 Completed database query for table users
2019-02-13T15:33:43.234543 Received request from 102.23.55.32 for /example
2019-02-13T15:33:44.726534 Started database query for table users
2019-02-13T15:33:44.038472 Completed database query for table users
2019-02-13T15:33:43.234543 Received request from 102.23.55.32 for /example
2006-02-13T15:33:44.726534 Started database query for table users
2019-02-13T15:33:44.038472 Completed database query for table users
2019-02-13T15:33:43.234543 Received request from 102.23.55.32 for /example
2009-02-13T15:33:44.726534 Started database query for table users
2019-02-13T15:33:44.038472 Completed database query for table users
2019-02-13T15:33:43.234543 Received request from 102.23.55.32 for /example
2018-02-13T15:33:44.726534 Started database query for table users
2019-02-13T15:33:44.038472 Completed database query for table users
2019-02-13T15:33:43.234543 Received request from 102.23.55.32 for /example
2012-02-13T15:33:44.726534 Started database query for table users
2019-02-13T15:33:44.038472 Completed database query for table users
2019-02-13T15:33:43.234543 Received request from 102.23.55.32 for /example
2019-02-13T15:33:44.726534 Started database query for table users
2019-02-13T15:33:44.038472 Completed database query for table users
2015-02-13T15:33:43.234543 Received request from 102.23.55.32 for /example
2019-02-13T15:33:44.726534 Started database query for table users
2019-02-13T15:33:44.038472 Completed database query for table users
2019-02-13T15:33:43.234543 Received request from 102.23.55.32 for /example
2019-02-13T15:33:44.726534 Started database query for table users
2019-02-13T15:33:44.038472 Completed database query for table users
2019-02-13T15:33:43.234543 Received request from 102.23.55.32 for /example
2019-02-13T15:33:44.726534 Started database query for table users
2019-02-13T15:33:44.038472 Completed database query for table users
2019-02-13T15:33:43.234543 Received request from 102.23.55.32 for /example
2019-02-13T15:33:44.726534 Started database query for table users
2019-02-13T15:33:44.038472 Completed database query for table users
2019-02-13T15:33:43.234543 Received request from 102.23.55.32 for /example
2019-02-13T15:33:44.726534 Started database query for table users
2019-02-13T15:33:44.038472 Completed database query for table users
2019-02-13T15:33:43.234543 Received request from 102.23.55.32 for /example
2019-02-13T15:33:44.726534 Started database query for table users
2019-02-13T15:33:44.038472 Completed database query for table users
2019-02-13T15:33:43.234543 Received request from 102.23.55.32 for /example
2019-02-13T15:33:44.726534 Started database query for table users
2019-02-13T15:33:44.038472 Completed database query for table users
2019-02-13T15:33:43.234543 Received request from 102.23.55.32 for /example
2019-02-13T15:33:44.726534 Started database query for table users
2019-02-13T15:33:44.038472 Completed database query for table users
2019-02-13T15:33:43.234543 Received request from 102.23.55.32 for /example
2006-02-13T15:33:44.726534 Started database query for table users
2019-02-13T15:33:44.038472 Completed database query for table users
2019-02-13T15:33:43.234543 Received request from 102.23.55.32 for /example
2009-02-13T15:33:44.726534 Started database query for table users
2019-02-13T15:33:44.038472 Completed database query for table users
2019-02-13T15:33:43.234543 Received request from 102.23.55.32 for /example
2018-02-13T15:33:44.726534 Started database query for table users
2019-02-13T15:33:44.038472 Completed database query for table users
2019-02-13T15:33:43.234543 Received request from 102.23.55.32 for /example
2012-02-13T15:33:44.726534 Started database query for table users
2019-02-13T15:33:44.038472 Completed database query for table users
2019-02-13T15:33:43.234543 Received request from 102.23.55.32 for /example
2019-02-13T15:33:44.726534 Started database query for table users
2019-02-13T15:33:44.038472 Completed database query for table users
2015-02-13T15:33:43.234543 Received request from 102.23.55.32 for /example
2019-02-13T15:33:44.726534 Started database query for table users
2019-02-13T15:33:44.038472 Completed database query for table users
2019-02-13T15:33:43.234543 Received request from 102.23.55.32 for /example
2019-02-13T15:33:44.726534 Started database query for table users
2019-02-13T15:33:44.038472 Completed database query for table users
2019-02-13T15:33:43.234543 Received request from 102.23.55.32 for /example
2019-02-13T15:33:44.726534 Started database query for table users
2019-02-13T15:33:44.038472 Completed database query for table users
2019-02-13T15:33:43.234543 Received request from 102.23.55.32 for /example
2019-02-13T15:33:44.726534 Started database query for table users
2019-02-13T15:33:44.038472 Completed database query for table users
2019-02-13T15:33:43.234543 Received request from 102.23.55.32 for /example
2019-02-13T15:33:44.726534 Started database query for table users
2019-02-13T15:33:44.038472 Completed database query for table users
2019-02-13T15:33:43.234543 Received request from 102.23.55.32 for /example
2019-02-13T15:33:44.726534 Started database query for table users
2019-02-13T15:33:44.038472 Completed database query for table users
2019-02-13T15:33:43.234543 Received request from 102.23.55.32 for /example
2019-02-13T15:33:44.726534 Started database query for table users
2019-02-13T15:33:44.038472 Completed database query for table users
2019-02-13T15:33:43.234543 Received request from 102.23.55.32 for /example
2019-02-13T15:33:44.726534 Started database query for table users
2019-02-13T15:33:44.038472 Completed database query for table users
2019-02-13T15:33:43.234543 Received request from 102.23.55.32 for /example
2006-02-13T15:33:44.726534 Started database query for table users
2019-02-13T15:33:44.038472 Completed database query for table users
2019-02-13T15:33:43.234543 Received request from 102.23.55.32 for /example
2009-02-13T15:33:44.726534 Started database query for table users
2019-02-13T15:33:44.038472 Completed database query for table users
2019-02-13T15:33:43.234543 Received request from 102.23.55.32 for /example
2018-02-13T15:33:44.726534 Started database query for table users
2019-02-13T15:33:44.038472 Completed database query for table users
2019-02-13T15:33:43.234543 Received request from 102.23.55.32 for /example
2012-02-13T15:33:44.726534 Started database query for table users
2019-02-13T15:33:44.038472 Completed database query for table users
2019-02-13T15:33:43.234543 Received request from 102.23.55.32 for /example
2019-02-13T15:33:44.726534 Started database query for table users
2019-02-13T15:33:44.038472 Completed database query for table users
2015-02-13T15:33:43.234543 Received request from 102.23.55.32 for /example
2019-02-13T15:33:44.726534 Started database query for table users
2019-02-13T15:33:44.038472 Completed database query for table users
2019-02-13T15:33:43.234543 Received request from 102.23.55.32 for /example
2019-02-13T15:33:44.726534 Started database query for table users
2019-02-13T15:33:44.038472 Completed database query for table users
2019-02-13T15:33:43.234543 Received request from 102.23.55.32 for /example
2019-02-13T15:33:44.726534 Started database query for table users
2019-02-13T15:33:44.038472 Completed database query for table users
2019-02-13T15:33:43.234543 Received request from 102.23.55.32 for /example
2019-02-13T15:33:44.726534 Started database query for table users
2019-02-13T15:33:44.038472 Completed database query for table users
2019-02-13T15:33:43.234543 Received request from 102.23.55.32 for /example
2019-02-13T15:33:44.726534 Started database query for table users
2019-02-13T15:33:44.038472 Completed database query for table users
2019-02-13T15:33:43.234543 Received request from 102.23.55.32 for /example
2019-02-13T15:33:44.726534 Started database query for table users
2019-02-13T15:33:44.038472 Completed database query for table users
2019-02-13T15:33:43.234543 Received request from 102.23.55.32 for /example
2019-02-13T15:33:44.726534 Started database query for table users
2019-02-13T15:33:44.038472 Completed database query for table users
2019-02-13T15:33:43.234543 Received request from 102.23.55.32 for /example
2019-02-13T15:33:44.726534 Started database query for table users
2019-02-13T15:33:44.038472 Completed database query for table users
2019-02-13T15:33:43.234543 Received request from 102.23.55.32 for /example
2006-02-13T15:33:44.726534 Started database query for table users
2019-02-13T15:33:44.038472 Completed database query for table users
2019-02-13T15:33:43.234543 Received request from 102.23.55.32 for /example
2009-02-13T15:33:44.726534 Started database query for table users
2019-02-13T15:33:44.038472 Completed database query for table users
2019-02-13T15:33:43.234543 Received request from 102.23.55.32 for /example
2018-02-13T15:33:44.726534 Started database query for table users
2019-02-13T15:33:44.038472 Completed database query for table users
2019-02-13T15:33:43.234543 Received request from 102.23.55.32 for /example
2012-02-13T15:33:44.726534 Started database query for table users
2019-02-13T15:33:44.038472 Completed database query for table users
2019-02-13T15:33:43.234543 Received request from 102.23.55.32 for /example
2019-02-13T15:33:44.726534 Started database query for table users
2019-02-13T15:33:44.038472 Completed database query for table users
2015-02-13T15:33:43.234543 Received request from 102.23.55.32 for /example
2019-02-13T15:33:44.726534 Started database query for table users
2019-02-13T15:33:44.038472 Completed database query for table users
2019-02-13T15:33:43.234543 Received request from 102.23.55.32 for /example
2019-02-13T15:33:44.726534 Started database query for table users
2019-02-13T15:33:44.038472 Completed database query for table users
2019-02-13T15:33:43.234543 Received request from 102.23.55.32 for /example
2019-02-13T15:33:44.726534 Started database query for table users
2019-02-13T15:33:44.038472 Completed database query for table users
2019-02-13T15:33:43.234543 Received request from 102.23.55.32 for /example
2019-02-13T15:33:44.726534 Started database query for table users
2019-02-13T15:33:44.038472 Completed database query for table users
2019-02-13T15:33:43.234543 Received request from 102.23.55.32 for /example
2019-02-13T15:33:44.726534 Started database query for table users
2019-02-13T15:33:44.038472 Completed database query for table users
2019-02-13T15:33:43.234543 Received request from 102.23.55.32 for /example
2019-02-13T15:33:44.726534 Started database query for table users
2019-02-13T15:33:44.038472 Completed database query for table users
2019-02-13T15:33:43.234543 Received request from 102.23.55.32 for /example
2019-02-13T15:33:44.726534 Started database query for table users
2019-02-13T15:33:44.038472 Completed database query for table users
2019-02-13T15:33:43.234543 Received request from 102.23.55.32 for /example
2019-02-13T15:33:44.726534 Started database query for table users
2019-02-13T15:33:44.038472 Completed database query for table users
2019-02-13T15:33:43.234543 Received request from 102.23.55.32 for /example
2006-02-13T15:33:44.726534 Started database query for table users
2019-02-13T15:33:44.038472 Completed database query for table users
2019-02-13T15:33:43.234543 Received request from 102.23.55.32 for /example
2009-02-13T15:33:44.726534 Started database query for table users
2019-02-13T15:33:44.038472 Completed database query for table users
2019-02-13T15:33:43.234543 Received request from 102.23.55.32 for /example
2018-02-13T15:33:44.726534 Started database query for table users
2019-02-13T15:33:44.038472 Completed database query for table users
2019-02-13T15:33:43.234543 Received request from 102.23.55.32 for /example
2012-02-13T15:33:44.726534 Started database query for table users
2019-02-13T15:33:44.038472 Completed database query for table users
2019-02-13T15:33:43.234543 Received request from 102.23.55.32 for /example
2019-02-13T15:33:44.726534 Started database query for table users
2019-02-13T15:33:44.038472 Completed database query for table users
2015-02-13T15:33:43.234543 Received request from 102.23.55.32 for /example
2019-02-13T15:33:44.726534 Started database query for table users
2019-02-13T15:33:44.038472 Completed database query for table users
2019-02-13T15:33:43.234543 Received request from 102.23.55.32 for /example
2019-02-13T15:33:44.726534 Started database query for table users
2019-02-13T15:33:44.038472 Completed database query for table users
2019-02-13T15:33:43.234543 Received request from 102.23.55.32 for /example
2019-02-13T15:33:44.726534 Started database query for table users
2019-02-13T15:33:44.038472 Completed database query for table users
2019-02-13T15:33:43.234543 Received request from 102.23.55.32 for /example
2019-02-13T15:33:44.726534 Started database query for table users
2019-02-13T15:33:44.038472 Completed database query for table users
2019-02-13T15:33:43.234543 Received request from 102.23.55.32 for /example
2019-02-13T15:33:44.726534 Started database query for table users
2019-02-13T15:33:44.038472 Completed database query for table users
2019-02-13T15:33:43.234543 Received request from 102.23.55.32 for /example
2019-02-13T15:33:44.726534 Started database query for table users
2019-02-13T15:33:44.038472 Completed database query for table users
2019-02-13T15:33:43.234543 Received request from 102.23.55.32 for /example
2019-02-13T15:33:44.726534 Started database query for table users
2019-02-13T15:33:44.038472 Completed database query for table users
2019-02-13T15:33:43.234543 Received request from 102.23.55.32 for /example
2019-02-13T15:33:44.726534 Started database query for table users
2019-02-13T15:33:44.038472 Completed database query for table users
2019-02-13T15:33:43.234543 Received request from 102.23.55.32 for /example
2006-02-13T15:33:44.726534 Started database query for table users
2019-02-13T15:33:44.038472 Completed database query for table users
2019-02-13T15:33:43.234543 Received request from 102.23.55.32 for /example
2009-02-13T15:33:44.726534 Started database query for table users
2019-02-13T15:33:44.038472 Completed database query for table users
2019-02-13T15:33:43.234543 Received request from 102.23.55.32 for /example
2018-02-13T15:33:44.726534 Started database query for table users
2019-02-13T15:33:44.038472 Completed database query for table users
2019-02-13T15:33:43.234543 Received request from 102.23.55.32 for /example
2012-02-13T15:33:44.726534 Started database query for table users
2019-02-13T15:33:44.038472 Completed database query for table users
2019-02-13T15:33:43.234543 Received request from 102.23.55.32 for /example
2019-02-13T15:33:44.726534 Started database query for table users
2019-02-13T15:33:44.038472 Completed database query for table users
2015-02-13T15:33:43.234543 Received request from 102.23.55.32 for /example
2019-02-13T15:33:44.726534 Started database query for table users
2019-02-13T15:33:44.038472 Completed database query for table users
2019-02-13T15:33:43.234543 Received request from 102.23.55.32 for /example
2019-02-13T15:33:44.726534 Started database query for table users
2019-02-13T15:33:44.038472 Completed database query for table users
2019-02-13T15:33:43.234543 Received request from 102.23.55.32 for /example
2019-02-13T15:33:44.726534 Started database query for table users
2019-02-13T15:33:44.038472 Completed database query for table users
2019-02-13T15:33:43.234543 Received request from 102.23.55.32 for /example
2019-02-13T15:33:44.726534 Started database query for table users
2019-02-13T15:33:44.038472 Completed database query for table users
2019-02-13T15:33:43.234543 Received request from 102.23.55.32 for /example
2019-02-13T15:33:44.726534 Started database query for table users
2019-02-13T15:33:44.038472 Completed database query for table users
2019-02-13T15:33:43.234543 Received request from 102.23.55.32 for /example
2019-02-13T15:33:44.726534 Started database query for table users
2019-02-13T15:33:44.038472 Completed database query for table users
2019-02-13T15:33:43.234543 Received request from 102.23.55.32 for /example
2019-02-13T15:33:44.726534 Started database query for table users
2019-02-13T15:33:44.038472 Completed database query for table users
2019-02-13T15:33:43.234543 Received request from 102.23.55.32 for /example
2019-02-13T15:33:44.726534 Started database query for table users
2019-02-13T15:33:44.038472 Completed database query for table users
2019-02-13T15:33:43.234543 Received request from 102.23.55.32 for /example
2006-02-13T15:33:44.726534 Started database query for table users
2019-02-13T15:33:44.038472 Completed database query for table users
2019-02-13T15:33:43.234543 Received request from 102.23.55.32 for /example
2009-02-13T15:33:44.726534 Started database query for table users
2019-02-13T15:33:44.038472 Completed database query for table users
2019-02-13T15:33:43.234543 Received request from 102.23.55.32 for /example
2018-02-13T15:33:44.726534 Started database query for table users
2019-02-13T15:33:44.038472 Completed database query for table users
2019-02-13T15:33:43.234543 Received request from 102.23.55.32 for /example
2012-02-13T15:33:44.726534 Started database query for table users
2019-02-13T15:33:44.038472 Completed database query for table users
2019-02-13T15:33:43.234543 Received request from 102.23.55.32 for /example
2019-02-13T15:33:44.726534 Started database query for table users
2019-02-13T15:33:44.038472 Completed database query for table users
2015-02-13T15:33:43.234543 Received request from 102.23.55.32 for /example
2019-02-13T15:33:44.726534 Started database query for table users
2019-02-13T15:33:44.038472 Completed database query for table users
2019-02-13T15:33:43.234543 Received request from 102.23.55.32 for /example
2019-02-13T15:33:44.726534 Started database query for table users
2019-02-13T15:33:44.038472 Completed database query for table users
2019-02-13T15:33:43.234543 Received request from 102.23.55.32 for /example
2019-02-13T15:33:44.726534 Started database query for table users
2019-02-13T15:33:44.038472 Completed database query for table users
2019-02-13T15:33:43.234543 Received request from 102.23.55.32 for /example
2019-02-13T15:33:44.726534 Started database query for table users
2019-02-13T15:33:44.038472 Completed database query for table users
2019-02-13T15:33:43.234543 Received request from 102.23.55.32 for /example
2019-02-13T15:33:44.726534 Started database query for table users
2019-02-13T15:33:44.038472 Completed database query for table users
2019-02-13T15:33:43.234543 Received request from 102.23.55.32 for /example
2019-02-13T15:33:44.726534 Started database query for table users
2019-02-13T15:33:44.038472 Completed database query for table users
2019-02-13T15:33:43.234543 Received request from 102.23.55.32 for /example
2019-02-13T15:33:44.726534 Started database query for table users
2019-02-13T15:33:44.038472 Completed database query for table users
2019-02-13T15:33:43.234543 Received request from 102.23.55.32 for /example
2019-02-13T15:33:44.726534 Started database query for table users
2019-02-13T15:33:44.038472 Completed database query for table users
2019-02-13T15:33:43.234543 Received request from 102.23.55.32 for /example
2006-02-13T15:33:44.726534 Started database query for table users
2019-02-13T15:33:44.038472 Completed database query for table users
2019-02-13T15:33:43.234543 Received request from 102.23.55.32 for /example
2009-02-13T15:33:44.726534 Started database query for table users
2019-02-13T15:33:44.038472 Completed database query for table users
2019-02-13T15:33:43.234543 Received request from 102.23.55.32 for /example
2018-02-13T15:33:44.726534 Started database query for table users
2019-02-13T15:33:44.038472 Completed database query for table users
2019-02-13T15:33:43.234543 Received request from 102.23.55.32 for /example
2012-02-13T15:33:44.726534 Started database query for table users
2019-02-13T15:33:44.038472 Completed database query for table users
2019-02-13T15:33:43.234543 Received request from 102.23.55.32 for /example
2019-02-13T15:33:44.726534 Started database query for table users
2019-02-13T15:33:44.038472 Completed database query for table users
2015-02-13T15:33:43.234543 Received request from 102.23.55.32 for /example
2019-02-13T15:33:44.726534 Started database query for table users
2019-02-13T15:33:44.038472 Completed database query for table users
2019-02-13T15:33:43.234543 Received request from 102.23.55.32 for /example
2019-02-13T15:33:44.726534 Started database query for table users
2019-02-13T15:33:44.038472 Completed database query for table users
2019-02-13T15:33:43.234543 Received request from 102.23.55.32 for /example
2019-02-13T15:33:44.726534 Started database query for table users
2019-02-13T15:33:44.038472 Completed database query for table users
2019-02-13T15:33:43.234543 Received request from 102.23.55.32 for /example
2019-02-13T15:33:44.726534 Started database query for table users
2019-02-13T15:33:44.038472 Completed database query for table users
2019-02-13T15:33:43.234543 Received request from 102.23.55.32 for /example
2019-02-13T15:33:44.726534 Started database query for table users
2019-02-13T15:33:44.038472 Completed database query for table users
2019-02-13T15:33:43.234543 Received request from 102.23.55.32 for /example
2019-02-13T15:33:44.726534 Started database query for table users
2019-02-13T15:33:44.038472 Completed database query for table users
2019-02-13T15:33:43.234543 Received request from 102.23.55.32 for /example
2019-02-13T15:33:44.726534 Started database query for table users
2019-02-13T15:33:44.038472 Completed database query for table users
2019-02-13T15:33:43.234543 Received request from 102.23.55.32 for /example
2019-02-13T15:33:44.726534 Started database query for table users
2019-02-13T15:33:44.038472 Completed database query for table users
2019-02-13T15:33:43.234543 Received request from 102.23.55.32 for /example
2006-02-13T15:33:44.726534 Started database query for table users
2019-02-13T15:33:44.038472 Completed database query for table users
2019-02-13T15:33:43.234543 Received request from 102.23.55.32 for /example
2009-02-13T15:33:44.726534 Started database query for table users
2019-02-13T15:33:44.038472 Completed database query for table users
2019-02-13T15:33:43.234543 Received request from 102.23.55.32 for /example
2018-02-13T15:33:44.726534 Started database query for table users
2019-02-13T15:33:44.038472 Completed database query for table users
2019-02-13T15:33:43.234543 Received request from 102.23.55.32 for /example
2012-02-13T15:33:44.726534 Started database query for table users
2019-02-13T15:33:44.038472 Completed database query for table users
2019-02-13T15:33:43.234543 Received request from 102.23.55.32 for /example
2019-02-13T15:33:44.726534 Started database query for table users
2019-02-13T15:33:44.038472 Completed database query for table users
2015-02-13T15:33:43.234543 Received request from 102.23.55.32 for /example
2019-02-13T15:33:44.726534 Started database query for table users
2019-02-13T15:33:44.038472 Completed database query for table users
2019-02-13T15:33:43.234543 Received request from 102.23.55.32 for /example
2019-02-13T15:33:44.726534 Started database query for table users
2019-02-13T15:33:44.038472 Completed database query for table users
2019-02-13T15:33:43.234543 Received request from 102.23.55.32 for /example
2019-02-13T15:33:44.726534 Started database query for table users
2019-02-13T15:33:44.038472 Completed database query for table users
2019-02-13T15:33:43.234543 Received request from 102.23.55.32 for /example
2019-02-13T15:33:44.726534 Started database query for table users
2019-02-13T15:33:44.038472 Completed database query for table users
2019-02-13T15:33:43.234543 Received request from 102.23.55.32 for /example
2019-02-13T15:33:44.726534 Started database query for table users
2019-02-13T15:33:44.038472 Completed database query for table users
2019-02-13T15:33:43.234543 Received request from 102.23.55.32 for /example
2019-02-13T15:33:44.726534 Started database query for table users
2019-02-13T15:33:44.038472 Completed database query for table users
2019-02-13T15:33:43.234543 Received request from 102.23.55.32 for /example
2019-02-13T15:33:44.726534 Started database query for table users
2019-02-13T15:33:44.038472 Completed database query for table users
2019-02-13T15:33:43.234543 Received request from 102.23.55.32 for /example
2019-02-13T15:33:44.726534 Started database query for table users
2019-02-13T15:33:44.038472 Completed database query for table users
2019-02-13T15:33:43.234543 Received request from 102.23.55.32 for /example
2006-02-13T15:33:44.726534 Started database query for table users
2019-02-13T15:33:44.038472 Completed database query for table users
2019-02-13T15:33:43.234543 Received request from 102.23.55.32 for /example
2009-02-13T15:33:44.726534 Started database query for table users
2019-02-13T15:33:44.038472 Completed database query for table users
2019-02-13T15:33:43.234543 Received request from 102.23.55.32 for /example
2018-02-13T15:33:44.726534 Started database query for table users
2019-02-13T15:33:44.038472 Completed database query for table users
2019-02-13T15:33:43.234543 Received request from 102.23.55.32 for /example
2012-02-13T15:33:44.726534 Started database query for table users
2019-02-13T15:33:44.038472 Completed database query for table users
2019-02-13T15:33:43.234543 Received request from 102.23.55.32 for /example
2019-02-13T15:33:44.726534 Started database query for table users
2019-02-13T15:33:44.038472 Completed database query for table users
2015-02-13T15:33:43.234543 Received request from 102.23.55.32 for /example
2019-02-13T15:33:44.726534 Started database query for table users
2019-02-13T15:33:44.038472 Completed database query for table users
2019-02-13T15:33:43.234543 Received request from 102.23.55.32 for /example
2019-02-13T15:33:44.726534 Started database query for table users
2019-02-13T15:33:44.038472 Completed database query for table users
2019-02-13T15:33:43.234543 Received request from 102.23.55.32 for /example
2019-02-13T15:33:44.726534 Started database query for table users
2019-02-13T15:33:44.038472 Completed database query for table users
2019-02-13T15:33:43.234543 Received request from 102.23.55.32 for /example
2019-02-13T15:33:44.726534 Started database query for table users
2019-02-13T15:33:44.038472 Completed database query for table users
2019-02-13T15:33:43.234543 Received request from 102.23.55.32 for /example
2019-02-13T15:33:44.726534 Started database query for table users
2019-02-13T15:33:44.038472 Completed database query for table users
2019-02-13T15:33:43.234543 Received request from 102.23.55.32 for /example
2019-02-13T15:33:44.726534 Started database query for table users
2019-02-13T15:33:44.038472 Completed database query for table users
2019-02-13T15:33:43.234543 Received request from 102.23.55.32 for /example
2019-02-13T15:33:44.726534 Started database query for table users
2019-02-13T15:33:44.038472 Completed database query for table users
2019-02-13T15:33:43.234543 Received request from 102.23.55.32 for /example
2019-02-13T15:33:44.726534 Started database query for table users
2019-02-13T15:33:44.038472 Completed database query for table users
2019-02-13T15:33:43.234543 Received request from 102.23.55.32 for /example
2006-02-13T15:33:44.726534 Started database query for table users
2019-02-13T15:33:44.038472 Completed database query for table users
2019-02-13T15:33:43.234543 Received request from 102.23.55.32 for /example
2009-02-13T15:33:44.726534 Started database query for table users
2019-02-13T15:33:44.038472 Completed database query for table users
2019-02-13T15:33:43.234543 Received request from 102.23.55.32 for /example
2018-02-13T15:33:44.726534 Started database query for table users
2019-02-13T15:33:44.038472 Completed database query for table users
2019-02-13T15:33:43.234543 Received request from 102.23.55.32 for /example
2012-02-13T15:33:44.726534 Started database query for table users
2019-02-13T15:33:44.038472 Completed database query for table users
2019-02-13T15:33:43.234543 Received request from 102.23.55.32 for /example
2019-02-13T15:33:44.726534 Started database query for table users
2019-02-13T15:33:44.038472 Completed database query for table users
2015-02-13T15:33:43.234543 Received request from 102.23.55.32 for /example
2019-02-13T15:33:44.726534 Started database query for table users
2019-02-13T15:33:44.038472 Completed database query for table users
2019-02-13T15:33:43.234543 Received request from 102.23.55.32 for /example
2019-02-13T15:33:44.726534 Started database query for table users
2019-02-13T15:33:44.038472 Completed database query for table users
2019-02-13T15:33:43.234543 Received request from 102.23.55.32 for /example
2019-02-13T15:33:44.726534 Started database query for table users
2019-02-13T15:33:44.038472 Completed database query for table users
2019-02-13T15:33:43.234543 Received request from 102.23.55.32 for /example
2019-02-13T15:33:44.726534 Started database query for table users
2019-02-13T15:33:44.038472 Completed database query for table users
2019-02-13T15:33:43.234543 Received request from 102.23.55.32 for /example
2019-02-13T15:33:44.726534 Started database query for table users
2019-02-13T15:33:44.038472 Completed database query for table users
2019-02-13T15:33:43.234543 Received request from 102.23.55.32 for /example
2019-02-13T15:33:44.726534 Started database query for table users
2019-02-13T15:33:44.038472 Completed database query for table users
2019-02-13T15:33:43.234543 Received request from 102.23.55.32 for /example
2019-02-13T15:33:44.726534 Started database query for table users
2019-02-13T15:33:44.038472 Completed database query for table users
2019-02-13T15:33:43.234543 Received request from 102.23.55.32 for /example
2019-02-13T15:33:44.726534 Started database query for table users
2019-02-13T15:33:44.038472 Completed database query for table users
2019-02-13T15:33:43.234543 Received request from 102.23.55.32 for /example
2006-02-13T15:33:44.726534 Started database query for table users
2019-02-13T15:33:44.038472 Completed database query for table users
2019-02-13T15:33:43.234543 Received request from 102.23.55.32 for /example
2009-02-13T15:33:44.726534 Started database query for table users
2019-02-13T15:33:44.038472 Completed database query for table users
2019-02-13T15:33:43.234543 Received request from 102.23.55.32 for /example
2018-02-13T15:33:44.726534 Started database query for table users
2019-02-13T15:33:44.038472 Completed database query for table users
2019-02-13T15:33:43.234543 Received request from 102.23.55.32 for /example
2012-02-13T15:33:44.726534 Started database query for table users
2019-02-13T15:33:44.038472 Completed database query for table users
2019-02-13T15:33:43.234543 Received request from 102.23.55.32 for /example
2019-02-13T15:33:44.726534 Started database query for table users
2019-02-13T15:33:44.038472 Completed database query for table users
2015-02-13T15:33:43.234543 Received request from 102.23.55.32 for /example
2019-02-13T15:33:44.726534 Started database query for table users
2019-02-13T15:33:44.038472 Completed database query for table users
2019-02-13T15:33:43.234543 Received request from 102.23.55.32 for /example
2019-02-13T15:33:44.726534 Started database query for table users
2019-02-13T15:33:44.038472 Completed database query for table users
2019-02-13T15:33:43.234543 Received request from 102.23.55.32 for /example
2019-02-13T15:33:44.726534 Started database query for table users
2019-02-13T15:33:44.038472 Completed database query for table users
2019-02-13T15:33:43.234543 Received request from 102.23.55.32 for /example
2019-02-13T15:33:44.726534 Started database query for table users
2019-02-13T15:33:44.038472 Completed database query for table users
2019-02-13T15:33:43.234543 Received request from 102.23.55.32 for /example
2019-02-13T15:33:44.726534 Started database query for table users
2019-02-13T15:33:44.038472 Completed database query for table users
2019-02-13T15:33:43.234543 Received request from 102.23.55.32 for /example
2019-02-13T15:33:44.726534 Started database query for table users
2019-02-13T15:33:44.038472 Completed database query for table users
2019-02-13T15:33:43.234543 Received request from 102.23.55.32 for /example
2019-02-13T15:33:44.726534 Started database query for table users
2019-02-13T15:33:44.038472 Completed database query for table users
2019-02-13T15:33:43.234543 Received request from 102.23.55.32 for /example
2019-02-13T15:33:44.726534 Started database query for table users
2019-02-13T15:33:44.038472 Completed database query for table users
2019-02-13T15:33:43.234543 Received request from 102.23.55.32 for /example
2006-02-13T15:33:44.726534 Started database query for table users
2019-02-13T15:33:44.038472 Completed database query for table users
2019-02-13T15:33:43.234543 Received request from 102.23.55.32 for /example
2009-02-13T15:33:44.726534 Started database query for table users
2019-02-13T15:33:44.038472 Completed database query for table users
2019-02-13T15:33:43.234543 Received request from 102.23.55.32 for /example
2018-02-13T15:33:44.726534 Started database query for table users
2019-02-13T15:33:44.038472 Completed database query for table users
2019-02-13T15:33:43.234543 Received request from 102.23.55.32 for /example
2012-02-13T15:33:44.726534 Started database query for table users
2019-02-13T15:33:44.038472 Completed database query for table users
2019-02-13T15:33:43.234543 Received request from 102.23.55.32 for /example
2019-02-13T15:33:44.726534 Started database query for table users
2019-02-13T15:33:44.038472 Completed database query for table users
2015-02-13T15:33:43.234543 Received request from 102.23.55.32 for /example
2019-02-13T15:33:44.726534 Started database query for table users
2019-02-13T15:33:44.038472 Completed database query for table users
2019-02-13T15:33:43.234543 Received request from 102.23.55.32 for /example
2019-02-13T15:33:44.726534 Started database query for table users
2019-02-13T15:33:44.038472 Completed database query for table users
2019-02-13T15:33:43.234543 Received request from 102.23.55.32 for /example
2019-02-13T15:33:44.726534 Started database query for table users
2019-02-13T15:33:44.038472 Completed database query for table users
2019-02-13T15:33:43.234543 Received request from 102.23.55.32 for /example
2019-02-13T15:33:44.726534 Started database query for table users
2019-02-13T15:33:44.038472 Completed database query for table users
2019-02-13T15:33:43.234543 Received request from 102.23.55.32 for /example
2019-02-13T15:33:44.726534 Started database query for table users
2019-02-13T15:33:44.038472 Completed database query for table users
2019-02-13T15:33:43.234543 Received request from 102.23.55.32 for /example
2019-02-13T15:33:44.726534 Started database query for table users
2019-02-13T15:33:44.038472 Completed database query for table users
2019-02-13T15:33:43.234543 Received request from 102.23.55.32 for /example
2019-02-13T15:33:44.726534 Started database query for table users
2019-02-13T15:33:44.038472 Completed database query for table users
2019-02-13T15:33:43.234543 Received request from 102.23.55.32 for /example
2019-02-13T15:33:44.726534 Started database query for table users
2019-02-13T15:33:44.038472 Completed database query for table users
2019-02-13T15:33:43.234543 Received request from 102.23.55.32 for /example
2006-02-13T15:33:44.726534 Started database query for table users
2019-02-13T15:33:44.038472 Completed database query for table users
2019-02-13T15:33:43.234543 Received request from 102.23.55.32 for /example
2009-02-13T15:33:44.726534 Started database query for table users
2019-02-13T15:33:44.038472 Completed database query for table users
2019-02-13T15:33:43.234543 Received request from 102.23.55.32 for /example
2018-02-13T15:33:44.726534 Started database query for table users
2019-02-13T15:33:44.038472 Completed database query for table users
2019-02-13T15:33:43.234543 Received request from 102.23.55.32 for /example
2012-02-13T15:33:44.726534 Started database query for table users
2019-02-13T15:33:44.038472 Completed database query for table users
2019-02-13T15:33:43.234543 Received request from 102.23.55.32 for /example
2019-02-13T15:33:44.726534 Started database query for table users
2019-02-13T15:33:44.038472 Completed database query for table users
2015-02-13T15:33:43.234543 Received request from 102.23.55.32 for /example
2019-02-13T15:33:44.726534 Started database query for table users
2019-02-13T15:33:44.038472 Completed database query for table users
2019-02-13T15:33:43.234543 Received request from 102.23.55.32 for /example
2019-02-13T15:33:44.726534 Started database query for table users
2019-02-13T15:33:44.038472 Completed database query for table users
2019-02-13T15:33:43.234543 Received request from 102.23.55.32 for /example
2019-02-13T15:33:44.726534 Started database query for table users
2019-02-13T15:33:44.038472 Completed database query for table users
2019-02-13T15:33:43.234543 Received request from 102.23.55.32 for /example
2019-02-13T15:33:44.726534 Started database query for table users
2019-02-13T15:33:44.038472 Completed database query for table users
2019-02-13T15:33:43.234543 Received request from 102.23.55.32 for /example
2019-02-13T15:33:44.726534 Started database query for table users
2019-02-13T15:33:44.038472 Completed database query for table users
2019-02-13T15:33:43.234543 Received request from 102.23.55.32 for /example
2019-02-13T15:33:44.726534 Started database query for table users
2019-02-13T15:33:44.038472 Completed database query for table users
2019-02-13T15:33:43.234543 Received request from 102.23.55.32 for /example
2019-02-13T15:33:44.726534 Started database query for table users
2019-02-13T15:33:44.038472 Completed database query for table users
2019-02-13T15:33:43.234543 Received request from 102.23.55.32 for /example
2019-02-13T15:33:44.726534 Started database query for table users
2019-02-13T15:33:44.038472 Completed database query for table users
2019-02-13T15:33:43.234543 Received request from 102.23.55.32 for /example
2006-02-13T15:33:44.726534 Started database query for table users
2019-02-13T15:33:44.038472 Completed database query for table users
2019-02-13T15:33:43.234543 Received request from 102.23.55.32 for /example
2009-02-13T15:33:44.726534 Started database query for table users
2019-02-13T15:33:44.038472 Completed database query for table users
2019-02-13T15:33:43.234543 Received request from 102.23.55.32 for /example
2018-02-13T15:33:44.726534 Started database query for table users
2019-02-13T15:33:44.038472 Completed database query for table users
2019-02-13T15:33:43.234543 Received request from 102.23.55.32 for /example
2012-02-13T15:33:44.726534 Started database query for table users
2019-02-13T15:33:44.038472 Completed database query for table users
2019-02-13T15:33:43.234543 Received request from 102.23.55.32 for /example
2019-02-13T15:33:44.726534 Started database query for table users
2019-02-13T15:33:44.038472 Completed database query for table users
2015-02-13T15:33:43.234543 Received request from 102.23.55.32 for /example
2019-02-13T15:33:44.726534 Started database query for table users
2019-02-13T15:33:44.038472 Completed database query for table users
2019-02-13T15:33:43.234543 Received request from 102.23.55.32 for /example
2019-02-13T15:33:44.726534 Started database query for table users
2019-02-13T15:33:44.038472 Completed database query for table users
2019-02-13T15:33:43.234543 Received request from 102.23.55.32 for /example
2019-02-13T15:33:44.726534 Started database query for table users
2019-02-13T15:33:44.038472 Completed database query for table users
2019-02-13T15:33:43.234543 Received request from 102.23.55.32 for /example
2019-02-13T15:33:44.726534 Started database query for table users
2019-02-13T15:33:44.038472 Completed database query for table users
2019-02-13T15:33:43.234543 Received request from 102.23.55.32 for /example
2019-02-13T15:33:44.726534 Started database query for table users
2019-02-13T15:33:44.038472 Completed database query for table users
2019-02-13T15:33:43.234543 Received request from 102.23.55.32 for /example
2019-02-13T15:33:44.726534 Started database query for table users
2019-02-13T15:33:44.038472 Completed database query for table users
2019-02-13T15:33:43.234543 Received request from 102.23.55.32 for /example
2019-02-13T15:33:44.726534 Started database query for table users
2019-02-13T15:33:44.038472 Completed database query for table users
2019-02-13T15:33:43.234543 Received request from 102.23.55.32 for /example
2019-02-13T15:33:44.726534 Started database query for table users
2019-02-13T15:33:44.038472 Completed database query for table users
2019-02-13T15:33:43.234543 Received request from 102.23.55.32 for /example
2006-02-13T15:33:44.726534 Started database query for table users
2019-02-13T15:33:44.038472 Completed database query for table users
2019-02-13T15:33:43.234543 Received request from 102.23.55.32 for /example
2009-02-13T15:33:44.726534 Started database query for table users
2019-02-13T15:33:44.038472 Completed database query for table users
2019-02-13T15:33:43.234543 Received request from 102.23.55.32 for /example
2018-02-13T15:33:44.726534 Started database query for table users
2019-02-13T15:33:44.038472 Completed database query for table users
2019-02-13T15:33:43.234543 Received request from 102.23.55.32 for /example
2012-02-13T15:33:44.726534 Started database query for table users
2019-02-13T15:33:44.038472 Completed database query for table users
2019-02-13T15:33:43.234543 Received request from 102.23.55.32 for /example
2019-02-13T15:33:44.726534 Started database query for table users
2019-02-13T15:33:44.038472 Completed database query for table users
2015-02-13T15:33:43.234543 Received request from 102.23.55.32 for /example
2019-02-13T15:33:44.726534 Started database query for table users
2019-02-13T15:33:44.038472 Completed database query for table users
2019-02-13T15:33:43.234543 Received request from 102.23.55.32 for /example
2019-02-13T15:33:44.726534 Started database query for table users
2019-02-13T15:33:44.038472 Completed database query for table users
2019-02-13T15:33:43.234543 Received request from 102.23.55.32 for /example
2019-02-13T15:33:44.726534 Started database query for table users
2019-02-13T15:33:44.038472 Completed database query for table users
2019-02-13T15:33:43.234543 Received request from 102.23.55.32 for /example
2019-02-13T15:33:44.726534 Started database query for table users
2019-02-13T15:33:44.038472 Completed database query for table users
2019-02-13T15:33:43.234543 Received request from 102.23.55.32 for /example
2019-02-13T15:33:44.726534 Started database query for table users
2019-02-13T15:33:44.038472 Completed database query for table users
2019-02-13T15:33:43.234543 Received request from 102.23.55.32 for /example
2019-02-13T15:33:44.726534 Started database query for table users
2019-02-13T15:33:44.038472 Completed database query for table users
2019-02-13T15:33:43.234543 Received request from 102.23.55.32 for /example
2019-02-13T15:33:44.726534 Started database query for table users
2019-02-13T15:33:44.038472 Completed database query for table users
2019-02-13T15:33:43.234543 Received request from 102.23.55.32 for /example
2019-02-13T15:33:44.726534 Started database query for table users
2019-02-13T15:33:44.038472 Completed database query for table users
2019-02-13T15:33:43.234543 Received request from 102.23.55.32 for /example
2006-02-13T15:33:44.726534 Started database query for table users
2019-02-13T15:33:44.038472 Completed database query for table users
2019-02-13T15:33:43.234543 Received request from 102.23.55.32 for /example
2009-02-13T15:33:44.726534 Started database query for table users
2019-02-13T15:33:44.038472 Completed database query for table users
2019-02-13T15:33:43.234543 Received request from 102.23.55.32 for /example
2018-02-13T15:33:44.726534 Started database query for table users
2019-02-13T15:33:44.038472 Completed database query for table users
2019-02-13T15:33:43.234543 Received request from 102.23.55.32 for /example
2012-02-13T15:33:44.726534 Started database query for table users
2019-02-13T15:33:44.038472 Completed database query for table users
2019-02-13T15:33:43.234543 Received request from 102.23.55.32 for /example
2019-02-13T15:33:44.726534 Started database query for table users
2019-02-13T15:33:44.038472 Completed database query for table users
2015-02-13T15:33:43.234543 Received request from 102.23.55.32 for /example
2019-02-13T15:33:44.726534 Started database query for table users
2019-02-13T15:33:44.038472 Completed database query for table users
2019-02-13T15:33:43.234543 Received request from 102.23.55.32 for /example
2019-02-13T15:33:44.726534 Started database query for table users
2019-02-13T15:33:44.038472 Completed database query for table users
2019-02-13T15:33:43.234543 Received request from 102.23.55.32 for /example
2019-02-13T15:33:44.726534 Started database query for table users
2019-02-13T15:33:44.038472 Completed database query for table users
2019-02-13T15:33:43.234543 Received request from 102.23.55.32 for /example
2019-02-13T15:33:44.726534 Started database query for table users
2019-02-13T15:33:44.038472 Completed database query for table users
2019-02-13T15:33:43.234543 Received request from 102.23.55.32 for /example
2019-02-13T15:33:44.726534 Started database query for table users
2019-02-13T15:33:44.038472 Completed database query for table users
2019-02-13T15:33:43.234543 Received request from 102.23.55.32 for /example
2019-02-13T15:33:44.726534 Started database query for table users
2019-02-13T15:33:44.038472 Completed database query for table users
2019-02-13T15:33:43.234543 Received request from 102.23.55.32 for /example
2019-02-13T15:33:44.726534 Started database query for table users
2019-02-13T15:33:44.038472 Completed database query for table users
2019-02-13T15:33:43.234543 Received request from 102.23.55.32 for /example
2019-02-13T15:33:44.726534 Started database query for table users
2019-02-13T15:33:44.038472 Completed database query for table users
2019-02-13T15:33:43.234543 Received request from 102.23.55.32 for /example
2006-02-13T15:33:44.726534 Started database query for table users
2019-02-13T15:33:44.038472 Completed database query for table users
2019-02-13T15:33:43.234543 Received request from 102.23.55.32 for /example
2009-02-13T15:33:44.726534 Started database query for table users
2019-02-13T15:33:44.038472 Completed database query for table users
2019-02-13T15:33:43.234543 Received request from 102.23.55.32 for /example
2018-02-13T15:33:44.726534 Started database query for table users
2019-02-13T15:33:44.038472 Completed database query for table users
2019-02-13T15:33:43.234543 Received request from 102.23.55.32 for /example
2012-02-13T15:33:44.726534 Started database query for table users
2019-02-13T15:33:44.038472 Completed database query for table users
2019-02-13T15:33:43.234543 Received request from 102.23.55.32 for /example
2019-02-13T15:33:44.726534 Started database query for table users
2019-02-13T15:33:44.038472 Completed database query for table users
2015-02-13T15:33:43.234543 Received request from 102.23.55.32 for /example
2019-02-13T15:33:44.726534 Started database query for table users
2019-02-13T15:33:44.038472 Completed database query for table users
2019-02-13T15:33:43.234543 Received request from 102.23.55.32 for /example
2019-02-13T15:33:44.726534 Started database query for table users
2019-02-13T15:33:44.038472 Completed database query for table users
2019-02-13T15:33:43.234543 Received request from 102.23.55.32 for /example
2019-02-13T15:33:44.726534 Started database query for table users
2019-02-13T15:33:44.038472 Completed database query for table users
2019-02-13T15:33:43.234543 Received request from 102.23.55.32 for /example
2019-02-13T15:33:44.726534 Started database query for table users
2019-02-13T15:33:44.038472 Completed database query for table users
2019-02-13T15:33:43.234543 Received request from 102.23.55.32 for /example
2019-02-13T15:33:44.726534 Started database query for table users
2019-02-13T15:33:44.038472 Completed database query for table users
2019-02-13T15:33:43.234543 Received request from 102.23.55.32 for /example
2019-02-13T15:33:44.726534 Started database query for table users
2019-02-13T15:33:44.038472 Completed database query for table users
2019-02-13T15:33:43.234543 Received request from 102.23.55.32 for /example
2019-02-13T15:33:44.726534 Started database query for table users
2019-02-13T15:33:44.038472 Completed database query for table users
2019-02-13T15:33:43.234543 Received request from 102.23.55.32 for /example
2019-02-13T15:33:44.726534 Started database query for table users
2019-02-13T15:33:44.038472 Completed database query for table users
2019-02-13T15:33:43.234543 Received request from 102.23.55.32 for /example
2006-02-13T15:33:44.726534 Started database query for table users
2019-02-13T15:33:44.038472 Completed database query for table users
2019-02-13T15:33:43.234543 Received request from 102.23.55.32 for /example
2009-02-13T15:33:44.726534 Started database query for table users
2019-02-13T15:33:44.038472 Completed database query for table users
2019-02-13T15:33:43.234543 Received request from 102.23.55.32 for /example
2018-02-13T15:33:44.726534 Started database query for table users
2019-02-13T15:33:44.038472 Completed database query for table users
2019-02-13T15:33:43.234543 Received request from 102.23.55.32 for /example
2012-02-13T15:33:44.726534 Started database query for table users
2019-02-13T15:33:44.038472 Completed database query for table users
2019-02-13T15:33:43.234543 Received request from 102.23.55.32 for /example
2019-02-13T15:33:44.726534 Started database query for table users
2019-02-13T15:33:44.038472 Completed database query for table users
2015-02-13T15:33:43.234543 Received request from 102.23.55.32 for /example
2019-02-13T15:33:44.726534 Started database query for table users
2019-02-13T15:33:44.038472 Completed database query for table users
2019-02-13T15:33:43.234543 Received request from 102.23.55.32 for /example
2019-02-13T15:33:44.726534 Started database query for table users
2019-02-13T15:33:44.038472 Completed database query for table users
2019-02-13T15:33:43.234543 Received request from 102.23.55.32 for /example
2019-02-13T15:33:44.726534 Started database query for table users
2019-02-13T15:33:44.038472 Completed database query for table users
2019-02-13T15:33:43.234543 Received request from 102.23.55.32 for /example
2019-02-13T15:33:44.726534 Started database query for table users
2019-02-13T15:33:44.038472 Completed database query for table users
2019-02-13T15:33:43.234543 Received request from 102.23.55.32 for /example
2019-02-13T15:33:44.726534 Started database query for table users
2019-02-13T15:33:44.038472 Completed database query for table users
2019-02-13T15:33:43.234543 Received request from 102.23.55.32 for /example
2019-02-13T15:33:44.726534 Started database query for table users
2019-02-13T15:33:44.038472 Completed database query for table users
2019-02-13T15:33:43.234543 Received request from 102.23.55.32 for /example
2019-02-13T15:33:44.726534 Started database query for table users
2019-02-13T15:33:44.038472 Completed database query for table users
2019-02-13T15:33:43.234543 Received request from 102.23.55.32 for /example
2019-02-13T15:33:44.726534 Started database query for table users
2019-02-13T15:33:44.038472 Completed database query for table users
2019-02-13T15:33:43.234543 Received request from 102.23.55.32 for /example
2006-02-13T15:33:44.726534 Started database query for table users
2019-02-13T15:33:44.038472 Completed database query for table users
2019-02-13T15:33:43.234543 Received request from 102.23.55.32 for /example
2009-02-13T15:33:44.726534 Started database query for table users
2019-02-13T15:33:44.038472 Completed database query for table users
2019-02-13T15:33:43.234543 Received request from 102.23.55.32 for /example
2018-02-13T15:33:44.726534 Started database query for table users
2019-02-13T15:33:44.038472 Completed database query for table users
2019-02-13T15:33:43.234543 Received request from 102.23.55.32 for /example
2012-02-13T15:33:44.726534 Started database query for table users
2019-02-13T15:33:44.038472 Completed database query for table users
2019-02-13T15:33:43.234543 Received request from 102.23.55.32 for /example
2019-02-13T15:33:44.726534 Started database query for table users
2019-02-13T15:33:44.038472 Completed database query for table users
2015-02-13T15:33:43.234543 Received request from 102.23.55.32 for /example
2019-02-13T15:33:44.726534 Started database query for table users
2019-02-13T15:33:44.038472 Completed database query for table users
2019-02-13T15:33:43.234543 Received request from 102.23.55.32 for /example
2019-02-13T15:33:44.726534 Started database query for table users
2019-02-13T15:33:44.038472 Completed database query for table users
2019-02-13T15:33:43.234543 Received request from 102.23.55.32 for /example
2019-02-13T15:33:44.726534 Started database query for table users
2019-02-13T15:33:44.038472 Completed database query for table users
2019-02-13T15:33:43.234543 Received request from 102.23.55.32 for /example
2019-02-13T15:33:44.726534 Started database query for table users
2019-02-13T15:33:44.038472 Completed database query for table users
2019-02-13T15:33:43.234543 Received request from 102.23.55.32 for /example
2019-02-13T15:33:44.726534 Started database query for table users
2019-02-13T15:33:44.038472 Completed database query for table users
2019-02-13T15:33:43.234543 Received request from 102.23.55.32 for /example
2019-02-13T15:33:44.726534 Started database query for table users
2019-02-13T15:33:44.038472 Completed database query for table users
2019-02-13T15:33:43.234543 Received request from 102.23.55.32 for /example
2019-02-13T15:33:44.726534 Started database query for table users
2019-02-13T15:33:44.038472 Completed database query for table users
2019-02-13T15:33:43.234543 Received request from 102.23.55.32 for /example
2019-02-13T15:33:44.726534 Started database query for table users
2019-02-13T15:33:44.038472 Completed database query for table users
2019-02-13T15:33:43.234543 Received request from 102.23.55.32 for /example
2006-02-13T15:33:44.726534 Started database query for table users
2019-02-13T15:33:44.038472 Completed database query for table users
2019-02-13T15:33:43.234543 Received request from 102.23.55.32 for /example
2009-02-13T15:33:44.726534 Started database query for table users
2019-02-13T15:33:44.038472 Completed database query for table users
2019-02-13T15:33:43.234543 Received request from 102.23.55.32 for /example
2018-02-13T15:33:44.726534 Started database query for table users
2019-02-13T15:33:44.038472 Completed database query for table users
2019-02-13T15:33:43.234543 Received request from 102.23.55.32 for /example
2012-02-13T15:33:44.726534 Started database query for table users
2019-02-13T15:33:44.038472 Completed database query for table users
2019-02-13T15:33:43.234543 Received request from 102.23.55.32 for /example
2019-02-13T15:33:44.726534 Started database query for table users
2019-02-13T15:33:44.038472 Completed database query for table users
2015-02-13T15:33:43.234543 Received request from 102.23.55.32 for /example
2019-02-13T15:33:44.726534 Started database query for table users
2019-02-13T15:33:44.038472 Completed database query for table users
2019-02-13T15:33:43.234543 Received request from 102.23.55.32 for /example
2019-02-13T15:33:44.726534 Started database query for table users
2019-02-13T15:33:44.038472 Completed database query for table users
2019-02-13T15:33:43.234543 Received request from 102.23.55.32 for /example
2019-02-13T15:33:44.726534 Started database query for table users
2019-02-13T15:33:44.038472 Completed database query for table users
2019-02-13T15:33:43.234543 Received request from 102.23.55.32 for /example
2019-02-13T15:33:44.726534 Started database query for table users
2019-02-13T15:33:44.038472 Completed database query for table users
2019-02-13T15:33:43.234543 Received request from 102.23.55.32 for /example
2019-02-13T15:33:44.726534 Started database query for table users
2019-02-13T15:33:44.038472 Completed database query for table users
2019-02-13T15:33:43.234543 Received request from 102.23.55.32 for /example
2019-02-13T15:33:44.726534 Started database query for table users
2019-02-13T15:33:44.038472 Completed database query for table users
2019-02-13T15:33:43.234543 Received request from 102.23.55.32 for /example
2019-02-13T15:33:44.726534 Started database query for table users
2019-02-13T15:33:44.038472 Completed database query for table users
2019-02-13T15:33:43.234543 Received request from 102.23.55.32 for /example
2019-02-13T15:33:44.726534 Started database query for table users
2019-02-13T15:33:44.038472 Completed database query for table users
2019-02-13T15:33:43.234543 Received request from 102.23.55.32 for /example
2006-02-13T15:33:44.726534 Started database query for table users
2019-02-13T15:33:44.038472 Completed database query for table users
2019-02-13T15:33:43.234543 Received request from 102.23.55.32 for /example
2009-02-13T15:33:44.726534 Started database query for table users
2019-02-13T15:33:44.038472 Completed database query for table users
2019-02-13T15:33:43.234543 Received request from 102.23.55.32 for /example
2018-02-13T15:33:44.726534 Started database query for table users
2019-02-13T15:33:44.038472 Completed database query for table users
2019-02-13T15:33:43.234543 Received request from 102.23.55.32 for /example
2012-02-13T15:33:44.726534 Started database query for table users
2019-02-13T15:33:44.038472 Completed database query for table users
2019-02-13T15:33:43.234543 Received request from 102.23.55.32 for /example
2019-02-13T15:33:44.726534 Started database query for table users
2019-02-13T15:33:44.038472 Completed database query for table users
2015-02-13T15:33:43.234543 Received request from 102.23.55.32 for /example
2019-02-13T15:33:44.726534 Started database query for table users
2019-02-13T15:33:44.038472 Completed database query for table users
2019-02-13T15:33:43.234543 Received request from 102.23.55.32 for /example
2019-02-13T15:33:44.726534 Started database query for table users
2019-02-13T15:33:44.038472 Completed database query for table users
2019-02-13T15:33:43.234543 Received request from 102.23.55.32 for /example
2019-02-13T15:33:44.726534 Started database query for table users
2019-02-13T15:33:44.038472 Completed database query for table users
2019-02-13T15:33:43.234543 Received request from 102.23.55.32 for /example
2019-02-13T15:33:44.726534 Started database query for table users
2019-02-13T15:33:44.038472 Completed database query for table users
2019-02-13T15:33:43.234543 Received request from 102.23.55.32 for /example
2019-02-13T15:33:44.726534 Started database query for table users
2019-02-13T15:33:44.038472 Completed database query for table users
2019-02-13T15:33:43.234543 Received request from 102.23.55.32 for /example
2019-02-13T15:33:44.726534 Started database query for table users
2019-02-13T15:33:44.038472 Completed database query for table users
2019-02-13T15:33:43.234543 Received request from 102.23.55.32 for /example
2019-02-13T15:33:44.726534 Started database query for table users
2019-02-13T15:33:44.038472 Completed database query for table users
2019-02-13T15:33:43.234543 Received request from 102.23.55.32 for /example
2019-02-13T15:33:44.726534 Started database query for table users
2019-02-13T15:33:44.038472 Completed database query for table users
2019-02-13T15:33:43.234543 Received request from 102.23.55.32 for /example
2006-02-13T15:33:44.726534 Started database query for table users
2019-02-13T15:33:44.038472 Completed database query for table users
2019-02-13T15:33:43.234543 Received request from 102.23.55.32 for /example
2009-02-13T15:33:44.726534 Started database query for table users
2019-02-13T15:33:44.038472 Completed database query for table users
2019-02-13T15:33:43.234543 Received request from 102.23.55.32 for /example
2018-02-13T15:33:44.726534 Started database query for table users
2019-02-13T15:33:44.038472 Completed database query for table users
2019-02-13T15:33:43.234543 Received request from 102.23.55.32 for /example
2012-02-13T15:33:44.726534 Started database query for table users
2019-02-13T15:33:44.038472 Completed database query for table users
2019-02-13T15:33:43.234543 Received request from 102.23.55.32 for /example
2019-02-13T15:33:44.726534 Started database query for table users
2019-02-13T15:33:44.038472 Completed database query for table users
2015-02-13T15:33:43.234543 Received request from 102.23.55.32 for /example
2019-02-13T15:33:44.726534 Started database query for table users
2019-02-13T15:33:44.038472 Completed database query for table users
2019-02-13T15:33:43.234543 Received request from 102.23.55.32 for /example
2019-02-13T15:33:44.726534 Started database query for table users
2019-02-13T15:33:44.038472 Completed database query for table users
2019-02-13T15:33:43.234543 Received request from 102.23.55.32 for /example
2019-02-13T15:33:44.726534 Started database query for table users
2019-02-13T15:33:44.038472 Completed database query for table users
2019-02-13T15:33:43.234543 Received request from 102.23.55.32 for /example
2019-02-13T15:33:44.726534 Started database query for table users
2019-02-13T15:33:44.038472 Completed database query for table users
2019-02-13T15:33:43.234543 Received request from 102.23.55.32 for /example
2019-02-13T15:33:44.726534 Started database query for table users
2019-02-13T15:33:44.038472 Completed database query for table users
2019-02-13T15:33:43.234543 Received request from 102.23.55.32 for /example
2019-02-13T15:33:44.726534 Started database query for table users
2019-02-13T15:33:44.038472 Completed database query for table users
2019-02-13T15:33:43.234543 Received request from 102.23.55.32 for /example
2019-02-13T15:33:44.726534 Started database query for table users
2019-02-13T15:33:44.038472 Completed database query for table users
2019-02-13T15:33:43.234543 Received request from 102.23.55.32 for /example
2019-02-13T15:33:44.726534 Started database query for table users
2019-02-13T15:33:44.038472 Completed database query for table users
2019-02-13T15:33:43.234543 Received request from 102.23.55.32 for /example
2006-02-13T15:33:44.726534 Started database query for table users
2019-02-13T15:33:44.038472 Completed database query for table users
2019-02-13T15:33:43.234543 Received request from 102.23.55.32 for /example
2009-02-13T15:33:44.726534 Started database query for table users
2019-02-13T15:33:44.038472 Completed database query for table users
2019-02-13T15:33:43.234543 Received request from 102.23.55.32 for /example
2018-02-13T15:33:44.726534 Started database query for table users
2019-02-13T15:33:44.038472 Completed database query for table users
2019-02-13T15:33:43.234543 Received request from 102.23.55.32 for /example
2012-02-13T15:33:44.726534 Started database query for table users
2019-02-13T15:33:44.038472 Completed database query for table users
2019-02-13T15:33:43.234543 Received request from 102.23.55.32 for /example
2019-02-13T15:33:44.726534 Started database query for table users
2019-02-13T15:33:44.038472 Completed database query for table users
2015-02-13T15:33:43.234543 Received request from 102.23.55.32 for /example
2019-02-13T15:33:44.726534 Started database query for table users
2019-02-13T15:33:44.038472 Completed database query for table users
2019-02-13T15:33:43.234543 Received request from 102.23.55.32 for /example
2019-02-13T15:33:44.726534 Started database query for table users
2019-02-13T15:33:44.038472 Completed database query for table users
2019-02-13T15:33:43.234543 Received request from 102.23.55.32 for /example
2019-02-13T15:33:44.726534 Started database query for table users
2019-02-13T15:33:44.038472 Completed database query for table users
2019-02-13T15:33:43.234543 Received request from 102.23.55.32 for /example
2019-02-13T15:33:44.726534 Started database query for table users
2019-02-13T15:33:44.038472 Completed database query for table users
2019-02-13T15:33:43.234543 Received request from 102.23.55.32 for /example
2019-02-13T15:33:44.726534 Started database query for table users
2019-02-13T15:33:44.038472 Completed database query for table users
2019-02-13T15:33:43.234543 Received request from 102.23.55.32 for /example
2019-02-13T15:33:44.726534 Started database query for table users
2019-02-13T15:33:44.038472 Completed database query for table users
2019-02-13T15:33:43.234543 Received request from 102.23.55.32 for /example
2019-02-13T15:33:44.726534 Started database query for table users
2019-02-13T15:33:44.038472 Completed database query for table users
2019-02-13T15:33:43.234543 Received request from 102.23.55.32 for /example
2019-02-13T15:33:44.726534 Started database query for table users
2019-02-13T15:33:44.038472 Completed database query for table users
2019-02-13T15:33:43.234543 Received request from 102.23.55.32 for /example
2006-02-13T15:33:44.726534 Started database query for table users
2019-02-13T15:33:44.038472 Completed database query for table users
2019-02-13T15:33:43.234543 Received request from 102.23.55.32 for /example
2009-02-13T15:33:44.726534 Started database query for table users
2019-02-13T15:33:44.038472 Completed database query for table users
2019-02-13T15:33:43.234543 Received request from 102.23.55.32 for /example
2018-02-13T15:33:44.726534 Started database query for table users
2019-02-13T15:33:44.038472 Completed database query for table users
2019-02-13T15:33:43.234543 Received request from 102.23.55.32 for /example
2012-02-13T15:33:44.726534 Started database query for table users
2019-02-13T15:33:44.038472 Completed database query for table users
2019-02-13T15:33:43.234543 Received request from 102.23.55.32 for /example
2019-02-13T15:33:44.726534 Started database query for table users
2019-02-13T15:33:44.038472 Completed database query for table users
2015-02-13T15:33:43.234543 Received request from 102.23.55.32 for /example
2019-02-13T15:33:44.726534 Started database query for table users
2019-02-13T15:33:44.038472 Completed database query for table users
2019-02-13T15:33:43.234543 Received request from 102.23.55.32 for /example
2019-02-13T15:33:44.726534 Started database query for table users
2019-02-13T15:33:44.038472 Completed database query for table users
2019-02-13T15:33:43.234543 Received request from 102.23.55.32 for /example
2019-02-13T15:33:44.726534 Started database query for table users
2019-02-13T15:33:44.038472 Completed database query for table users
2019-02-13T15:33:43.234543 Received request from 102.23.55.32 for /example
2019-02-13T15:33:44.726534 Started database query for table users
2019-02-13T15:33:44.038472 Completed database query for table users
2019-02-13T15:33:43.234543 Received request from 102.23.55.32 for /example
2019-02-13T15:33:44.726534 Started database query for table users
2019-02-13T15:33:44.038472 Completed database query for table users
2019-02-13T15:33:43.234543 Received request from 102.23.55.32 for /example
2019-02-13T15:33:44.726534 Started database query for table users
2019-02-13T15:33:44.038472 Completed database query for table users
2019-02-13T15:33:43.234543 Received request from 102.23.55.32 for /example
2019-02-13T15:33:44.726534 Started database query for table users
2019-02-13T15:33:44.038472 Completed database query for table users
2019-02-13T15:33:43.234543 Received request from 102.23.55.32 for /example
2019-02-13T15:33:44.726534 Started database query for table users
2019-02-13T15:33:44.038472 Completed database query for table users
2019-02-13T15:33:43.234543 Received request from 102.23.55.32 for /example
2006-02-13T15:33:44.726534 Started database query for table users
2019-02-13T15:33:44.038472 Completed database query for table users
2019-02-13T15:33:43.234543 Received request from 102.23.55.32 for /example
2009-02-13T15:33:44.726534 Started database query for table users
2019-02-13T15:33:44.038472 Completed database query for table users
2019-02-13T15:33:43.234543 Received request from 102.23.55.32 for /example
2018-02-13T15:33:44.726534 Started database query for table users
2019-02-13T15:33:44.038472 Completed database query for table users
2019-02-13T15:33:43.234543 Received request from 102.23.55.32 for /example
2012-02-13T15:33:44.726534 Started database query for table users
2019-02-13T15:33:44.038472 Completed database query for table users
2019-02-13T15:33:43.234543 Received request from 102.23.55.32 for /example
2019-02-13T15:33:44.726534 Started database query for table users
2019-02-13T15:33:44.038472 Completed database query for table users
2015-02-13T15:33:43.234543 Received request from 102.23.55.32 for /example
2019-02-13T15:33:44.726534 Started database query for table users
2019-02-13T15:33:44.038472 Completed database query for table users
2019-02-13T15:33:43.234543 Received request from 102.23.55.32 for /example
2019-02-13T15:33:44.726534 Started database query for table users
2019-02-13T15:33:44.038472 Completed database query for table users
2019-02-13T15:33:43.234543 Received request from 102.23.55.32 for /example
2019-02-13T15:33:44.726534 Started database query for table users
2019-02-13T15:33:44.038472 Completed database query for table users
2019-02-13T15:33:43.234543 Received request from 102.23.55.32 for /example
2019-02-13T15:33:44.726534 Started database query for table users
2019-02-13T15:33:44.038472 Completed database query for table users
2019-02-13T15:33:43.234543 Received request from 102.23.55.32 for /example
2019-02-13T15:33:44.726534 Started database query for table users
2019-02-13T15:33:44.038472 Completed database query for table users
2019-02-13T15:33:43.234543 Received request from 102.23.55.32 for /example
2019-02-13T15:33:44.726534 Started database query for table users
2019-02-13T15:33:44.038472 Completed database query for table users
2019-02-13T15:33:43.234543 Received request from 102.23.55.32 for /example
2019-02-13T15:33:44.726534 Started database query for table users
2019-02-13T15:33:44.038472 Completed database query for table users
2019-02-13T15:33:43.234543 Received request from 102.23.55.32 for /example
2019-02-13T15:33:44.726534 Started database query for table users
2019-02-13T15:33:44.038472 Completed database query for table users
2019-02-13T15:33:43.234543 Received request from 102.23.55.32 for /example
2006-02-13T15:33:44.726534 Started database query for table users
2019-02-13T15:33:44.038472 Completed database query for table users
2019-02-13T15:33:43.234543 Received request from 102.23.55.32 for /example
2009-02-13T15:33:44.726534 Started database query for table users
2019-02-13T15:33:44.038472 Completed database query for table users
2019-02-13T15:33:43.234543 Received request from 102.23.55.32 for /example
2018-02-13T15:33:44.726534 Started database query for table users
2019-02-13T15:33:44.038472 Completed database query for table users
2019-02-13T15:33:43.234543 Received request from 102.23.55.32 for /example
2012-02-13T15:33:44.726534 Started database query for table users
2019-02-13T15:33:44.038472 Completed database query for table users
2019-02-13T15:33:43.234543 Received request from 102.23.55.32 for /example
2019-02-13T15:33:44.726534 Started database query for table users
2019-02-13T15:33:44.038472 Completed database query for table users
2015-02-13T15:33:43.234543 Received request from 102.23.55.32 for /example
2019-02-13T15:33:44.726534 Started database query for table users
2019-02-13T15:33:44.038472 Completed database query for table users
2019-02-13T15:33:43.234543 Received request from 102.23.55.32 for /example
2019-02-13T15:33:44.726534 Started database query for table users
2019-02-13T15:33:44.038472 Completed database query for table users
2019-02-13T15:33:43.234543 Received request from 102.23.55.32 for /example
2019-02-13T15:33:44.726534 Started database query for table users
2019-02-13T15:33:44.038472 Completed database query for table users
2019-02-13T15:33:43.234543 Received request from 102.23.55.32 for /example
2019-02-13T15:33:44.726534 Started database query for table users
2019-02-13T15:33:44.038472 Completed database query for table users
2019-02-13T15:33:43.234543 Received request from 102.23.55.32 for /example
2019-02-13T15:33:44.726534 Started database query for table users
2019-02-13T15:33:44.038472 Completed database query for table users
2019-02-13T15:33:43.234543 Received request from 102.23.55.32 for /example
2019-02-13T15:33:44.726534 Started database query for table users
2019-02-13T15:33:44.038472 Completed database query for table users
2019-02-13T15:33:43.234543 Received request from 102.23.55.32 for /example
2019-02-13T15:33:44.726534 Started database query for table users
2019-02-13T15:33:44.038472 Completed database query for table users
2019-02-13T15:33:43.234543 Received request from 102.23.55.32 for /example
2019-02-13T15:33:44.726534 Started database query for table users
2019-02-13T15:33:44.038472 Completed database query for table users
2019-02-13T15:33:43.234543 Received request from 102.23.55.32 for /example
2006-02-13T15:33:44.726534 Started database query for table users
2019-02-13T15:33:44.038472 Completed database query for table users
2019-02-13T15:33:43.234543 Received request from 102.23.55.32 for /example
2009-02-13T15:33:44.726534 Started database query for table users
2019-02-13T15:33:44.038472 Completed database query for table users
2019-02-13T15:33:43.234543 Received request from 102.23.55.32 for /example
2018-02-13T15:33:44.726534 Started database query for table users
2019-02-13T15:33:44.038472 Completed database query for table users
2019-02-13T15:33:43.234543 Received request from 102.23.55.32 for /example
2012-02-13T15:33:44.726534 Started database query for table users
2019-02-13T15:33:44.038472 Completed database query for table users
2019-02-13T15:33:43.234543 Received request from 102.23.55.32 for /example
2019-02-13T15:33:44.726534 Started database query for table users
2019-02-13T15:33:44.038472 Completed database query for table users
2015-02-13T15:33:43.234543 Received request from 102.23.55.32 for /example
2019-02-13T15:33:44.726534 Started database query for table users
2019-02-13T15:33:44.038472 Completed database query for table users
2019-02-13T15:33:43.234543 Received request from 102.23.55.32 for /example
2019-02-13T15:33:44.726534 Started database query for table users
2019-02-13T15:33:44.038472 Completed database query for table users
2019-02-13T15:33:43.234543 Received request from 102.23.55.32 for /example
2019-02-13T15:33:44.726534 Started database query for table users
2019-02-13T15:33:44.038472 Completed database query for table users
2019-02-13T15:33:43.234543 Received request from 102.23.55.32 for /example
2019-02-13T15:33:44.726534 Started database query for table users
2019-02-13T15:33:44.038472 Completed database query for table users
2019-02-13T15:33:43.234543 Received request from 102.23.55.32 for /example
2019-02-13T15:33:44.726534 Started database query for table users
2019-02-13T15:33:44.038472 Completed database query for table users
2019-02-13T15:33:43.234543 Received request from 102.23.55.32 for /example
2019-02-13T15:33:44.726534 Started database query for table users
2019-02-13T15:33:44.038472 Completed database query for table users
2019-02-13T15:33:43.234543 Received request from 102.23.55.32 for /example
2019-02-13T15:33:44.726534 Started database query for table users
2019-02-13T15:33:44.038472 Completed database query for table users
2019-02-13T15:33:43.234543 Received request from 102.23.55.32 for /example
2019-02-13T15:33:44.726534 Started database query for table users
2019-02-13T15:33:44.038472 Completed database query for table users
2019-02-13T15:33:43.234543 Received request from 102.23.55.32 for /example
2006-02-13T15:33:44.726534 Started database query for table users
2019-02-13T15:33:44.038472 Completed database query for table users
2019-02-13T15:33:43.234543 Received request from 102.23.55.32 for /example
2009-02-13T15:33:44.726534 Started database query for table users
2019-02-13T15:33:44.038472 Completed database query for table users
2019-02-13T15:33:43.234543 Received request from 102.23.55.32 for /example
2018-02-13T15:33:44.726534 Started database query for table users
2019-02-13T15:33:44.038472 Completed database query for table users
2019-02-13T15:33:43.234543 Received request from 102.23.55.32 for /example
2012-02-13T15:33:44.726534 Started database query for table users
2019-02-13T15:33:44.038472 Completed database query for table users
2019-02-13T15:33:43.234543 Received request from 102.23.55.32 for /example
2019-02-13T15:33:44.726534 Started database query for table users
2019-02-13T15:33:44.038472 Completed database query for table users
2015-02-13T15:33:43.234543 Received request from 102.23.55.32 for /example
2019-02-13T15:33:44.726534 Started database query for table users
2019-02-13T15:33:44.038472 Completed database query for table users
2019-02-13T15:33:43.234543 Received request from 102.23.55.32 for /example
2019-02-13T15:33:44.726534 Started database query for table users
2019-02-13T15:33:44.038472 Completed database query for table users
2019-02-13T15:33:43.234543 Received request from 102.23.55.32 for /example
2019-02-13T15:33:44.726534 Started database query for table users
2019-02-13T15:33:44.038472 Completed database query for table users
2019-02-13T15:33:43.234543 Received request from 102.23.55.32 for /example
2019-02-13T15:33:44.726534 Started database query for table users
2019-02-13T15:33:44.038472 Completed database query for table users
2019-02-13T15:33:43.234543 Received request from 102.23.55.32 for /example
2019-02-13T15:33:44.726534 Started database query for table users
2019-02-13T15:33:44.038472 Completed database query for table users
2019-02-13T15:33:43.234543 Received request from 102.23.55.32 for /example
2019-02-13T15:33:44.726534 Started database query for table users
2019-02-13T15:33:44.038472 Completed database query for table users
2019-02-13T15:33:43.234543 Received request from 102.23.55.32 for /example
2019-02-13T15:33:44.726534 Started database query for table users
2019-02-13T15:33:44.038472 Completed database query for table users
2019-02-13T15:33:43.234543 Received request from 102.23.55.32 for /example
2019-02-13T15:33:44.726534 Started database query for table users
2019-02-13T15:33:44.038472 Completed database query for table users
2019-02-13T15:33:43.234543 Received request from 102.23.55.32 for /example
2006-02-13T15:33:44.726534 Started database query for table users
2019-02-13T15:33:44.038472 Completed database query for table users
2019-02-13T15:33:43.234543 Received request from 102.23.55.32 for /example
2009-02-13T15:33:44.726534 Started database query for table users
2019-02-13T15:33:44.038472 Completed database query for table users
2019-02-13T15:33:43.234543 Received request from 102.23.55.32 for /example
2018-02-13T15:33:44.726534 Started database query for table users
2019-02-13T15:33:44.038472 Completed database query for table users
2019-02-13T15:33:43.234543 Received request from 102.23.55.32 for /example
2012-02-13T15:33:44.726534 Started database query for table users
2019-02-13T15:33:44.038472 Completed database query for table users
2019-02-13T15:33:43.234543 Received request from 102.23.55.32 for /example
2019-02-13T15:33:44.726534 Started database query for table users
2019-02-13T15:33:44.038472 Completed database query for table users
2015-02-13T15:33:43.234543 Received request from 102.23.55.32 for /example
2019-02-13T15:33:44.726534 Started database query for table users
2019-02-13T15:33:44.038472 Completed database query for table users
2019-02-13T15:33:43.234543 Received request from 102.23.55.32 for /example
2019-02-13T15:33:44.726534 Started database query for table users
2019-02-13T15:33:44.038472 Completed database query for table users
2019-02-13T15:33:43.234543 Received request from 102.23.55.32 for /example
2019-02-13T15:33:44.726534 Started database query for table users
2019-02-13T15:33:44.038472 Completed database query for table users
2019-02-13T15:33:43.234543 Received request from 102.23.55.32 for /example
2019-02-13T15:33:44.726534 Started database query for table users
2019-02-13T15:33:44.038472 Completed database query for table users
2019-02-13T15:33:43.234543 Received request from 102.23.55.32 for /example
2019-02-13T15:33:44.726534 Started database query for table users
2019-02-13T15:33:44.038472 Completed database query for table users
2019-02-13T15:33:43.234543 Received request from 102.23.55.32 for /example
2019-02-13T15:33:44.726534 Started database query for table users
2019-02-13T15:33:44.038472 Completed database query for table users
2019-02-13T15:33:43.234543 Received request from 102.23.55.32 for /example
2019-02-13T15:33:44.726534 Started database query for table users
2019-02-13T15:33:44.038472 Completed database query for table users
2019-02-13T15:33:43.234543 Received request from 102.23.55.32 for /example
2019-02-13T15:33:44.726534 Started database query for table users
2019-02-13T15:33:44.038472 Completed database query for table users
2019-02-13T15:33:43.234543 Received request from 102.23.55.32 for /example
2006-02-13T15:33:44.726534 Started database query for table users
2019-02-13T15:33:44.038472 Completed database query for table users
2019-02-13T15:33:43.234543 Received request from 102.23.55.32 for /example
2009-02-13T15:33:44.726534 Started database query for table users
2019-02-13T15:33:44.038472 Completed database query for table users
2019-02-13T15:33:43.234543 Received request from 102.23.55.32 for /example
2018-02-13T15:33:44.726534 Started database query for table users
2019-02-13T15:33:44.038472 Completed database query for table users
2019-02-13T15:33:43.234543 Received request from 102.23.55.32 for /example
2012-02-13T15:33:44.726534 Started database query for table users
2019-02-13T15:33:44.038472 Completed database query for table users
2019-02-13T15:33:43.234543 Received request from 102.23.55.32 for /example
2019-02-13T15:33:44.726534 Started database query for table users
2019-02-13T15:33:44.038472 Completed database query for table users
2015-02-13T15:33:43.234543 Received request from 102.23.55.32 for /example
2019-02-13T15:33:44.726534 Started database query for table users
2019-02-13T15:33:44.038472 Completed database query for table users
2019-02-13T15:33:43.234543 Received request from 102.23.55.32 for /example
2019-02-13T15:33:44.726534 Started database query for table users
2019-02-13T15:33:44.038472 Completed database query for table users
2019-02-13T15:33:43.234543 Received request from 102.23.55.32 for /example
2019-02-13T15:33:44.726534 Started database query for table users
2019-02-13T15:33:44.038472 Completed database query for table users
2019-02-13T15:33:43.234543 Received request from 102.23.55.32 for /example
2019-02-13T15:33:44.726534 Started database query for table users
2019-02-13T15:33:44.038472 Completed database query for table users
2019-02-13T15:33:43.234543 Received request from 102.23.55.32 for /example
2019-02-13T15:33:44.726534 Started database query for table users
2019-02-13T15:33:44.038472 Completed database query for table users
2019-02-13T15:33:43.234543 Received request from 102.23.55.32 for /example
2019-02-13T15:33:44.726534 Started database query for table users
2019-02-13T15:33:44.038472 Completed database query for table users
2019-02-13T15:33:43.234543 Received request from 102.23.55.32 for /example
2019-02-13T15:33:44.726534 Started database query for table users
2019-02-13T15:33:44.038472 Completed database query for table users
2019-02-13T15:33:43.234543 Received request from 102.23.55.32 for /example
2019-02-13T15:33:44.726534 Started database query for table users
2019-02-13T15:33:44.038472 Completed database query for table users
2019-02-13T15:33:43.234543 Received request from 102.23.55.32 for /example
2006-02-13T15:33:44.726534 Started database query for table users
2019-02-13T15:33:44.038472 Completed database query for table users
2019-02-13T15:33:43.234543 Received request from 102.23.55.32 for /example
2009-02-13T15:33:44.726534 Started database query for table users
2019-02-13T15:33:44.038472 Completed database query for table users
2019-02-13T15:33:43.234543 Received request from 102.23.55.32 for /example
2018-02-13T15:33:44.726534 Started database query for table users
2019-02-13T15:33:44.038472 Completed database query for table users
2019-02-13T15:33:43.234543 Received request from 102.23.55.32 for /example
2012-02-13T15:33:44.726534 Started database query for table users
2019-02-13T15:33:44.038472 Completed database query for table users
2019-02-13T15:33:43.234543 Received request from 102.23.55.32 for /example
2019-02-13T15:33:44.726534 Started database query for table users
2019-02-13T15:33:44.038472 Completed database query for table users
2015-02-13T15:33:43.234543 Received request from 102.23.55.32 for /example
2019-02-13T15:33:44.726534 Started database query for table users
2019-02-13T15:33:44.038472 Completed database query for table users
2019-02-13T15:33:43.234543 Received request from 102.23.55.32 for /example
2019-02-13T15:33:44.726534 Started database query for table users
2019-02-13T15:33:44.038472 Completed database query for table users
2019-02-13T15:33:43.234543 Received request from 102.23.55.32 for /example
2019-02-13T15:33:44.726534 Started database query for table users
2019-02-13T15:33:44.038472 Completed database query for table users
2019-02-13T15:33:43.234543 Received request from 102.23.55.32 for /example
2019-02-13T15:33:44.726534 Started database query for table users
2019-02-13T15:33:44.038472 Completed database query for table users
2019-02-13T15:33:43.234543 Received request from 102.23.55.32 for /example
2019-02-13T15:33:44.726534 Started database query for table users
2019-02-13T15:33:44.038472 Completed database query for table users
2019-02-13T15:33:43.234543 Received request from 102.23.55.32 for /example
2019-02-13T15:33:44.726534 Started database query for table users
2019-02-13T15:33:44.038472 Completed database query for table users
2019-02-13T15:33:43.234543 Received request from 102.23.55.32 for /example
2019-02-13T15:33:44.726534 Started database query for table users
2019-02-13T15:33:44.038472 Completed database query for table users
2019-02-13T15:33:43.234543 Received request from 102.23.55.32 for /example
2019-02-13T15:33:44.726534 Started database query for table users
2019-02-13T15:33:44.038472 Completed database query for table users
2019-02-13T15:33:43.234543 Received request from 102.23.55.32 for /example
2006-02-13T15:33:44.726534 Started database query for table users
2019-02-13T15:33:44.038472 Completed database query for table users
2019-02-13T15:33:43.234543 Received request from 102.23.55.32 for /example
2009-02-13T15:33:44.726534 Started database query for table users
2019-02-13T15:33:44.038472 Completed database query for table users
2019-02-13T15:33:43.234543 Received request from 102.23.55.32 for /example
2018-02-13T15:33:44.726534 Started database query for table users
2019-02-13T15:33:44.038472 Completed database query for table users
2019-02-13T15:33:43.234543 Received request from 102.23.55.32 for /example
2012-02-13T15:33:44.726534 Started database query for table users
2019-02-13T15:33:44.038472 Completed database query for table users
2019-02-13T15:33:43.234543 Received request from 102.23.55.32 for /example
2019-02-13T15:33:44.726534 Started database query for table users
2019-02-13T15:33:44.038472 Completed database query for table users
2015-02-13T15:33:43.234543 Received request from 102.23.55.32 for /example
2019-02-13T15:33:44.726534 Started database query for table users
2019-02-13T15:33:44.038472 Completed database query for table users
2019-02-13T15:33:43.234543 Received request from 102.23.55.32 for /example
2019-02-13T15:33:44.726534 Started database query for table users
2019-02-13T15:33:44.038472 Completed database query for table users
2019-02-13T15:33:43.234543 Received request from 102.23.55.32 for /example
2019-02-13T15:33:44.726534 Started database query for table users
2019-02-13T15:33:44.038472 Completed database query for table users
2019-02-13T15:33:43.234543 Received request from 102.23.55.32 for /example
2019-02-13T15:33:44.726534 Started database query for table users
2019-02-13T15:33:44.038472 Completed database query for table users
2019-02-13T15:33:43.234543 Received request from 102.23.55.32 for /example
2019-02-13T15:33:44.726534 Started database query for table users
2019-02-13T15:33:44.038472 Completed database query for table users
2019-02-13T15:33:43.234543 Received request from 102.23.55.32 for /example
2019-02-13T15:33:44.726534 Started database query for table users
2019-02-13T15:33:44.038472 Completed database query for table users
2019-02-13T15:33:43.234543 Received request from 102.23.55.32 for /example
2019-02-13T15:33:44.726534 Started database query for table users
2019-02-13T15:33:44.038472 Completed database query for table users
2019-02-13T15:33:43.234543 Received request from 102.23.55.32 for /example
2019-02-13T15:33:44.726534 Started database query for table users
2019-02-13T15:33:44.038472 Completed database query for table users
2019-02-13T15:33:43.234543 Received request from 102.23.55.32 for /example
2006-02-13T15:33:44.726534 Started database query for table users
2019-02-13T15:33:44.038472 Completed database query for table users
2019-02-13T15:33:43.234543 Received request from 102.23.55.32 for /example
2009-02-13T15:33:44.726534 Started database query for table users
2019-02-13T15:33:44.038472 Completed database query for table users
2019-02-13T15:33:43.234543 Received request from 102.23.55.32 for /example
2018-02-13T15:33:44.726534 Started database query for table users
2019-02-13T15:33:44.038472 Completed database query for table users
2019-02-13T15:33:43.234543 Received request from 102.23.55.32 for /example
2012-02-13T15:33:44.726534 Started database query for table users
2019-02-13T15:33:44.038472 Completed database query for table users
2019-02-13T15:33:43.234543 Received request from 102.23.55.32 for /example
2019-02-13T15:33:44.726534 Started database query for table users
2019-02-13T15:33:44.038472 Completed database query for table users
2015-02-13T15:33:43.234543 Received request from 102.23.55.32 for /example
2019-02-13T15:33:44.726534 Started database query for table users
2019-02-13T15:33:44.038472 Completed database query for table users
2019-02-13T15:33:43.234543 Received request from 102.23.55.32 for /example
2019-02-13T15:33:44.726534 Started database query for table users
2019-02-13T15:33:44.038472 Completed database query for table users
2019-02-13T15:33:43.234543 Received request from 102.23.55.32 for /example
2019-02-13T15:33:44.726534 Started database query for table users
2019-02-13T15:33:44.038472 Completed database query for table users
2019-02-13T15:33:43.234543 Received request from 102.23.55.32 for /example
2019-02-13T15:33:44.726534 Started database query for table users
2019-02-13T15:33:44.038472 Completed database query for table users
2019-02-13T15:33:43.234543 Received request from 102.23.55.32 for /example
2019-02-13T15:33:44.726534 Started database query for table users
2019-02-13T15:33:44.038472 Completed database query for table users
2019-02-13T15:33:43.234543 Received request from 102.23.55.32 for /example
2019-02-13T15:33:44.726534 Started database query for table users
2019-02-13T15:33:44.038472 Completed database query for table users
2019-02-13T15:33:43.234543 Received request from 102.23.55.32 for /example
2019-02-13T15:33:44.726534 Started database query for table users
2019-02-13T15:33:44.038472 Completed database query for table users
2019-02-13T15:33:43.234543 Received request from 102.23.55.32 for /example
2019-02-13T15:33:44.726534 Started database query for table users
2019-02-13T15:33:44.038472 Completed database query for table users
2019-02-13T15:33:43.234543 Received request from 102.23.55.32 for /example
2006-02-13T15:33:44.726534 Started database query for table users
2019-02-13T15:33:44.038472 Completed database query for table users
2019-02-13T15:33:43.234543 Received request from 102.23.55.32 for /example
2009-02-13T15:33:44.726534 Started database query for table users
2019-02-13T15:33:44.038472 Completed database query for table users
2019-02-13T15:33:43.234543 Received request from 102.23.55.32 for /example
2018-02-13T15:33:44.726534 Started database query for table users
2019-02-13T15:33:44.038472 Completed database query for table users
2019-02-13T15:33:43.234543 Received request from 102.23.55.32 for /example
2012-02-13T15:33:44.726534 Started database query for table users
2019-02-13T15:33:44.038472 Completed database query for table users
2019-02-13T15:33:43.234543 Received request from 102.23.55.32 for /example
2019-02-13T15:33:44.726534 Started database query for table users
2019-02-13T15:33:44.038472 Completed database query for table users
2015-02-13T15:33:43.234543 Received request from 102.23.55.32 for /example
2019-02-13T15:33:44.726534 Started database query for table users
2019-02-13T15:33:44.038472 Completed database query for table users
2019-02-13T15:33:43.234543 Received request from 102.23.55.32 for /example
2019-02-13T15:33:44.726534 Started database query for table users
2019-02-13T15:33:44.038472 Completed database query for table users
2019-02-13T15:33:43.234543 Received request from 102.23.55.32 for /example
2019-02-13T15:33:44.726534 Started database query for table users
2019-02-13T15:33:44.038472 Completed database query for table users
2019-02-13T15:33:43.234543 Received request from 102.23.55.32 for /example
2019-02-13T15:33:44.726534 Started database query for table users
2019-02-13T15:33:44.038472 Completed database query for table users
2019-02-13T15:33:43.234543 Received request from 102.23.55.32 for /example
2019-02-13T15:33:44.726534 Started database query for table users
2019-02-13T15:33:44.038472 Completed database query for table users
2019-02-13T15:33:43.234543 Received request from 102.23.55.32 for /example
2019-02-13T15:33:44.726534 Started database query for table users
2019-02-13T15:33:44.038472 Completed database query for table users
2019-02-13T15:33:43.234543 Received request from 102.23.55.32 for /example
2019-02-13T15:33:44.726534 Started database query for table users
2019-02-13T15:33:44.038472 Completed database query for table users
2019-02-13T15:33:43.234543 Received request from 102.23.55.32 for /example
2019-02-13T15:33:44.726534 Started database query for table users
2019-02-13T15:33:44.038472 Completed database query for table users
2019-02-13T15:33:43.234543 Received request from 102.23.55.32 for /example
2006-02-13T15:33:44.726534 Started database query for table users
2019-02-13T15:33:44.038472 Completed database query for table users
2019-02-13T15:33:43.234543 Received request from 102.23.55.32 for /example
2009-02-13T15:33:44.726534 Started database query for table users
2019-02-13T15:33:44.038472 Completed database query for table users
2019-02-13T15:33:43.234543 Received request from 102.23.55.32 for /example
2018-02-13T15:33:44.726534 Started database query for table users
2019-02-13T15:33:44.038472 Completed database query for table users
2019-02-13T15:33:43.234543 Received request from 102.23.55.32 for /example
2012-02-13T15:33:44.726534 Started database query for table users
2019-02-13T15:33:44.038472 Completed database query for table users
2019-02-13T15:33:43.234543 Received request from 102.23.55.32 for /example
2019-02-13T15:33:44.726534 Started database query for table users
2019-02-13T15:33:44.038472 Completed database query for table users
2015-02-13T15:33:43.234543 Received request from 102.23.55.32 for /example
2019-02-13T15:33:44.726534 Started database query for table users
2019-02-13T15:33:44.038472 Completed database query for table users
2019-02-13T15:33:43.234543 Received request from 102.23.55.32 for /example
2019-02-13T15:33:44.726534 Started database query for table users
2019-02-13T15:33:44.038472 Completed database query for table users
2019-02-13T15:33:43.234543 Received request from 102.23.55.32 for /example
2019-02-13T15:33:44.726534 Started database query for table users
2019-02-13T15:33:44.038472 Completed database query for table users
2019-02-13T15:33:43.234543 Received request from 102.23.55.32 for /example
2019-02-13T15:33:44.726534 Started database query for table users
2019-02-13T15:33:44.038472 Completed database query for table users
2019-02-13T15:33:43.234543 Received request from 102.23.55.32 for /example
2019-02-13T15:33:44.726534 Started database query for table users
2019-02-13T15:33:44.038472 Completed database query for table users
2019-02-13T15:33:43.234543 Received request from 102.23.55.32 for /example
2019-02-13T15:33:44.726534 Started database query for table users
2019-02-13T15:33:44.038472 Completed database query for table users
2019-02-13T15:33:43.234543 Received request from 102.23.55.32 for /example
2019-02-13T15:33:44.726534 Started database query for table users
2019-02-13T15:33:44.038472 Completed database query for table users
2019-02-13T15:33:43.234543 Received request from 102.23.55.32 for /example
2019-02-13T15:33:44.726534 Started database query for table users
2019-02-13T15:33:44.038472 Completed database query for table users
2019-02-13T15:33:43.234543 Received request from 102.23.55.32 for /example
2006-02-13T15:33:44.726534 Started database query for table users
2019-02-13T15:33:44.038472 Completed database query for table users
2019-02-13T15:33:43.234543 Received request from 102.23.55.32 for /example
2009-02-13T15:33:44.726534 Started database query for table users
2019-02-13T15:33:44.038472 Completed database query for table users
2019-02-13T15:33:43.234543 Received request from 102.23.55.32 for /example
2018-02-13T15:33:44.726534 Started database query for table users
2019-02-13T15:33:44.038472 Completed database query for table users
2019-02-13T15:33:43.234543 Received request from 102.23.55.32 for /example
2012-02-13T15:33:44.726534 Started database query for table users
2019-02-13T15:33:44.038472 Completed database query for table users
2019-02-13T15:33:43.234543 Received request from 102.23.55.32 for /example
2019-02-13T15:33:44.726534 Started database query for table users
2019-02-13T15:33:44.038472 Completed database query for table users
2015-02-13T15:33:43.234543 Received request from 102.23.55.32 for /example
2019-02-13T15:33:44.726534 Started database query for table users
2019-02-13T15:33:44.038472 Completed database query for table users
2019-02-13T15:33:43.234543 Received request from 102.23.55.32 for /example
2019-02-13T15:33:44.726534 Started database query for table users
2019-02-13T15:33:44.038472 Completed database query for table users
2019-02-13T15:33:43.234543 Received request from 102.23.55.32 for /example
2019-02-13T15:33:44.726534 Started database query for table users
2019-02-13T15:33:44.038472 Completed database query for table users
2019-02-13T15:33:43.234543 Received request from 102.23.55.32 for /example
2019-02-13T15:33:44.726534 Started database query for table users
2019-02-13T15:33:44.038472 Completed database query for table users
2019-02-13T15:33:43.234543 Received request from 102.23.55.32 for /example
2019-02-13T15:33:44.726534 Started database query for table users
2019-02-13T15:33:44.038472 Completed database query for table users
2019-02-13T15:33:43.234543 Received request from 102.23.55.32 for /example
2019-02-13T15:33:44.726534 Started database query for table users
2019-02-13T15:33:44.038472 Completed database query for table users
2019-02-13T15:33:43.234543 Received request from 102.23.55.32 for /example
2019-02-13T15:33:44.726534 Started database query for table users
2019-02-13T15:33:44.038472 Completed database query for table users
2019-02-13T15:33:43.234543 Received request from 102.23.55.32 for /example
2019-02-13T15:33:44.726534 Started database query for table users
2019-02-13T15:33:44.038472 Completed database query for table users
2019-02-13T15:33:43.234543 Received request from 102.23.55.32 for /example
2006-02-13T15:33:44.726534 Started database query for table users
2019-02-13T15:33:44.038472 Completed database query for table users
2019-02-13T15:33:43.234543 Received request from 102.23.55.32 for /example
2009-02-13T15:33:44.726534 Started database query for table users
2019-02-13T15:33:44.038472 Completed database query for table users
2019-02-13T15:33:43.234543 Received request from 102.23.55.32 for /example
2018-02-13T15:33:44.726534 Started database query for table users
2019-02-13T15:33:44.038472 Completed database query for table users
2019-02-13T15:33:43.234543 Received request from 102.23.55.32 for /example
2012-02-13T15:33:44.726534 Started database query for table users
2019-02-13T15:33:44.038472 Completed database query for table users
2019-02-13T15:33:43.234543 Received request from 102.23.55.32 for /example
2019-02-13T15:33:44.726534 Started database query for table users
2019-02-13T15:33:44.038472 Completed database query for table users
2015-02-13T15:33:43.234543 Received request from 102.23.55.32 for /example
2019-02-13T15:33:44.726534 Started database query for table users
2019-02-13T15:33:44.038472 Completed database query for table users
2019-02-13T15:33:43.234543 Received request from 102.23.55.32 for /example
2019-02-13T15:33:44.726534 Started database query for table users
2019-02-13T15:33:44.038472 Completed database query for table users
2019-02-13T15:33:43.234543 Received request from 102.23.55.32 for /example
2019-02-13T15:33:44.726534 Started database query for table users
2019-02-13T15:33:44.038472 Completed database query for table users
2019-02-13T15:33:43.234543 Received request from 102.23.55.32 for /example
2019-02-13T15:33:44.726534 Started database query for table users
2019-02-13T15:33:44.038472 Completed database query for table users
2019-02-13T15:33:43.234543 Received request from 102.23.55.32 for /example
2019-02-13T15:33:44.726534 Started database query for table users
2019-02-13T15:33:44.038472 Completed database query for table users
2019-02-13T15:33:43.234543 Received request from 102.23.55.32 for /example
2019-02-13T15:33:44.726534 Started database query for table users
2019-02-13T15:33:44.038472 Completed database query for table users
2019-02-13T15:33:43.234543 Received request from 102.23.55.32 for /example
2019-02-13T15:33:44.726534 Started database query for table users
2019-02-13T15:33:44.038472 Completed database query for table users
2019-02-13T15:33:43.234543 Received request from 102.23.55.32 for /example
2019-02-13T15:33:44.726534 Started database query for table users
2019-02-13T15:33:44.038472 Completed database query for table users
2019-02-13T15:33:43.234543 Received request from 102.23.55.32 for /example
2006-02-13T15:33:44.726534 Started database query for table users
2019-02-13T15:33:44.038472 Completed database query for table users
2019-02-13T15:33:43.234543 Received request from 102.23.55.32 for /example
2009-02-13T15:33:44.726534 Started database query for table users
2019-02-13T15:33:44.038472 Completed database query for table users
2019-02-13T15:33:43.234543 Received request from 102.23.55.32 for /example
2018-02-13T15:33:44.726534 Started database query for table users
2019-02-13T15:33:44.038472 Completed database query for table users
2019-02-13T15:33:43.234543 Received request from 102.23.55.32 for /example
2012-02-13T15:33:44.726534 Started database query for table users
2019-02-13T15:33:44.038472 Completed database query for table users
2019-02-13T15:33:43.234543 Received request from 102.23.55.32 for /example
2019-02-13T15:33:44.726534 Started database query for table users
2019-02-13T15:33:44.038472 Completed database query for table users
2015-02-13T15:33:43.234543 Received request from 102.23.55.32 for /example
2019-02-13T15:33:44.726534 Started database query for table users
2019-02-13T15:33:44.038472 Completed database query for table users
2019-02-13T15:33:43.234543 Received request from 102.23.55.32 for /example
2019-02-13T15:33:44.726534 Started database query for table users
2019-02-13T15:33:44.038472 Completed database query for table users
2019-02-13T15:33:43.234543 Received request from 102.23.55.32 for /example
2019-02-13T15:33:44.726534 Started database query for table users
2019-02-13T15:33:44.038472 Completed database query for table users
2019-02-13T15:33:43.234543 Received request from 102.23.55.32 for /example
2019-02-13T15:33:44.726534 Started database query for table users
2019-02-13T15:33:44.038472 Completed database query for table users
2019-02-13T15:33:43.234543 Received request from 102.23.55.32 for /example
2019-02-13T15:33:44.726534 Started database query for table users
2019-02-13T15:33:44.038472 Completed database query for table users
2019-02-13T15:33:43.234543 Received request from 102.23.55.32 for /example
2019-02-13T15:33:44.726534 Started database query for table users
2019-02-13T15:33:44.038472 Completed database query for table users
2019-02-13T15:33:43.234543 Received request from 102.23.55.32 for /example
2019-02-13T15:33:44.726534 Started database query for table users
2019-02-13T15:33:44.038472 Completed database query for table users
2019-02-13T15:33:43.234543 Received request from 102.23.55.32 for /example
2019-02-13T15:33:44.726534 Started database query for table users
2019-02-13T15:33:44.038472 Completed database query for table users
2019-02-13T15:33:43.234543 Received request from 102.23.55.32 for /example
2006-02-13T15:33:44.726534 Started database query for table users
2019-02-13T15:33:44.038472 Completed database query for table users
2019-02-13T15:33:43.234543 Received request from 102.23.55.32 for /example
2009-02-13T15:33:44.726534 Started database query for table users
2019-02-13T15:33:44.038472 Completed database query for table users
2019-02-13T15:33:43.234543 Received request from 102.23.55.32 for /example
2018-02-13T15:33:44.726534 Started database query for table users
2019-02-13T15:33:44.038472 Completed database query for table users
2019-02-13T15:33:43.234543 Received request from 102.23.55.32 for /example
2012-02-13T15:33:44.726534 Started database query for table users
2019-02-13T15:33:44.038472 Completed database query for table users
2019-02-13T15:33:43.234543 Received request from 102.23.55.32 for /example
2019-02-13T15:33:44.726534 Started database query for table users
2019-02-13T15:33:44.038472 Completed database query for table users
2015-02-13T15:33:43.234543 Received request from 102.23.55.32 for /example
2019-02-13T15:33:44.726534 Started database query for table users
2019-02-13T15:33:44.038472 Completed database query for table users
2019-02-13T15:33:43.234543 Received request from 102.23.55.32 for /example
2019-02-13T15:33:44.726534 Started database query for table users
2019-02-13T15:33:44.038472 Completed database query for table users
2019-02-13T15:33:43.234543 Received request from 102.23.55.32 for /example
2019-02-13T15:33:44.726534 Started database query for table users
2019-02-13T15:33:44.038472 Completed database query for table users
2019-02-13T15:33:43.234543 Received request from 102.23.55.32 for /example
2019-02-13T15:33:44.726534 Started database query for table users
2019-02-13T15:33:44.038472 Completed database query for table users
2019-02-13T15:33:43.234543 Received request from 102.23.55.32 for /example
2019-02-13T15:33:44.726534 Started database query for table users
2019-02-13T15:33:44.038472 Completed database query for table users
2019-02-13T15:33:43.234543 Received request from 102.23.55.32 for /example
2019-02-13T15:33:44.726534 Started database query for table users
2019-02-13T15:33:44.038472 Completed database query for table users
2019-02-13T15:33:43.234543 Received request from 102.23.55.32 for /example
2019-02-13T15:33:44.726534 Started database query for table users
2019-02-13T15:33:44.038472 Completed database query for table users
2019-02-13T15:33:43.234543 Received request from 102.23.55.32 for /example
2019-02-13T15:33:44.726534 Started database query for table users
2019-02-13T15:33:44.038472 Completed database query for table users
2019-02-13T15:33:43.234543 Received request from 102.23.55.32 for /example
2006-02-13T15:33:44.726534 Started database query for table users
2019-02-13T15:33:44.038472 Completed database query for table users
2019-02-13T15:33:43.234543 Received request from 102.23.55.32 for /example
2009-02-13T15:33:44.726534 Started database query for table users
2019-02-13T15:33:44.038472 Completed database query for table users
2019-02-13T15:33:43.234543 Received request from 102.23.55.32 for /example
2018-02-13T15:33:44.726534 Started database query for table users
2019-02-13T15:33:44.038472 Completed database query for table users
2019-02-13T15:33:43.234543 Received request from 102.23.55.32 for /example
2012-02-13T15:33:44.726534 Started database query for table users
2019-02-13T15:33:44.038472 Completed database query for table users
2019-02-13T15:33:43.234543 Received request from 102.23.55.32 for /example
2019-02-13T15:33:44.726534 Started database query for table users
2019-02-13T15:33:44.038472 Completed database query for table users
2015-02-13T15:33:43.234543 Received request from 102.23.55.32 for /example
2019-02-13T15:33:44.726534 Started database query for table users
2019-02-13T15:33:44.038472 Completed database query for table users
2019-02-13T15:33:43.234543 Received request from 102.23.55.32 for /example
2019-02-13T15:33:44.726534 Started database query for table users
2019-02-13T15:33:44.038472 Completed database query for table users
2019-02-13T15:33:43.234543 Received request from 102.23.55.32 for /example
2019-02-13T15:33:44.726534 Started database query for table users
2019-02-13T15:33:44.038472 Completed database query for table users
2019-02-13T15:33:43.234543 Received request from 102.23.55.32 for /example
2019-02-13T15:33:44.726534 Started database query for table users
2019-02-13T15:33:44.038472 Completed database query for table users
2019-02-13T15:33:43.234543 Received request from 102.23.55.32 for /example
2019-02-13T15:33:44.726534 Started database query for table users
2019-02-13T15:33:44.038472 Completed database query for table users
2019-02-13T15:33:43.234543 Received request from 102.23.55.32 for /example
2019-02-13T15:33:44.726534 Started database query for table users
2019-02-13T15:33:44.038472 Completed database query for table users
2019-02-13T15:33:43.234543 Received request from 102.23.55.32 for /example
2019-02-13T15:33:44.726534 Started database query for table users
2019-02-13T15:33:44.038472 Completed database query for table users
2019-02-13T15:33:43.234543 Received request from 102.23.55.32 for /example
2019-02-13T15:33:44.726534 Started database query for table users
2019-02-13T15:33:44.038472 Completed database query for table users
2019-02-13T15:33:43.234543 Received request from 102.23.55.32 for /example
2006-02-13T15:33:44.726534 Started database query for table users
2019-02-13T15:33:44.038472 Completed database query for table users
2019-02-13T15:33:43.234543 Received request from 102.23.55.32 for /example
2009-02-13T15:33:44.726534 Started database query for table users
2019-02-13T15:33:44.038472 Completed database query for table users
2019-02-13T15:33:43.234543 Received request from 102.23.55.32 for /example
2018-02-13T15:33:44.726534 Started database query for table users
2019-02-13T15:33:44.038472 Completed database query for table users
2019-02-13T15:33:43.234543 Received request from 102.23.55.32 for /example
2012-02-13T15:33:44.726534 Started database query for table users
2019-02-13T15:33:44.038472 Completed database query for table users
2019-02-13T15:33:43.234543 Received request from 102.23.55.32 for /example
2019-02-13T15:33:44.726534 Started database query for table users
2019-02-13T15:33:44.038472 Completed database query for table users
2015-02-13T15:33:43.234543 Received request from 102.23.55.32 for /example
2019-02-13T15:33:44.726534 Started database query for table users
2019-02-13T15:33:44.038472 Completed database query for table users
2019-02-13T15:33:43.234543 Received request from 102.23.55.32 for /example
2019-02-13T15:33:44.726534 Started database query for table users
2019-02-13T15:33:44.038472 Completed database query for table users
2019-02-13T15:33:43.234543 Received request from 102.23.55.32 for /example
2019-02-13T15:33:44.726534 Started database query for table users
2019-02-13T15:33:44.038472 Completed database query for table users
2019-02-13T15:33:43.234543 Received request from 102.23.55.32 for /example
2019-02-13T15:33:44.726534 Started database query for table users
2019-02-13T15:33:44.038472 Completed database query for table users
2019-02-13T15:33:43.234543 Received request from 102.23.55.32 for /example
2019-02-13T15:33:44.726534 Started database query for table users
2019-02-13T15:33:44.038472 Completed database query for table users
2019-02-13T15:33:43.234543 Received request from 102.23.55.32 for /example
2019-02-13T15:33:44.726534 Started database query for table users
2019-02-13T15:33:44.038472 Completed database query for table users
2019-02-13T15:33:43.234543 Received request from 102.23.55.32 for /example
2019-02-13T15:33:44.726534 Started database query for table users
2019-02-13T15:33:44.038472 Completed database query for table users
2019-02-13T15:33:43.234543 Received request from 102.23.55.32 for /example
2019-02-13T15:33:44.726534 Started database query for table users
2019-02-13T15:33:44.038472 Completed database query for table users
2019-02-13T15:33:43.234543 Received request from 102.23.55.32 for /example
2006-02-13T15:33:44.726534 Started database query for table users
2019-02-13T15:33:44.038472 Completed database query for table users
2019-02-13T15:33:43.234543 Received request from 102.23.55.32 for /example
2009-02-13T15:33:44.726534 Started database query for table users
2019-02-13T15:33:44.038472 Completed database query for table users
2019-02-13T15:33:43.234543 Received request from 102.23.55.32 for /example
2018-02-13T15:33:44.726534 Started database query for table users
2019-02-13T15:33:44.038472 Completed database query for table users
2019-02-13T15:33:43.234543 Received request from 102.23.55.32 for /example
2012-02-13T15:33:44.726534 Started database query for table users
2019-02-13T15:33:44.038472 Completed database query for table users
2019-02-13T15:33:43.234543 Received request from 102.23.55.32 for /example
2019-02-13T15:33:44.726534 Started database query for table users
2019-02-13T15:33:44.038472 Completed database query for table users
2015-02-13T15:33:43.234543 Received request from 102.23.55.32 for /example
2019-02-13T15:33:44.726534 Started database query for table users
2019-02-13T15:33:44.038472 Completed database query for table users
2019-02-13T15:33:43.234543 Received request from 102.23.55.32 for /example
2019-02-13T15:33:44.726534 Started database query for table users
2019-02-13T15:33:44.038472 Completed database query for table users
2019-02-13T15:33:43.234543 Received request from 102.23.55.32 for /example
2019-02-13T15:33:44.726534 Started database query for table users
2019-02-13T15:33:44.038472 Completed database query for table users
2019-02-13T15:33:43.234543 Received request from 102.23.55.32 for /example
2019-02-13T15:33:44.726534 Started database query for table users
2019-02-13T15:33:44.038472 Completed database query for table users
2019-02-13T15:33:43.234543 Received request from 102.23.55.32 for /example
2019-02-13T15:33:44.726534 Started database query for table users
2019-02-13T15:33:44.038472 Completed database query for table users
2019-02-13T15:33:43.234543 Received request from 102.23.55.32 for /example
2019-02-13T15:33:44.726534 Started database query for table users
2019-02-13T15:33:44.038472 Completed database query for table users
2019-02-13T15:33:43.234543 Received request from 102.23.55.32 for /example
2019-02-13T15:33:44.726534 Started database query for table users
2019-02-13T15:33:44.038472 Completed database query for table users
2019-02-13T15:33:43.234543 Received request from 102.23.55.32 for /example
2019-02-13T15:33:44.726534 Started database query for table users
2019-02-13T15:33:44.038472 Completed database query for table users
2019-02-13T15:33:43.234543 Received request from 102.23.55.32 for /example
2006-02-13T15:33:44.726534 Started database query for table users
2019-02-13T15:33:44.038472 Completed database query for table users
2019-02-13T15:33:43.234543 Received request from 102.23.55.32 for /example
2009-02-13T15:33:44.726534 Started database query for table users
2019-02-13T15:33:44.038472 Completed database query for table users
2019-02-13T15:33:43.234543 Received request from 102.23.55.32 for /example
2018-02-13T15:33:44.726534 Started database query for table users
2019-02-13T15:33:44.038472 Completed database query for table users
2019-02-13T15:33:43.234543 Received request from 102.23.55.32 for /example
2012-02-13T15:33:44.726534 Started database query for table users
2019-02-13T15:33:44.038472 Completed database query for table users
2019-02-13T15:33:43.234543 Received request from 102.23.55.32 for /example
2019-02-13T15:33:44.726534 Started database query for table users
2019-02-13T15:33:44.038472 Completed database query for table users
2015-02-13T15:33:43.234543 Received request from 102.23.55.32 for /example
2019-02-13T15:33:44.726534 Started database query for table users
2019-02-13T15:33:44.038472 Completed database query for table users
2019-02-13T15:33:43.234543 Received request from 102.23.55.32 for /example
2019-02-13T15:33:44.726534 Started database query for table users
2019-02-13T15:33:44.038472 Completed database query for table users
2019-02-13T15:33:43.234543 Received request from 102.23.55.32 for /example
2019-02-13T15:33:44.726534 Started database query for table users
2019-02-13T15:33:44.038472 Completed database query for table users
2019-02-13T15:33:43.234543 Received request from 102.23.55.32 for /example
2019-02-13T15:33:44.726534 Started database query for table users
2019-02-13T15:33:44.038472 Completed database query for table users
2019-02-13T15:33:43.234543 Received request from 102.23.55.32 for /example
2019-02-13T15:33:44.726534 Started database query for table users
2019-02-13T15:33:44.038472 Completed database query for table users
2019-02-13T15:33:43.234543 Received request from 102.23.55.32 for /example
2019-02-13T15:33:44.726534 Started database query for table users
2019-02-13T15:33:44.038472 Completed database query for table users
2019-02-13T15:33:43.234543 Received request from 102.23.55.32 for /example
2019-02-13T15:33:44.726534 Started database query for table users
2019-02-13T15:33:44.038472 Completed database query for table users
2019-02-13T15:33:43.234543 Received request from 102.23.55.32 for /example
2019-02-13T15:33:44.726534 Started database query for table users
2019-02-13T15:33:44.038472 Completed database query for table users
2019-02-13T15:33:43.234543 Received request from 102.23.55.32 for /example
2006-02-13T15:33:44.726534 Started database query for table users
2019-02-13T15:33:44.038472 Completed database query for table users
2019-02-13T15:33:43.234543 Received request from 102.23.55.32 for /example
2009-02-13T15:33:44.726534 Started database query for table users
2019-02-13T15:33:44.038472 Completed database query for table users
2019-02-13T15:33:43.234543 Received request from 102.23.55.32 for /example
2018-02-13T15:33:44.726534 Started database query for table users
2019-02-13T15:33:44.038472 Completed database query for table users
2019-02-13T15:33:43.234543 Received request from 102.23.55.32 for /example
2012-02-13T15:33:44.726534 Started database query for table users
2019-02-13T15:33:44.038472 Completed database query for table users
2019-02-13T15:33:43.234543 Received request from 102.23.55.32 for /example
2019-02-13T15:33:44.726534 Started database query for table users
2019-02-13T15:33:44.038472 Completed database query for table users
2015-02-13T15:33:43.234543 Received request from 102.23.55.32 for /example
2019-02-13T15:33:44.726534 Started database query for table users
2019-02-13T15:33:44.038472 Completed database query for table users
2019-02-13T15:33:43.234543 Received request from 102.23.55.32 for /example
2019-02-13T15:33:44.726534 Started database query for table users
2019-02-13T15:33:44.038472 Completed database query for table users
2019-02-13T15:33:43.234543 Received request from 102.23.55.32 for /example
2019-02-13T15:33:44.726534 Started database query for table users
2019-02-13T15:33:44.038472 Completed database query for table users
2019-02-13T15:33:43.234543 Received request from 102.23.55.32 for /example
2019-02-13T15:33:44.726534 Started database query for table users
2019-02-13T15:33:44.038472 Completed database query for table users
2019-02-13T15:33:43.234543 Received request from 102.23.55.32 for /example
2019-02-13T15:33:44.726534 Started database query for table users
2019-02-13T15:33:44.038472 Completed database query for table users
2019-02-13T15:33:43.234543 Received request from 102.23.55.32 for /example
2019-02-13T15:33:44.726534 Started database query for table users
2019-02-13T15:33:44.038472 Completed database query for table users
2019-02-13T15:33:43.234543 Received request from 102.23.55.32 for /example
2019-02-13T15:33:44.726534 Started database query for table users
2019-02-13T15:33:44.038472 Completed database query for table users
2019-02-13T15:33:43.234543 Received request from 102.23.55.32 for /example
2019-02-13T15:33:44.726534 Started database query for table users
2019-02-13T15:33:44.038472 Completed database query for table users
2019-02-13T15:33:43.234543 Received request from 102.23.55.32 for /example
2006-02-13T15:33:44.726534 Started database query for table users
2019-02-13T15:33:44.038472 Completed database query for table users
2019-02-13T15:33:43.234543 Received request from 102.23.55.32 for /example
2009-02-13T15:33:44.726534 Started database query for table users
2019-02-13T15:33:44.038472 Completed database query for table users
2019-02-13T15:33:43.234543 Received request from 102.23.55.32 for /example
2018-02-13T15:33:44.726534 Started database query for table users
2019-02-13T15:33:44.038472 Completed database query for table users
2019-02-13T15:33:43.234543 Received request from 102.23.55.32 for /example
2012-02-13T15:33:44.726534 Started database query for table users
2019-02-13T15:33:44.038472 Completed database query for table users
2019-02-13T15:33:43.234543 Received request from 102.23.55.32 for /example
2019-02-13T15:33:44.726534 Started database query for table users
2019-02-13T15:33:44.038472 Completed database query for table users
2015-02-13T15:33:43.234543 Received request from 102.23.55.32 for /example
2019-02-13T15:33:44.726534 Started database query for table users
2019-02-13T15:33:44.038472 Completed database query for table users
2019-02-13T15:33:43.234543 Received request from 102.23.55.32 for /example
2019-02-13T15:33:44.726534 Started database query for table users
2019-02-13T15:33:44.038472 Completed database query for table users
2019-02-13T15:33:43.234543 Received request from 102.23.55.32 for /example
2019-02-13T15:33:44.726534 Started database query for table users
2019-02-13T15:33:44.038472 Completed database query for table users
2019-02-13T15:33:43.234543 Received request from 102.23.55.32 for /example
2019-02-13T15:33:44.726534 Started database query for table users
2019-02-13T15:33:44.038472 Completed database query for table users
2019-02-13T15:33:43.234543 Received request from 102.23.55.32 for /example
2019-02-13T15:33:44.726534 Started database query for table users
2019-02-13T15:33:44.038472 Completed database query for table users
2019-02-13T15:33:43.234543 Received request from 102.23.55.32 for /example
2019-02-13T15:33:44.726534 Started database query for table users
2019-02-13T15:33:44.038472 Completed database query for table users
2019-02-13T15:33:43.234543 Received request from 102.23.55.32 for /example
2019-02-13T15:33:44.726534 Started database query for table users
2019-02-13T15:33:44.038472 Completed database query for table users
2019-02-13T15:33:43.234543 Received request from 102.23.55.32 for /example
2019-02-13T15:33:44.726534 Started database query for table users
2019-02-13T15:33:44.038472 Completed database query for table users
2019-02-13T15:33:43.234543 Received request from 102.23.55.32 for /example
2006-02-13T15:33:44.726534 Started database query for table users
2019-02-13T15:33:44.038472 Completed database query for table users
2019-02-13T15:33:43.234543 Received request from 102.23.55.32 for /example
2009-02-13T15:33:44.726534 Started database query for table users
2019-02-13T15:33:44.038472 Completed database query for table users
2019-02-13T15:33:43.234543 Received request from 102.23.55.32 for /example
2018-02-13T15:33:44.726534 Started database query for table users
2019-02-13T15:33:44.038472 Completed database query for table users
2019-02-13T15:33:43.234543 Received request from 102.23.55.32 for /example
2012-02-13T15:33:44.726534 Started database query for table users
2019-02-13T15:33:44.038472 Completed database query for table users
2019-02-13T15:33:43.234543 Received request from 102.23.55.32 for /example
2019-02-13T15:33:44.726534 Started database query for table users
2019-02-13T15:33:44.038472 Completed database query for table users
2015-02-13T15:33:43.234543 Received request from 102.23.55.32 for /example
2019-02-13T15:33:44.726534 Started database query for table users
2019-02-13T15:33:44.038472 Completed database query for table users
2019-02-13T15:33:43.234543 Received request from 102.23.55.32 for /example
2019-02-13T15:33:44.726534 Started database query for table users
2019-02-13T15:33:44.038472 Completed database query for table users
2019-02-13T15:33:43.234543 Received request from 102.23.55.32 for /example
2019-02-13T15:33:44.726534 Started database query for table users
2019-02-13T15:33:44.038472 Completed database query for table users
2019-02-13T15:33:43.234543 Received request from 102.23.55.32 for /example
2019-02-13T15:33:44.726534 Started database query for table users
2019-02-13T15:33:44.038472 Completed database query for table users
2019-02-13T15:33:43.234543 Received request from 102.23.55.32 for /example
2019-02-13T15:33:44.726534 Started database query for table users
2019-02-13T15:33:44.038472 Completed database query for table users
2019-02-13T15:33:43.234543 Received request from 102.23.55.32 for /example
2019-02-13T15:33:44.726534 Started database query for table users
2019-02-13T15:33:44.038472 Completed database query for table users
2019-02-13T15:33:43.234543 Received request from 102.23.55.32 for /example
2019-02-13T15:33:44.726534 Started database query for table users
2019-02-13T15:33:44.038472 Completed database query for table users
2019-02-13T15:33:43.234543 Received request from 102.23.55.32 for /example
2019-02-13T15:33:44.726534 Started database query for table users
2019-02-13T15:33:44.038472 Completed database query for table users
2019-02-13T15:33:43.234543 Received request from 102.23.55.32 for /example
2006-02-13T15:33:44.726534 Started database query for table users
2019-02-13T15:33:44.038472 Completed database query for table users
2019-02-13T15:33:43.234543 Received request from 102.23.55.32 for /example
2009-02-13T15:33:44.726534 Started database query for table users
2019-02-13T15:33:44.038472 Completed database query for table users
2019-02-13T15:33:43.234543 Received request from 102.23.55.32 for /example
2018-02-13T15:33:44.726534 Started database query for table users
2019-02-13T15:33:44.038472 Completed database query for table users
2019-02-13T15:33:43.234543 Received request from 102.23.55.32 for /example
2012-02-13T15:33:44.726534 Started database query for table users
2019-02-13T15:33:44.038472 Completed database query for table users
2019-02-13T15:33:43.234543 Received request from 102.23.55.32 for /example
2019-02-13T15:33:44.726534 Started database query for table users
2019-02-13T15:33:44.038472 Completed database query for table users
2015-02-13T15:33:43.234543 Received request from 102.23.55.32 for /example
2019-02-13T15:33:44.726534 Started database query for table users
2019-02-13T15:33:44.038472 Completed database query for table users
2019-02-13T15:33:43.234543 Received request from 102.23.55.32 for /example
2019-02-13T15:33:44.726534 Started database query for table users
2019-02-13T15:33:44.038472 Completed database query for table users
2019-02-13T15:33:43.234543 Received request from 102.23.55.32 for /example
2019-02-13T15:33:44.726534 Started database query for table users
2019-02-13T15:33:44.038472 Completed database query for table users
2019-02-13T15:33:43.234543 Received request from 102.23.55.32 for /example
2019-02-13T15:33:44.726534 Started database query for table users
2019-02-13T15:33:44.038472 Completed database query for table users
2019-02-13T15:33:43.234543 Received request from 102.23.55.32 for /example
2019-02-13T15:33:44.726534 Started database query for table users
2019-02-13T15:33:44.038472 Completed database query for table users
2019-02-13T15:33:43.234543 Received request from 102.23.55.32 for /example
2019-02-13T15:33:44.726534 Started database query for table users
2019-02-13T15:33:44.038472 Completed database query for table users
2019-02-13T15:33:43.234543 Received request from 102.23.55.32 for /example
2019-02-13T15:33:44.726534 Started database query for table users
2019-02-13T15:33:44.038472 Completed database query for table users
2019-02-13T15:33:43.234543 Received request from 102.23.55.32 for /example
2019-02-13T15:33:44.726534 Started database query for table users
2019-02-13T15:33:44.038472 Completed database query for table users
2019-02-13T15:33:43.234543 Received request from 102.23.55.32 for /example
2006-02-13T15:33:44.726534 Started database query for table users
2019-02-13T15:33:44.038472 Completed database query for table users
2019-02-13T15:33:43.234543 Received request from 102.23.55.32 for /example
2009-02-13T15:33:44.726534 Started database query for table users
2019-02-13T15:33:44.038472 Completed database query for table users
2019-02-13T15:33:43.234543 Received request from 102.23.55.32 for /example
2018-02-13T15:33:44.726534 Started database query for table users
2019-02-13T15:33:44.038472 Completed database query for table users
2019-02-13T15:33:43.234543 Received request from 102.23.55.32 for /example
2012-02-13T15:33:44.726534 Started database query for table users
2019-02-13T15:33:44.038472 Completed database query for table users
2019-02-13T15:33:43.234543 Received request from 102.23.55.32 for /example
2019-02-13T15:33:44.726534 Started database query for table users
2019-02-13T15:33:44.038472 Completed database query for table users
2015-02-13T15:33:43.234543 Received request from 102.23.55.32 for /example
2019-02-13T15:33:44.726534 Started database query for table users
2019-02-13T15:33:44.038472 Completed database query for table users
2019-02-13T15:33:43.234543 Received request from 102.23.55.32 for /example
2019-02-13T15:33:44.726534 Started database query for table users
2019-02-13T15:33:44.038472 Completed database query for table users
2019-02-13T15:33:43.234543 Received request from 102.23.55.32 for /example
2019-02-13T15:33:44.726534 Started database query for table users
2019-02-13T15:33:44.038472 Completed database query for table users
2019-02-13T15:33:43.234543 Received request from 102.23.55.32 for /example
2019-02-13T15:33:44.726534 Started database query for table users
2019-02-13T15:33:44.038472 Completed database query for table users
2019-02-13T15:33:43.234543 Received request from 102.23.55.32 for /example
2019-02-13T15:33:44.726534 Started database query for table users
2019-02-13T15:33:44.038472 Completed database query for table users
2019-02-13T15:33:43.234543 Received request from 102.23.55.32 for /example
2019-02-13T15:33:44.726534 Started database query for table users
2019-02-13T15:33:44.038472 Completed database query for table users
2019-02-13T15:33:43.234543 Received request from 102.23.55.32 for /example
2019-02-13T15:33:44.726534 Started database query for table users
2019-02-13T15:33:44.038472 Completed database query for table users
2019-02-13T15:33:43.234543 Received request from 102.23.55.32 for /example
2019-02-13T15:33:44.726534 Started database query for table users
2019-02-13T15:33:44.038472 Completed database query for table users
2019-02-13T15:33:43.234543 Received request from 102.23.55.32 for /example
2006-02-13T15:33:44.726534 Started database query for table users
2019-02-13T15:33:44.038472 Completed database query for table users
2019-02-13T15:33:43.234543 Received request from 102.23.55.32 for /example
2009-02-13T15:33:44.726534 Started database query for table users
2019-02-13T15:33:44.038472 Completed database query for table users
2019-02-13T15:33:43.234543 Received request from 102.23.55.32 for /example
2018-02-13T15:33:44.726534 Started database query for table users
2019-02-13T15:33:44.038472 Completed database query for table users
2019-02-13T15:33:43.234543 Received request from 102.23.55.32 for /example
2012-02-13T15:33:44.726534 Started database query for table users
2019-02-13T15:33:44.038472 Completed database query for table users
2019-02-13T15:33:43.234543 Received request from 102.23.55.32 for /example
2019-02-13T15:33:44.726534 Started database query for table users
2019-02-13T15:33:44.038472 Completed database query for table users
2015-02-13T15:33:43.234543 Received request from 102.23.55.32 for /example
2019-02-13T15:33:44.726534 Started database query for table users
2019-02-13T15:33:44.038472 Completed database query for table users
2019-02-13T15:33:43.234543 Received request from 102.23.55.32 for /example
2019-02-13T15:33:44.726534 Started database query for table users
2019-02-13T15:33:44.038472 Completed database query for table users
2019-02-13T15:33:43.234543 Received request from 102.23.55.32 for /example
2019-02-13T15:33:44.726534 Started database query for table users
2019-02-13T15:33:44.038472 Completed database query for table users
2019-02-13T15:33:43.234543 Received request from 102.23.55.32 for /example
2019-02-13T15:33:44.726534 Started database query for table users
2019-02-13T15:33:44.038472 Completed database query for table users
2019-02-13T15:33:43.234543 Received request from 102.23.55.32 for /example
2019-02-13T15:33:44.726534 Started database query for table users
2019-02-13T15:33:44.038472 Completed database query for table users
2019-02-13T15:33:43.234543 Received request from 102.23.55.32 for /example
2019-02-13T15:33:44.726534 Started database query for table users
2019-02-13T15:33:44.038472 Completed database query for table users
2019-02-13T15:33:43.234543 Received request from 102.23.55.32 for /example
2019-02-13T15:33:44.726534 Started database query for table users
2019-02-13T15:33:44.038472 Completed database query for table users
2019-02-13T15:33:43.234543 Received request from 102.23.55.32 for /examp